Java HotSpot(TM) 64-Bit Server VM (25.161-b12) for bsd-amd64 JRE (1.8.0_161-b12), built on Dec 19 2017 16:22:20 by "java_re" with gcc 4.2.1 (Based on Apple Inc. build 5658) (LLVM build 2336.11.00)
Memory: 4k page, physical 16777216k(373544k free)

/proc/meminfo:

CommandLine flags: -XX:+HeapDumpOnOutOfMemoryError -XX:HeapDumpPath=/Users/colonelhou/Documents/company/wksp/MacOS-JAVA/src/main/java/com/java/jvm/hprof -XX:InitialHeapSize=10485760 -XX:MaxHeapSize=10485760 -XX:MaxNewSize=2097152 -XX:NewSize=2097152 -XX:+PrintGC -XX:+PrintGCDetails -XX:+PrintGCTimeStamps -XX:SurvivorRatio=8 -XX:+UseCompressedClassPointers -XX:+UseCompressedOops -XX:+UseParallelGC 
0.139: [GC (Allocation Failure) [PSYoungGen: 1024K->506K(1536K)] 1024K->530K(9728K), 0.0012948 secs] [Times: user=0.00 sys=0.00, real=0.00 secs] 
0.208: [GC (Allocation Failure) [PSYoungGen: 1528K->490K(1536K)] 1552K->844K(9728K), 0.0016177 secs] [Times: user=0.00 sys=0.00, real=0.00 secs] 
0.230: [GC (Allocation Failure) [PSYoungGen: 1502K->506K(1536K)] 1856K->1102K(9728K), 0.0012876 secs] [Times: user=0.00 sys=0.00, real=0.00 secs] 
0.241: [GC (Allocation Failure) [PSYoungGen: 1530K->506K(1536K)] 2126K->1228K(9728K), 0.0008532 secs] [Times: user=0.00 sys=0.00, real=0.00 secs] 
0.265: [GC (Allocation Failure) [PSYoungGen: 1530K->512K(1536K)] 2252K->1551K(9728K), 0.0011104 secs] [Times: user=0.00 sys=0.00, real=0.00 secs] 
0.300: [GC (Allocation Failure) [PSYoungGen: 1535K->512K(1536K)] 2574K->1846K(9728K), 0.0010907 secs] [Times: user=0.00 sys=0.00, real=0.00 secs] 
0.301: [GC (Allocation Failure) [PSYoungGen: 1528K->402K(1536K)] 2862K->1961K(9728K), 0.0005120 secs] [Times: user=0.00 sys=0.00, real=0.00 secs] 
0.302: [GC (Allocation Failure) [PSYoungGen: 1422K->320K(1536K)] 2981K->1974K(9728K), 0.0010068 secs] [Times: user=0.01 sys=0.00, real=0.01 secs] 
0.303: [GC (Allocation Failure) [PSYoungGen: 1331K->96K(1536K)] 2985K->1996K(9728K), 0.0009646 secs] [Times: user=0.00 sys=0.00, real=0.00 secs] 
0.305: [GC (Allocation Failure) [PSYoungGen: 1109K->128K(1536K)] 3010K->2043K(9728K), 0.0003040 secs] [Times: user=0.00 sys=0.00, real=0.00 secs] 
0.305: [GC (Allocation Failure) [PSYoungGen: 1137K->136K(1536K)] 3052K->2076K(9728K), 0.0002747 secs] [Times: user=0.00 sys=0.00, real=0.00 secs] 
0.306: [GC (Allocation Failure) [PSYoungGen: 1132K->54K(1536K)] 3071K->2009K(9728K), 0.0002604 secs] [Times: user=0.00 sys=0.00, real=0.00 secs] 
0.306: [GC (Allocation Failure) [PSYoungGen: 1064K->87K(1536K)] 3020K->2043K(9728K), 0.0004322 secs] [Times: user=0.00 sys=0.00, real=0.00 secs] 
0.307: [GC (Allocation Failure) [PSYoungGen: 1096K->121K(1536K)] 3051K->2101K(9728K), 0.0003202 secs] [Times: user=0.00 sys=0.00, real=0.00 secs] 
0.308: [GC (Allocation Failure) [PSYoungGen: 1112K->96K(1536K)] 3092K->2091K(9728K), 0.0002831 secs] [Times: user=0.00 sys=0.00, real=0.00 secs] 
0.308: [GC (Allocation Failure) [PSYoungGen: 1113K->92K(1536K)] 3109K->2103K(9728K), 0.0002588 secs] [Times: user=0.00 sys=0.00, real=0.00 secs] 
0.309: [GC (Allocation Failure) [PSYoungGen: 1100K->120K(1536K)] 3111K->2140K(9728K), 0.0003458 secs] [Times: user=0.00 sys=0.00, real=0.00 secs] 
0.309: [GC (Allocation Failure) [PSYoungGen: 1115K->157K(1536K)] 3134K->2177K(9728K), 0.0008024 secs] [Times: user=0.00 sys=0.00, real=0.00 secs] 
0.310: [GC (Allocation Failure) [PSYoungGen: 1128K->160K(1536K)] 3148K->2196K(9728K), 0.0003351 secs] [Times: user=0.00 sys=0.00, real=0.00 secs] 
0.311: [GC (Allocation Failure) [PSYoungGen: 1166K->228K(1536K)] 3202K->2279K(9728K), 0.0002779 secs] [Times: user=0.00 sys=0.00, real=0.00 secs] 
0.311: [GC (Allocation Failure) [PSYoungGen: 1240K->162K(1536K)] 3291K->2238K(9728K), 0.0002552 secs] [Times: user=0.00 sys=0.00, real=0.00 secs] 
0.312: [GC (Allocation Failure) [PSYoungGen: 1168K->131K(1536K)] 3244K->2239K(9728K), 0.0006298 secs] [Times: user=0.00 sys=0.00, real=0.00 secs] 
0.313: [GC (Allocation Failure) [PSYoungGen: 1132K->174K(1536K)] 3239K->2297K(9728K), 0.0008214 secs] [Times: user=0.01 sys=0.00, real=0.01 secs] 
0.314: [GC (Allocation Failure) [PSYoungGen: 1164K->107K(1536K)] 3287K->2247K(9728K), 0.0008295 secs] [Times: user=0.00 sys=0.00, real=0.00 secs] 
0.315: [GC (Allocation Failure) [PSYoungGen: 1126K->180K(1536K)] 3266K->2319K(9728K), 0.0009053 secs] [Times: user=0.00 sys=0.00, real=0.00 secs] 
0.316: [GC (Allocation Failure) [PSYoungGen: 1186K->103K(1536K)] 3326K->2259K(9728K), 0.0006598 secs] [Times: user=0.00 sys=0.00, real=0.00 secs] 
0.317: [GC (Allocation Failure) [PSYoungGen: 1092K->72K(1536K)] 3247K->2244K(9728K), 0.0008156 secs] [Times: user=0.01 sys=0.00, real=0.00 secs] 
0.318: [GC (Allocation Failure) [PSYoungGen: 1086K->137K(1536K)] 3258K->2309K(9728K), 0.0007869 secs] [Times: user=0.00 sys=0.00, real=0.00 secs] 
0.319: [GC (Allocation Failure) [PSYoungGen: 1133K->159K(1536K)] 3305K->2339K(9728K), 0.0008645 secs] [Times: user=0.00 sys=0.00, real=0.00 secs] 
0.321: [GC (Allocation Failure) [PSYoungGen: 1133K->183K(1536K)] 3313K->2370K(9728K), 0.0008367 secs] [Times: user=0.00 sys=0.00, real=0.00 secs] 
0.322: [GC (Allocation Failure) [PSYoungGen: 1173K->229K(1536K)] 3361K->2432K(9728K), 0.0008074 secs] [Times: user=0.01 sys=0.00, real=0.00 secs] 
0.323: [GC (Allocation Failure) [PSYoungGen: 1239K->154K(1536K)] 3442K->2374K(9728K), 0.0008248 secs] [Times: user=0.00 sys=0.00, real=0.00 secs] 
0.324: [GC (Allocation Failure) [PSYoungGen: 1089K->124K(1536K)] 3309K->2359K(9728K), 0.0008370 secs] [Times: user=0.00 sys=0.00, real=0.00 secs] 
0.325: [GC (Allocation Failure) [PSYoungGen: 1077K->157K(1536K)] 3313K->2393K(9728K), 0.0008096 secs] [Times: user=0.00 sys=0.00, real=0.00 secs] 
0.326: [GC (Allocation Failure) [PSYoungGen: 1127K->159K(1536K)] 3362K->2403K(9728K), 0.0008527 secs] [Times: user=0.00 sys=0.00, real=0.00 secs] 
0.327: [GC (Allocation Failure) [PSYoungGen: 1144K->161K(1536K)] 3388K->2412K(9728K), 0.0007664 secs] [Times: user=0.01 sys=0.00, real=0.00 secs] 
0.329: [GC (Allocation Failure) [PSYoungGen: 1162K->162K(1536K)] 3413K->2430K(9728K), 0.0007982 secs] [Times: user=0.00 sys=0.00, real=0.00 secs] 
0.330: [GC (Allocation Failure) [PSYoungGen: 1177K->132K(1536K)] 3445K->2423K(9728K), 0.0008188 secs] [Times: user=0.00 sys=0.00, real=0.00 secs] 
0.331: [GC (Allocation Failure) [PSYoungGen: 1114K->114K(1536K)] 3406K->2406K(9728K), 0.0008532 secs] [Times: user=0.00 sys=0.00, real=0.00 secs] 
0.332: [GC (Allocation Failure) [PSYoungGen: 1111K->218K(1536K)] 3403K->2526K(9728K), 0.0008733 secs] [Times: user=0.01 sys=0.00, real=0.00 secs] 
0.333: [GC (Allocation Failure) [PSYoungGen: 1177K->168K(1536K)] 3485K->2484K(9728K), 0.0008925 secs] [Times: user=0.00 sys=0.00, real=0.00 secs] 
0.342: [GC (Allocation Failure) [PSYoungGen: 1144K->223K(1536K)] 3460K->2538K(9728K), 0.0006837 secs] [Times: user=0.00 sys=0.00, real=0.00 secs] 
0.343: [GC (Allocation Failure) [PSYoungGen: 1205K->139K(1536K)] 3521K->2479K(9728K), 0.0004716 secs] [Times: user=0.01 sys=0.00, real=0.01 secs] 
0.344: [GC (Allocation Failure) [PSYoungGen: 1135K->195K(1536K)] 3474K->2535K(9728K), 0.0005662 secs] [Times: user=0.00 sys=0.00, real=0.00 secs] 
0.345: [GC (Allocation Failure) [PSYoungGen: 1204K->197K(1536K)] 3543K->2537K(9728K), 0.0003074 secs] [Times: user=0.00 sys=0.00, real=0.00 secs] 
0.345: [GC (Allocation Failure) [PSYoungGen: 1219K->199K(1536K)] 3558K->2539K(9728K), 0.0002738 secs] [Times: user=0.00 sys=0.00, real=0.00 secs] 
0.346: [GC (Allocation Failure) [PSYoungGen: 1177K->88K(1536K)] 3517K->2428K(9728K), 0.0002689 secs] [Times: user=0.00 sys=0.00, real=0.00 secs] 
0.346: [GC (Allocation Failure) [PSYoungGen: 1078K->204K(1536K)] 3417K->2543K(9728K), 0.0002810 secs] [Times: user=0.00 sys=0.00, real=0.00 secs] 
0.347: [GC (Allocation Failure) [PSYoungGen: 1147K->206K(1536K)] 3486K->2545K(9728K), 0.0002461 secs] [Times: user=0.00 sys=0.00, real=0.00 secs] 
0.347: [GC (Allocation Failure) [PSYoungGen: 1159K->149K(1536K)] 3498K->2488K(9728K), 0.0002653 secs] [Times: user=0.00 sys=0.00, real=0.00 secs] 
0.348: [GC (Allocation Failure) [PSYoungGen: 1112K->150K(1536K)] 3452K->2490K(9728K), 0.0007952 secs] [Times: user=0.00 sys=0.00, real=0.00 secs] 
0.349: [GC (Allocation Failure) [PSYoungGen: 1124K->211K(1536K)] 3463K->2551K(9728K), 0.0002777 secs] [Times: user=0.00 sys=0.00, real=0.00 secs] 
0.349: [GC (Allocation Failure) [PSYoungGen: 1195K->213K(1536K)] 3535K->2553K(9728K), 0.0002872 secs] [Times: user=0.00 sys=0.00, real=0.00 secs] 
0.350: [GC (Allocation Failure) [PSYoungGen: 1207K->215K(1536K)] 3547K->2555K(9728K), 0.0002836 secs] [Times: user=0.00 sys=0.00, real=0.00 secs] 
0.350: [GC (Allocation Failure) [PSYoungGen: 1220K->217K(1536K)] 3559K->2557K(9728K), 0.0002696 secs] [Times: user=0.00 sys=0.00, real=0.00 secs] 
0.351: [GC (Allocation Failure) [PSYoungGen: 1232K->219K(1536K)] 3571K->2559K(9728K), 0.0002659 secs] [Times: user=0.01 sys=0.00, real=0.00 secs] 
0.353: [GC (Allocation Failure) [PSYoungGen: 1181K->95K(1536K)] 3520K->2434K(9728K), 0.0005682 secs] [Times: user=0.00 sys=0.00, real=0.01 secs] 
0.354: [GC (Allocation Failure) [PSYoungGen: 1065K->222K(1536K)] 3405K->2562K(9728K), 0.0003276 secs] [Times: user=0.00 sys=0.00, real=0.00 secs] 
0.354: [GC (Allocation Failure) [PSYoungGen: 1138K->224K(1536K)] 3478K->2564K(9728K), 0.0003040 secs] [Times: user=0.00 sys=0.00, real=0.00 secs] 
0.355: [GC (Allocation Failure) [PSYoungGen: 1213K->96K(1536K)] 3552K->2436K(9728K), 0.0002683 secs] [Times: user=0.00 sys=0.00, real=0.00 secs] 
0.355: [GC (Allocation Failure) [PSYoungGen: 1094K->228K(1536K)] 3433K->2567K(9728K), 0.0002650 secs] [Times: user=0.00 sys=0.00, real=0.00 secs] 
0.356: [GC (Allocation Failure) [PSYoungGen: 1168K->230K(1536K)] 3508K->2569K(9728K), 0.0002774 secs] [Times: user=0.00 sys=0.00, real=0.00 secs] 
0.356: [GC (Allocation Failure) [PSYoungGen: 1244K->98K(1536K)] 3584K->2438K(9728K), 0.0002693 secs] [Times: user=0.00 sys=0.00, real=0.00 secs] 
0.357: [GC (Allocation Failure) [PSYoungGen: 1122K->233K(1536K)] 3461K->2572K(9728K), 0.0002554 secs] [Times: user=0.00 sys=0.00, real=0.00 secs] 
0.357: [GC (Allocation Failure) [PSYoungGen: 1198K->167K(1536K)] 3538K->2507K(9728K), 0.0007846 secs] [Times: user=0.00 sys=0.00, real=0.00 secs] 
0.358: [GC (Allocation Failure) [PSYoungGen: 1140K->236K(1536K)] 3479K->2576K(9728K), 0.0002665 secs] [Times: user=0.00 sys=0.00, real=0.00 secs] 
0.359: [GC (Allocation Failure) [PSYoungGen: 1217K->169K(1536K)] 3557K->2509K(9728K), 0.0004353 secs] [Times: user=0.00 sys=0.00, real=0.00 secs] 
0.359: [GC (Allocation Failure) [PSYoungGen: 1158K->240K(1536K)] 3497K->2579K(9728K), 0.0002640 secs] [Times: user=0.01 sys=0.00, real=0.00 secs] 
0.360: [GC (Allocation Failure) [PSYoungGen: 1236K->242K(1536K)] 3576K->2581K(9728K), 0.0002487 secs] [Times: user=0.00 sys=0.00, real=0.00 secs] 
0.360: [GC (Allocation Failure) [PSYoungGen: 1246K->243K(1536K)] 3585K->2583K(9728K), 0.0002639 secs] [Times: user=0.00 sys=0.00, real=0.00 secs] 
0.361: [GC (Allocation Failure) [PSYoungGen: 1255K->245K(1536K)] 3595K->2585K(9728K), 0.0002418 secs] [Times: user=0.00 sys=0.00, real=0.00 secs] 
0.361: [GC (Allocation Failure) [PSYoungGen: 1265K->246K(1536K)] 3604K->2586K(9728K), 0.0002364 secs] [Times: user=0.00 sys=0.00, real=0.00 secs] 
0.362: [GC (Allocation Failure) [PSYoungGen: 1202K->104K(1536K)] 3542K->2443K(9728K), 0.0007589 secs] [Times: user=0.00 sys=0.00, real=0.00 secs] 
0.363: [GC (Allocation Failure) [PSYoungGen: 1066K->250K(1536K)] 3406K->2589K(9728K), 0.0002729 secs] [Times: user=0.00 sys=0.00, real=0.01 secs] 
0.363: [GC (Allocation Failure) [PSYoungGen: 1146K->251K(1536K)] 3485K->2591K(9728K), 0.0002566 secs] [Times: user=0.00 sys=0.00, real=0.00 secs] 
0.363: [GC (Allocation Failure) [PSYoungGen: 1153K->179K(1536K)] 3492K->2519K(9728K), 0.0002419 secs] [Times: user=0.00 sys=0.00, real=0.00 secs] 
0.364: [GC (Allocation Failure) [PSYoungGen: 1086K->254K(1536K)] 3426K->2594K(9728K), 0.0002558 secs] [Times: user=0.00 sys=0.00, real=0.00 secs] 
0.364: [GC (Allocation Failure) [PSYoungGen: 1167K->255K(1536K)] 3507K->2595K(9728K), 0.0002734 secs] [Times: user=0.00 sys=0.00, real=0.00 secs] 
0.365: [GC (Allocation Failure) [PSYoungGen: 1174K->257K(1536K)] 3514K->2597K(9728K), 0.0002743 secs] [Times: user=0.00 sys=0.00, real=0.00 secs] 
0.366: [GC (Allocation Failure) [PSYoungGen: 1182K->258K(1536K)] 3521K->2598K(9728K), 0.0003090 secs] [Times: user=0.00 sys=0.00, real=0.00 secs] 
0.366: [GC (Allocation Failure) [PSYoungGen: 1189K->260K(1536K)] 3528K->2599K(9728K), 0.0002740 secs] [Times: user=0.00 sys=0.00, real=0.00 secs] 
0.367: [GC (Allocation Failure) [PSYoungGen: 1196K->261K(1536K)] 3536K->2601K(9728K), 0.0002680 secs] [Times: user=0.00 sys=0.00, real=0.00 secs] 
0.367: [GC (Allocation Failure) [PSYoungGen: 1203K->263K(1536K)] 3543K->2602K(9728K), 0.0002626 secs] [Times: user=0.00 sys=0.00, real=0.00 secs] 
0.368: [GC (Allocation Failure) [PSYoungGen: 1210K->187K(1536K)] 3550K->2526K(9728K), 0.0008175 secs] [Times: user=0.00 sys=0.00, real=0.00 secs] 
0.369: [GC (Allocation Failure) [PSYoungGen: 1140K->188K(1536K)] 3480K->2527K(9728K), 0.0016932 secs] [Times: user=0.00 sys=0.00, real=0.00 secs] 
0.372: [GC (Allocation Failure) [PSYoungGen: 1147K->189K(1536K)] 3486K->2528K(9728K), 0.0019611 secs] [Times: user=0.00 sys=0.00, real=0.01 secs] 
0.374: [GC (Allocation Failure) [PSYoungGen: 1153K->189K(1536K)] 3493K->2529K(9728K), 0.0017703 secs] [Times: user=0.00 sys=0.00, real=0.00 secs] 
0.376: [GC (Allocation Failure) [PSYoungGen: 1160K->190K(1536K)] 3500K->2530K(9728K), 0.0029621 secs] [Times: user=0.01 sys=0.00, real=0.00 secs] 
0.379: [GC (Allocation Failure) [PSYoungGen: 1167K->191K(1536K)] 3507K->2531K(9728K), 0.0014510 secs] [Times: user=0.00 sys=0.00, real=0.00 secs] 
0.381: [GC (Allocation Failure) [PSYoungGen: 1174K->192K(1536K)] 3513K->2532K(9728K), 0.0026379 secs] [Times: user=0.00 sys=0.00, real=0.01 secs] 
0.384: [GC (Allocation Failure) [PSYoungGen: 1180K->193K(1536K)] 3520K->2533K(9728K), 0.0028461 secs] [Times: user=0.00 sys=0.00, real=0.00 secs] 
0.387: [GC (Allocation Failure) [PSYoungGen: 1187K->194K(1536K)] 3527K->2534K(9728K), 0.0012185 secs] [Times: user=0.00 sys=0.00, real=0.00 secs] 
0.388: [GC (Allocation Failure) [PSYoungGen: 1194K->195K(1536K)] 3533K->2535K(9728K), 0.0009569 secs] [Times: user=0.00 sys=0.00, real=0.00 secs] 
0.390: [GC (Allocation Failure) [PSYoungGen: 1201K->196K(1536K)] 3540K->2536K(9728K), 0.0014177 secs] [Times: user=0.01 sys=0.00, real=0.00 secs] 
0.391: [GC (Allocation Failure) [PSYoungGen: 1207K->197K(1536K)] 3547K->2537K(9728K), 0.0009190 secs] [Times: user=0.00 sys=0.00, real=0.00 secs] 
0.393: [GC (Allocation Failure) [PSYoungGen: 1214K->198K(1536K)] 3554K->2538K(9728K), 0.0014284 secs] [Times: user=0.00 sys=0.00, real=0.00 secs] 
0.395: [GC (Allocation Failure) [PSYoungGen: 1221K->199K(1536K)] 3560K->2539K(9728K), 0.0013522 secs] [Times: user=0.00 sys=0.00, real=0.00 secs] 
0.396: [GC (Allocation Failure) [PSYoungGen: 1143K->116K(1536K)] 3483K->2455K(9728K), 0.0012549 secs] [Times: user=0.00 sys=0.00, real=0.00 secs] 
0.398: [GC (Allocation Failure) [PSYoungGen: 1065K->285K(1536K)] 3404K->2625K(9728K), 0.0009456 secs] [Times: user=0.01 sys=0.00, real=0.00 secs] 
0.399: [GC (Allocation Failure) [PSYoungGen: 1154K->202K(1536K)] 3494K->2541K(9728K), 0.0010496 secs] [Times: user=0.00 sys=0.00, real=0.00 secs] 
0.400: [GC (Allocation Failure) [PSYoungGen: 1160K->117K(1536K)] 3499K->2457K(9728K), 0.0008601 secs] [Times: user=0.00 sys=0.00, real=0.00 secs] 
0.401: [GC (Allocation Failure) [PSYoungGen: 1080K->289K(1536K)] 3420K->2629K(9728K), 0.0014248 secs] [Times: user=0.00 sys=0.00, real=0.00 secs] 
0.403: [GC (Allocation Failure) [PSYoungGen: 1171K->204K(1536K)] 3510K->2544K(9728K), 0.0010027 secs] [Times: user=0.00 sys=0.00, real=0.00 secs] 
0.404: [GC (Allocation Failure) [PSYoungGen: 1177K->118K(1536K)] 3516K->2458K(9728K), 0.0013449 secs] [Times: user=0.00 sys=0.00, real=0.00 secs] 
0.406: [GC (Allocation Failure) [PSYoungGen: 1095K->293K(1536K)] 3435K->2633K(9728K), 0.0025086 secs] [Times: user=0.01 sys=0.00, real=0.00 secs] 
0.409: [GC (Allocation Failure) [PSYoungGen: 1187K->207K(1536K)] 3527K->2546K(9728K), 0.0012991 secs] [Times: user=0.00 sys=0.00, real=0.00 secs] 
0.410: [GC (Allocation Failure) [PSYoungGen: 1193K->120K(1536K)] 3533K->2459K(9728K), 0.0033183 secs] [Times: user=0.00 sys=0.00, real=0.01 secs] 
0.414: [GC (Allocation Failure) [PSYoungGen: 1111K->297K(1536K)] 3450K->2636K(9728K), 0.0010758 secs] [Times: user=0.00 sys=0.00, real=0.00 secs] 
0.415: [GC (Allocation Failure) [PSYoungGen: 1204K->209K(1536K)] 3544K->2549K(9728K), 0.0021163 secs] [Times: user=0.00 sys=0.00, real=0.00 secs] 
0.417: [GC (Allocation Failure) [PSYoungGen: 1210K->121K(1536K)] 3549K->2461K(9728K), 0.0014180 secs] [Times: user=0.00 sys=0.00, real=0.00 secs] 
0.419: [GC (Allocation Failure) [PSYoungGen: 1126K->301K(1536K)] 3466K->2640K(9728K), 0.0009403 secs] [Times: user=0.01 sys=0.00, real=0.00 secs] 
0.420: [GC (Allocation Failure) [PSYoungGen: 1221K->212K(1536K)] 3560K->2551K(9728K), 0.0016039 secs] [Times: user=0.00 sys=0.00, real=0.00 secs] 
0.422: [GC (Allocation Failure) [PSYoungGen: 1226K->122K(1536K)] 3566K->2462K(9728K), 0.0019388 secs] [Times: user=0.00 sys=0.00, real=0.01 secs] 
0.425: [GC (Allocation Failure) [PSYoungGen: 1142K->304K(1536K)] 3481K->2644K(9728K), 0.0014421 secs] [Times: user=0.00 sys=0.00, real=0.00 secs] 
0.427: [GC (Allocation Failure) [PSYoungGen: 1237K->214K(1536K)] 3577K->2554K(9728K), 0.0043341 secs] [Times: user=0.00 sys=0.00, real=0.00 secs] 
0.431: [GC (Allocation Failure) [PSYoungGen: 1151K->307K(1536K)] 3491K->2646K(9728K), 0.0003029 secs] [Times: user=0.00 sys=0.00, real=0.00 secs] 
0.432: [GC (Allocation Failure) [PSYoungGen: 1248K->216K(1536K)] 3587K->2556K(9728K), 0.0037411 secs] [Times: user=0.00 sys=0.00, real=0.01 secs] 
0.436: [GC (Allocation Failure) [PSYoungGen: 1161K->309K(1536K)] 3500K->2649K(9728K), 0.0019916 secs] [Times: user=0.00 sys=0.00, real=0.00 secs] 
0.438: [GC (Allocation Failure) [PSYoungGen: 1258K->218K(1536K)] 3598K->2557K(9728K), 0.0008589 secs] [Times: user=0.00 sys=0.00, real=0.00 secs] 
0.439: [GC (Allocation Failure) [PSYoungGen: 1170K->312K(1536K)] 3510K->2651K(9728K), 0.0024671 secs] [Times: user=0.00 sys=0.00, real=0.00 secs] 
0.442: [GC (Allocation Failure) [PSYoungGen: 1269K->219K(1536K)] 3608K->2559K(9728K), 0.0029827 secs] [Times: user=0.00 sys=0.00, real=0.01 secs] 
0.445: [GC (Allocation Failure) [PSYoungGen: 1180K->314K(1536K)] 3520K->2654K(9728K), 0.0015835 secs] [Times: user=0.01 sys=0.00, real=0.00 secs] 
0.447: [GC (Allocation Failure) [PSYoungGen: 1279K->221K(1536K)] 3619K->2560K(9728K), 0.0008521 secs] [Times: user=0.00 sys=0.00, real=0.00 secs] 
0.448: [GC (Allocation Failure) [PSYoungGen: 1190K->316K(1536K)] 3529K->2656K(9728K), 0.0013542 secs] [Times: user=0.00 sys=0.00, real=0.00 secs] 
0.450: [GC (Allocation Failure) [PSYoungGen: 1289K->222K(1536K)] 3629K->2562K(9728K), 0.0008543 secs] [Times: user=0.00 sys=0.00, real=0.00 secs] 
0.451: [GC (Allocation Failure) [PSYoungGen: 1199K->319K(1536K)] 3539K->2659K(9728K), 0.0013522 secs] [Times: user=0.00 sys=0.00, real=0.00 secs] 
0.452: [GC (Allocation Failure) [PSYoungGen: 1300K->224K(1536K)] 3639K->2564K(9728K), 0.0008891 secs] [Times: user=0.00 sys=0.00, real=0.01 secs] 
0.453: [GC (Allocation Failure) [PSYoungGen: 1209K->321K(1536K)] 3548K->2661K(9728K), 0.0007980 secs] [Times: user=0.01 sys=0.00, real=0.00 secs] 
0.454: [GC (Allocation Failure) [PSYoungGen: 1310K->226K(1536K)] 3650K->2565K(9728K), 0.0013518 secs] [Times: user=0.00 sys=0.00, real=0.00 secs] 
0.456: [GC (Allocation Failure) [PSYoungGen: 1218K->324K(1536K)] 3558K->2663K(9728K), 0.0013411 secs] [Times: user=0.00 sys=0.00, real=0.00 secs] 
0.458: [GC (Allocation Failure) [PSYoungGen: 1321K->227K(1536K)] 3660K->2567K(9728K), 0.0013558 secs] [Times: user=0.00 sys=0.00, real=0.00 secs] 
0.459: [GC (Allocation Failure) [PSYoungGen: 1228K->326K(1536K)] 3568K->2666K(9728K), 0.0008422 secs] [Times: user=0.00 sys=0.00, real=0.00 secs] 
0.460: [GC (Allocation Failure) [PSYoungGen: 1331K->229K(1536K)] 3671K->2568K(9728K), 0.0013428 secs] [Times: user=0.01 sys=0.00, real=0.00 secs] 
0.462: [GC (Allocation Failure) [PSYoungGen: 1238K->329K(1536K)] 3577K->2668K(9728K), 0.0013414 secs] [Times: user=0.00 sys=0.00, real=0.01 secs] 
0.463: [GC (Allocation Failure) [PSYoungGen: 1342K->230K(1536K)] 3681K->2570K(9728K), 0.0014153 secs] [Times: user=0.00 sys=0.00, real=0.00 secs] 
0.465: [GC (Allocation Failure) [PSYoungGen: 1247K->331K(1536K)] 3587K->2671K(9728K), 0.0013353 secs] [Times: user=0.00 sys=0.00, real=0.00 secs] 
0.466: [GC (Allocation Failure) [PSYoungGen: 1352K->232K(1536K)] 3692K->2572K(9728K), 0.0013161 secs] [Times: user=0.00 sys=0.00, real=0.00 secs] 
0.468: [GC (Allocation Failure) [PSYoungGen: 1056K->233K(1536K)] 3395K->2572K(9728K), 0.0008625 secs] [Times: user=0.01 sys=0.00, real=0.00 secs] 
0.469: [GC (Allocation Failure) [PSYoungGen: 1059K->233K(1536K)] 3398K->2573K(9728K), 0.0013246 secs] [Times: user=0.00 sys=0.00, real=0.00 secs] 
0.470: [GC (Allocation Failure) [PSYoungGen: 1062K->234K(1536K)] 3402K->2574K(9728K), 0.0013298 secs] [Times: user=0.00 sys=0.00, real=0.00 secs] 
0.472: [GC (Allocation Failure) [PSYoungGen: 1065K->235K(1536K)] 3405K->2574K(9728K), 0.0013954 secs] [Times: user=0.00 sys=0.00, real=0.01 secs] 
0.473: [GC (Allocation Failure) [PSYoungGen: 1068K->235K(1536K)] 3408K->2575K(9728K), 0.0008397 secs] [Times: user=0.00 sys=0.00, real=0.00 secs] 
0.474: [GC (Allocation Failure) [PSYoungGen: 1072K->236K(1536K)] 3411K->2576K(9728K), 0.0008639 secs] [Times: user=0.00 sys=0.00, real=0.00 secs] 
0.476: [GC (Allocation Failure) [PSYoungGen: 1075K->237K(1536K)] 3414K->2576K(9728K), 0.0013438 secs] [Times: user=0.01 sys=0.00, real=0.00 secs] 
0.477: [GC (Allocation Failure) [PSYoungGen: 1078K->237K(1536K)] 3418K->2577K(9728K), 0.0008814 secs] [Times: user=0.00 sys=0.00, real=0.00 secs] 
0.478: [GC (Allocation Failure) [PSYoungGen: 1081K->238K(1536K)] 3421K->2577K(9728K), 0.0014278 secs] [Times: user=0.00 sys=0.00, real=0.00 secs] 
0.480: [GC (Allocation Failure) [PSYoungGen: 1084K->238K(1536K)] 3424K->2578K(9728K), 0.0008197 secs] [Times: user=0.00 sys=0.00, real=0.00 secs] 
0.481: [GC (Allocation Failure) [PSYoungGen: 1088K->239K(1536K)] 3427K->2579K(9728K), 0.0008833 secs] [Times: user=0.00 sys=0.00, real=0.00 secs] 
0.482: [GC (Allocation Failure) [PSYoungGen: 1091K->240K(1536K)] 3430K->2579K(9728K), 0.0013346 secs] [Times: user=0.01 sys=0.00, real=0.01 secs] 
0.483: [GC (Allocation Failure) [PSYoungGen: 1094K->240K(1536K)] 3434K->2580K(9728K), 0.0013481 secs] [Times: user=0.00 sys=0.00, real=0.00 secs] 
0.485: [GC (Allocation Failure) [PSYoungGen: 1097K->241K(1536K)] 3437K->2581K(9728K), 0.0008496 secs] [Times: user=0.00 sys=0.00, real=0.00 secs] 
0.486: [GC (Allocation Failure) [PSYoungGen: 1100K->242K(1536K)] 3440K->2581K(9728K), 0.0013340 secs] [Times: user=0.00 sys=0.00, real=0.00 secs] 
0.487: [GC (Allocation Failure) [PSYoungGen: 1104K->242K(1536K)] 3443K->2582K(9728K), 0.0015060 secs] [Times: user=0.00 sys=0.00, real=0.00 secs] 
0.489: [GC (Allocation Failure) [PSYoungGen: 1107K->243K(1536K)] 3446K->2583K(9728K), 0.0017838 secs] [Times: user=0.01 sys=0.00, real=0.00 secs] 
0.491: [GC (Allocation Failure) [PSYoungGen: 1110K->350K(1536K)] 3450K->2689K(9728K), 0.0003266 secs] [Times: user=0.00 sys=0.00, real=0.00 secs] 
0.492: [GC (Allocation Failure) [PSYoungGen: 1219K->244K(1536K)] 3559K->2584K(9728K), 0.0013141 secs] [Times: user=0.00 sys=0.00, real=0.01 secs] 
0.493: [GC (Allocation Failure) [PSYoungGen: 1117K->245K(1536K)] 3456K->2584K(9728K), 0.0013385 secs] [Times: user=0.00 sys=0.00, real=0.00 secs] 
0.495: [GC (Allocation Failure) [PSYoungGen: 1120K->246K(1536K)] 3459K->2585K(9728K), 0.0003139 secs] [Times: user=0.00 sys=0.00, real=0.00 secs] 
0.495: [GC (Allocation Failure) [PSYoungGen: 1123K->246K(1536K)] 3463K->2586K(9728K), 0.0010097 secs] [Times: user=0.00 sys=0.00, real=0.00 secs] 
0.497: [GC (Allocation Failure) [PSYoungGen: 1126K->247K(1536K)] 3466K->2586K(9728K), 0.0014514 secs] [Times: user=0.01 sys=0.00, real=0.00 secs] 
0.498: [GC (Allocation Failure) [PSYoungGen: 1129K->247K(1536K)] 3469K->2587K(9728K), 0.0014830 secs] [Times: user=0.00 sys=0.00, real=0.00 secs] 
0.500: [GC (Allocation Failure) [PSYoungGen: 1133K->248K(1536K)] 3472K->2588K(9728K), 0.0011273 secs] [Times: user=0.00 sys=0.00, real=0.00 secs] 
0.502: [GC (Allocation Failure) [PSYoungGen: 1136K->249K(1536K)] 3475K->2588K(9728K), 0.0014217 secs] [Times: user=0.00 sys=0.00, real=0.01 secs] 
0.505: [GC (Allocation Failure) [PSYoungGen: 1139K->249K(1536K)] 3479K->2589K(9728K), 0.0011258 secs] [Times: user=0.00 sys=0.00, real=0.00 secs] 
0.506: [GC (Allocation Failure) [PSYoungGen: 1142K->250K(1536K)] 3482K->2590K(9728K), 0.0017303 secs] [Times: user=0.01 sys=0.00, real=0.00 secs] 
0.508: [GC (Allocation Failure) [PSYoungGen: 1145K->251K(1536K)] 3485K->2590K(9728K), 0.0013474 secs] [Times: user=0.00 sys=0.00, real=0.00 secs] 
0.510: [GC (Allocation Failure) [PSYoungGen: 1149K->251K(1536K)] 3488K->2591K(9728K), 0.0009678 secs] [Times: user=0.00 sys=0.00, real=0.00 secs] 
0.511: [GC (Allocation Failure) [PSYoungGen: 1152K->252K(1536K)] 3491K->2592K(9728K), 0.0013788 secs] [Times: user=0.00 sys=0.00, real=0.00 secs] 
0.512: [GC (Allocation Failure) [PSYoungGen: 1155K->253K(1536K)] 3495K->2592K(9728K), 0.0013440 secs] [Times: user=0.01 sys=0.00, real=0.01 secs] 
0.514: [GC (Allocation Failure) [PSYoungGen: 1158K->253K(1536K)] 3498K->2593K(9728K), 0.0009055 secs] [Times: user=0.00 sys=0.00, real=0.00 secs] 
0.515: [GC (Allocation Failure) [PSYoungGen: 1161K->254K(1536K)] 3501K->2593K(9728K), 0.0008386 secs] [Times: user=0.00 sys=0.00, real=0.00 secs] 
0.516: [GC (Allocation Failure) [PSYoungGen: 1165K->255K(1536K)] 3504K->2594K(9728K), 0.0013413 secs] [Times: user=0.00 sys=0.00, real=0.00 secs] 
0.518: [GC (Allocation Failure) [PSYoungGen: 1168K->255K(1536K)] 3507K->2595K(9728K), 0.0013396 secs] [Times: user=0.00 sys=0.00, real=0.00 secs] 
0.519: [GC (Allocation Failure) [PSYoungGen: 1171K->256K(1536K)] 3511K->2595K(9728K), 0.0012372 secs] [Times: user=0.00 sys=0.00, real=0.00 secs] 
0.521: [GC (Allocation Failure) [PSYoungGen: 1174K->256K(1536K)] 3514K->2596K(9728K), 0.0013467 secs] [Times: user=0.01 sys=0.00, real=0.00 secs] 
0.522: [GC (Allocation Failure) [PSYoungGen: 1177K->257K(1536K)] 3517K->2597K(9728K), 0.0014388 secs] [Times: user=0.00 sys=0.00, real=0.01 secs] 
0.524: [GC (Allocation Failure) [PSYoungGen: 1181K->258K(1536K)] 3520K->2597K(9728K), 0.0014288 secs] [Times: user=0.00 sys=0.00, real=0.00 secs] 
0.526: [GC (Allocation Failure) [PSYoungGen: 1184K->258K(1536K)] 3523K->2598K(9728K), 0.0008668 secs] [Times: user=0.00 sys=0.00, real=0.00 secs] 
0.527: [GC (Allocation Failure) [PSYoungGen: 1187K->259K(1536K)] 3527K->2599K(9728K), 0.0008376 secs] [Times: user=0.00 sys=0.00, real=0.00 secs] 
0.528: [GC (Allocation Failure) [PSYoungGen: 1190K->260K(1536K)] 3530K->2599K(9728K), 0.0013584 secs] [Times: user=0.00 sys=0.00, real=0.00 secs] 
0.529: [GC (Allocation Failure) [PSYoungGen: 1193K->260K(1536K)] 3533K->2600K(9728K), 0.0014389 secs] [Times: user=0.01 sys=0.00, real=0.00 secs] 
0.531: [GC (Allocation Failure) [PSYoungGen: 1197K->261K(1536K)] 3536K->2601K(9728K), 0.0013678 secs] [Times: user=0.00 sys=0.00, real=0.00 secs] 
0.532: [GC (Allocation Failure) [PSYoungGen: 1200K->262K(1536K)] 3539K->2601K(9728K), 0.0013316 secs] [Times: user=0.00 sys=0.00, real=0.01 secs] 
0.534: [GC (Allocation Failure) [PSYoungGen: 1203K->262K(1536K)] 3543K->2602K(9728K), 0.0013290 secs] [Times: user=0.00 sys=0.00, real=0.00 secs] 
0.535: [GC (Allocation Failure) [PSYoungGen: 1206K->263K(1536K)] 3546K->2602K(9728K), 0.0010163 secs] [Times: user=0.00 sys=0.00, real=0.00 secs] 
0.537: [GC (Allocation Failure) [PSYoungGen: 1209K->263K(1536K)] 3549K->2603K(9728K), 0.0013508 secs] [Times: user=0.01 sys=0.00, real=0.00 secs] 
0.538: [GC (Allocation Failure) [PSYoungGen: 1213K->264K(1536K)] 3552K->2604K(9728K), 0.0013430 secs] [Times: user=0.00 sys=0.00, real=0.00 secs] 
0.540: [GC (Allocation Failure) [PSYoungGen: 1216K->265K(1536K)] 3555K->2604K(9728K), 0.0013372 secs] [Times: user=0.00 sys=0.00, real=0.00 secs] 
0.541: [GC (Allocation Failure) [PSYoungGen: 1219K->265K(1536K)] 3559K->2605K(9728K), 0.0013606 secs] [Times: user=0.00 sys=0.00, real=0.00 secs] 
0.543: [GC (Allocation Failure) [PSYoungGen: 1222K->266K(1536K)] 3562K->2606K(9728K), 0.0008313 secs] [Times: user=0.00 sys=0.00, real=0.01 secs] 
0.544: [GC (Allocation Failure) [PSYoungGen: 1225K->267K(1536K)] 3565K->2606K(9728K), 0.0008089 secs] [Times: user=0.01 sys=0.00, real=0.00 secs] 
0.545: [GC (Allocation Failure) [PSYoungGen: 1229K->267K(1536K)] 3568K->2607K(9728K), 0.0013468 secs] [Times: user=0.00 sys=0.00, real=0.00 secs] 
0.546: [GC (Allocation Failure) [PSYoungGen: 1232K->268K(1536K)] 3571K->2608K(9728K), 0.0013456 secs] [Times: user=0.00 sys=0.00, real=0.00 secs] 
0.548: [GC (Allocation Failure) [PSYoungGen: 1235K->269K(1536K)] 3575K->2608K(9728K), 0.0013476 secs] [Times: user=0.00 sys=0.00, real=0.00 secs] 
0.549: [GC (Allocation Failure) [PSYoungGen: 1238K->269K(1536K)] 3578K->2609K(9728K), 0.0013329 secs] [Times: user=0.00 sys=0.00, real=0.00 secs] 
0.551: [GC (Allocation Failure) [PSYoungGen: 1241K->270K(1536K)] 3581K->2609K(9728K), 0.0014801 secs] [Times: user=0.01 sys=0.00, real=0.00 secs] 
0.552: [GC (Allocation Failure) [PSYoungGen: 1245K->271K(1536K)] 3584K->2610K(9728K), 0.0013189 secs] [Times: user=0.00 sys=0.00, real=0.01 secs] 
0.554: [GC (Allocation Failure) [PSYoungGen: 1248K->271K(1536K)] 3587K->2611K(9728K), 0.0009704 secs] [Times: user=0.00 sys=0.00, real=0.00 secs] 
0.555: [GC (Allocation Failure) [PSYoungGen: 1251K->272K(1536K)] 3591K->2611K(9728K), 0.0013425 secs] [Times: user=0.00 sys=0.00, real=0.00 secs] 
0.557: [GC (Allocation Failure) [PSYoungGen: 1254K->272K(1536K)] 3594K->2612K(9728K), 0.0012545 secs] [Times: user=0.00 sys=0.00, real=0.00 secs] 
0.558: [GC (Allocation Failure) [PSYoungGen: 1257K->273K(1536K)] 3597K->2613K(9728K), 0.0013494 secs] [Times: user=0.00 sys=0.00, real=0.00 secs] 
0.560: [GC (Allocation Failure) [PSYoungGen: 1261K->274K(1536K)] 3600K->2613K(9728K), 0.0004420 secs] [Times: user=0.00 sys=0.00, real=0.00 secs] 
0.560: [GC (Allocation Failure) [PSYoungGen: 1264K->274K(1536K)] 3604K->2614K(9728K), 0.0013348 secs] [Times: user=0.00 sys=0.00, real=0.00 secs] 
0.562: [GC (Allocation Failure) [PSYoungGen: 1267K->275K(1536K)] 3607K->2615K(9728K), 0.0013761 secs] [Times: user=0.00 sys=0.00, real=0.01 secs] 
0.564: [GC (Allocation Failure) [PSYoungGen: 1270K->398K(1536K)] 3610K->2737K(9728K), 0.0004668 secs] [Times: user=0.00 sys=0.00, real=0.00 secs] 
0.564: [GC (Allocation Failure) [PSYoungGen: 1396K->276K(1536K)] 3735K->2616K(9728K), 0.0013490 secs] [Times: user=0.00 sys=0.00, real=0.00 secs] 
0.566: [GC (Allocation Failure) [PSYoungGen: 1277K->277K(1536K)] 3616K->2617K(9728K), 0.0008712 secs] [Times: user=0.00 sys=0.00, real=0.00 secs] 
0.567: [GC (Allocation Failure) [PSYoungGen: 1280K->278K(1536K)] 3620K->2617K(9728K), 0.0009769 secs] [Times: user=0.01 sys=0.00, real=0.00 secs] 
0.568: [GC (Allocation Failure) [PSYoungGen: 1283K->278K(1536K)] 3623K->2618K(9728K), 0.0010338 secs] [Times: user=0.00 sys=0.00, real=0.00 secs] 
0.569: [GC (Allocation Failure) [PSYoungGen: 1286K->279K(1536K)] 3626K->2618K(9728K), 0.0009295 secs] [Times: user=0.00 sys=0.00, real=0.00 secs] 
0.570: [GC (Allocation Failure) [PSYoungGen: 1290K->279K(1536K)] 3629K->2619K(9728K), 0.0013932 secs] [Times: user=0.00 sys=0.00, real=0.00 secs] 
0.572: [GC (Allocation Failure) [PSYoungGen: 1293K->280K(1536K)] 3632K->2620K(9728K), 0.0011508 secs] [Times: user=0.00 sys=0.00, real=0.01 secs] 
0.573: [GC (Allocation Failure) [PSYoungGen: 1296K->281K(1536K)] 3636K->2620K(9728K), 0.0009500 secs] [Times: user=0.00 sys=0.00, real=0.00 secs] 
0.574: [GC (Allocation Failure) [PSYoungGen: 1299K->281K(1536K)] 3639K->2621K(9728K), 0.0014043 secs] [Times: user=0.01 sys=0.00, real=0.00 secs] 
0.576: [GC (Allocation Failure) [PSYoungGen: 1302K->282K(1536K)] 3642K->2622K(9728K), 0.0010178 secs] [Times: user=0.00 sys=0.00, real=0.00 secs] 
0.577: [GC (Allocation Failure) [PSYoungGen: 1306K->283K(1536K)] 3645K->2622K(9728K), 0.0046228 secs] [Times: user=0.00 sys=0.00, real=0.00 secs] 
0.582: [GC (Allocation Failure) [PSYoungGen: 1183K->157K(1536K)] 3522K->2497K(9728K), 0.0010259 secs] [Times: user=0.00 sys=0.00, real=0.01 secs] 
0.583: [GC (Allocation Failure) [PSYoungGen: 1059K->410K(1536K)] 3399K->2749K(9728K), 0.0008779 secs] [Times: user=0.00 sys=0.00, real=0.00 secs] 
0.585: [GC (Allocation Failure) [PSYoungGen: 1187K->284K(1536K)] 3527K->2624K(9728K), 0.0007872 secs] [Times: user=0.00 sys=0.00, real=0.00 secs] 
0.585: [GC (Allocation Failure) [PSYoungGen: 1190K->158K(1536K)] 3530K->2498K(9728K), 0.0011423 secs] [Times: user=0.01 sys=0.00, real=0.00 secs] 
0.587: [GC (Allocation Failure) [PSYoungGen: 1066K->412K(1536K)] 3405K->2752K(9728K), 0.0009885 secs] [Times: user=0.00 sys=0.00, real=0.00 secs] 
0.588: [GC (Allocation Failure) [PSYoungGen: 1195K->286K(1536K)] 3534K->2625K(9728K), 0.0014132 secs] [Times: user=0.00 sys=0.00, real=0.00 secs] 
0.590: [GC (Allocation Failure) [PSYoungGen: 1197K->159K(1536K)] 3537K->2499K(9728K), 0.0011435 secs] [Times: user=0.00 sys=0.00, real=0.00 secs] 
0.591: [GC (Allocation Failure) [PSYoungGen: 1072K->415K(1536K)] 3412K->2754K(9728K), 0.0008549 secs] [Times: user=0.00 sys=0.00, real=0.00 secs] 
0.592: [GC (Allocation Failure) [PSYoungGen: 1202K->287K(1536K)] 3541K->2627K(9728K), 0.0013257 secs] [Times: user=0.01 sys=0.00, real=0.01 secs] 
0.593: [GC (Allocation Failure) [PSYoungGen: 1204K->160K(1536K)] 3544K->2499K(9728K), 0.0009677 secs] [Times: user=0.00 sys=0.00, real=0.00 secs] 
0.595: [GC (Allocation Failure) [PSYoungGen: 1079K->417K(1536K)] 3418K->2757K(9728K), 0.0028295 secs] [Times: user=0.00 sys=0.00, real=0.00 secs] 
0.598: [GC (Allocation Failure) [PSYoungGen: 1209K->289K(1536K)] 3549K->2629K(9728K), 0.0008555 secs] [Times: user=0.00 sys=0.00, real=0.00 secs] 
0.599: [GC (Allocation Failure) [PSYoungGen: 1212K->161K(1536K)] 3551K->2500K(9728K), 0.0017585 secs] [Times: user=0.00 sys=0.00, real=0.00 secs] 
0.601: [GC (Allocation Failure) [PSYoungGen: 1085K->419K(1536K)] 3425K->2759K(9728K), 0.0009679 secs] [Times: user=0.01 sys=0.00, real=0.00 secs] 
0.602: [GC (Allocation Failure) [PSYoungGen: 1216K->291K(1536K)] 3556K->2630K(9728K), 0.0007970 secs] [Times: user=0.00 sys=0.00, real=0.00 secs] 
0.603: [GC (Allocation Failure) [PSYoungGen: 1219K->161K(1536K)] 3558K->2501K(9728K), 0.0013431 secs] [Times: user=0.00 sys=0.00, real=0.00 secs] 
0.605: [GC (Allocation Failure) [PSYoungGen: 1091K->422K(1536K)] 3431K->2761K(9728K), 0.0007838 secs] [Times: user=0.00 sys=0.00, real=0.00 secs] 
0.606: [GC (Allocation Failure) [PSYoungGen: 1223K->292K(1536K)] 3563K->2632K(9728K), 0.0007967 secs] [Times: user=0.00 sys=0.00, real=0.00 secs] 
0.607: [GC (Allocation Failure) [PSYoungGen: 1226K->162K(1536K)] 3566K->2502K(9728K), 0.0009869 secs] [Times: user=0.01 sys=0.00, real=0.00 secs] 
0.608: [GC (Allocation Failure) [PSYoungGen: 1098K->424K(1536K)] 3437K->2764K(9728K), 0.0008822 secs] [Times: user=0.00 sys=0.00, real=0.00 secs] 
0.609: [GC (Allocation Failure) [PSYoungGen: 1231K->294K(1536K)] 3570K->2633K(9728K), 0.0008937 secs] [Times: user=0.00 sys=0.00, real=0.00 secs] 
0.610: [GC (Allocation Failure) [PSYoungGen: 1233K->163K(1536K)] 3573K->2503K(9728K), 0.0007831 secs] [Times: user=0.00 sys=0.00, real=0.00 secs] 
0.611: [GC (Allocation Failure) [PSYoungGen: 1104K->427K(1536K)] 3444K->2766K(9728K), 0.0007820 secs] [Times: user=0.00 sys=0.00, real=0.00 secs] 
0.612: [GC (Allocation Failure) [PSYoungGen: 1238K->428K(1536K)] 3578K->2767K(9728K), 0.0007767 secs] [Times: user=0.00 sys=0.00, real=0.00 secs] 
0.613: [GC (Allocation Failure) [PSYoungGen: 1372K->164K(1536K)] 3712K->2503K(9728K), 0.0007841 secs] [Times: user=0.01 sys=0.00, real=0.01 secs] 
0.614: [GC (Allocation Failure) [PSYoungGen: 1111K->429K(1536K)] 3450K->2769K(9728K), 0.0008505 secs] [Times: user=0.00 sys=0.00, real=0.00 secs] 
0.615: [GC (Allocation Failure) [PSYoungGen: 1245K->430K(1536K)] 3585K->2769K(9728K), 0.0007941 secs] [Times: user=0.00 sys=0.00, real=0.00 secs] 
0.615: [GC (Allocation Failure) [PSYoungGen: 1380K->165K(1536K)] 3720K->2504K(9728K), 0.0007828 secs] [Times: user=0.00 sys=0.00, real=0.00 secs] 
0.616: [GC (Allocation Failure) [PSYoungGen: 1117K->431K(1536K)] 3457K->2771K(9728K), 0.0013251 secs] [Times: user=0.01 sys=0.00, real=0.00 secs] 
0.618: [GC (Allocation Failure) [PSYoungGen: 1252K->432K(1536K)] 3592K->2772K(9728K), 0.0007818 secs] [Times: user=0.00 sys=0.00, real=0.00 secs] 
0.619: [GC (Allocation Failure) [PSYoungGen: 1388K->165K(1536K)] 3728K->2505K(9728K), 0.0007696 secs] [Times: user=0.00 sys=0.00, real=0.00 secs] 
0.620: [GC (Allocation Failure) [PSYoungGen: 1124K->434K(1536K)] 3463K->2773K(9728K), 0.0008213 secs] [Times: user=0.00 sys=0.00, real=0.00 secs] 
0.621: [GC (Allocation Failure) [PSYoungGen: 1260K->435K(1536K)] 3599K->2774K(9728K), 0.0007896 secs] [Times: user=0.00 sys=0.00, real=0.00 secs] 
0.622: [GC (Allocation Failure) [PSYoungGen: 1396K->166K(1536K)] 3736K->2506K(9728K), 0.0009262 secs] [Times: user=0.01 sys=0.00, real=0.00 secs] 
0.623: [GC (Allocation Failure) [PSYoungGen: 1130K->436K(1536K)] 3470K->2776K(9728K), 0.0008325 secs] [Times: user=0.00 sys=0.00, real=0.00 secs] 
0.624: [GC (Allocation Failure) [PSYoungGen: 1267K->302K(1536K)] 3606K->2642K(9728K), 0.0008176 secs] [Times: user=0.00 sys=0.00, real=0.00 secs] 
0.625: [GC (Allocation Failure) [PSYoungGen: 1269K->167K(1536K)] 3609K->2507K(9728K), 0.0007784 secs] [Times: user=0.00 sys=0.00, real=0.00 secs] 
0.626: [GC (Allocation Failure) [PSYoungGen: 1136K->439K(1536K)] 3476K->2778K(9728K), 0.0003624 secs] [Times: user=0.00 sys=0.00, real=0.00 secs] 
0.626: [GC (Allocation Failure) [PSYoungGen: 1274K->440K(1536K)] 3614K->2779K(9728K), 0.0007882 secs] [Times: user=0.00 sys=0.00, real=0.00 secs] 
0.627: [GC (Allocation Failure) [PSYoungGen: 1412K->168K(1536K)] 3752K->2507K(9728K), 0.0019421 secs] [Times: user=0.01 sys=0.00, real=0.00 secs] 
0.630: [GC (Allocation Failure) [PSYoungGen: 1143K->441K(1536K)] 3482K->2781K(9728K), 0.0008910 secs] [Times: user=0.00 sys=0.00, real=0.00 secs] 
0.631: [GC (Allocation Failure) [PSYoungGen: 1281K->305K(1536K)] 3621K->2645K(9728K), 0.0008484 secs] [Times: user=0.00 sys=0.00, real=0.00 secs] 
0.632: [GC (Allocation Failure) [PSYoungGen: 1284K->169K(1536K)] 3623K->2508K(9728K), 0.0007759 secs] [Times: user=0.00 sys=0.00, real=0.00 secs] 
0.633: [GC (Allocation Failure) [PSYoungGen: 1149K->443K(1536K)] 3489K->2783K(9728K), 0.0007767 secs] [Times: user=0.00 sys=0.00, real=0.01 secs] 
0.634: [GC (Allocation Failure) [PSYoungGen: 1288K->307K(1536K)] 3628K->2646K(9728K), 0.0008300 secs] [Times: user=0.01 sys=0.00, real=0.00 secs] 
0.635: [GC (Allocation Failure) [PSYoungGen: 1291K->169K(1536K)] 3630K->2509K(9728K), 0.0007813 secs] [Times: user=0.00 sys=0.00, real=0.00 secs] 
0.636: [GC (Allocation Failure) [PSYoungGen: 1156K->446K(1536K)] 3495K->2785K(9728K), 0.0013118 secs] [Times: user=0.00 sys=0.00, real=0.00 secs] 
0.637: [GC (Allocation Failure) [PSYoungGen: 1296K->308K(1536K)] 3635K->2648K(9728K), 0.0007848 secs] [Times: user=0.00 sys=0.00, real=0.00 secs] 
0.638: [GC (Allocation Failure) [PSYoungGen: 1298K->170K(1536K)] 3638K->2510K(9728K), 0.0008120 secs] [Times: user=0.00 sys=0.00, real=0.00 secs] 
0.639: [GC (Allocation Failure) [PSYoungGen: 1162K->448K(1536K)] 3502K->2788K(9728K), 0.0008167 secs] [Times: user=0.01 sys=0.00, real=0.00 secs] 
0.640: [GC (Allocation Failure) [PSYoungGen: 1303K->310K(1536K)] 3642K->2650K(9728K), 0.0009535 secs] [Times: user=0.00 sys=0.01, real=0.00 secs] 
0.641: [GC (Allocation Failure) [PSYoungGen: 1305K->171K(1536K)] 3645K->2511K(9728K), 0.0013248 secs] [Times: user=0.00 sys=0.00, real=0.00 secs] 
0.643: [GC (Allocation Failure) [PSYoungGen: 1168K->451K(1536K)] 3508K->2790K(9728K), 0.0013655 secs] [Times: user=0.00 sys=0.00, real=0.01 secs] 
0.644: [GC (Allocation Failure) [PSYoungGen: 1310K->312K(1536K)] 3650K->2651K(9728K), 0.0009541 secs] [Times: user=0.00 sys=0.00, real=0.00 secs] 
0.645: [GC (Allocation Failure) [PSYoungGen: 1313K->172K(1536K)] 3652K->2511K(9728K), 0.0013431 secs] [Times: user=0.01 sys=0.00, real=0.00 secs] 
0.647: [GC (Allocation Failure) [PSYoungGen: 1175K->453K(1536K)] 3514K->2793K(9728K), 0.0009037 secs] [Times: user=0.00 sys=0.00, real=0.00 secs] 
0.648: [GC (Allocation Failure) [PSYoungGen: 1317K->313K(1536K)] 3657K->2653K(9728K), 0.0014502 secs] [Times: user=0.00 sys=0.00, real=0.00 secs] 
0.650: [GC (Allocation Failure) [PSYoungGen: 1320K->173K(1536K)] 3659K->2512K(9728K), 0.0013786 secs] [Times: user=0.00 sys=0.00, real=0.00 secs] 
0.651: [GC (Allocation Failure) [PSYoungGen: 1181K->455K(1536K)] 3521K->2795K(9728K), 0.0009519 secs] [Times: user=0.00 sys=0.00, real=0.00 secs] 
0.652: [GC (Allocation Failure) [PSYoungGen: 1324K->315K(1536K)] 3664K->2654K(9728K), 0.0011607 secs] [Times: user=0.01 sys=0.00, real=0.01 secs] 
0.654: [GC (Allocation Failure) [PSYoungGen: 1327K->173K(1536K)] 3667K->2513K(9728K), 0.0016941 secs] [Times: user=0.00 sys=0.00, real=0.00 secs] 
0.656: [GC (Allocation Failure) [PSYoungGen: 1188K->458K(1536K)] 3527K->2797K(9728K), 0.0010433 secs] [Times: user=0.00 sys=0.00, real=0.00 secs] 
0.658: [GC (Allocation Failure) [PSYoungGen: 1332K->316K(1536K)] 3671K->2656K(9728K), 0.0006854 secs] [Times: user=0.00 sys=0.00, real=0.00 secs] 
0.659: [GC (Allocation Failure) [PSYoungGen: 1334K->174K(1536K)] 3674K->2514K(9728K), 0.0013240 secs] [Times: user=0.00 sys=0.00, real=0.00 secs] 
0.660: [GC (Allocation Failure) [PSYoungGen: 1194K->460K(1536K)] 3534K->2800K(9728K), 0.0013379 secs] [Times: user=0.01 sys=0.00, real=0.00 secs] 
0.662: [GC (Allocation Failure) [PSYoungGen: 1339K->318K(1536K)] 3678K->2658K(9728K), 0.0008311 secs] [Times: user=0.00 sys=0.00, real=0.01 secs] 
0.663: [GC (Allocation Failure) [PSYoungGen: 1341K->175K(1536K)] 3681K->2515K(9728K), 0.0008628 secs] [Times: user=0.00 sys=0.00, real=0.00 secs] 
0.664: [GC (Allocation Failure) [PSYoungGen: 913K->319K(1536K)] 3253K->2658K(9728K), 0.0011135 secs] [Times: user=0.00 sys=0.00, real=0.00 secs] 
0.665: [GC (Allocation Failure) [PSYoungGen: 1202K->463K(1536K)] 3541K->2803K(9728K), 0.0007963 secs] [Times: user=0.00 sys=0.00, real=0.00 secs] 
0.666: [GC (Allocation Failure) [PSYoungGen: 1347K->320K(1536K)] 3687K->2659K(9728K), 0.0013434 secs] [Times: user=0.01 sys=0.00, real=0.00 secs] 
0.668: [GC (Allocation Failure) [PSYoungGen: 1205K->464K(1536K)] 3545K->2804K(9728K), 0.0008013 secs] [Times: user=0.00 sys=0.00, real=0.00 secs] 
0.669: [GC (Allocation Failure) [PSYoungGen: 1352K->321K(1536K)] 3691K->2660K(9728K), 0.0016548 secs] [Times: user=0.00 sys=0.00, real=0.00 secs] 
0.671: [GC (Allocation Failure) [PSYoungGen: 1209K->466K(1536K)] 3549K->2806K(9728K), 0.0008188 secs] [Times: user=0.00 sys=0.00, real=0.00 secs] 
0.672: [GC (Allocation Failure) [PSYoungGen: 1356K->322K(1536K)] 3696K->2661K(9728K), 0.0007739 secs] [Times: user=0.00 sys=0.00, real=0.01 secs] 
0.673: [GC (Allocation Failure) [PSYoungGen: 1213K->467K(1536K)] 3553K->2807K(9728K), 0.0002479 secs] [Times: user=0.00 sys=0.00, real=0.00 secs] 
0.673: [GC (Allocation Failure) [PSYoungGen: 1360K->323K(1536K)] 3700K->2662K(9728K), 0.0002672 secs] [Times: user=0.00 sys=0.00, real=0.00 secs] 
0.674: [GC (Allocation Failure) [PSYoungGen: 1217K->469K(1536K)] 3557K->2808K(9728K), 0.0002372 secs] [Times: user=0.00 sys=0.00, real=0.00 secs] 
0.674: [GC (Allocation Failure) [PSYoungGen: 1365K->324K(1536K)] 3704K->2663K(9728K), 0.0002331 secs] [Times: user=0.00 sys=0.00, real=0.00 secs] 
0.675: [GC (Allocation Failure) [PSYoungGen: 1221K->470K(1536K)] 3560K->2810K(9728K), 0.0009253 secs] [Times: user=0.00 sys=0.00, real=0.00 secs] 
0.676: [GC (Allocation Failure) [PSYoungGen: 1369K->325K(1536K)] 3709K->2664K(9728K), 0.0013830 secs] [Times: user=0.00 sys=0.00, real=0.00 secs] 
0.677: [GC (Allocation Failure) [PSYoungGen: 1225K->472K(1536K)] 3564K->2811K(9728K), 0.0014147 secs] [Times: user=0.00 sys=0.00, real=0.00 secs] 
0.679: [GC (Allocation Failure) [PSYoungGen: 1373K->326K(1536K)] 3713K->2665K(9728K), 0.0015545 secs] [Times: user=0.00 sys=0.00, real=0.00 secs] 
0.681: [GC (Allocation Failure) [PSYoungGen: 1229K->473K(1536K)] 3568K->2813K(9728K), 0.0008782 secs] [Times: user=0.00 sys=0.00, real=0.00 secs] 
0.682: [GC (Allocation Failure) [PSYoungGen: 1378K->327K(1536K)] 3717K->2666K(9728K), 0.0011596 secs] [Times: user=0.00 sys=0.00, real=0.01 secs] 
0.683: [GC (Allocation Failure) [PSYoungGen: 1232K->475K(1536K)] 3572K->2814K(9728K), 0.0013510 secs] [Times: user=0.00 sys=0.00, real=0.00 secs] 
0.685: [GC (Allocation Failure) [PSYoungGen: 1382K->328K(1536K)] 3722K->2667K(9728K), 0.0013397 secs] [Times: user=0.00 sys=0.00, real=0.00 secs] 
0.686: [GC (Allocation Failure) [PSYoungGen: 1236K->476K(1536K)] 3576K->2816K(9728K), 0.0008156 secs] [Times: user=0.00 sys=0.00, real=0.00 secs] 
0.687: [GC (Allocation Failure) [PSYoungGen: 1386K->328K(1536K)] 3726K->2668K(9728K), 0.0013657 secs] [Times: user=0.00 sys=0.00, real=0.00 secs] 
0.689: [GC (Allocation Failure) [PSYoungGen: 1240K->477K(1536K)] 3580K->2817K(9728K), 0.0013872 secs] [Times: user=0.01 sys=0.00, real=0.00 secs] 
0.690: [GC (Allocation Failure) [PSYoungGen: 1391K->329K(1536K)] 3730K->2669K(9728K), 0.0013557 secs] [Times: user=0.00 sys=0.00, real=0.00 secs] 
0.692: [GC (Allocation Failure) [PSYoungGen: 1244K->479K(1536K)] 3584K->2818K(9728K), 0.0009290 secs] [Times: user=0.00 sys=0.00, real=0.01 secs] 
0.693: [GC (Allocation Failure) [PSYoungGen: 1395K->330K(1536K)] 3735K->2670K(9728K), 0.0008095 secs] [Times: user=0.00 sys=0.00, real=0.00 secs] 
0.694: [GC (Allocation Failure) [PSYoungGen: 1248K->480K(1536K)] 3587K->2820K(9728K), 0.0013536 secs] [Times: user=0.00 sys=0.00, real=0.00 secs] 
0.696: [GC (Allocation Failure) [PSYoungGen: 1399K->331K(1536K)] 3739K->2671K(9728K), 0.0013452 secs] [Times: user=0.00 sys=0.00, real=0.00 secs] 
0.697: [GC (Allocation Failure) [PSYoungGen: 1252K->482K(1536K)] 3591K->2821K(9728K), 0.0009456 secs] [Times: user=0.00 sys=0.00, real=0.00 secs] 
0.698: [GC (Allocation Failure) [PSYoungGen: 1404K->332K(1536K)] 3743K->2672K(9728K), 0.0013456 secs] [Times: user=0.00 sys=0.00, real=0.00 secs] 
0.700: [GC (Allocation Failure) [PSYoungGen: 1255K->483K(1536K)] 3595K->2823K(9728K), 0.0013578 secs] [Times: user=0.00 sys=0.00, real=0.00 secs] 
0.701: [GC (Allocation Failure) [PSYoungGen: 1408K->333K(1536K)] 3748K->2673K(9728K), 0.0008344 secs] [Times: user=0.00 sys=0.00, real=0.00 secs] 
0.702: [GC (Allocation Failure) [PSYoungGen: 1259K->485K(1536K)] 3599K->2824K(9728K), 0.0006873 secs] [Times: user=0.00 sys=0.00, real=0.01 secs] 
0.703: [GC (Allocation Failure) [PSYoungGen: 1412K->334K(1536K)] 3752K->2674K(9728K), 0.0014650 secs] [Times: user=0.00 sys=0.00, real=0.00 secs] 
0.705: [GC (Allocation Failure) [PSYoungGen: 1263K->486K(1536K)] 3603K->2826K(9728K), 0.0013940 secs] [Times: user=0.01 sys=0.00, real=0.00 secs] 
0.707: [GC (Allocation Failure) [PSYoungGen: 1417K->335K(1536K)] 3756K->2675K(9728K), 0.0014904 secs] [Times: user=0.00 sys=0.00, real=0.00 secs] 
0.708: [GC (Allocation Failure) [PSYoungGen: 1267K->488K(1536K)] 3607K->2827K(9728K), 0.0005069 secs] [Times: user=0.00 sys=0.00, real=0.00 secs] 
0.709: [GC (Allocation Failure) [PSYoungGen: 1421K->336K(1536K)] 3761K->2676K(9728K), 0.0018147 secs] [Times: user=0.00 sys=0.00, real=0.00 secs] 
0.711: [GC (Allocation Failure) [PSYoungGen: 1271K->489K(1536K)] 3610K->2829K(9728K), 0.0013824 secs] [Times: user=0.00 sys=0.00, real=0.00 secs] 
0.713: [GC (Allocation Failure) [PSYoungGen: 1425K->337K(1536K)] 3765K->2677K(9728K), 0.0014531 secs] [Times: user=0.01 sys=0.00, real=0.01 secs] 
0.714: [GC (Allocation Failure) [PSYoungGen: 1275K->490K(1536K)] 3614K->2830K(9728K), 0.0013587 secs] [Times: user=0.00 sys=0.00, real=0.00 secs] 
0.716: [GC (Allocation Failure) [PSYoungGen: 1430K->338K(1536K)] 3769K->2678K(9728K), 0.0007964 secs] [Times: user=0.00 sys=0.00, real=0.00 secs] 
0.717: [GC (Allocation Failure) [PSYoungGen: 1279K->492K(1536K)] 3618K->2831K(9728K), 0.0007506 secs] [Times: user=0.00 sys=0.00, real=0.00 secs] 
0.718: [GC (Allocation Failure) [PSYoungGen: 1434K->339K(1536K)] 3774K->2679K(9728K), 0.0011903 secs] [Times: user=0.00 sys=0.00, real=0.00 secs] 
0.720: [GC (Allocation Failure) [PSYoungGen: 1282K->493K(1536K)] 3622K->2833K(9728K), 0.0009511 secs] [Times: user=0.01 sys=0.00, real=0.00 secs] 
0.721: [GC (Allocation Failure) [PSYoungGen: 1438K->340K(1536K)] 3778K->2680K(9728K), 0.0022381 secs] [Times: user=0.00 sys=0.00, real=0.01 secs] 
0.723: [GC (Allocation Failure) [PSYoungGen: 1286K->495K(1536K)] 3626K->2834K(9728K), 0.0013876 secs] [Times: user=0.00 sys=0.00, real=0.00 secs] 
0.725: [GC (Allocation Failure) [PSYoungGen: 1443K->341K(1536K)] 3782K->2681K(9728K), 0.0015458 secs] [Times: user=0.00 sys=0.00, real=0.00 secs] 
0.727: [GC (Allocation Failure) [PSYoungGen: 1290K->496K(1536K)] 3630K->2836K(9728K), 0.0018930 secs] [Times: user=0.01 sys=0.00, real=0.00 secs] 
0.729: [GC (Allocation Failure) [PSYoungGen: 1447K->342K(1536K)] 3787K->2682K(9728K), 0.0012995 secs] [Times: user=0.00 sys=0.00, real=0.00 secs] 
0.731: [GC (Allocation Failure) [PSYoungGen: 1294K->498K(1536K)] 3634K->2837K(9728K), 0.0011681 secs] [Times: user=0.00 sys=0.00, real=0.00 secs] 
0.732: [GC (Allocation Failure) [PSYoungGen: 1451K->343K(1536K)] 3791K->2683K(9728K), 0.0008594 secs] [Times: user=0.00 sys=0.00, real=0.01 secs] 
0.734: [GC (Allocation Failure) [PSYoungGen: 1298K->499K(1536K)] 3637K->2839K(9728K), 0.0011226 secs] [Times: user=0.01 sys=0.00, real=0.00 secs] 
0.735: [GC (Allocation Failure) [PSYoungGen: 1456K->344K(1536K)] 3795K->2683K(9728K), 0.0013107 secs] [Times: user=0.00 sys=0.00, real=0.00 secs] 
0.737: [GC (Allocation Failure) [PSYoungGen: 1302K->501K(1536K)] 3641K->2840K(9728K), 0.0009131 secs] [Times: user=0.00 sys=0.00, real=0.00 secs] 
0.738: [GC (Allocation Failure) [PSYoungGen: 1460K->345K(1536K)] 3800K->2684K(9728K), 0.0013463 secs] [Times: user=0.00 sys=0.00, real=0.00 secs] 
0.739: [GC (Allocation Failure) [PSYoungGen: 1305K->502K(1536K)] 3645K->2842K(9728K), 0.0005612 secs] [Times: user=0.00 sys=0.00, real=0.00 secs] 
0.740: [GC (Allocation Failure) [PSYoungGen: 1464K->346K(1536K)] 3804K->2685K(9728K), 0.0014111 secs] [Times: user=0.00 sys=0.00, real=0.00 secs] 
0.742: [GC (Allocation Failure) [PSYoungGen: 1309K->503K(1536K)] 3649K->2843K(9728K), 0.0008331 secs] [Times: user=0.01 sys=0.00, real=0.01 secs] 
0.743: [GC (Allocation Failure) [PSYoungGen: 1469K->347K(1536K)] 3808K->2686K(9728K), 0.0013687 secs] [Times: user=0.00 sys=0.00, real=0.00 secs] 
0.745: [GC (Allocation Failure) [PSYoungGen: 1313K->505K(1536K)] 3653K->2844K(9728K), 0.0013501 secs] [Times: user=0.00 sys=0.00, real=0.00 secs] 
0.746: [GC (Allocation Failure) [PSYoungGen: 1473K->348K(1536K)] 3812K->2687K(9728K), 0.0013303 secs] [Times: user=0.00 sys=0.00, real=0.00 secs] 
0.748: [GC (Allocation Failure) [PSYoungGen: 1317K->506K(1536K)] 3657K->2846K(9728K), 0.0007101 secs] [Times: user=0.00 sys=0.00, real=0.00 secs] 
0.749: [GC (Allocation Failure) [PSYoungGen: 1477K->349K(1536K)] 3817K->2688K(9728K), 0.0013601 secs] [Times: user=0.01 sys=0.00, real=0.00 secs] 
0.750: [GC (Allocation Failure) [PSYoungGen: 1321K->508K(1536K)] 3660K->2847K(9728K), 0.0011277 secs] [Times: user=0.00 sys=0.00, real=0.00 secs] 
0.752: [GC (Allocation Failure) [PSYoungGen: 1482K->350K(1536K)] 3821K->2689K(9728K), 0.0012240 secs] [Times: user=0.00 sys=0.00, real=0.01 secs] 
0.753: [GC (Allocation Failure) [PSYoungGen: 1325K->509K(1536K)] 3664K->2849K(9728K), 0.0018127 secs] [Times: user=0.00 sys=0.00, real=0.00 secs] 
0.755: [GC (Allocation Failure) [PSYoungGen: 1486K->351K(1536K)] 3825K->2690K(9728K), 0.0006914 secs] [Times: user=0.00 sys=0.00, real=0.00 secs] 
0.756: [GC (Allocation Failure) [PSYoungGen: 1329K->511K(1536K)] 3668K->2850K(9728K), 0.0013896 secs] [Times: user=0.01 sys=0.00, real=0.00 secs] 
0.758: [GC (Allocation Failure) [PSYoungGen: 1490K->352K(1536K)] 3830K->2691K(9728K), 0.0013795 secs] [Times: user=0.00 sys=0.00, real=0.00 secs] 
0.759: [GC (Allocation Failure) [PSYoungGen: 1332K->352K(1536K)] 3672K->2852K(9728K), 0.0008742 secs] [Times: user=0.00 sys=0.00, real=0.00 secs] 
0.760: [GC (Allocation Failure) [PSYoungGen: 1334K->353K(1536K)] 3834K->2852K(9728K), 0.0011148 secs] [Times: user=0.00 sys=0.00, real=0.00 secs] 
0.762: [GC (Allocation Failure) [PSYoungGen: 1336K->353K(1536K)] 3836K->3013K(9728K), 0.0025264 secs] [Times: user=0.01 sys=0.00, real=0.01 secs] 
0.765: [GC (Allocation Failure) [PSYoungGen: 1338K->353K(1536K)] 3999K->3014K(9728K), 0.0007966 secs] [Times: user=0.00 sys=0.00, real=0.00 secs] 
0.766: [GC (Allocation Failure) [PSYoungGen: 1340K->354K(1536K)] 4001K->3175K(9728K), 0.0014264 secs] [Times: user=0.00 sys=0.00, real=0.00 secs] 
0.767: [GC (Allocation Failure) [PSYoungGen: 1342K->354K(1536K)] 4164K->3176K(9728K), 0.0011931 secs] [Times: user=0.00 sys=0.00, real=0.00 secs] 
0.769: [GC (Allocation Failure) [PSYoungGen: 1344K->355K(1536K)] 4166K->3338K(9728K), 0.0013380 secs] [Times: user=0.00 sys=0.00, real=0.00 secs] 
0.771: [GC (Allocation Failure) [PSYoungGen: 1346K->355K(1536K)] 4329K->3339K(9728K), 0.0008416 secs] [Times: user=0.01 sys=0.00, real=0.00 secs] 
0.772: [GC (Allocation Failure) [PSYoungGen: 1348K->356K(1536K)] 4331K->3501K(9728K), 0.0013220 secs] [Times: user=0.00 sys=0.00, real=0.01 secs] 
0.774: [GC (Allocation Failure) [PSYoungGen: 1350K->356K(1536K)] 4495K->3502K(9728K), 0.0008465 secs] [Times: user=0.00 sys=0.00, real=0.00 secs] 
0.775: [GC (Allocation Failure) [PSYoungGen: 1352K->357K(1536K)] 4497K->3665K(9728K), 0.0005845 secs] [Times: user=0.00 sys=0.00, real=0.00 secs] 
0.776: [GC (Allocation Failure) [PSYoungGen: 1354K->357K(1536K)] 4661K->3665K(9728K), 0.0014204 secs] [Times: user=0.00 sys=0.00, real=0.00 secs] 
0.778: [GC (Allocation Failure) [PSYoungGen: 1355K->358K(1536K)] 4663K->3829K(9728K), 0.0015682 secs] [Times: user=0.00 sys=0.00, real=0.00 secs] 
0.780: [GC (Allocation Failure) [PSYoungGen: 1357K->358K(1536K)] 4828K->3829K(9728K), 0.0010451 secs] [Times: user=0.01 sys=0.00, real=0.00 secs] 
0.781: [GC (Allocation Failure) [PSYoungGen: 1359K->359K(1536K)] 4830K->3993K(9728K), 0.0011294 secs] [Times: user=0.00 sys=0.00, real=0.00 secs] 
0.782: [GC (Allocation Failure) [PSYoungGen: 1361K->359K(1536K)] 4996K->3994K(9728K), 0.0019506 secs] [Times: user=0.00 sys=0.00, real=0.01 secs] 
0.785: [GC (Allocation Failure) [PSYoungGen: 1363K->360K(1536K)] 4998K->4158K(9728K), 0.0011839 secs] [Times: user=0.00 sys=0.00, real=0.00 secs] 
0.786: [GC (Allocation Failure) [PSYoungGen: 1365K->360K(1536K)] 5164K->4323K(9728K), 0.0009683 secs] [Times: user=0.01 sys=0.00, real=0.00 secs] 
0.787: [GC (Allocation Failure) [PSYoungGen: 1367K->361K(1536K)] 5330K->4488K(9728K), 0.0014605 secs] [Times: user=0.00 sys=0.00, real=0.00 secs] 
0.789: [GC (Allocation Failure) [PSYoungGen: 1369K->361K(1536K)] 5496K->4489K(9728K), 0.0008545 secs] [Times: user=0.00 sys=0.00, real=0.00 secs] 
0.790: [GC (Allocation Failure) [PSYoungGen: 1371K->361K(1536K)] 5498K->4654K(9728K), 0.0008147 secs] [Times: user=0.00 sys=0.00, real=0.00 secs] 
0.791: [GC (Allocation Failure) [PSYoungGen: 1373K->362K(1536K)] 5665K->4655K(9728K), 0.0008984 secs] [Times: user=0.00 sys=0.00, real=0.00 secs] 
0.793: [GC (Allocation Failure) [PSYoungGen: 1375K->362K(1536K)] 5667K->4820K(9728K), 0.0020016 secs] [Times: user=0.00 sys=0.00, real=0.01 secs] 
0.795: [GC (Allocation Failure) [PSYoungGen: 1377K->363K(1536K)] 5835K->4821K(9728K), 0.0018046 secs] [Times: user=0.00 sys=0.00, real=0.00 secs] 
0.797: [GC (Allocation Failure) [PSYoungGen: 1379K->363K(1536K)] 5836K->4987K(9728K), 0.0014754 secs] [Times: user=0.00 sys=0.00, real=0.00 secs] 
0.798: [GC (Allocation Failure) [PSYoungGen: 1380K->364K(1536K)] 6004K->4988K(9728K), 0.0013588 secs] [Times: user=0.00 sys=0.00, real=0.00 secs] 
0.800: [GC (Allocation Failure) [PSYoungGen: 1382K->364K(1536K)] 6006K->5155K(9728K), 0.0015643 secs] [Times: user=0.00 sys=0.00, real=0.00 secs] 
0.803: [GC (Allocation Failure) [PSYoungGen: 1384K->365K(1536K)] 6175K->5155K(9728K), 0.0015107 secs] [Times: user=0.01 sys=0.00, real=0.01 secs] 
0.805: [GC (Allocation Failure) [PSYoungGen: 1386K->365K(1536K)] 6176K->5323K(9728K), 0.0020612 secs] [Times: user=0.00 sys=0.00, real=0.00 secs] 
0.807: [GC (Allocation Failure) [PSYoungGen: 1388K->366K(1536K)] 6345K->5323K(9728K), 0.0018676 secs] [Times: user=0.00 sys=0.00, real=0.00 secs] 
0.809: [GC (Allocation Failure) [PSYoungGen: 1055K->366K(1536K)] 6012K->5323K(9728K), 0.0024992 secs] [Times: user=0.00 sys=0.00, real=0.00 secs] 
0.812: [GC (Allocation Failure) [PSYoungGen: 1056K->367K(1536K)] 6013K->5324K(9728K), 0.0012078 secs] [Times: user=0.00 sys=0.00, real=0.01 secs] 
0.813: [GC (Allocation Failure) [PSYoungGen: 1057K->367K(1536K)] 6014K->5324K(9728K), 0.0013142 secs] [Times: user=0.01 sys=0.00, real=0.00 secs] 
0.815: [GC (Allocation Failure) [PSYoungGen: 1058K->367K(1536K)] 6015K->5324K(9728K), 0.0016330 secs] [Times: user=0.00 sys=0.00, real=0.00 secs] 
0.817: [GC (Allocation Failure) [PSYoungGen: 1059K->368K(1536K)] 6016K->5325K(9728K), 0.0015154 secs] [Times: user=0.00 sys=0.00, real=0.00 secs] 
0.819: [GC (Allocation Failure) [PSYoungGen: 1060K->368K(1536K)] 6017K->5325K(9728K), 0.0013740 secs] [Times: user=0.00 sys=0.00, real=0.00 secs] 
0.821: [GC (Allocation Failure) [PSYoungGen: 1061K->368K(1536K)] 6018K->5325K(9728K), 0.0004001 secs] [Times: user=0.00 sys=0.00, real=0.00 secs] 
0.821: [GC (Allocation Failure) [PSYoungGen: 1062K->369K(1536K)] 6019K->5326K(9728K), 0.0013504 secs] [Times: user=0.01 sys=0.00, real=0.00 secs] 
0.823: [GC (Allocation Failure) [PSYoungGen: 1063K->369K(1536K)] 6020K->5326K(9728K), 0.0014708 secs] [Times: user=0.00 sys=0.00, real=0.01 secs] 
0.824: [GC (Allocation Failure) [PSYoungGen: 1064K->369K(1536K)] 6021K->5326K(9728K), 0.0015591 secs] [Times: user=0.00 sys=0.01, real=0.00 secs] 
0.826: [GC (Allocation Failure) [PSYoungGen: 1065K->369K(1536K)] 6022K->5327K(9728K), 0.0022512 secs] [Times: user=0.00 sys=0.00, real=0.00 secs] 
0.829: [GC (Allocation Failure) [PSYoungGen: 1066K->370K(1536K)] 6023K->5327K(9728K), 0.0013657 secs] [Times: user=0.01 sys=0.00, real=0.00 secs] 
0.830: [GC (Allocation Failure) [PSYoungGen: 1067K->370K(1536K)] 6024K->5327K(9728K), 0.0009415 secs] [Times: user=0.00 sys=0.00, real=0.00 secs] 
0.831: [GC (Allocation Failure) [PSYoungGen: 1068K->370K(1536K)] 6025K->5328K(9728K), 0.0008516 secs] [Times: user=0.00 sys=0.00, real=0.00 secs] 
0.832: [GC (Allocation Failure) [PSYoungGen: 1069K->371K(1536K)] 6026K->5328K(9728K), 0.0013663 secs] [Times: user=0.00 sys=0.00, real=0.01 secs] 
0.834: [GC (Allocation Failure) [PSYoungGen: 1070K->371K(1536K)] 6027K->5328K(9728K), 0.0016982 secs] [Times: user=0.00 sys=0.00, real=0.00 secs] 
0.837: [GC (Allocation Failure) [PSYoungGen: 1070K->371K(1536K)] 6028K->5329K(9728K), 0.0010018 secs] [Times: user=0.00 sys=0.00, real=0.00 secs] 
0.838: [GC (Allocation Failure) [PSYoungGen: 1071K->372K(1536K)] 6029K->5329K(9728K), 0.0009669 secs] [Times: user=0.01 sys=0.00, real=0.00 secs] 
0.839: [GC (Allocation Failure) [PSYoungGen: 1072K->372K(1536K)] 6030K->5329K(9728K), 0.0016342 secs] [Times: user=0.00 sys=0.00, real=0.00 secs] 
0.841: [GC (Allocation Failure) [PSYoungGen: 1073K->372K(1536K)] 6031K->5330K(9728K), 0.0013780 secs] [Times: user=0.00 sys=0.00, real=0.00 secs] 
0.843: [GC (Allocation Failure) [PSYoungGen: 1074K->373K(1536K)] 6032K->5330K(9728K), 0.0013559 secs] [Times: user=0.00 sys=0.00, real=0.01 secs] 
0.844: [GC (Allocation Failure) [PSYoungGen: 1075K->373K(1536K)] 6032K->5330K(9728K), 0.0008624 secs] [Times: user=0.01 sys=0.00, real=0.00 secs] 
0.845: [GC (Allocation Failure) [PSYoungGen: 1076K->373K(1536K)] 6033K->5331K(9728K), 0.0013558 secs] [Times: user=0.00 sys=0.00, real=0.00 secs] 
0.847: [GC (Allocation Failure) [PSYoungGen: 1077K->374K(1536K)] 6034K->5331K(9728K), 0.0010216 secs] [Times: user=0.00 sys=0.00, real=0.00 secs] 
0.848: [GC (Allocation Failure) [PSYoungGen: 1078K->374K(1536K)] 6035K->5331K(9728K), 0.0012417 secs] [Times: user=0.00 sys=0.00, real=0.00 secs] 
0.850: [GC (Allocation Failure) [PSYoungGen: 1079K->374K(1536K)] 6036K->5331K(9728K), 0.0011690 secs] [Times: user=0.00 sys=0.00, real=0.00 secs] 
0.851: [GC (Allocation Failure) [PSYoungGen: 1080K->375K(1536K)] 6037K->5332K(9728K), 0.0010194 secs] [Times: user=0.01 sys=0.00, real=0.00 secs] 
0.853: [GC (Allocation Failure) [PSYoungGen: 1081K->375K(1536K)] 6038K->5332K(9728K), 0.0013914 secs] [Times: user=0.00 sys=0.00, real=0.01 secs] 
0.854: [GC (Allocation Failure) [PSYoungGen: 1082K->375K(1536K)] 6039K->5332K(9728K), 0.0012748 secs] [Times: user=0.00 sys=0.00, real=0.00 secs] 
0.856: [GC (Allocation Failure) [PSYoungGen: 1083K->376K(1536K)] 6040K->5333K(9728K), 0.0014444 secs] [Times: user=0.00 sys=0.00, real=0.00 secs] 
0.858: [GC (Allocation Failure) [PSYoungGen: 1084K->376K(1536K)] 6041K->5333K(9728K), 0.0011333 secs] [Times: user=0.00 sys=0.00, real=0.00 secs] 
0.859: [GC (Allocation Failure) [PSYoungGen: 1085K->376K(1536K)] 6042K->5333K(9728K), 0.0014300 secs] [Times: user=0.01 sys=0.00, real=0.00 secs] 
0.861: [GC (Allocation Failure) [PSYoungGen: 1086K->377K(1536K)] 6043K->5334K(9728K), 0.0020661 secs] [Times: user=0.00 sys=0.00, real=0.01 secs] 
0.863: [GC (Allocation Failure) [PSYoungGen: 1087K->377K(1536K)] 6044K->5334K(9728K), 0.0007979 secs] [Times: user=0.00 sys=0.00, real=0.00 secs] 
0.864: [GC (Allocation Failure) [PSYoungGen: 1088K->377K(1536K)] 6045K->5334K(9728K), 0.0015557 secs] [Times: user=0.00 sys=0.00, real=0.00 secs] 
0.866: [GC (Allocation Failure) [PSYoungGen: 1089K->378K(1536K)] 6046K->5335K(9728K), 0.0012679 secs] [Times: user=0.01 sys=0.00, real=0.00 secs] 
0.867: [GC (Allocation Failure) [PSYoungGen: 1090K->378K(1536K)] 6047K->5335K(9728K), 0.0017954 secs] [Times: user=0.00 sys=0.00, real=0.00 secs] 
0.870: [GC (Allocation Failure) [PSYoungGen: 1091K->378K(1536K)] 6048K->5335K(9728K), 0.0012389 secs] [Times: user=0.00 sys=0.00, real=0.00 secs] 
0.872: [GC (Allocation Failure) [PSYoungGen: 1092K->378K(1536K)] 6049K->5336K(9728K), 0.0018224 secs] [Times: user=0.00 sys=0.00, real=0.01 secs] 
0.874: [GC (Allocation Failure) [PSYoungGen: 1093K->379K(1536K)] 6050K->5336K(9728K), 0.0016901 secs] [Times: user=0.01 sys=0.00, real=0.00 secs] 
0.876: [GC (Allocation Failure) [PSYoungGen: 1094K->379K(1536K)] 6051K->5336K(9728K), 0.0014686 secs] [Times: user=0.00 sys=0.00, real=0.00 secs] 
0.877: [GC (Allocation Failure) [PSYoungGen: 1095K->379K(1536K)] 6052K->5337K(9728K), 0.0014720 secs] [Times: user=0.00 sys=0.00, real=0.00 secs] 
0.879: [GC (Allocation Failure) [PSYoungGen: 1095K->380K(1536K)] 6053K->5337K(9728K), 0.0015838 secs] [Times: user=0.00 sys=0.00, real=0.00 secs] 
0.882: [GC (Allocation Failure) [PSYoungGen: 1096K->380K(1536K)] 6054K->5337K(9728K), 0.0008298 secs] [Times: user=0.00 sys=0.00, real=0.00 secs] 
0.885: [GC (Allocation Failure) [PSYoungGen: 1097K->380K(1536K)] 6055K->5338K(9728K), 0.0012170 secs] [Times: user=0.00 sys=0.00, real=0.00 secs] 
0.887: [GC (Allocation Failure) [PSYoungGen: 1098K->381K(1536K)] 6056K->5338K(9728K), 0.0009342 secs] [Times: user=0.00 sys=0.00, real=0.00 secs] 
0.888: [GC (Allocation Failure) [PSYoungGen: 1099K->381K(1536K)] 6057K->5338K(9728K), 0.0014688 secs] [Times: user=0.00 sys=0.00, real=0.00 secs] 
0.890: [GC (Allocation Failure) [PSYoungGen: 1100K->381K(1536K)] 6057K->5339K(9728K), 0.0008322 secs] [Times: user=0.00 sys=0.00, real=0.00 secs] 
0.891: [GC (Allocation Failure) [PSYoungGen: 1101K->382K(1536K)] 6058K->5339K(9728K), 0.0009642 secs] [Times: user=0.00 sys=0.00, real=0.00 secs] 
0.892: [GC (Allocation Failure) [PSYoungGen: 1102K->382K(1536K)] 6059K->5339K(9728K), 0.0008833 secs] [Times: user=0.00 sys=0.00, real=0.00 secs] 
0.893: [GC (Allocation Failure) [PSYoungGen: 1103K->382K(1536K)] 6060K->5339K(9728K), 0.0016971 secs] [Times: user=0.01 sys=0.00, real=0.00 secs] 
0.895: [GC (Allocation Failure) [PSYoungGen: 1104K->383K(1536K)] 6061K->5340K(9728K), 0.0019404 secs] [Times: user=0.00 sys=0.00, real=0.00 secs] 
0.897: [GC (Allocation Failure) [PSYoungGen: 1105K->383K(1536K)] 6062K->5340K(9728K), 0.0014118 secs] [Times: user=0.00 sys=0.00, real=0.00 secs] 
0.899: [GC (Allocation Failure) [PSYoungGen: 1106K->383K(1536K)] 6063K->5340K(9728K), 0.0008621 secs] [Times: user=0.00 sys=0.00, real=0.00 secs] 
0.900: [GC (Allocation Failure) [PSYoungGen: 1107K->384K(1536K)] 6064K->5341K(9728K), 0.0009294 secs] [Times: user=0.00 sys=0.00, real=0.00 secs] 
0.901: [GC (Allocation Failure) [PSYoungGen: 1108K->384K(1536K)] 6065K->5341K(9728K), 0.0014729 secs] [Times: user=0.01 sys=0.00, real=0.00 secs] 
0.903: [GC (Allocation Failure) [PSYoungGen: 1109K->384K(1536K)] 6066K->5518K(9728K), 0.0013065 secs] [Times: user=0.00 sys=0.00, real=0.00 secs] 
0.905: [GC (Allocation Failure) [PSYoungGen: 1110K->385K(1536K)] 6243K->5518K(9728K), 0.0019249 secs] [Times: user=0.00 sys=0.00, real=0.00 secs] 
0.907: [GC (Allocation Failure) [PSYoungGen: 1111K->385K(1536K)] 6244K->5518K(9728K), 0.0013601 secs] [Times: user=0.00 sys=0.00, real=0.00 secs] 
0.909: [GC (Allocation Failure) [PSYoungGen: 1112K->385K(1536K)] 6245K->5519K(9728K), 0.0011332 secs] [Times: user=0.01 sys=0.00, real=0.00 secs] 
0.910: [GC (Allocation Failure) [PSYoungGen: 1113K->386K(1536K)] 6246K->5519K(9728K), 0.0013746 secs] [Times: user=0.00 sys=0.00, real=0.00 secs] 
0.912: [GC (Allocation Failure) [PSYoungGen: 1114K->386K(1536K)] 6247K->5519K(9728K), 0.0006942 secs] [Times: user=0.00 sys=0.00, real=0.00 secs] 
0.913: [GC (Allocation Failure) [PSYoungGen: 1115K->386K(1536K)] 6248K->5520K(9728K), 0.0008704 secs] [Times: user=0.00 sys=0.00, real=0.01 secs] 
0.914: [GC (Allocation Failure) [PSYoungGen: 1116K->386K(1536K)] 6249K->5520K(9728K), 0.0019062 secs] [Times: user=0.00 sys=0.00, real=0.00 secs] 
0.916: [GC (Allocation Failure) [PSYoungGen: 1117K->387K(1536K)] 6250K->5520K(9728K), 0.0008920 secs] [Times: user=0.01 sys=0.00, real=0.00 secs] 
0.917: [GC (Allocation Failure) [PSYoungGen: 1118K->387K(1536K)] 6251K->5521K(9728K), 0.0012242 secs] [Times: user=0.00 sys=0.01, real=0.00 secs] 
0.919: [GC (Allocation Failure) [PSYoungGen: 1119K->387K(1536K)] 6252K->5521K(9728K), 0.0005143 secs] [Times: user=0.00 sys=0.00, real=0.00 secs] 
0.920: [GC (Allocation Failure) [PSYoungGen: 1120K->388K(1536K)] 6253K->5521K(9728K), 0.0010080 secs] [Times: user=0.00 sys=0.00, real=0.00 secs] 
0.921: [GC (Allocation Failure) [PSYoungGen: 1120K->388K(1536K)] 6254K->5522K(9728K), 0.0013795 secs] [Times: user=0.00 sys=0.00, real=0.00 secs] 
0.923: [GC (Allocation Failure) [PSYoungGen: 1121K->388K(1536K)] 6255K->5522K(9728K), 0.0012274 secs] [Times: user=0.00 sys=0.00, real=0.01 secs] 
0.925: [GC (Allocation Failure) [PSYoungGen: 1122K->389K(1536K)] 6256K->5522K(9728K), 0.0046395 secs] [Times: user=0.00 sys=0.00, real=0.00 secs] 
0.929: [GC (Allocation Failure) [PSYoungGen: 1123K->389K(1536K)] 6257K->5523K(9728K), 0.0012273 secs] [Times: user=0.00 sys=0.00, real=0.00 secs] 
0.931: [GC (Allocation Failure) [PSYoungGen: 1124K->389K(1536K)] 6258K->5523K(9728K), 0.0015022 secs] [Times: user=0.00 sys=0.00, real=0.00 secs] 
0.933: [GC (Allocation Failure) [PSYoungGen: 1125K->390K(1536K)] 6259K->5523K(9728K), 0.0012668 secs] [Times: user=0.00 sys=0.00, real=0.01 secs] 
0.934: [GC (Allocation Failure) [PSYoungGen: 1126K->390K(1536K)] 6260K->5703K(9728K), 0.0031051 secs] [Times: user=0.01 sys=0.00, real=0.00 secs] 
0.938: [GC (Allocation Failure) [PSYoungGen: 1127K->390K(1536K)] 6440K->5703K(9728K), 0.0012049 secs] [Times: user=0.00 sys=0.00, real=0.00 secs] 
0.939: [GC (Allocation Failure) [PSYoungGen: 1128K->391K(1536K)] 6441K->5703K(9728K), 0.0069847 secs] [Times: user=0.00 sys=0.00, real=0.01 secs] 
0.947: [GC (Allocation Failure) [PSYoungGen: 1129K->391K(1536K)] 6442K->5704K(9728K), 0.0017347 secs] [Times: user=0.00 sys=0.00, real=0.00 secs] 
0.949: [GC (Allocation Failure) [PSYoungGen: 1130K->391K(1536K)] 6443K->5884K(9728K), 0.0009243 secs] [Times: user=0.00 sys=0.00, real=0.00 secs] 
0.950: [GC (Allocation Failure) [PSYoungGen: 1131K->392K(1536K)] 6624K->5884K(9728K), 0.0023564 secs] [Times: user=0.01 sys=0.00, real=0.00 secs] 
0.953: [GC (Allocation Failure) [PSYoungGen: 1132K->392K(1536K)] 6625K->6065K(9728K), 0.0010852 secs] [Times: user=0.00 sys=0.00, real=0.00 secs] 
0.954: [GC (Allocation Failure) [PSYoungGen: 1133K->392K(1536K)] 6806K->6065K(9728K), 0.0011302 secs] [Times: user=0.00 sys=0.00, real=0.00 secs] 
0.956: [GC (Allocation Failure) [PSYoungGen: 1134K->393K(1536K)] 6807K->6065K(9728K), 0.0016449 secs] [Times: user=0.00 sys=0.00, real=0.00 secs] 
0.958: [GC (Allocation Failure) [PSYoungGen: 1135K->393K(1536K)] 6808K->6066K(9728K), 0.0016714 secs] [Times: user=0.01 sys=0.00, real=0.00 secs] 
0.960: [GC (Allocation Failure) [PSYoungGen: 1136K->393K(1536K)] 6809K->6066K(9728K), 0.0010095 secs] [Times: user=0.00 sys=0.00, real=0.00 secs] 
0.961: [GC (Allocation Failure) [PSYoungGen: 1137K->394K(1536K)] 6810K->6066K(9728K), 0.0120063 secs] [Times: user=0.00 sys=0.00, real=0.02 secs] 
0.973: [GC (Allocation Failure) [PSYoungGen: 1138K->394K(1536K)] 6811K->6067K(9728K), 0.0053639 secs] [Times: user=0.00 sys=0.00, real=0.00 secs] 
0.979: [GC (Allocation Failure) [PSYoungGen: 1139K->394K(1536K)] 6812K->6067K(9728K), 0.0019399 secs] [Times: user=0.00 sys=0.00, real=0.00 secs] 
0.982: [GC (Allocation Failure) [PSYoungGen: 1140K->394K(1536K)] 6813K->6067K(9728K), 0.0018253 secs] [Times: user=0.01 sys=0.00, real=0.01 secs] 
0.984: [GC (Allocation Failure) [PSYoungGen: 1141K->395K(1536K)] 6814K->6068K(9728K), 0.0019199 secs] [Times: user=0.00 sys=0.00, real=0.00 secs] 
0.986: [GC (Allocation Failure) [PSYoungGen: 1142K->395K(1536K)] 6814K->6068K(9728K), 0.0027543 secs] [Times: user=0.00 sys=0.00, real=0.00 secs] 
0.990: [GC (Allocation Failure) [PSYoungGen: 1143K->395K(1536K)] 6815K->6068K(9728K), 0.0011478 secs] [Times: user=0.00 sys=0.00, real=0.00 secs] 
0.991: [GC (Allocation Failure) [PSYoungGen: 1144K->396K(1536K)] 6816K->6069K(9728K), 0.0015839 secs] [Times: user=0.00 sys=0.00, real=0.01 secs] 
0.993: [GC (Allocation Failure) [PSYoungGen: 1145K->396K(1536K)] 6817K->6069K(9728K), 0.0009758 secs] [Times: user=0.01 sys=0.00, real=0.00 secs] 
0.994: [GC (Allocation Failure) [PSYoungGen: 1145K->396K(1536K)] 6818K->6252K(9728K), 0.0008037 secs] [Times: user=0.00 sys=0.00, real=0.00 secs] 
0.995: [GC (Allocation Failure) [PSYoungGen: 1146K->397K(1536K)] 7002K->6252K(9728K), 0.0011844 secs] [Times: user=0.00 sys=0.00, real=0.00 secs] 
0.997: [GC (Allocation Failure) [PSYoungGen: 1147K->397K(1536K)] 7003K->6252K(9728K), 0.0089467 secs] [Times: user=0.00 sys=0.00, real=0.01 secs] 
1.006: [GC (Allocation Failure) [PSYoungGen: 1148K->397K(1536K)] 7004K->6253K(9728K), 0.0032183 secs] [Times: user=0.00 sys=0.00, real=0.00 secs] 
1.010: [GC (Allocation Failure) [PSYoungGen: 1149K->398K(1536K)] 7005K->6253K(9728K), 0.0013593 secs] [Times: user=0.01 sys=0.00, real=0.00 secs] 
1.012: [GC (Allocation Failure) [PSYoungGen: 1150K->398K(1536K)] 7006K->6253K(9728K), 0.0016641 secs] [Times: user=0.00 sys=0.00, real=0.01 secs] 
1.014: [GC (Allocation Failure) [PSYoungGen: 1151K->398K(1536K)] 7007K->6254K(9728K), 0.0010333 secs] [Times: user=0.00 sys=0.00, real=0.00 secs] 
1.015: [GC (Allocation Failure) [PSYoungGen: 1152K->399K(1536K)] 7008K->6254K(9728K), 0.0053196 secs] [Times: user=0.00 sys=0.00, real=0.00 secs] 
1.020: [GC (Allocation Failure) [PSYoungGen: 1153K->399K(1536K)] 7008K->6254K(9728K), 0.0016511 secs] [Times: user=0.00 sys=0.00, real=0.00 secs] 
1.022: [GC (Allocation Failure) [PSYoungGen: 1154K->399K(1536K)] 7009K->6255K(9728K), 0.0040565 secs] [Times: user=0.01 sys=0.00, real=0.01 secs] 
1.027: [GC (Allocation Failure) [PSYoungGen: 1155K->400K(1536K)] 7010K->6255K(9728K), 0.0020000 secs] [Times: user=0.00 sys=0.00, real=0.00 secs] 
1.029: [GC (Allocation Failure) [PSYoungGen: 1156K->400K(1536K)] 7011K->6255K(9728K), 0.0023772 secs] [Times: user=0.00 sys=0.00, real=0.00 secs] 
1.031: [GC (Allocation Failure) [PSYoungGen: 1157K->400K(1536K)] 7012K->6256K(9728K), 0.0012795 secs] [Times: user=0.00 sys=0.00, real=0.00 secs] 
1.033: [GC (Allocation Failure) [PSYoungGen: 1158K->401K(1536K)] 7013K->6256K(9728K), 0.0019737 secs] [Times: user=0.00 sys=0.00, real=0.00 secs] 
1.035: [GC (Allocation Failure) [PSYoungGen: 1159K->401K(1536K)] 7014K->6256K(9728K), 0.0010416 secs] [Times: user=0.00 sys=0.00, real=0.00 secs] 
1.037: [GC (Allocation Failure) [PSYoungGen: 1160K->401K(1536K)] 7015K->6257K(9728K), 0.0023363 secs] [Times: user=0.01 sys=0.00, real=0.00 secs] 
1.039: [GC (Allocation Failure) [PSYoungGen: 1161K->402K(1536K)] 7016K->6257K(9728K), 0.0014712 secs] [Times: user=0.00 sys=0.00, real=0.00 secs] 
1.041: [GC (Allocation Failure) [PSYoungGen: 1162K->402K(1536K)] 7017K->6257K(9728K), 0.0003784 secs] [Times: user=0.00 sys=0.00, real=0.00 secs] 
1.041: [GC (Allocation Failure) [PSYoungGen: 1163K->402K(1536K)] 7018K->6257K(9728K), 0.0015780 secs] [Times: user=0.00 sys=0.00, real=0.01 secs] 
1.043: [GC (Allocation Failure) [PSYoungGen: 1164K->402K(1536K)] 7019K->6258K(9728K), 0.0019574 secs] [Times: user=0.00 sys=0.00, real=0.00 secs] 
1.045: [GC (Allocation Failure) [PSYoungGen: 1165K->403K(1536K)] 7020K->6258K(9728K), 0.0024106 secs] [Times: user=0.01 sys=0.00, real=0.00 secs] 
1.048: [GC (Allocation Failure) [PSYoungGen: 1166K->403K(1536K)] 7021K->6258K(9728K), 0.0016032 secs] [Times: user=0.00 sys=0.00, real=0.00 secs] 
1.050: [GC (Allocation Failure) [PSYoungGen: 1167K->403K(1536K)] 7022K->6259K(9728K), 0.0010183 secs] [Times: user=0.00 sys=0.00, real=0.00 secs] 
1.051: [GC (Allocation Failure) [PSYoungGen: 1168K->404K(1536K)] 7023K->6259K(9728K), 0.0019964 secs] [Times: user=0.00 sys=0.00, real=0.01 secs] 
1.053: [GC (Allocation Failure) [PSYoungGen: 1169K->404K(1536K)] 7024K->6259K(9728K), 0.0010033 secs] [Times: user=0.00 sys=0.00, real=0.00 secs] 
1.055: [GC (Allocation Failure) [PSYoungGen: 1170K->404K(1536K)] 7025K->6260K(9728K), 0.0016184 secs] [Times: user=0.01 sys=0.00, real=0.00 secs] 
1.056: [GC (Allocation Failure) [PSYoungGen: 1170K->405K(1536K)] 7026K->6260K(9728K), 0.0016389 secs] [Times: user=0.00 sys=0.00, real=0.00 secs] 
1.058: [GC (Allocation Failure) [PSYoungGen: 1171K->405K(1536K)] 7027K->6260K(9728K), 0.0010861 secs] [Times: user=0.00 sys=0.00, real=0.00 secs] 
1.060: [GC (Allocation Failure) [PSYoungGen: 1172K->405K(1536K)] 7028K->6261K(9728K), 0.0013654 secs] [Times: user=0.00 sys=0.00, real=0.00 secs] 
1.061: [GC (Allocation Failure) [PSYoungGen: 1173K->406K(1536K)] 7029K->6261K(9728K), 0.0019977 secs] [Times: user=0.00 sys=0.00, real=0.01 secs] 
1.063: [GC (Allocation Failure) [PSYoungGen: 1174K->406K(1536K)] 7030K->6261K(9728K), 0.0012378 secs] [Times: user=0.00 sys=0.00, real=0.00 secs] 
1.065: [GC (Allocation Failure) [PSYoungGen: 1175K->406K(1536K)] 7031K->6262K(9728K), 0.0016568 secs] [Times: user=0.01 sys=0.00, real=0.00 secs] 
1.067: [GC (Allocation Failure) [PSYoungGen: 1176K->407K(1536K)] 7032K->6262K(9728K), 0.0019859 secs] [Times: user=0.00 sys=0.00, real=0.00 secs] 
1.069: [GC (Allocation Failure) [PSYoungGen: 1177K->407K(1536K)] 7033K->6262K(9728K), 0.0014641 secs] [Times: user=0.00 sys=0.00, real=0.00 secs] 
1.071: [GC (Allocation Failure) [PSYoungGen: 1178K->407K(1536K)] 7033K->6263K(9728K), 0.0017750 secs] [Times: user=0.00 sys=0.00, real=0.00 secs] 
1.073: [GC (Allocation Failure) [PSYoungGen: 1179K->408K(1536K)] 7034K->6263K(9728K), 0.0021279 secs] [Times: user=0.00 sys=0.00, real=0.01 secs] 
1.075: [GC (Allocation Failure) [PSYoungGen: 1180K->408K(1536K)] 7035K->6263K(9728K), 0.0012934 secs] [Times: user=0.01 sys=0.00, real=0.00 secs] 
1.077: [GC (Allocation Failure) [PSYoungGen: 1181K->408K(1536K)] 7036K->6264K(9728K), 0.0037105 secs] [Times: user=0.00 sys=0.00, real=0.00 secs] 
1.081: [GC (Allocation Failure) [PSYoungGen: 1182K->409K(1536K)] 7037K->6264K(9728K), 0.0021056 secs] [Times: user=0.00 sys=0.00, real=0.00 secs] 
1.083: [GC (Allocation Failure) [PSYoungGen: 1183K->409K(1536K)] 7038K->6264K(9728K), 0.0010218 secs] [Times: user=0.00 sys=0.00, real=0.00 secs] 
1.084: [GC (Allocation Failure) [PSYoungGen: 1184K->409K(1536K)] 7039K->6265K(9728K), 0.0013167 secs] [Times: user=0.00 sys=0.00, real=0.00 secs] 
1.086: [GC (Allocation Failure) [PSYoungGen: 1185K->410K(1536K)] 7040K->6265K(9728K), 0.0021353 secs] [Times: user=0.01 sys=0.00, real=0.00 secs] 
1.088: [GC (Allocation Failure) [PSYoungGen: 1186K->410K(1536K)] 7041K->6265K(9728K), 0.0010832 secs] [Times: user=0.00 sys=0.00, real=0.00 secs] 
1.089: [GC (Allocation Failure) [PSYoungGen: 1187K->410K(1536K)] 7042K->6265K(9728K), 0.0010050 secs] [Times: user=0.00 sys=0.00, real=0.00 secs] 
1.091: [GC (Allocation Failure) [PSYoungGen: 1188K->410K(1536K)] 7043K->6266K(9728K), 0.0012703 secs] [Times: user=0.00 sys=0.00, real=0.00 secs] 
1.092: [GC (Allocation Failure) [PSYoungGen: 1189K->411K(1536K)] 7044K->6266K(9728K), 0.0014478 secs] [Times: user=0.00 sys=0.00, real=0.01 secs] 
1.094: [GC (Allocation Failure) [PSYoungGen: 1190K->411K(1536K)] 7045K->6266K(9728K), 0.0020189 secs] [Times: user=0.01 sys=0.00, real=0.00 secs] 
1.096: [GC (Allocation Failure) [PSYoungGen: 1191K->411K(1536K)] 7046K->6267K(9728K), 0.0015291 secs] [Times: user=0.00 sys=0.00, real=0.00 secs] 
1.098: [GC (Allocation Failure) [PSYoungGen: 1192K->412K(1536K)] 7047K->6267K(9728K), 0.0009748 secs] [Times: user=0.00 sys=0.00, real=0.00 secs] 
1.099: [GC (Allocation Failure) [PSYoungGen: 1193K->412K(1536K)] 7048K->6267K(9728K), 0.0016261 secs] [Times: user=0.00 sys=0.00, real=0.00 secs] 
1.101: [GC (Allocation Failure) [PSYoungGen: 1194K->412K(1536K)] 7049K->6268K(9728K), 0.0024638 secs] [Times: user=0.00 sys=0.00, real=0.01 secs] 
1.104: [GC (Allocation Failure) [PSYoungGen: 1194K->413K(1536K)] 7050K->6268K(9728K), 0.0014676 secs] [Times: user=0.00 sys=0.00, real=0.00 secs] 
1.105: [GC (Allocation Failure) [PSYoungGen: 1195K->413K(1536K)] 7051K->6268K(9728K), 0.0015156 secs] [Times: user=0.01 sys=0.00, real=0.00 secs] 
1.107: [GC (Allocation Failure) [PSYoungGen: 1196K->413K(1536K)] 7052K->6269K(9728K), 0.0016105 secs] [Times: user=0.00 sys=0.00, real=0.00 secs] 
1.109: [GC (Allocation Failure) [PSYoungGen: 1197K->414K(1536K)] 7053K->6269K(9728K), 0.0019946 secs] [Times: user=0.00 sys=0.00, real=0.00 secs] 
1.111: [GC (Allocation Failure) [PSYoungGen: 1198K->414K(1536K)] 7054K->6269K(9728K), 0.0032000 secs] [Times: user=0.00 sys=0.00, real=0.01 secs] 
1.114: [GC (Allocation Failure) [PSYoungGen: 1199K->414K(1536K)] 7055K->6270K(9728K), 0.0011435 secs] [Times: user=0.00 sys=0.00, real=0.00 secs] 
1.116: [GC (Allocation Failure) [PSYoungGen: 1200K->415K(1536K)] 7056K->6270K(9728K), 0.0017496 secs] [Times: user=0.01 sys=0.00, real=0.00 secs] 
1.118: [GC (Allocation Failure) [PSYoungGen: 1201K->415K(1536K)] 7057K->6270K(9728K), 0.0025187 secs] [Times: user=0.00 sys=0.00, real=0.00 secs] 
1.121: [GC (Allocation Failure) [PSYoungGen: 1202K->415K(1536K)] 7058K->6463K(9728K), 0.0006872 secs] [Times: user=0.00 sys=0.00, real=0.00 secs] 
1.121: [GC (Allocation Failure) [PSYoungGen: 1203K->416K(1536K)] 7250K->6463K(9728K), 0.0031887 secs] [Times: user=0.00 sys=0.00, real=0.01 secs] 
1.125: [GC (Allocation Failure) [PSYoungGen: 1204K->416K(1536K)] 7251K->6463K(9728K), 0.0014120 secs] [Times: user=0.00 sys=0.00, real=0.00 secs] 
1.127: [GC (Allocation Failure) [PSYoungGen: 1205K->416K(1536K)] 7252K->6463K(9728K), 0.0017686 secs] [Times: user=0.00 sys=0.00, real=0.00 secs] 
1.129: [GC (Allocation Failure) [PSYoungGen: 1206K->417K(1536K)] 7253K->6464K(9728K), 0.0010792 secs] [Times: user=0.01 sys=0.00, real=0.00 secs] 
1.130: [GC (Allocation Failure) [PSYoungGen: 1207K->417K(1536K)] 7254K->6464K(9728K), 0.0027628 secs] [Times: user=0.00 sys=0.00, real=0.00 secs] 
1.133: [GC (Allocation Failure) [PSYoungGen: 1208K->417K(1536K)] 7255K->6464K(9728K), 0.0043409 secs] [Times: user=0.00 sys=0.00, real=0.00 secs] 
1.137: [GC (Allocation Failure) [PSYoungGen: 1209K->418K(1536K)] 7256K->6465K(9728K), 0.0034172 secs] [Times: user=0.00 sys=0.00, real=0.00 secs] 
1.141: [GC (Allocation Failure) [PSYoungGen: 1210K->418K(1536K)] 7257K->6465K(9728K), 0.0011008 secs] [Times: user=0.00 sys=0.00, real=0.00 secs] 
1.142: [GC (Allocation Failure) [PSYoungGen: 1211K->418K(1536K)] 7258K->6465K(9728K), 0.0015435 secs] [Times: user=0.01 sys=0.00, real=0.01 secs] 
1.144: [GC (Allocation Failure) [PSYoungGen: 1212K->419K(1536K)] 7259K->6466K(9728K), 0.0042052 secs] [Times: user=0.00 sys=0.00, real=0.00 secs] 
1.149: [GC (Allocation Failure) [PSYoungGen: 1213K->419K(1536K)] 7260K->6466K(9728K), 0.0022017 secs] [Times: user=0.00 sys=0.00, real=0.00 secs] 
1.151: [GC (Allocation Failure) [PSYoungGen: 1214K->419K(1536K)] 7261K->6466K(9728K), 0.0105536 secs] [Times: user=0.00 sys=0.00, real=0.01 secs] 
1.163: [GC (Allocation Failure) [PSYoungGen: 1215K->419K(1536K)] 7262K->6467K(9728K), 0.0017054 secs] [Times: user=0.00 sys=0.00, real=0.01 secs] 
1.165: [GC (Allocation Failure) [PSYoungGen: 1216K->420K(1536K)] 7263K->6467K(9728K), 0.0011827 secs] [Times: user=0.00 sys=0.00, real=0.00 secs] 
1.167: [GC (Allocation Failure) [PSYoungGen: 1217K->420K(1536K)] 7264K->6467K(9728K), 0.0053294 secs] [Times: user=0.00 sys=0.00, real=0.00 secs] 
1.172: [GC (Allocation Failure) [PSYoungGen: 1218K->420K(1536K)] 7265K->6468K(9728K), 0.0016615 secs] [Times: user=0.00 sys=0.00, real=0.01 secs] 
1.174: [GC (Allocation Failure) [PSYoungGen: 1219K->421K(1536K)] 7266K->6468K(9728K), 0.0028210 secs] [Times: user=0.00 sys=0.00, real=0.00 secs] 
1.177: [GC (Allocation Failure) [PSYoungGen: 1219K->421K(1536K)] 7267K->6468K(9728K), 0.0038756 secs] [Times: user=0.00 sys=0.00, real=0.00 secs] 
1.181: [GC (Allocation Failure) [PSYoungGen: 1220K->421K(1536K)] 7268K->6469K(9728K), 0.0019595 secs] [Times: user=0.01 sys=0.00, real=0.01 secs] 
1.183: [GC (Allocation Failure) [PSYoungGen: 1221K->422K(1536K)] 7269K->6469K(9728K), 0.0062475 secs] [Times: user=0.00 sys=0.00, real=0.00 secs] 
1.190: [GC (Allocation Failure) [PSYoungGen: 1222K->422K(1536K)] 7270K->6469K(9728K), 0.0014610 secs] [Times: user=0.00 sys=0.00, real=0.00 secs] 
1.192: [GC (Allocation Failure) [PSYoungGen: 1223K->422K(1536K)] 7271K->6470K(9728K), 0.0028382 secs] [Times: user=0.00 sys=0.00, real=0.01 secs] 
1.195: [GC (Allocation Failure) [PSYoungGen: 1224K->423K(1536K)] 7272K->6470K(9728K), 0.0010980 secs] [Times: user=0.00 sys=0.00, real=0.00 secs] 
1.196: [GC (Allocation Failure) [PSYoungGen: 1225K->423K(1536K)] 7272K->6470K(9728K), 0.0064180 secs] [Times: user=0.01 sys=0.00, real=0.00 secs] 
1.203: [GC (Allocation Failure) [PSYoungGen: 1226K->423K(1536K)] 7273K->6471K(9728K), 0.0022876 secs] [Times: user=0.00 sys=0.00, real=0.01 secs] 
1.205: [GC (Allocation Failure) [PSYoungGen: 1227K->424K(1536K)] 7274K->6471K(9728K), 0.0021665 secs] [Times: user=0.00 sys=0.00, real=0.00 secs] 
1.208: [GC (Allocation Failure) [PSYoungGen: 1228K->424K(1536K)] 7275K->6471K(9728K), 0.0027925 secs] [Times: user=0.00 sys=0.00, real=0.00 secs] 
1.211: [GC (Allocation Failure) [PSYoungGen: 1229K->424K(1536K)] 7276K->6471K(9728K), 0.0014952 secs] [Times: user=0.00 sys=0.00, real=0.00 secs] 
1.212: [GC (Allocation Failure) [PSYoungGen: 1230K->425K(1536K)] 7277K->6472K(9728K), 0.0033009 secs] [Times: user=0.01 sys=0.00, real=0.01 secs] 
1.216: [GC (Allocation Failure) [PSYoungGen: 1231K->425K(1536K)] 7278K->6472K(9728K), 0.0010383 secs] [Times: user=0.00 sys=0.00, real=0.00 secs] 
1.217: [GC (Allocation Failure) [PSYoungGen: 1232K->425K(1536K)] 7279K->6472K(9728K), 0.0031901 secs] [Times: user=0.00 sys=0.00, real=0.00 secs] 
1.221: [GC (Allocation Failure) [PSYoungGen: 1233K->426K(1536K)] 7280K->6473K(9728K), 0.0016526 secs] [Times: user=0.00 sys=0.00, real=0.00 secs] 
1.223: [GC (Allocation Failure) [PSYoungGen: 1234K->426K(1536K)] 7281K->6473K(9728K), 0.0008818 secs] [Times: user=0.00 sys=0.00, real=0.01 secs] 
1.224: [GC (Allocation Failure) [PSYoungGen: 1235K->426K(1536K)] 7282K->6473K(9728K), 0.0016407 secs] [Times: user=0.00 sys=0.00, real=0.00 secs] 
1.225: [GC (Allocation Failure) [PSYoungGen: 1236K->427K(1536K)] 7283K->6474K(9728K), 0.0009936 secs] [Times: user=0.01 sys=0.00, real=0.00 secs] 
1.227: [GC (Allocation Failure) [PSYoungGen: 1237K->427K(1536K)] 7284K->6474K(9728K), 0.0018630 secs] [Times: user=0.00 sys=0.00, real=0.00 secs] 
1.229: [GC (Allocation Failure) [PSYoungGen: 1238K->427K(1536K)] 7285K->6474K(9728K), 0.0013212 secs] [Times: user=0.00 sys=0.00, real=0.00 secs] 
1.230: [GC (Allocation Failure) [PSYoungGen: 1239K->427K(1536K)] 7286K->6475K(9728K), 0.0009429 secs] [Times: user=0.00 sys=0.00, real=0.00 secs] 
1.232: [GC (Allocation Failure) [PSYoungGen: 1240K->428K(1536K)] 7287K->6475K(9728K), 0.0015396 secs] [Times: user=0.00 sys=0.00, real=0.01 secs] 
1.233: [GC (Allocation Failure) [PSYoungGen: 1241K->428K(1536K)] 7288K->6475K(9728K), 0.0010669 secs] [Times: user=0.01 sys=0.00, real=0.00 secs] 
1.235: [GC (Allocation Failure) [PSYoungGen: 1242K->428K(1536K)] 7289K->6476K(9728K), 0.0021157 secs] [Times: user=0.00 sys=0.00, real=0.00 secs] 
1.237: [GC (Allocation Failure) [PSYoungGen: 1243K->429K(1536K)] 7290K->6476K(9728K), 0.0024151 secs] [Times: user=0.00 sys=0.00, real=0.00 secs] 
1.240: [GC (Allocation Failure) [PSYoungGen: 1244K->429K(1536K)] 7291K->6476K(9728K), 0.0018432 secs] [Times: user=0.00 sys=0.00, real=0.00 secs] 
1.242: [GC (Allocation Failure) [PSYoungGen: 1244K->429K(1536K)] 7292K->6477K(9728K), 0.0019948 secs] [Times: user=0.00 sys=0.00, real=0.01 secs] 
1.244: [GC (Allocation Failure) [PSYoungGen: 1245K->430K(1536K)] 7293K->6477K(9728K), 0.0015456 secs] [Times: user=0.00 sys=0.00, real=0.00 secs] 
1.246: [GC (Allocation Failure) [PSYoungGen: 1246K->430K(1536K)] 7294K->6677K(9728K), 0.0009449 secs] [Times: user=0.01 sys=0.01, real=0.00 secs] 
1.247: [GC (Allocation Failure) [PSYoungGen: 1247K->430K(1536K)] 7494K->6677K(9728K), 0.0010678 secs] [Times: user=0.00 sys=0.00, real=0.00 secs] 
1.248: [GC (Allocation Failure) [PSYoungGen: 1248K->431K(1536K)] 7495K->6677K(9728K), 0.0013524 secs] [Times: user=0.00 sys=0.00, real=0.00 secs] 
1.250: [GC (Allocation Failure) [PSYoungGen: 1249K->431K(1536K)] 7496K->6677K(9728K), 0.0013945 secs] [Times: user=0.00 sys=0.00, real=0.00 secs] 
1.251: [GC (Allocation Failure) [PSYoungGen: 1250K->431K(1536K)] 7497K->6678K(9728K), 0.0008920 secs] [Times: user=0.01 sys=0.00, real=0.00 secs] 
1.252: [GC (Allocation Failure) [PSYoungGen: 1251K->432K(1536K)] 7498K->6678K(9728K), 0.0019429 secs] [Times: user=0.00 sys=0.00, real=0.01 secs] 
1.255: [GC (Allocation Failure) [PSYoungGen: 1252K->432K(1536K)] 7499K->6678K(9728K), 0.0020004 secs] [Times: user=0.00 sys=0.00, real=0.00 secs] 
1.257: [GC (Allocation Failure) [PSYoungGen: 1253K->432K(1536K)] 7500K->6679K(9728K), 0.0009847 secs] [Times: user=0.00 sys=0.00, real=0.00 secs] 
1.258: [GC (Allocation Failure) [PSYoungGen: 1254K->433K(1536K)] 7501K->6679K(9728K), 0.0008428 secs] [Times: user=0.00 sys=0.00, real=0.00 secs] 
1.259: [GC (Allocation Failure) [PSYoungGen: 1255K->433K(1536K)] 7502K->6679K(9728K), 0.0013804 secs] [Times: user=0.01 sys=0.00, real=0.00 secs] 
1.261: [GC (Allocation Failure) [PSYoungGen: 1256K->433K(1536K)] 7503K->6680K(9728K), 0.0013647 secs] [Times: user=0.00 sys=0.00, real=0.00 secs] 
1.262: [GC (Allocation Failure) [PSYoungGen: 1257K->434K(1536K)] 7503K->6881K(9728K), 0.0009852 secs] [Times: user=0.00 sys=0.00, real=0.01 secs] 
1.264: [GC (Allocation Failure) [PSYoungGen: 1258K->434K(1536K)] 7705K->7083K(9728K), 0.0008459 secs] [Times: user=0.00 sys=0.00, real=0.00 secs] 
1.265: [GC (Allocation Failure) [PSYoungGen: 1259K->434K(1536K)] 7908K->7083K(9728K), 0.0019328 secs] [Times: user=0.01 sys=0.00, real=0.00 secs] 
1.267: [GC (Allocation Failure) [PSYoungGen: 1260K->435K(1536K)] 7909K->7083K(9728K), 0.0015279 secs] [Times: user=0.00 sys=0.00, real=0.00 secs] 
1.268: [GC (Allocation Failure) [PSYoungGen: 1261K->435K(1536K)] 7910K->7084K(9728K), 0.0009198 secs] [Times: user=0.00 sys=0.00, real=0.00 secs] 
1.270: [GC (Allocation Failure) [PSYoungGen: 1262K->435K(1536K)] 7910K->7084K(9728K), 0.0011655 secs] [Times: user=0.00 sys=0.00, real=0.00 secs] 
1.271: [GC (Allocation Failure) [PSYoungGen: 1263K->435K(1536K)] 7911K->7084K(9728K), 0.0011072 secs] [Times: user=0.00 sys=0.00, real=0.00 secs] 
1.272: [GC (Allocation Failure) [PSYoungGen: 1264K->436K(1536K)] 7912K->7084K(9728K), 0.0013861 secs] [Times: user=0.01 sys=0.00, real=0.01 secs] 
1.274: [GC (Allocation Failure) [PSYoungGen: 1265K->436K(1536K)] 7913K->7287K(9728K), 0.0009496 secs] [Times: user=0.00 sys=0.00, real=0.00 secs] 
1.275: [GC (Allocation Failure) [PSYoungGen: 1266K->436K(1536K)] 8117K->7287K(9728K), 0.0009681 secs] [Times: user=0.00 sys=0.00, real=0.00 secs] 
1.276: [GC (Allocation Failure) [PSYoungGen: 1267K->437K(1536K)] 8118K->7288K(9728K), 0.0008876 secs] [Times: user=0.00 sys=0.00, real=0.00 secs] 
1.277: [GC (Allocation Failure) [PSYoungGen: 1268K->437K(1536K)] 8119K->7288K(9728K), 0.0008931 secs] [Times: user=0.00 sys=0.00, real=0.00 secs] 
1.278: [GC (Allocation Failure) [PSYoungGen: 1269K->437K(1536K)] 8120K->7288K(9728K), 0.0014044 secs] [Times: user=0.00 sys=0.00, real=0.00 secs] 
1.280: [GC (Allocation Failure) [PSYoungGen: 1269K->438K(1536K)] 8120K->7289K(9728K), 0.0014336 secs] [Times: user=0.01 sys=0.00, real=0.00 secs] 
1.282: [GC (Allocation Failure) [PSYoungGen: 1270K->438K(1536K)] 8121K->7289K(9728K), 0.0013092 secs] [Times: user=0.00 sys=0.00, real=0.01 secs] 
1.283: [GC (Allocation Failure) [PSYoungGen: 1271K->438K(1536K)] 8122K->7493K(9728K), 0.0011544 secs] [Times: user=0.00 sys=0.00, real=0.00 secs] 
1.285: [GC (Allocation Failure) [PSYoungGen: 1272K->439K(1536K)] 8327K->7493K(9728K), 0.0009288 secs] [Times: user=0.00 sys=0.00, real=0.00 secs] 
1.286: [GC (Allocation Failure) [PSYoungGen: 1273K->439K(1536K)] 8328K->7493K(9728K), 0.0012221 secs] [Times: user=0.00 sys=0.00, real=0.00 secs] 
1.287: [GC (Allocation Failure) [PSYoungGen: 1274K->439K(1536K)] 8329K->7494K(9728K), 0.0012912 secs] [Times: user=0.01 sys=0.00, real=0.00 secs] 
1.289: [GC (Allocation Failure) [PSYoungGen: 1275K->440K(1536K)] 8330K->7494K(9728K), 0.0013247 secs] [Times: user=0.00 sys=0.00, real=0.00 secs] 
1.290: [GC (Allocation Failure) [PSYoungGen: 1276K->440K(1536K)] 8331K->7494K(9728K), 0.0020082 secs] [Times: user=0.00 sys=0.00, real=0.00 secs] 
1.292: [GC (Allocation Failure) [PSYoungGen: 1277K->440K(1536K)] 8332K->7495K(9728K), 0.0012955 secs] [Times: user=0.00 sys=0.00, real=0.01 secs] 
1.294: [GC (Allocation Failure) [PSYoungGen: 1278K->441K(1536K)] 8333K->7495K(9728K), 0.0013334 secs] [Times: user=0.00 sys=0.00, real=0.00 secs] 
1.296: [GC (Allocation Failure) [PSYoungGen: 1279K->441K(1536K)] 8334K->7495K(9728K), 0.0015318 secs] [Times: user=0.01 sys=0.00, real=0.00 secs] 
1.297: [GC (Allocation Failure) [PSYoungGen: 1280K->441K(1536K)] 8334K->7496K(9728K), 0.0016041 secs] [Times: user=0.00 sys=0.00, real=0.00 secs] 
1.299: [GC (Allocation Failure) [PSYoungGen: 1281K->442K(1536K)] 8335K->7496K(9728K), 0.0023153 secs] [Times: user=0.00 sys=0.00, real=0.00 secs] 
1.302: [GC (Allocation Failure) [PSYoungGen: 1282K->442K(1536K)] 8336K->7496K(9728K), 0.0010325 secs] [Times: user=0.00 sys=0.00, real=0.00 secs] 
1.303: [GC (Allocation Failure) [PSYoungGen: 1283K->442K(1536K)] 8337K->7497K(9728K), 0.0018866 secs] [Times: user=0.00 sys=0.00, real=0.00 secs] 
1.305: [GC (Allocation Failure) [PSYoungGen: 1284K->443K(1536K)] 8338K->7497K(9728K), 0.0008083 secs] [Times: user=0.01 sys=0.00, real=0.00 secs] 
1.306: [GC (Allocation Failure) [PSYoungGen: 1285K->443K(1536K)] 8339K->7497K(9728K), 0.0008340 secs] [Times: user=0.00 sys=0.00, real=0.00 secs] 
1.307: [GC (Allocation Failure) [PSYoungGen: 1286K->443K(1536K)] 8340K->7498K(9728K), 0.0014825 secs] [Times: user=0.00 sys=0.00, real=0.00 secs] 
1.309: [GC (Allocation Failure) [PSYoungGen: 1287K->443K(1536K)] 8341K->7498K(9728K), 0.0009319 secs] [Times: user=0.00 sys=0.00, real=0.00 secs] 
1.310: [GC (Allocation Failure) [PSYoungGen: 1288K->444K(1536K)] 8342K->7498K(9728K), 0.0011841 secs] [Times: user=0.00 sys=0.00, real=0.00 secs] 
1.312: [GC (Allocation Failure) [PSYoungGen: 1289K->444K(1536K)] 8343K->7499K(9728K), 0.0010439 secs] [Times: user=0.00 sys=0.00, real=0.00 secs] 
1.313: [GC (Allocation Failure) [PSYoungGen: 1290K->444K(1536K)] 8344K->7499K(9728K), 0.0013639 secs] [Times: user=0.01 sys=0.00, real=0.00 secs] 
1.314: [GC (Allocation Failure) [PSYoungGen: 1291K->445K(1536K)] 8345K->7499K(9728K), 0.0013719 secs] [Times: user=0.00 sys=0.00, real=0.00 secs] 
1.316: [GC (Allocation Failure) [PSYoungGen: 1292K->445K(1536K)] 8346K->7500K(9728K), 0.0011054 secs] [Times: user=0.00 sys=0.00, real=0.00 secs] 
1.317: [GC (Allocation Failure) [PSYoungGen: 1293K->445K(1536K)] 8347K->7707K(9728K), 0.0004522 secs] [Times: user=0.00 sys=0.00, real=0.00 secs] 
1.318: [GC (Allocation Failure) [PSYoungGen: 1294K->446K(1536K)] 8555K->7707K(9728K), 0.0013722 secs] [Times: user=0.00 sys=0.00, real=0.00 secs] 
1.319: [GC (Allocation Failure) [PSYoungGen: 1294K->446K(1536K)] 8556K->7707K(9728K), 0.0013570 secs] [Times: user=0.01 sys=0.00, real=0.00 secs] 
1.321: [GC (Allocation Failure) [PSYoungGen: 1295K->446K(1536K)] 8557K->7708K(9728K), 0.0009337 secs] [Times: user=0.00 sys=0.00, real=0.00 secs] 
1.322: [GC (Allocation Failure) [PSYoungGen: 1296K->447K(1536K)] 8558K->7708K(9728K), 0.0013851 secs] [Times: user=0.00 sys=0.00, real=0.01 secs] 
1.324: [GC (Allocation Failure) [PSYoungGen: 1297K->447K(1536K)] 8559K->7708K(9728K), 0.0003167 secs] [Times: user=0.00 sys=0.00, real=0.00 secs] 
1.324: [GC (Allocation Failure) [PSYoungGen: 1298K->447K(1536K)] 8560K->7709K(9728K), 0.0013341 secs] [Times: user=0.00 sys=0.00, real=0.00 secs] 
1.325: [GC (Allocation Failure) [PSYoungGen: 1299K->448K(1536K)] 8561K->7709K(9728K), 0.0014158 secs] [Times: user=0.00 sys=0.00, real=0.00 secs] 
1.327: [GC (Allocation Failure) [PSYoungGen: 1300K->448K(1536K)] 8562K->7709K(9728K), 0.0013768 secs] [Times: user=0.01 sys=0.00, real=0.00 secs] 
1.329: [GC (Allocation Failure) [PSYoungGen: 1301K->448K(1536K)] 8563K->7710K(9728K), 0.0013614 secs] [Times: user=0.00 sys=0.00, real=0.00 secs] 
1.330: [GC (Allocation Failure) [PSYoungGen: 1302K->449K(1536K)] 8564K->7710K(9728K), 0.0013706 secs] [Times: user=0.00 sys=0.00, real=0.00 secs] 
1.332: [GC (Allocation Failure) [PSYoungGen: 1303K->449K(1536K)] 8565K->7710K(9728K), 0.0014134 secs] [Times: user=0.00 sys=0.00, real=0.01 secs] 
1.333: [GC (Allocation Failure) [PSYoungGen: 1304K->449K(1536K)] 8565K->7711K(9728K), 0.0013861 secs] [Times: user=0.00 sys=0.00, real=0.00 secs] 
1.335: [GC (Allocation Failure) [PSYoungGen: 1305K->450K(1536K)] 8566K->7711K(9728K), 0.0013718 secs] [Times: user=0.01 sys=0.00, real=0.00 secs] 
1.336: [GC (Allocation Failure) [PSYoungGen: 1306K->450K(1536K)] 8567K->7711K(9728K), 0.0013703 secs] [Times: user=0.00 sys=0.00, real=0.00 secs] 
1.338: [GC (Allocation Failure) [PSYoungGen: 1307K->450K(1536K)] 8568K->7712K(9728K), 0.0010323 secs] [Times: user=0.00 sys=0.00, real=0.00 secs] 
1.339: [GC (Allocation Failure) [PSYoungGen: 1308K->451K(1536K)] 8569K->7712K(9728K), 0.0013647 secs] [Times: user=0.00 sys=0.00, real=0.00 secs] 
1.341: [GC (Allocation Failure) [PSYoungGen: 1309K->451K(1536K)] 8570K->7712K(9728K), 0.0009198 secs] [Times: user=0.01 sys=0.00, real=0.00 secs] 
1.342: [GC (Allocation Failure) [PSYoungGen: 1310K->451K(1536K)] 8571K->7713K(9728K), 0.0013799 secs] [Times: user=0.00 sys=0.00, real=0.01 secs] 
1.343: [GC (Allocation Failure) [PSYoungGen: 1311K->451K(1536K)] 8572K->7713K(9728K), 0.0013683 secs] [Times: user=0.00 sys=0.00, real=0.00 secs] 
1.345: [GC (Allocation Failure) [PSYoungGen: 1312K->452K(1536K)] 8573K->7713K(9728K), 0.0019276 secs] [Times: user=0.00 sys=0.00, real=0.00 secs] 
1.347: [GC (Allocation Failure) [PSYoungGen: 1313K->452K(1536K)] 8574K->7924K(9728K), 0.0009481 secs] [Times: user=0.00 sys=0.00, real=0.00 secs] 
1.348: [GC (Allocation Failure) [PSYoungGen: 1314K->452K(1536K)] 8785K->7924K(9728K), 0.0010939 secs] [Times: user=0.01 sys=0.00, real=0.00 secs] 
1.350: [GC (Allocation Failure) [PSYoungGen: 1315K->453K(1536K)] 8786K->7924K(9728K), 0.0007355 secs] [Times: user=0.00 sys=0.00, real=0.00 secs] 
1.350: [GC (Allocation Failure) [PSYoungGen: 1316K->453K(1536K)] 8787K->7925K(9728K), 0.0013807 secs] [Times: user=0.00 sys=0.00, real=0.00 secs] 
1.352: [GC (Allocation Failure) [PSYoungGen: 1317K->453K(1536K)] 8788K->7925K(9728K), 0.0008638 secs] [Times: user=0.00 sys=0.00, real=0.01 secs] 
1.353: [GC (Allocation Failure) [PSYoungGen: 1318K->454K(1536K)] 8789K->7925K(9728K), 0.0013834 secs] [Times: user=0.00 sys=0.00, real=0.00 secs] 
1.355: [GC (Allocation Failure) [PSYoungGen: 1319K->454K(1536K)] 8790K->7926K(9728K), 0.0010039 secs] [Times: user=0.00 sys=0.00, real=0.00 secs] 
1.356: [GC (Allocation Failure) [PSYoungGen: 1319K->454K(1536K)] 8791K->7926K(9728K), 0.0010720 secs] [Times: user=0.01 sys=0.00, real=0.00 secs] 
1.357: [GC (Allocation Failure) [PSYoungGen: 1320K->455K(1536K)] 8792K->7926K(9728K), 0.0008701 secs] [Times: user=0.00 sys=0.00, real=0.00 secs] 
1.358: [GC (Allocation Failure) [PSYoungGen: 1321K->455K(1536K)] 8793K->7927K(9728K), 0.0010955 secs] [Times: user=0.00 sys=0.00, real=0.00 secs] 
1.360: [GC (Allocation Failure) [PSYoungGen: 1322K->455K(1536K)] 8794K->7927K(9728K), 0.0013992 secs] [Times: user=0.00 sys=0.00, real=0.00 secs] 
1.361: [GC (Allocation Failure) [PSYoungGen: 1323K->456K(1536K)] 8795K->7927K(9728K), 0.0015564 secs] [Times: user=0.00 sys=0.00, real=0.00 secs] 
1.363: [GC (Allocation Failure) [PSYoungGen: 1324K->456K(1536K)] 8796K->7928K(9728K), 0.0009202 secs] [Times: user=0.01 sys=0.00, real=0.00 secs] 
1.364: [GC (Allocation Failure) [PSYoungGen: 1325K->456K(1536K)] 8797K->7928K(9728K), 0.0015695 secs] [Times: user=0.00 sys=0.00, real=0.00 secs] 
1.366: [GC (Allocation Failure) [PSYoungGen: 1326K->457K(1536K)] 8798K->7928K(9728K), 0.0015798 secs] [Times: user=0.00 sys=0.00, real=0.00 secs] 
1.368: [GC (Allocation Failure) [PSYoungGen: 1327K->457K(1536K)] 8799K->7929K(9728K), 0.0016970 secs] [Times: user=0.00 sys=0.00, real=0.00 secs] 
1.370: [GC (Allocation Failure) [PSYoungGen: 1328K->457K(1536K)] 8800K->7929K(9728K), 0.0009326 secs] [Times: user=0.00 sys=0.00, real=0.00 secs] 
1.371: [GC (Allocation Failure) [PSYoungGen: 1329K->458K(1536K)] 8801K->7929K(9728K), 0.0009068 secs] [Times: user=0.00 sys=0.01, real=0.00 secs] 
1.372: [GC (Allocation Failure) [PSYoungGen: 1330K->458K(1536K)] 8802K->7930K(9728K), 0.0017764 secs] [Times: user=0.01 sys=0.00, real=0.01 secs] 
1.374: [GC (Allocation Failure) [PSYoungGen: 1331K->458K(1536K)] 8803K->8143K(9728K), 0.0005748 secs] [Times: user=0.00 sys=0.00, real=0.00 secs] 
1.375: [GC (Allocation Failure) [PSYoungGen: 1332K->459K(1536K)] 9017K->8144K(9728K), 0.0012888 secs] [Times: user=0.00 sys=0.00, real=0.00 secs] 
1.376: [GC (Allocation Failure) [PSYoungGen: 1333K->459K(1536K)] 9018K->8144K(9728K), 0.0013804 secs] [Times: user=0.00 sys=0.00, real=0.00 secs] 
1.378: [GC (Allocation Failure) [PSYoungGen: 1334K->459K(1536K)] 9019K->8144K(9728K), 0.0008639 secs] [Times: user=0.00 sys=0.00, real=0.00 secs] 
1.379: [GC (Allocation Failure) [PSYoungGen: 1335K->460K(1536K)] 9020K->8145K(9728K), 0.0014019 secs] [Times: user=0.01 sys=0.00, real=0.00 secs] 
1.380: [GC (Allocation Failure) [PSYoungGen: 1336K->460K(1536K)] 9021K->8145K(9728K), 0.0013887 secs] [Times: user=0.00 sys=0.00, real=0.00 secs] 
1.382: [GC (Allocation Failure) [PSYoungGen: 1337K->460K(1536K)] 9022K->8145K(9728K), 0.0015807 secs] [Times: user=0.00 sys=0.00, real=0.01 secs] 
1.384: [GC (Allocation Failure) [PSYoungGen: 1338K->460K(1536K)] 9023K->8146K(9728K), 0.0009741 secs] [Times: user=0.00 sys=0.00, real=0.00 secs] 
1.385: [GC (Allocation Failure) [PSYoungGen: 1339K->461K(1536K)] 9024K->8146K(9728K), 0.0013991 secs] [Times: user=0.01 sys=0.00, real=0.00 secs] 
1.387: [GC (Allocation Failure) [PSYoungGen: 1340K->461K(1536K)] 9025K->8146K(9728K), 0.0004583 secs] [Times: user=0.00 sys=0.00, real=0.00 secs] 
1.387: [GC (Allocation Failure) [PSYoungGen: 1341K->461K(1536K)] 9026K->8146K(9728K), 0.0021807 secs] [Times: user=0.00 sys=0.00, real=0.00 secs] 
1.390: [GC (Allocation Failure) [PSYoungGen: 1342K->462K(1536K)] 9027K->8147K(9728K), 0.0040546 secs] [Times: user=0.00 sys=0.00, real=0.01 secs] 
1.395: [GC (Allocation Failure) [PSYoungGen: 1343K->462K(1536K)] 9028K->8147K(9728K), 0.0009278 secs] [Times: user=0.00 sys=0.00, real=0.00 secs] 
1.397: [GC (Allocation Failure) [PSYoungGen: 1344K->462K(1536K)] 9029K->8147K(9728K), 0.0016149 secs] [Times: user=0.00 sys=0.00, real=0.00 secs] 
1.398: [GC (Allocation Failure) [PSYoungGen: 1344K->463K(1536K)] 9030K->8148K(9728K), 0.0009029 secs] [Times: user=0.01 sys=0.00, real=0.00 secs] 
1.400: [GC (Allocation Failure) [PSYoungGen: 1345K->463K(1536K)] 9030K->8148K(9728K), 0.0036807 secs] [Times: user=0.00 sys=0.00, real=0.01 secs] 
1.403: [GC (Allocation Failure) [PSYoungGen: 1346K->463K(1536K)] 9031K->8148K(9728K), 0.0009466 secs] [Times: user=0.00 sys=0.00, real=0.00 secs] 
1.405: [GC (Allocation Failure) [PSYoungGen: 1347K->464K(1536K)] 9032K->8149K(9728K), 0.0011814 secs] [Times: user=0.00 sys=0.00, real=0.00 secs] 
1.406: [GC (Allocation Failure) [PSYoungGen: 1348K->464K(1536K)] 9033K->8149K(9728K), 0.0013853 secs] [Times: user=0.00 sys=0.00, real=0.00 secs] 
1.408: [GC (Allocation Failure) [PSYoungGen: 1349K->464K(1536K)] 9034K->8149K(9728K), 0.0012712 secs] [Times: user=0.01 sys=0.00, real=0.00 secs] 
1.409: [GC (Allocation Failure) [PSYoungGen: 1350K->465K(1536K)] 9035K->8150K(9728K), 0.0013749 secs] [Times: user=0.00 sys=0.00, real=0.00 secs] 
1.411: [GC (Allocation Failure) [PSYoungGen: 1351K->465K(1536K)] 9036K->8150K(9728K), 0.0012741 secs] [Times: user=0.00 sys=0.00, real=0.00 secs] 
1.412: [GC (Allocation Failure) [PSYoungGen: 1352K->465K(1536K)] 9037K->8150K(9728K), 0.0008418 secs] [Times: user=0.00 sys=0.00, real=0.01 secs] 
1.413: [GC (Allocation Failure) [PSYoungGen: 1353K->466K(1536K)] 9038K->8151K(9728K), 0.0015298 secs] [Times: user=0.00 sys=0.00, real=0.00 secs] 
1.415: [GC (Allocation Failure) [PSYoungGen: 1354K->466K(1536K)] 9039K->8151K(9728K), 0.0019191 secs] [Times: user=0.01 sys=0.00, real=0.00 secs] 
1.417: [GC (Allocation Failure) [PSYoungGen: 1355K->466K(1536K)] 9040K->8151K(9728K), 0.0018951 secs] [Times: user=0.00 sys=0.00, real=0.00 secs] 
1.419: [GC (Allocation Failure) [PSYoungGen: 1356K->467K(1536K)] 9041K->8152K(9728K), 0.0013881 secs] [Times: user=0.00 sys=0.00, real=0.00 secs] 
1.421: [GC (Allocation Failure) [PSYoungGen: 1357K->467K(1536K)] 9042K->8370K(9728K), 0.0008356 secs] [Times: user=0.00 sys=0.00, real=0.00 secs] 
1.422: [Full GC (Ergonomics) [PSYoungGen: 467K->0K(1536K)] [ParOldGen: 7902K->1951K(8192K)] 8370K->1951K(9728K), [Metaspace: 3323K->3323K(1056768K)], 0.0069379 secs] [Times: user=0.01 sys=0.00, real=0.01 secs] 
1.429: [GC (Allocation Failure) [PSYoungGen: 911K->467K(1536K)] 2863K->2854K(9728K), 0.0021533 secs] [Times: user=0.00 sys=0.00, real=0.00 secs] 
1.432: [GC (Allocation Failure) [PSYoungGen: 1359K->468K(1536K)] 3746K->2854K(9728K), 0.0014678 secs] [Times: user=0.00 sys=0.00, real=0.01 secs] 
1.433: [GC (Allocation Failure) [PSYoungGen: 1360K->468K(1536K)] 3747K->2855K(9728K), 0.0013347 secs] [Times: user=0.00 sys=0.00, real=0.00 secs] 
1.435: [GC (Allocation Failure) [PSYoungGen: 1361K->468K(1536K)] 3748K->2855K(9728K), 0.0013929 secs] [Times: user=0.01 sys=0.00, real=0.00 secs] 
1.438: [GC (Allocation Failure) [PSYoungGen: 1364K->468K(1536K)] 3751K->2863K(9728K), 0.0008930 secs] [Times: user=0.00 sys=0.00, real=0.00 secs] 
1.439: [GC (Allocation Failure) [PSYoungGen: 1363K->469K(1536K)] 3758K->2872K(9728K), 0.0009614 secs] [Times: user=0.00 sys=0.00, real=0.00 secs] 
1.440: [GC (Allocation Failure) [PSYoungGen: 1364K->469K(1536K)] 3767K->2872K(9728K), 0.0013650 secs] [Times: user=0.00 sys=0.00, real=0.00 secs] 
1.442: [GC (Allocation Failure) [PSYoungGen: 1365K->469K(1536K)] 3768K->2872K(9728K), 0.0010041 secs] [Times: user=0.01 sys=0.00, real=0.00 secs] 
1.443: [GC (Allocation Failure) [PSYoungGen: 1366K->470K(1536K)] 3768K->2873K(9728K), 0.0012277 secs] [Times: user=0.00 sys=0.00, real=0.01 secs] 
1.444: [GC (Allocation Failure) [PSYoungGen: 1367K->470K(1536K)] 3769K->2873K(9728K), 0.0009878 secs] [Times: user=0.00 sys=0.00, real=0.00 secs] 
1.445: [GC (Allocation Failure) [PSYoungGen: 1368K->470K(1536K)] 3770K->2873K(9728K), 0.0013447 secs] [Times: user=0.00 sys=0.00, real=0.00 secs] 
1.447: [GC (Allocation Failure) [PSYoungGen: 1368K->471K(1536K)] 3771K->2874K(9728K), 0.0014038 secs] [Times: user=0.00 sys=0.00, real=0.00 secs] 
1.448: [GC (Allocation Failure) [PSYoungGen: 1369K->471K(1536K)] 3772K->2874K(9728K), 0.0013429 secs] [Times: user=0.01 sys=0.00, real=0.00 secs] 
1.450: [GC (Allocation Failure) [PSYoungGen: 1370K->471K(1536K)] 3773K->2874K(9728K), 0.0008369 secs] [Times: user=0.00 sys=0.00, real=0.00 secs] 
1.451: [GC (Allocation Failure) [PSYoungGen: 1371K->472K(1536K)] 3774K->2875K(9728K), 0.0013654 secs] [Times: user=0.00 sys=0.00, real=0.00 secs] 
1.452: [GC (Allocation Failure) [PSYoungGen: 1372K->472K(1536K)] 3775K->2875K(9728K), 0.0013602 secs] [Times: user=0.00 sys=0.00, real=0.01 secs] 
1.454: [GC (Allocation Failure) [PSYoungGen: 1373K->472K(1536K)] 3776K->2875K(9728K), 0.0013293 secs] [Times: user=0.00 sys=0.00, real=0.00 secs] 
1.455: [GC (Allocation Failure) [PSYoungGen: 1374K->473K(1536K)] 3777K->2876K(9728K), 0.0013364 secs] [Times: user=0.01 sys=0.00, real=0.00 secs] 
1.457: [GC (Allocation Failure) [PSYoungGen: 1375K->473K(1536K)] 3778K->2876K(9728K), 0.0013492 secs] [Times: user=0.00 sys=0.00, real=0.00 secs] 
1.458: [GC (Allocation Failure) [PSYoungGen: 1376K->473K(1536K)] 3779K->2876K(9728K), 0.0007185 secs] [Times: user=0.00 sys=0.00, real=0.00 secs] 
1.459: [GC (Allocation Failure) [PSYoungGen: 1377K->474K(1536K)] 3780K->3098K(9728K), 0.0002956 secs] [Times: user=0.00 sys=0.00, real=0.00 secs] 
1.460: [GC (Allocation Failure) [PSYoungGen: 1378K->474K(1536K)] 4002K->3098K(9728K), 0.0002540 secs] [Times: user=0.00 sys=0.00, real=0.00 secs] 
1.460: [GC (Allocation Failure) [PSYoungGen: 1379K->474K(1536K)] 4003K->3320K(9728K), 0.0008285 secs] [Times: user=0.00 sys=0.00, real=0.00 secs] 
1.461: [GC (Allocation Failure) [PSYoungGen: 1380K->475K(1536K)] 4225K->3541K(9728K), 0.0002950 secs] [Times: user=0.00 sys=0.00, real=0.00 secs] 
1.462: [GC (Allocation Failure) [PSYoungGen: 1381K->475K(1536K)] 4448K->3763K(9728K), 0.0002921 secs] [Times: user=0.00 sys=0.00, real=0.00 secs] 
1.462: [GC (Allocation Failure) [PSYoungGen: 1382K->475K(1536K)] 4670K->3986K(9728K), 0.0003342 secs] [Times: user=0.00 sys=0.00, real=0.00 secs] 
1.463: [GC (Allocation Failure) [PSYoungGen: 1383K->476K(1536K)] 4893K->4208K(9728K), 0.0002864 secs] [Times: user=0.00 sys=0.00, real=0.01 secs] 
1.463: [GC (Allocation Failure) [PSYoungGen: 1384K->476K(1536K)] 5116K->4208K(9728K), 0.0002572 secs] [Times: user=0.00 sys=0.00, real=0.00 secs] 
1.463: [GC (Allocation Failure) [PSYoungGen: 1385K->476K(1536K)] 5117K->4209K(9728K), 0.0007816 secs] [Times: user=0.01 sys=0.00, real=0.00 secs] 
1.464: [GC (Allocation Failure) [PSYoungGen: 1386K->476K(1536K)] 5118K->4209K(9728K), 0.0002491 secs] [Times: user=0.00 sys=0.00, real=0.00 secs] 
1.465: [GC (Allocation Failure) [PSYoungGen: 1387K->477K(1536K)] 5119K->4432K(9728K), 0.0002812 secs] [Times: user=0.00 sys=0.00, real=0.00 secs] 
1.465: [GC (Allocation Failure) [PSYoungGen: 1388K->477K(1536K)] 5343K->4432K(9728K), 0.0008075 secs] [Times: user=0.00 sys=0.00, real=0.00 secs] 
1.466: [GC (Allocation Failure) [PSYoungGen: 1389K->477K(1536K)] 5344K->4655K(9728K), 0.0002769 secs] [Times: user=0.00 sys=0.00, real=0.00 secs] 
1.467: [GC (Allocation Failure) [PSYoungGen: 1390K->478K(1536K)] 5568K->4656K(9728K), 0.0007764 secs] [Times: user=0.00 sys=0.00, real=0.00 secs] 
1.468: [GC (Allocation Failure) [PSYoungGen: 1391K->478K(1536K)] 5569K->4656K(9728K), 0.0002620 secs] [Times: user=0.00 sys=0.00, real=0.00 secs] 
1.468: [GC (Allocation Failure) [PSYoungGen: 1392K->478K(1536K)] 5570K->4656K(9728K), 0.0007610 secs] [Times: user=0.00 sys=0.00, real=0.00 secs] 
1.469: [GC (Allocation Failure) [PSYoungGen: 1393K->479K(1536K)] 5571K->4657K(9728K), 0.0002548 secs] [Times: user=0.00 sys=0.00, real=0.00 secs] 
1.469: [GC (Allocation Failure) [PSYoungGen: 1393K->479K(1536K)] 5571K->4881K(9728K), 0.0002873 secs] [Times: user=0.00 sys=0.00, real=0.00 secs] 
1.470: [GC (Allocation Failure) [PSYoungGen: 1394K->479K(1536K)] 5796K->4881K(9728K), 0.0007550 secs] [Times: user=0.01 sys=0.00, real=0.00 secs] 
1.471: [GC (Allocation Failure) [PSYoungGen: 1395K->480K(1536K)] 5797K->5106K(9728K), 0.0002766 secs] [Times: user=0.00 sys=0.00, real=0.00 secs] 
1.471: [GC (Allocation Failure) [PSYoungGen: 1396K->480K(1536K)] 6022K->5330K(9728K), 0.0002923 secs] [Times: user=0.00 sys=0.00, real=0.00 secs] 
1.471: [GC (Allocation Failure) [PSYoungGen: 1397K->480K(1536K)] 6247K->5330K(9728K), 0.0007583 secs] [Times: user=0.00 sys=0.00, real=0.00 secs] 
1.472: [GC (Allocation Failure) [PSYoungGen: 1398K->481K(1536K)] 6248K->5555K(9728K), 0.0002696 secs] [Times: user=0.00 sys=0.00, real=0.00 secs] 
1.473: [GC (Allocation Failure) [PSYoungGen: 1399K->481K(1536K)] 6474K->5556K(9728K), 0.0007560 secs] [Times: user=0.00 sys=0.00, real=0.01 secs] 
1.474: [GC (Allocation Failure) [PSYoungGen: 1400K->481K(1536K)] 6475K->5781K(9728K), 0.0002863 secs] [Times: user=0.00 sys=0.00, real=0.00 secs] 
1.474: [GC (Allocation Failure) [PSYoungGen: 1401K->482K(1536K)] 6701K->5781K(9728K), 0.0007556 secs] [Times: user=0.00 sys=0.00, real=0.00 secs] 
1.475: [GC (Allocation Failure) [PSYoungGen: 1402K->482K(1536K)] 6702K->6007K(9728K), 0.0002929 secs] [Times: user=0.00 sys=0.00, real=0.00 secs] 
1.475: [GC (Allocation Failure) [PSYoungGen: 1403K->482K(1536K)] 6928K->6232K(9728K), 0.0002829 secs] [Times: user=0.00 sys=0.00, real=0.00 secs] 
1.476: [GC (Allocation Failure) [PSYoungGen: 1404K->483K(1536K)] 7154K->6458K(9728K), 0.0008258 secs] [Times: user=0.00 sys=0.00, real=0.00 secs] 
1.477: [GC (Allocation Failure) [PSYoungGen: 1405K->483K(1536K)] 7381K->6684K(9728K), 0.0002965 secs] [Times: user=0.01 sys=0.00, real=0.00 secs] 
1.477: [GC (Allocation Failure) [PSYoungGen: 1406K->483K(1536K)] 7607K->6910K(9728K), 0.0002687 secs] [Times: user=0.00 sys=0.00, real=0.00 secs] 
1.478: [GC (Allocation Failure) [PSYoungGen: 1407K->484K(1536K)] 7834K->7137K(9728K), 0.0003456 secs] [Times: user=0.00 sys=0.00, real=0.00 secs] 
1.478: [GC (Allocation Failure) [PSYoungGen: 1408K->484K(1536K)] 8061K->7363K(9728K), 0.0002798 secs] [Times: user=0.00 sys=0.00, real=0.00 secs] 
1.479: [GC (Allocation Failure) [PSYoungGen: 1409K->484K(1536K)] 8288K->7590K(9728K), 0.0002672 secs] [Times: user=0.00 sys=0.00, real=0.00 secs] 
1.479: [GC (Allocation Failure) [PSYoungGen: 1410K->484K(1536K)] 8516K->7817K(9728K), 0.0007692 secs] [Times: user=0.00 sys=0.00, real=0.00 secs] 
1.480: [GC (Allocation Failure) [PSYoungGen: 1411K->485K(1536K)] 8743K->8044K(9728K), 0.0007685 secs] [Times: user=0.00 sys=0.01, real=0.00 secs] 
1.481: [GC (Allocation Failure) [PSYoungGen: 1412K->485K(1536K)] 8971K->8271K(9728K), 0.0007977 secs] [Times: user=0.00 sys=0.00, real=0.00 secs] 
1.482: [Full GC (Ergonomics) [PSYoungGen: 485K->0K(1536K)] [ParOldGen: 7785K->1989K(8192K)] 8271K->1989K(9728K), [Metaspace: 3328K->3328K(1056768K)], 0.0032950 secs] [Times: user=0.01 sys=0.00, real=0.01 secs] 
1.485: [GC (Allocation Failure) [PSYoungGen: 927K->485K(1536K)] 2917K->3156K(9728K), 0.0002986 secs] [Times: user=0.00 sys=0.00, real=0.00 secs] 
1.486: [GC (Allocation Failure) [PSYoungGen: 1413K->486K(1536K)] 4084K->3837K(9728K), 0.0007976 secs] [Times: user=0.00 sys=0.00, real=0.00 secs] 
1.487: [GC (Allocation Failure) [PSYoungGen: 1415K->486K(1536K)] 4766K->4065K(9728K), 0.0003587 secs] [Times: user=0.00 sys=0.00, real=0.00 secs] 
1.487: [GC (Allocation Failure) [PSYoungGen: 1416K->486K(1536K)] 4994K->4065K(9728K), 0.0008084 secs] [Times: user=0.00 sys=0.00, real=0.00 secs] 
1.488: [GC (Allocation Failure) [PSYoungGen: 1417K->487K(1536K)] 4995K->4293K(9728K), 0.0007809 secs] [Times: user=0.01 sys=0.00, real=0.00 secs] 
1.489: [GC (Allocation Failure) [PSYoungGen: 1418K->487K(1536K)] 5224K->4521K(9728K), 0.0003243 secs] [Times: user=0.00 sys=0.00, real=0.00 secs] 
1.489: [GC (Allocation Failure) [PSYoungGen: 1418K->487K(1536K)] 5453K->4749K(9728K), 0.0004852 secs] [Times: user=0.00 sys=0.00, real=0.00 secs] 
1.490: [GC (Allocation Failure) [PSYoungGen: 1419K->488K(1536K)] 5681K->4750K(9728K), 0.0005482 secs] [Times: user=0.00 sys=0.00, real=0.00 secs] 
1.491: [GC (Allocation Failure) [PSYoungGen: 1420K->488K(1536K)] 5682K->4750K(9728K), 0.0013535 secs] [Times: user=0.00 sys=0.00, real=0.00 secs] 
1.493: [GC (Allocation Failure) [PSYoungGen: 1421K->488K(1536K)] 5683K->4979K(9728K), 0.0004419 secs] [Times: user=0.00 sys=0.00, real=0.00 secs] 
1.494: [GC (Allocation Failure) [PSYoungGen: 1422K->489K(1536K)] 5913K->5208K(9728K), 0.0002957 secs] [Times: user=0.00 sys=0.00, real=0.00 secs] 
1.494: [GC (Allocation Failure) [PSYoungGen: 1423K->489K(1536K)] 6142K->5437K(9728K), 0.0003567 secs] [Times: user=0.00 sys=0.00, real=0.00 secs] 
1.495: [GC (Allocation Failure) [PSYoungGen: 1424K->489K(1536K)] 6372K->5666K(9728K), 0.0003840 secs] [Times: user=0.00 sys=0.00, real=0.00 secs] 
1.495: [GC (Allocation Failure) [PSYoungGen: 1425K->490K(1536K)] 6602K->5895K(9728K), 0.0002950 secs] [Times: user=0.00 sys=0.00, real=0.00 secs] 
1.496: [GC (Allocation Failure) [PSYoungGen: 1426K->490K(1536K)] 6832K->6125K(9728K), 0.0003779 secs] [Times: user=0.01 sys=0.00, real=0.00 secs] 
1.496: [GC (Allocation Failure) [PSYoungGen: 1427K->490K(1536K)] 7062K->6355K(9728K), 0.0003730 secs] [Times: user=0.00 sys=0.00, real=0.00 secs] 
1.497: [GC (Allocation Failure) [PSYoungGen: 1428K->491K(1536K)] 7292K->6584K(9728K), 0.0003257 secs] [Times: user=0.00 sys=0.00, real=0.00 secs] 
1.498: [GC (Allocation Failure) [PSYoungGen: 1429K->491K(1536K)] 7523K->6585K(9728K), 0.0008140 secs] [Times: user=0.00 sys=0.00, real=0.00 secs] 
1.499: [GC (Allocation Failure) [PSYoungGen: 1430K->491K(1536K)] 7524K->6815K(9728K), 0.0002837 secs] [Times: user=0.00 sys=0.00, real=0.00 secs] 
1.499: [GC (Allocation Failure) [PSYoungGen: 1431K->492K(1536K)] 7755K->7045K(9728K), 0.0008043 secs] [Times: user=0.00 sys=0.00, real=0.00 secs] 
1.500: [GC (Allocation Failure) [PSYoungGen: 1432K->492K(1536K)] 7986K->7276K(9728K), 0.0002682 secs] [Times: user=0.00 sys=0.00, real=0.00 secs] 
1.500: [GC (Allocation Failure) [PSYoungGen: 1433K->492K(1536K)] 8217K->7506K(9728K), 0.0002902 secs] [Times: user=0.00 sys=0.00, real=0.00 secs] 
1.501: [GC (Allocation Failure) [PSYoungGen: 1434K->492K(1536K)] 8448K->7737K(9728K), 0.0009048 secs] [Times: user=0.00 sys=0.00, real=0.00 secs] 
1.503: [GC (Allocation Failure) [PSYoungGen: 1435K->493K(1536K)] 8679K->7968K(9728K), 0.0004620 secs] [Times: user=0.01 sys=0.00, real=0.01 secs] 
1.503: [GC (Allocation Failure) [PSYoungGen: 1436K->493K(1536K)] 8911K->7968K(9728K), 0.0009287 secs] [Times: user=0.00 sys=0.00, real=0.00 secs] 
1.504: [GC (Allocation Failure) [PSYoungGen: 1437K->493K(1536K)] 8912K->8200K(9728K), 0.0008328 secs] [Times: user=0.00 sys=0.00, real=0.00 secs] 
1.505: [GC (Allocation Failure) [PSYoungGen: 1438K->494K(1536K)] 9144K->8431K(9728K), 0.0003553 secs] [Times: user=0.00 sys=0.00, real=0.00 secs] 
1.506: [Full GC (Ergonomics) [PSYoungGen: 494K->0K(1536K)] [ParOldGen: 7937K->1558K(8192K)] 8431K->1558K(9728K), [Metaspace: 3328K->3328K(1056768K)], 0.0069692 secs] [Times: user=0.02 sys=0.00, real=0.01 secs] 
1.513: [GC (Allocation Failure) [PSYoungGen: 944K->494K(1536K)] 2503K->2515K(9728K), 0.0008230 secs] [Times: user=0.00 sys=0.00, real=0.00 secs] 
1.514: [GC (Allocation Failure) [PSYoungGen: 1440K->494K(1536K)] 3460K->2746K(9728K), 0.0002845 secs] [Times: user=0.00 sys=0.00, real=0.00 secs] 
1.514: [GC (Allocation Failure) [PSYoungGen: 1441K->495K(1536K)] 3693K->2747K(9728K), 0.0002717 secs] [Times: user=0.00 sys=0.00, real=0.00 secs] 
1.515: [GC (Allocation Failure) [PSYoungGen: 1442K->495K(1536K)] 3694K->2747K(9728K), 0.0002664 secs] [Times: user=0.00 sys=0.00, real=0.00 secs] 
1.515: [GC (Allocation Failure) [PSYoungGen: 1443K->495K(1536K)] 3695K->2747K(9728K), 0.0002476 secs] [Times: user=0.00 sys=0.00, real=0.00 secs] 
1.516: [GC (Allocation Failure) [PSYoungGen: 1443K->496K(1536K)] 3696K->2980K(9728K), 0.0002882 secs] [Times: user=0.00 sys=0.00, real=0.00 secs] 
1.516: [GC (Allocation Failure) [PSYoungGen: 1444K->496K(1536K)] 3929K->2980K(9728K), 0.0002647 secs] [Times: user=0.00 sys=0.00, real=0.00 secs] 
1.517: [GC (Allocation Failure) [PSYoungGen: 1445K->496K(1536K)] 3930K->3213K(9728K), 0.0002683 secs] [Times: user=0.00 sys=0.00, real=0.00 secs] 
1.517: [GC (Allocation Failure) [PSYoungGen: 1446K->497K(1536K)] 4163K->3446K(9728K), 0.0002824 secs] [Times: user=0.00 sys=0.00, real=0.00 secs] 
1.517: [GC (Allocation Failure) [PSYoungGen: 1447K->497K(1536K)] 4396K->3679K(9728K), 0.0002918 secs] [Times: user=0.00 sys=0.00, real=0.00 secs] 
1.518: [GC (Allocation Failure) [PSYoungGen: 1448K->497K(1536K)] 4630K->3679K(9728K), 0.0007536 secs] [Times: user=0.00 sys=0.00, real=0.00 secs] 
1.519: [GC (Allocation Failure) [PSYoungGen: 1449K->498K(1536K)] 4631K->3679K(9728K), 0.0003365 secs] [Times: user=0.00 sys=0.00, real=0.00 secs] 
1.519: [GC (Allocation Failure) [PSYoungGen: 1450K->498K(1536K)] 4632K->3913K(9728K), 0.0003241 secs] [Times: user=0.00 sys=0.00, real=0.00 secs] 
1.520: [GC (Allocation Failure) [PSYoungGen: 1451K->498K(1536K)] 4866K->4147K(9728K), 0.0003525 secs] [Times: user=0.00 sys=0.00, real=0.00 secs] 
1.521: [GC (Allocation Failure) [PSYoungGen: 1452K->499K(1536K)] 5101K->4381K(9728K), 0.0003081 secs] [Times: user=0.00 sys=0.00, real=0.00 secs] 
1.521: [GC (Allocation Failure) [PSYoungGen: 1453K->499K(1536K)] 5335K->4381K(9728K), 0.0008270 secs] [Times: user=0.00 sys=0.00, real=0.00 secs] 
1.522: [GC (Allocation Failure) [PSYoungGen: 1454K->499K(1536K)] 5336K->4615K(9728K), 0.0002644 secs] [Times: user=0.00 sys=0.00, real=0.00 secs] 
1.522: [GC (Allocation Failure) [PSYoungGen: 1455K->500K(1536K)] 5571K->4849K(9728K), 0.0002681 secs] [Times: user=0.00 sys=0.00, real=0.00 secs] 
1.523: [GC (Allocation Failure) [PSYoungGen: 1456K->500K(1536K)] 5806K->5084K(9728K), 0.0007796 secs] [Times: user=0.00 sys=0.00, real=0.01 secs] 
1.524: [GC (Allocation Failure) [PSYoungGen: 1457K->500K(1536K)] 6041K->5319K(9728K), 0.0002800 secs] [Times: user=0.00 sys=0.00, real=0.00 secs] 
1.524: [GC (Allocation Failure) [PSYoungGen: 1458K->501K(1536K)] 6276K->5553K(9728K), 0.0002754 secs] [Times: user=0.00 sys=0.00, real=0.00 secs] 
1.525: [GC (Allocation Failure) [PSYoungGen: 1459K->501K(1536K)] 6512K->5788K(9728K), 0.0003036 secs] [Times: user=0.00 sys=0.00, real=0.00 secs] 
1.525: [GC (Allocation Failure) [PSYoungGen: 1460K->501K(1536K)] 6747K->6024K(9728K), 0.0002967 secs] [Times: user=0.00 sys=0.00, real=0.00 secs] 
1.526: [GC (Allocation Failure) [PSYoungGen: 1461K->298K(1536K)] 6983K->6291K(9728K), 0.0002856 secs] [Times: user=0.00 sys=0.00, real=0.00 secs] 
1.526: [GC (Allocation Failure) [PSYoungGen: 1259K->502K(1536K)] 7251K->6502K(9728K), 0.0008209 secs] [Times: user=0.00 sys=0.00, real=0.00 secs] 
1.527: [GC (Allocation Failure) [PSYoungGen: 1463K->502K(1536K)] 7463K->6738K(9728K), 0.0008602 secs] [Times: user=0.00 sys=0.00, real=0.00 secs] 
1.528: [GC (Allocation Failure) [PSYoungGen: 1464K->502K(1536K)] 7699K->6974K(9728K), 0.0003116 secs] [Times: user=0.00 sys=0.00, real=0.00 secs] 
1.529: [GC (Allocation Failure) [PSYoungGen: 1465K->503K(1536K)] 7936K->7209K(9728K), 0.0002847 secs] [Times: user=0.00 sys=0.00, real=0.00 secs] 
1.529: [GC (Allocation Failure) [PSYoungGen: 1466K->503K(1536K)] 8172K->7210K(9728K), 0.0008245 secs] [Times: user=0.00 sys=0.00, real=0.00 secs] 
1.530: [GC (Allocation Failure) [PSYoungGen: 1467K->503K(1536K)] 8173K->7446K(9728K), 0.0004876 secs] [Times: user=0.01 sys=0.00, real=0.00 secs] 
1.531: [GC (Allocation Failure) [PSYoungGen: 1468K->504K(1536K)] 8410K->7682K(9728K), 0.0007819 secs] [Times: user=0.00 sys=0.00, real=0.00 secs] 
1.532: [GC (Allocation Failure) [PSYoungGen: 1468K->504K(1536K)] 8647K->7919K(9728K), 0.0007738 secs] [Times: user=0.00 sys=0.00, real=0.00 secs] 
1.533: [GC (Allocation Failure) [PSYoungGen: 1469K->504K(1536K)] 8884K->8156K(9728K), 0.0008068 secs] [Times: user=0.00 sys=0.00, real=0.01 secs] 
1.534: [GC (Allocation Failure) [PSYoungGen: 1470K->505K(1536K)] 9122K->8393K(9728K), 0.0002971 secs] [Times: user=0.01 sys=0.00, real=0.00 secs] 
1.534: [Full GC (Ergonomics) [PSYoungGen: 505K->0K(1536K)] [ParOldGen: 7888K->1569K(8192K)] 8393K->1569K(9728K), [Metaspace: 3328K->3328K(1056768K)], 0.0028023 secs] [Times: user=0.00 sys=0.00, real=0.00 secs] 
1.537: [GC (Allocation Failure) [PSYoungGen: 966K->505K(1536K)] 2536K->2785K(9728K), 0.0003221 secs] [Times: user=0.00 sys=0.00, real=0.00 secs] 
1.537: [GC (Allocation Failure) [PSYoungGen: 1472K->505K(1536K)] 3752K->2785K(9728K), 0.0002759 secs] [Times: user=0.00 sys=0.00, real=0.00 secs] 
1.538: [GC (Allocation Failure) [PSYoungGen: 1473K->506K(1536K)] 3753K->2785K(9728K), 0.0002429 secs] [Times: user=0.00 sys=0.00, real=0.00 secs] 
1.538: [GC (Allocation Failure) [PSYoungGen: 1474K->506K(1536K)] 3754K->3023K(9728K), 0.0002934 secs] [Times: user=0.00 sys=0.00, real=0.00 secs] 
1.539: [GC (Allocation Failure) [PSYoungGen: 1475K->506K(1536K)] 3992K->3261K(9728K), 0.0007601 secs] [Times: user=0.00 sys=0.00, real=0.00 secs] 
1.539: [GC (Allocation Failure) [PSYoungGen: 1476K->507K(1536K)] 4231K->3261K(9728K), 0.0002846 secs] [Times: user=0.00 sys=0.00, real=0.00 secs] 
1.540: [GC (Allocation Failure) [PSYoungGen: 1477K->507K(1536K)] 4232K->3499K(9728K), 0.0002719 secs] [Times: user=0.00 sys=0.00, real=0.00 secs] 
1.540: [GC (Allocation Failure) [PSYoungGen: 1478K->507K(1536K)] 4470K->3499K(9728K), 0.0007809 secs] [Times: user=0.00 sys=0.00, real=0.00 secs] 
1.541: [GC (Allocation Failure) [PSYoungGen: 1479K->508K(1536K)] 4471K->3500K(9728K), 0.0007597 secs] [Times: user=0.00 sys=0.00, real=0.00 secs] 
1.542: [GC (Allocation Failure) [PSYoungGen: 1480K->508K(1536K)] 4472K->3500K(9728K), 0.0002568 secs] [Times: user=0.00 sys=0.00, real=0.00 secs] 
1.543: [GC (Allocation Failure) [PSYoungGen: 1481K->508K(1536K)] 4473K->3500K(9728K), 0.0002531 secs] [Times: user=0.00 sys=0.00, real=0.00 secs] 
1.543: [GC (Allocation Failure) [PSYoungGen: 1482K->509K(1536K)] 4474K->3739K(9728K), 0.0002859 secs] [Times: user=0.00 sys=0.00, real=0.00 secs] 
1.543: [GC (Allocation Failure) [PSYoungGen: 1483K->509K(1536K)] 4714K->3978K(9728K), 0.0007799 secs] [Times: user=0.00 sys=0.00, real=0.00 secs] 
1.544: [GC (Allocation Failure) [PSYoungGen: 1484K->509K(1536K)] 4953K->4217K(9728K), 0.0002686 secs] [Times: user=0.00 sys=0.00, real=0.00 secs] 
1.545: [GC (Allocation Failure) [PSYoungGen: 1485K->509K(1536K)] 5193K->4457K(9728K), 0.0002879 secs] [Times: user=0.00 sys=0.00, real=0.00 secs] 
1.545: [GC (Allocation Failure) [PSYoungGen: 1486K->510K(1536K)] 5433K->4457K(9728K), 0.0007870 secs] [Times: user=0.01 sys=0.00, real=0.00 secs] 
1.546: [GC (Allocation Failure) [PSYoungGen: 1487K->510K(1536K)] 5434K->4697K(9728K), 0.0002600 secs] [Times: user=0.00 sys=0.00, real=0.00 secs] 
1.546: [GC (Allocation Failure) [PSYoungGen: 1488K->510K(1536K)] 5674K->4936K(9728K), 0.0007887 secs] [Times: user=0.00 sys=0.00, real=0.00 secs] 
1.547: [GC (Allocation Failure) [PSYoungGen: 1489K->511K(1536K)] 5915K->5176K(9728K), 0.0002930 secs] [Times: user=0.00 sys=0.00, real=0.00 secs] 
1.548: [GC (Allocation Failure) [PSYoungGen: 1490K->511K(1536K)] 6155K->5416K(9728K), 0.0002800 secs] [Times: user=0.00 sys=0.00, real=0.00 secs] 
1.548: [GC (Allocation Failure) [PSYoungGen: 1491K->511K(1536K)] 6396K->5657K(9728K), 0.0003027 secs] [Times: user=0.00 sys=0.00, real=0.00 secs] 
1.549: [GC (Allocation Failure) [PSYoungGen: 1492K->272K(1536K)] 6637K->5897K(9728K), 0.0002680 secs] [Times: user=0.00 sys=0.00, real=0.00 secs] 
1.549: [GC (Allocation Failure) [PSYoungGen: 1252K->272K(1536K)] 6878K->6378K(9728K), 0.0002698 secs] [Times: user=0.00 sys=0.00, real=0.00 secs] 
1.549: [GC (Allocation Failure) [PSYoungGen: 1253K->272K(1536K)] 7359K->6859K(9728K), 0.0007718 secs] [Times: user=0.00 sys=0.00, real=0.00 secs] 
1.550: [GC (Allocation Failure) [PSYoungGen: 1254K->272K(1536K)] 7841K->7340K(9728K), 0.0002899 secs] [Times: user=0.00 sys=0.00, real=0.00 secs] 
1.551: [GC (Allocation Failure) [PSYoungGen: 1255K->272K(1536K)] 8323K->7822K(9728K), 0.0002797 secs] [Times: user=0.00 sys=0.00, real=0.00 secs] 
1.551: [Full GC (Ergonomics) [PSYoungGen: 272K->0K(1536K)] [ParOldGen: 7549K->1578K(8192K)] 7822K->1578K(9728K), [Metaspace: 3328K->3328K(1056768K)], 0.0027451 secs] [Times: user=0.01 sys=0.00, real=0.01 secs] 
1.554: [GC (Allocation Failure) [PSYoungGen: 983K->272K(1536K)] 2561K->2573K(9728K), 0.0003236 secs] [Times: user=0.00 sys=0.00, real=0.00 secs] 
1.554: [GC (Allocation Failure) [PSYoungGen: 1256K->273K(1536K)] 3557K->2814K(9728K), 0.0002798 secs] [Times: user=0.00 sys=0.00, real=0.00 secs] 
1.555: [GC (Allocation Failure) [PSYoungGen: 1257K->273K(1536K)] 3799K->3056K(9728K), 0.0002438 secs] [Times: user=0.00 sys=0.00, real=0.00 secs] 
1.555: [GC (Allocation Failure) [PSYoungGen: 1258K->273K(1536K)] 4041K->3539K(9728K), 0.0002805 secs] [Times: user=0.00 sys=0.00, real=0.00 secs] 
1.556: [GC (Allocation Failure) [PSYoungGen: 1259K->273K(1536K)] 4525K->4022K(9728K), 0.0003144 secs] [Times: user=0.00 sys=0.00, real=0.00 secs] 
1.556: [GC (Allocation Failure) [PSYoungGen: 1260K->273K(1536K)] 5008K->4264K(9728K), 0.0014162 secs] [Times: user=0.01 sys=0.00, real=0.00 secs] 
1.558: [GC (Allocation Failure) [PSYoungGen: 1260K->273K(1536K)] 5251K->4506K(9728K), 0.0013576 secs] [Times: user=0.00 sys=0.00, real=0.00 secs] 
1.559: [GC (Allocation Failure) [PSYoungGen: 1261K->274K(1536K)] 5494K->4748K(9728K), 0.0008185 secs] [Times: user=0.00 sys=0.00, real=0.00 secs] 
1.560: [GC (Allocation Failure) [PSYoungGen: 1262K->274K(1536K)] 5736K->4990K(9728K), 0.0008441 secs] [Times: user=0.00 sys=0.00, real=0.00 secs] 
1.561: [GC (Allocation Failure) [PSYoungGen: 1263K->274K(1536K)] 5979K->5475K(9728K), 0.0012180 secs] [Times: user=0.00 sys=0.00, real=0.00 secs] 
1.563: [GC (Allocation Failure) [PSYoungGen: 1264K->274K(1536K)] 6465K->5718K(9728K), 0.0008176 secs] [Times: user=0.01 sys=0.00, real=0.01 secs] 
1.564: [GC (Allocation Failure) [PSYoungGen: 1264K->274K(1536K)] 6708K->6203K(9728K), 0.0008229 secs] [Times: user=0.00 sys=0.00, real=0.00 secs] 
1.565: [GC (Allocation Failure) [PSYoungGen: 1265K->274K(1536K)] 7194K->6446K(9728K), 0.0010805 secs] [Times: user=0.00 sys=0.00, real=0.00 secs] 
1.566: [GC (Allocation Failure) [PSYoungGen: 1266K->274K(1536K)] 7438K->6932K(9728K), 0.0005505 secs] [Times: user=0.00 sys=0.00, real=0.00 secs] 
1.567: [GC (Allocation Failure) [PSYoungGen: 1267K->275K(1536K)] 7925K->7419K(9728K), 0.0007923 secs] [Times: user=0.00 sys=0.00, real=0.00 secs] 
1.568: [GC (Allocation Failure) [PSYoungGen: 1268K->275K(1536K)] 8412K->7662K(9728K), 0.0009879 secs] [Times: user=0.00 sys=0.00, real=0.00 secs] 
1.569: [GC (Allocation Failure) [PSYoungGen: 1268K->275K(1536K)] 8656K->8149K(9728K), 0.0008168 secs] [Times: user=0.01 sys=0.00, real=0.00 secs] 
1.570: [Full GC (Ergonomics) [PSYoungGen: 275K->0K(1536K)] [ParOldGen: 7874K->1583K(8192K)] 8149K->1583K(9728K), [Metaspace: 3328K->3328K(1056768K)], 0.0032960 secs] [Times: user=0.00 sys=0.00, real=0.01 secs] 
1.573: [GC (Allocation Failure) [PSYoungGen: 994K->275K(1536K)] 2577K->2589K(9728K), 0.0008257 secs] [Times: user=0.01 sys=0.00, real=0.00 secs] 
1.574: [GC (Allocation Failure) [PSYoungGen: 1270K->275K(1536K)] 3584K->3077K(9728K), 0.0005985 secs] [Times: user=0.00 sys=0.00, real=0.00 secs] 
1.575: [GC (Allocation Failure) [PSYoungGen: 1271K->275K(1536K)] 4073K->3565K(9728K), 0.0008133 secs] [Times: user=0.00 sys=0.00, real=0.00 secs] 
1.576: [GC (Allocation Failure) [PSYoungGen: 1272K->276K(1536K)] 4561K->3809K(9728K), 0.0009704 secs] [Times: user=0.00 sys=0.00, real=0.00 secs] 
1.577: [GC (Allocation Failure) [PSYoungGen: 1272K->276K(1536K)] 4806K->4054K(9728K), 0.0008548 secs] [Times: user=0.00 sys=0.00, real=0.00 secs] 
1.578: [GC (Allocation Failure) [PSYoungGen: 1273K->276K(1536K)] 5051K->4543K(9728K), 0.0008030 secs] [Times: user=0.01 sys=0.00, real=0.00 secs] 
1.579: [GC (Allocation Failure) [PSYoungGen: 1274K->276K(1536K)] 5541K->5032K(9728K), 0.0003364 secs] [Times: user=0.00 sys=0.00, real=0.00 secs] 
1.579: [GC (Allocation Failure) [PSYoungGen: 1275K->276K(1536K)] 6031K->5522K(9728K), 0.0003041 secs] [Times: user=0.00 sys=0.00, real=0.00 secs] 
1.580: [GC (Allocation Failure) [PSYoungGen: 1276K->276K(1536K)] 6521K->6012K(9728K), 0.0002829 secs] [Times: user=0.00 sys=0.00, real=0.00 secs] 
1.580: [GC (Allocation Failure) [PSYoungGen: 1276K->277K(1536K)] 7012K->6257K(9728K), 0.0003084 secs] [Times: user=0.00 sys=0.00, real=0.00 secs] 
1.581: [GC (Allocation Failure) [PSYoungGen: 1277K->277K(1536K)] 7258K->6748K(9728K), 0.0003330 secs] [Times: user=0.00 sys=0.00, real=0.00 secs] 
1.581: [GC (Allocation Failure) [PSYoungGen: 1278K->277K(1536K)] 7749K->6993K(9728K), 0.0004032 secs] [Times: user=0.00 sys=0.00, real=0.00 secs] 
1.582: [GC (Allocation Failure) [PSYoungGen: 1279K->277K(1536K)] 7995K->7239K(9728K), 0.0002929 secs] [Times: user=0.00 sys=0.00, real=0.00 secs] 
1.582: [GC (Allocation Failure) [PSYoungGen: 1280K->277K(1536K)] 8242K->7731K(9728K), 0.0004928 secs] [Times: user=0.00 sys=0.00, real=0.00 secs] 
1.583: [Full GC (Ergonomics) [PSYoungGen: 277K->0K(1536K)] [ParOldGen: 7453K->1588K(8192K)] 7731K->1588K(9728K), [Metaspace: 3328K->3328K(1056768K)], 0.0025432 secs] [Times: user=0.01 sys=0.00, real=0.00 secs] 
1.586: [GC (Allocation Failure) [PSYoungGen: 1003K->277K(1536K)] 2591K->2603K(9728K), 0.0003026 secs] [Times: user=0.00 sys=0.00, real=0.00 secs] 
1.586: [GC (Allocation Failure) [PSYoungGen: 1281K->278K(1536K)] 3607K->3095K(9728K), 0.0002897 secs] [Times: user=0.00 sys=0.00, real=0.00 secs] 
1.586: [GC (Allocation Failure) [PSYoungGen: 1282K->278K(1536K)] 4100K->3588K(9728K), 0.0002829 secs] [Times: user=0.00 sys=0.00, real=0.00 secs] 
1.587: [GC (Allocation Failure) [PSYoungGen: 1283K->278K(1536K)] 4593K->4080K(9728K), 0.0002633 secs] [Times: user=0.00 sys=0.00, real=0.00 secs] 
1.587: [GC (Allocation Failure) [PSYoungGen: 1284K->278K(1536K)] 5086K->4327K(9728K), 0.0002590 secs] [Times: user=0.00 sys=0.00, real=0.00 secs] 
1.588: [GC (Allocation Failure) [PSYoungGen: 1284K->278K(1536K)] 5334K->4574K(9728K), 0.0005063 secs] [Times: user=0.00 sys=0.00, real=0.00 secs] 
1.588: [GC (Allocation Failure) [PSYoungGen: 1285K->278K(1536K)] 5581K->5068K(9728K), 0.0007922 secs] [Times: user=0.00 sys=0.00, real=0.00 secs] 
1.589: [GC (Allocation Failure) [PSYoungGen: 1286K->278K(1536K)] 6076K->5562K(9728K), 0.0002849 secs] [Times: user=0.00 sys=0.00, real=0.00 secs] 
1.590: [GC (Allocation Failure) [PSYoungGen: 1287K->279K(1536K)] 6570K->6056K(9728K), 0.0002904 secs] [Times: user=0.00 sys=0.00, real=0.00 secs] 
1.590: [GC (Allocation Failure) [PSYoungGen: 1288K->279K(1536K)] 7065K->6551K(9728K), 0.0002935 secs] [Times: user=0.00 sys=0.00, real=0.00 secs] 
1.591: [GC (Allocation Failure) [PSYoungGen: 1288K->279K(1536K)] 7561K->7046K(9728K), 0.0002919 secs] [Times: user=0.00 sys=0.00, real=0.00 secs] 
1.591: [GC (Allocation Failure) [PSYoungGen: 1289K->279K(1536K)] 8057K->7542K(9728K), 0.0007977 secs] [Times: user=0.01 sys=0.00, real=0.00 secs] 
1.592: [GC (Allocation Failure) [PSYoungGen: 1290K->279K(1536K)] 8553K->8037K(9728K), 0.0002831 secs] [Times: user=0.00 sys=0.00, real=0.00 secs] 
1.592: [Full GC (Ergonomics) [PSYoungGen: 279K->0K(1536K)] [ParOldGen: 7758K->1592K(8192K)] 8037K->1592K(9728K), [Metaspace: 3328K->3328K(1056768K)], 0.0021559 secs] [Times: user=0.00 sys=0.00, real=0.01 secs] 
1.595: [GC (Allocation Failure) [PSYoungGen: 1011K->279K(1536K)] 2603K->2863K(9728K), 0.0003101 secs] [Times: user=0.00 sys=0.00, real=0.00 secs] 
1.595: [GC (Allocation Failure) [PSYoungGen: 1292K->280K(1536K)] 3875K->3112K(9728K), 0.0002593 secs] [Times: user=0.00 sys=0.00, real=0.00 secs] 
1.595: [GC (Allocation Failure) [PSYoungGen: 1292K->280K(1536K)] 4124K->3360K(9728K), 0.0002508 secs] [Times: user=0.00 sys=0.00, real=0.00 secs] 
1.596: [GC (Allocation Failure) [PSYoungGen: 1293K->280K(1536K)] 4373K->3609K(9728K), 0.0002661 secs] [Times: user=0.00 sys=0.00, real=0.00 secs] 
1.596: [GC (Allocation Failure) [PSYoungGen: 1294K->280K(1536K)] 4623K->3857K(9728K), 0.0002745 secs] [Times: user=0.00 sys=0.00, real=0.00 secs] 
1.597: [GC (Allocation Failure) [PSYoungGen: 1295K->280K(1536K)] 4872K->4355K(9728K), 0.0003238 secs] [Times: user=0.00 sys=0.00, real=0.00 secs] 
1.597: [GC (Allocation Failure) [PSYoungGen: 1296K->280K(1536K)] 5370K->4853K(9728K), 0.0002905 secs] [Times: user=0.00 sys=0.00, real=0.00 secs] 
1.598: [GC (Allocation Failure) [PSYoungGen: 1296K->281K(1536K)] 5869K->5102K(9728K), 0.0003563 secs] [Times: user=0.00 sys=0.00, real=0.00 secs] 
1.598: [GC (Allocation Failure) [PSYoungGen: 1297K->281K(1536K)] 6119K->5601K(9728K), 0.0007942 secs] [Times: user=0.01 sys=0.00, real=0.00 secs] 
1.599: [GC (Allocation Failure) [PSYoungGen: 1298K->281K(1536K)] 6618K->6100K(9728K), 0.0002718 secs] [Times: user=0.00 sys=0.00, real=0.00 secs] 
1.599: [GC (Allocation Failure) [PSYoungGen: 1299K->281K(1536K)] 7118K->6599K(9728K), 0.0003149 secs] [Times: user=0.00 sys=0.00, real=0.00 secs] 
1.600: [GC (Allocation Failure) [PSYoungGen: 1300K->281K(1536K)] 7618K->7099K(9728K), 0.0002810 secs] [Times: user=0.00 sys=0.00, real=0.00 secs] 
1.600: [GC (Allocation Failure) [PSYoungGen: 1300K->281K(1536K)] 8118K->7599K(9728K), 0.0007796 secs] [Times: user=0.00 sys=0.00, real=0.00 secs] 
1.601: [GC (Allocation Failure) [PSYoungGen: 1301K->282K(1536K)] 8618K->8099K(9728K), 0.0002740 secs] [Times: user=0.00 sys=0.00, real=0.00 secs] 
1.602: [Full GC (Ergonomics) [PSYoungGen: 282K->0K(1536K)] [ParOldGen: 7817K->1596K(8192K)] 8099K->1596K(9728K), [Metaspace: 3328K->3328K(1056768K)], 0.0021442 secs] [Times: user=0.01 sys=0.00, real=0.01 secs] 
1.604: [GC (Allocation Failure) [PSYoungGen: 1020K->282K(1536K)] 2617K->2879K(9728K), 0.0003096 secs] [Times: user=0.00 sys=0.00, real=0.00 secs] 
1.604: [GC (Allocation Failure) [PSYoungGen: 1303K->282K(1536K)] 3900K->3380K(9728K), 0.0007800 secs] [Times: user=0.00 sys=0.00, real=0.00 secs] 
1.605: [GC (Allocation Failure) [PSYoungGen: 1304K->282K(1536K)] 4402K->3881K(9728K), 0.0002716 secs] [Times: user=0.00 sys=0.00, real=0.00 secs] 
1.606: [GC (Allocation Failure) [PSYoungGen: 1304K->282K(1536K)] 4903K->4383K(9728K), 0.0002892 secs] [Times: user=0.00 sys=0.01, real=0.00 secs] 
1.606: [GC (Allocation Failure) [PSYoungGen: 1305K->282K(1536K)] 5406K->4634K(9728K), 0.0007599 secs] [Times: user=0.00 sys=0.00, real=0.00 secs] 
1.607: [GC (Allocation Failure) [PSYoungGen: 1306K->282K(1536K)] 5657K->5136K(9728K), 0.0002805 secs] [Times: user=0.00 sys=0.00, real=0.00 secs] 
1.608: [GC (Allocation Failure) [PSYoungGen: 1056K->283K(1536K)] 5909K->5136K(9728K), 0.0002675 secs] [Times: user=0.00 sys=0.00, real=0.00 secs] 
1.608: [GC (Allocation Failure) [PSYoungGen: 1056K->502K(1536K)] 5909K->5614K(9728K), 0.0003204 secs] [Times: user=0.00 sys=0.00, real=0.00 secs] 
1.608: [GC (Allocation Failure) [PSYoungGen: 1522K->502K(1536K)] 6635K->5874K(9728K), 0.0002876 secs] [Times: user=0.00 sys=0.00, real=0.00 secs] 
1.609: [GC (Allocation Failure) [PSYoungGen: 1525K->502K(1536K)] 6897K->6134K(9728K), 0.0002870 secs] [Times: user=0.00 sys=0.00, real=0.00 secs] 
1.609: [GC (Allocation Failure) [PSYoungGen: 1024K->283K(1536K)] 6655K->6418K(9728K), 0.0007757 secs] [Times: user=0.01 sys=0.00, real=0.00 secs] 
1.610: [GC (Allocation Failure) [PSYoungGen: 1057K->283K(1536K)] 7191K->6418K(9728K), 0.0002491 secs] [Times: user=0.00 sys=0.00, real=0.00 secs] 
1.610: [GC (Allocation Failure) [PSYoungGen: 1058K->503K(1536K)] 7192K->6897K(9728K), 0.0002923 secs] [Times: user=0.00 sys=0.00, real=0.00 secs] 
1.611: [GC (Allocation Failure) [PSYoungGen: 1526K->503K(1536K)] 7920K->7158K(9728K), 0.0002992 secs] [Times: user=0.00 sys=0.00, real=0.00 secs] 
1.611: [GC (Allocation Failure) [PSYoungGen: 1024K->284K(1536K)] 7679K->7190K(9728K), 0.0007987 secs] [Times: user=0.00 sys=0.00, real=0.00 secs] 
1.612: [GC (Allocation Failure) [PSYoungGen: 1058K->284K(1536K)] 7964K->7190K(9728K), 0.0002852 secs] [Times: user=0.00 sys=0.00, real=0.00 secs] 
1.613: [GC (Allocation Failure) [PSYoungGen: 1059K->504K(1536K)] 7965K->7671K(9728K), 0.0002913 secs] [Times: user=0.00 sys=0.00, real=0.01 secs] 
1.613: [GC (Allocation Failure) [PSYoungGen: 1023K->284K(1536K)] 8190K->7703K(9728K), 0.0008037 secs] [Times: user=0.00 sys=0.00, real=0.00 secs] 
1.614: [GC (Allocation Failure) [PSYoungGen: 1058K->284K(1536K)] 8477K->7703K(9728K), 0.0002573 secs] [Times: user=0.00 sys=0.00, real=0.00 secs] 
1.614: [GC (Allocation Failure) [PSYoungGen: 1060K->505K(1536K)] 8479K->8184K(9728K), 0.0007951 secs] [Times: user=0.01 sys=0.00, real=0.00 secs] 
1.615: [GC (Allocation Failure) [PSYoungGen: 1024K->284K(1536K)] 8704K->8469K(9728K), 0.0004369 secs] [Times: user=0.00 sys=0.00, real=0.00 secs] 
1.616: [Full GC (Ergonomics) [PSYoungGen: 284K->0K(1536K)] [ParOldGen: 8185K->1602K(8192K)] 8469K->1602K(9728K), [Metaspace: 3328K->3328K(1056768K)], 0.0025861 secs] [Times: user=0.00 sys=0.00, real=0.00 secs] 
1.618: [GC (Allocation Failure) [PSYoungGen: 774K->284K(1536K)] 2376K->2392K(9728K), 0.0002824 secs] [Times: user=0.00 sys=0.00, real=0.00 secs] 
1.619: [GC (Allocation Failure) [PSYoungGen: 1061K->505K(1536K)] 3169K->2874K(9728K), 0.0002761 secs] [Times: user=0.00 sys=0.00, real=0.00 secs] 
1.619: [GC (Allocation Failure) [PSYoungGen: 1025K->285K(1536K)] 3394K->3159K(9728K), 0.0002703 secs] [Times: user=0.00 sys=0.00, real=0.00 secs] 
1.620: [GC (Allocation Failure) [PSYoungGen: 1060K->285K(1536K)] 3935K->3160K(9728K), 0.0002549 secs] [Times: user=0.00 sys=0.00, real=0.00 secs] 
1.620: [GC (Allocation Failure) [PSYoungGen: 1062K->506K(1536K)] 3937K->3642K(9728K), 0.0003277 secs] [Times: user=0.00 sys=0.00, real=0.00 secs] 
1.620: [GC (Allocation Failure) [PSYoungGen: 1026K->285K(1536K)] 4163K->3928K(9728K), 0.0007948 secs] [Times: user=0.01 sys=0.00, real=0.00 secs] 
1.621: [GC (Allocation Failure) [PSYoungGen: 1061K->285K(1536K)] 4704K->3928K(9728K), 0.0002640 secs] [Times: user=0.00 sys=0.00, real=0.00 secs] 
1.622: [GC (Allocation Failure) [PSYoungGen: 1063K->507K(1536K)] 4706K->4411K(9728K), 0.0008217 secs] [Times: user=0.00 sys=0.00, real=0.00 secs] 
1.623: [GC (Allocation Failure) [PSYoungGen: 1028K->285K(1536K)] 4932K->4697K(9728K), 0.0002684 secs] [Times: user=0.00 sys=0.00, real=0.01 secs] 
1.623: [GC (Allocation Failure) [PSYoungGen: 1063K->285K(1536K)] 5474K->4697K(9728K), 0.0007921 secs] [Times: user=0.00 sys=0.00, real=0.00 secs] 
1.624: [GC (Allocation Failure) [PSYoungGen: 1064K->507K(1536K)] 5476K->5181K(9728K), 0.0007900 secs] [Times: user=0.00 sys=0.00, real=0.00 secs] 
1.625: [GC (Allocation Failure) [PSYoungGen: 1029K->286K(1536K)] 5703K->5213K(9728K), 0.0007801 secs] [Times: user=0.00 sys=0.00, real=0.00 secs] 
1.626: [GC (Allocation Failure) [PSYoungGen: 1064K->286K(1536K)] 5992K->5214K(9728K), 0.0002437 secs] [Times: user=0.00 sys=0.00, real=0.00 secs] 
1.626: [GC (Allocation Failure) [PSYoungGen: 1066K->508K(1536K)] 5994K->5698K(9728K), 0.0003482 secs] [Times: user=0.00 sys=0.00, real=0.00 secs] 
1.627: [GC (Allocation Failure) [PSYoungGen: 1030K->286K(1536K)] 6220K->5730K(9728K), 0.0007807 secs] [Times: user=0.00 sys=0.00, real=0.00 secs] 
1.628: [GC (Allocation Failure) [PSYoungGen: 1065K->286K(1536K)] 6510K->5730K(9728K), 0.0002678 secs] [Times: user=0.00 sys=0.00, real=0.00 secs] 
1.628: [GC (Allocation Failure) [PSYoungGen: 1067K->509K(1536K)] 6511K->6215K(9728K), 0.0008236 secs] [Times: user=0.00 sys=0.00, real=0.00 secs] 
1.629: [GC (Allocation Failure) [PSYoungGen: 1032K->286K(1536K)] 6738K->6248K(9728K), 0.0007900 secs] [Times: user=0.00 sys=0.00, real=0.00 secs] 
1.630: [GC (Allocation Failure) [PSYoungGen: 1066K->286K(1536K)] 7028K->6248K(9728K), 0.0004296 secs] [Times: user=0.00 sys=0.00, real=0.00 secs] 
1.630: [GC (Allocation Failure) [PSYoungGen: 1068K->509K(1536K)] 7030K->6734K(9728K), 0.0003398 secs] [Times: user=0.00 sys=0.00, real=0.00 secs] 
1.631: [GC (Allocation Failure) [PSYoungGen: 1033K->287K(1536K)] 7257K->6766K(9728K), 0.0008005 secs] [Times: user=0.00 sys=0.00, real=0.00 secs] 
1.632: [GC (Allocation Failure) [PSYoungGen: 1068K->287K(1536K)] 7547K->6766K(9728K), 0.0007692 secs] [Times: user=0.01 sys=0.00, real=0.00 secs] 
1.633: [GC (Allocation Failure) [PSYoungGen: 1070K->510K(1536K)] 7549K->7252K(9728K), 0.0007969 secs] [Times: user=0.00 sys=0.00, real=0.01 secs] 
1.634: [GC (Allocation Failure) [PSYoungGen: 1034K->287K(1536K)] 7777K->7285K(9728K), 0.0007833 secs] [Times: user=0.00 sys=0.00, real=0.00 secs] 
1.635: [GC (Allocation Failure) [PSYoungGen: 1069K->287K(1536K)] 8067K->7285K(9728K), 0.0007955 secs] [Times: user=0.00 sys=0.00, real=0.00 secs] 
1.635: [GC (Allocation Failure) [PSYoungGen: 1071K->510K(1536K)] 8069K->7772K(9728K), 0.0003361 secs] [Times: user=0.00 sys=0.00, real=0.00 secs] 
1.636: [GC (Allocation Failure) [PSYoungGen: 1035K->287K(1536K)] 8297K->8060K(9728K), 0.0002703 secs] [Times: user=0.00 sys=0.00, real=0.00 secs] 
1.636: [Full GC (Ergonomics) [PSYoungGen: 287K->0K(1536K)] [ParOldGen: 7772K->1608K(8192K)] 8060K->1608K(9728K), [Metaspace: 3328K->3328K(1056768K)], 0.0032816 secs] [Times: user=0.01 sys=0.00, real=0.00 secs] 
1.640: [GC (Allocation Failure) [PSYoungGen: 783K->287K(1536K)] 2391K->2407K(9728K), 0.0006270 secs] [Times: user=0.00 sys=0.00, real=0.00 secs] 
1.640: [GC (Allocation Failure) [PSYoungGen: 1072K->511K(1536K)] 3191K->2894K(9728K), 0.0008097 secs] [Times: user=0.00 sys=0.00, real=0.00 secs] 
1.641: [GC (Allocation Failure) [PSYoungGen: 1037K->287K(1536K)] 3420K->3183K(9728K), 0.0002660 secs] [Times: user=0.00 sys=0.00, real=0.00 secs] 
1.642: [GC (Allocation Failure) [PSYoungGen: 1072K->288K(1536K)] 3967K->3183K(9728K), 0.0007681 secs] [Times: user=0.01 sys=0.00, real=0.00 secs] 
1.643: [GC (Allocation Failure) [PSYoungGen: 1073K->32K(1536K)] 3968K->3703K(9728K), 0.0002957 secs] [Times: user=0.00 sys=0.00, real=0.01 secs] 
1.643: [GC (Allocation Failure) [PSYoungGen: 814K->288K(1536K)] 4998K->4472K(9728K), 0.0007662 secs] [Times: user=0.00 sys=0.00, real=0.00 secs] 
1.644: [GC (Allocation Failure) [PSYoungGen: 1073K->32K(1536K)] 5257K->4993K(9728K), 0.0003375 secs] [Times: user=0.00 sys=0.00, real=0.00 secs] 
1.644: [GC (Allocation Failure) [PSYoungGen: 814K->288K(1536K)] 6289K->5763K(9728K), 0.0002688 secs] [Times: user=0.00 sys=0.00, real=0.00 secs] 
1.645: [GC (Allocation Failure) [PSYoungGen: 1074K->32K(1536K)] 6548K->6284K(9728K), 0.0008138 secs] [Times: user=0.00 sys=0.00, real=0.00 secs] 
1.646: [GC (Allocation Failure) [PSYoungGen: 815K->289K(1536K)] 7581K->7055K(9728K), 0.0002837 secs] [Times: user=0.00 sys=0.00, real=0.00 secs] 
1.646: [GC (Allocation Failure) [PSYoungGen: 1075K->32K(1536K)] 7842K->7577K(9728K), 0.0008053 secs] [Times: user=0.00 sys=0.00, real=0.00 secs] 
1.647: [Full GC (Ergonomics) [PSYoungGen: 32K->0K(1536K)] [ParOldGen: 7545K->1868K(8192K)] 7577K->1868K(9728K), [Metaspace: 3328K->3328K(1056768K)], 0.0020511 secs] [Times: user=0.01 sys=0.00, real=0.00 secs] 
1.649: [GC (Allocation Failure) [PSYoungGen: 784K->289K(1536K)] 3166K->2929K(9728K), 0.0002799 secs] [Times: user=0.00 sys=0.00, real=0.00 secs] 
1.650: [GC (Allocation Failure) [PSYoungGen: 1076K->32K(1536K)] 3716K->3451K(9728K), 0.0008089 secs] [Times: user=0.00 sys=0.00, real=0.00 secs] 
1.651: [GC (Allocation Failure) [PSYoungGen: 817K->289K(1536K)] 4752K->4224K(9728K), 0.0007695 secs] [Times: user=0.00 sys=0.00, real=0.00 secs] 
1.652: [GC (Allocation Failure) [PSYoungGen: 1077K->32K(1536K)] 5012K->4748K(9728K), 0.0006705 secs] [Times: user=0.00 sys=0.00, real=0.00 secs] 
1.653: [GC (Allocation Failure) [PSYoungGen: 817K->290K(1536K)] 6049K->5521K(9728K), 0.0007708 secs] [Times: user=0.01 sys=0.00, real=0.01 secs] 
1.653: [GC (Allocation Failure) [PSYoungGen: 1079K->32K(1536K)] 6311K->6046K(9728K), 0.0003303 secs] [Times: user=0.00 sys=0.00, real=0.00 secs] 
1.654: [GC (Allocation Failure) [PSYoungGen: 818K->290K(1536K)] 7349K->6820K(9728K), 0.0002699 secs] [Times: user=0.00 sys=0.00, real=0.00 secs] 
1.654: [GC (Allocation Failure) [PSYoungGen: 1080K->32K(1536K)] 7610K->7345K(9728K), 0.0008800 secs] [Times: user=0.00 sys=0.00, real=0.00 secs] 
1.655: [Full GC (Ergonomics) [PSYoungGen: 32K->0K(1536K)] [ParOldGen: 7313K->1871K(8192K)] 7345K->1871K(9728K), [Metaspace: 3328K->3328K(1056768K)], 0.0043479 secs] [Times: user=0.01 sys=0.00, real=0.00 secs] 
1.660: [GC (Allocation Failure) [PSYoungGen: 787K->290K(1536K)] 3176K->2938K(9728K), 0.0004790 secs] [Times: user=0.00 sys=0.00, real=0.00 secs] 
1.661: [GC (Allocation Failure) [PSYoungGen: 1081K->32K(1536K)] 3729K->3463K(9728K), 0.0011163 secs] [Times: user=0.00 sys=0.00, real=0.00 secs] 
1.662: [GC (Allocation Failure) [PSYoungGen: 820K->291K(1536K)] 4769K->4240K(9728K), 0.0008664 secs] [Times: user=0.00 sys=0.00, real=0.01 secs] 
1.663: [GC (Allocation Failure) [PSYoungGen: 1083K->32K(1536K)] 5032K->4766K(9728K), 0.0008101 secs] [Times: user=0.00 sys=0.00, real=0.00 secs] 
1.664: [GC (Allocation Failure) [PSYoungGen: 821K->291K(1536K)] 6074K->5543K(9728K), 0.0007705 secs] [Times: user=0.01 sys=0.00, real=0.00 secs] 
1.665: [GC (Allocation Failure) [PSYoungGen: 1084K->32K(1536K)] 6336K->6070K(9728K), 0.0003418 secs] [Times: user=0.00 sys=0.00, real=0.00 secs] 
1.666: [GC (Allocation Failure) [PSYoungGen: 822K->291K(1536K)] 7380K->6848K(9728K), 0.0007996 secs] [Times: user=0.00 sys=0.00, real=0.00 secs] 
1.667: [GC (Allocation Failure) [PSYoungGen: 1085K->32K(1536K)] 7642K->7376K(9728K), 0.0008500 secs] [Times: user=0.00 sys=0.00, real=0.00 secs] 
1.668: [Full GC (Ergonomics) [PSYoungGen: 32K->0K(1536K)] [ParOldGen: 7344K->1875K(8192K)] 7376K->1875K(9728K), [Metaspace: 3328K->3328K(1056768K)], 0.0032829 secs] [Times: user=0.01 sys=0.00, real=0.00 secs] 
1.671: [GC (Allocation Failure) [PSYoungGen: 791K->291K(1536K)] 3187K->2947K(9728K), 0.0007867 secs] [Times: user=0.00 sys=0.00, real=0.00 secs] 
1.672: [GC (Allocation Failure) [PSYoungGen: 1086K->32K(1536K)] 3741K->3474K(9728K), 0.0002912 secs] [Times: user=0.00 sys=0.00, real=0.00 secs] 
1.673: [GC (Allocation Failure) [PSYoungGen: 824K->292K(1536K)] 4787K->4255K(9728K), 0.0007961 secs] [Times: user=0.00 sys=0.00, real=0.01 secs] 
1.673: [GC (Allocation Failure) [PSYoungGen: 1088K->32K(1536K)] 5051K->4784K(9728K), 0.0008115 secs] [Times: user=0.00 sys=0.00, real=0.00 secs] 
1.675: [GC (Allocation Failure) [PSYoungGen: 825K->292K(1536K)] 6098K->5565K(9728K), 0.0002648 secs] [Times: user=0.00 sys=0.00, real=0.00 secs] 
1.675: [GC (Allocation Failure) [PSYoungGen: 1089K->32K(1536K)] 6362K->6094K(9728K), 0.0003468 secs] [Times: user=0.01 sys=0.00, real=0.00 secs] 
1.675: [GC (Allocation Failure) [PSYoungGen: 826K->292K(1536K)] 7410K->6877K(9728K), 0.0002773 secs] [Times: user=0.00 sys=0.00, real=0.00 secs] 
1.676: [GC (Allocation Failure) [PSYoungGen: 1090K->32K(1536K)] 7674K->7407K(9728K), 0.0008145 secs] [Times: user=0.00 sys=0.00, real=0.00 secs] 
1.677: [Full GC (Ergonomics) [PSYoungGen: 32K->0K(1536K)] [ParOldGen: 7375K->1879K(8192K)] 7407K->1879K(9728K), [Metaspace: 3328K->3328K(1056768K)], 0.0024643 secs] [Times: user=0.00 sys=0.00, real=0.00 secs] 
1.679: [GC (Allocation Failure) [PSYoungGen: 795K->293K(1536K)] 3197K->2956K(9728K), 0.0008015 secs] [Times: user=0.00 sys=0.00, real=0.00 secs] 
1.680: [GC (Allocation Failure) [PSYoungGen: 1091K->32K(1536K)] 3754K->3486K(9728K), 0.0002804 secs] [Times: user=0.01 sys=0.00, real=0.00 secs] 
1.681: [GC (Allocation Failure) [PSYoungGen: 828K->293K(1536K)] 4805K->4270K(9728K), 0.0007785 secs] [Times: user=0.00 sys=0.00, real=0.00 secs] 
1.682: [GC (Allocation Failure) [PSYoungGen: 1093K->32K(1536K)] 5070K->4801K(9728K), 0.0003382 secs] [Times: user=0.00 sys=0.00, real=0.00 secs] 
1.682: [GC (Allocation Failure) [PSYoungGen: 829K->293K(1536K)] 6122K->5587K(9728K), 0.0002697 secs] [Times: user=0.00 sys=0.00, real=0.00 secs] 
1.683: [GC (Allocation Failure) [PSYoungGen: 1094K->32K(1536K)] 6388K->6119K(9728K), 0.0008023 secs] [Times: user=0.00 sys=0.00, real=0.01 secs] 
1.684: [GC (Allocation Failure) [PSYoungGen: 830K->294K(1536K)] 7441K->6905K(9728K), 0.0008367 secs] [Times: user=0.00 sys=0.00, real=0.00 secs] 
1.685: [GC (Allocation Failure) [PSYoungGen: 1095K->32K(1536K)] 7707K->7437K(9728K), 0.0003366 secs] [Times: user=0.00 sys=0.00, real=0.00 secs] 
1.685: [Full GC (Ergonomics) [PSYoungGen: 32K->0K(1536K)] [ParOldGen: 7405K->1883K(8192K)] 7437K->1883K(9728K), [Metaspace: 3328K->3328K(1056768K)], 0.0026169 secs] [Times: user=0.01 sys=0.00, real=0.00 secs] 
1.688: [GC (Allocation Failure) [PSYoungGen: 799K->294K(1536K)] 3207K->2965K(9728K), 0.0007928 secs] [Times: user=0.00 sys=0.00, real=0.00 secs] 
1.689: [GC (Allocation Failure) [PSYoungGen: 1096K->32K(1536K)] 3767K->3498K(9728K), 0.0002965 secs] [Times: user=0.00 sys=0.00, real=0.00 secs] 
1.689: [GC (Allocation Failure) [PSYoungGen: 832K->294K(1536K)] 4823K->4286K(9728K), 0.0002672 secs] [Times: user=0.00 sys=0.00, real=0.00 secs] 
1.689: [GC (Allocation Failure) [PSYoungGen: 1098K->32K(1536K)] 5089K->4819K(9728K), 0.0007856 secs] [Times: user=0.00 sys=0.00, real=0.00 secs] 
1.690: [GC (Allocation Failure) [PSYoungGen: 833K->295K(1536K)] 6147K->5609K(9728K), 0.0007955 secs] [Times: user=0.01 sys=0.00, real=0.00 secs] 
1.691: [GC (Allocation Failure) [PSYoungGen: 1099K->32K(1536K)] 6413K->6143K(9728K), 0.0003356 secs] [Times: user=0.00 sys=0.00, real=0.00 secs] 
1.692: [GC (Allocation Failure) [PSYoungGen: 834K->295K(1536K)] 7472K->6933K(9728K), 0.0002723 secs] [Times: user=0.00 sys=0.00, real=0.00 secs] 
1.692: [GC (Allocation Failure) [PSYoungGen: 1100K->32K(1536K)] 7739K->7468K(9728K), 0.0008343 secs] [Times: user=0.00 sys=0.00, real=0.01 secs] 
1.693: [Full GC (Ergonomics) [PSYoungGen: 32K->0K(1536K)] [ParOldGen: 7436K->1887K(8192K)] 7468K->1887K(9728K), [Metaspace: 3328K->3328K(1056768K)], 0.0026226 secs] [Times: user=0.01 sys=0.00, real=0.00 secs] 
1.696: [GC (Allocation Failure) [PSYoungGen: 803K->295K(1536K)] 3217K->2973K(9728K), 0.0002753 secs] [Times: user=0.00 sys=0.00, real=0.00 secs] 
1.696: [GC (Allocation Failure) [PSYoungGen: 1102K->32K(1536K)] 3780K->3509K(9728K), 0.0006011 secs] [Times: user=0.00 sys=0.00, real=0.00 secs] 
1.697: [GC (Allocation Failure) [PSYoungGen: 836K->296K(1536K)] 4841K->4301K(9728K), 0.0008266 secs] [Times: user=0.00 sys=0.00, real=0.00 secs] 
1.698: [GC (Allocation Failure) [PSYoungGen: 1103K->32K(1536K)] 5109K->4837K(9728K), 0.0003398 secs] [Times: user=0.00 sys=0.00, real=0.00 secs] 
1.699: [GC (Allocation Failure) [PSYoungGen: 837K->296K(1536K)] 6171K->5630K(9728K), 0.0002692 secs] [Times: user=0.00 sys=0.00, real=0.00 secs] 
1.699: [GC (Allocation Failure) [PSYoungGen: 1104K->32K(1536K)] 6439K->6167K(9728K), 0.0008071 secs] [Times: user=0.00 sys=0.00, real=0.00 secs] 
1.700: [GC (Allocation Failure) [PSYoungGen: 838K->296K(1536K)] 7503K->6961K(9728K), 0.0002742 secs] [Times: user=0.00 sys=0.00, real=0.00 secs] 
1.700: [Full GC (Ergonomics) [PSYoungGen: 296K->0K(1536K)] [ParOldGen: 6664K->1361K(8192K)] 6961K->1361K(9728K), [Metaspace: 3328K->3328K(1056768K)], 0.0030271 secs] [Times: user=0.01 sys=0.00, real=0.01 secs] 
1.704: [GC (Allocation Failure) [PSYoungGen: 809K->32K(1536K)] 2170K->2452K(9728K), 0.0002979 secs] [Times: user=0.00 sys=0.00, real=0.00 secs] 
1.704: [GC (Allocation Failure) [PSYoungGen: 839K->297K(1536K)] 3789K->3247K(9728K), 0.0002563 secs] [Times: user=0.00 sys=0.00, real=0.00 secs] 
1.704: [GC (Allocation Failure) [PSYoungGen: 1107K->32K(1536K)] 4057K->3785K(9728K), 0.0008018 secs] [Times: user=0.00 sys=0.00, real=0.00 secs] 
1.705: [GC (Allocation Failure) [PSYoungGen: 840K->297K(1536K)] 5124K->4581K(9728K), 0.0007673 secs] [Times: user=0.00 sys=0.00, real=0.00 secs] 
1.706: [GC (Allocation Failure) [PSYoungGen: 1108K->32K(1536K)] 5392K->5120K(9728K), 0.0008242 secs] [Times: user=0.01 sys=0.00, real=0.00 secs] 
1.707: [GC (Allocation Failure) [PSYoungGen: 841K->297K(1536K)] 6460K->5917K(9728K), 0.0002685 secs] [Times: user=0.00 sys=0.00, real=0.00 secs] 
1.708: [GC (Allocation Failure) [PSYoungGen: 1109K->32K(1536K)] 6729K->6456K(9728K), 0.0003388 secs] [Times: user=0.00 sys=0.00, real=0.00 secs] 
1.708: [GC (Allocation Failure) [PSYoungGen: 841K->298K(1536K)] 7798K->7254K(9728K), 0.0007873 secs] [Times: user=0.00 sys=0.00, real=0.00 secs] 
1.709: [Full GC (Ergonomics) [PSYoungGen: 298K->0K(1536K)] [ParOldGen: 6956K->1362K(8192K)] 7254K->1362K(9728K), [Metaspace: 3328K->3328K(1056768K)], 0.0025558 secs] [Times: user=0.00 sys=0.00, real=0.00 secs] 
1.712: [GC (Allocation Failure) [PSYoungGen: 813K->32K(1536K)] 2176K->2459K(9728K), 0.0008669 secs] [Times: user=0.00 sys=0.00, real=0.00 secs] 
1.713: [GC (Allocation Failure) [PSYoungGen: 842K->298K(1536K)] 3802K->3257K(9728K), 0.0002611 secs] [Times: user=0.00 sys=0.00, real=0.00 secs] 
1.713: [GC (Allocation Failure) [PSYoungGen: 1112K->32K(1536K)] 4071K->3798K(9728K), 0.0008026 secs] [Times: user=0.00 sys=0.00, real=0.00 secs] 
1.714: [GC (Allocation Failure) [PSYoungGen: 843K->298K(1536K)] 5143K->4598K(9728K), 0.0002661 secs] [Times: user=0.00 sys=0.00, real=0.00 secs] 
1.715: [GC (Allocation Failure) [PSYoungGen: 1113K->32K(1536K)] 5413K->5139K(9728K), 0.0008117 secs] [Times: user=0.00 sys=0.00, real=0.00 secs] 
1.716: [GC (Allocation Failure) [PSYoungGen: 844K->299K(1536K)] 6486K->5940K(9728K), 0.0007697 secs] [Times: user=0.00 sys=0.00, real=0.00 secs] 
1.717: [GC (Allocation Failure) [PSYoungGen: 1115K->32K(1536K)] 6756K->6482K(9728K), 0.0008181 secs] [Times: user=0.00 sys=0.00, real=0.00 secs] 
1.718: [GC (Allocation Failure) [PSYoungGen: 845K->299K(1536K)] 7830K->7284K(9728K), 0.0007822 secs] [Times: user=0.01 sys=0.00, real=0.00 secs] 
1.719: [Full GC (Ergonomics) [PSYoungGen: 299K->0K(1536K)] [ParOldGen: 6984K->1364K(8192K)] 7284K->1364K(9728K), [Metaspace: 3328K->3328K(1056768K)], 0.0033589 secs] [Times: user=0.00 sys=0.00, real=0.00 secs] 
1.722: [GC (Allocation Failure) [PSYoungGen: 817K->32K(1536K)] 2181K->2465K(9728K), 0.0002998 secs] [Times: user=0.00 sys=0.00, real=0.00 secs] 
1.723: [GC (Allocation Failure) [PSYoungGen: 846K->299K(1536K)] 3815K->3268K(9728K), 0.0007781 secs] [Times: user=0.01 sys=0.00, real=0.01 secs] 
1.723: [GC (Allocation Failure) [PSYoungGen: 1117K->32K(1536K)] 4086K->3811K(9728K), 0.0002962 secs] [Times: user=0.00 sys=0.00, real=0.00 secs] 
1.724: [GC (Allocation Failure) [PSYoungGen: 847K->299K(1536K)] 5162K->4614K(9728K), 0.0007911 secs] [Times: user=0.00 sys=0.00, real=0.00 secs] 
1.725: [GC (Allocation Failure) [PSYoungGen: 1118K->32K(1536K)] 5433K->5158K(9728K), 0.0008196 secs] [Times: user=0.00 sys=0.00, real=0.00 secs] 
1.726: [GC (Allocation Failure) [PSYoungGen: 848K->300K(1536K)] 6511K->5963K(9728K), 0.0007794 secs] [Times: user=0.00 sys=0.00, real=0.00 secs] 
1.727: [GC (Allocation Failure) [PSYoungGen: 1120K->32K(1536K)] 6783K->6507K(9728K), 0.0008236 secs] [Times: user=0.00 sys=0.00, real=0.00 secs] 
1.728: [Full GC (Ergonomics) [PSYoungGen: 32K->0K(1536K)] [ParOldGen: 6475K->1901K(8192K)] 6507K->1901K(9728K), [Metaspace: 3328K->3328K(1056768K)], 0.0025553 secs] [Times: user=0.01 sys=0.00, real=0.00 secs] 
1.730: [GC (Allocation Failure) [PSYoungGen: 817K->300K(1536K)] 3256K->3007K(9728K), 0.0007707 secs] [Times: user=0.00 sys=0.00, real=0.00 secs] 
1.731: [GC (Allocation Failure) [PSYoungGen: 1121K->32K(1536K)] 3828K->3552K(9728K), 0.0007935 secs] [Times: user=0.00 sys=0.00, real=0.00 secs] 
1.732: [GC (Allocation Failure) [PSYoungGen: 850K->300K(1536K)] 4908K->4359K(9728K), 0.0002838 secs] [Times: user=0.00 sys=0.00, real=0.00 secs] 
1.733: [GC (Allocation Failure) [PSYoungGen: 1122K->32K(1536K)] 5181K->4905K(9728K), 0.0003272 secs] [Times: user=0.00 sys=0.00, real=0.01 secs] 
1.733: [GC (Allocation Failure) [PSYoungGen: 851K->301K(1536K)] 6262K->5712K(9728K), 0.0007771 secs] [Times: user=0.01 sys=0.00, real=0.00 secs] 
1.734: [GC (Allocation Failure) [PSYoungGen: 1124K->32K(1536K)] 6535K->6259K(9728K), 0.0003247 secs] [Times: user=0.00 sys=0.00, real=0.00 secs] 
1.735: [GC (Allocation Failure) [PSYoungGen: 852K->301K(1536K)] 7618K->7067K(9728K), 0.0002684 secs] [Times: user=0.00 sys=0.00, real=0.00 secs] 
1.735: [Full GC (Ergonomics) [PSYoungGen: 301K->0K(1536K)] [ParOldGen: 6765K->1366K(8192K)] 7067K->1366K(9728K), [Metaspace: 3328K->3328K(1056768K)], 0.0027570 secs] [Times: user=0.00 sys=0.00, real=0.00 secs] 
1.738: [GC (Allocation Failure) [PSYoungGen: 823K->32K(1536K)] 2190K->2476K(9728K), 0.0002882 secs] [Times: user=0.00 sys=0.00, real=0.00 secs] 
1.738: [GC (Allocation Failure) [PSYoungGen: 853K->301K(1536K)] 3837K->3286K(9728K), 0.0007745 secs] [Times: user=0.01 sys=0.00, real=0.00 secs] 
1.739: [GC (Allocation Failure) [PSYoungGen: 1126K->32K(1536K)] 4110K->3833K(9728K), 0.0002954 secs] [Times: user=0.00 sys=0.00, real=0.00 secs] 
1.740: [GC (Allocation Failure) [PSYoungGen: 854K->302K(1536K)] 5196K->4644K(9728K), 0.0007538 secs] [Times: user=0.00 sys=0.00, real=0.00 secs] 
1.741: [GC (Allocation Failure) [PSYoungGen: 1127K->32K(1536K)] 5469K->5192K(9728K), 0.0003583 secs] [Times: user=0.00 sys=0.00, real=0.00 secs] 
1.741: [GC (Allocation Failure) [PSYoungGen: 855K->302K(1536K)] 6556K->6003K(9728K), 0.0008133 secs] [Times: user=0.00 sys=0.00, real=0.00 secs] 
1.742: [GC (Allocation Failure) [PSYoungGen: 1129K->32K(1536K)] 6830K->6552K(9728K), 0.0008082 secs] [Times: user=0.00 sys=0.00, real=0.01 secs] 
1.743: [Full GC (Ergonomics) [PSYoungGen: 32K->0K(1536K)] [ParOldGen: 6520K->1908K(8192K)] 6552K->1908K(9728K), [Metaspace: 3328K->3328K(1056768K)], 0.0025149 secs] [Times: user=0.01 sys=0.00, real=0.00 secs] 
1.746: [GC (Allocation Failure) [PSYoungGen: 824K->302K(1536K)] 3274K->3023K(9728K), 0.0003005 secs] [Times: user=0.00 sys=0.00, real=0.00 secs] 
1.746: [GC (Allocation Failure) [PSYoungGen: 1130K->32K(1536K)] 3850K->3573K(9728K), 0.0003351 secs] [Times: user=0.00 sys=0.00, real=0.00 secs] 
1.747: [GC (Allocation Failure) [PSYoungGen: 857K->303K(1536K)] 4940K->4386K(9728K), 0.0003009 secs] [Times: user=0.00 sys=0.00, real=0.00 secs] 
1.747: [GC (Allocation Failure) [PSYoungGen: 1131K->32K(1536K)] 5214K->4936K(9728K), 0.0003201 secs] [Times: user=0.00 sys=0.00, real=0.00 secs] 
1.748: [GC (Allocation Failure) [PSYoungGen: 858K->303K(1536K)] 6305K->5750K(9728K), 0.0007736 secs] [Times: user=0.00 sys=0.00, real=0.00 secs] 
1.748: [GC (Allocation Failure) [PSYoungGen: 1133K->32K(1536K)] 6580K->6301K(9728K), 0.0003484 secs] [Times: user=0.00 sys=0.00, real=0.00 secs] 
1.749: [GC (Allocation Failure) [PSYoungGen: 859K->303K(1536K)] 7672K->7116K(9728K), 0.0002762 secs] [Times: user=0.00 sys=0.00, real=0.00 secs] 
1.749: [Full GC (Ergonomics) [PSYoungGen: 303K->0K(1536K)] [ParOldGen: 6812K->1368K(8192K)] 7116K->1368K(9728K), [Metaspace: 3328K->3328K(1056768K)], 0.0021705 secs] [Times: user=0.01 sys=0.00, real=0.00 secs] 
1.752: [GC (Allocation Failure) [PSYoungGen: 830K->32K(1536K)] 2199K->2487K(9728K), 0.0003101 secs] [Times: user=0.00 sys=0.00, real=0.00 secs] 
1.752: [GC (Allocation Failure) [PSYoungGen: 860K->304K(1536K)] 3860K->3303K(9728K), 0.0002901 secs] [Times: user=0.00 sys=0.00, real=0.00 secs] 
1.753: [GC (Allocation Failure) [PSYoungGen: 1135K->32K(1536K)] 4135K->3856K(9728K), 0.0003242 secs] [Times: user=0.00 sys=0.00, real=0.01 secs] 
1.753: [GC (Allocation Failure) [PSYoungGen: 861K->304K(1536K)] 5229K->4673K(9728K), 0.0002723 secs] [Times: user=0.00 sys=0.01, real=0.00 secs] 
1.753: [GC (Allocation Failure) [PSYoungGen: 1136K->32K(1536K)] 5505K->5226K(9728K), 0.0003220 secs] [Times: user=0.00 sys=0.00, real=0.00 secs] 
1.754: [GC (Allocation Failure) [PSYoungGen: 862K->304K(1536K)] 6601K->6044K(9728K), 0.0002785 secs] [Times: user=0.00 sys=0.00, real=0.00 secs] 
1.754: [GC (Allocation Failure) [PSYoungGen: 1138K->32K(1536K)] 6877K->6597K(9728K), 0.0003375 secs] [Times: user=0.00 sys=0.00, real=0.00 secs] 
1.755: [Full GC (Ergonomics) [PSYoungGen: 32K->0K(1536K)] [ParOldGen: 6565K->1915K(8192K)] 6597K->1915K(9728K), [Metaspace: 3328K->3328K(1056768K)], 0.0020402 secs] [Times: user=0.01 sys=0.00, real=0.00 secs] 
1.757: [GC (Allocation Failure) [PSYoungGen: 831K->304K(1536K)] 3292K->3039K(9728K), 0.0003181 secs] [Times: user=0.00 sys=0.00, real=0.00 secs] 
1.757: [GC (Allocation Failure) [PSYoungGen: 1139K->32K(1536K)] 3873K->3593K(9728K), 0.0002853 secs] [Times: user=0.00 sys=0.00, real=0.00 secs] 
1.758: [GC (Allocation Failure) [PSYoungGen: 864K->305K(1536K)] 4971K->4413K(9728K), 0.0002576 secs] [Times: user=0.00 sys=0.00, real=0.00 secs] 
1.758: [GC (Allocation Failure) [PSYoungGen: 1140K->32K(1536K)] 5248K->4967K(9728K), 0.0003601 secs] [Times: user=0.00 sys=0.00, real=0.00 secs] 
1.759: [GC (Allocation Failure) [PSYoungGen: 865K->305K(1536K)] 6348K->5788K(9728K), 0.0002613 secs] [Times: user=0.00 sys=0.00, real=0.00 secs] 
1.759: [GC (Allocation Failure) [PSYoungGen: 1141K->32K(1536K)] 6625K->6344K(9728K), 0.0002984 secs] [Times: user=0.00 sys=0.00, real=0.00 secs] 
1.760: [GC (Allocation Failure) [PSYoungGen: 866K->306K(1536K)] 7726K->7166K(9728K), 0.0002750 secs] [Times: user=0.00 sys=0.00, real=0.00 secs] 
1.760: [Full GC (Ergonomics) [PSYoungGen: 306K->0K(1536K)] [ParOldGen: 6860K->1370K(8192K)] 7166K->1370K(9728K), [Metaspace: 3328K->3328K(1056768K)], 0.0025940 secs] [Times: user=0.01 sys=0.00, real=0.00 secs] 
1.763: [GC (Allocation Failure) [PSYoungGen: 837K->32K(1536K)] 2208K->2499K(9728K), 0.0002883 secs] [Times: user=0.00 sys=0.00, real=0.01 secs] 
1.763: [GC (Allocation Failure) [PSYoungGen: 866K->306K(1536K)] 3882K->3321K(9728K), 0.0007858 secs] [Times: user=0.00 sys=0.00, real=0.00 secs] 
1.764: [GC (Allocation Failure) [PSYoungGen: 1144K->32K(1536K)] 4160K->3878K(9728K), 0.0003274 secs] [Times: user=0.00 sys=0.00, real=0.00 secs] 
1.765: [GC (Allocation Failure) [PSYoungGen: 867K->306K(1536K)] 5263K->4702K(9728K), 0.0002761 secs] [Times: user=0.00 sys=0.00, real=0.00 secs] 
1.765: [GC (Allocation Failure) [PSYoungGen: 1145K->32K(1536K)] 5541K->5259K(9728K), 0.0003252 secs] [Times: user=0.00 sys=0.00, real=0.00 secs] 
1.766: [GC (Allocation Failure) [PSYoungGen: 868K->307K(1536K)] 6646K->6084K(9728K), 0.0002599 secs] [Times: user=0.00 sys=0.00, real=0.00 secs] 
1.766: [GC (Allocation Failure) [PSYoungGen: 1147K->32K(1536K)] 6924K->6642K(9728K), 0.0008141 secs] [Times: user=0.00 sys=0.00, real=0.00 secs] 
1.767: [Full GC (Ergonomics) [PSYoungGen: 32K->0K(1536K)] [ParOldGen: 6610K->1921K(8192K)] 6642K->1921K(9728K), [Metaspace: 3328K->3328K(1056768K)], 0.0020612 secs] [Times: user=0.01 sys=0.00, real=0.00 secs] 
1.769: [GC (Allocation Failure) [PSYoungGen: 837K->307K(1536K)] 3310K->3054K(9728K), 0.0002766 secs] [Times: user=0.00 sys=0.00, real=0.00 secs] 
1.770: [GC (Allocation Failure) [PSYoungGen: 1148K->32K(1536K)] 3895K->3613K(9728K), 0.0003220 secs] [Times: user=0.00 sys=0.00, real=0.00 secs] 
1.770: [GC (Allocation Failure) [PSYoungGen: 870K->307K(1536K)] 5003K->4440K(9728K), 0.0008018 secs] [Times: user=0.00 sys=0.00, real=0.00 secs] 
1.771: [GC (Allocation Failure) [PSYoungGen: 1149K->32K(1536K)] 5282K->4999K(9728K), 0.0003214 secs] [Times: user=0.00 sys=0.00, real=0.00 secs] 
1.772: [GC (Allocation Failure) [PSYoungGen: 871K->307K(1536K)] 6390K->5826K(9728K), 0.0002690 secs] [Times: user=0.00 sys=0.00, real=0.00 secs] 
1.772: [GC (Allocation Failure) [PSYoungGen: 1150K->32K(1536K)] 6669K->6386K(9728K), 0.0003200 secs] [Times: user=0.00 sys=0.00, real=0.00 secs] 
1.772: [GC (Allocation Failure) [PSYoungGen: 872K->308K(1536K)] 7779K->7215K(9728K), 0.0007864 secs] [Times: user=0.01 sys=0.00, real=0.01 secs] 
1.773: [Full GC (Ergonomics) [PSYoungGen: 308K->0K(1536K)] [ParOldGen: 6907K->1373K(8192K)] 7215K->1373K(9728K), [Metaspace: 3328K->3328K(1056768K)], 0.0023315 secs] [Times: user=0.00 sys=0.00, real=0.00 secs] 
1.776: [GC (Allocation Failure) [PSYoungGen: 843K->32K(1536K)] 2217K->2510K(9728K), 0.0002908 secs] [Times: user=0.00 sys=0.00, real=0.00 secs] 
1.776: [GC (Allocation Failure) [PSYoungGen: 873K->308K(1536K)] 3904K->3339K(9728K), 0.0002590 secs] [Times: user=0.00 sys=0.00, real=0.00 secs] 
1.777: [GC (Allocation Failure) [PSYoungGen: 1153K->32K(1536K)] 4184K->3901K(9728K), 0.0003291 secs] [Times: user=0.00 sys=0.00, real=0.00 secs] 
1.777: [GC (Allocation Failure) [PSYoungGen: 874K->308K(1536K)] 5297K->4731K(9728K), 0.0002992 secs] [Times: user=0.00 sys=0.00, real=0.00 secs] 
1.778: [GC (Allocation Failure) [PSYoungGen: 1154K->32K(1536K)] 5577K->5293K(9728K), 0.0003351 secs] [Times: user=0.00 sys=0.00, real=0.00 secs] 
1.778: [GC (Allocation Failure) [PSYoungGen: 875K->309K(1536K)] 6691K->6124K(9728K), 0.0002664 secs] [Times: user=0.01 sys=0.00, real=0.00 secs] 
1.779: [GC (Allocation Failure) [PSYoungGen: 1156K->32K(1536K)] 6971K->6687K(9728K), 0.0003500 secs] [Times: user=0.00 sys=0.00, real=0.00 secs] 
1.779: [Full GC (Ergonomics) [PSYoungGen: 32K->0K(1536K)] [ParOldGen: 6655K->1928K(8192K)] 6687K->1928K(9728K), [Metaspace: 3328K->3328K(1056768K)], 0.0032145 secs] [Times: user=0.00 sys=0.00, real=0.00 secs] 
1.782: [GC (Allocation Failure) [PSYoungGen: 844K->309K(1536K)] 3327K->3070K(9728K), 0.0008064 secs] [Times: user=0.00 sys=0.00, real=0.01 secs] 
1.783: [GC (Allocation Failure) [PSYoungGen: 1157K->32K(1536K)] 3918K->3633K(9728K), 0.0019861 secs] [Times: user=0.01 sys=0.00, real=0.00 secs] 
1.786: [GC (Allocation Failure) [PSYoungGen: 877K->309K(1536K)] 5034K->4466K(9728K), 0.0007896 secs] [Times: user=0.00 sys=0.00, real=0.00 secs] 
1.787: [GC (Allocation Failure) [PSYoungGen: 1158K->32K(1536K)] 5315K->5030K(9728K), 0.0008087 secs] [Times: user=0.00 sys=0.00, real=0.00 secs] 
1.788: [GC (Allocation Failure) [PSYoungGen: 878K->310K(1536K)] 6433K->5865K(9728K), 0.0008682 secs] [Times: user=0.00 sys=0.00, real=0.00 secs] 
1.789: [GC (Allocation Failure) [PSYoungGen: 1159K->32K(1536K)] 6714K->6429K(9728K), 0.0008319 secs] [Times: user=0.01 sys=0.00, real=0.00 secs] 
1.790: [GC (Allocation Failure) [PSYoungGen: 879K->310K(1536K)] 7833K->7264K(9728K), 0.0008295 secs] [Times: user=0.00 sys=0.00, real=0.00 secs] 
1.791: [Full GC (Ergonomics) [PSYoungGen: 310K->0K(1536K)] [ParOldGen: 6954K->1375K(8192K)] 7264K->1375K(9728K), [Metaspace: 3328K->3328K(1056768K)], 0.0033885 secs] [Times: user=0.00 sys=0.00, real=0.01 secs] 
1.794: [GC (Allocation Failure) [PSYoungGen: 850K->32K(1536K)] 2226K->2521K(9728K), 0.0009217 secs] [Times: user=0.01 sys=0.00, real=0.00 secs] 
1.795: [GC (Allocation Failure) [PSYoungGen: 880K->310K(1536K)] 3927K->3357K(9728K), 0.0007920 secs] [Times: user=0.00 sys=0.00, real=0.00 secs] 
1.796: [GC (Allocation Failure) [PSYoungGen: 1162K->32K(1536K)] 4209K->3923K(9728K), 0.0008104 secs] [Times: user=0.00 sys=0.00, real=0.00 secs] 
1.797: [GC (Allocation Failure) [PSYoungGen: 881K->311K(1536K)] 5330K->4760K(9728K), 0.0007801 secs] [Times: user=0.00 sys=0.00, real=0.00 secs] 
1.798: [GC (Allocation Failure) [PSYoungGen: 1163K->32K(1536K)] 5613K->5327K(9728K), 0.0008503 secs] [Times: user=0.00 sys=0.00, real=0.00 secs] 
1.799: [GC (Allocation Failure) [PSYoungGen: 882K->311K(1536K)] 6736K->6165K(9728K), 0.0007859 secs] [Times: user=0.01 sys=0.00, real=0.00 secs] 
1.800: [GC (Allocation Failure) [PSYoungGen: 1165K->32K(1536K)] 7018K->6732K(9728K), 0.0008233 secs] [Times: user=0.00 sys=0.00, real=0.00 secs] 
1.801: [Full GC (Ergonomics) [PSYoungGen: 32K->0K(1536K)] [ParOldGen: 6700K->1935K(8192K)] 6732K->1935K(9728K), [Metaspace: 3328K->3328K(1056768K)], 0.0038989 secs] [Times: user=0.01 sys=0.00, real=0.01 secs] 
1.805: [GC (Allocation Failure) [PSYoungGen: 851K->311K(1536K)] 3345K->3086K(9728K), 0.0013379 secs] [Times: user=0.00 sys=0.00, real=0.00 secs] 
1.807: [GC (Allocation Failure) [PSYoungGen: 1166K->32K(1536K)] 3940K->3653K(9728K), 0.0010124 secs] [Times: user=0.00 sys=0.00, real=0.00 secs] 
1.808: [GC (Allocation Failure) [PSYoungGen: 884K->312K(1536K)] 5065K->4493K(9728K), 0.0008233 secs] [Times: user=0.00 sys=0.00, real=0.00 secs] 
1.809: [GC (Allocation Failure) [PSYoungGen: 1167K->32K(1536K)] 5349K->5062K(9728K), 0.0014682 secs] [Times: user=0.00 sys=0.00, real=0.00 secs] 
1.811: [GC (Allocation Failure) [PSYoungGen: 885K->312K(1536K)] 6475K->5903K(9728K), 0.0008301 secs] [Times: user=0.01 sys=0.00, real=0.00 secs] 
1.812: [GC (Allocation Failure) [PSYoungGen: 1168K->32K(1536K)] 6759K->6472K(9728K), 0.0008507 secs] [Times: user=0.00 sys=0.00, real=0.00 secs] 
1.813: [GC (Allocation Failure) [PSYoungGen: 886K->312K(1536K)] 7887K->7314K(9728K), 0.0008894 secs] [Times: user=0.00 sys=0.00, real=0.01 secs] 
1.814: [Full GC (Ergonomics) [PSYoungGen: 312K->0K(1536K)] [ParOldGen: 7001K->1377K(8192K)] 7314K->1377K(9728K), [Metaspace: 3328K->3328K(1056768K)], 0.0032442 secs] [Times: user=0.01 sys=0.00, real=0.00 secs] 
1.817: [GC (Allocation Failure) [PSYoungGen: 857K->32K(1536K)] 2235K->1971K(9728K), 0.0014134 secs] [Times: user=0.00 sys=0.00, real=0.00 secs] 
1.819: [GC (Allocation Failure) [PSYoungGen: 887K->313K(1536K)] 3388K->2814K(9728K), 0.0008110 secs] [Times: user=0.00 sys=0.00, real=0.00 secs] 
1.820: [GC (Allocation Failure) [PSYoungGen: 1171K->32K(1536K)] 3672K->3384K(9728K), 0.0008947 secs] [Times: user=0.00 sys=0.00, real=0.00 secs] 
1.821: [GC (Allocation Failure) [PSYoungGen: 888K->313K(1536K)] 4802K->4228K(9728K), 0.0008017 secs] [Times: user=0.00 sys=0.00, real=0.00 secs] 
1.822: [GC (Allocation Failure) [PSYoungGen: 1172K->32K(1536K)] 5087K->4799K(9728K), 0.0003449 secs] [Times: user=0.00 sys=0.00, real=0.00 secs] 
1.822: [GC (Allocation Failure) [PSYoungGen: 889K->313K(1536K)] 6219K->5644K(9728K), 0.0008181 secs] [Times: user=0.01 sys=0.00, real=0.01 secs] 
1.823: [GC (Allocation Failure) [PSYoungGen: 1174K->32K(1536K)] 6504K->6215K(9728K), 0.0010028 secs] [Times: user=0.00 sys=0.00, real=0.00 secs] 
1.824: [GC (Allocation Failure) [PSYoungGen: 890K->314K(1536K)] 7637K->7061K(9728K), 0.0008350 secs] [Times: user=0.00 sys=0.00, real=0.00 secs] 
1.825: [Full GC (Ergonomics) [PSYoungGen: 314K->0K(1536K)] [ParOldGen: 6747K->1378K(8192K)] 7061K->1378K(9728K), [Metaspace: 3328K->3328K(1056768K)], 0.0036089 secs] [Times: user=0.01 sys=0.00, real=0.00 secs] 
1.829: [GC (Allocation Failure) [PSYoungGen: 861K->32K(1536K)] 2240K->1975K(9728K), 0.0008479 secs] [Times: user=0.00 sys=0.00, real=0.00 secs] 
1.830: [GC (Allocation Failure) [PSYoungGen: 890K->314K(1536K)] 3398K->2821K(9728K), 0.0007754 secs] [Times: user=0.00 sys=0.00, real=0.00 secs] 
1.831: [GC (Allocation Failure) [PSYoungGen: 1176K->32K(1536K)] 3684K->3394K(9728K), 0.0008151 secs] [Times: user=0.00 sys=0.00, real=0.00 secs] 
1.832: [GC (Allocation Failure) [PSYoungGen: 891K->314K(1536K)] 4819K->4242K(9728K), 0.0007862 secs] [Times: user=0.00 sys=0.00, real=0.01 secs] 
1.833: [GC (Allocation Failure) [PSYoungGen: 1177K->32K(1536K)] 5105K->4815K(9728K), 0.0008294 secs] [Times: user=0.00 sys=0.00, real=0.00 secs] 
1.834: [GC (Allocation Failure) [PSYoungGen: 892K->315K(1536K)] 6242K->5664K(9728K), 0.0008660 secs] [Times: user=0.01 sys=0.00, real=0.00 secs] 
1.835: [GC (Allocation Failure) [PSYoungGen: 1179K->32K(1536K)] 6528K->6238K(9728K), 0.0016251 secs] [Times: user=0.00 sys=0.00, real=0.00 secs] 
1.837: [GC (Allocation Failure) [PSYoungGen: 893K->315K(1536K)] 7666K->7088K(9728K), 0.0008647 secs] [Times: user=0.00 sys=0.00, real=0.00 secs] 
1.838: [Full GC (Ergonomics) [PSYoungGen: 315K->0K(1536K)] [ParOldGen: 6772K->1380K(8192K)] 7088K->1380K(9728K), [Metaspace: 3328K->3328K(1056768K)], 0.0042805 secs] [Times: user=0.01 sys=0.00, real=0.00 secs] 
1.842: [GC (Allocation Failure) [PSYoungGen: 865K->32K(1536K)] 2245K->1978K(9728K), 0.0008299 secs] [Times: user=0.00 sys=0.00, real=0.01 secs] 
1.843: [GC (Allocation Failure) [PSYoungGen: 894K->315K(1536K)] 3408K->2829K(9728K), 0.0003756 secs] [Times: user=0.00 sys=0.01, real=0.00 secs] 
1.844: [GC (Allocation Failure) [PSYoungGen: 1181K->32K(1536K)] 3695K->3404K(9728K), 0.0006075 secs] [Times: user=0.00 sys=0.00, real=0.00 secs] 
1.845: [GC (Allocation Failure) [PSYoungGen: 895K->315K(1536K)] 4836K->4256K(9728K), 0.0006342 secs] [Times: user=0.00 sys=0.00, real=0.00 secs] 
1.846: [GC (Allocation Failure) [PSYoungGen: 1182K->32K(1536K)] 5123K->4832K(9728K), 0.0003312 secs] [Times: user=0.00 sys=0.00, real=0.00 secs] 
1.846: [GC (Allocation Failure) [PSYoungGen: 896K->316K(1536K)] 6265K->5685K(9728K), 0.0003233 secs] [Times: user=0.01 sys=0.00, real=0.00 secs] 
1.847: [GC (Allocation Failure) [PSYoungGen: 1184K->32K(1536K)] 6552K->6261K(9728K), 0.0003390 secs] [Times: user=0.00 sys=0.00, real=0.00 secs] 
1.847: [GC (Allocation Failure) [PSYoungGen: 897K->316K(1536K)] 7696K->7115K(9728K), 0.0003082 secs] [Times: user=0.00 sys=0.00, real=0.00 secs] 
1.847: [Full GC (Ergonomics) [PSYoungGen: 316K->0K(1536K)] [ParOldGen: 6798K->1381K(8192K)] 7115K->1381K(9728K), [Metaspace: 3328K->3328K(1056768K)], 0.0021662 secs] [Times: user=0.00 sys=0.00, real=0.00 secs] 
1.850: [GC (Allocation Failure) [PSYoungGen: 868K->32K(1536K)] 2250K->2551K(9728K), 0.0003067 secs] [Times: user=0.00 sys=0.00, real=0.00 secs] 
1.850: [GC (Allocation Failure) [PSYoungGen: 898K->316K(1536K)] 3988K->3406K(9728K), 0.0002788 secs] [Times: user=0.00 sys=0.00, real=0.00 secs] 
1.851: [GC (Allocation Failure) [PSYoungGen: 1186K->32K(1536K)] 4276K->3984K(9728K), 0.0003393 secs] [Times: user=0.00 sys=0.00, real=0.00 secs] 
1.851: [GC (Allocation Failure) [PSYoungGen: 899K->317K(1536K)] 5422K->4839K(9728K), 0.0007747 secs] [Times: user=0.01 sys=0.00, real=0.00 secs] 
1.852: [GC (Allocation Failure) [PSYoungGen: 1188K->32K(1536K)] 5710K->5418K(9728K), 0.0003571 secs] [Times: user=0.00 sys=0.00, real=0.00 secs] 
1.853: [GC (Allocation Failure) [PSYoungGen: 900K->317K(1536K)] 6857K->6274K(9728K), 0.0002998 secs] [Times: user=0.00 sys=0.00, real=0.01 secs] 
1.853: [GC (Allocation Failure) [PSYoungGen: 1189K->32K(1536K)] 7146K->6853K(9728K), 0.0003362 secs] [Times: user=0.00 sys=0.00, real=0.00 secs] 
1.853: [Full GC (Ergonomics) [PSYoungGen: 32K->0K(1536K)] [ParOldGen: 6821K->1953K(8192K)] 6853K->1953K(9728K), [Metaspace: 3328K->3328K(1056768K)], 0.0020258 secs] [Times: user=0.00 sys=0.00, real=0.00 secs] 
1.856: [GC (Allocation Failure) [PSYoungGen: 869K->317K(1536K)] 3394K->3128K(9728K), 0.0003194 secs] [Times: user=0.00 sys=0.00, real=0.00 secs] 
1.856: [GC (Allocation Failure) [PSYoungGen: 1190K->32K(1536K)] 4001K->3708K(9728K), 0.0003870 secs] [Times: user=0.00 sys=0.00, real=0.00 secs] 
1.857: [GC (Allocation Failure) [PSYoungGen: 902K->318K(1536K)] 5151K->4566K(9728K), 0.0002673 secs] [Times: user=0.00 sys=0.00, real=0.00 secs] 
1.858: [GC (Allocation Failure) [PSYoungGen: 1191K->32K(1536K)] 5440K->5147K(9728K), 0.0003849 secs] [Times: user=0.00 sys=0.00, real=0.00 secs] 
1.858: [GC (Allocation Failure) [PSYoungGen: 903K->318K(1536K)] 6591K->6006K(9728K), 0.0006868 secs] [Times: user=0.00 sys=0.00, real=0.00 secs] 
1.859: [GC (Allocation Failure) [PSYoungGen: 1193K->32K(1536K)] 6881K->6587K(9728K), 0.0004188 secs] [Times: user=0.00 sys=0.00, real=0.00 secs] 
1.860: [Full GC (Ergonomics) [PSYoungGen: 32K->0K(1536K)] [ParOldGen: 6555K->1956K(8192K)] 6587K->1956K(9728K), [Metaspace: 3328K->3328K(1056768K)], 0.0023751 secs] [Times: user=0.00 sys=0.00, real=0.00 secs] 
1.862: [GC (Allocation Failure) [PSYoungGen: 872K->318K(1536K)] 3402K->3135K(9728K), 0.0002924 secs] [Times: user=0.00 sys=0.00, real=0.00 secs] 
1.863: [GC (Allocation Failure) [PSYoungGen: 1194K->32K(1536K)] 4011K->3717K(9728K), 0.0003539 secs] [Times: user=0.00 sys=0.00, real=0.01 secs] 
1.863: [GC (Allocation Failure) [PSYoungGen: 905K->319K(1536K)] 5164K->4578K(9728K), 0.0004143 secs] [Times: user=0.00 sys=0.00, real=0.00 secs] 
1.864: [GC (Allocation Failure) [PSYoungGen: 1195K->32K(1536K)] 5454K->5160K(9728K), 0.0003407 secs] [Times: user=0.00 sys=0.00, real=0.00 secs] 
1.864: [GC (Allocation Failure) [PSYoungGen: 906K->319K(1536K)] 6609K->6022K(9728K), 0.0002918 secs] [Times: user=0.00 sys=0.00, real=0.00 secs] 
1.865: [GC (Allocation Failure) [PSYoungGen: 1197K->32K(1536K)] 6900K->6605K(9728K), 0.0003765 secs] [Times: user=0.01 sys=0.00, real=0.00 secs] 
1.865: [Full GC (Ergonomics) [PSYoungGen: 32K->0K(1536K)] [ParOldGen: 6573K->1959K(8192K)] 6605K->1959K(9728K), [Metaspace: 3328K->3328K(1056768K)], 0.0021625 secs] [Times: user=0.00 sys=0.00, real=0.00 secs] 
1.868: [GC (Allocation Failure) [PSYoungGen: 875K->319K(1536K)] 3409K->3142K(9728K), 0.0003498 secs] [Times: user=0.00 sys=0.00, real=0.00 secs] 
1.868: [GC (Allocation Failure) [PSYoungGen: 1198K->32K(1536K)] 4020K->3725K(9728K), 0.0003693 secs] [Times: user=0.00 sys=0.00, real=0.00 secs] 
1.869: [GC (Allocation Failure) [PSYoungGen: 908K->320K(1536K)] 5178K->4589K(9728K), 0.0003011 secs] [Times: user=0.00 sys=0.00, real=0.00 secs] 
1.869: [GC (Allocation Failure) [PSYoungGen: 1199K->32K(1536K)] 5469K->5174K(9728K), 0.0003631 secs] [Times: user=0.00 sys=0.00, real=0.00 secs] 
1.870: [GC (Allocation Failure) [PSYoungGen: 909K->320K(1536K)] 6628K->6039K(9728K), 0.0002580 secs] [Times: user=0.00 sys=0.00, real=0.00 secs] 
1.870: [GC (Allocation Failure) [PSYoungGen: 1200K->32K(1536K)] 6919K->6624K(9728K), 0.0003780 secs] [Times: user=0.00 sys=0.00, real=0.00 secs] 
1.871: [Full GC (Ergonomics) [PSYoungGen: 32K->0K(1536K)] [ParOldGen: 6592K->1962K(8192K)] 6624K->1962K(9728K), [Metaspace: 3328K->3328K(1056768K)], 0.0023827 secs] [Times: user=0.01 sys=0.00, real=0.01 secs] 
1.873: [GC (Allocation Failure) [PSYoungGen: 878K->320K(1536K)] 3417K->3148K(9728K), 0.0002640 secs] [Times: user=0.00 sys=0.00, real=0.00 secs] 
1.874: [GC (Allocation Failure) [PSYoungGen: 1202K->32K(1536K)] 4030K->3734K(9728K), 0.0004429 secs] [Times: user=0.00 sys=0.00, real=0.00 secs] 
1.874: [GC (Allocation Failure) [PSYoungGen: 911K->321K(1536K)] 5191K->4601K(9728K), 0.0005928 secs] [Times: user=0.00 sys=0.00, real=0.00 secs] 
1.875: [GC (Allocation Failure) [PSYoungGen: 1203K->32K(1536K)] 5483K->5187K(9728K), 0.0003673 secs] [Times: user=0.00 sys=0.00, real=0.00 secs] 
1.876: [GC (Allocation Failure) [PSYoungGen: 912K->321K(1536K)] 6646K->6055K(9728K), 0.0002864 secs] [Times: user=0.00 sys=0.00, real=0.00 secs] 
1.876: [GC (Allocation Failure) [PSYoungGen: 1204K->32K(1536K)] 6938K->6642K(9728K), 0.0003776 secs] [Times: user=0.00 sys=0.00, real=0.00 secs] 
1.876: [Full GC (Ergonomics) [PSYoungGen: 32K->0K(1536K)] [ParOldGen: 6610K->1965K(8192K)] 6642K->1965K(9728K), [Metaspace: 3328K->3328K(1056768K)], 0.0023597 secs] [Times: user=0.01 sys=0.00, real=0.00 secs] 
1.879: [GC (Allocation Failure) [PSYoungGen: 881K->321K(1536K)] 3425K->3155K(9728K), 0.0003266 secs] [Times: user=0.00 sys=0.00, real=0.00 secs] 
1.880: [GC (Allocation Failure) [PSYoungGen: 1206K->32K(1536K)] 4039K->3743K(9728K), 0.0011364 secs] [Times: user=0.00 sys=0.00, real=0.00 secs] 
1.881: [GC (Allocation Failure) [PSYoungGen: 914K->322K(1536K)] 5204K->4612K(9728K), 0.0008567 secs] [Times: user=0.00 sys=0.00, real=0.00 secs] 
1.883: [GC (Allocation Failure) [PSYoungGen: 1207K->32K(1536K)] 5498K->5201K(9728K), 0.0004081 secs] [Times: user=0.00 sys=0.00, real=0.01 secs] 
1.883: [GC (Allocation Failure) [PSYoungGen: 915K->322K(1536K)] 6664K->6071K(9728K), 0.0003460 secs] [Times: user=0.01 sys=0.00, real=0.00 secs] 
1.884: [GC (Allocation Failure) [PSYoungGen: 1208K->32K(1536K)] 6958K->6660K(9728K), 0.0003451 secs] [Times: user=0.00 sys=0.00, real=0.00 secs] 
1.884: [Full GC (Ergonomics) [PSYoungGen: 32K->0K(1536K)] [ParOldGen: 6628K->1967K(8192K)] 6660K->1967K(9728K), [Metaspace: 3328K->3328K(1056768K)], 0.0036397 secs] [Times: user=0.00 sys=0.00, real=0.00 secs] 
1.888: [GC (Allocation Failure) [PSYoungGen: 883K->322K(1536K)] 3433K->3162K(9728K), 0.0003765 secs] [Times: user=0.00 sys=0.00, real=0.00 secs] 
1.889: [GC (Allocation Failure) [PSYoungGen: 1209K->32K(1536K)] 4049K->3751K(9728K), 0.0009135 secs] [Times: user=0.01 sys=0.00, real=0.00 secs] 
1.890: [GC (Allocation Failure) [PSYoungGen: 916K->323K(1536K)] 5218K->4624K(9728K), 0.0009757 secs] [Times: user=0.00 sys=0.00, real=0.00 secs] 
1.891: [GC (Allocation Failure) [PSYoungGen: 1211K->32K(1536K)] 5512K->5214K(9728K), 0.0009493 secs] [Times: user=0.00 sys=0.00, real=0.00 secs] 
1.892: [GC (Allocation Failure) [PSYoungGen: 917K->323K(1536K)] 6682K->6088K(9728K), 0.0008900 secs] [Times: user=0.00 sys=0.01, real=0.01 secs] 
1.894: [GC (Allocation Failure) [PSYoungGen: 1212K->32K(1536K)] 6977K->6678K(9728K), 0.0004533 secs] [Times: user=0.01 sys=0.00, real=0.00 secs] 
1.894: [Full GC (Ergonomics) [PSYoungGen: 32K->0K(1536K)] [ParOldGen: 6646K->1970K(8192K)] 6678K->1970K(9728K), [Metaspace: 3328K->3328K(1056768K)], 0.0024769 secs] [Times: user=0.00 sys=0.00, real=0.00 secs] 
1.897: [GC (Allocation Failure) [PSYoungGen: 886K->323K(1536K)] 3440K->3169K(9728K), 0.0003540 secs] [Times: user=0.00 sys=0.00, real=0.00 secs] 
1.897: [GC (Allocation Failure) [PSYoungGen: 1213K->32K(1536K)] 4059K->3760K(9728K), 0.0003152 secs] [Times: user=0.00 sys=0.00, real=0.00 secs] 
1.898: [GC (Allocation Failure) [PSYoungGen: 919K->323K(1536K)] 5231K->4636K(9728K), 0.0002929 secs] [Times: user=0.00 sys=0.00, real=0.00 secs] 
1.898: [GC (Allocation Failure) [PSYoungGen: 1215K->32K(1536K)] 5527K->5228K(9728K), 0.0003583 secs] [Times: user=0.00 sys=0.00, real=0.00 secs] 
1.899: [GC (Allocation Failure) [PSYoungGen: 920K->324K(1536K)] 6701K->6104K(9728K), 0.0003292 secs] [Times: user=0.00 sys=0.00, real=0.00 secs] 
1.899: [GC (Allocation Failure) [PSYoungGen: 1216K->32K(1536K)] 6996K->6697K(9728K), 0.0005074 secs] [Times: user=0.00 sys=0.00, real=0.00 secs] 
1.900: [Full GC (Ergonomics) [PSYoungGen: 32K->0K(1536K)] [ParOldGen: 6665K->1973K(8192K)] 6697K->1973K(9728K), [Metaspace: 3328K->3328K(1056768K)], 0.0023910 secs] [Times: user=0.01 sys=0.00, real=0.00 secs] 
1.903: [GC (Allocation Failure) [PSYoungGen: 889K->324K(1536K)] 3448K->3175K(9728K), 0.0010816 secs] [Times: user=0.00 sys=0.00, real=0.01 secs] 
1.904: [GC (Allocation Failure) [PSYoungGen: 1217K->32K(1536K)] 4068K->3769K(9728K), 0.0004238 secs] [Times: user=0.00 sys=0.00, real=0.00 secs] 
1.905: [GC (Allocation Failure) [PSYoungGen: 922K->324K(1536K)] 5245K->4647K(9728K), 0.0003300 secs] [Times: user=0.00 sys=0.00, real=0.00 secs] 
1.905: [GC (Allocation Failure) [PSYoungGen: 1218K->32K(1536K)] 5541K->5241K(9728K), 0.0003439 secs] [Times: user=0.00 sys=0.00, real=0.00 secs] 
1.906: [GC (Allocation Failure) [PSYoungGen: 923K->325K(1536K)] 6719K->6120K(9728K), 0.0002746 secs] [Times: user=0.00 sys=0.00, real=0.00 secs] 
1.906: [GC (Allocation Failure) [PSYoungGen: 1220K->32K(1536K)] 7015K->6715K(9728K), 0.0003620 secs] [Times: user=0.00 sys=0.00, real=0.00 secs] 
1.907: [Full GC (Ergonomics) [PSYoungGen: 32K->0K(1536K)] [ParOldGen: 6683K->1976K(8192K)] 6715K->1976K(9728K), [Metaspace: 3328K->3328K(1056768K)], 0.0022751 secs] [Times: user=0.01 sys=0.00, real=0.00 secs] 
1.909: [GC (Allocation Failure) [PSYoungGen: 892K->325K(1536K)] 3456K->3182K(9728K), 0.0003235 secs] [Times: user=0.00 sys=0.00, real=0.00 secs] 
1.910: [GC (Allocation Failure) [PSYoungGen: 1221K->32K(1536K)] 4078K->3777K(9728K), 0.0003545 secs] [Times: user=0.00 sys=0.00, real=0.00 secs] 
1.910: [GC (Allocation Failure) [PSYoungGen: 925K->325K(1536K)] 5258K->4659K(9728K), 0.0003099 secs] [Times: user=0.00 sys=0.00, real=0.00 secs] 
1.911: [GC (Allocation Failure) [PSYoungGen: 1222K->32K(1536K)] 5555K->5254K(9728K), 0.0003343 secs] [Times: user=0.00 sys=0.00, real=0.00 secs] 
1.911: [GC (Allocation Failure) [PSYoungGen: 926K->326K(1536K)] 6737K->6137K(9728K), 0.0003472 secs] [Times: user=0.00 sys=0.00, real=0.00 secs] 
1.912: [GC (Allocation Failure) [PSYoungGen: 1223K->32K(1536K)] 7035K->6733K(9728K), 0.0004519 secs] [Times: user=0.00 sys=0.00, real=0.00 secs] 
1.912: [Full GC (Ergonomics) [PSYoungGen: 32K->0K(1536K)] [ParOldGen: 6701K->1979K(8192K)] 6733K->1979K(9728K), [Metaspace: 3328K->3328K(1056768K)], 0.0035752 secs] [Times: user=0.01 sys=0.00, real=0.01 secs] 
1.916: [GC (Allocation Failure) [PSYoungGen: 895K->326K(1536K)] 3463K->3189K(9728K), 0.0002951 secs] [Times: user=0.00 sys=0.00, real=0.00 secs] 
1.917: [GC (Allocation Failure) [PSYoungGen: 1225K->32K(1536K)] 4087K->3786K(9728K), 0.0004354 secs] [Times: user=0.00 sys=0.00, real=0.00 secs] 
1.917: [GC (Allocation Failure) [PSYoungGen: 928K->326K(1536K)] 5272K->4670K(9728K), 0.0002912 secs] [Times: user=0.00 sys=0.00, real=0.00 secs] 
1.918: [GC (Allocation Failure) [PSYoungGen: 1226K->32K(1536K)] 5570K->5268K(9728K), 0.0003438 secs] [Times: user=0.00 sys=0.00, real=0.00 secs] 
1.918: [GC (Allocation Failure) [PSYoungGen: 929K->327K(1536K)] 6755K->6153K(9728K), 0.0002849 secs] [Times: user=0.00 sys=0.00, real=0.00 secs] 
1.919: [GC (Allocation Failure) [PSYoungGen: 1227K->32K(1536K)] 7054K->6752K(9728K), 0.0003979 secs] [Times: user=0.00 sys=0.00, real=0.00 secs] 
1.919: [Full GC (Ergonomics) [PSYoungGen: 32K->0K(1536K)] [ParOldGen: 6720K->1982K(8192K)] 6752K->1982K(9728K), [Metaspace: 3328K->3328K(1056768K)], 0.0030227 secs] [Times: user=0.01 sys=0.00, real=0.00 secs] 
1.922: [GC (Allocation Failure) [PSYoungGen: 898K->327K(1536K)] 3471K->3195K(9728K), 0.0006439 secs] [Times: user=0.00 sys=0.00, real=0.01 secs] 
1.923: [GC (Allocation Failure) [PSYoungGen: 1229K->32K(1536K)] 4097K->3794K(9728K), 0.0003474 secs] [Times: user=0.00 sys=0.00, real=0.00 secs] 
1.924: [GC (Allocation Failure) [PSYoungGen: 931K->327K(1536K)] 5285K->4682K(9728K), 0.0003106 secs] [Times: user=0.00 sys=0.00, real=0.00 secs] 
1.924: [GC (Allocation Failure) [PSYoungGen: 1230K->32K(1536K)] 5584K->5281K(9728K), 0.0006485 secs] [Times: user=0.00 sys=0.00, real=0.00 secs] 
1.925: [GC (Allocation Failure) [PSYoungGen: 932K->328K(1536K)] 6774K->6169K(9728K), 0.0003065 secs] [Times: user=0.00 sys=0.00, real=0.00 secs] 
1.925: [GC (Allocation Failure) [PSYoungGen: 1231K->32K(1536K)] 7073K->6770K(9728K), 0.0003408 secs] [Times: user=0.00 sys=0.00, real=0.00 secs] 
1.926: [Full GC (Ergonomics) [PSYoungGen: 32K->0K(1536K)] [ParOldGen: 6738K->1985K(8192K)] 6770K->1985K(9728K), [Metaspace: 3328K->3328K(1056768K)], 0.0023028 secs] [Times: user=0.01 sys=0.00, real=0.00 secs] 
1.928: [GC (Allocation Failure) [PSYoungGen: 901K->328K(1536K)] 3479K->3202K(9728K), 0.0002826 secs] [Times: user=0.00 sys=0.00, real=0.00 secs] 
1.929: [GC (Allocation Failure) [PSYoungGen: 1232K->32K(1536K)] 4107K->3803K(9728K), 0.0003426 secs] [Times: user=0.00 sys=0.00, real=0.00 secs] 
1.929: [GC (Allocation Failure) [PSYoungGen: 934K->328K(1536K)] 5299K->4693K(9728K), 0.0002774 secs] [Times: user=0.00 sys=0.00, real=0.00 secs] 
1.930: [GC (Allocation Failure) [PSYoungGen: 1234K->32K(1536K)] 5599K->5295K(9728K), 0.0003640 secs] [Times: user=0.00 sys=0.00, real=0.00 secs] 
1.930: [GC (Allocation Failure) [PSYoungGen: 935K->329K(1536K)] 6792K->6186K(9728K), 0.0002910 secs] [Times: user=0.00 sys=0.00, real=0.00 secs] 
1.931: [GC (Allocation Failure) [PSYoungGen: 1235K->32K(1536K)] 7092K->6788K(9728K), 0.0004448 secs] [Times: user=0.00 sys=0.00, real=0.00 secs] 
1.931: [Full GC (Ergonomics) [PSYoungGen: 32K->0K(1536K)] [ParOldGen: 6756K->1988K(8192K)] 6788K->1988K(9728K), [Metaspace: 3328K->3328K(1056768K)], 0.0023760 secs] [Times: user=0.01 sys=0.00, real=0.01 secs] 
1.934: [GC (Allocation Failure) [PSYoungGen: 904K->329K(1536K)] 3486K->3209K(9728K), 0.0003045 secs] [Times: user=0.00 sys=0.00, real=0.00 secs] 
1.934: [GC (Allocation Failure) [PSYoungGen: 1236K->32K(1536K)] 4116K->3812K(9728K), 0.0003418 secs] [Times: user=0.00 sys=0.00, real=0.00 secs] 
1.935: [GC (Allocation Failure) [PSYoungGen: 937K->329K(1536K)] 5312K->4705K(9728K), 0.0002931 secs] [Times: user=0.00 sys=0.00, real=0.00 secs] 
1.935: [GC (Allocation Failure) [PSYoungGen: 1238K->32K(1536K)] 5613K->5308K(9728K), 0.0003580 secs] [Times: user=0.00 sys=0.00, real=0.00 secs] 
1.936: [GC (Allocation Failure) [PSYoungGen: 938K->330K(1536K)] 6810K->6202K(9728K), 0.0002837 secs] [Times: user=0.00 sys=0.00, real=0.00 secs] 
1.936: [GC (Allocation Failure) [PSYoungGen: 1239K->32K(1536K)] 7111K->6806K(9728K), 0.0003870 secs] [Times: user=0.00 sys=0.00, real=0.00 secs] 
1.937: [Full GC (Ergonomics) [PSYoungGen: 32K->0K(1536K)] [ParOldGen: 6774K->1991K(8192K)] 6806K->1991K(9728K), [Metaspace: 3328K->3328K(1056768K)], 0.0023917 secs] [Times: user=0.01 sys=0.00, real=0.00 secs] 
1.940: [GC (Allocation Failure) [PSYoungGen: 907K->330K(1536K)] 3494K->3216K(9728K), 0.0002851 secs] [Times: user=0.00 sys=0.00, real=0.00 secs] 
1.940: [GC (Allocation Failure) [PSYoungGen: 1240K->32K(1536K)] 4126K->3820K(9728K), 0.0003144 secs] [Times: user=0.00 sys=0.00, real=0.00 secs] 
1.941: [GC (Allocation Failure) [PSYoungGen: 940K->330K(1536K)] 5326K->4716K(9728K), 0.0003121 secs] [Times: user=0.00 sys=0.00, real=0.00 secs] 
1.941: [GC (Allocation Failure) [PSYoungGen: 1241K->32K(1536K)] 5627K->5322K(9728K), 0.0002968 secs] [Times: user=0.00 sys=0.01, real=0.00 secs] 
1.942: [GC (Allocation Failure) [PSYoungGen: 940K->331K(1536K)] 6828K->6218K(9728K), 0.0002789 secs] [Times: user=0.00 sys=0.00, real=0.00 secs] 
1.942: [GC (Allocation Failure) [PSYoungGen: 1243K->32K(1536K)] 7131K->6825K(9728K), 0.0003701 secs] [Times: user=0.00 sys=0.00, real=0.00 secs] 
1.942: [Full GC (Ergonomics) [PSYoungGen: 32K->0K(1536K)] [ParOldGen: 6793K->1993K(8192K)] 6825K->1993K(9728K), [Metaspace: 3328K->3328K(1056768K)], 0.0025392 secs] [Times: user=0.01 sys=0.00, real=0.01 secs] 
1.945: [GC (Allocation Failure) [PSYoungGen: 909K->331K(1536K)] 3502K->3222K(9728K), 0.0003140 secs] [Times: user=0.00 sys=0.00, real=0.00 secs] 
1.946: [GC (Allocation Failure) [PSYoungGen: 1244K->32K(1536K)] 4135K->3829K(9728K), 0.0003478 secs] [Times: user=0.00 sys=0.00, real=0.00 secs] 
1.946: [GC (Allocation Failure) [PSYoungGen: 942K->331K(1536K)] 5339K->4728K(9728K), 0.0002923 secs] [Times: user=0.00 sys=0.00, real=0.00 secs] 
1.947: [GC (Allocation Failure) [PSYoungGen: 1245K->32K(1536K)] 5642K->5335K(9728K), 0.0003388 secs] [Times: user=0.00 sys=0.00, real=0.00 secs] 
1.947: [GC (Allocation Failure) [PSYoungGen: 943K->332K(1536K)] 6847K->6235K(9728K), 0.0002790 secs] [Times: user=0.00 sys=0.00, real=0.00 secs] 
1.948: [GC (Allocation Failure) [PSYoungGen: 1247K->32K(1536K)] 7150K->6843K(9728K), 0.0003344 secs] [Times: user=0.00 sys=0.00, real=0.00 secs] 
1.948: [Full GC (Ergonomics) [PSYoungGen: 32K->0K(1536K)] [ParOldGen: 6811K->1996K(8192K)] 6843K->1996K(9728K), [Metaspace: 3328K->3328K(1056768K)], 0.0024405 secs] [Times: user=0.00 sys=0.00, real=0.00 secs] 
1.951: [GC (Allocation Failure) [PSYoungGen: 912K->332K(1536K)] 3509K->3229K(9728K), 0.0002787 secs] [Times: user=0.01 sys=0.00, real=0.00 secs] 
1.951: [GC (Allocation Failure) [PSYoungGen: 1248K->32K(1536K)] 4145K->3838K(9728K), 0.0003491 secs] [Times: user=0.00 sys=0.00, real=0.00 secs] 
1.952: [GC (Allocation Failure) [PSYoungGen: 945K->332K(1536K)] 5352K->4739K(9728K), 0.0002717 secs] [Times: user=0.00 sys=0.00, real=0.00 secs] 
1.952: [GC (Allocation Failure) [PSYoungGen: 1249K->32K(1536K)] 5656K->5349K(9728K), 0.0003468 secs] [Times: user=0.00 sys=0.00, real=0.00 secs] 
1.953: [GC (Allocation Failure) [PSYoungGen: 946K->332K(1536K)] 6865K->6251K(9728K), 0.0002729 secs] [Times: user=0.00 sys=0.00, real=0.01 secs] 
1.953: [GC (Allocation Failure) [PSYoungGen: 1250K->32K(1536K)] 7169K->6861K(9728K), 0.0003461 secs] [Times: user=0.00 sys=0.00, real=0.00 secs] 
1.953: [Full GC (Ergonomics) [PSYoungGen: 32K->0K(1536K)] [ParOldGen: 6829K->1999K(8192K)] 6861K->1999K(9728K), [Metaspace: 3328K->3328K(1056768K)], 0.0024196 secs] [Times: user=0.00 sys=0.00, real=0.00 secs] 
1.956: [GC (Allocation Failure) [PSYoungGen: 915K->333K(1536K)] 3517K->3236K(9728K), 0.0003117 secs] [Times: user=0.00 sys=0.00, real=0.00 secs] 
1.957: [GC (Allocation Failure) [PSYoungGen: 1252K->32K(1536K)] 4155K->3846K(9728K), 0.0003472 secs] [Times: user=0.00 sys=0.00, real=0.00 secs] 
1.957: [GC (Allocation Failure) [PSYoungGen: 948K->333K(1536K)] 5366K->4751K(9728K), 0.0002692 secs] [Times: user=0.01 sys=0.00, real=0.00 secs] 
1.958: [GC (Allocation Failure) [PSYoungGen: 1253K->32K(1536K)] 5671K->5362K(9728K), 0.0003506 secs] [Times: user=0.00 sys=0.00, real=0.00 secs] 
1.958: [GC (Allocation Failure) [PSYoungGen: 949K->333K(1536K)] 6883K->6267K(9728K), 0.0002666 secs] [Times: user=0.00 sys=0.00, real=0.00 secs] 
1.959: [GC (Allocation Failure) [PSYoungGen: 1254K->32K(1536K)] 7188K->6879K(9728K), 0.0003459 secs] [Times: user=0.00 sys=0.00, real=0.00 secs] 
1.959: [Full GC (Ergonomics) [PSYoungGen: 32K->0K(1536K)] [ParOldGen: 6847K->2002K(8192K)] 6879K->2002K(9728K), [Metaspace: 3328K->3328K(1056768K)], 0.0022700 secs] [Times: user=0.00 sys=0.00, real=0.00 secs] 
1.961: [GC (Allocation Failure) [PSYoungGen: 918K->334K(1536K)] 3525K->3243K(9728K), 0.0003410 secs] [Times: user=0.00 sys=0.00, real=0.00 secs] 
1.962: [GC (Allocation Failure) [PSYoungGen: 1256K->32K(1536K)] 4164K->3855K(9728K), 0.0003463 secs] [Times: user=0.00 sys=0.00, real=0.00 secs] 
1.962: [GC (Allocation Failure) [PSYoungGen: 951K->334K(1536K)] 5379K->4762K(9728K), 0.0002802 secs] [Times: user=0.00 sys=0.00, real=0.00 secs] 
1.963: [GC (Allocation Failure) [PSYoungGen: 1257K->32K(1536K)] 5685K->5375K(9728K), 0.0003287 secs] [Times: user=0.00 sys=0.00, real=0.00 secs] 
1.963: [GC (Allocation Failure) [PSYoungGen: 952K->334K(1536K)] 6901K->6284K(9728K), 0.0003326 secs] [Times: user=0.01 sys=0.00, real=0.00 secs] 
1.964: [GC (Allocation Failure) [PSYoungGen: 1258K->32K(1536K)] 7208K->6898K(9728K), 0.0003439 secs] [Times: user=0.00 sys=0.00, real=0.00 secs] 
1.964: [Full GC (Ergonomics) [PSYoungGen: 32K->0K(1536K)] [ParOldGen: 6866K->2005K(8192K)] 6898K->2005K(9728K), [Metaspace: 3328K->3328K(1056768K)], 0.0024988 secs] [Times: user=0.00 sys=0.00, real=0.00 secs] 
1.967: [GC (Allocation Failure) [PSYoungGen: 921K->335K(1536K)] 3532K->3249K(9728K), 0.0002837 secs] [Times: user=0.00 sys=0.00, real=0.00 secs] 
1.967: [GC (Allocation Failure) [PSYoungGen: 1259K->32K(1536K)] 4174K->3864K(9728K), 0.0003263 secs] [Times: user=0.00 sys=0.00, real=0.00 secs] 
1.968: [GC (Allocation Failure) [PSYoungGen: 954K->335K(1536K)] 5393K->4774K(9728K), 0.0003257 secs] [Times: user=0.00 sys=0.00, real=0.00 secs] 
1.968: [GC (Allocation Failure) [PSYoungGen: 1261K->32K(1536K)] 5700K->5389K(9728K), 0.0003609 secs] [Times: user=0.00 sys=0.00, real=0.00 secs] 
1.969: [GC (Allocation Failure) [PSYoungGen: 955K->335K(1536K)] 6920K->6300K(9728K), 0.0002539 secs] [Times: user=0.00 sys=0.00, real=0.00 secs] 
1.969: [GC (Allocation Failure) [PSYoungGen: 1262K->32K(1536K)] 7227K->6916K(9728K), 0.0003465 secs] [Times: user=0.00 sys=0.00, real=0.00 secs] 
1.970: [Full GC (Ergonomics) [PSYoungGen: 32K->0K(1536K)] [ParOldGen: 6884K->2008K(8192K)] 6916K->2008K(9728K), [Metaspace: 3328K->3328K(1056768K)], 0.0024162 secs] [Times: user=0.01 sys=0.00, real=0.00 secs] 
1.972: [GC (Allocation Failure) [PSYoungGen: 924K->336K(1536K)] 3540K->3256K(9728K), 0.0003438 secs] [Times: user=0.00 sys=0.00, real=0.01 secs] 
1.973: [GC (Allocation Failure) [PSYoungGen: 1263K->32K(1536K)] 4184K->3872K(9728K), 0.0003356 secs] [Times: user=0.00 sys=0.00, real=0.00 secs] 
1.974: [GC (Allocation Failure) [PSYoungGen: 957K->336K(1536K)] 5406K->4785K(9728K), 0.0003250 secs] [Times: user=0.00 sys=0.00, real=0.00 secs] 
1.974: [GC (Allocation Failure) [PSYoungGen: 1264K->32K(1536K)] 5714K->5402K(9728K), 0.0003486 secs] [Times: user=0.00 sys=0.00, real=0.00 secs] 
1.975: [GC (Allocation Failure) [PSYoungGen: 958K->336K(1536K)] 6938K->6316K(9728K), 0.0002843 secs] [Times: user=0.00 sys=0.00, real=0.00 secs] 
1.975: [GC (Allocation Failure) [PSYoungGen: 1266K->32K(1536K)] 7246K->6934K(9728K), 0.0003481 secs] [Times: user=0.00 sys=0.00, real=0.00 secs] 
1.975: [Full GC (Ergonomics) [PSYoungGen: 32K->0K(1536K)] [ParOldGen: 6902K->2011K(8192K)] 6934K->2011K(9728K), [Metaspace: 3328K->3328K(1056768K)], 0.0023063 secs] [Times: user=0.01 sys=0.00, real=0.00 secs] 
1.978: [GC (Allocation Failure) [PSYoungGen: 927K->336K(1536K)] 3548K->3263K(9728K), 0.0003055 secs] [Times: user=0.00 sys=0.00, real=0.00 secs] 
1.978: [GC (Allocation Failure) [PSYoungGen: 1267K->32K(1536K)] 4193K->3881K(9728K), 0.0003321 secs] [Times: user=0.00 sys=0.00, real=0.00 secs] 
1.979: [GC (Allocation Failure) [PSYoungGen: 960K->337K(1536K)] 5420K->4797K(9728K), 0.0002980 secs] [Times: user=0.00 sys=0.00, real=0.00 secs] 
1.979: [GC (Allocation Failure) [PSYoungGen: 1268K->32K(1536K)] 5728K->5416K(9728K), 0.0003148 secs] [Times: user=0.00 sys=0.00, real=0.00 secs] 
1.980: [GC (Allocation Failure) [PSYoungGen: 961K->337K(1536K)] 6956K->6333K(9728K), 0.0002884 secs] [Times: user=0.00 sys=0.00, real=0.00 secs] 
1.980: [GC (Allocation Failure) [PSYoungGen: 1270K->32K(1536K)] 7265K->6952K(9728K), 0.0003637 secs] [Times: user=0.00 sys=0.00, real=0.00 secs] 
1.981: [Full GC (Ergonomics) [PSYoungGen: 32K->0K(1536K)] [ParOldGen: 6920K->2014K(8192K)] 6952K->2014K(9728K), [Metaspace: 3328K->3328K(1056768K)], 0.0023277 secs] [Times: user=0.01 sys=0.00, real=0.01 secs] 
1.983: [GC (Allocation Failure) [PSYoungGen: 930K->337K(1536K)] 3556K->3269K(9728K), 0.0002730 secs] [Times: user=0.00 sys=0.00, real=0.00 secs] 
1.984: [GC (Allocation Failure) [PSYoungGen: 1271K->32K(1536K)] 4203K->3890K(9728K), 0.0003625 secs] [Times: user=0.00 sys=0.00, real=0.00 secs] 
1.984: [GC (Allocation Failure) [PSYoungGen: 963K->338K(1536K)] 5433K->4809K(9728K), 0.0004496 secs] [Times: user=0.00 sys=0.00, real=0.00 secs] 
1.985: [GC (Allocation Failure) [PSYoungGen: 1272K->32K(1536K)] 5743K->5429K(9728K), 0.0003371 secs] [Times: user=0.00 sys=0.00, real=0.00 secs] 
1.985: [GC (Allocation Failure) [PSYoungGen: 964K->338K(1536K)] 6974K->6349K(9728K), 0.0003046 secs] [Times: user=0.00 sys=0.00, real=0.00 secs] 
1.986: [GC (Allocation Failure) [PSYoungGen: 1273K->32K(1536K)] 7284K->6971K(9728K), 0.0004143 secs] [Times: user=0.00 sys=0.01, real=0.00 secs] 
1.986: [Full GC (Ergonomics) [PSYoungGen: 32K->0K(1536K)] [ParOldGen: 6939K->2016K(8192K)] 6971K->2016K(9728K), [Metaspace: 3328K->3328K(1056768K)], 0.0024916 secs] [Times: user=0.01 sys=0.00, real=0.00 secs] 
1.989: [GC (Allocation Failure) [PSYoungGen: 932K->339K(1536K)] 3563K->3276K(9728K), 0.0003389 secs] [Times: user=0.00 sys=0.00, real=0.00 secs] 
1.990: [GC (Allocation Failure) [PSYoungGen: 1275K->32K(1536K)] 4212K->3898K(9728K), 0.0012839 secs] [Times: user=0.00 sys=0.00, real=0.00 secs] 
1.991: [GC (Allocation Failure) [PSYoungGen: 965K->339K(1536K)] 5447K->4820K(9728K), 0.0008181 secs] [Times: user=0.00 sys=0.00, real=0.00 secs] 
1.993: [GC (Allocation Failure) [PSYoungGen: 1276K->32K(1536K)] 5757K->5443K(9728K), 0.0004886 secs] [Times: user=0.00 sys=0.00, real=0.00 secs] 
1.994: [GC (Allocation Failure) [PSYoungGen: 966K->339K(1536K)] 6993K->6365K(9728K), 0.0002978 secs] [Times: user=0.00 sys=0.00, real=0.00 secs] 
1.994: [GC (Allocation Failure) [PSYoungGen: 1277K->32K(1536K)] 7304K->6989K(9728K), 0.0004260 secs] [Times: user=0.00 sys=0.00, real=0.00 secs] 
1.994: [Full GC (Ergonomics) [PSYoungGen: 32K->0K(1536K)] [ParOldGen: 6957K->2019K(8192K)] 6989K->2019K(9728K), [Metaspace: 3328K->3328K(1056768K)], 0.0025883 secs] [Times: user=0.01 sys=0.00, real=0.00 secs] 
1.997: [GC (Allocation Failure) [PSYoungGen: 935K->339K(1536K)] 3571K->3283K(9728K), 0.0003125 secs] [Times: user=0.00 sys=0.00, real=0.00 secs] 
1.998: [GC (Allocation Failure) [PSYoungGen: 1278K->32K(1536K)] 4222K->3907K(9728K), 0.0003394 secs] [Times: user=0.00 sys=0.00, real=0.00 secs] 
1.998: [GC (Allocation Failure) [PSYoungGen: 968K->340K(1536K)] 5460K->4832K(9728K), 0.0002585 secs] [Times: user=0.00 sys=0.00, real=0.00 secs] 
1.999: [GC (Allocation Failure) [PSYoungGen: 1280K->32K(1536K)] 5772K->5456K(9728K), 0.0004392 secs] [Times: user=0.00 sys=0.00, real=0.00 secs] 
1.999: [GC (Allocation Failure) [PSYoungGen: 969K->340K(1536K)] 7011K->6382K(9728K), 0.0002873 secs] [Times: user=0.00 sys=0.00, real=0.00 secs] 
2.000: [GC (Allocation Failure) [PSYoungGen: 1281K->32K(1536K)] 7323K->7007K(9728K), 0.0004354 secs] [Times: user=0.00 sys=0.00, real=0.00 secs] 
2.000: [Full GC (Ergonomics) [PSYoungGen: 32K->0K(1536K)] [ParOldGen: 6975K->2022K(8192K)] 7007K->2022K(9728K), [Metaspace: 3328K->3328K(1056768K)], 0.0043230 secs] [Times: user=0.01 sys=0.00, real=0.01 secs] 
2.005: [GC (Allocation Failure) [PSYoungGen: 938K->340K(1536K)] 3579K->3290K(9728K), 0.0005214 secs] [Times: user=0.00 sys=0.00, real=0.00 secs] 
2.006: [GC (Allocation Failure) [PSYoungGen: 1282K->32K(1536K)] 4232K->3916K(9728K), 0.0014104 secs] [Times: user=0.00 sys=0.00, real=0.00 secs] 
2.008: [GC (Allocation Failure) [PSYoungGen: 971K->341K(1536K)] 5474K->4843K(9728K), 0.0006658 secs] [Times: user=0.01 sys=0.00, real=0.00 secs] 
2.010: [GC (Allocation Failure) [PSYoungGen: 1284K->32K(1536K)] 5786K->5470K(9728K), 0.0008271 secs] [Times: user=0.00 sys=0.00, real=0.00 secs] 
2.011: [GC (Allocation Failure) [PSYoungGen: 972K->341K(1536K)] 7029K->6398K(9728K), 0.0004089 secs] [Times: user=0.00 sys=0.00, real=0.00 secs] 
2.012: [GC (Allocation Failure) [PSYoungGen: 1285K->32K(1536K)] 7342K->7025K(9728K), 0.0004413 secs] [Times: user=0.00 sys=0.00, real=0.00 secs] 
2.012: [Full GC (Ergonomics) [PSYoungGen: 32K->0K(1536K)] [ParOldGen: 6993K->2025K(8192K)] 7025K->2025K(9728K), [Metaspace: 3328K->3328K(1056768K)], 0.0026003 secs] [Times: user=0.00 sys=0.00, real=0.01 secs] 
2.015: [GC (Allocation Failure) [PSYoungGen: 941K->341K(1536K)] 3586K->3296K(9728K), 0.0003249 secs] [Times: user=0.00 sys=0.00, real=0.00 secs] 
2.015: [GC (Allocation Failure) [PSYoungGen: 1286K->32K(1536K)] 4241K->3924K(9728K), 0.0004695 secs] [Times: user=0.01 sys=0.00, real=0.00 secs] 
2.016: [GC (Allocation Failure) [PSYoungGen: 974K->342K(1536K)] 5487K->4855K(9728K), 0.0002572 secs] [Times: user=0.00 sys=0.00, real=0.00 secs] 
2.017: [GC (Allocation Failure) [PSYoungGen: 1288K->32K(1536K)] 5800K->5483K(9728K), 0.0003553 secs] [Times: user=0.00 sys=0.00, real=0.00 secs] 
2.017: [GC (Allocation Failure) [PSYoungGen: 975K->342K(1536K)] 7047K->6415K(9728K), 0.0003434 secs] [Times: user=0.00 sys=0.00, real=0.00 secs] 
2.018: [GC (Allocation Failure) [PSYoungGen: 1289K->32K(1536K)] 7361K->7044K(9728K), 0.0011765 secs] [Times: user=0.00 sys=0.00, real=0.00 secs] 
2.019: [Full GC (Ergonomics) [PSYoungGen: 32K->0K(1536K)] [ParOldGen: 7012K->2028K(8192K)] 7044K->2028K(9728K), [Metaspace: 3328K->3328K(1056768K)], 0.0034579 secs] [Times: user=0.01 sys=0.00, real=0.00 secs] 
2.023: [GC (Allocation Failure) [PSYoungGen: 944K->342K(1536K)] 3594K->3303K(9728K), 0.0007908 secs] [Times: user=0.00 sys=0.00, real=0.01 secs] 
2.024: [GC (Allocation Failure) [PSYoungGen: 1290K->32K(1536K)] 4251K->3933K(9728K), 0.0009096 secs] [Times: user=0.00 sys=0.00, real=0.00 secs] 
2.025: [GC (Allocation Failure) [PSYoungGen: 977K->343K(1536K)] 5500K->4866K(9728K), 0.0009085 secs] [Times: user=0.00 sys=0.00, real=0.00 secs] 
2.026: [GC (Allocation Failure) [PSYoungGen: 1291K->32K(1536K)] 5815K->5497K(9728K), 0.0008517 secs] [Times: user=0.01 sys=0.00, real=0.00 secs] 
2.027: [GC (Allocation Failure) [PSYoungGen: 978K->343K(1536K)] 7066K->6431K(9728K), 0.0008386 secs] [Times: user=0.00 sys=0.00, real=0.00 secs] 
2.028: [GC (Allocation Failure) [PSYoungGen: 1293K->32K(1536K)] 7380K->7062K(9728K), 0.0008301 secs] [Times: user=0.00 sys=0.00, real=0.00 secs] 
2.029: [Full GC (Ergonomics) [PSYoungGen: 32K->0K(1536K)] [ParOldGen: 7030K->2031K(8192K)] 7062K->2031K(9728K), [Metaspace: 3328K->3328K(1056768K)], 0.0034106 secs] [Times: user=0.01 sys=0.00, real=0.00 secs] 
2.032: [GC (Allocation Failure) [PSYoungGen: 947K->343K(1536K)] 3602K->3310K(9728K), 0.0008268 secs] [Times: user=0.00 sys=0.00, real=0.01 secs] 
2.033: [GC (Allocation Failure) [PSYoungGen: 1294K->32K(1536K)] 4260K->3942K(9728K), 0.0008202 secs] [Times: user=0.00 sys=0.00, real=0.00 secs] 
2.034: [GC (Allocation Failure) [PSYoungGen: 980K->344K(1536K)] 5514K->4878K(9728K), 0.0009040 secs] [Times: user=0.00 sys=0.00, real=0.00 secs] 
2.035: [GC (Allocation Failure) [PSYoungGen: 1295K->32K(1536K)] 5829K->5510K(9728K), 0.0008950 secs] [Times: user=0.00 sys=0.00, real=0.00 secs] 
2.037: [GC (Allocation Failure) [PSYoungGen: 981K->344K(1536K)] 7084K->6447K(9728K), 0.0008149 secs] [Times: user=0.01 sys=0.00, real=0.00 secs] 
2.037: [GC (Allocation Failure) [PSYoungGen: 1297K->32K(1536K)] 7400K->7080K(9728K), 0.0008498 secs] [Times: user=0.00 sys=0.00, real=0.00 secs] 
2.038: [Full GC (Ergonomics) [PSYoungGen: 32K->0K(1536K)] [ParOldGen: 7048K->2034K(8192K)] 7080K->2034K(9728K), [Metaspace: 3328K->3328K(1056768K)], 0.0036544 secs] [Times: user=0.01 sys=0.00, real=0.00 secs] 
2.042: [GC (Allocation Failure) [PSYoungGen: 950K->344K(1536K)] 3609K->3317K(9728K), 0.0008170 secs] [Times: user=0.00 sys=0.00, real=0.01 secs] 
2.043: [GC (Allocation Failure) [PSYoungGen: 1298K->32K(1536K)] 4270K->3950K(9728K), 0.0010212 secs] [Times: user=0.00 sys=0.00, real=0.00 secs] 
2.045: [GC (Allocation Failure) [PSYoungGen: 983K->345K(1536K)] 5527K->4889K(9728K), 0.0008858 secs] [Times: user=0.00 sys=0.00, real=0.00 secs] 
2.046: [GC (Allocation Failure) [PSYoungGen: 1299K->32K(1536K)] 5844K->5523K(9728K), 0.0008421 secs] [Times: user=0.00 sys=0.00, real=0.00 secs] 
2.047: [GC (Allocation Failure) [PSYoungGen: 984K->345K(1536K)] 7102K->6464K(9728K), 0.0008585 secs] [Times: user=0.01 sys=0.00, real=0.00 secs] 
2.048: [GC (Allocation Failure) [PSYoungGen: 1300K->32K(1536K)] 7419K->7098K(9728K), 0.0008433 secs] [Times: user=0.00 sys=0.00, real=0.00 secs] 
2.049: [Full GC (Ergonomics) [PSYoungGen: 32K->0K(1536K)] [ParOldGen: 7066K->2037K(8192K)] 7098K->2037K(9728K), [Metaspace: 3328K->3328K(1056768K)], 0.0043577 secs] [Times: user=0.00 sys=0.00, real=0.01 secs] 
2.053: [GC (Allocation Failure) [PSYoungGen: 953K->345K(1536K)] 3617K->3323K(9728K), 0.0008194 secs] [Times: user=0.01 sys=0.00, real=0.00 secs] 
2.055: [GC (Allocation Failure) [PSYoungGen: 1302K->32K(1536K)] 4280K->3959K(9728K), 0.0051835 secs] [Times: user=0.00 sys=0.00, real=0.00 secs] 
2.061: [GC (Allocation Failure) [PSYoungGen: 986K->346K(1536K)] 5541K->4901K(9728K), 0.0022171 secs] [Times: user=0.00 sys=0.00, real=0.01 secs] 
2.063: [GC (Allocation Failure) [PSYoungGen: 1303K->32K(1536K)] 5858K->5537K(9728K), 0.0047650 secs] [Times: user=0.00 sys=0.00, real=0.00 secs] 
2.069: [GC (Allocation Failure) [PSYoungGen: 987K->346K(1536K)] 7121K->6480K(9728K), 0.0024837 secs] [Times: user=0.00 sys=0.00, real=0.00 secs] 
2.072: [GC (Allocation Failure) [PSYoungGen: 1304K->32K(1536K)] 7438K->7117K(9728K), 0.0028438 secs] [Times: user=0.00 sys=0.00, real=0.01 secs] 
2.075: [Full GC (Ergonomics) [PSYoungGen: 32K->0K(1536K)] [ParOldGen: 7085K->2040K(8192K)] 7117K->2040K(9728K), [Metaspace: 3328K->3328K(1056768K)], 0.0075683 secs] [Times: user=0.01 sys=0.00, real=0.00 secs] 
2.083: [GC (Allocation Failure) [PSYoungGen: 956K->346K(1536K)] 3625K->3330K(9728K), 0.0014806 secs] [Times: user=0.00 sys=0.00, real=0.00 secs] 
2.085: [GC (Allocation Failure) [PSYoungGen: 1305K->32K(1536K)] 4289K->3967K(9728K), 0.0013197 secs] [Times: user=0.00 sys=0.00, real=0.00 secs] 
2.086: [GC (Allocation Failure) [PSYoungGen: 989K->347K(1536K)] 5554K->4912K(9728K), 0.0010040 secs] [Times: user=0.00 sys=0.00, real=0.00 secs] 
2.088: [GC (Allocation Failure) [PSYoungGen: 1307K->32K(1536K)] 5872K->5550K(9728K), 0.0009152 secs] [Times: user=0.00 sys=0.00, real=0.00 secs] 
2.089: [GC (Allocation Failure) [PSYoungGen: 989K->347K(1536K)] 7139K->6496K(9728K), 0.0009962 secs] [Times: user=0.01 sys=0.00, real=0.00 secs] 
2.090: [GC (Allocation Failure) [PSYoungGen: 1308K->32K(1536K)] 7457K->7135K(9728K), 0.0003357 secs] [Times: user=0.00 sys=0.00, real=0.00 secs] 
2.090: [Full GC (Ergonomics) [PSYoungGen: 32K->0K(1536K)] [ParOldGen: 7103K->2042K(8192K)] 7135K->2042K(9728K), [Metaspace: 3328K->3328K(1056768K)], 0.0023499 secs] [Times: user=0.00 sys=0.00, real=0.00 secs] 
2.093: [GC (Allocation Failure) [PSYoungGen: 958K->347K(1536K)] 3632K->3337K(9728K), 0.0009843 secs] [Times: user=0.01 sys=0.00, real=0.00 secs] 
2.094: [GC (Allocation Failure) [PSYoungGen: 1309K->32K(1536K)] 4299K->3976K(9728K), 0.0014281 secs] [Times: user=0.00 sys=0.00, real=0.00 secs] 
2.096: [GC (Allocation Failure) [PSYoungGen: 991K->348K(1536K)] 5568K->4924K(9728K), 0.0003816 secs] [Times: user=0.00 sys=0.00, real=0.00 secs] 
2.097: [GC (Allocation Failure) [PSYoungGen: 1311K->32K(1536K)] 5887K->5564K(9728K), 0.0003862 secs] [Times: user=0.00 sys=0.00, real=0.00 secs] 
2.097: [GC (Allocation Failure) [PSYoungGen: 992K->348K(1536K)] 7157K->6513K(9728K), 0.0003794 secs] [Times: user=0.00 sys=0.00, real=0.00 secs] 
2.098: [GC (Allocation Failure) [PSYoungGen: 1312K->32K(1536K)] 7477K->7153K(9728K), 0.0004163 secs] [Times: user=0.00 sys=0.00, real=0.00 secs] 
2.098: [Full GC (Ergonomics) [PSYoungGen: 32K->0K(1536K)] [ParOldGen: 7121K->2045K(8192K)] 7153K->2045K(9728K), [Metaspace: 3328K->3328K(1056768K)], 0.0023445 secs] [Times: user=0.01 sys=0.00, real=0.00 secs] 
2.101: [GC (Allocation Failure) [PSYoungGen: 961K->348K(1536K)] 3640K->3343K(9728K), 0.0002880 secs] [Times: user=0.00 sys=0.00, real=0.00 secs] 
2.101: [GC (Allocation Failure) [PSYoungGen: 1313K->32K(1536K)] 4308K->3985K(9728K), 0.0002782 secs] [Times: user=0.00 sys=0.00, real=0.00 secs] 
2.102: [GC (Allocation Failure) [PSYoungGen: 994K->348K(1536K)] 5581K->4935K(9728K), 0.0002633 secs] [Times: user=0.00 sys=0.00, real=0.00 secs] 
2.102: [GC (Allocation Failure) [PSYoungGen: 1314K->32K(1536K)] 5901K->5577K(9728K), 0.0003407 secs] [Times: user=0.00 sys=0.00, real=0.00 secs] 
2.103: [GC (Allocation Failure) [PSYoungGen: 995K->349K(1536K)] 7175K->6529K(9728K), 0.0003007 secs] [Times: user=0.00 sys=0.00, real=0.01 secs] 
2.103: [GC (Allocation Failure) [PSYoungGen: 1316K->32K(1536K)] 7496K->7171K(9728K), 0.0003424 secs] [Times: user=0.00 sys=0.00, real=0.00 secs] 
2.104: [Full GC (Ergonomics) [PSYoungGen: 32K->0K(1536K)] [ParOldGen: 7139K->2048K(8192K)] 7171K->2048K(9728K), [Metaspace: 3328K->3328K(1056768K)], 0.0020400 secs] [Times: user=0.01 sys=0.00, real=0.00 secs] 
2.106: [GC (Allocation Failure) [PSYoungGen: 964K->349K(1536K)] 3648K->3350K(9728K), 0.0002924 secs] [Times: user=0.00 sys=0.00, real=0.00 secs] 
2.106: [GC (Allocation Failure) [PSYoungGen: 1317K->32K(1536K)] 4318K->3993K(9728K), 0.0003389 secs] [Times: user=0.00 sys=0.00, real=0.00 secs] 
2.107: [GC (Allocation Failure) [PSYoungGen: 997K->349K(1536K)] 5595K->4947K(9728K), 0.0002874 secs] [Times: user=0.00 sys=0.00, real=0.00 secs] 
2.107: [GC (Allocation Failure) [PSYoungGen: 1318K->32K(1536K)] 5916K->5591K(9728K), 0.0003262 secs] [Times: user=0.00 sys=0.00, real=0.00 secs] 
2.108: [GC (Allocation Failure) [PSYoungGen: 998K->350K(1536K)] 7194K->6545K(9728K), 0.0002927 secs] [Times: user=0.00 sys=0.00, real=0.00 secs] 
2.108: [GC (Allocation Failure) [PSYoungGen: 1320K->32K(1536K)] 7515K->7190K(9728K), 0.0003877 secs] [Times: user=0.00 sys=0.00, real=0.00 secs] 
2.109: [Full GC (Ergonomics) [PSYoungGen: 32K->0K(1536K)] [ParOldGen: 7158K->2051K(8192K)] 7190K->2051K(9728K), [Metaspace: 3328K->3328K(1056768K)], 0.0020326 secs] [Times: user=0.00 sys=0.00, real=0.00 secs] 
2.111: [GC (Allocation Failure) [PSYoungGen: 967K->350K(1536K)] 3655K->3357K(9728K), 0.0003028 secs] [Times: user=0.01 sys=0.00, real=0.00 secs] 
2.111: [GC (Allocation Failure) [PSYoungGen: 1321K->32K(1536K)] 4328K->4002K(9728K), 0.0003538 secs] [Times: user=0.00 sys=0.00, real=0.00 secs] 
2.112: [GC (Allocation Failure) [PSYoungGen: 1000K->350K(1536K)] 5608K->4958K(9728K), 0.0002881 secs] [Times: user=0.00 sys=0.00, real=0.00 secs] 
2.112: [GC (Allocation Failure) [PSYoungGen: 1322K->32K(1536K)] 5930K->5604K(9728K), 0.0003872 secs] [Times: user=0.00 sys=0.00, real=0.00 secs] 
2.113: [GC (Allocation Failure) [PSYoungGen: 1001K->351K(1536K)] 7212K->6562K(9728K), 0.0006429 secs] [Times: user=0.00 sys=0.00, real=0.00 secs] 
2.114: [GC (Allocation Failure) [PSYoungGen: 1323K->32K(1536K)] 7534K->7208K(9728K), 0.0003406 secs] [Times: user=0.00 sys=0.00, real=0.00 secs] 
2.114: [Full GC (Ergonomics) [PSYoungGen: 32K->0K(1536K)] [ParOldGen: 7176K->2054K(8192K)] 7208K->2054K(9728K), [Metaspace: 3328K->3328K(1056768K)], 0.0020336 secs] [Times: user=0.00 sys=0.00, real=0.00 secs] 
2.116: [GC (Allocation Failure) [PSYoungGen: 970K->351K(1536K)] 3663K->3364K(9728K), 0.0002916 secs] [Times: user=0.00 sys=0.00, real=0.00 secs] 
2.117: [GC (Allocation Failure) [PSYoungGen: 1325K->32K(1536K)] 4337K->4011K(9728K), 0.0004692 secs] [Times: user=0.00 sys=0.00, real=0.00 secs] 
2.118: [GC (Allocation Failure) [PSYoungGen: 1003K->351K(1536K)] 5622K->4970K(9728K), 0.0002947 secs] [Times: user=0.00 sys=0.00, real=0.00 secs] 
2.118: [GC (Allocation Failure) [PSYoungGen: 1326K->32K(1536K)] 5945K->5618K(9728K), 0.0003451 secs] [Times: user=0.00 sys=0.00, real=0.00 secs] 
2.119: [GC (Allocation Failure) [PSYoungGen: 1004K->352K(1536K)] 7230K->6578K(9728K), 0.0002979 secs] [Times: user=0.00 sys=0.00, real=0.00 secs] 
2.119: [GC (Allocation Failure) [PSYoungGen: 1327K->32K(1536K)] 7553K->7226K(9728K), 0.0003352 secs] [Times: user=0.00 sys=0.00, real=0.00 secs] 
2.119: [Full GC (Ergonomics) [PSYoungGen: 32K->0K(1536K)] [ParOldGen: 7194K->2057K(8192K)] 7226K->2057K(9728K), [Metaspace: 3328K->3328K(1056768K)], 0.0021903 secs] [Times: user=0.00 sys=0.00, real=0.00 secs] 
2.122: [GC (Allocation Failure) [PSYoungGen: 973K->352K(1536K)] 3671K->3370K(9728K), 0.0002800 secs] [Times: user=0.00 sys=0.00, real=0.00 secs] 
2.122: [GC (Allocation Failure) [PSYoungGen: 1328K->32K(1536K)] 4347K->4019K(9728K), 0.0003104 secs] [Times: user=0.00 sys=0.00, real=0.00 secs] 
2.123: [GC (Allocation Failure) [PSYoungGen: 1006K->352K(1536K)] 5635K->4981K(9728K), 0.0002882 secs] [Times: user=0.01 sys=0.00, real=0.01 secs] 
2.123: [GC (Allocation Failure) [PSYoungGen: 1330K->32K(1536K)] 5959K->5631K(9728K), 0.0003303 secs] [Times: user=0.00 sys=0.00, real=0.00 secs] 
2.124: [GC (Allocation Failure) [PSYoungGen: 1007K->353K(1536K)] 7248K->6594K(9728K), 0.0003294 secs] [Times: user=0.00 sys=0.00, real=0.00 secs] 
2.124: [GC (Allocation Failure) [PSYoungGen: 1331K->32K(1536K)] 7573K->7244K(9728K), 0.0003298 secs] [Times: user=0.00 sys=0.00, real=0.00 secs] 
2.125: [Full GC (Ergonomics) [PSYoungGen: 32K->0K(1536K)] [ParOldGen: 7212K->2060K(8192K)] 7244K->2060K(9728K), [Metaspace: 3328K->3328K(1056768K)], 0.0021061 secs] [Times: user=0.00 sys=0.00, real=0.00 secs] 
2.127: [GC (Allocation Failure) [PSYoungGen: 976K->353K(1536K)] 3679K->3377K(9728K), 0.0003748 secs] [Times: user=0.00 sys=0.00, real=0.00 secs] 
2.127: [GC (Allocation Failure) [PSYoungGen: 1332K->32K(1536K)] 4357K->4028K(9728K), 0.0003319 secs] [Times: user=0.00 sys=0.00, real=0.00 secs] 
2.128: [GC (Allocation Failure) [PSYoungGen: 1009K->353K(1536K)] 5648K->4993K(9728K), 0.0002934 secs] [Times: user=0.00 sys=0.00, real=0.00 secs] 
2.128: [GC (Allocation Failure) [PSYoungGen: 1334K->32K(1536K)] 5973K->5645K(9728K), 0.0003231 secs] [Times: user=0.00 sys=0.00, real=0.00 secs] 
2.129: [GC (Allocation Failure) [PSYoungGen: 1010K->354K(1536K)] 7267K->6611K(9728K), 0.0003047 secs] [Times: user=0.01 sys=0.00, real=0.00 secs] 
2.129: [GC (Allocation Failure) [PSYoungGen: 1335K->32K(1536K)] 7592K->7263K(9728K), 0.0003719 secs] [Times: user=0.00 sys=0.00, real=0.00 secs] 
2.130: [Full GC (Ergonomics) [PSYoungGen: 32K->0K(1536K)] [ParOldGen: 7231K->2063K(8192K)] 7263K->2063K(9728K), [Metaspace: 3328K->3328K(1056768K)], 0.0021401 secs] [Times: user=0.00 sys=0.00, real=0.00 secs] 
2.132: [GC (Allocation Failure) [PSYoungGen: 979K->354K(1536K)] 3686K->3384K(9728K), 0.0003005 secs] [Times: user=0.00 sys=0.00, real=0.00 secs] 
2.133: [GC (Allocation Failure) [PSYoungGen: 1336K->32K(1536K)] 4366K->4037K(9728K), 0.0003443 secs] [Times: user=0.00 sys=0.00, real=0.01 secs] 
2.133: [GC (Allocation Failure) [PSYoungGen: 1012K->354K(1536K)] 5662K->5005K(9728K), 0.0002839 secs] [Times: user=0.00 sys=0.00, real=0.00 secs] 
2.134: [GC (Allocation Failure) [PSYoungGen: 1338K->32K(1536K)] 5988K->5658K(9728K), 0.0003284 secs] [Times: user=0.00 sys=0.00, real=0.00 secs] 
2.134: [GC (Allocation Failure) [PSYoungGen: 1013K->355K(1536K)] 7285K->6627K(9728K), 0.0003218 secs] [Times: user=0.00 sys=0.00, real=0.00 secs] 
2.135: [GC (Allocation Failure) [PSYoungGen: 1339K->32K(1536K)] 7611K->7281K(9728K), 0.0003464 secs] [Times: user=0.00 sys=0.00, real=0.00 secs] 
2.135: [Full GC (Ergonomics) [PSYoungGen: 32K->0K(1536K)] [ParOldGen: 7249K->2065K(8192K)] 7281K->2065K(9728K), [Metaspace: 3328K->3328K(1056768K)], 0.0021198 secs] [Times: user=0.01 sys=0.00, real=0.00 secs] 
2.137: [GC (Allocation Failure) [PSYoungGen: 982K->355K(1536K)] 3694K->3391K(9728K), 0.0003088 secs] [Times: user=0.00 sys=0.00, real=0.00 secs] 
2.138: [GC (Allocation Failure) [PSYoungGen: 1340K->32K(1536K)] 4376K->4045K(9728K), 0.0003432 secs] [Times: user=0.00 sys=0.00, real=0.00 secs] 
2.138: [GC (Allocation Failure) [PSYoungGen: 1014K->355K(1536K)] 5675K->5016K(9728K), 0.0002784 secs] [Times: user=0.00 sys=0.00, real=0.00 secs] 
2.139: [GC (Allocation Failure) [PSYoungGen: 1341K->32K(1536K)] 6002K->5671K(9728K), 0.0003653 secs] [Times: user=0.00 sys=0.00, real=0.00 secs] 
2.139: [GC (Allocation Failure) [PSYoungGen: 1015K->356K(1536K)] 7303K->6643K(9728K), 0.0002861 secs] [Times: user=0.00 sys=0.00, real=0.00 secs] 
2.140: [GC (Allocation Failure) [PSYoungGen: 1343K->32K(1536K)] 7630K->7299K(9728K), 0.0003485 secs] [Times: user=0.00 sys=0.00, real=0.00 secs] 
2.140: [Full GC (Ergonomics) [PSYoungGen: 32K->0K(1536K)] [ParOldGen: 7267K->2068K(8192K)] 7299K->2068K(9728K), [Metaspace: 3328K->3328K(1056768K)], 0.0020463 secs] [Times: user=0.01 sys=0.00, real=0.00 secs] 
2.142: [GC (Allocation Failure) [PSYoungGen: 984K->356K(1536K)] 3702K->3397K(9728K), 0.0002923 secs] [Times: user=0.00 sys=0.00, real=0.00 secs] 
2.143: [GC (Allocation Failure) [PSYoungGen: 1344K->32K(1536K)] 4385K->4054K(9728K), 0.0003398 secs] [Times: user=0.00 sys=0.00, real=0.00 secs] 
2.143: [GC (Allocation Failure) [PSYoungGen: 1017K->356K(1536K)] 5689K->5028K(9728K), 0.0002571 secs] [Times: user=0.00 sys=0.00, real=0.00 secs] 
2.144: [GC (Allocation Failure) [PSYoungGen: 1345K->32K(1536K)] 6017K->5685K(9728K), 0.0003242 secs] [Times: user=0.00 sys=0.00, real=0.00 secs] 
2.144: [GC (Allocation Failure) [PSYoungGen: 1018K->356K(1536K)] 7321K->6660K(9728K), 0.0002946 secs] [Times: user=0.00 sys=0.00, real=0.00 secs] 
2.145: [GC (Allocation Failure) [PSYoungGen: 1346K->32K(1536K)] 7650K->7318K(9728K), 0.0003545 secs] [Times: user=0.00 sys=0.00, real=0.00 secs] 
2.145: [Full GC (Ergonomics) [PSYoungGen: 32K->0K(1536K)] [ParOldGen: 7286K->2071K(8192K)] 7318K->2071K(9728K), [Metaspace: 3328K->3328K(1056768K)], 0.0021099 secs] [Times: user=0.01 sys=0.00, real=0.00 secs] 
2.147: [GC (Allocation Failure) [PSYoungGen: 987K->357K(1536K)] 3709K->3404K(9728K), 0.0002826 secs] [Times: user=0.00 sys=0.00, real=0.00 secs] 
2.148: [GC (Allocation Failure) [PSYoungGen: 1348K->32K(1536K)] 4395K->4063K(9728K), 0.0003612 secs] [Times: user=0.00 sys=0.00, real=0.00 secs] 
2.148: [GC (Allocation Failure) [PSYoungGen: 1020K->357K(1536K)] 5702K->5039K(9728K), 0.0002870 secs] [Times: user=0.00 sys=0.00, real=0.00 secs] 
2.149: [GC (Allocation Failure) [PSYoungGen: 1349K->32K(1536K)] 6031K->5698K(9728K), 0.0003590 secs] [Times: user=0.00 sys=0.00, real=0.00 secs] 
2.149: [GC (Allocation Failure) [PSYoungGen: 1021K->357K(1536K)] 7340K->6676K(9728K), 0.0003079 secs] [Times: user=0.00 sys=0.00, real=0.00 secs] 
2.150: [GC (Allocation Failure) [PSYoungGen: 1350K->32K(1536K)] 7669K->7336K(9728K), 0.0003324 secs] [Times: user=0.00 sys=0.00, real=0.00 secs] 
2.150: [Full GC (Ergonomics) [PSYoungGen: 32K->0K(1536K)] [ParOldGen: 7304K->2074K(8192K)] 7336K->2074K(9728K), [Metaspace: 3328K->3328K(1056768K)], 0.0019894 secs] [Times: user=0.01 sys=0.00, real=0.00 secs] 
2.152: [GC (Allocation Failure) [PSYoungGen: 990K->358K(1536K)] 3717K->3411K(9728K), 0.0002824 secs] [Times: user=0.00 sys=0.00, real=0.00 secs] 
2.153: [GC (Allocation Failure) [PSYoungGen: 1351K->32K(1536K)] 4405K->4071K(9728K), 0.0002758 secs] [Times: user=0.00 sys=0.00, real=0.00 secs] 
2.153: [GC (Allocation Failure) [PSYoungGen: 1023K->358K(1536K)] 5716K->5051K(9728K), 0.0002900 secs] [Times: user=0.00 sys=0.00, real=0.00 secs] 
2.154: [GC (Allocation Failure) [PSYoungGen: 1353K->32K(1536K)] 6045K->5712K(9728K), 0.0003503 secs] [Times: user=0.00 sys=0.00, real=0.00 secs] 
2.154: [GC (Allocation Failure) [PSYoungGen: 1024K->358K(1536K)] 7358K->6692K(9728K), 0.0002570 secs] [Times: user=0.00 sys=0.00, real=0.00 secs] 
2.155: [Full GC (Ergonomics) [PSYoungGen: 358K->0K(1536K)] [ParOldGen: 6333K->1423K(8192K)] 6692K->1423K(9728K), [Metaspace: 3328K->3328K(1056768K)], 0.0058001 secs] [Times: user=0.00 sys=0.00, real=0.00 secs] 
2.161: [GC (Allocation Failure) [PSYoungGen: 995K->32K(1536K)] 2419K->2763K(9728K), 0.0015254 secs] [Times: user=0.01 sys=0.00, real=0.00 secs] 
2.164: [GC (Allocation Failure) [PSYoungGen: 1025K->359K(1536K)] 4411K->3744K(9728K), 0.0011474 secs] [Times: user=0.00 sys=0.00, real=0.00 secs] 
2.165: [GC (Allocation Failure) [PSYoungGen: 1355K->32K(1536K)] 4741K->4407K(9728K), 0.0011649 secs] [Times: user=0.00 sys=0.00, real=0.00 secs] 
2.167: [GC (Allocation Failure) [PSYoungGen: 1026K->359K(1536K)] 6056K->5389K(9728K), 0.0009870 secs] [Times: user=0.00 sys=0.00, real=0.00 secs] 
2.168: [GC (Allocation Failure) [PSYoungGen: 1357K->32K(1536K)] 6387K->6052K(9728K), 0.0011363 secs] [Times: user=0.01 sys=0.00, real=0.00 secs] 
2.170: [GC (Allocation Failure) [PSYoungGen: 1027K->359K(1536K)] 7703K->7035K(9728K), 0.0007472 secs] [Times: user=0.00 sys=0.00, real=0.00 secs] 
2.171: [Full GC (Ergonomics) [PSYoungGen: 359K->0K(1536K)] [ParOldGen: 6675K->1424K(8192K)] 7035K->1424K(9728K), [Metaspace: 3328K->3328K(1056768K)], 0.0032618 secs] [Times: user=0.01 sys=0.00, real=0.01 secs] 
2.175: [GC (Allocation Failure) [PSYoungGen: 998K->32K(1536K)] 2423K->2768K(9728K), 0.0003432 secs] [Times: user=0.00 sys=0.00, real=0.00 secs] 
2.175: [GC (Allocation Failure) [PSYoungGen: 1028K->360K(1536K)] 4420K->3752K(9728K), 0.0003287 secs] [Times: user=0.00 sys=0.00, real=0.00 secs] 
2.176: [GC (Allocation Failure) [PSYoungGen: 1359K->32K(1536K)] 4752K->4416K(9728K), 0.0003756 secs] [Times: user=0.00 sys=0.00, real=0.00 secs] 
2.176: [GC (Allocation Failure) [PSYoungGen: 1029K->360K(1536K)] 6070K->5401K(9728K), 0.0002922 secs] [Times: user=0.00 sys=0.00, real=0.00 secs] 
2.177: [GC (Allocation Failure) [PSYoungGen: 1361K->32K(1536K)] 6402K->6066K(9728K), 0.0003344 secs] [Times: user=0.00 sys=0.00, real=0.00 secs] 
2.177: [GC (Allocation Failure) [PSYoungGen: 1030K->360K(1536K)] 7722K->7053K(9728K), 0.0003040 secs] [Times: user=0.00 sys=0.00, real=0.00 secs] 
2.178: [Full GC (Ergonomics) [PSYoungGen: 360K->0K(1536K)] [ParOldGen: 6692K->1425K(8192K)] 7053K->1425K(9728K), [Metaspace: 3328K->3328K(1056768K)], 0.0021597 secs] [Times: user=0.01 sys=0.00, real=0.00 secs] 
2.180: [GC (Allocation Failure) [PSYoungGen: 1001K->32K(1536K)] 2427K->2772K(9728K), 0.0003008 secs] [Times: user=0.00 sys=0.00, real=0.00 secs] 
2.181: [GC (Allocation Failure) [PSYoungGen: 1031K->361K(1536K)] 4430K->3760K(9728K), 0.0002826 secs] [Times: user=0.00 sys=0.00, real=0.00 secs] 
2.181: [GC (Allocation Failure) [PSYoungGen: 1363K->32K(1536K)] 4762K->4426K(9728K), 0.0003289 secs] [Times: user=0.00 sys=0.00, real=0.00 secs] 
2.182: [GC (Allocation Failure) [PSYoungGen: 1032K->361K(1536K)] 6085K->5414K(9728K), 0.0002655 secs] [Times: user=0.00 sys=0.00, real=0.00 secs] 
2.182: [GC (Allocation Failure) [PSYoungGen: 1364K->32K(1536K)] 6417K->6081K(9728K), 0.0003642 secs] [Times: user=0.00 sys=0.00, real=0.00 secs] 
2.183: [GC (Allocation Failure) [PSYoungGen: 1033K->361K(1536K)] 7741K->7070K(9728K), 0.0003065 secs] [Times: user=0.00 sys=0.00, real=0.01 secs] 
2.183: [Full GC (Ergonomics) [PSYoungGen: 361K->0K(1536K)] [ParOldGen: 6708K->1426K(8192K)] 7070K->1426K(9728K), [Metaspace: 3328K->3328K(1056768K)], 0.0021240 secs] [Times: user=0.00 sys=0.00, real=0.00 secs] 
2.185: [GC (Allocation Failure) [PSYoungGen: 1004K->32K(1536K)] 2431K->2777K(9728K), 0.0002881 secs] [Times: user=0.01 sys=0.00, real=0.00 secs] 
2.186: [GC (Allocation Failure) [PSYoungGen: 1034K->362K(1536K)] 4439K->3767K(9728K), 0.0002597 secs] [Times: user=0.00 sys=0.00, real=0.00 secs] 
2.186: [GC (Allocation Failure) [PSYoungGen: 1367K->32K(1536K)] 4773K->4435K(9728K), 0.0003358 secs] [Times: user=0.00 sys=0.00, real=0.00 secs] 
2.187: [GC (Allocation Failure) [PSYoungGen: 1035K->362K(1536K)] 6099K->5426K(9728K), 0.0005663 secs] [Times: user=0.00 sys=0.00, real=0.00 secs] 
2.187: [GC (Allocation Failure) [PSYoungGen: 1368K->32K(1536K)] 6433K->6095K(9728K), 0.0007214 secs] [Times: user=0.00 sys=0.00, real=0.00 secs] 
2.188: [Full GC (Ergonomics) [PSYoungGen: 32K->0K(1536K)] [ParOldGen: 6063K->2088K(8192K)] 6095K->2088K(9728K), [Metaspace: 3328K->3328K(1056768K)], 0.0021689 secs] [Times: user=0.00 sys=0.00, real=0.00 secs] 
2.191: [GC (Allocation Failure) [PSYoungGen: 1004K->362K(1536K)] 3753K->3442K(9728K), 0.0002986 secs] [Times: user=0.00 sys=0.00, real=0.00 secs] 
2.191: [GC (Allocation Failure) [PSYoungGen: 1369K->32K(1536K)] 4449K->4112K(9728K), 0.0002882 secs] [Times: user=0.01 sys=0.00, real=0.00 secs] 
2.192: [GC (Allocation Failure) [PSYoungGen: 1037K->363K(1536K)] 5778K->5104K(9728K), 0.0003088 secs] [Times: user=0.00 sys=0.00, real=0.00 secs] 
2.192: [GC (Allocation Failure) [PSYoungGen: 1371K->32K(1536K)] 6113K->5775K(9728K), 0.0003494 secs] [Times: user=0.00 sys=0.00, real=0.00 secs] 
2.193: [GC (Allocation Failure) [PSYoungGen: 1038K->363K(1536K)] 7443K->6768K(9728K), 0.0002919 secs] [Times: user=0.00 sys=0.00, real=0.01 secs] 
2.193: [Full GC (Ergonomics) [PSYoungGen: 363K->0K(1536K)] [ParOldGen: 6405K->1428K(8192K)] 6768K->1428K(9728K), [Metaspace: 3328K->3328K(1056768K)], 0.0021402 secs] [Times: user=0.00 sys=0.00, real=0.00 secs] 
2.195: [GC (Allocation Failure) [PSYoungGen: 1009K->32K(1536K)] 2437K->2785K(9728K), 0.0003427 secs] [Times: user=0.00 sys=0.00, real=0.00 secs] 
2.196: [GC (Allocation Failure) [PSYoungGen: 1038K->363K(1536K)] 4455K->3780K(9728K), 0.0002628 secs] [Times: user=0.00 sys=0.00, real=0.00 secs] 
2.196: [GC (Allocation Failure) [PSYoungGen: 1373K->32K(1536K)] 4790K->4452K(9728K), 0.0003515 secs] [Times: user=0.00 sys=0.00, real=0.00 secs] 
2.197: [GC (Allocation Failure) [PSYoungGen: 1039K->364K(1536K)] 6123K->5447K(9728K), 0.0002604 secs] [Times: user=0.00 sys=0.00, real=0.00 secs] 
2.197: [GC (Allocation Failure) [PSYoungGen: 1375K->32K(1536K)] 6458K->6119K(9728K), 0.0003241 secs] [Times: user=0.01 sys=0.00, real=0.00 secs] 
2.198: [Full GC (Ergonomics) [PSYoungGen: 32K->0K(1536K)] [ParOldGen: 6087K->2092K(8192K)] 6119K->2092K(9728K), [Metaspace: 3328K->3328K(1056768K)], 0.0020519 secs] [Times: user=0.00 sys=0.00, real=0.00 secs] 
2.200: [GC (Allocation Failure) [PSYoungGen: 1008K->364K(1536K)] 3766K->3453K(9728K), 0.0002964 secs] [Times: user=0.00 sys=0.00, real=0.00 secs] 
2.200: [GC (Allocation Failure) [PSYoungGen: 1376K->32K(1536K)] 4465K->4126K(9728K), 0.0003363 secs] [Times: user=0.00 sys=0.00, real=0.00 secs] 
2.201: [GC (Allocation Failure) [PSYoungGen: 1041K->364K(1536K)] 5801K->5124K(9728K), 0.0002607 secs] [Times: user=0.00 sys=0.00, real=0.00 secs] 
2.201: [GC (Allocation Failure) [PSYoungGen: 1377K->32K(1536K)] 6137K->5797K(9728K), 0.0003507 secs] [Times: user=0.00 sys=0.00, real=0.00 secs] 
2.202: [GC (Allocation Failure) [PSYoungGen: 1042K->364K(1536K)] 7474K->6796K(9728K), 0.0003245 secs] [Times: user=0.00 sys=0.00, real=0.00 secs] 
2.202: [Full GC (Ergonomics) [PSYoungGen: 364K->0K(1536K)] [ParOldGen: 6431K->1429K(8192K)] 6796K->1429K(9728K), [Metaspace: 3328K->3328K(1056768K)], 0.0021465 secs] [Times: user=0.01 sys=0.01, real=0.01 secs] 
2.205: [GC (Allocation Failure) [PSYoungGen: 1014K->32K(1536K)] 2443K->2793K(9728K), 0.0002985 secs] [Times: user=0.00 sys=0.00, real=0.00 secs] 
2.205: [GC (Allocation Failure) [PSYoungGen: 1043K->365K(1536K)] 4471K->3793K(9728K), 0.0002601 secs] [Times: user=0.00 sys=0.00, real=0.00 secs] 
2.205: [GC (Allocation Failure) [PSYoungGen: 1380K->32K(1536K)] 4808K->4468K(9728K), 0.0004637 secs] [Times: user=0.00 sys=0.00, real=0.00 secs] 
2.206: [GC (Allocation Failure) [PSYoungGen: 1044K->365K(1536K)] 6147K->5468K(9728K), 0.0003360 secs] [Times: user=0.00 sys=0.00, real=0.00 secs] 
2.207: [GC (Allocation Failure) [PSYoungGen: 1381K->32K(1536K)] 6484K->6143K(9728K), 0.0004176 secs] [Times: user=0.00 sys=0.00, real=0.00 secs] 
2.207: [Full GC (Ergonomics) [PSYoungGen: 32K->0K(1536K)] [ParOldGen: 6111K->2097K(8192K)] 6143K->2097K(9728K), [Metaspace: 3328K->3328K(1056768K)], 0.0021002 secs] [Times: user=0.01 sys=0.00, real=0.00 secs] 
2.210: [GC (Allocation Failure) [PSYoungGen: 1013K->365K(1536K)] 3778K->3465K(9728K), 0.0002852 secs] [Times: user=0.00 sys=0.00, real=0.00 secs] 
2.210: [GC (Allocation Failure) [PSYoungGen: 1382K->32K(1536K)] 4481K->4140K(9728K), 0.0003309 secs] [Times: user=0.00 sys=0.00, real=0.00 secs] 
2.211: [GC (Allocation Failure) [PSYoungGen: 1046K->366K(1536K)] 5823K->5143K(9728K), 0.0003229 secs] [Times: user=0.00 sys=0.00, real=0.00 secs] 
2.211: [GC (Allocation Failure) [PSYoungGen: 1384K->32K(1536K)] 6161K->5819K(9728K), 0.0003368 secs] [Times: user=0.00 sys=0.00, real=0.00 secs] 
2.212: [GC (Allocation Failure) [PSYoungGen: 1047K->366K(1536K)] 7504K->6823K(9728K), 0.0002980 secs] [Times: user=0.00 sys=0.00, real=0.00 secs] 
2.212: [Full GC (Ergonomics) [PSYoungGen: 366K->0K(1536K)] [ParOldGen: 6456K->1431K(8192K)] 6823K->1431K(9728K), [Metaspace: 3328K->3328K(1056768K)], 0.0021539 secs] [Times: user=0.01 sys=0.00, real=0.01 secs] 
2.214: [GC (Allocation Failure) [PSYoungGen: 1018K->32K(1536K)] 2450K->2801K(9728K), 0.0003298 secs] [Times: user=0.00 sys=0.00, real=0.00 secs] 
2.215: [GC (Allocation Failure) [PSYoungGen: 1048K->366K(1536K)] 4487K->3806K(9728K), 0.0002601 secs] [Times: user=0.00 sys=0.00, real=0.00 secs] 
2.215: [GC (Allocation Failure) [PSYoungGen: 1386K->32K(1536K)] 4826K->4484K(9728K), 0.0003478 secs] [Times: user=0.00 sys=0.00, real=0.00 secs] 
2.216: [GC (Allocation Failure) [PSYoungGen: 1049K->367K(1536K)] 6171K->5489K(9728K), 0.0002820 secs] [Times: user=0.00 sys=0.00, real=0.00 secs] 
2.216: [GC (Allocation Failure) [PSYoungGen: 1387K->32K(1536K)] 6510K->6167K(9728K), 0.0003313 secs] [Times: user=0.00 sys=0.00, real=0.00 secs] 
2.216: [Full GC (Ergonomics) [PSYoungGen: 32K->0K(1536K)] [ParOldGen: 6135K->2102K(8192K)] 6167K->2102K(9728K), [Metaspace: 3328K->3328K(1056768K)], 0.0021714 secs] [Times: user=0.00 sys=0.00, real=0.00 secs] 
2.219: [GC (Allocation Failure) [PSYoungGen: 1018K->367K(1536K)] 3791K->3476K(9728K), 0.0002761 secs] [Times: user=0.00 sys=0.00, real=0.00 secs] 
2.219: [GC (Allocation Failure) [PSYoungGen: 1389K->32K(1536K)] 4497K->4155K(9728K), 0.0003364 secs] [Times: user=0.00 sys=0.00, real=0.00 secs] 
2.220: [GC (Allocation Failure) [PSYoungGen: 1051K->367K(1536K)] 5846K->5162K(9728K), 0.0002729 secs] [Times: user=0.00 sys=0.00, real=0.00 secs] 
2.220: [GC (Allocation Failure) [PSYoungGen: 1390K->32K(1536K)] 6185K->5842K(9728K), 0.0003284 secs] [Times: user=0.00 sys=0.00, real=0.00 secs] 
2.221: [GC (Allocation Failure) [PSYoungGen: 1052K->368K(1536K)] 7534K->6850K(9728K), 0.0002588 secs] [Times: user=0.00 sys=0.00, real=0.00 secs] 
2.221: [Full GC (Ergonomics) [PSYoungGen: 368K->0K(1536K)] [ParOldGen: 6482K->1433K(8192K)] 6850K->1433K(9728K), [Metaspace: 3328K->3328K(1056768K)], 0.0021266 secs] [Times: user=0.00 sys=0.00, real=0.01 secs] 
2.223: [GC (Allocation Failure) [PSYoungGen: 1023K->32K(1536K)] 2456K->2809K(9728K), 0.0004068 secs] [Times: user=0.00 sys=0.00, real=0.00 secs] 
2.224: [GC (Allocation Failure) [PSYoungGen: 1053K->368K(1536K)] 4503K->3819K(9728K), 0.0002867 secs] [Times: user=0.00 sys=0.00, real=0.00 secs] 
2.224: [GC (Allocation Failure) [PSYoungGen: 1392K->32K(1536K)] 4843K->4500K(9728K), 0.0003464 secs] [Times: user=0.00 sys=0.00, real=0.00 secs] 
2.225: [GC (Allocation Failure) [PSYoungGen: 1054K->368K(1536K)] 6195K->5510K(9728K), 0.0002936 secs] [Times: user=0.00 sys=0.00, real=0.00 secs] 
2.225: [GC (Allocation Failure) [PSYoungGen: 1392K->32K(1536K)] 6534K->6191K(9728K), 0.0003474 secs] [Times: user=0.01 sys=0.00, real=0.00 secs] 
2.226: [Full GC (Ergonomics) [PSYoungGen: 32K->0K(1536K)] [ParOldGen: 6159K->2107K(8192K)] 6191K->2107K(9728K), [Metaspace: 3328K->3328K(1056768K)], 0.0027111 secs] [Times: user=0.00 sys=0.00, real=0.00 secs] 
2.229: [GC (Allocation Failure) [PSYoungGen: 1023K->369K(1536K)] 3804K->3487K(9728K), 0.0002743 secs] [Times: user=0.00 sys=0.00, real=0.00 secs] 
2.229: [GC (Allocation Failure) [PSYoungGen: 1393K->32K(1536K)] 4511K->4169K(9728K), 0.0003050 secs] [Times: user=0.00 sys=0.00, real=0.00 secs] 
2.230: [GC (Allocation Failure) [PSYoungGen: 718K->369K(1536K)] 5531K->5189K(9728K), 0.0002714 secs] [Times: user=0.00 sys=0.00, real=0.00 secs] 
2.230: [GC (Allocation Failure) [PSYoungGen: 1059K->369K(1536K)] 6554K->6210K(9728K), 0.0002858 secs] [Times: user=0.00 sys=0.00, real=0.00 secs] 
2.231: [GC (Allocation Failure) [PSYoungGen: 1061K->369K(1536K)] 7577K->7231K(9728K), 0.0002810 secs] [Times: user=0.00 sys=0.00, real=0.00 secs] 
2.231: [Full GC (Ergonomics) [PSYoungGen: 369K->0K(1536K)] [ParOldGen: 6861K->2109K(8192K)] 7231K->2109K(9728K), [Metaspace: 3328K->3328K(1056768K)], 0.0024072 secs] [Times: user=0.01 sys=0.00, real=0.01 secs] 
2.233: [GC (Allocation Failure) [PSYoungGen: 693K->369K(1536K)] 3479K->3155K(9728K), 0.0002562 secs] [Times: user=0.00 sys=0.00, real=0.00 secs] 
2.234: [GC (Allocation Failure) [PSYoungGen: 1064K->369K(1536K)] 4525K->4176K(9728K), 0.0002803 secs] [Times: user=0.00 sys=0.00, real=0.00 secs] 
2.234: [GC (Allocation Failure) [PSYoungGen: 1065K->370K(1536K)] 5548K->5199K(9728K), 0.0002985 secs] [Times: user=0.00 sys=0.00, real=0.00 secs] 
2.235: [GC (Allocation Failure) [PSYoungGen: 1066K->370K(1536K)] 6572K->6222K(9728K), 0.0002923 secs] [Times: user=0.00 sys=0.00, real=0.00 secs] 
2.235: [GC (Allocation Failure) [PSYoungGen: 1067K->370K(1536K)] 7595K->7245K(9728K), 0.0002803 secs] [Times: user=0.00 sys=0.00, real=0.00 secs] 
2.236: [Full GC (Ergonomics) [PSYoungGen: 370K->0K(1536K)] [ParOldGen: 6874K->2112K(8192K)] 7245K->2112K(9728K), [Metaspace: 3328K->3328K(1056768K)], 0.0020057 secs] [Times: user=0.01 sys=0.00, real=0.00 secs] 
2.238: [GC (Allocation Failure) [PSYoungGen: 697K->370K(1536K)] 3486K->3159K(9728K), 0.0002788 secs] [Times: user=0.00 sys=0.00, real=0.00 secs] 
2.238: [GC (Allocation Failure) [PSYoungGen: 1068K->370K(1536K)] 4535K->4184K(9728K), 0.0002893 secs] [Times: user=0.00 sys=0.00, real=0.00 secs] 
2.239: [GC (Allocation Failure) [PSYoungGen: 1068K->370K(1536K)] 5560K->5208K(9728K), 0.0002975 secs] [Times: user=0.00 sys=0.00, real=0.00 secs] 
2.239: [GC (Allocation Failure) [PSYoungGen: 1069K->371K(1536K)] 6585K->6234K(9728K), 0.0003345 secs] [Times: user=0.00 sys=0.00, real=0.00 secs] 
2.240: [GC (Allocation Failure) [PSYoungGen: 1070K->371K(1536K)] 7611K->7259K(9728K), 0.0002990 secs] [Times: user=0.00 sys=0.00, real=0.00 secs] 
2.240: [Full GC (Ergonomics) [PSYoungGen: 1070K->0K(1536K)] [ParOldGen: 7567K->2114K(8192K)] 8637K->2114K(9728K), [Metaspace: 3328K->3328K(1056768K)], 0.0021003 secs] [Times: user=0.00 sys=0.00, real=0.00 secs] 
2.243: [GC (Allocation Failure) [PSYoungGen: 699K->371K(1536K)] 3493K->3165K(9728K), 0.0002634 secs] [Times: user=0.01 sys=0.00, real=0.01 secs] 
2.243: [GC (Allocation Failure) [PSYoungGen: 1071K->371K(1536K)] 4545K->4192K(9728K), 0.0002937 secs] [Times: user=0.00 sys=0.00, real=0.00 secs] 
2.243: [GC (Allocation Failure) [PSYoungGen: 1071K->371K(1536K)] 5572K->5220K(9728K), 0.0002977 secs] [Times: user=0.00 sys=0.00, real=0.00 secs] 
2.244: [GC (Allocation Failure) [PSYoungGen: 1072K->372K(1536K)] 6601K->6248K(9728K), 0.0002603 secs] [Times: user=0.00 sys=0.00, real=0.00 secs] 
2.244: [GC (Allocation Failure) [PSYoungGen: 1072K->372K(1536K)] 7629K->7277K(9728K), 0.0003409 secs] [Times: user=0.00 sys=0.00, real=0.00 secs] 
2.245: [Full GC (Ergonomics) [PSYoungGen: 1073K->0K(1536K)] [ParOldGen: 7585K->2117K(8192K)] 8659K->2117K(9728K), [Metaspace: 3328K->3328K(1056768K)], 0.0021721 secs] [Times: user=0.00 sys=0.00, real=0.00 secs] 
2.247: [GC (Allocation Failure) [PSYoungGen: 701K->372K(1536K)] 3500K->3171K(9728K), 0.0002480 secs] [Times: user=0.00 sys=0.00, real=0.00 secs] 
2.248: [GC (Allocation Failure) [PSYoungGen: 1074K->372K(1536K)] 4554K->4201K(9728K), 0.0003685 secs] [Times: user=0.00 sys=0.00, real=0.00 secs] 
2.248: [GC (Allocation Failure) [PSYoungGen: 1074K->372K(1536K)] 5585K->5231K(9728K), 0.0002947 secs] [Times: user=0.00 sys=0.00, real=0.00 secs] 
2.249: [GC (Allocation Failure) [PSYoungGen: 1075K->373K(1536K)] 6616K->6262K(9728K), 0.0002909 secs] [Times: user=0.01 sys=0.00, real=0.00 secs] 
2.249: [GC (Allocation Failure) [PSYoungGen: 1075K->373K(1536K)] 7648K->7294K(9728K), 0.0003113 secs] [Times: user=0.00 sys=0.00, real=0.00 secs] 
2.250: [Full GC (Ergonomics) [PSYoungGen: 1076K->0K(1536K)] [ParOldGen: 7603K->2120K(8192K)] 8680K->2120K(9728K), [Metaspace: 3328K->3328K(1056768K)], 0.0021842 secs] [Times: user=0.00 sys=0.00, real=0.00 secs] 
2.252: [GC (Allocation Failure) [PSYoungGen: 703K->373K(1536K)] 3507K->3177K(9728K), 0.0002706 secs] [Times: user=0.00 sys=0.00, real=0.00 secs] 
2.253: [GC (Allocation Failure) [PSYoungGen: 1077K->373K(1536K)] 4564K->4210K(9728K), 0.0002574 secs] [Times: user=0.00 sys=0.00, real=0.01 secs] 
2.253: [GC (Allocation Failure) [PSYoungGen: 1077K->373K(1536K)] 5597K->5243K(9728K), 0.0002690 secs] [Times: user=0.00 sys=0.00, real=0.00 secs] 
2.254: [GC (Allocation Failure) [PSYoungGen: 1078K->373K(1536K)] 6631K->6277K(9728K), 0.0003018 secs] [Times: user=0.00 sys=0.00, real=0.00 secs] 
2.254: [GC (Allocation Failure) [PSYoungGen: 1078K->374K(1536K)] 7666K->7311K(9728K), 0.0002662 secs] [Times: user=0.00 sys=0.00, real=0.00 secs] 
2.254: [Full GC (Ergonomics) [PSYoungGen: 1079K->0K(1536K)] [ParOldGen: 7622K->2123K(8192K)] 8701K->2123K(9728K), [Metaspace: 3328K->3328K(1056768K)], 0.0021090 secs] [Times: user=0.01 sys=0.00, real=0.00 secs] 
2.257: [GC (Allocation Failure) [PSYoungGen: 705K->374K(1536K)] 3513K->3182K(9728K), 0.0003033 secs] [Times: user=0.00 sys=0.00, real=0.00 secs] 
2.257: [GC (Allocation Failure) [PSYoungGen: 1080K->374K(1536K)] 4573K->4218K(9728K), 0.0002662 secs] [Times: user=0.00 sys=0.00, real=0.00 secs] 
2.258: [GC (Allocation Failure) [PSYoungGen: 1080K->374K(1536K)] 5610K->5255K(9728K), 0.0002670 secs] [Times: user=0.00 sys=0.00, real=0.00 secs] 
2.258: [GC (Allocation Failure) [PSYoungGen: 1081K->374K(1536K)] 6647K->6291K(9728K), 0.0002852 secs] [Times: user=0.00 sys=0.00, real=0.00 secs] 
2.259: [GC (Allocation Failure) [PSYoungGen: 1081K->375K(1536K)] 7684K->7329K(9728K), 0.0002949 secs] [Times: user=0.00 sys=0.00, real=0.00 secs] 
2.259: [Full GC (Ergonomics) [PSYoungGen: 1082K->0K(1536K)] [ParOldGen: 7640K->2126K(8192K)] 8722K->2126K(9728K), [Metaspace: 3328K->3328K(1056768K)], 0.0020518 secs] [Times: user=0.01 sys=0.00, real=0.00 secs] 
2.261: [GC (Allocation Failure) [PSYoungGen: 707K->375K(1536K)] 3520K->3188K(9728K), 0.0002747 secs] [Times: user=0.00 sys=0.00, real=0.00 secs] 
2.262: [GC (Allocation Failure) [PSYoungGen: 1083K->375K(1536K)] 4583K->4227K(9728K), 0.0002626 secs] [Times: user=0.00 sys=0.00, real=0.00 secs] 
2.262: [GC (Allocation Failure) [PSYoungGen: 1083K->375K(1536K)] 5622K->5266K(9728K), 0.0003298 secs] [Times: user=0.00 sys=0.00, real=0.00 secs] 
2.263: [GC (Allocation Failure) [PSYoungGen: 1083K->375K(1536K)] 6662K->6306K(9728K), 0.0002909 secs] [Times: user=0.00 sys=0.00, real=0.00 secs] 
2.263: [GC (Allocation Failure) [PSYoungGen: 1084K->376K(1536K)] 7702K->7346K(9728K), 0.0002869 secs] [Times: user=0.00 sys=0.00, real=0.00 secs] 
2.264: [Full GC (Ergonomics) [PSYoungGen: 1084K->0K(1536K)] [ParOldGen: 7658K->2129K(8192K)] 8743K->2129K(9728K), [Metaspace: 3328K->3328K(1056768K)], 0.0020759 secs] [Times: user=0.00 sys=0.00, real=0.00 secs] 
2.266: [GC (Allocation Failure) [PSYoungGen: 709K->376K(1536K)] 3527K->3194K(9728K), 0.0002817 secs] [Times: user=0.01 sys=0.00, real=0.00 secs] 
2.267: [GC (Allocation Failure) [PSYoungGen: 1085K->376K(1536K)] 4593K->4236K(9728K), 0.0002713 secs] [Times: user=0.00 sys=0.00, real=0.00 secs] 
2.267: [GC (Allocation Failure) [PSYoungGen: 1086K->376K(1536K)] 5635K->5278K(9728K), 0.0002873 secs] [Times: user=0.00 sys=0.00, real=0.00 secs] 
2.267: [GC (Allocation Failure) [PSYoungGen: 1086K->376K(1536K)] 6677K->6320K(9728K), 0.0002707 secs] [Times: user=0.00 sys=0.00, real=0.00 secs] 
2.268: [GC (Allocation Failure) [PSYoungGen: 1087K->377K(1536K)] 7721K->7363K(9728K), 0.0003189 secs] [Times: user=0.00 sys=0.00, real=0.00 secs] 
2.268: [Full GC (Ergonomics) [PSYoungGen: 1087K->0K(1536K)] [ParOldGen: 7676K->2132K(8192K)] 8764K->2132K(9728K), [Metaspace: 3328K->3328K(1056768K)], 0.0020741 secs] [Times: user=0.00 sys=0.00, real=0.00 secs] 
2.271: [GC (Allocation Failure) [PSYoungGen: 711K->377K(1536K)] 3534K->3200K(9728K), 0.0002848 secs] [Times: user=0.00 sys=0.00, real=0.00 secs] 
2.271: [GC (Allocation Failure) [PSYoungGen: 1088K->377K(1536K)] 4602K->4244K(9728K), 0.0002793 secs] [Times: user=0.00 sys=0.00, real=0.00 secs] 
2.272: [GC (Allocation Failure) [PSYoungGen: 1089K->377K(1536K)] 5647K->5289K(9728K), 0.0002637 secs] [Times: user=0.00 sys=0.00, real=0.00 secs] 
2.272: [GC (Allocation Failure) [PSYoungGen: 1089K->377K(1536K)] 6693K->6335K(9728K), 0.0002793 secs] [Times: user=0.00 sys=0.00, real=0.00 secs] 
2.272: [GC (Allocation Failure) [PSYoungGen: 1090K->377K(1536K)] 7739K->7380K(9728K), 0.0002929 secs] [Times: user=0.01 sys=0.00, real=0.00 secs] 
2.273: [Full GC (Ergonomics) [PSYoungGen: 1090K->0K(1536K)] [ParOldGen: 7695K->2135K(8192K)] 8785K->2135K(9728K), [Metaspace: 3328K->3328K(1056768K)], 0.0021816 secs] [Times: user=0.00 sys=0.00, real=0.00 secs] 
2.275: [GC (Allocation Failure) [PSYoungGen: 713K->378K(1536K)] 3540K->3206K(9728K), 0.0002618 secs] [Times: user=0.00 sys=0.00, real=0.00 secs] 
2.276: [GC (Allocation Failure) [PSYoungGen: 1091K->378K(1536K)] 4612K->4245K(9728K), 0.0002716 secs] [Times: user=0.00 sys=0.00, real=0.00 secs] 
2.276: [GC (Allocation Failure) [PSYoungGen: 1092K->378K(1536K)] 5652K->4938K(9728K), 0.0002828 secs] [Times: user=0.00 sys=0.00, real=0.00 secs] 
2.277: [GC (Allocation Failure) [PSYoungGen: 1092K->378K(1536K)] 6346K->5632K(9728K), 0.0002593 secs] [Times: user=0.00 sys=0.00, real=0.00 secs] 
2.277: [GC (Allocation Failure) [PSYoungGen: 1093K->378K(1536K)] 7040K->6326K(9728K), 0.0002817 secs] [Times: user=0.00 sys=0.00, real=0.00 secs] 
2.278: [GC (Allocation Failure) [PSYoungGen: 1093K->379K(1536K)] 7735K->7028K(9728K), 0.0002775 secs] [Times: user=0.00 sys=0.00, real=0.00 secs] 
2.278: [GC (Allocation Failure) [PSYoungGen: 1094K->379K(1536K)] 8438K->8078K(9728K), 0.0003088 secs] [Times: user=0.00 sys=0.00, real=0.00 secs] 
2.278: [Full GC (Ergonomics) [PSYoungGen: 379K->0K(1536K)] [ParOldGen: 7699K->2138K(8192K)] 8078K->2138K(9728K), [Metaspace: 3328K->3328K(1056768K)], 0.0022066 secs] [Times: user=0.01 sys=0.00, real=0.00 secs] 
2.281: [GC (Allocation Failure) [PSYoungGen: 715K->379K(1536K)] 3548K->3212K(9728K), 0.0003006 secs] [Times: user=0.00 sys=0.00, real=0.00 secs] 
2.281: [GC (Allocation Failure) [PSYoungGen: 1095K->379K(1536K)] 4623K->4263K(9728K), 0.0003303 secs] [Times: user=0.00 sys=0.00, real=0.00 secs] 
2.282: [GC (Allocation Failure) [PSYoungGen: 1095K->379K(1536K)] 5674K->5314K(9728K), 0.0003065 secs] [Times: user=0.00 sys=0.00, real=0.00 secs] 
2.282: [GC (Allocation Failure) [PSYoungGen: 1096K->379K(1536K)] 6726K->6366K(9728K), 0.0003119 secs] [Times: user=0.00 sys=0.00, real=0.00 secs] 
2.283: [GC (Allocation Failure) [PSYoungGen: 1096K->380K(1536K)] 7778K->7418K(9728K), 0.0003004 secs] [Times: user=0.00 sys=0.00, real=0.01 secs] 
2.283: [Full GC (Ergonomics) [PSYoungGen: 1096K->0K(1536K)] [ParOldGen: 7734K->2141K(8192K)] 8831K->2141K(9728K), [Metaspace: 3328K->3328K(1056768K)], 0.0020657 secs] [Times: user=0.01 sys=0.00, real=0.00 secs] 
2.286: [GC (Allocation Failure) [PSYoungGen: 717K->380K(1536K)] 3555K->3218K(9728K), 0.0002587 secs] [Times: user=0.00 sys=0.00, real=0.00 secs] 
2.286: [GC (Allocation Failure) [PSYoungGen: 1097K->380K(1536K)] 4633K->4272K(9728K), 0.0002635 secs] [Times: user=0.00 sys=0.00, real=0.00 secs] 
2.286: [GC (Allocation Failure) [PSYoungGen: 1098K->380K(1536K)] 5687K->5326K(9728K), 0.0002992 secs] [Times: user=0.00 sys=0.00, real=0.00 secs] 
2.287: [GC (Allocation Failure) [PSYoungGen: 1098K->380K(1536K)] 6742K->6380K(9728K), 0.0002966 secs] [Times: user=0.00 sys=0.00, real=0.00 secs] 
2.287: [GC (Allocation Failure) [PSYoungGen: 1099K->381K(1536K)] 7797K->7435K(9728K), 0.0002695 secs] [Times: user=0.00 sys=0.00, real=0.00 secs] 
2.288: [Full GC (Ergonomics) [PSYoungGen: 1099K->0K(1536K)] [ParOldGen: 7753K->2144K(8192K)] 8852K->2144K(9728K), [Metaspace: 3328K->3328K(1056768K)], 0.0020238 secs] [Times: user=0.01 sys=0.00, real=0.00 secs] 
2.290: [GC (Allocation Failure) [PSYoungGen: 719K->381K(1536K)] 3562K->3224K(9728K), 0.0002637 secs] [Times: user=0.00 sys=0.00, real=0.00 secs] 
2.291: [GC (Allocation Failure) [PSYoungGen: 1100K->381K(1536K)] 4642K->4280K(9728K), 0.0002636 secs] [Times: user=0.00 sys=0.00, real=0.00 secs] 
2.291: [GC (Allocation Failure) [PSYoungGen: 1101K->381K(1536K)] 5699K->5337K(9728K), 0.0003117 secs] [Times: user=0.00 sys=0.00, real=0.00 secs] 
2.291: [GC (Allocation Failure) [PSYoungGen: 1101K->381K(1536K)] 6757K->6395K(9728K), 0.0002550 secs] [Times: user=0.00 sys=0.00, real=0.00 secs] 
2.292: [GC (Allocation Failure) [PSYoungGen: 1102K->381K(1536K)] 7815K->7452K(9728K), 0.0002808 secs] [Times: user=0.00 sys=0.00, real=0.00 secs] 
2.292: [Full GC (Ergonomics) [PSYoungGen: 1102K->0K(1536K)] [ParOldGen: 7771K->2147K(8192K)] 8874K->2147K(9728K), [Metaspace: 3328K->3328K(1056768K)], 0.0020466 secs] [Times: user=0.00 sys=0.00, real=0.01 secs] 
2.295: [GC (Allocation Failure) [PSYoungGen: 721K->382K(1536K)] 3568K->3230K(9728K), 0.0002610 secs] [Times: user=0.00 sys=0.00, real=0.00 secs] 
2.295: [GC (Allocation Failure) [PSYoungGen: 1103K->382K(1536K)] 4652K->4289K(9728K), 0.0002805 secs] [Times: user=0.00 sys=0.00, real=0.00 secs] 
2.296: [GC (Allocation Failure) [PSYoungGen: 1104K->382K(1536K)] 5712K->5349K(9728K), 0.0002650 secs] [Times: user=0.01 sys=0.00, real=0.00 secs] 
2.296: [GC (Allocation Failure) [PSYoungGen: 1104K->382K(1536K)] 6772K->6409K(9728K), 0.0002684 secs] [Times: user=0.00 sys=0.00, real=0.00 secs] 
2.296: [GC (Allocation Failure) [PSYoungGen: 1105K->382K(1536K)] 7833K->7470K(9728K), 0.0006522 secs] [Times: user=0.00 sys=0.00, real=0.00 secs] 
2.297: [Full GC (Ergonomics) [PSYoungGen: 1105K->0K(1536K)] [ParOldGen: 7789K->2150K(8192K)] 8895K->2150K(9728K), [Metaspace: 3328K->3328K(1056768K)], 0.0020718 secs] [Times: user=0.00 sys=0.00, real=0.00 secs] 
2.300: [GC (Allocation Failure) [PSYoungGen: 723K->383K(1536K)] 3575K->3235K(9728K), 0.0002632 secs] [Times: user=0.00 sys=0.00, real=0.00 secs] 
2.300: [GC (Allocation Failure) [PSYoungGen: 1106K->383K(1536K)] 4661K->4298K(9728K), 0.0002927 secs] [Times: user=0.00 sys=0.00, real=0.00 secs] 
2.301: [GC (Allocation Failure) [PSYoungGen: 1107K->383K(1536K)] 5724K->5360K(9728K), 0.0002802 secs] [Times: user=0.00 sys=0.00, real=0.00 secs] 
2.301: [GC (Allocation Failure) [PSYoungGen: 1107K->383K(1536K)] 6788K->6423K(9728K), 0.0003174 secs] [Times: user=0.00 sys=0.00, real=0.00 secs] 
2.302: [GC (Allocation Failure) [PSYoungGen: 1108K->383K(1536K)] 7851K->7487K(9728K), 0.0002755 secs] [Times: user=0.00 sys=0.00, real=0.00 secs] 
2.302: [Full GC (Ergonomics) [PSYoungGen: 1108K->0K(1536K)] [ParOldGen: 7807K->2152K(8192K)] 8916K->2152K(9728K), [Metaspace: 3328K->3328K(1056768K)], 0.0021610 secs] [Times: user=0.00 sys=0.00, real=0.01 secs] 
2.304: [GC (Allocation Failure) [PSYoungGen: 724K->384K(1536K)] 3582K->3241K(9728K), 0.0002545 secs] [Times: user=0.00 sys=0.00, real=0.00 secs] 
2.305: [GC (Allocation Failure) [PSYoungGen: 1109K->384K(1536K)] 4671K->4306K(9728K), 0.0002521 secs] [Times: user=0.00 sys=0.00, real=0.00 secs] 
2.305: [GC (Allocation Failure) [PSYoungGen: 1109K->384K(1536K)] 5737K->5372K(9728K), 0.0002876 secs] [Times: user=0.00 sys=0.00, real=0.00 secs] 
2.306: [GC (Allocation Failure) [PSYoungGen: 1110K->384K(1536K)] 6803K->6438K(9728K), 0.0002633 secs] [Times: user=0.00 sys=0.00, real=0.00 secs] 
2.306: [GC (Allocation Failure) [PSYoungGen: 1110K->384K(1536K)] 7870K->7504K(9728K), 0.0003148 secs] [Times: user=0.00 sys=0.00, real=0.00 secs] 
2.307: [Full GC (Ergonomics) [PSYoungGen: 1111K->0K(1536K)] [ParOldGen: 7826K->2155K(8192K)] 8937K->2155K(9728K), [Metaspace: 3328K->3328K(1056768K)], 0.0022483 secs] [Times: user=0.01 sys=0.00, real=0.00 secs] 
2.309: [GC (Allocation Failure) [PSYoungGen: 726K->385K(1536K)] 3589K->3247K(9728K), 0.0002652 secs] [Times: user=0.00 sys=0.00, real=0.00 secs] 
2.310: [GC (Allocation Failure) [PSYoungGen: 1112K->385K(1536K)] 4681K->4315K(9728K), 0.0002640 secs] [Times: user=0.00 sys=0.00, real=0.00 secs] 
2.310: [GC (Allocation Failure) [PSYoungGen: 1112K->385K(1536K)] 5749K->5383K(9728K), 0.0002687 secs] [Times: user=0.00 sys=0.00, real=0.00 secs] 
2.310: [GC (Allocation Failure) [PSYoungGen: 1113K->385K(1536K)] 6818K->6452K(9728K), 0.0002817 secs] [Times: user=0.00 sys=0.00, real=0.00 secs] 
2.311: [GC (Allocation Failure) [PSYoungGen: 1113K->385K(1536K)] 7888K->7522K(9728K), 0.0002760 secs] [Times: user=0.00 sys=0.00, real=0.00 secs] 
2.311: [Full GC (Ergonomics) [PSYoungGen: 1114K->0K(1536K)] [ParOldGen: 7844K->2158K(8192K)] 8958K->2158K(9728K), [Metaspace: 3328K->3328K(1056768K)], 0.0022108 secs] [Times: user=0.01 sys=0.00, real=0.01 secs] 
2.314: [GC (Allocation Failure) [PSYoungGen: 728K->386K(1536K)] 3595K->3253K(9728K), 0.0003080 secs] [Times: user=0.00 sys=0.00, real=0.00 secs] 
2.314: [GC (Allocation Failure) [PSYoungGen: 1115K->386K(1536K)] 4690K->4315K(9728K), 0.0003043 secs] [Times: user=0.00 sys=0.00, real=0.00 secs] 
2.315: [GC (Allocation Failure) [PSYoungGen: 1115K->386K(1536K)] 5754K->5379K(9728K), 0.0002802 secs] [Times: user=0.00 sys=0.00, real=0.00 secs] 
2.315: [GC (Allocation Failure) [PSYoungGen: 1116K->386K(1536K)] 6818K->6088K(9728K), 0.0002914 secs] [Times: user=0.00 sys=0.00, real=0.00 secs] 
2.316: [GC (Allocation Failure) [PSYoungGen: 1116K->386K(1536K)] 7528K->6798K(9728K), 0.0002575 secs] [Times: user=0.00 sys=0.00, real=0.00 secs] 
2.316: [GC (Allocation Failure) [PSYoungGen: 1117K->386K(1536K)] 8238K->7516K(9728K), 0.0002802 secs] [Times: user=0.00 sys=0.00, real=0.00 secs] 
2.317: [Full GC (Ergonomics) [PSYoungGen: 1117K->0K(1536K)] [ParOldGen: 7839K->2162K(8192K)] 8957K->2162K(9728K), [Metaspace: 3328K->3328K(1056768K)], 0.0021456 secs] [Times: user=0.00 sys=0.00, real=0.00 secs] 
2.319: [GC (Allocation Failure) [PSYoungGen: 731K->387K(1536K)] 3603K->3259K(9728K), 0.0002698 secs] [Times: user=0.01 sys=0.00, real=0.00 secs] 
2.320: [GC (Allocation Failure) [PSYoungGen: 1118K->387K(1536K)] 4701K->4334K(9728K), 0.0002834 secs] [Times: user=0.00 sys=0.00, real=0.00 secs] 
2.320: [GC (Allocation Failure) [PSYoungGen: 1119K->387K(1536K)] 5776K->5408K(9728K), 0.0002968 secs] [Times: user=0.00 sys=0.00, real=0.00 secs] 
2.320: [GC (Allocation Failure) [PSYoungGen: 1119K->387K(1536K)] 6852K->6483K(9728K), 0.0002778 secs] [Times: user=0.00 sys=0.00, real=0.00 secs] 
2.321: [GC (Allocation Failure) [PSYoungGen: 1120K->387K(1536K)] 7928K->7559K(9728K), 0.0002729 secs] [Times: user=0.00 sys=0.00, real=0.00 secs] 
2.321: [Full GC (Ergonomics) [PSYoungGen: 1120K->0K(1536K)] [ParOldGen: 7883K->2164K(8192K)] 9004K->2164K(9728K), [Metaspace: 3328K->3328K(1056768K)], 0.0020344 secs] [Times: user=0.00 sys=0.00, real=0.01 secs] 
2.324: [GC (Allocation Failure) [PSYoungGen: 732K->388K(1536K)] 3610K->3265K(9728K), 0.0002803 secs] [Times: user=0.00 sys=0.00, real=0.00 secs] 
2.324: [GC (Allocation Failure) [PSYoungGen: 1121K->388K(1536K)] 4711K->4342K(9728K), 0.0002637 secs] [Times: user=0.00 sys=0.00, real=0.00 secs] 
2.325: [GC (Allocation Failure) [PSYoungGen: 1121K->388K(1536K)] 5789K->5420K(9728K), 0.0002792 secs] [Times: user=0.00 sys=0.00, real=0.00 secs] 
2.325: [GC (Allocation Failure) [PSYoungGen: 1122K->388K(1536K)] 6867K->6498K(9728K), 0.0002825 secs] [Times: user=0.00 sys=0.00, real=0.00 secs] 
2.326: [GC (Allocation Failure) [PSYoungGen: 1122K->388K(1536K)] 7946K->7576K(9728K), 0.0002730 secs] [Times: user=0.01 sys=0.00, real=0.00 secs] 
2.326: [Full GC (Ergonomics) [PSYoungGen: 1123K->0K(1536K)] [ParOldGen: 7902K->2167K(8192K)] 9025K->2167K(9728K), [Metaspace: 3328K->3328K(1056768K)], 0.0020562 secs] [Times: user=0.00 sys=0.00, real=0.00 secs] 
2.328: [GC (Allocation Failure) [PSYoungGen: 734K->389K(1536K)] 3617K->3271K(9728K), 0.0002743 secs] [Times: user=0.00 sys=0.00, real=0.00 secs] 
2.329: [GC (Allocation Failure) [PSYoungGen: 1124K->389K(1536K)] 4721K->4343K(9728K), 0.0002995 secs] [Times: user=0.00 sys=0.00, real=0.00 secs] 
2.329: [GC (Allocation Failure) [PSYoungGen: 1124K->389K(1536K)] 5793K->5415K(9728K), 0.0002695 secs] [Times: user=0.00 sys=0.00, real=0.00 secs] 
2.330: [GC (Allocation Failure) [PSYoungGen: 1125K->389K(1536K)] 6866K->6131K(9728K), 0.0003094 secs] [Times: user=0.00 sys=0.00, real=0.00 secs] 
2.330: [GC (Allocation Failure) [PSYoungGen: 1125K->389K(1536K)] 7583K->6847K(9728K), 0.0002738 secs] [Times: user=0.00 sys=0.00, real=0.00 secs] 
2.331: [GC (Allocation Failure) [PSYoungGen: 1126K->389K(1536K)] 8299K->7571K(9728K), 0.0002752 secs] [Times: user=0.00 sys=0.00, real=0.00 secs] 
2.331: [Full GC (Ergonomics) [PSYoungGen: 1126K->0K(1536K)] [ParOldGen: 7897K->2171K(8192K)] 9024K->2171K(9728K), [Metaspace: 3328K->3328K(1056768K)], 0.0021675 secs] [Times: user=0.01 sys=0.00, real=0.01 secs] 
2.334: [GC (Allocation Failure) [PSYoungGen: 737K->390K(1536K)] 3624K->3278K(9728K), 0.0002627 secs] [Times: user=0.00 sys=0.00, real=0.00 secs] 
2.334: [GC (Allocation Failure) [PSYoungGen: 1127K->390K(1536K)] 4732K->4361K(9728K), 0.0003222 secs] [Times: user=0.00 sys=0.00, real=0.00 secs] 
2.334: [GC (Allocation Failure) [PSYoungGen: 1128K->390K(1536K)] 5816K->5445K(9728K), 0.0002663 secs] [Times: user=0.00 sys=0.00, real=0.00 secs] 
2.335: [GC (Allocation Failure) [PSYoungGen: 1128K->390K(1536K)] 6900K->6529K(9728K), 0.0003441 secs] [Times: user=0.00 sys=0.00, real=0.00 secs] 
2.335: [GC (Allocation Failure) [PSYoungGen: 1129K->390K(1536K)] 7985K->7614K(9728K), 0.0002783 secs] [Times: user=0.00 sys=0.00, real=0.00 secs] 
2.336: [Full GC (Ergonomics) [PSYoungGen: 1129K->0K(1536K)] [ParOldGen: 7941K->2174K(8192K)] 9071K->2174K(9728K), [Metaspace: 3328K->3328K(1056768K)], 0.0021712 secs] [Times: user=0.01 sys=0.00, real=0.00 secs] 
2.338: [GC (Allocation Failure) [PSYoungGen: 739K->391K(1536K)] 3631K->3283K(9728K), 0.0002590 secs] [Times: user=0.00 sys=0.00, real=0.00 secs] 
2.339: [GC (Allocation Failure) [PSYoungGen: 1130K->391K(1536K)] 4742K->4370K(9728K), 0.0002635 secs] [Times: user=0.00 sys=0.00, real=0.00 secs] 
2.339: [GC (Allocation Failure) [PSYoungGen: 1131K->391K(1536K)] 5828K->5456K(9728K), 0.0003265 secs] [Times: user=0.00 sys=0.00, real=0.00 secs] 
2.340: [GC (Allocation Failure) [PSYoungGen: 1131K->391K(1536K)] 6916K->6544K(9728K), 0.0002931 secs] [Times: user=0.00 sys=0.00, real=0.00 secs] 
2.340: [GC (Allocation Failure) [PSYoungGen: 1132K->391K(1536K)] 8004K->7631K(9728K), 0.0002786 secs] [Times: user=0.00 sys=0.00, real=0.00 secs] 
2.341: [Full GC (Ergonomics) [PSYoungGen: 1132K->0K(1536K)] [ParOldGen: 7959K->2176K(8192K)] 9092K->2176K(9728K), [Metaspace: 3328K->3328K(1056768K)], 0.0020427 secs] [Times: user=0.00 sys=0.00, real=0.00 secs] 
2.343: [GC (Allocation Failure) [PSYoungGen: 740K->392K(1536K)] 3638K->3289K(9728K), 0.0002794 secs] [Times: user=0.00 sys=0.00, real=0.00 secs] 
2.343: [GC (Allocation Failure) [PSYoungGen: 1133K->392K(1536K)] 4751K->4378K(9728K), 0.0002602 secs] [Times: user=0.00 sys=0.00, real=0.00 secs] 
2.344: [GC (Allocation Failure) [PSYoungGen: 1133K->392K(1536K)] 5841K->5468K(9728K), 0.0002908 secs] [Times: user=0.00 sys=0.00, real=0.00 secs] 
2.344: [GC (Allocation Failure) [PSYoungGen: 1134K->392K(1536K)] 6931K->6558K(9728K), 0.0003100 secs] [Times: user=0.00 sys=0.00, real=0.00 secs] 
2.345: [GC (Allocation Failure) [PSYoungGen: 1134K->392K(1536K)] 8022K->7649K(9728K), 0.0003019 secs] [Times: user=0.00 sys=0.00, real=0.00 secs] 
2.345: [Full GC (Ergonomics) [PSYoungGen: 1135K->0K(1536K)] [ParOldGen: 7978K->2179K(8192K)] 9113K->2179K(9728K), [Metaspace: 3328K->3328K(1056768K)], 0.0022933 secs] [Times: user=0.00 sys=0.00, real=0.00 secs] 
2.348: [GC (Allocation Failure) [PSYoungGen: 742K->393K(1536K)] 3645K->3295K(9728K), 0.0002826 secs] [Times: user=0.00 sys=0.00, real=0.00 secs] 
2.348: [GC (Allocation Failure) [PSYoungGen: 1136K->393K(1536K)] 4761K->4387K(9728K), 0.0002760 secs] [Times: user=0.00 sys=0.00, real=0.00 secs] 
2.349: [GC (Allocation Failure) [PSYoungGen: 1136K->393K(1536K)] 5853K->5479K(9728K), 0.0002664 secs] [Times: user=0.00 sys=0.00, real=0.00 secs] 
2.349: [GC (Allocation Failure) [PSYoungGen: 1137K->393K(1536K)] 6947K->6572K(9728K), 0.0002928 secs] [Times: user=0.01 sys=0.00, real=0.00 secs] 
2.350: [GC (Allocation Failure) [PSYoungGen: 1137K->393K(1536K)] 8040K->7666K(9728K), 0.0002980 secs] [Times: user=0.00 sys=0.00, real=0.00 secs] 
2.350: [Full GC (Ergonomics) [PSYoungGen: 1138K->0K(1536K)] [ParOldGen: 7996K->2182K(8192K)] 9134K->2182K(9728K), [Metaspace: 3328K->3328K(1056768K)], 0.0020092 secs] [Times: user=0.00 sys=0.00, real=0.00 secs] 
2.352: [GC (Allocation Failure) [PSYoungGen: 744K->394K(1536K)] 3651K->3301K(9728K), 0.0002772 secs] [Times: user=0.00 sys=0.00, real=0.00 secs] 
2.353: [GC (Allocation Failure) [PSYoungGen: 1139K->394K(1536K)] 4770K->4396K(9728K), 0.0002798 secs] [Times: user=0.00 sys=0.00, real=0.00 secs] 
2.353: [GC (Allocation Failure) [PSYoungGen: 1139K->394K(1536K)] 5866K->5491K(9728K), 0.0002951 secs] [Times: user=0.00 sys=0.00, real=0.00 secs] 
2.354: [GC (Allocation Failure) [PSYoungGen: 1140K->394K(1536K)] 6962K->6587K(9728K), 0.0002763 secs] [Times: user=0.00 sys=0.00, real=0.00 secs] 
2.354: [GC (Allocation Failure) [PSYoungGen: 1140K->394K(1536K)] 8058K->7683K(9728K), 0.0002717 secs] [Times: user=0.00 sys=0.00, real=0.00 secs] 
2.355: [Full GC (Ergonomics) [PSYoungGen: 1141K->0K(1536K)] [ParOldGen: 8014K->2185K(8192K)] 9155K->2185K(9728K), [Metaspace: 3328K->3328K(1056768K)], 0.0021129 secs] [Times: user=0.01 sys=0.00, real=0.00 secs] 
2.357: [GC (Allocation Failure) [PSYoungGen: 746K->395K(1536K)] 3658K->3306K(9728K), 0.0002885 secs] [Times: user=0.00 sys=0.00, real=0.00 secs] 
2.358: [GC (Allocation Failure) [PSYoungGen: 1142K->395K(1536K)] 4780K->4396K(9728K), 0.0002605 secs] [Times: user=0.00 sys=0.00, real=0.00 secs] 
2.358: [GC (Allocation Failure) [PSYoungGen: 1142K->395K(1536K)] 5870K->5486K(9728K), 0.0003062 secs] [Times: user=0.00 sys=0.00, real=0.00 secs] 
2.358: [GC (Allocation Failure) [PSYoungGen: 1143K->395K(1536K)] 6961K->6214K(9728K), 0.0002596 secs] [Times: user=0.00 sys=0.00, real=0.00 secs] 
2.359: [GC (Allocation Failure) [PSYoungGen: 1143K->395K(1536K)] 7689K->6949K(9728K), 0.0002926 secs] [Times: user=0.00 sys=0.00, real=0.00 secs] 
2.359: [GC (Allocation Failure) [PSYoungGen: 1144K->395K(1536K)] 8426K->8049K(9728K), 0.0002978 secs] [Times: user=0.00 sys=0.00, real=0.00 secs] 
2.360: [Full GC (Ergonomics) [PSYoungGen: 395K->0K(1536K)] [ParOldGen: 7653K->2188K(8192K)] 8049K->2188K(9728K), [Metaspace: 3328K->3328K(1056768K)], 0.0020254 secs] [Times: user=0.01 sys=0.00, real=0.00 secs] 
2.362: [GC (Allocation Failure) [PSYoungGen: 748K->396K(1536K)] 3665K->3312K(9728K), 0.0002811 secs] [Times: user=0.00 sys=0.00, real=0.00 secs] 
2.362: [GC (Allocation Failure) [PSYoungGen: 1145K->396K(1536K)] 4790K->4413K(9728K), 0.0002715 secs] [Times: user=0.00 sys=0.00, real=0.00 secs] 
2.363: [GC (Allocation Failure) [PSYoungGen: 1145K->396K(1536K)] 5891K->5514K(9728K), 0.0002627 secs] [Times: user=0.00 sys=0.00, real=0.00 secs] 
2.363: [GC (Allocation Failure) [PSYoungGen: 1145K->396K(1536K)] 6993K->6616K(9728K), 0.0002991 secs] [Times: user=0.00 sys=0.00, real=0.00 secs] 
2.364: [GC (Allocation Failure) [PSYoungGen: 1146K->396K(1536K)] 8095K->7718K(9728K), 0.0002737 secs] [Times: user=0.00 sys=0.00, real=0.00 secs] 
2.364: [Full GC (Ergonomics) [PSYoungGen: 1146K->0K(1536K)] [ParOldGen: 8051K->2191K(8192K)] 9198K->2191K(9728K), [Metaspace: 3328K->3328K(1056768K)], 0.0020734 secs] [Times: user=0.01 sys=0.00, real=0.00 secs] 
2.367: [GC (Allocation Failure) [PSYoungGen: 750K->397K(1536K)] 3671K->3318K(9728K), 0.0002719 secs] [Times: user=0.00 sys=0.00, real=0.00 secs] 
2.367: [GC (Allocation Failure) [PSYoungGen: 1147K->397K(1536K)] 4799K->4421K(9728K), 0.0002945 secs] [Times: user=0.00 sys=0.00, real=0.00 secs] 
2.368: [GC (Allocation Failure) [PSYoungGen: 1148K->397K(1536K)] 5903K->5526K(9728K), 0.0002688 secs] [Times: user=0.00 sys=0.00, real=0.00 secs] 
2.368: [GC (Allocation Failure) [PSYoungGen: 1148K->397K(1536K)] 7008K->6630K(9728K), 0.0002926 secs] [Times: user=0.00 sys=0.00, real=0.00 secs] 
2.368: [GC (Allocation Failure) [PSYoungGen: 1149K->397K(1536K)] 8113K->7735K(9728K), 0.0002732 secs] [Times: user=0.00 sys=0.00, real=0.00 secs] 
2.369: [Full GC (Ergonomics) [PSYoungGen: 1149K->0K(1536K)] [ParOldGen: 8069K->2194K(8192K)] 9219K->2194K(9728K), [Metaspace: 3328K->3328K(1056768K)], 0.0020548 secs] [Times: user=0.00 sys=0.00, real=0.00 secs] 
2.371: [GC (Allocation Failure) [PSYoungGen: 752K->397K(1536K)] 3678K->3324K(9728K), 0.0002579 secs] [Times: user=0.00 sys=0.00, real=0.00 secs] 
2.372: [GC (Allocation Failure) [PSYoungGen: 1150K->398K(1536K)] 4809K->4430K(9728K), 0.0007871 secs] [Times: user=0.01 sys=0.00, real=0.00 secs] 
2.373: [GC (Allocation Failure) [PSYoungGen: 1151K->398K(1536K)] 5916K->5537K(9728K), 0.0008114 secs] [Times: user=0.00 sys=0.00, real=0.01 secs] 
2.374: [GC (Allocation Failure) [PSYoungGen: 1151K->398K(1536K)] 7023K->6644K(9728K), 0.0006305 secs] [Times: user=0.00 sys=0.00, real=0.00 secs] 
2.374: [GC (Allocation Failure) [PSYoungGen: 1152K->398K(1536K)] 8131K->7752K(9728K), 0.0008229 secs] [Times: user=0.00 sys=0.00, real=0.00 secs] 
2.376: [Full GC (Ergonomics) [PSYoungGen: 1152K->0K(1536K)] [ParOldGen: 8087K->2197K(8192K)] 9240K->2197K(9728K), [Metaspace: 3328K->3328K(1056768K)], 0.0025087 secs] [Times: user=0.01 sys=0.00, real=0.00 secs] 
2.378: [GC (Allocation Failure) [PSYoungGen: 754K->398K(1536K)] 3685K->3329K(9728K), 0.0003664 secs] [Times: user=0.00 sys=0.00, real=0.00 secs] 
2.379: [GC (Allocation Failure) [PSYoungGen: 1153K->399K(1536K)] 4818K->4439K(9728K), 0.0006321 secs] [Times: user=0.00 sys=0.00, real=0.00 secs] 
2.380: [GC (Allocation Failure) [PSYoungGen: 1154K->399K(1536K)] 5928K->5549K(9728K), 0.0007990 secs] [Times: user=0.00 sys=0.00, real=0.00 secs] 
2.381: [GC (Allocation Failure) [PSYoungGen: 1154K->399K(1536K)] 7039K->6659K(9728K), 0.0008251 secs] [Times: user=0.00 sys=0.00, real=0.00 secs] 
2.382: [GC (Allocation Failure) [PSYoungGen: 1155K->399K(1536K)] 8150K->7770K(9728K), 0.0008077 secs] [Times: user=0.01 sys=0.00, real=0.00 secs] 
2.383: [Full GC (Ergonomics) [PSYoungGen: 1155K->0K(1536K)] [ParOldGen: 8106K->2200K(8192K)] 9261K->2200K(9728K), [Metaspace: 3328K->3328K(1056768K)], 0.0031680 secs] [Times: user=0.00 sys=0.00, real=0.01 secs] 
2.386: [GC (Allocation Failure) [PSYoungGen: 756K->399K(1536K)] 3692K->3335K(9728K), 0.0007836 secs] [Times: user=0.00 sys=0.00, real=0.00 secs] 
2.387: [GC (Allocation Failure) [PSYoungGen: 1156K->400K(1536K)] 4828K->4447K(9728K), 0.0008089 secs] [Times: user=0.01 sys=0.00, real=0.00 secs] 
2.388: [GC (Allocation Failure) [PSYoungGen: 1157K->400K(1536K)] 5941K->5560K(9728K), 0.0008137 secs] [Times: user=0.00 sys=0.00, real=0.00 secs] 
2.389: [GC (Allocation Failure) [PSYoungGen: 1157K->400K(1536K)] 7054K->6673K(9728K), 0.0008132 secs] [Times: user=0.00 sys=0.00, real=0.00 secs] 
2.390: [GC (Allocation Failure) [PSYoungGen: 1157K->400K(1536K)] 8168K->7787K(9728K), 0.0008152 secs] [Times: user=0.00 sys=0.00, real=0.00 secs] 
2.391: [Full GC (Ergonomics) [PSYoungGen: 1158K->0K(1536K)] [ParOldGen: 8124K->2202K(8192K)] 9282K->2202K(9728K), [Metaspace: 3328K->3328K(1056768K)], 0.0031519 secs] [Times: user=0.01 sys=0.00, real=0.01 secs] 
2.395: [GC (Allocation Failure) [PSYoungGen: 758K->400K(1536K)] 3698K->3341K(9728K), 0.0007973 secs] [Times: user=0.00 sys=0.00, real=0.00 secs] 
2.396: [GC (Allocation Failure) [PSYoungGen: 1159K->401K(1536K)] 4838K->4456K(9728K), 0.0007891 secs] [Times: user=0.00 sys=0.00, real=0.00 secs] 
2.397: [GC (Allocation Failure) [PSYoungGen: 1159K->401K(1536K)] 5953K->5572K(9728K), 0.0008303 secs] [Times: user=0.01 sys=0.00, real=0.00 secs] 
2.398: [GC (Allocation Failure) [PSYoungGen: 1160K->401K(1536K)] 7070K->6688K(9728K), 0.0008165 secs] [Times: user=0.00 sys=0.00, real=0.00 secs] 
2.399: [GC (Allocation Failure) [PSYoungGen: 1160K->401K(1536K)] 8186K->7804K(9728K), 0.0008250 secs] [Times: user=0.00 sys=0.00, real=0.00 secs] 
2.400: [Full GC (Ergonomics) [PSYoungGen: 1161K->0K(1536K)] [ParOldGen: 8142K->2205K(8192K)] 9303K->2205K(9728K), [Metaspace: 3328K->3328K(1056768K)], 0.0031387 secs] [Times: user=0.01 sys=0.00, real=0.00 secs] 
2.403: [GC (Allocation Failure) [PSYoungGen: 760K->401K(1536K)] 3705K->3347K(9728K), 0.0007751 secs] [Times: user=0.00 sys=0.00, real=0.00 secs] 
2.404: [GC (Allocation Failure) [PSYoungGen: 1162K->401K(1536K)] 4847K->4465K(9728K), 0.0008144 secs] [Times: user=0.00 sys=0.00, real=0.00 secs] 
2.405: [GC (Allocation Failure) [PSYoungGen: 1162K->402K(1536K)] 5966K->5583K(9728K), 0.0008165 secs] [Times: user=0.00 sys=0.01, real=0.00 secs] 
2.406: [GC (Allocation Failure) [PSYoungGen: 1163K->402K(1536K)] 7085K->6702K(9728K), 0.0008130 secs] [Times: user=0.01 sys=0.00, real=0.00 secs] 
2.407: [GC (Allocation Failure) [PSYoungGen: 1163K->402K(1536K)] 8204K->7821K(9728K), 0.0008157 secs] [Times: user=0.00 sys=0.00, real=0.00 secs] 
2.408: [Full GC (Ergonomics) [PSYoungGen: 1164K->0K(1536K)] [ParOldGen: 8160K->2208K(8192K)] 9325K->2208K(9728K), [Metaspace: 3328K->3328K(1056768K)], 0.0030808 secs] [Times: user=0.00 sys=0.00, real=0.00 secs] 
2.411: [GC (Allocation Failure) [PSYoungGen: 762K->402K(1536K)] 3712K->3353K(9728K), 0.0007959 secs] [Times: user=0.01 sys=0.00, real=0.00 secs] 
2.412: [GC (Allocation Failure) [PSYoungGen: 1165K->402K(1536K)] 4857K->4473K(9728K), 0.0007984 secs] [Times: user=0.00 sys=0.00, real=0.01 secs] 
2.413: [GC (Allocation Failure) [PSYoungGen: 1165K->403K(1536K)] 5978K->5595K(9728K), 0.0008183 secs] [Times: user=0.00 sys=0.00, real=0.00 secs] 
2.414: [GC (Allocation Failure) [PSYoungGen: 1166K->403K(1536K)] 7100K->6717K(9728K), 0.0008328 secs] [Times: user=0.00 sys=0.00, real=0.00 secs] 
2.415: [GC (Allocation Failure) [PSYoungGen: 1166K->403K(1536K)] 8223K->7839K(9728K), 0.0008228 secs] [Times: user=0.01 sys=0.00, real=0.00 secs] 
2.416: [Full GC (Ergonomics) [PSYoungGen: 1167K->0K(1536K)] [ParOldGen: 8179K->2211K(8192K)] 9346K->2211K(9728K), [Metaspace: 3328K->3328K(1056768K)], 0.0028276 secs] [Times: user=0.00 sys=0.00, real=0.00 secs] 
2.420: [GC (Allocation Failure) [PSYoungGen: 764K->403K(1536K)] 3719K->3358K(9728K), 0.0007879 secs] [Times: user=0.00 sys=0.00, real=0.00 secs] 
2.420: [GC (Allocation Failure) [PSYoungGen: 1168K->403K(1536K)] 4866K->4482K(9728K), 0.0008340 secs] [Times: user=0.01 sys=0.00, real=0.00 secs] 
2.422: [GC (Allocation Failure) [PSYoungGen: 1168K->404K(1536K)] 5991K->5606K(9728K), 0.0007949 secs] [Times: user=0.00 sys=0.00, real=0.00 secs] 
2.423: [GC (Allocation Failure) [PSYoungGen: 1169K->404K(1536K)] 7116K->6731K(9728K), 0.0008268 secs] [Times: user=0.00 sys=0.00, real=0.01 secs] 
2.424: [GC (Allocation Failure) [PSYoungGen: 1169K->404K(1536K)] 8241K->7856K(9728K), 0.0008315 secs] [Times: user=0.00 sys=0.00, real=0.00 secs] 
2.424: [GC (Allocation Failure) --[PSYoungGen: 1170K->1170K(1536K)] 8622K->9002K(9728K), 0.0007988 secs] [Times: user=0.00 sys=0.00, real=0.00 secs] 
2.425: [Full GC (Ergonomics) [PSYoungGen: 1170K->0K(1536K)] [ParOldGen: 7832K->1841K(8192K)] 9002K->1841K(9728K), [Metaspace: 3328K->3328K(1056768K)], 0.0026830 secs] [Times: user=0.01 sys=0.00, real=0.00 secs] 
2.428: [GC (Allocation Failure) [PSYoungGen: 765K->32K(1536K)] 2607K->3364K(9728K), 0.0008580 secs] [Times: user=0.00 sys=0.00, real=0.00 secs] 
2.429: [GC (Allocation Failure) [PSYoungGen: 797K->404K(1536K)] 4875K->4490K(9728K), 0.0007863 secs] [Times: user=0.00 sys=0.00, real=0.00 secs] 
2.430: [GC (Allocation Failure) [PSYoungGen: 1170K->404K(1536K)] 6002K->5616K(9728K), 0.0008041 secs] [Times: user=0.01 sys=0.00, real=0.00 secs] 
2.431: [GC (Allocation Failure) [PSYoungGen: 1171K->405K(1536K)] 7129K->6743K(9728K), 0.0008189 secs] [Times: user=0.00 sys=0.00, real=0.00 secs] 
2.432: [GC (Allocation Failure) [PSYoungGen: 1171K->405K(1536K)] 8257K->7871K(9728K), 0.0008043 secs] [Times: user=0.00 sys=0.00, real=0.01 secs] 
2.433: [Full GC (Ergonomics) [PSYoungGen: 405K->0K(1536K)] [ParOldGen: 7466K->2216K(8192K)] 7871K->2216K(9728K), [Metaspace: 3328K->3328K(1056768K)], 0.0025914 secs] [Times: user=0.01 sys=0.00, real=0.00 secs] 
2.436: [GC (Allocation Failure) [PSYoungGen: 767K->405K(1536K)] 3730K->3368K(9728K), 0.0007934 secs] [Times: user=0.00 sys=0.00, real=0.00 secs] 
2.437: [GC (Allocation Failure) [PSYoungGen: 1172K->405K(1536K)] 4882K->4496K(9728K), 0.0008270 secs] [Times: user=0.00 sys=0.00, real=0.00 secs] 
2.438: [GC (Allocation Failure) [PSYoungGen: 1173K->405K(1536K)] 6012K->5625K(9728K), 0.0008258 secs] [Times: user=0.00 sys=0.00, real=0.00 secs] 
2.439: [GC (Allocation Failure) [PSYoungGen: 1173K->405K(1536K)] 7141K->6755K(9728K), 0.0008230 secs] [Times: user=0.00 sys=0.00, real=0.00 secs] 
2.440: [GC (Allocation Failure) [PSYoungGen: 1174K->405K(1536K)] 8271K->7885K(9728K), 0.0008140 secs] [Times: user=0.01 sys=0.00, real=0.00 secs] 
2.441: [Full GC (Ergonomics) [PSYoungGen: 405K->0K(1536K)] [ParOldGen: 7479K->2218K(8192K)] 7885K->2218K(9728K), [Metaspace: 3328K->3328K(1056768K)], 0.0022528 secs] [Times: user=0.00 sys=0.00, real=0.01 secs] 
2.443: [GC (Allocation Failure) [PSYoungGen: 768K->406K(1536K)] 3735K->3373K(9728K), 0.0008548 secs] [Times: user=0.00 sys=0.00, real=0.00 secs] 
2.444: [GC (Allocation Failure) [PSYoungGen: 1175K->406K(1536K)] 4890K->4504K(9728K), 0.0008349 secs] [Times: user=0.01 sys=0.00, real=0.00 secs] 
2.445: [GC (Allocation Failure) [PSYoungGen: 1175K->406K(1536K)] 6022K->5635K(9728K), 0.0008022 secs] [Times: user=0.00 sys=0.00, real=0.00 secs] 
2.446: [GC (Allocation Failure) [PSYoungGen: 1176K->406K(1536K)] 7154K->6767K(9728K), 0.0008146 secs] [Times: user=0.00 sys=0.00, real=0.00 secs] 
2.447: [GC (Allocation Failure) [PSYoungGen: 1176K->406K(1536K)] 8287K->7899K(9728K), 0.0008424 secs] [Times: user=0.00 sys=0.00, real=0.00 secs] 
2.448: [Full GC (Ergonomics) [PSYoungGen: 406K->0K(1536K)] [ParOldGen: 7493K->2221K(8192K)] 7899K->2221K(9728K), [Metaspace: 3328K->3328K(1056768K)], 0.0025523 secs] [Times: user=0.01 sys=0.00, real=0.00 secs] 
2.451: [GC (Allocation Failure) [PSYoungGen: 770K->406K(1536K)] 3741K->3378K(9728K), 0.0007948 secs] [Times: user=0.00 sys=0.00, real=0.00 secs] 
2.452: [GC (Allocation Failure) [PSYoungGen: 1177K->407K(1536K)] 4898K->4511K(9728K), 0.0008109 secs] [Times: user=0.00 sys=0.00, real=0.01 secs] 
2.453: [GC (Allocation Failure) [PSYoungGen: 1178K->407K(1536K)] 6032K->5645K(9728K), 0.0008302 secs] [Times: user=0.00 sys=0.00, real=0.00 secs] 
2.454: [GC (Allocation Failure) [PSYoungGen: 1178K->407K(1536K)] 7167K->6779K(9728K), 0.0008036 secs] [Times: user=0.01 sys=0.00, real=0.00 secs] 
2.455: [GC (Allocation Failure) [PSYoungGen: 1179K->407K(1536K)] 8302K->7914K(9728K), 0.0008101 secs] [Times: user=0.00 sys=0.00, real=0.00 secs] 
2.456: [Full GC (Ergonomics) [PSYoungGen: 407K->0K(1536K)] [ParOldGen: 7506K->2223K(8192K)] 7914K->2223K(9728K), [Metaspace: 3328K->3328K(1056768K)], 0.0021851 secs] [Times: user=0.00 sys=0.00, real=0.00 secs] 
2.458: [GC (Allocation Failure) [PSYoungGen: 772K->407K(1536K)] 3747K->3382K(9728K), 0.0008023 secs] [Times: user=0.01 sys=0.00, real=0.00 secs] 
2.459: [GC (Allocation Failure) [PSYoungGen: 1180K->407K(1536K)] 4906K->4518K(9728K), 0.0008301 secs] [Times: user=0.00 sys=0.00, real=0.00 secs] 
2.461: [GC (Allocation Failure) [PSYoungGen: 1180K->408K(1536K)] 6043K->5654K(9728K), 0.0008327 secs] [Times: user=0.00 sys=0.00, real=0.00 secs] 
2.462: [GC (Allocation Failure) [PSYoungGen: 1181K->408K(1536K)] 7180K->6791K(9728K), 0.0008400 secs] [Times: user=0.00 sys=0.00, real=0.00 secs] 
2.463: [GC (Allocation Failure) [PSYoungGen: 1181K->408K(1536K)] 8317K->7928K(9728K), 0.0008340 secs] [Times: user=0.00 sys=0.00, real=0.01 secs] 
2.464: [Full GC (Ergonomics) [PSYoungGen: 408K->0K(1536K)] [ParOldGen: 7520K->2225K(8192K)] 7928K->2225K(9728K), [Metaspace: 3328K->3328K(1056768K)], 0.0031773 secs] [Times: user=0.01 sys=0.00, real=0.00 secs] 
2.467: [GC (Allocation Failure) [PSYoungGen: 773K->408K(1536K)] 3752K->3387K(9728K), 0.0008025 secs] [Times: user=0.00 sys=0.00, real=0.00 secs] 
2.468: [GC (Allocation Failure) [PSYoungGen: 1182K->408K(1536K)] 4914K->4525K(9728K), 0.0007983 secs] [Times: user=0.01 sys=0.00, real=0.00 secs] 
2.469: [GC (Allocation Failure) [PSYoungGen: 1182K->408K(1536K)] 6053K->5664K(9728K), 0.0007890 secs] [Times: user=0.00 sys=0.00, real=0.00 secs] 
2.470: [GC (Allocation Failure) [PSYoungGen: 1183K->409K(1536K)] 7193K->6803K(9728K), 0.0008225 secs] [Times: user=0.00 sys=0.00, real=0.00 secs] 
2.471: [GC (Allocation Failure) [PSYoungGen: 1183K->409K(1536K)] 8332K->7943K(9728K), 0.0008458 secs] [Times: user=0.00 sys=0.00, real=0.00 secs] 
2.472: [Full GC (Ergonomics) [PSYoungGen: 409K->0K(1536K)] [ParOldGen: 7533K->2228K(8192K)] 7943K->2228K(9728K), [Metaspace: 3328K->3328K(1056768K)], 0.0022201 secs] [Times: user=0.01 sys=0.00, real=0.01 secs] 
2.474: [GC (Allocation Failure) [PSYoungGen: 775K->409K(1536K)] 3758K->3392K(9728K), 0.0008230 secs] [Times: user=0.00 sys=0.00, real=0.00 secs] 
2.475: [GC (Allocation Failure) [PSYoungGen: 1184K->409K(1536K)] 4922K->4532K(9728K), 0.0008059 secs] [Times: user=0.00 sys=0.00, real=0.00 secs] 
2.476: [GC (Allocation Failure) [PSYoungGen: 1185K->409K(1536K)] 6064K->5674K(9728K), 0.0003447 secs] [Times: user=0.00 sys=0.00, real=0.00 secs] 
2.477: [GC (Allocation Failure) [PSYoungGen: 1185K->409K(1536K)] 7205K->6815K(9728K), 0.0008153 secs] [Times: user=0.00 sys=0.00, real=0.00 secs] 
2.478: [GC (Allocation Failure) [PSYoungGen: 1186K->410K(1536K)] 8347K->7957K(9728K), 0.0008072 secs] [Times: user=0.01 sys=0.00, real=0.00 secs] 
2.479: [Full GC (Ergonomics) [PSYoungGen: 410K->0K(1536K)] [ParOldGen: 7547K->2230K(8192K)] 7957K->2230K(9728K), [Metaspace: 3328K->3328K(1056768K)], 0.0025631 secs] [Times: user=0.00 sys=0.00, real=0.00 secs] 
2.482: [GC (Allocation Failure) [PSYoungGen: 776K->410K(1536K)] 3763K->3397K(9728K), 0.0007925 secs] [Times: user=0.00 sys=0.00, real=0.00 secs] 
2.483: [GC (Allocation Failure) [PSYoungGen: 1187K->410K(1536K)] 4931K->4540K(9728K), 0.0008027 secs] [Times: user=0.01 sys=0.00, real=0.01 secs] 
2.484: [GC (Allocation Failure) [PSYoungGen: 1187K->410K(1536K)] 6074K->5683K(9728K), 0.0007964 secs] [Times: user=0.00 sys=0.00, real=0.00 secs] 
2.485: [GC (Allocation Failure) [PSYoungGen: 1188K->410K(1536K)] 7218K->6827K(9728K), 0.0008067 secs] [Times: user=0.00 sys=0.00, real=0.00 secs] 
2.486: [GC (Allocation Failure) [PSYoungGen: 1188K->410K(1536K)] 8363K->7971K(9728K), 0.0008465 secs] [Times: user=0.00 sys=0.00, real=0.00 secs] 
2.487: [Full GC (Ergonomics) [PSYoungGen: 410K->0K(1536K)] [ParOldGen: 7561K->2233K(8192K)] 7971K->2233K(9728K), [Metaspace: 3328K->3328K(1056768K)], 0.0030868 secs] [Times: user=0.01 sys=0.00, real=0.00 secs] 
2.490: [GC (Allocation Failure) [PSYoungGen: 778K->410K(1536K)] 3769K->3402K(9728K), 0.0006630 secs] [Times: user=0.00 sys=0.00, real=0.00 secs] 
2.491: [GC (Allocation Failure) [PSYoungGen: 1189K->411K(1536K)] 4939K->4547K(9728K), 0.0006500 secs] [Times: user=0.00 sys=0.01, real=0.00 secs] 
2.492: [GC (Allocation Failure) [PSYoungGen: 1190K->411K(1536K)] 6085K->5693K(9728K), 0.0010260 secs] [Times: user=0.00 sys=0.00, real=0.01 secs] 
2.494: [GC (Allocation Failure) [PSYoungGen: 1190K->411K(1536K)] 7231K->6839K(9728K), 0.0004208 secs] [Times: user=0.00 sys=0.00, real=0.00 secs] 
2.494: [GC (Allocation Failure) [PSYoungGen: 1191K->411K(1536K)] 8378K->7986K(9728K), 0.0003762 secs] [Times: user=0.01 sys=0.00, real=0.00 secs] 
2.495: [Full GC (Ergonomics) [PSYoungGen: 411K->0K(1536K)] [ParOldGen: 7574K->2235K(8192K)] 7986K->2235K(9728K), [Metaspace: 3328K->3328K(1056768K)], 0.0023213 secs] [Times: user=0.00 sys=0.00, real=0.00 secs] 
2.497: [GC (Allocation Failure) [PSYoungGen: 780K->411K(1536K)] 3775K->3406K(9728K), 0.0007906 secs] [Times: user=0.00 sys=0.00, real=0.00 secs] 
2.498: [GC (Allocation Failure) [PSYoungGen: 1192K->411K(1536K)] 4947K->4554K(9728K), 0.0007953 secs] [Times: user=0.00 sys=0.00, real=0.00 secs] 
2.499: [GC (Allocation Failure) [PSYoungGen: 1192K->412K(1536K)] 6095K->5702K(9728K), 0.0008075 secs] [Times: user=0.00 sys=0.00, real=0.00 secs] 
2.500: [GC (Allocation Failure) [PSYoungGen: 1193K->412K(1536K)] 7244K->6851K(9728K), 0.0007898 secs] [Times: user=0.00 sys=0.00, real=0.00 secs] 
2.501: [GC (Allocation Failure) [PSYoungGen: 1193K->412K(1536K)] 8393K->8000K(9728K), 0.0008525 secs] [Times: user=0.00 sys=0.00, real=0.00 secs] 
2.502: [Full GC (Ergonomics) [PSYoungGen: 412K->0K(1536K)] [ParOldGen: 7588K->2237K(8192K)] 8000K->2237K(9728K), [Metaspace: 3328K->3328K(1056768K)], 0.0029060 secs] [Times: user=0.01 sys=0.00, real=0.01 secs] 
2.506: [GC (Allocation Failure) [PSYoungGen: 781K->412K(1536K)] 3780K->3411K(9728K), 0.0008021 secs] [Times: user=0.00 sys=0.00, real=0.00 secs] 
2.507: [GC (Allocation Failure) [PSYoungGen: 1194K->412K(1536K)] 4955K->4561K(9728K), 0.0008571 secs] [Times: user=0.00 sys=0.00, real=0.00 secs] 
2.508: [GC (Allocation Failure) [PSYoungGen: 1194K->412K(1536K)] 6105K->5712K(9728K), 0.0008436 secs] [Times: user=0.00 sys=0.00, real=0.00 secs] 
2.509: [GC (Allocation Failure) [PSYoungGen: 1195K->413K(1536K)] 7257K->6863K(9728K), 0.0008399 secs] [Times: user=0.01 sys=0.00, real=0.00 secs] 
2.510: [GC (Allocation Failure) [PSYoungGen: 1195K->413K(1536K)] 8408K->8015K(9728K), 0.0008018 secs] [Times: user=0.00 sys=0.00, real=0.00 secs] 
2.511: [Full GC (Ergonomics) [PSYoungGen: 413K->0K(1536K)] [ParOldGen: 7601K->2240K(8192K)] 8015K->2240K(9728K), [Metaspace: 3328K->3328K(1056768K)], 0.0021686 secs] [Times: user=0.00 sys=0.00, real=0.01 secs] 
2.513: [GC (Allocation Failure) [PSYoungGen: 783K->413K(1536K)] 3786K->3416K(9728K), 0.0007831 secs] [Times: user=0.01 sys=0.00, real=0.00 secs] 
2.514: [GC (Allocation Failure) [PSYoungGen: 1196K->413K(1536K)] 4963K->4569K(9728K), 0.0007932 secs] [Times: user=0.00 sys=0.00, real=0.00 secs] 
2.515: [GC (Allocation Failure) [PSYoungGen: 1197K->413K(1536K)] 6116K->5722K(9728K), 0.0008032 secs] [Times: user=0.00 sys=0.00, real=0.00 secs] 
2.516: [GC (Allocation Failure) [PSYoungGen: 1197K->413K(1536K)] 7269K->6875K(9728K), 0.0007955 secs] [Times: user=0.00 sys=0.00, real=0.00 secs] 
2.517: [GC (Allocation Failure) [PSYoungGen: 1198K->414K(1536K)] 8424K->8029K(9728K), 0.0008159 secs] [Times: user=0.00 sys=0.00, real=0.00 secs] 
2.518: [Full GC (Ergonomics) [PSYoungGen: 414K->0K(1536K)] [ParOldGen: 7615K->2242K(8192K)] 8029K->2242K(9728K), [Metaspace: 3328K->3328K(1056768K)], 0.0023449 secs] [Times: user=0.01 sys=0.00, real=0.00 secs] 
2.520: [GC (Allocation Failure) [PSYoungGen: 784K->414K(1536K)] 3791K->3421K(9728K), 0.0007767 secs] [Times: user=0.00 sys=0.00, real=0.00 secs] 
2.521: [GC (Allocation Failure) [PSYoungGen: 1199K->414K(1536K)] 4971K->4576K(9728K), 0.0007905 secs] [Times: user=0.00 sys=0.00, real=0.00 secs] 
2.522: [GC (Allocation Failure) [PSYoungGen: 1199K->414K(1536K)] 6126K->5731K(9728K), 0.0008124 secs] [Times: user=0.01 sys=0.00, real=0.01 secs] 
2.523: [GC (Allocation Failure) [PSYoungGen: 1200K->414K(1536K)] 7282K->6887K(9728K), 0.0008103 secs] [Times: user=0.00 sys=0.00, real=0.00 secs] 
2.524: [GC (Allocation Failure) [PSYoungGen: 1200K->414K(1536K)] 8439K->8043K(9728K), 0.0004937 secs] [Times: user=0.00 sys=0.00, real=0.00 secs] 
2.525: [Full GC (Ergonomics) [PSYoungGen: 414K->0K(1536K)] [ParOldGen: 7629K->2245K(8192K)] 8043K->2245K(9728K), [Metaspace: 3328K->3328K(1056768K)], 0.0022021 secs] [Times: user=0.00 sys=0.00, real=0.00 secs] 
2.527: [GC (Allocation Failure) [PSYoungGen: 786K->414K(1536K)] 3797K->3426K(9728K), 0.0007785 secs] [Times: user=0.01 sys=0.00, real=0.00 secs] 
2.528: [GC (Allocation Failure) [PSYoungGen: 1201K->415K(1536K)] 4979K->4583K(9728K), 0.0008140 secs] [Times: user=0.00 sys=0.00, real=0.00 secs] 
2.529: [GC (Allocation Failure) [PSYoungGen: 1202K->415K(1536K)] 6137K->5741K(9728K), 0.0008375 secs] [Times: user=0.00 sys=0.00, real=0.00 secs] 
2.530: [GC (Allocation Failure) [PSYoungGen: 1202K->415K(1536K)] 7295K->6899K(9728K), 0.0008606 secs] [Times: user=0.00 sys=0.00, real=0.00 secs] 
2.532: [GC (Allocation Failure) [PSYoungGen: 1203K->415K(1536K)] 8454K->8058K(9728K), 0.0003696 secs] [Times: user=0.00 sys=0.00, real=0.00 secs] 
2.532: [Full GC (Ergonomics) [PSYoungGen: 415K->0K(1536K)] [ParOldGen: 7642K->2247K(8192K)] 8058K->2247K(9728K), [Metaspace: 3328K->3328K(1056768K)], 0.0025551 secs] [Times: user=0.01 sys=0.00, real=0.01 secs] 
2.535: [GC (Allocation Failure) [PSYoungGen: 788K->415K(1536K)] 3803K->3430K(9728K), 0.0007982 secs] [Times: user=0.00 sys=0.00, real=0.00 secs] 
2.536: [GC (Allocation Failure) [PSYoungGen: 1204K->415K(1536K)] 4987K->4590K(9728K), 0.0008282 secs] [Times: user=0.00 sys=0.00, real=0.00 secs] 
2.537: [GC (Allocation Failure) [PSYoungGen: 1204K->416K(1536K)] 6147K->5750K(9728K), 0.0007939 secs] [Times: user=0.01 sys=0.00, real=0.00 secs] 
2.538: [GC (Allocation Failure) [PSYoungGen: 1205K->416K(1536K)] 7308K->6911K(9728K), 0.0008007 secs] [Times: user=0.00 sys=0.00, real=0.00 secs] 
2.539: [GC (Allocation Failure) [PSYoungGen: 1205K->416K(1536K)] 8469K->8072K(9728K), 0.0008403 secs] [Times: user=0.00 sys=0.00, real=0.00 secs] 
2.540: [Full GC (Ergonomics) [PSYoungGen: 416K->0K(1536K)] [ParOldGen: 7656K->2250K(8192K)] 8072K->2250K(9728K), [Metaspace: 3328K->3328K(1056768K)], 0.0021918 secs] [Times: user=0.00 sys=0.00, real=0.00 secs] 
2.542: [GC (Allocation Failure) [PSYoungGen: 789K->416K(1536K)] 3808K->3435K(9728K), 0.0007944 secs] [Times: user=0.01 sys=0.00, real=0.01 secs] 
2.543: [GC (Allocation Failure) [PSYoungGen: 1206K->416K(1536K)] 4995K->4597K(9728K), 0.0007947 secs] [Times: user=0.00 sys=0.00, real=0.00 secs] 
2.544: [GC (Allocation Failure) [PSYoungGen: 1206K->416K(1536K)] 6157K->5760K(9728K), 0.0008018 secs] [Times: user=0.00 sys=0.00, real=0.00 secs] 
2.545: [GC (Allocation Failure) [PSYoungGen: 1207K->417K(1536K)] 7321K->6923K(9728K), 0.0008299 secs] [Times: user=0.00 sys=0.00, real=0.00 secs] 
2.546: [GC (Allocation Failure) [PSYoungGen: 1207K->417K(1536K)] 8484K->8087K(9728K), 0.0008506 secs] [Times: user=0.00 sys=0.00, real=0.00 secs] 
2.547: [Full GC (Ergonomics) [PSYoungGen: 417K->0K(1536K)] [ParOldGen: 7670K->2252K(8192K)] 8087K->2252K(9728K), [Metaspace: 3328K->3328K(1056768K)], 0.0025371 secs] [Times: user=0.00 sys=0.00, real=0.00 secs] 
2.550: [GC (Allocation Failure) [PSYoungGen: 791K->417K(1536K)] 3814K->3440K(9728K), 0.0002899 secs] [Times: user=0.00 sys=0.00, real=0.00 secs] 
2.550: [GC (Allocation Failure) [PSYoungGen: 1208K->417K(1536K)] 5003K->4605K(9728K), 0.0008268 secs] [Times: user=0.00 sys=0.00, real=0.00 secs] 
2.551: [GC (Allocation Failure) [PSYoungGen: 1209K->417K(1536K)] 6168K->5770K(9728K), 0.0007890 secs] [Times: user=0.01 sys=0.00, real=0.00 secs] 
2.552: [GC (Allocation Failure) [PSYoungGen: 1209K->417K(1536K)] 7333K->6935K(9728K), 0.0008331 secs] [Times: user=0.00 sys=0.00, real=0.01 secs] 
2.553: [GC (Allocation Failure) [PSYoungGen: 1210K->418K(1536K)] 8500K->8101K(9728K), 0.0008110 secs] [Times: user=0.00 sys=0.00, real=0.00 secs] 
2.554: [Full GC (Ergonomics) [PSYoungGen: 418K->0K(1536K)] [ParOldGen: 7683K->2254K(8192K)] 8101K->2254K(9728K), [Metaspace: 3328K->3328K(1056768K)], 0.0020802 secs] [Times: user=0.00 sys=0.00, real=0.00 secs] 
2.556: [GC (Allocation Failure) [PSYoungGen: 792K->418K(1536K)] 3819K->3445K(9728K), 0.0007792 secs] [Times: user=0.01 sys=0.00, real=0.00 secs] 
2.557: [GC (Allocation Failure) [PSYoungGen: 1211K->418K(1536K)] 5011K->4612K(9728K), 0.0007848 secs] [Times: user=0.00 sys=0.00, real=0.00 secs] 
2.558: [GC (Allocation Failure) [PSYoungGen: 1211K->418K(1536K)] 6178K->5779K(9728K), 0.0007942 secs] [Times: user=0.00 sys=0.00, real=0.00 secs] 
2.559: [GC (Allocation Failure) [PSYoungGen: 1212K->418K(1536K)] 7346K->6947K(9728K), 0.0007900 secs] [Times: user=0.00 sys=0.00, real=0.00 secs] 
2.560: [GC (Allocation Failure) [PSYoungGen: 1212K->418K(1536K)] 8515K->8116K(9728K), 0.0008094 secs] [Times: user=0.00 sys=0.00, real=0.00 secs] 
2.561: [Full GC (Ergonomics) [PSYoungGen: 418K->0K(1536K)] [ParOldGen: 7697K->2257K(8192K)] 8116K->2257K(9728K), [Metaspace: 3328K->3328K(1056768K)], 0.0020927 secs] [Times: user=0.01 sys=0.00, real=0.01 secs] 
2.563: [GC (Allocation Failure) [PSYoungGen: 794K->418K(1536K)] 3825K->3450K(9728K), 0.0007814 secs] [Times: user=0.00 sys=0.00, real=0.00 secs] 
2.564: [GC (Allocation Failure) [PSYoungGen: 1213K->419K(1536K)] 5019K->4619K(9728K), 0.0007879 secs] [Times: user=0.00 sys=0.00, real=0.00 secs] 
2.565: [GC (Allocation Failure) [PSYoungGen: 1214K->419K(1536K)] 6189K->5789K(9728K), 0.0008222 secs] [Times: user=0.01 sys=0.00, real=0.00 secs] 
2.566: [GC (Allocation Failure) [PSYoungGen: 1214K->419K(1536K)] 7359K->6959K(9728K), 0.0008030 secs] [Times: user=0.00 sys=0.01, real=0.00 secs] 
2.567: [GC (Allocation Failure) [PSYoungGen: 1215K->419K(1536K)] 8530K->8130K(9728K), 0.0008353 secs] [Times: user=0.00 sys=0.00, real=0.00 secs] 
2.568: [Full GC (Ergonomics) [PSYoungGen: 419K->0K(1536K)] [ParOldGen: 7710K->2259K(8192K)] 8130K->2259K(9728K), [Metaspace: 3328K->3328K(1056768K)], 0.0025118 secs] [Times: user=0.01 sys=0.00, real=0.00 secs] 
2.571: [GC (Allocation Failure) [PSYoungGen: 796K->419K(1536K)] 3831K->3454K(9728K), 0.0007956 secs] [Times: user=0.00 sys=0.00, real=0.00 secs] 
2.572: [GC (Allocation Failure) [PSYoungGen: 1216K->419K(1536K)] 5027K->4626K(9728K), 0.0008183 secs] [Times: user=0.00 sys=0.00, real=0.01 secs] 
2.573: [GC (Allocation Failure) [PSYoungGen: 1216K->420K(1536K)] 6199K->5798K(9728K), 0.0008025 secs] [Times: user=0.00 sys=0.00, real=0.00 secs] 
2.574: [GC (Allocation Failure) [PSYoungGen: 1217K->420K(1536K)] 7372K->6971K(9728K), 0.0008164 secs] [Times: user=0.00 sys=0.00, real=0.00 secs] 
2.575: [GC (Allocation Failure) [PSYoungGen: 1217K->420K(1536K)] 8545K->8144K(9728K), 0.0008231 secs] [Times: user=0.01 sys=0.00, real=0.00 secs] 
2.576: [Full GC (Ergonomics) [PSYoungGen: 420K->0K(1536K)] [ParOldGen: 7724K->2262K(8192K)] 8144K->2262K(9728K), [Metaspace: 3328K->3328K(1056768K)], 0.0022191 secs] [Times: user=0.00 sys=0.00, real=0.00 secs] 
2.578: [GC (Allocation Failure) [PSYoungGen: 797K->420K(1536K)] 3836K->3459K(9728K), 0.0007965 secs] [Times: user=0.00 sys=0.00, real=0.00 secs] 
2.579: [GC (Allocation Failure) [PSYoungGen: 1218K->420K(1536K)] 5035K->4633K(9728K), 0.0007870 secs] [Times: user=0.01 sys=0.00, real=0.00 secs] 
2.580: [GC (Allocation Failure) [PSYoungGen: 1219K->420K(1536K)] 6209K->5808K(9728K), 0.0007967 secs] [Times: user=0.00 sys=0.00, real=0.00 secs] 
2.581: [GC (Allocation Failure) [PSYoungGen: 1219K->421K(1536K)] 7385K->6983K(9728K), 0.0004658 secs] [Times: user=0.00 sys=0.00, real=0.00 secs] 
2.582: [GC (Allocation Failure) [PSYoungGen: 1219K->421K(1536K)] 8560K->8159K(9728K), 0.0003010 secs] [Times: user=0.00 sys=0.00, real=0.00 secs] 
2.582: [Full GC (Ergonomics) [PSYoungGen: 421K->0K(1536K)] [ParOldGen: 7738K->2264K(8192K)] 8159K->2264K(9728K), [Metaspace: 3328K->3328K(1056768K)], 0.0031423 secs] [Times: user=0.01 sys=0.00, real=0.01 secs] 
2.586: [GC (Allocation Failure) [PSYoungGen: 799K->421K(1536K)] 3842K->3464K(9728K), 0.0007980 secs] [Times: user=0.00 sys=0.00, real=0.00 secs] 
2.587: [GC (Allocation Failure) [PSYoungGen: 1220K->421K(1536K)] 5043K->4641K(9728K), 0.0008170 secs] [Times: user=0.00 sys=0.00, real=0.00 secs] 
2.588: [GC (Allocation Failure) [PSYoungGen: 1221K->421K(1536K)] 6220K->5818K(9728K), 0.0008349 secs] [Times: user=0.00 sys=0.00, real=0.00 secs] 
2.589: [GC (Allocation Failure) [PSYoungGen: 1221K->421K(1536K)] 7398K->6995K(9728K), 0.0008378 secs] [Times: user=0.00 sys=0.00, real=0.00 secs] 
2.590: [GC (Allocation Failure) [PSYoungGen: 1222K->422K(1536K)] 8576K->8173K(9728K), 0.0008110 secs] [Times: user=0.01 sys=0.00, real=0.00 secs] 
2.591: [Full GC (Ergonomics) [PSYoungGen: 422K->0K(1536K)] [ParOldGen: 7751K->2266K(8192K)] 8173K->2266K(9728K), [Metaspace: 3328K->3328K(1056768K)], 0.0026058 secs] [Times: user=0.00 sys=0.00, real=0.01 secs] 
2.594: [GC (Allocation Failure) [PSYoungGen: 800K->422K(1536K)] 3847K->3469K(9728K), 0.0007911 secs] [Times: user=0.00 sys=0.00, real=0.00 secs] 
2.595: [GC (Allocation Failure) [PSYoungGen: 1223K->422K(1536K)] 5051K->4648K(9728K), 0.0007992 secs] [Times: user=0.01 sys=0.00, real=0.00 secs] 
2.596: [GC (Allocation Failure) [PSYoungGen: 1223K->422K(1536K)] 6230K->5827K(9728K), 0.0008130 secs] [Times: user=0.00 sys=0.00, real=0.00 secs] 
2.597: [GC (Allocation Failure) [PSYoungGen: 1224K->422K(1536K)] 7410K->7007K(9728K), 0.0007876 secs] [Times: user=0.00 sys=0.00, real=0.00 secs] 
2.598: [GC (Allocation Failure) [PSYoungGen: 1224K->422K(1536K)] 8591K->8188K(9728K), 0.0008089 secs] [Times: user=0.00 sys=0.00, real=0.00 secs] 
2.598: [Full GC (Ergonomics) [PSYoungGen: 422K->0K(1536K)] [ParOldGen: 7765K->2269K(8192K)] 8188K->2269K(9728K), [Metaspace: 3328K->3328K(1056768K)], 0.0023479 secs] [Times: user=0.01 sys=0.00, real=0.00 secs] 
2.601: [GC (Allocation Failure) [PSYoungGen: 802K->422K(1536K)] 3853K->3474K(9728K), 0.0007876 secs] [Times: user=0.00 sys=0.00, real=0.00 secs] 
2.602: [GC (Allocation Failure) [PSYoungGen: 1225K->423K(1536K)] 5059K->4655K(9728K), 0.0008480 secs] [Times: user=0.00 sys=0.00, real=0.01 secs] 
2.603: [GC (Allocation Failure) [PSYoungGen: 1226K->423K(1536K)] 6241K->5837K(9728K), 0.0006496 secs] [Times: user=0.00 sys=0.00, real=0.00 secs] 
2.604: [GC (Allocation Failure) [PSYoungGen: 1226K->423K(1536K)] 7423K->7019K(9728K), 0.0008042 secs] [Times: user=0.01 sys=0.00, real=0.00 secs] 
2.605: [GC (Allocation Failure) [PSYoungGen: 1227K->423K(1536K)] 8606K->8202K(9728K), 0.0008504 secs] [Times: user=0.00 sys=0.00, real=0.00 secs] 
2.606: [Full GC (Ergonomics) [PSYoungGen: 423K->0K(1536K)] [ParOldGen: 7778K->2271K(8192K)] 8202K->2271K(9728K), [Metaspace: 3328K->3328K(1056768K)], 0.0025637 secs] [Times: user=0.00 sys=0.00, real=0.00 secs] 
2.609: [GC (Allocation Failure) [PSYoungGen: 804K->423K(1536K)] 3859K->3478K(9728K), 0.0002945 secs] [Times: user=0.00 sys=0.00, real=0.00 secs] 
2.609: [GC (Allocation Failure) [PSYoungGen: 1228K->423K(1536K)] 5067K->4662K(9728K), 0.0007924 secs] [Times: user=0.01 sys=0.00, real=0.00 secs] 
2.610: [GC (Allocation Failure) [PSYoungGen: 1228K->424K(1536K)] 6251K->5846K(9728K), 0.0008366 secs] [Times: user=0.00 sys=0.00, real=0.00 secs] 
2.611: [GC (Allocation Failure) [PSYoungGen: 1229K->424K(1536K)] 7436K->7031K(9728K), 0.0008020 secs] [Times: user=0.00 sys=0.00, real=0.00 secs] 
2.612: [GC (Allocation Failure) [PSYoungGen: 1229K->424K(1536K)] 8621K->8216K(9728K), 0.0008090 secs] [Times: user=0.00 sys=0.00, real=0.01 secs] 
2.613: [Full GC (Ergonomics) [PSYoungGen: 424K->0K(1536K)] [ParOldGen: 7792K->2274K(8192K)] 8216K->2274K(9728K), [Metaspace: 3328K->3328K(1056768K)], 0.0023894 secs] [Times: user=0.01 sys=0.00, real=0.00 secs] 
2.616: [GC (Allocation Failure) [PSYoungGen: 805K->424K(1536K)] 3864K->3483K(9728K), 0.0007806 secs] [Times: user=0.00 sys=0.00, real=0.00 secs] 
2.617: [GC (Allocation Failure) [PSYoungGen: 1230K->424K(1536K)] 5075K->4669K(9728K), 0.0007923 secs] [Times: user=0.00 sys=0.00, real=0.00 secs] 
2.618: [GC (Allocation Failure) [PSYoungGen: 1231K->424K(1536K)] 6261K->5856K(9728K), 0.0003300 secs] [Times: user=0.00 sys=0.00, real=0.00 secs] 
2.618: [GC (Allocation Failure) [PSYoungGen: 1231K->425K(1536K)] 7449K->7043K(9728K), 0.0008264 secs] [Times: user=0.00 sys=0.00, real=0.00 secs] 
2.619: [GC (Allocation Failure) [PSYoungGen: 1231K->425K(1536K)] 8637K->8231K(9728K), 0.0008347 secs] [Times: user=0.00 sys=0.00, real=0.00 secs] 
2.620: [Full GC (Ergonomics) [PSYoungGen: 425K->0K(1536K)] [ParOldGen: 7806K->2276K(8192K)] 8231K->2276K(9728K), [Metaspace: 3328K->3328K(1056768K)], 0.0020298 secs] [Times: user=0.00 sys=0.00, real=0.00 secs] 
2.622: [GC (Allocation Failure) [PSYoungGen: 807K->425K(1536K)] 3870K->3488K(9728K), 0.0007798 secs] [Times: user=0.00 sys=0.00, real=0.01 secs] 
2.623: [GC (Allocation Failure) [PSYoungGen: 1232K->425K(1536K)] 5083K->4677K(9728K), 0.0008128 secs] [Times: user=0.01 sys=0.00, real=0.00 secs] 
2.624: [GC (Allocation Failure) [PSYoungGen: 1233K->425K(1536K)] 6272K->5866K(9728K), 0.0008488 secs] [Times: user=0.00 sys=0.00, real=0.00 secs] 
2.625: [GC (Allocation Failure) [PSYoungGen: 1233K->425K(1536K)] 7462K->7055K(9728K), 0.0007988 secs] [Times: user=0.00 sys=0.00, real=0.00 secs] 
2.626: [Full GC (Ergonomics) [PSYoungGen: 1234K->0K(1536K)] [ParOldGen: 7417K->2278K(8192K)] 8652K->2278K(9728K), [Metaspace: 3328K->3328K(1056768K)], 0.0021213 secs] [Times: user=0.01 sys=0.00, real=0.00 secs] 
2.629: [GC (Allocation Failure) [PSYoungGen: 808K->458K(1536K)] 3876K->3525K(9728K), 0.0002998 secs] [Times: user=0.00 sys=0.00, real=0.00 secs] 
2.629: [GC (Allocation Failure) [PSYoungGen: 1267K->426K(1536K)] 5123K->4692K(9728K), 0.0008175 secs] [Times: user=0.00 sys=0.00, real=0.00 secs] 
2.630: [GC (Allocation Failure) [PSYoungGen: 1235K->426K(1536K)] 6290K->5883K(9728K), 0.0004692 secs] [Times: user=0.00 sys=0.00, real=0.00 secs] 
2.631: [GC (Allocation Failure) [PSYoungGen: 1236K->426K(1536K)] 7482K->7075K(9728K), 0.0008277 secs] [Times: user=0.00 sys=0.00, real=0.00 secs] 
2.632: [Full GC (Ergonomics) [PSYoungGen: 1236K->0K(1536K)] [ParOldGen: 7438K->2281K(8192K)] 8675K->2281K(9728K), [Metaspace: 3328K->3328K(1056768K)], 0.0025372 secs] [Times: user=0.01 sys=0.00, real=0.01 secs] 
2.635: [GC (Allocation Failure) [PSYoungGen: 810K->426K(1536K)] 3881K->3498K(9728K), 0.0007900 secs] [Times: user=0.00 sys=0.00, real=0.00 secs] 
2.636: [GC (Allocation Failure) [PSYoungGen: 1237K->427K(1536K)] 5099K->4691K(9728K), 0.0007986 secs] [Times: user=0.00 sys=0.00, real=0.00 secs] 
2.637: [GC (Allocation Failure) [PSYoungGen: 1238K->427K(1536K)] 6293K->5885K(9728K), 0.0008263 secs] [Times: user=0.01 sys=0.00, real=0.00 secs] 
2.638: [GC (Allocation Failure) [PSYoungGen: 1238K->427K(1536K)] 7488K->7080K(9728K), 0.0007997 secs] [Times: user=0.00 sys=0.00, real=0.00 secs] 
2.639: [Full GC (Ergonomics) [PSYoungGen: 1239K->0K(1536K)] [ParOldGen: 7443K->2283K(8192K)] 8683K->2283K(9728K), [Metaspace: 3328K->3328K(1056768K)], 0.0020617 secs] [Times: user=0.00 sys=0.00, real=0.00 secs] 
2.641: [GC (Allocation Failure) [PSYoungGen: 812K->427K(1536K)] 3887K->3503K(9728K), 0.0008216 secs] [Times: user=0.00 sys=0.00, real=0.00 secs] 
2.642: [GC (Allocation Failure) [PSYoungGen: 1240K->427K(1536K)] 5107K->4699K(9728K), 0.0008090 secs] [Times: user=0.01 sys=0.00, real=0.01 secs] 
2.643: [GC (Allocation Failure) [PSYoungGen: 1240K->428K(1536K)] 6303K->5895K(9728K), 0.0008183 secs] [Times: user=0.00 sys=0.00, real=0.00 secs] 
2.644: [GC (Allocation Failure) [PSYoungGen: 1241K->428K(1536K)] 7500K->7092K(9728K), 0.0003044 secs] [Times: user=0.00 sys=0.00, real=0.00 secs] 
2.645: [Full GC (Ergonomics) [PSYoungGen: 1241K->0K(1536K)] [ParOldGen: 7456K->2286K(8192K)] 8698K->2286K(9728K), [Metaspace: 3328K->3328K(1056768K)], 0.0025235 secs] [Times: user=0.00 sys=0.00, real=0.00 secs] 
2.647: [GC (Allocation Failure) [PSYoungGen: 813K->428K(1536K)] 3893K->3508K(9728K), 0.0008007 secs] [Times: user=0.01 sys=0.00, real=0.00 secs] 
2.648: [GC (Allocation Failure) [PSYoungGen: 1242K->428K(1536K)] 5115K->4706K(9728K), 0.0008113 secs] [Times: user=0.00 sys=0.00, real=0.00 secs] 
2.649: [GC (Allocation Failure) [PSYoungGen: 1243K->428K(1536K)] 6314K->5904K(9728K), 0.0008150 secs] [Times: user=0.00 sys=0.00, real=0.00 secs] 
2.650: [GC (Allocation Failure) [PSYoungGen: 1243K->429K(1536K)] 7513K->7104K(9728K), 0.0008084 secs] [Times: user=0.00 sys=0.00, real=0.00 secs] 
2.651: [Full GC (Ergonomics) [PSYoungGen: 1243K->0K(1536K)] [ParOldGen: 7469K->2288K(8192K)] 8713K->2288K(9728K), [Metaspace: 3328K->3328K(1056768K)], 0.0021638 secs] [Times: user=0.01 sys=0.00, real=0.01 secs] 
2.654: [GC (Allocation Failure) [PSYoungGen: 815K->429K(1536K)] 3898K->3512K(9728K), 0.0007990 secs] [Times: user=0.00 sys=0.00, real=0.00 secs] 
2.655: [GC (Allocation Failure) [PSYoungGen: 1244K->429K(1536K)] 5123K->4713K(9728K), 0.0007949 secs] [Times: user=0.00 sys=0.00, real=0.00 secs] 
2.656: [GC (Allocation Failure) [PSYoungGen: 1245K->429K(1536K)] 6324K->5914K(9728K), 0.0008195 secs] [Times: user=0.00 sys=0.00, real=0.00 secs] 
2.657: [GC (Allocation Failure) [PSYoungGen: 1245K->429K(1536K)] 7526K->7116K(9728K), 0.0007907 secs] [Times: user=0.01 sys=0.00, real=0.00 secs] 
2.658: [Full GC (Ergonomics) [PSYoungGen: 1246K->0K(1536K)] [ParOldGen: 7482K->2291K(8192K)] 8728K->2291K(9728K), [Metaspace: 3328K->3328K(1056768K)], 0.0026106 secs] [Times: user=0.00 sys=0.00, real=0.00 secs] 
2.660: [GC (Allocation Failure) [PSYoungGen: 816K->430K(1536K)] 3904K->3517K(9728K), 0.0008515 secs] [Times: user=0.00 sys=0.00, real=0.00 secs] 
2.662: [GC (Allocation Failure) [PSYoungGen: 1247K->430K(1536K)] 5131K->4720K(9728K), 0.0007627 secs] [Times: user=0.01 sys=0.00, real=0.00 secs] 
2.663: [GC (Allocation Failure) [PSYoungGen: 1247K->430K(1536K)] 6335K->5924K(9728K), 0.0006464 secs] [Times: user=0.00 sys=0.00, real=0.00 secs] 
2.664: [GC (Allocation Failure) [PSYoungGen: 1248K->430K(1536K)] 7539K->7128K(9728K), 0.0005360 secs] [Times: user=0.00 sys=0.00, real=0.00 secs] 
2.665: [Full GC (Ergonomics) [PSYoungGen: 1248K->0K(1536K)] [ParOldGen: 7495K->2293K(8192K)] 8743K->2293K(9728K), [Metaspace: 3328K->3328K(1056768K)], 0.0039941 secs] [Times: user=0.01 sys=0.00, real=0.00 secs] 
2.670: [GC (Allocation Failure) [PSYoungGen: 818K->430K(1536K)] 3909K->3522K(9728K), 0.0009003 secs] [Times: user=0.00 sys=0.00, real=0.00 secs] 
2.671: [GC (Allocation Failure) [PSYoungGen: 1249K->431K(1536K)] 5139K->4727K(9728K), 0.0003269 secs] [Times: user=0.00 sys=0.00, real=0.00 secs] 
2.672: [GC (Allocation Failure) [PSYoungGen: 1250K->431K(1536K)] 6345K->5933K(9728K), 0.0003952 secs] [Times: user=0.00 sys=0.00, real=0.00 secs] 
2.672: [GC (Allocation Failure) [PSYoungGen: 1250K->431K(1536K)] 7552K->7140K(9728K), 0.0004093 secs] [Times: user=0.00 sys=0.00, real=0.00 secs] 
2.673: [Full GC (Ergonomics) [PSYoungGen: 1251K->0K(1536K)] [ParOldGen: 7507K->2295K(8192K)] 8759K->2295K(9728K), [Metaspace: 3328K->3328K(1056768K)], 0.0023042 secs] [Times: user=0.01 sys=0.00, real=0.00 secs] 
2.675: [GC (Allocation Failure) [PSYoungGen: 820K->431K(1536K)] 3915K->3527K(9728K), 0.0008108 secs] [Times: user=0.00 sys=0.00, real=0.00 secs] 
2.676: [GC (Allocation Failure) [PSYoungGen: 1252K->431K(1536K)] 5147K->4735K(9728K), 0.0007961 secs] [Times: user=0.00 sys=0.00, real=0.00 secs] 
2.677: [GC (Allocation Failure) [PSYoungGen: 1252K->432K(1536K)] 6355K->5943K(9728K), 0.0008030 secs] [Times: user=0.00 sys=0.00, real=0.00 secs] 
2.678: [GC (Allocation Failure) [PSYoungGen: 1253K->432K(1536K)] 7564K->7152K(9728K), 0.0008094 secs] [Times: user=0.01 sys=0.00, real=0.00 secs] 
2.679: [Full GC (Ergonomics) [PSYoungGen: 1253K->0K(1536K)] [ParOldGen: 7520K->2298K(8192K)] 8774K->2298K(9728K), [Metaspace: 3328K->3328K(1056768K)], 0.0020405 secs] [Times: user=0.00 sys=0.00, real=0.00 secs] 
2.682: [GC (Allocation Failure) [PSYoungGen: 821K->432K(1536K)] 3921K->3532K(9728K), 0.0007950 secs] [Times: user=0.00 sys=0.00, real=0.00 secs] 
2.683: [GC (Allocation Failure) [PSYoungGen: 1254K->432K(1536K)] 5155K->4742K(9728K), 0.0007934 secs] [Times: user=0.00 sys=0.00, real=0.01 secs] 
2.684: [GC (Allocation Failure) [PSYoungGen: 1255K->432K(1536K)] 6366K->5952K(9728K), 0.0008441 secs] [Times: user=0.01 sys=0.00, real=0.00 secs] 
2.685: [GC (Allocation Failure) [PSYoungGen: 1255K->433K(1536K)] 7577K->7164K(9728K), 0.0008058 secs] [Times: user=0.00 sys=0.00, real=0.00 secs] 
2.686: [Full GC (Ergonomics) [PSYoungGen: 1256K->0K(1536K)] [ParOldGen: 7533K->2300K(8192K)] 8789K->2300K(9728K), [Metaspace: 3328K->3328K(1056768K)], 0.0021980 secs] [Times: user=0.00 sys=0.00, real=0.00 secs] 
2.688: [GC (Allocation Failure) [PSYoungGen: 823K->433K(1536K)] 3926K->3536K(9728K), 0.0007880 secs] [Times: user=0.01 sys=0.00, real=0.00 secs] 
2.689: [GC (Allocation Failure) [PSYoungGen: 1256K->433K(1536K)] 5163K->4749K(9728K), 0.0008076 secs] [Times: user=0.00 sys=0.00, real=0.00 secs] 
2.690: [GC (Allocation Failure) [PSYoungGen: 1257K->433K(1536K)] 6376K->5962K(9728K), 0.0008208 secs] [Times: user=0.00 sys=0.00, real=0.00 secs] 
2.691: [GC (Allocation Failure) [PSYoungGen: 1257K->433K(1536K)] 7590K->7176K(9728K), 0.0008144 secs] [Times: user=0.00 sys=0.00, real=0.00 secs] 
2.692: [Full GC (Ergonomics) [PSYoungGen: 1258K->0K(1536K)] [ParOldGen: 7546K->2303K(8192K)] 8804K->2303K(9728K), [Metaspace: 3328K->3328K(1056768K)], 0.0020801 secs] [Times: user=0.01 sys=0.00, real=0.01 secs] 
2.694: [GC (Allocation Failure) [PSYoungGen: 824K->434K(1536K)] 3932K->3541K(9728K), 0.0008232 secs] [Times: user=0.00 sys=0.00, real=0.00 secs] 
2.695: [GC (Allocation Failure) [PSYoungGen: 1259K->434K(1536K)] 5171K->4756K(9728K), 0.0008477 secs] [Times: user=0.00 sys=0.00, real=0.00 secs] 
2.696: [GC (Allocation Failure) [PSYoungGen: 1259K->434K(1536K)] 6387K->5972K(9728K), 0.0007990 secs] [Times: user=0.00 sys=0.00, real=0.00 secs] 
2.697: [GC (Allocation Failure) [PSYoungGen: 1260K->434K(1536K)] 7603K->7188K(9728K), 0.0007916 secs] [Times: user=0.00 sys=0.00, real=0.00 secs] 
2.698: [Full GC (Ergonomics) [PSYoungGen: 1260K->0K(1536K)] [ParOldGen: 7559K->2305K(8192K)] 8819K->2305K(9728K), [Metaspace: 3328K->3328K(1056768K)], 0.0021976 secs] [Times: user=0.01 sys=0.00, real=0.00 secs] 
2.701: [GC (Allocation Failure) [PSYoungGen: 826K->434K(1536K)] 3937K->3546K(9728K), 0.0008035 secs] [Times: user=0.00 sys=0.00, real=0.00 secs] 
2.702: [GC (Allocation Failure) [PSYoungGen: 1261K->435K(1536K)] 5179K->4763K(9728K), 0.0003362 secs] [Times: user=0.00 sys=0.00, real=0.00 secs] 
2.702: [GC (Allocation Failure) [PSYoungGen: 1262K->435K(1536K)] 6397K->5981K(9728K), 0.0003929 secs] [Times: user=0.00 sys=0.00, real=0.01 secs] 
2.703: [GC (Allocation Failure) [PSYoungGen: 1262K->435K(1536K)] 7616K->7200K(9728K), 0.0003258 secs] [Times: user=0.00 sys=0.00, real=0.00 secs] 
2.704: [Full GC (Ergonomics) [PSYoungGen: 1263K->0K(1536K)] [ParOldGen: 7571K->2307K(8192K)] 8835K->2307K(9728K), [Metaspace: 3328K->3328K(1056768K)], 0.0025837 secs] [Times: user=0.01 sys=0.00, real=0.00 secs] 
2.706: [GC (Allocation Failure) [PSYoungGen: 828K->435K(1536K)] 3943K->3551K(9728K), 0.0007823 secs] [Times: user=0.00 sys=0.00, real=0.00 secs] 
2.707: [GC (Allocation Failure) [PSYoungGen: 1264K->435K(1536K)] 5187K->4771K(9728K), 0.0008273 secs] [Times: user=0.00 sys=0.00, real=0.00 secs] 
2.708: [GC (Allocation Failure) [PSYoungGen: 1264K->436K(1536K)] 6408K->5991K(9728K), 0.0008158 secs] [Times: user=0.01 sys=0.00, real=0.00 secs] 
2.709: [GC (Allocation Failure) [PSYoungGen: 1265K->436K(1536K)] 7628K->7212K(9728K), 0.0008197 secs] [Times: user=0.00 sys=0.00, real=0.00 secs] 
2.710: [Full GC (Ergonomics) [PSYoungGen: 1265K->0K(1536K)] [ParOldGen: 7584K->2310K(8192K)] 8850K->2310K(9728K), [Metaspace: 3328K->3328K(1056768K)], 0.0020934 secs] [Times: user=0.00 sys=0.00, real=0.00 secs] 
2.713: [GC (Allocation Failure) [PSYoungGen: 829K->436K(1536K)] 3949K->3556K(9728K), 0.0008044 secs] [Times: user=0.01 sys=0.00, real=0.01 secs] 
2.714: [GC (Allocation Failure) [PSYoungGen: 1266K->436K(1536K)] 5195K->4778K(9728K), 0.0007859 secs] [Times: user=0.00 sys=0.00, real=0.00 secs] 
2.715: [GC (Allocation Failure) [PSYoungGen: 1267K->436K(1536K)] 6418K->6001K(9728K), 0.0008004 secs] [Times: user=0.00 sys=0.00, real=0.00 secs] 
2.716: [GC (Allocation Failure) [PSYoungGen: 1267K->437K(1536K)] 7641K->7224K(9728K), 0.0008133 secs] [Times: user=0.00 sys=0.00, real=0.00 secs] 
2.717: [Full GC (Ergonomics) [PSYoungGen: 1268K->0K(1536K)] [ParOldGen: 7597K->2312K(8192K)] 8865K->2312K(9728K), [Metaspace: 3328K->3328K(1056768K)], 0.0022330 secs] [Times: user=0.01 sys=0.00, real=0.00 secs] 
2.719: [GC (Allocation Failure) [PSYoungGen: 831K->437K(1536K)] 3954K->3560K(9728K), 0.0008014 secs] [Times: user=0.00 sys=0.00, real=0.00 secs] 
2.720: [GC (Allocation Failure) [PSYoungGen: 1268K->437K(1536K)] 5203K->4785K(9728K), 0.0008235 secs] [Times: user=0.00 sys=0.01, real=0.00 secs] 
2.721: [GC (Allocation Failure) [PSYoungGen: 1269K->437K(1536K)] 6428K->6010K(9728K), 0.0008004 secs] [Times: user=0.00 sys=0.00, real=0.00 secs] 
2.722: [GC (Allocation Failure) [PSYoungGen: 1269K->437K(1536K)] 7654K->7236K(9728K), 0.0008190 secs] [Times: user=0.01 sys=0.00, real=0.01 secs] 
2.723: [Full GC (Ergonomics) [PSYoungGen: 1270K->0K(1536K)] [ParOldGen: 7610K->2315K(8192K)] 8880K->2315K(9728K), [Metaspace: 3328K->3328K(1056768K)], 0.0021234 secs] [Times: user=0.00 sys=0.00, real=0.00 secs] 
2.726: [GC (Allocation Failure) [PSYoungGen: 832K->438K(1536K)] 3960K->3565K(9728K), 0.0008031 secs] [Times: user=0.00 sys=0.00, real=0.00 secs] 
2.727: [GC (Allocation Failure) [PSYoungGen: 1271K->438K(1536K)] 5211K->4792K(9728K), 0.0008071 secs] [Times: user=0.00 sys=0.00, real=0.00 secs] 
2.728: [GC (Allocation Failure) [PSYoungGen: 1271K->438K(1536K)] 6439K->6020K(9728K), 0.0008310 secs] [Times: user=0.01 sys=0.00, real=0.00 secs] 
2.729: [GC (Allocation Failure) [PSYoungGen: 1272K->438K(1536K)] 7667K->7248K(9728K), 0.0008307 secs] [Times: user=0.00 sys=0.00, real=0.00 secs] 
2.730: [Full GC (Ergonomics) [PSYoungGen: 1272K->0K(1536K)] [ParOldGen: 7623K->2317K(8192K)] 8896K->2317K(9728K), [Metaspace: 3328K->3328K(1056768K)], 0.0025464 secs] [Times: user=0.00 sys=0.00, real=0.00 secs] 
2.732: [GC (Allocation Failure) [PSYoungGen: 834K->438K(1536K)] 3966K->3570K(9728K), 0.0007996 secs] [Times: user=0.01 sys=0.00, real=0.01 secs] 
2.733: [GC (Allocation Failure) [PSYoungGen: 1273K->439K(1536K)] 5219K->4799K(9728K), 0.0007945 secs] [Times: user=0.00 sys=0.00, real=0.00 secs] 
2.734: [GC (Allocation Failure) [PSYoungGen: 1274K->439K(1536K)] 6449K->6029K(9728K), 0.0003423 secs] [Times: user=0.00 sys=0.00, real=0.00 secs] 
2.735: [GC (Allocation Failure) [PSYoungGen: 1274K->439K(1536K)] 7680K->7260K(9728K), 0.0007939 secs] [Times: user=0.00 sys=0.00, real=0.00 secs] 
2.736: [Full GC (Ergonomics) [PSYoungGen: 1275K->0K(1536K)] [ParOldGen: 7636K->2319K(8192K)] 8911K->2319K(9728K), [Metaspace: 3328K->3328K(1056768K)], 0.0025183 secs] [Times: user=0.01 sys=0.00, real=0.00 secs] 
2.739: [GC (Allocation Failure) [PSYoungGen: 836K->439K(1536K)] 3971K->3575K(9728K), 0.0007745 secs] [Times: user=0.00 sys=0.00, real=0.00 secs] 
2.740: [GC (Allocation Failure) [PSYoungGen: 1276K->439K(1536K)] 5227K->4807K(9728K), 0.0003260 secs] [Times: user=0.00 sys=0.00, real=0.00 secs] 
2.740: [GC (Allocation Failure) [PSYoungGen: 1276K->440K(1536K)] 6460K->6039K(9728K), 0.0008050 secs] [Times: user=0.00 sys=0.00, real=0.00 secs] 
2.741: [GC (Allocation Failure) [PSYoungGen: 1277K->440K(1536K)] 7693K->7272K(9728K), 0.0008098 secs] [Times: user=0.00 sys=0.00, real=0.00 secs] 
2.742: [Full GC (Ergonomics) [PSYoungGen: 1277K->0K(1536K)] [ParOldGen: 7648K->2322K(8192K)] 8926K->2322K(9728K), [Metaspace: 3328K->3328K(1056768K)], 0.0026440 secs] [Times: user=0.01 sys=0.00, real=0.01 secs] 
2.745: [GC (Allocation Failure) [PSYoungGen: 837K->440K(1536K)] 3977K->3580K(9728K), 0.0007907 secs] [Times: user=0.00 sys=0.00, real=0.00 secs] 
2.746: [GC (Allocation Failure) [PSYoungGen: 1278K->440K(1536K)] 5235K->4814K(9728K), 0.0008289 secs] [Times: user=0.00 sys=0.00, real=0.00 secs] 
2.747: [GC (Allocation Failure) [PSYoungGen: 1279K->440K(1536K)] 6470K->6049K(9728K), 0.0008205 secs] [Times: user=0.01 sys=0.00, real=0.00 secs] 
2.748: [GC (Allocation Failure) [PSYoungGen: 1279K->441K(1536K)] 7705K->7284K(9728K), 0.0008406 secs] [Times: user=0.00 sys=0.00, real=0.00 secs] 
2.749: [Full GC (Ergonomics) [PSYoungGen: 1280K->0K(1536K)] [ParOldGen: 7661K->2324K(8192K)] 8941K->2324K(9728K), [Metaspace: 3328K->3328K(1056768K)], 0.0025838 secs] [Times: user=0.00 sys=0.00, real=0.00 secs] 
2.752: [GC (Allocation Failure) [PSYoungGen: 839K->441K(1536K)] 3982K->3584K(9728K), 0.0006326 secs] [Times: user=0.01 sys=0.00, real=0.00 secs] 
2.753: [GC (Allocation Failure) [PSYoungGen: 1280K->441K(1536K)] 5243K->4821K(9728K), 0.0008220 secs] [Times: user=0.00 sys=0.00, real=0.01 secs] 
2.754: [GC (Allocation Failure) [PSYoungGen: 1281K->441K(1536K)] 6480K->6058K(9728K), 0.0008080 secs] [Times: user=0.00 sys=0.00, real=0.00 secs] 
2.755: [GC (Allocation Failure) [PSYoungGen: 1281K->441K(1536K)] 7718K->7296K(9728K), 0.0008496 secs] [Times: user=0.00 sys=0.00, real=0.00 secs] 
2.756: [Full GC (Ergonomics) [PSYoungGen: 1282K->0K(1536K)] [ParOldGen: 7674K->2327K(8192K)] 8956K->2327K(9728K), [Metaspace: 3328K->3328K(1056768K)], 0.0025642 secs] [Times: user=0.01 sys=0.00, real=0.00 secs] 
2.758: [GC (Allocation Failure) [PSYoungGen: 840K->442K(1536K)] 3988K->3589K(9728K), 0.0004691 secs] [Times: user=0.00 sys=0.00, real=0.00 secs] 
2.759: [GC (Allocation Failure) [PSYoungGen: 1283K->442K(1536K)] 5251K->4828K(9728K), 0.0008038 secs] [Times: user=0.00 sys=0.00, real=0.00 secs] 
2.760: [GC (Allocation Failure) [PSYoungGen: 1283K->442K(1536K)] 6491K->6068K(9728K), 0.0008499 secs] [Times: user=0.00 sys=0.00, real=0.00 secs] 
2.761: [GC (Allocation Failure) [PSYoungGen: 1284K->442K(1536K)] 7731K->7308K(9728K), 0.0008112 secs] [Times: user=0.01 sys=0.00, real=0.00 secs] 
2.762: [Full GC (Ergonomics) [PSYoungGen: 1284K->0K(1536K)] [ParOldGen: 7687K->2329K(8192K)] 8972K->2329K(9728K), [Metaspace: 3328K->3328K(1056768K)], 0.0025154 secs] [Times: user=0.00 sys=0.00, real=0.01 secs] 
2.765: [GC (Allocation Failure) [PSYoungGen: 842K->442K(1536K)] 3994K->3594K(9728K), 0.0008011 secs] [Times: user=0.00 sys=0.00, real=0.00 secs] 
2.766: [GC (Allocation Failure) [PSYoungGen: 1285K->443K(1536K)] 5259K->4835K(9728K), 0.0003029 secs] [Times: user=0.00 sys=0.00, real=0.00 secs] 
2.766: [GC (Allocation Failure) [PSYoungGen: 1286K->443K(1536K)] 6501K->6077K(9728K), 0.0007997 secs] [Times: user=0.01 sys=0.00, real=0.00 secs] 
2.767: [GC (Allocation Failure) [PSYoungGen: 1286K->443K(1536K)] 7744K->7320K(9728K), 0.0008433 secs] [Times: user=0.00 sys=0.00, real=0.00 secs] 
2.768: [Full GC (Ergonomics) [PSYoungGen: 1287K->0K(1536K)] [ParOldGen: 7700K->2332K(8192K)] 8987K->2332K(9728K), [Metaspace: 3328K->3328K(1056768K)], 0.0026343 secs] [Times: user=0.00 sys=0.00, real=0.00 secs] 
2.771: [GC (Allocation Failure) [PSYoungGen: 844K->443K(1536K)] 3999K->3599K(9728K), 0.0008001 secs] [Times: user=0.01 sys=0.00, real=0.00 secs] 
2.772: [GC (Allocation Failure) [PSYoungGen: 1288K->443K(1536K)] 5267K->4843K(9728K), 0.0008253 secs] [Times: user=0.00 sys=0.00, real=0.01 secs] 
2.773: [GC (Allocation Failure) [PSYoungGen: 1288K->444K(1536K)] 6512K->6087K(9728K), 0.0008247 secs] [Times: user=0.00 sys=0.00, real=0.00 secs] 
2.774: [GC (Allocation Failure) [PSYoungGen: 1289K->444K(1536K)] 7757K->7332K(9728K), 0.0008142 secs] [Times: user=0.00 sys=0.00, real=0.00 secs] 
2.775: [Full GC (Ergonomics) [PSYoungGen: 1289K->0K(1536K)] [ParOldGen: 7712K->2334K(8192K)] 9002K->2334K(9728K), [Metaspace: 3328K->3328K(1056768K)], 0.0020810 secs] [Times: user=0.01 sys=0.00, real=0.00 secs] 
2.777: [GC (Allocation Failure) [PSYoungGen: 845K->444K(1536K)] 4005K->3604K(9728K), 0.0007966 secs] [Times: user=0.00 sys=0.00, real=0.00 secs] 
2.778: [GC (Allocation Failure) [PSYoungGen: 1290K->444K(1536K)] 5275K->4850K(9728K), 0.0008194 secs] [Times: user=0.00 sys=0.00, real=0.00 secs] 
2.779: [GC (Allocation Failure) [PSYoungGen: 1291K->444K(1536K)] 6522K->6097K(9728K), 0.0007983 secs] [Times: user=0.00 sys=0.00, real=0.00 secs] 
2.780: [GC (Allocation Failure) [PSYoungGen: 1291K->445K(1536K)] 7769K->7344K(9728K), 0.0008101 secs] [Times: user=0.01 sys=0.00, real=0.00 secs] 
2.781: [Full GC (Ergonomics) [PSYoungGen: 1292K->0K(1536K)] [ParOldGen: 7725K->2336K(8192K)] 9017K->2336K(9728K), [Metaspace: 3328K->3328K(1056768K)], 0.0021295 secs] [Times: user=0.00 sys=0.00, real=0.01 secs] 
2.784: [GC (Allocation Failure) [PSYoungGen: 847K->445K(1536K)] 4010K->3608K(9728K), 0.0007941 secs] [Times: user=0.00 sys=0.00, real=0.00 secs] 
2.785: [GC (Allocation Failure) [PSYoungGen: 1293K->445K(1536K)] 5283K->4857K(9728K), 0.0008160 secs] [Times: user=0.01 sys=0.00, real=0.00 secs] 
2.786: [GC (Allocation Failure) [PSYoungGen: 1293K->445K(1536K)] 6532K->6106K(9728K), 0.0007951 secs] [Times: user=0.00 sys=0.00, real=0.00 secs] 
2.787: [GC (Allocation Failure) [PSYoungGen: 1293K->445K(1536K)] 7782K->7356K(9728K), 0.0007996 secs] [Times: user=0.00 sys=0.00, real=0.00 secs] 
2.788: [Full GC (Ergonomics) [PSYoungGen: 1294K->0K(1536K)] [ParOldGen: 7738K->2339K(8192K)] 9032K->2339K(9728K), [Metaspace: 3328K->3328K(1056768K)], 0.0021583 secs] [Times: user=0.00 sys=0.00, real=0.00 secs] 
2.790: [GC (Allocation Failure) [PSYoungGen: 848K->446K(1536K)] 4016K->3613K(9728K), 0.0008047 secs] [Times: user=0.01 sys=0.00, real=0.00 secs] 
2.791: [GC (Allocation Failure) [PSYoungGen: 1295K->446K(1536K)] 5291K->4864K(9728K), 0.0003721 secs] [Times: user=0.00 sys=0.00, real=0.00 secs] 
2.792: [GC (Allocation Failure) [PSYoungGen: 1295K->446K(1536K)] 6543K->6116K(9728K), 0.0008113 secs] [Times: user=0.00 sys=0.00, real=0.00 secs] 
2.793: [GC (Allocation Failure) [PSYoungGen: 1296K->446K(1536K)] 7795K->7368K(9728K), 0.0008063 secs] [Times: user=0.00 sys=0.00, real=0.01 secs] 
2.794: [Full GC (Ergonomics) [PSYoungGen: 1296K->0K(1536K)] [ParOldGen: 7751K->2341K(8192K)] 9048K->2341K(9728K), [Metaspace: 3328K->3328K(1056768K)], 0.0020064 secs] [Times: user=0.01 sys=0.00, real=0.00 secs] 
2.796: [GC (Allocation Failure) [PSYoungGen: 850K->446K(1536K)] 4022K->3618K(9728K), 0.0007987 secs] [Times: user=0.00 sys=0.00, real=0.00 secs] 
2.797: [GC (Allocation Failure) [PSYoungGen: 1297K->447K(1536K)] 5299K->4872K(9728K), 0.0007970 secs] [Times: user=0.00 sys=0.00, real=0.00 secs] 
2.798: [GC (Allocation Failure) [PSYoungGen: 1298K->447K(1536K)] 6553K->6125K(9728K), 0.0007987 secs] [Times: user=0.00 sys=0.00, real=0.00 secs] 
2.799: [GC (Allocation Failure) [PSYoungGen: 1298K->447K(1536K)] 7808K->7380K(9728K), 0.0007913 secs] [Times: user=0.00 sys=0.00, real=0.00 secs] 
2.800: [Full GC (Ergonomics) [PSYoungGen: 1299K->0K(1536K)] [ParOldGen: 7764K->2344K(8192K)] 9063K->2344K(9728K), [Metaspace: 3328K->3328K(1056768K)], 0.0024077 secs] [Times: user=0.01 sys=0.01, real=0.00 secs] 
2.802: [GC (Allocation Failure) [PSYoungGen: 852K->447K(1536K)] 4027K->3623K(9728K), 0.0007921 secs] [Times: user=0.00 sys=0.00, real=0.01 secs] 
2.803: [GC (Allocation Failure) [PSYoungGen: 1300K->447K(1536K)] 5307K->4879K(9728K), 0.0007330 secs] [Times: user=0.00 sys=0.00, real=0.00 secs] 
2.804: [GC (Allocation Failure) [PSYoungGen: 1300K->448K(1536K)] 6564K->6135K(9728K), 0.0008174 secs] [Times: user=0.01 sys=0.00, real=0.00 secs] 
2.805: [GC (Allocation Failure) [PSYoungGen: 1301K->448K(1536K)] 7821K->7392K(9728K), 0.0008042 secs] [Times: user=0.00 sys=0.00, real=0.00 secs] 
2.806: [Full GC (Ergonomics) [PSYoungGen: 1301K->0K(1536K)] [ParOldGen: 7776K->2346K(8192K)] 9078K->2346K(9728K), [Metaspace: 3328K->3328K(1056768K)], 0.0022297 secs] [Times: user=0.00 sys=0.00, real=0.00 secs] 
2.809: [GC (Allocation Failure) [PSYoungGen: 853K->448K(1536K)] 4033K->3628K(9728K), 0.0007988 secs] [Times: user=0.01 sys=0.00, real=0.00 secs] 
2.810: [GC (Allocation Failure) [PSYoungGen: 1302K->448K(1536K)] 5315K->4886K(9728K), 0.0007873 secs] [Times: user=0.00 sys=0.00, real=0.00 secs] 
2.811: [GC (Allocation Failure) [PSYoungGen: 1303K->448K(1536K)] 6574K->6145K(9728K), 0.0008049 secs] [Times: user=0.00 sys=0.00, real=0.00 secs] 
2.812: [GC (Allocation Failure) [PSYoungGen: 1303K->449K(1536K)] 7833K->7404K(9728K), 0.0008073 secs] [Times: user=0.00 sys=0.00, real=0.00 secs] 
2.813: [Full GC (Ergonomics) [PSYoungGen: 1304K->0K(1536K)] [ParOldGen: 7789K->2348K(8192K)] 9093K->2348K(9728K), [Metaspace: 3328K->3328K(1056768K)], 0.0022359 secs] [Times: user=0.01 sys=0.00, real=0.01 secs] 
2.815: [GC (Allocation Failure) [PSYoungGen: 855K->449K(1536K)] 4038K->3632K(9728K), 0.0007840 secs] [Times: user=0.00 sys=0.00, real=0.00 secs] 
2.816: [GC (Allocation Failure) [PSYoungGen: 1305K->449K(1536K)] 5323K->4893K(9728K), 0.0007948 secs] [Times: user=0.00 sys=0.00, real=0.00 secs] 
2.817: [GC (Allocation Failure) [PSYoungGen: 1305K->449K(1536K)] 6585K->6154K(9728K), 0.0007954 secs] [Times: user=0.00 sys=0.00, real=0.00 secs] 
2.818: [GC (Allocation Failure) [PSYoungGen: 1305K->449K(1536K)] 7846K->7416K(9728K), 0.0002657 secs] [Times: user=0.00 sys=0.00, real=0.00 secs] 
2.819: [Full GC (Ergonomics) [PSYoungGen: 1306K->0K(1536K)] [ParOldGen: 7802K->2351K(8192K)] 9109K->2351K(9728K), [Metaspace: 3328K->3328K(1056768K)], 0.0025693 secs] [Times: user=0.01 sys=0.00, real=0.00 secs] 
2.821: [GC (Allocation Failure) [PSYoungGen: 856K->450K(1536K)] 4044K->3637K(9728K), 0.0007938 secs] [Times: user=0.00 sys=0.00, real=0.00 secs] 
2.822: [GC (Allocation Failure) [PSYoungGen: 1307K->450K(1536K)] 5331K->4900K(9728K), 0.0008188 secs] [Times: user=0.00 sys=0.00, real=0.01 secs] 
2.823: [GC (Allocation Failure) [PSYoungGen: 1307K->450K(1536K)] 6595K->6164K(9728K), 0.0008663 secs] [Times: user=0.01 sys=0.00, real=0.00 secs] 
2.824: [GC (Allocation Failure) [PSYoungGen: 1308K->450K(1536K)] 7859K->7428K(9728K), 0.0008108 secs] [Times: user=0.00 sys=0.00, real=0.00 secs] 
2.825: [Full GC (Ergonomics) [PSYoungGen: 1308K->0K(1536K)] [ParOldGen: 7815K->2353K(8192K)] 9124K->2353K(9728K), [Metaspace: 3328K->3328K(1056768K)], 0.0025895 secs] [Times: user=0.00 sys=0.00, real=0.00 secs] 
2.828: [GC (Allocation Failure) [PSYoungGen: 858K->451K(1536K)] 4050K->3642K(9728K), 0.0008267 secs] [Times: user=0.01 sys=0.00, real=0.00 secs] 
2.829: [GC (Allocation Failure) [PSYoungGen: 1309K->451K(1536K)] 5339K->4908K(9728K), 0.0008150 secs] [Times: user=0.00 sys=0.00, real=0.00 secs] 
2.830: [GC (Allocation Failure) [PSYoungGen: 1310K->451K(1536K)] 6605K->6174K(9728K), 0.0008083 secs] [Times: user=0.00 sys=0.00, real=0.00 secs] 
2.831: [GC (Allocation Failure) [PSYoungGen: 1310K->451K(1536K)] 7872K->7440K(9728K), 0.0008047 secs] [Times: user=0.00 sys=0.00, real=0.00 secs] 
2.832: [Full GC (Ergonomics) [PSYoungGen: 1311K->0K(1536K)] [ParOldGen: 7828K->2356K(8192K)] 9139K->2356K(9728K), [Metaspace: 3328K->3328K(1056768K)], 0.0026196 secs] [Times: user=0.01 sys=0.00, real=0.01 secs] 
2.835: [GC (Allocation Failure) [PSYoungGen: 860K->451K(1536K)] 4055K->3647K(9728K), 0.0007959 secs] [Times: user=0.00 sys=0.00, real=0.00 secs] 
2.836: [GC (Allocation Failure) [PSYoungGen: 1312K->451K(1536K)] 5347K->4915K(9728K), 0.0007858 secs] [Times: user=0.00 sys=0.00, real=0.00 secs] 
2.837: [GC (Allocation Failure) [PSYoungGen: 1312K->452K(1536K)] 6616K->6183K(9728K), 0.0008223 secs] [Times: user=0.00 sys=0.00, real=0.00 secs] 
2.838: [GC (Allocation Failure) [PSYoungGen: 1313K->452K(1536K)] 7885K->7452K(9728K), 0.0003406 secs] [Times: user=0.00 sys=0.00, real=0.00 secs] 
2.838: [Full GC (Ergonomics) [PSYoungGen: 1313K->0K(1536K)] [ParOldGen: 7841K->2358K(8192K)] 9154K->2358K(9728K), [Metaspace: 3328K->3328K(1056768K)], 0.0025591 secs] [Times: user=0.00 sys=0.00, real=0.00 secs] 
2.841: [GC (Allocation Failure) [PSYoungGen: 861K->452K(1536K)] 4061K->3652K(9728K), 0.0007987 secs] [Times: user=0.00 sys=0.00, real=0.00 secs] 
2.842: [GC (Allocation Failure) [PSYoungGen: 1314K->452K(1536K)] 5355K->4922K(9728K), 0.0008096 secs] [Times: user=0.01 sys=0.00, real=0.01 secs] 
2.843: [GC (Allocation Failure) [PSYoungGen: 1315K->452K(1536K)] 6626K->6193K(9728K), 0.0008043 secs] [Times: user=0.00 sys=0.00, real=0.00 secs] 
2.844: [GC (Allocation Failure) [PSYoungGen: 1315K->453K(1536K)] 7898K->7464K(9728K), 0.0008319 secs] [Times: user=0.00 sys=0.00, real=0.00 secs] 
2.845: [Full GC (Ergonomics) [PSYoungGen: 1316K->0K(1536K)] [ParOldGen: 7853K->2360K(8192K)] 9169K->2360K(9728K), [Metaspace: 3328K->3328K(1056768K)], 0.0025609 secs] [Times: user=0.01 sys=0.00, real=0.00 secs] 
2.848: [GC (Allocation Failure) [PSYoungGen: 863K->453K(1536K)] 4066K->3657K(9728K), 0.0007921 secs] [Times: user=0.00 sys=0.00, real=0.00 secs] 
2.849: [GC (Allocation Failure) [PSYoungGen: 1317K->453K(1536K)] 5363K->4929K(9728K), 0.0008121 secs] [Times: user=0.00 sys=0.00, real=0.00 secs] 
2.850: [GC (Allocation Failure) [PSYoungGen: 1317K->453K(1536K)] 6637K->6202K(9728K), 0.0008210 secs] [Times: user=0.00 sys=0.00, real=0.00 secs] 
2.851: [GC (Allocation Failure) [PSYoungGen: 1317K->453K(1536K)] 7910K->7476K(9728K), 0.0008222 secs] [Times: user=0.00 sys=0.00, real=0.00 secs] 
2.852: [Full GC (Ergonomics) [PSYoungGen: 1318K->0K(1536K)] [ParOldGen: 7866K->2363K(8192K)] 9185K->2363K(9728K), [Metaspace: 3328K->3328K(1056768K)], 0.0021955 secs] [Times: user=0.01 sys=0.00, real=0.01 secs] 
2.855: [GC (Allocation Failure) [PSYoungGen: 864K->454K(1536K)] 4072K->3661K(9728K), 0.0007936 secs] [Times: user=0.00 sys=0.00, real=0.00 secs] 
2.855: [GC (Allocation Failure) [PSYoungGen: 1319K->454K(1536K)] 5371K->4936K(9728K), 0.0008013 secs] [Times: user=0.00 sys=0.00, real=0.00 secs] 
2.856: [GC (Allocation Failure) [PSYoungGen: 1319K->454K(1536K)] 6647K->6212K(9728K), 0.0008228 secs] [Times: user=0.01 sys=0.00, real=0.00 secs] 
2.858: [GC (Allocation Failure) [PSYoungGen: 1320K->454K(1536K)] 7923K->7488K(9728K), 0.0008083 secs] [Times: user=0.00 sys=0.00, real=0.00 secs] 
2.859: [Full GC (Ergonomics) [PSYoungGen: 1320K->0K(1536K)] [ParOldGen: 7879K->2365K(8192K)] 9200K->2365K(9728K), [Metaspace: 3328K->3328K(1056768K)], 0.0021732 secs] [Times: user=0.00 sys=0.00, real=0.00 secs] 
2.861: [GC (Allocation Failure) [PSYoungGen: 866K->455K(1536K)] 4078K->3666K(9728K), 0.0007974 secs] [Times: user=0.00 sys=0.00, real=0.00 secs] 
2.862: [GC (Allocation Failure) [PSYoungGen: 1321K->455K(1536K)] 5379K->4944K(9728K), 0.0008223 secs] [Times: user=0.01 sys=0.00, real=0.00 secs] 
2.863: [GC (Allocation Failure) [PSYoungGen: 1322K->455K(1536K)] 6657K->6222K(9728K), 0.0008108 secs] [Times: user=0.00 sys=0.00, real=0.00 secs] 
2.864: [GC (Allocation Failure) [PSYoungGen: 1322K->455K(1536K)] 7936K->7500K(9728K), 0.0008195 secs] [Times: user=0.00 sys=0.00, real=0.00 secs] 
2.865: [Full GC (Ergonomics) [PSYoungGen: 1323K->0K(1536K)] [ParOldGen: 7892K->2368K(8192K)] 9215K->2368K(9728K), [Metaspace: 3328K->3328K(1056768K)], 0.0025452 secs] [Times: user=0.01 sys=0.00, real=0.00 secs] 
2.868: [GC (Allocation Failure) [PSYoungGen: 868K->455K(1536K)] 4083K->3671K(9728K), 0.0002947 secs] [Times: user=0.00 sys=0.00, real=0.00 secs] 
2.868: [GC (Allocation Failure) [PSYoungGen: 1324K->455K(1536K)] 5387K->4951K(9728K), 0.0008247 secs] [Times: user=0.00 sys=0.00, real=0.00 secs] 
2.869: [GC (Allocation Failure) [PSYoungGen: 1324K->456K(1536K)] 6668K->6231K(9728K), 0.0008424 secs] [Times: user=0.00 sys=0.00, real=0.00 secs] 
2.870: [GC (Allocation Failure) [PSYoungGen: 1325K->456K(1536K)] 7949K->7512K(9728K), 0.0008061 secs] [Times: user=0.00 sys=0.00, real=0.00 secs] 
2.871: [Full GC (Ergonomics) [PSYoungGen: 1325K->0K(1536K)] [ParOldGen: 7905K->2370K(8192K)] 9230K->2370K(9728K), [Metaspace: 3328K->3328K(1056768K)], 0.0025671 secs] [Times: user=0.01 sys=0.00, real=0.01 secs] 
2.874: [GC (Allocation Failure) [PSYoungGen: 869K->456K(1536K)] 4089K->3676K(9728K), 0.0008020 secs] [Times: user=0.00 sys=0.00, real=0.00 secs] 
2.875: [GC (Allocation Failure) [PSYoungGen: 1326K->456K(1536K)] 5395K->4958K(9728K), 0.0008343 secs] [Times: user=0.00 sys=0.00, real=0.00 secs] 
2.876: [GC (Allocation Failure) [PSYoungGen: 1327K->456K(1536K)] 6678K->6241K(9728K), 0.0007988 secs] [Times: user=0.01 sys=0.00, real=0.00 secs] 
2.877: [GC (Allocation Failure) [PSYoungGen: 1327K->457K(1536K)] 7962K->7524K(9728K), 0.0008327 secs] [Times: user=0.00 sys=0.00, real=0.00 secs] 
2.878: [Full GC (Ergonomics) [PSYoungGen: 1328K->0K(1536K)] [ParOldGen: 7917K->2372K(8192K)] 9245K->2372K(9728K), [Metaspace: 3328K->3328K(1056768K)], 0.0021234 secs] [Times: user=0.00 sys=0.00, real=0.00 secs] 
2.880: [GC (Allocation Failure) [PSYoungGen: 871K->457K(1536K)] 4094K->3681K(9728K), 0.0004330 secs] [Times: user=0.00 sys=0.00, real=0.00 secs] 
2.881: [GC (Allocation Failure) [PSYoungGen: 1329K->457K(1536K)] 5403K->4965K(9728K), 0.0003813 secs] [Times: user=0.00 sys=0.00, real=0.00 secs] 
2.882: [GC (Allocation Failure) [PSYoungGen: 1329K->457K(1536K)] 6689K->6250K(9728K), 0.0008072 secs] [Times: user=0.01 sys=0.01, real=0.00 secs] 
2.883: [GC (Allocation Failure) [PSYoungGen: 1329K->457K(1536K)] 7974K->7536K(9728K), 0.0007163 secs] [Times: user=0.00 sys=0.00, real=0.00 secs] 
2.885: [Full GC (Ergonomics) [PSYoungGen: 1330K->0K(1536K)] [ParOldGen: 7930K->2375K(8192K)] 9261K->2375K(9728K), [Metaspace: 3328K->3328K(1056768K)], 0.0033944 secs] [Times: user=0.00 sys=0.00, real=0.00 secs] 
2.888: [GC (Allocation Failure) [PSYoungGen: 872K->458K(1536K)] 4100K->3685K(9728K), 0.0008064 secs] [Times: user=0.01 sys=0.00, real=0.00 secs] 
2.889: [GC (Allocation Failure) [PSYoungGen: 1331K->458K(1536K)] 5411K->4972K(9728K), 0.0008027 secs] [Times: user=0.00 sys=0.00, real=0.00 secs] 
2.890: [GC (Allocation Failure) [PSYoungGen: 1331K->458K(1536K)] 6699K->6260K(9728K), 0.0008247 secs] [Times: user=0.00 sys=0.00, real=0.00 secs] 
2.891: [GC (Allocation Failure) [PSYoungGen: 1332K->458K(1536K)] 7987K->7548K(9728K), 0.0008174 secs] [Times: user=0.00 sys=0.00, real=0.00 secs] 
2.892: [Full GC (Ergonomics) [PSYoungGen: 1332K->0K(1536K)] [ParOldGen: 7943K->2377K(8192K)] 9276K->2377K(9728K), [Metaspace: 3328K->3328K(1056768K)], 0.0026117 secs] [Times: user=0.01 sys=0.00, real=0.01 secs] 
2.895: [GC (Allocation Failure) [PSYoungGen: 874K->459K(1536K)] 4106K->3690K(9728K), 0.0007901 secs] [Times: user=0.00 sys=0.00, real=0.00 secs] 
2.896: [GC (Allocation Failure) [PSYoungGen: 1333K->459K(1536K)] 5419K->4980K(9728K), 0.0008312 secs] [Times: user=0.00 sys=0.00, real=0.00 secs] 
2.897: [GC (Allocation Failure) [PSYoungGen: 1334K->459K(1536K)] 6709K->6270K(9728K), 0.0008246 secs] [Times: user=0.01 sys=0.00, real=0.00 secs] 
2.898: [GC (Allocation Failure) [PSYoungGen: 1334K->459K(1536K)] 8000K->7560K(9728K), 0.0008153 secs] [Times: user=0.00 sys=0.00, real=0.00 secs] 
2.899: [Full GC (Ergonomics) [PSYoungGen: 1335K->0K(1536K)] [ParOldGen: 7956K->2380K(8192K)] 9291K->2380K(9728K), [Metaspace: 3328K->3328K(1056768K)], 0.0020373 secs] [Times: user=0.00 sys=0.00, real=0.00 secs] 
2.902: [GC (Allocation Failure) [PSYoungGen: 876K->459K(1536K)] 4111K->3695K(9728K), 0.0008121 secs] [Times: user=0.00 sys=0.00, real=0.00 secs] 
2.903: [GC (Allocation Failure) [PSYoungGen: 1336K->459K(1536K)] 5427K->4987K(9728K), 0.0008126 secs] [Times: user=0.01 sys=0.00, real=0.01 secs] 
2.904: [GC (Allocation Failure) [PSYoungGen: 1336K->460K(1536K)] 6720K->6279K(9728K), 0.0004040 secs] [Times: user=0.00 sys=0.00, real=0.00 secs] 
2.904: [GC (Allocation Failure) [PSYoungGen: 1337K->460K(1536K)] 8013K->7572K(9728K), 0.0003658 secs] [Times: user=0.00 sys=0.00, real=0.00 secs] 
2.905: [Full GC (Ergonomics) [PSYoungGen: 1337K->0K(1536K)] [ParOldGen: 7969K->2382K(8192K)] 9306K->2382K(9728K), [Metaspace: 3328K->3328K(1056768K)], 0.0023508 secs] [Times: user=0.00 sys=0.00, real=0.00 secs] 
2.907: [GC (Allocation Failure) [PSYoungGen: 877K->460K(1536K)] 4117K->3700K(9728K), 0.0007862 secs] [Times: user=0.01 sys=0.00, real=0.00 secs] 
2.908: [GC (Allocation Failure) [PSYoungGen: 1338K->460K(1536K)] 5435K->4994K(9728K), 0.0008115 secs] [Times: user=0.00 sys=0.00, real=0.00 secs] 
2.909: [GC (Allocation Failure) [PSYoungGen: 1339K->460K(1536K)] 6730K->6289K(9728K), 0.0008018 secs] [Times: user=0.00 sys=0.00, real=0.00 secs] 
2.910: [GC (Allocation Failure) [PSYoungGen: 1339K->461K(1536K)] 8026K->7584K(9728K), 0.0008106 secs] [Times: user=0.00 sys=0.00, real=0.00 secs] 
2.911: [Full GC (Ergonomics) [PSYoungGen: 1340K->0K(1536K)] [ParOldGen: 7981K->2384K(8192K)] 9322K->2384K(9728K), [Metaspace: 3328K->3328K(1056768K)], 0.0021106 secs] [Times: user=0.01 sys=0.00, real=0.01 secs] 
2.914: [GC (Allocation Failure) [PSYoungGen: 879K->461K(1536K)] 4122K->3705K(9728K), 0.0007916 secs] [Times: user=0.00 sys=0.00, real=0.00 secs] 
2.915: [GC (Allocation Failure) [PSYoungGen: 1341K->461K(1536K)] 5443K->5001K(9728K), 0.0003188 secs] [Times: user=0.00 sys=0.00, real=0.00 secs] 
2.915: [GC (Allocation Failure) [PSYoungGen: 1341K->461K(1536K)] 6741K->6298K(9728K), 0.0008174 secs] [Times: user=0.00 sys=0.00, real=0.00 secs] 
2.916: [GC (Allocation Failure) [PSYoungGen: 1342K->461K(1536K)] 8038K->7596K(9728K), 0.0006607 secs] [Times: user=0.00 sys=0.00, real=0.00 secs] 
2.917: [Full GC (Ergonomics) [PSYoungGen: 1342K->0K(1536K)] [ParOldGen: 7994K->2387K(8192K)] 9337K->2387K(9728K), [Metaspace: 3328K->3328K(1056768K)], 0.0032146 secs] [Times: user=0.01 sys=0.00, real=0.00 secs] 
2.921: [GC (Allocation Failure) [PSYoungGen: 880K->462K(1536K)] 4128K->3709K(9728K), 0.0007867 secs] [Times: user=0.01 sys=0.00, real=0.00 secs] 
2.922: [GC (Allocation Failure) [PSYoungGen: 1343K->462K(1536K)] 5451K->5008K(9728K), 0.0008505 secs] [Times: user=0.00 sys=0.00, real=0.00 secs] 
2.923: [GC (Allocation Failure) [PSYoungGen: 1343K->462K(1536K)] 6751K->6308K(9728K), 0.0008348 secs] [Times: user=0.00 sys=0.00, real=0.01 secs] 
2.924: [GC (Allocation Failure) [PSYoungGen: 1344K->462K(1536K)] 8051K->7608K(9728K), 0.0003319 secs] [Times: user=0.00 sys=0.00, real=0.00 secs] 
2.924: [Full GC (Ergonomics) [PSYoungGen: 1344K->0K(1536K)] [ParOldGen: 8007K->2389K(8192K)] 9352K->2389K(9728K), [Metaspace: 3328K->3328K(1056768K)], 0.0025382 secs] [Times: user=0.01 sys=0.00, real=0.00 secs] 
2.927: [GC (Allocation Failure) [PSYoungGen: 882K->463K(1536K)] 4134K->3714K(9728K), 0.0007951 secs] [Times: user=0.00 sys=0.00, real=0.00 secs] 
2.928: [GC (Allocation Failure) [PSYoungGen: 1345K->463K(1536K)] 5459K->5016K(9728K), 0.0008152 secs] [Times: user=0.00 sys=0.00, real=0.00 secs] 
2.929: [GC (Allocation Failure) [PSYoungGen: 1346K->463K(1536K)] 6761K->6318K(9728K), 0.0002963 secs] [Times: user=0.00 sys=0.00, real=0.00 secs] 
2.930: [GC (Allocation Failure) [PSYoungGen: 1346K->463K(1536K)] 8064K->7620K(9728K), 0.0008203 secs] [Times: user=0.00 sys=0.00, real=0.00 secs] 
2.931: [Full GC (Ergonomics) [PSYoungGen: 1347K->0K(1536K)] [ParOldGen: 8020K->2392K(8192K)] 9367K->2392K(9728K), [Metaspace: 3328K->3328K(1056768K)], 0.0021798 secs] [Times: user=0.01 sys=0.00, real=0.00 secs] 
2.933: [GC (Allocation Failure) [PSYoungGen: 884K->463K(1536K)] 4139K->3719K(9728K), 0.0007994 secs] [Times: user=0.00 sys=0.00, real=0.00 secs] 
2.934: [GC (Allocation Failure) [PSYoungGen: 1348K->463K(1536K)] 5467K->5023K(9728K), 0.0008391 secs] [Times: user=0.00 sys=0.00, real=0.00 secs] 
2.935: [GC (Allocation Failure) [PSYoungGen: 1348K->464K(1536K)] 6772K->6327K(9728K), 0.0008325 secs] [Times: user=0.01 sys=0.00, real=0.00 secs] 
2.936: [GC (Allocation Failure) [PSYoungGen: 1349K->464K(1536K)] 8077K->7632K(9728K), 0.0008192 secs] [Times: user=0.00 sys=0.00, real=0.00 secs] 
2.937: [Full GC (Ergonomics) [PSYoungGen: 1349K->0K(1536K)] [ParOldGen: 8033K->2394K(8192K)] 9382K->2394K(9728K), [Metaspace: 3328K->3328K(1056768K)], 0.0023187 secs] [Times: user=0.00 sys=0.00, real=0.00 secs] 
2.940: [GC (Allocation Failure) [PSYoungGen: 885K->464K(1536K)] 4145K->3724K(9728K), 0.0008233 secs] [Times: user=0.00 sys=0.00, real=0.00 secs] 
2.941: [GC (Allocation Failure) [PSYoungGen: 1350K->464K(1536K)] 5475K->5030K(9728K), 0.0008341 secs] [Times: user=0.01 sys=0.00, real=0.00 secs] 
2.942: [GC (Allocation Failure) [PSYoungGen: 1351K->464K(1536K)] 6782K->6337K(9728K), 0.0008311 secs] [Times: user=0.00 sys=0.00, real=0.00 secs] 
2.943: [GC (Allocation Failure) [PSYoungGen: 1351K->465K(1536K)] 8090K->7644K(9728K), 0.0008336 secs] [Times: user=0.00 sys=0.00, real=0.01 secs] 
2.944: [Full GC (Ergonomics) [PSYoungGen: 1352K->0K(1536K)] [ParOldGen: 8046K->2396K(8192K)] 9398K->2396K(9728K), [Metaspace: 3328K->3328K(1056768K)], 0.0025605 secs] [Times: user=0.01 sys=0.00, real=0.00 secs] 
2.946: [GC (Allocation Failure) [PSYoungGen: 887K->465K(1536K)] 4151K->3729K(9728K), 0.0008083 secs] [Times: user=0.00 sys=0.00, real=0.00 secs] 
2.947: [GC (Allocation Failure) [PSYoungGen: 1353K->465K(1536K)] 5483K->5037K(9728K), 0.0008057 secs] [Times: user=0.00 sys=0.00, real=0.00 secs] 
2.948: [GC (Allocation Failure) [PSYoungGen: 1353K->465K(1536K)] 6793K->6346K(9728K), 0.0008265 secs] [Times: user=0.00 sys=0.00, real=0.00 secs] 
2.949: [GC (Allocation Failure) [PSYoungGen: 1354K->465K(1536K)] 8103K->7656K(9728K), 0.0008260 secs] [Times: user=0.01 sys=0.00, real=0.00 secs] 
2.950: [Full GC (Ergonomics) [PSYoungGen: 1354K->0K(1536K)] [ParOldGen: 8058K->2399K(8192K)] 9413K->2399K(9728K), [Metaspace: 3328K->3328K(1056768K)], 0.0021176 secs] [Times: user=0.00 sys=0.00, real=0.00 secs] 
2.953: [GC (Allocation Failure) [PSYoungGen: 888K->466K(1536K)] 4156K->3733K(9728K), 0.0008046 secs] [Times: user=0.00 sys=0.00, real=0.01 secs] 
2.954: [GC (Allocation Failure) [PSYoungGen: 1355K->466K(1536K)] 5491K->5045K(9728K), 0.0008017 secs] [Times: user=0.00 sys=0.00, real=0.00 secs] 
2.955: [GC (Allocation Failure) [PSYoungGen: 1355K->466K(1536K)] 6803K->6356K(9728K), 0.0008321 secs] [Times: user=0.01 sys=0.00, real=0.00 secs] 
2.956: [GC (Allocation Failure) [PSYoungGen: 1356K->466K(1536K)] 8115K->7668K(9728K), 0.0008607 secs] [Times: user=0.00 sys=0.00, real=0.00 secs] 
2.957: [Full GC (Ergonomics) [PSYoungGen: 1356K->0K(1536K)] [ParOldGen: 8071K->2401K(8192K)] 9428K->2401K(9728K), [Metaspace: 3328K->3328K(1056768K)], 0.0025779 secs] [Times: user=0.00 sys=0.01, real=0.00 secs] 
2.960: [GC (Allocation Failure) [PSYoungGen: 890K->467K(1536K)] 4162K->3738K(9728K), 0.0007979 secs] [Times: user=0.00 sys=0.00, real=0.00 secs] 
2.961: [GC (Allocation Failure) [PSYoungGen: 1357K->467K(1536K)] 5499K->5052K(9728K), 0.0007911 secs] [Times: user=0.00 sys=0.00, real=0.00 secs] 
2.962: [GC (Allocation Failure) [PSYoungGen: 1358K->467K(1536K)] 6814K->6366K(9728K), 0.0008319 secs] [Times: user=0.00 sys=0.00, real=0.00 secs] 
2.963: [GC (Allocation Failure) [PSYoungGen: 1358K->467K(1536K)] 8128K->7680K(9728K), 0.0008106 secs] [Times: user=0.00 sys=0.00, real=0.01 secs] 
2.964: [Full GC (Ergonomics) [PSYoungGen: 1359K->0K(1536K)] [ParOldGen: 8084K->2404K(8192K)] 9443K->2404K(9728K), [Metaspace: 3328K->3328K(1056768K)], 0.0021450 secs] [Times: user=0.01 sys=0.00, real=0.00 secs] 
2.966: [GC (Allocation Failure) [PSYoungGen: 892K->467K(1536K)] 4167K->3743K(9728K), 0.0007866 secs] [Times: user=0.00 sys=0.00, real=0.00 secs] 
2.967: [GC (Allocation Failure) [PSYoungGen: 1360K->467K(1536K)] 5507K->5059K(9728K), 0.0008165 secs] [Times: user=0.00 sys=0.00, real=0.00 secs] 
2.968: [GC (Allocation Failure) [PSYoungGen: 1360K->468K(1536K)] 6824K->6375K(9728K), 0.0008188 secs] [Times: user=0.00 sys=0.00, real=0.00 secs] 
2.969: [GC (Allocation Failure) [PSYoungGen: 1361K->468K(1536K)] 8141K->7692K(9728K), 0.0008072 secs] [Times: user=0.01 sys=0.00, real=0.00 secs] 
2.970: [Full GC (Ergonomics) [PSYoungGen: 1361K->0K(1536K)] [ParOldGen: 8097K->2406K(8192K)] 9458K->2406K(9728K), [Metaspace: 3328K->3328K(1056768K)], 0.0021228 secs] [Times: user=0.00 sys=0.00, real=0.00 secs] 
2.972: [GC (Allocation Failure) [PSYoungGen: 893K->468K(1536K)] 4173K->3748K(9728K), 0.0007992 secs] [Times: user=0.00 sys=0.00, real=0.01 secs] 
2.973: [GC (Allocation Failure) [PSYoungGen: 1362K->468K(1536K)] 5515K->5066K(9728K), 0.0008241 secs] [Times: user=0.01 sys=0.00, real=0.00 secs] 
2.974: [GC (Allocation Failure) [PSYoungGen: 1363K->468K(1536K)] 6834K->6385K(9728K), 0.0008150 secs] [Times: user=0.00 sys=0.00, real=0.00 secs] 
2.975: [GC (Allocation Failure) [PSYoungGen: 1363K->469K(1536K)] 8154K->7704K(9728K), 0.0008261 secs] [Times: user=0.00 sys=0.00, real=0.00 secs] 
2.976: [Full GC (Ergonomics) [PSYoungGen: 1364K->0K(1536K)] [ParOldGen: 8110K->2408K(8192K)] 9474K->2408K(9728K), [Metaspace: 3328K->3328K(1056768K)], 0.0021751 secs] [Times: user=0.00 sys=0.00, real=0.00 secs] 
2.979: [GC (Allocation Failure) [PSYoungGen: 895K->469K(1536K)] 4179K->3753K(9728K), 0.0008121 secs] [Times: user=0.00 sys=0.00, real=0.00 secs] 
2.980: [GC (Allocation Failure) [PSYoungGen: 1365K->469K(1536K)] 5523K->5073K(9728K), 0.0008030 secs] [Times: user=0.00 sys=0.00, real=0.00 secs] 
2.981: [GC (Allocation Failure) [PSYoungGen: 1365K->469K(1536K)] 6845K->6395K(9728K), 0.0008191 secs] [Times: user=0.00 sys=0.00, real=0.00 secs] 
2.982: [GC (Allocation Failure) [PSYoungGen: 1366K->469K(1536K)] 8167K->7716K(9728K), 0.0008229 secs] [Times: user=0.00 sys=0.00, real=0.00 secs] 
2.983: [Full GC (Ergonomics) [PSYoungGen: 1366K->0K(1536K)] [ParOldGen: 8122K->2411K(8192K)] 9489K->2411K(9728K), [Metaspace: 3328K->3328K(1056768K)], 0.0025467 secs] [Times: user=0.01 sys=0.00, real=0.00 secs] 
2.986: [GC (Allocation Failure) [PSYoungGen: 896K->470K(1536K)] 4184K->3757K(9728K), 0.0007946 secs] [Times: user=0.00 sys=0.00, real=0.00 secs] 
2.987: [GC (Allocation Failure) [PSYoungGen: 1367K->470K(1536K)] 5531K->5081K(9728K), 0.0007999 secs] [Times: user=0.00 sys=0.00, real=0.00 secs] 
2.988: [GC (Allocation Failure) [PSYoungGen: 1367K->470K(1536K)] 6855K->6404K(9728K), 0.0008617 secs] [Times: user=0.01 sys=0.00, real=0.00 secs] 
2.989: [GC (Allocation Failure) [PSYoungGen: 1368K->470K(1536K)] 8179K->7728K(9728K), 0.0008230 secs] [Times: user=0.00 sys=0.00, real=0.00 secs] 
2.990: [Full GC (Ergonomics) [PSYoungGen: 1368K->0K(1536K)] [ParOldGen: 8135K->2413K(8192K)] 9504K->2413K(9728K), [Metaspace: 3328K->3328K(1056768K)], 0.0020877 secs] [Times: user=0.00 sys=0.00, real=0.00 secs] 
2.992: [GC (Allocation Failure) [PSYoungGen: 898K->471K(1536K)] 4190K->3762K(9728K), 0.0005472 secs] [Times: user=0.00 sys=0.00, real=0.00 secs] 
2.993: [GC (Allocation Failure) [PSYoungGen: 1369K->471K(1536K)] 5539K->5088K(9728K), 0.0007654 secs] [Times: user=0.01 sys=0.00, real=0.00 secs] 
2.995: [GC (Allocation Failure) [PSYoungGen: 1370K->471K(1536K)] 6866K->6414K(9728K), 0.0003600 secs] [Times: user=0.00 sys=0.00, real=0.00 secs] 
2.996: [GC (Allocation Failure) [PSYoungGen: 1370K->471K(1536K)] 8192K->7740K(9728K), 0.0003584 secs] [Times: user=0.00 sys=0.00, real=0.00 secs] 
2.996: [Full GC (Ergonomics) [PSYoungGen: 1371K->0K(1536K)] [ParOldGen: 8148K->2416K(8192K)] 9519K->2416K(9728K), [Metaspace: 3328K->3328K(1056768K)], 0.0027217 secs] [Times: user=0.00 sys=0.00, real=0.00 secs] 
2.999: [GC (Allocation Failure) [PSYoungGen: 900K->471K(1536K)] 4195K->3767K(9728K), 0.0007919 secs] [Times: user=0.01 sys=0.00, real=0.00 secs] 
3.000: [GC (Allocation Failure) [PSYoungGen: 1372K->471K(1536K)] 5547K->5095K(9728K), 0.0008457 secs] [Times: user=0.00 sys=0.00, real=0.00 secs] 
3.001: [GC (Allocation Failure) [PSYoungGen: 1372K->472K(1536K)] 6876K->6423K(9728K), 0.0011681 secs] [Times: user=0.00 sys=0.00, real=0.00 secs] 
3.003: [GC (Allocation Failure) [PSYoungGen: 1373K->472K(1536K)] 8205K->7752K(9728K), 0.0004759 secs] [Times: user=0.00 sys=0.00, real=0.01 secs] 
3.003: [Full GC (Ergonomics) [PSYoungGen: 472K->0K(1536K)] [ParOldGen: 7280K->2418K(8192K)] 7752K->2418K(9728K), [Metaspace: 3328K->3328K(1056768K)], 0.0022794 secs] [Times: user=0.01 sys=0.00, real=0.00 secs] 
3.006: [GC (Allocation Failure) [PSYoungGen: 901K->472K(1536K)] 4200K->3771K(9728K), 0.0002926 secs] [Times: user=0.00 sys=0.00, real=0.00 secs] 
3.006: [GC (Allocation Failure) [PSYoungGen: 1374K->472K(1536K)] 5554K->5101K(9728K), 0.0007943 secs] [Times: user=0.00 sys=0.00, real=0.00 secs] 
3.007: [GC (Allocation Failure) [PSYoungGen: 1374K->472K(1536K)] 6884K->6431K(9728K), 0.0008168 secs] [Times: user=0.00 sys=0.00, real=0.00 secs] 
3.008: [GC (Allocation Failure) [PSYoungGen: 1375K->472K(1536K)] 8215K->7762K(9728K), 0.0008252 secs] [Times: user=0.00 sys=0.00, real=0.00 secs] 
3.009: [Full GC (Ergonomics) [PSYoungGen: 472K->0K(1536K)] [ParOldGen: 7289K->2419K(8192K)] 7762K->2419K(9728K), [Metaspace: 3328K->3328K(1056768K)], 0.0021752 secs] [Times: user=0.01 sys=0.00, real=0.00 secs] 
3.012: [GC (Allocation Failure) [PSYoungGen: 902K->473K(1536K)] 4204K->3775K(9728K), 0.0008153 secs] [Times: user=0.00 sys=0.00, real=0.00 secs] 
3.013: [GC (Allocation Failure) [PSYoungGen: 1376K->473K(1536K)] 5560K->5106K(9728K), 0.0008329 secs] [Times: user=0.00 sys=0.00, real=0.01 secs] 
3.014: [GC (Allocation Failure) [PSYoungGen: 1376K->473K(1536K)] 6893K->6439K(9728K), 0.0008138 secs] [Times: user=0.01 sys=0.00, real=0.00 secs] 
3.015: [GC (Allocation Failure) [PSYoungGen: 1377K->473K(1536K)] 8226K->7771K(9728K), 0.0008349 secs] [Times: user=0.00 sys=0.00, real=0.00 secs] 
3.016: [Full GC (Ergonomics) [PSYoungGen: 473K->0K(1536K)] [ParOldGen: 7298K->2421K(8192K)] 7771K->2421K(9728K), [Metaspace: 3328K->3328K(1056768K)], 0.0020917 secs] [Times: user=0.00 sys=0.00, real=0.00 secs] 
3.018: [GC (Allocation Failure) [PSYoungGen: 903K->473K(1536K)] 4209K->3779K(9728K), 0.0008019 secs] [Times: user=0.00 sys=0.00, real=0.00 secs] 
3.019: [GC (Allocation Failure) [PSYoungGen: 1378K->473K(1536K)] 5567K->5112K(9728K), 0.0006947 secs] [Times: user=0.00 sys=0.00, real=0.00 secs] 
3.020: [GC (Allocation Failure) [PSYoungGen: 1378K->474K(1536K)] 6901K->6446K(9728K), 0.0003609 secs] [Times: user=0.00 sys=0.00, real=0.00 secs] 
3.020: [GC (Allocation Failure) [PSYoungGen: 1379K->474K(1536K)] 8236K->7781K(9728K), 0.0003919 secs] [Times: user=0.00 sys=0.00, real=0.00 secs] 
3.021: [Full GC (Ergonomics) [PSYoungGen: 474K->0K(1536K)] [ParOldGen: 7307K->2423K(8192K)] 7781K->2423K(9728K), [Metaspace: 3328K->3328K(1056768K)], 0.0020879 secs] [Times: user=0.00 sys=0.00, real=0.01 secs] 
3.023: [GC (Allocation Failure) [PSYoungGen: 905K->474K(1536K)] 4213K->3782K(9728K), 0.0007876 secs] [Times: user=0.00 sys=0.00, real=0.00 secs] 
3.024: [GC (Allocation Failure) [PSYoungGen: 1379K->474K(1536K)] 5573K->5118K(9728K), 0.0007985 secs] [Times: user=0.01 sys=0.00, real=0.00 secs] 
3.025: [GC (Allocation Failure) [PSYoungGen: 1380K->474K(1536K)] 6909K->6454K(9728K), 0.0008066 secs] [Times: user=0.00 sys=0.00, real=0.00 secs] 
3.026: [GC (Allocation Failure) [PSYoungGen: 1380K->474K(1536K)] 8246K->7791K(9728K), 0.0008400 secs] [Times: user=0.00 sys=0.00, real=0.00 secs] 
3.027: [Full GC (Ergonomics) [PSYoungGen: 474K->0K(1536K)] [ParOldGen: 7316K->2425K(8192K)] 7791K->2425K(9728K), [Metaspace: 3328K->3328K(1056768K)], 0.0021873 secs] [Times: user=0.01 sys=0.00, real=0.00 secs] 
3.029: [GC (Allocation Failure) [PSYoungGen: 906K->475K(1536K)] 4218K->3786K(9728K), 0.0007973 secs] [Times: user=0.00 sys=0.00, real=0.00 secs] 
3.030: [GC (Allocation Failure) [PSYoungGen: 1381K->475K(1536K)] 5579K->5124K(9728K), 0.0007931 secs] [Times: user=0.00 sys=0.00, real=0.00 secs] 
3.031: [GC (Allocation Failure) [PSYoungGen: 1382K->475K(1536K)] 6918K->6462K(9728K), 0.0008403 secs] [Times: user=0.00 sys=0.00, real=0.00 secs] 
3.033: [GC (Allocation Failure) [PSYoungGen: 1382K->475K(1536K)] 8256K->7800K(9728K), 0.0003419 secs] [Times: user=0.00 sys=0.01, real=0.01 secs] 
3.033: [Full GC (Ergonomics) [PSYoungGen: 475K->0K(1536K)] [ParOldGen: 7325K->2427K(8192K)] 7800K->2427K(9728K), [Metaspace: 3328K->3328K(1056768K)], 0.0025856 secs] [Times: user=0.01 sys=0.00, real=0.00 secs] 
3.036: [GC (Allocation Failure) [PSYoungGen: 907K->475K(1536K)] 4222K->3790K(9728K), 0.0007959 secs] [Times: user=0.00 sys=0.00, real=0.00 secs] 
3.037: [GC (Allocation Failure) [PSYoungGen: 1383K->475K(1536K)] 5586K->5130K(9728K), 0.0007990 secs] [Times: user=0.00 sys=0.00, real=0.00 secs] 
3.038: [GC (Allocation Failure) [PSYoungGen: 1384K->475K(1536K)] 6926K->6469K(9728K), 0.0003563 secs] [Times: user=0.00 sys=0.00, real=0.00 secs] 
3.038: [GC (Allocation Failure) [PSYoungGen: 1384K->476K(1536K)] 8267K->7810K(9728K), 0.0008504 secs] [Times: user=0.01 sys=0.00, real=0.00 secs] 
3.039: [Full GC (Ergonomics) [PSYoungGen: 476K->0K(1536K)] [ParOldGen: 7334K->2429K(8192K)] 7810K->2429K(9728K), [Metaspace: 3328K->3328K(1056768K)], 0.0025242 secs] [Times: user=0.00 sys=0.00, real=0.00 secs] 
3.042: [GC (Allocation Failure) [PSYoungGen: 909K->476K(1536K)] 4227K->3794K(9728K), 0.0007943 secs] [Times: user=0.00 sys=0.00, real=0.00 secs] 
3.043: [GC (Allocation Failure) [PSYoungGen: 1385K->476K(1536K)] 5592K->5135K(9728K), 0.0007984 secs] [Times: user=0.01 sys=0.00, real=0.00 secs] 
3.044: [GC (Allocation Failure) [PSYoungGen: 1386K->476K(1536K)] 6934K->6477K(9728K), 0.0008274 secs] [Times: user=0.00 sys=0.00, real=0.00 secs] 
3.045: [GC (Allocation Failure) [PSYoungGen: 1386K->476K(1536K)] 8277K->7820K(9728K), 0.0008433 secs] [Times: user=0.00 sys=0.00, real=0.00 secs] 
3.046: [Full GC (Ergonomics) [PSYoungGen: 476K->0K(1536K)] [ParOldGen: 7343K->2431K(8192K)] 7820K->2431K(9728K), [Metaspace: 3328K->3328K(1056768K)], 0.0023310 secs] [Times: user=0.01 sys=0.00, real=0.00 secs] 
3.048: [GC (Allocation Failure) [PSYoungGen: 910K->476K(1536K)] 4231K->3798K(9728K), 0.0004792 secs] [Times: user=0.00 sys=0.00, real=0.00 secs] 
3.049: [GC (Allocation Failure) [PSYoungGen: 1387K->477K(1536K)] 5599K->5141K(9728K), 0.0008243 secs] [Times: user=0.00 sys=0.00, real=0.00 secs] 
3.050: [GC (Allocation Failure) [PSYoungGen: 1388K->477K(1536K)] 6943K->6485K(9728K), 0.0008375 secs] [Times: user=0.00 sys=0.00, real=0.00 secs] 
3.051: [GC (Allocation Failure) [PSYoungGen: 1388K->477K(1536K)] 8287K->7829K(9728K), 0.0008232 secs] [Times: user=0.00 sys=0.00, real=0.00 secs] 
3.052: [Full GC (Ergonomics) [PSYoungGen: 477K->0K(1536K)] [ParOldGen: 7352K->2433K(8192K)] 7829K->2433K(9728K), [Metaspace: 3328K->3328K(1056768K)], 0.0021473 secs] [Times: user=0.01 sys=0.00, real=0.01 secs] 
3.054: [GC (Allocation Failure) [PSYoungGen: 911K->477K(1536K)] 4236K->3802K(9728K), 0.0008080 secs] [Times: user=0.00 sys=0.00, real=0.00 secs] 
3.055: [GC (Allocation Failure) [PSYoungGen: 1389K->477K(1536K)] 5605K->5147K(9728K), 0.0008162 secs] [Times: user=0.00 sys=0.00, real=0.00 secs] 
3.056: [GC (Allocation Failure) [PSYoungGen: 1390K->477K(1536K)] 6951K->6493K(9728K), 0.0008055 secs] [Times: user=0.00 sys=0.00, real=0.00 secs] 
3.057: [GC (Allocation Failure) [PSYoungGen: 1390K->478K(1536K)] 8297K->7839K(9728K), 0.0008100 secs] [Times: user=0.01 sys=0.00, real=0.00 secs] 
3.058: [Full GC (Ergonomics) [PSYoungGen: 478K->0K(1536K)] [ParOldGen: 7361K->2435K(8192K)] 7839K->2435K(9728K), [Metaspace: 3328K->3328K(1056768K)], 0.0020912 secs] [Times: user=0.00 sys=0.00, real=0.00 secs] 
3.061: [GC (Allocation Failure) [PSYoungGen: 912K->478K(1536K)] 4240K->3805K(9728K), 0.0008039 secs] [Times: user=0.00 sys=0.00, real=0.00 secs] 
3.062: [GC (Allocation Failure) [PSYoungGen: 1391K->478K(1536K)] 5611K->5153K(9728K), 0.0008032 secs] [Times: user=0.01 sys=0.00, real=0.00 secs] 
3.063: [GC (Allocation Failure) [PSYoungGen: 1391K->478K(1536K)] 6959K->6500K(9728K), 0.0007952 secs] [Times: user=0.00 sys=0.00, real=0.01 secs] 
3.064: [GC (Allocation Failure) [PSYoungGen: 1392K->478K(1536K)] 8308K->7848K(9728K), 0.0008207 secs] [Times: user=0.00 sys=0.00, real=0.00 secs] 
3.065: [Full GC (Ergonomics) [PSYoungGen: 478K->0K(1536K)] [ParOldGen: 7370K->2437K(8192K)] 7848K->2437K(9728K), [Metaspace: 3328K->3328K(1056768K)], 0.0022632 secs] [Times: user=0.00 sys=0.00, real=0.00 secs] 
3.067: [GC (Allocation Failure) [PSYoungGen: 914K->478K(1536K)] 4245K->3809K(9728K), 0.0008099 secs] [Times: user=0.00 sys=0.00, real=0.00 secs] 
3.068: [GC (Allocation Failure) [PSYoungGen: 1393K->479K(1536K)] 5618K->5158K(9728K), 0.0008285 secs] [Times: user=0.00 sys=0.00, real=0.00 secs] 
3.069: [GC (Allocation Failure) [PSYoungGen: 1393K->479K(1536K)] 6968K->6508K(9728K), 0.0008215 secs] [Times: user=0.00 sys=0.00, real=0.00 secs] 
3.070: [GC (Allocation Failure) [PSYoungGen: 1394K->479K(1536K)] 8318K->7858K(9728K), 0.0008720 secs] [Times: user=0.00 sys=0.00, real=0.00 secs] 
3.071: [Full GC (Ergonomics) [PSYoungGen: 479K->0K(1536K)] [ParOldGen: 7379K->2439K(8192K)] 7858K->2439K(9728K), [Metaspace: 3328K->3328K(1056768K)], 0.0026665 secs] [Times: user=0.01 sys=0.00, real=0.01 secs] 
3.074: [GC (Allocation Failure) [PSYoungGen: 915K->479K(1536K)] 4249K->3813K(9728K), 0.0007923 secs] [Times: user=0.00 sys=0.00, real=0.00 secs] 
3.075: [GC (Allocation Failure) [PSYoungGen: 1395K->479K(1536K)] 5624K->5164K(9728K), 0.0008004 secs] [Times: user=0.00 sys=0.00, real=0.00 secs] 
3.076: [GC (Allocation Failure) [PSYoungGen: 1395K->479K(1536K)] 6976K->6516K(9728K), 0.0008574 secs] [Times: user=0.01 sys=0.00, real=0.00 secs] 
3.077: [GC (Allocation Failure) [PSYoungGen: 1396K->479K(1536K)] 8328K->7868K(9728K), 0.0008776 secs] [Times: user=0.00 sys=0.00, real=0.00 secs] 
3.078: [Full GC (Ergonomics) [PSYoungGen: 479K->0K(1536K)] [ParOldGen: 7388K->2441K(8192K)] 7868K->2441K(9728K), [Metaspace: 3328K->3328K(1056768K)], 0.0021810 secs] [Times: user=0.00 sys=0.00, real=0.00 secs] 
3.080: [GC (Allocation Failure) [PSYoungGen: 916K->480K(1536K)] 4254K->3817K(9728K), 0.0007992 secs] [Times: user=0.00 sys=0.00, real=0.00 secs] 
3.081: [GC (Allocation Failure) [PSYoungGen: 1397K->480K(1536K)] 5631K->5170K(9728K), 0.0008011 secs] [Times: user=0.01 sys=0.00, real=0.00 secs] 
3.082: [GC (Allocation Failure) [PSYoungGen: 1397K->480K(1536K)] 6984K->6523K(9728K), 0.0008369 secs] [Times: user=0.00 sys=0.00, real=0.01 secs] 
3.083: [GC (Allocation Failure) [PSYoungGen: 1398K->480K(1536K)] 8338K->7877K(9728K), 0.0008140 secs] [Times: user=0.00 sys=0.00, real=0.00 secs] 
3.084: [Full GC (Ergonomics) [PSYoungGen: 480K->0K(1536K)] [ParOldGen: 7397K->2442K(8192K)] 7877K->2442K(9728K), [Metaspace: 3328K->3328K(1056768K)], 0.0026432 secs] [Times: user=0.01 sys=0.00, real=0.00 secs] 
3.087: [GC (Allocation Failure) [PSYoungGen: 918K->480K(1536K)] 4258K->3821K(9728K), 0.0008079 secs] [Times: user=0.00 sys=0.00, real=0.00 secs] 
3.088: [GC (Allocation Failure) [PSYoungGen: 1399K->480K(1536K)] 5637K->5176K(9728K), 0.0008404 secs] [Times: user=0.00 sys=0.00, real=0.00 secs] 
3.089: [GC (Allocation Failure) [PSYoungGen: 1399K->481K(1536K)] 6993K->6531K(9728K), 0.0008447 secs] [Times: user=0.00 sys=0.00, real=0.00 secs] 
3.090: [GC (Allocation Failure) [PSYoungGen: 1400K->481K(1536K)] 8349K->7887K(9728K), 0.0008379 secs] [Times: user=0.01 sys=0.00, real=0.00 secs] 
3.091: [Full GC (Ergonomics) [PSYoungGen: 481K->0K(1536K)] [ParOldGen: 7406K->2444K(8192K)] 7887K->2444K(9728K), [Metaspace: 3328K->3328K(1056768K)], 0.0025347 secs] [Times: user=0.00 sys=0.00, real=0.01 secs] 
3.094: [GC (Allocation Failure) [PSYoungGen: 919K->481K(1536K)] 4263K->3825K(9728K), 0.0008000 secs] [Times: user=0.00 sys=0.00, real=0.00 secs] 
3.095: [GC (Allocation Failure) [PSYoungGen: 1401K->481K(1536K)] 5644K->5181K(9728K), 0.0008023 secs] [Times: user=0.01 sys=0.00, real=0.00 secs] 
3.096: [GC (Allocation Failure) [PSYoungGen: 1401K->481K(1536K)] 7001K->6539K(9728K), 0.0008163 secs] [Times: user=0.00 sys=0.00, real=0.00 secs] 
3.097: [GC (Allocation Failure) [PSYoungGen: 1402K->481K(1536K)] 8359K->7896K(9728K), 0.0008129 secs] [Times: user=0.00 sys=0.00, real=0.00 secs] 
3.098: [Full GC (Ergonomics) [PSYoungGen: 481K->0K(1536K)] [ParOldGen: 7414K->2446K(8192K)] 7896K->2446K(9728K), [Metaspace: 3328K->3328K(1056768K)], 0.0025781 secs] [Times: user=0.01 sys=0.00, real=0.00 secs] 
3.100: [GC (Allocation Failure) [PSYoungGen: 920K->482K(1536K)] 4267K->3829K(9728K), 0.0007880 secs] [Times: user=0.00 sys=0.00, real=0.00 secs] 
3.101: [GC (Allocation Failure) [PSYoungGen: 1403K->482K(1536K)] 5650K->5187K(9728K), 0.0008338 secs] [Times: user=0.00 sys=0.00, real=0.00 secs] 
3.102: [GC (Allocation Failure) [PSYoungGen: 1403K->482K(1536K)] 7009K->6546K(9728K), 0.0008167 secs] [Times: user=0.00 sys=0.00, real=0.01 secs] 
3.103: [GC (Allocation Failure) [PSYoungGen: 1403K->482K(1536K)] 8369K->7906K(9728K), 0.0008122 secs] [Times: user=0.00 sys=0.00, real=0.00 secs] 
3.104: [Full GC (Ergonomics) [PSYoungGen: 482K->0K(1536K)] [ParOldGen: 7423K->2448K(8192K)] 7906K->2448K(9728K), [Metaspace: 3328K->3328K(1056768K)], 0.0031276 secs] [Times: user=0.01 sys=0.00, real=0.00 secs] 
3.108: [GC (Allocation Failure) [PSYoungGen: 921K->482K(1536K)] 4272K->3832K(9728K), 0.0007920 secs] [Times: user=0.00 sys=0.00, real=0.00 secs] 
3.109: [GC (Allocation Failure) [PSYoungGen: 1404K->482K(1536K)] 5656K->5193K(9728K), 0.0007982 secs] [Times: user=0.01 sys=0.00, real=0.00 secs] 
3.110: [GC (Allocation Failure) [PSYoungGen: 1405K->483K(1536K)] 7018K->6554K(9728K), 0.0008036 secs] [Times: user=0.00 sys=0.00, real=0.00 secs] 
3.111: [GC (Allocation Failure) [PSYoungGen: 1405K->483K(1536K)] 8379K->7916K(9728K), 0.0008157 secs] [Times: user=0.00 sys=0.00, real=0.00 secs] 
3.111: [Full GC (Ergonomics) [PSYoungGen: 483K->0K(1536K)] [ParOldGen: 7432K->2450K(8192K)] 7916K->2450K(9728K), [Metaspace: 3328K->3328K(1056768K)], 0.0025158 secs] [Times: user=0.01 sys=0.00, real=0.01 secs] 
3.114: [GC (Allocation Failure) [PSYoungGen: 923K->483K(1536K)] 4276K->3836K(9728K), 0.0007917 secs] [Times: user=0.00 sys=0.00, real=0.00 secs] 
3.115: [GC (Allocation Failure) [PSYoungGen: 1406K->483K(1536K)] 5663K->5199K(9728K), 0.0007964 secs] [Times: user=0.00 sys=0.00, real=0.00 secs] 
3.116: [GC (Allocation Failure) [PSYoungGen: 1407K->483K(1536K)] 7026K->6562K(9728K), 0.0008451 secs] [Times: user=0.00 sys=0.00, real=0.00 secs] 
3.117: [GC (Allocation Failure) [PSYoungGen: 1407K->483K(1536K)] 8390K->7925K(9728K), 0.0007992 secs] [Times: user=0.00 sys=0.00, real=0.00 secs] 
3.118: [Full GC (Ergonomics) [PSYoungGen: 483K->0K(1536K)] [ParOldGen: 7441K->2452K(8192K)] 7925K->2452K(9728K), [Metaspace: 3328K->3328K(1056768K)], 0.0021017 secs] [Times: user=0.01 sys=0.01, real=0.00 secs] 
3.120: [GC (Allocation Failure) [PSYoungGen: 924K->483K(1536K)] 4281K->3840K(9728K), 0.0008097 secs] [Times: user=0.00 sys=0.00, real=0.00 secs] 
3.121: [GC (Allocation Failure) [PSYoungGen: 1408K->484K(1536K)] 5669K->5204K(9728K), 0.0008594 secs] [Times: user=0.00 sys=0.00, real=0.00 secs] 
3.123: [GC (Allocation Failure) [PSYoungGen: 1409K->484K(1536K)] 7034K->6569K(9728K), 0.0008230 secs] [Times: user=0.00 sys=0.00, real=0.01 secs] 
3.124: [GC (Allocation Failure) [PSYoungGen: 1409K->484K(1536K)] 8400K->7935K(9728K), 0.0008118 secs] [Times: user=0.00 sys=0.00, real=0.00 secs] 
3.124: [Full GC (Ergonomics) [PSYoungGen: 484K->0K(1536K)] [ParOldGen: 7450K->2454K(8192K)] 7935K->2454K(9728K), [Metaspace: 3328K->3328K(1056768K)], 0.0025092 secs] [Times: user=0.00 sys=0.00, real=0.00 secs] 
3.127: [GC (Allocation Failure) [PSYoungGen: 925K->484K(1536K)] 4285K->3844K(9728K), 0.0007836 secs] [Times: user=0.00 sys=0.00, real=0.00 secs] 
3.128: [GC (Allocation Failure) [PSYoungGen: 1410K->484K(1536K)] 5676K->5210K(9728K), 0.0008088 secs] [Times: user=0.01 sys=0.00, real=0.00 secs] 
3.129: [GC (Allocation Failure) [PSYoungGen: 1411K->484K(1536K)] 7043K->6577K(9728K), 0.0008353 secs] [Times: user=0.00 sys=0.00, real=0.00 secs] 
3.130: [GC (Allocation Failure) [PSYoungGen: 1411K->485K(1536K)] 8410K->7944K(9728K), 0.0008138 secs] [Times: user=0.00 sys=0.00, real=0.00 secs] 
3.131: [Full GC (Ergonomics) [PSYoungGen: 485K->0K(1536K)] [ParOldGen: 7459K->2456K(8192K)] 7944K->2456K(9728K), [Metaspace: 3328K->3328K(1056768K)], 0.0025522 secs] [Times: user=0.01 sys=0.00, real=0.01 secs] 
3.134: [GC (Allocation Failure) [PSYoungGen: 927K->485K(1536K)] 4290K->3848K(9728K), 0.0008025 secs] [Times: user=0.00 sys=0.00, real=0.00 secs] 
3.135: [GC (Allocation Failure) [PSYoungGen: 1412K->485K(1536K)] 5682K->5216K(9728K), 0.0008090 secs] [Times: user=0.00 sys=0.00, real=0.00 secs] 
3.136: [GC (Allocation Failure) [PSYoungGen: 1413K->485K(1536K)] 7051K->6585K(9728K), 0.0008511 secs] [Times: user=0.00 sys=0.00, real=0.00 secs] 
3.137: [GC (Allocation Failure) [PSYoungGen: 1413K->485K(1536K)] 8420K->7954K(9728K), 0.0008085 secs] [Times: user=0.01 sys=0.00, real=0.00 secs] 
3.138: [Full GC (Ergonomics) [PSYoungGen: 485K->0K(1536K)] [ParOldGen: 7468K->2458K(8192K)] 7954K->2458K(9728K), [Metaspace: 3328K->3328K(1056768K)], 0.0022313 secs] [Times: user=0.00 sys=0.00, real=0.00 secs] 
3.140: [GC (Allocation Failure) [PSYoungGen: 928K->485K(1536K)] 4294K->3852K(9728K), 0.0008073 secs] [Times: user=0.00 sys=0.00, real=0.00 secs] 
3.141: [GC (Allocation Failure) [PSYoungGen: 1414K->486K(1536K)] 5688K->5222K(9728K), 0.0008251 secs] [Times: user=0.00 sys=0.00, real=0.00 secs] 
3.142: [GC (Allocation Failure) [PSYoungGen: 1415K->486K(1536K)] 7059K->6592K(9728K), 0.0007973 secs] [Times: user=0.01 sys=0.00, real=0.01 secs] 
3.143: [GC (Allocation Failure) [PSYoungGen: 1415K->486K(1536K)] 8431K->7964K(9728K), 0.0008492 secs] [Times: user=0.00 sys=0.00, real=0.00 secs] 
3.144: [Full GC (Ergonomics) [PSYoungGen: 486K->0K(1536K)] [ParOldGen: 7477K->2460K(8192K)] 7964K->2460K(9728K), [Metaspace: 3328K->3328K(1056768K)], 0.0021852 secs] [Times: user=0.00 sys=0.00, real=0.00 secs] 
3.146: [GC (Allocation Failure) [PSYoungGen: 929K->486K(1536K)] 4298K->3855K(9728K), 0.0008044 secs] [Times: user=0.01 sys=0.00, real=0.00 secs] 
3.147: [GC (Allocation Failure) [PSYoungGen: 1416K->486K(1536K)] 5695K->5228K(9728K), 0.0008077 secs] [Times: user=0.00 sys=0.00, real=0.00 secs] 
3.148: [GC (Allocation Failure) [PSYoungGen: 1416K->486K(1536K)] 7068K->6600K(9728K), 0.0008327 secs] [Times: user=0.00 sys=0.00, real=0.00 secs] 
3.149: [GC (Allocation Failure) [PSYoungGen: 1417K->487K(1536K)] 8441K->7973K(9728K), 0.0008087 secs] [Times: user=0.00 sys=0.00, real=0.00 secs] 
3.150: [Full GC (Ergonomics) [PSYoungGen: 487K->0K(1536K)] [ParOldGen: 7486K->2462K(8192K)] 7973K->2462K(9728K), [Metaspace: 3328K->3328K(1056768K)], 0.0021901 secs] [Times: user=0.01 sys=0.00, real=0.00 secs] 
3.153: [GC (Allocation Failure) [PSYoungGen: 930K->487K(1536K)] 4303K->3859K(9728K), 0.0003282 secs] [Times: user=0.00 sys=0.00, real=0.01 secs] 
3.153: [GC (Allocation Failure) [PSYoungGen: 1418K->487K(1536K)] 5701K->5233K(9728K), 0.0007988 secs] [Times: user=0.00 sys=0.00, real=0.00 secs] 
3.155: [GC (Allocation Failure) [PSYoungGen: 1418K->487K(1536K)] 7076K->6608K(9728K), 0.0020839 secs] [Times: user=0.00 sys=0.00, real=0.00 secs] 
3.157: [GC (Allocation Failure) [PSYoungGen: 1419K->487K(1536K)] 8451K->7983K(9728K), 0.0008565 secs] [Times: user=0.00 sys=0.00, real=0.00 secs] 
3.158: [Full GC (Ergonomics) [PSYoungGen: 487K->0K(1536K)] [ParOldGen: 7495K->2464K(8192K)] 7983K->2464K(9728K), [Metaspace: 3328K->3328K(1056768K)], 0.0027960 secs] [Times: user=0.01 sys=0.00, real=0.00 secs] 
3.161: [GC (Allocation Failure) [PSYoungGen: 932K->487K(1536K)] 4307K->3863K(9728K), 0.0007999 secs] [Times: user=0.00 sys=0.00, real=0.00 secs] 
3.162: [GC (Allocation Failure) [PSYoungGen: 1420K->487K(1536K)] 5708K->5239K(9728K), 0.0003513 secs] [Times: user=0.00 sys=0.00, real=0.00 secs] 
3.163: [GC (Allocation Failure) [PSYoungGen: 1420K->488K(1536K)] 7084K->6616K(9728K), 0.0009002 secs] [Times: user=0.01 sys=0.00, real=0.00 secs] 
3.164: [GC (Allocation Failure) [PSYoungGen: 1421K->488K(1536K)] 8461K->7992K(9728K), 0.0004523 secs] [Times: user=0.00 sys=0.00, real=0.00 secs] 
3.165: [Full GC (Ergonomics) [PSYoungGen: 488K->0K(1536K)] [ParOldGen: 7504K->2466K(8192K)] 7992K->2466K(9728K), [Metaspace: 3328K->3328K(1056768K)], 0.0044242 secs] [Times: user=0.00 sys=0.00, real=0.00 secs] 
3.170: [GC (Allocation Failure) [PSYoungGen: 933K->488K(1536K)] 4312K->3867K(9728K), 0.0003822 secs] [Times: user=0.00 sys=0.00, real=0.00 secs] 
3.171: [GC (Allocation Failure) [PSYoungGen: 1422K->488K(1536K)] 5714K->5245K(9728K), 0.0007048 secs] [Times: user=0.00 sys=0.00, real=0.00 secs] 
3.172: [GC (Allocation Failure) [PSYoungGen: 1422K->488K(1536K)] 7093K->6623K(9728K), 0.0010047 secs] [Times: user=0.00 sys=0.00, real=0.01 secs] 
3.173: [GC (Allocation Failure) [PSYoungGen: 1423K->488K(1536K)] 8472K->8002K(9728K), 0.0013225 secs] [Times: user=0.00 sys=0.00, real=0.00 secs] 
3.175: [Full GC (Ergonomics) [PSYoungGen: 488K->0K(1536K)] [ParOldGen: 7513K->2467K(8192K)] 8002K->2467K(9728K), [Metaspace: 3328K->3328K(1056768K)], 0.0029104 secs] [Times: user=0.01 sys=0.00, real=0.00 secs] 
3.178: [GC (Allocation Failure) [PSYoungGen: 934K->489K(1536K)] 4316K->3871K(9728K), 0.0007888 secs] [Times: user=0.00 sys=0.00, real=0.00 secs] 
3.179: [GC (Allocation Failure) [PSYoungGen: 1424K->489K(1536K)] 5720K->5251K(9728K), 0.0008108 secs] [Times: user=0.00 sys=0.00, real=0.00 secs] 
3.180: [GC (Allocation Failure) [PSYoungGen: 1424K->489K(1536K)] 7101K->6631K(9728K), 0.0002860 secs] [Times: user=0.00 sys=0.00, real=0.00 secs] 
3.180: [GC (Allocation Failure) [PSYoungGen: 1425K->489K(1536K)] 8482K->8012K(9728K), 0.0008434 secs] [Times: user=0.01 sys=0.00, real=0.00 secs] 
3.181: [Full GC (Ergonomics) [PSYoungGen: 489K->0K(1536K)] [ParOldGen: 7522K->2469K(8192K)] 8012K->2469K(9728K), [Metaspace: 3328K->3328K(1056768K)], 0.0020273 secs] [Times: user=0.00 sys=0.00, real=0.01 secs] 
3.184: [GC (Allocation Failure) [PSYoungGen: 936K->489K(1536K)] 4321K->3875K(9728K), 0.0007863 secs] [Times: user=0.00 sys=0.00, real=0.00 secs] 
3.185: [GC (Allocation Failure) [PSYoungGen: 1426K->489K(1536K)] 5727K->5256K(9728K), 0.0007956 secs] [Times: user=0.01 sys=0.00, real=0.00 secs] 
3.186: [GC (Allocation Failure) [PSYoungGen: 1426K->490K(1536K)] 7109K->6639K(9728K), 0.0008312 secs] [Times: user=0.00 sys=0.00, real=0.00 secs] 
3.187: [GC (Allocation Failure) [PSYoungGen: 1427K->490K(1536K)] 8492K->8021K(9728K), 0.0008126 secs] [Times: user=0.00 sys=0.00, real=0.00 secs] 
3.187: [Full GC (Ergonomics) [PSYoungGen: 490K->0K(1536K)] [ParOldGen: 7531K->2471K(8192K)] 8021K->2471K(9728K), [Metaspace: 3328K->3328K(1056768K)], 0.0026099 secs] [Times: user=0.01 sys=0.00, real=0.00 secs] 
3.190: [GC (Allocation Failure) [PSYoungGen: 937K->490K(1536K)] 4325K->3878K(9728K), 0.0008085 secs] [Times: user=0.00 sys=0.00, real=0.00 secs] 
3.191: [GC (Allocation Failure) [PSYoungGen: 1428K->490K(1536K)] 5733K->5262K(9728K), 0.0008194 secs] [Times: user=0.00 sys=0.00, real=0.00 secs] 
3.192: [GC (Allocation Failure) [PSYoungGen: 1428K->490K(1536K)] 7118K->6646K(9728K), 0.0008116 secs] [Times: user=0.00 sys=0.00, real=0.01 secs] 
3.193: [GC (Allocation Failure) [PSYoungGen: 1428K->490K(1536K)] 8502K->8031K(9728K), 0.0008403 secs] [Times: user=0.00 sys=0.00, real=0.00 secs] 
3.194: [Full GC (Ergonomics) [PSYoungGen: 490K->0K(1536K)] [ParOldGen: 7540K->2473K(8192K)] 8031K->2473K(9728K), [Metaspace: 3328K->3328K(1056768K)], 0.0024974 secs] [Times: user=0.01 sys=0.01, real=0.00 secs] 
3.197: [GC (Allocation Failure) [PSYoungGen: 938K->491K(1536K)] 4330K->3882K(9728K), 0.0008162 secs] [Times: user=0.00 sys=0.00, real=0.00 secs] 
3.198: [GC (Allocation Failure) [PSYoungGen: 1429K->491K(1536K)] 5740K->5268K(9728K), 0.0008075 secs] [Times: user=0.00 sys=0.00, real=0.00 secs] 
3.199: [GC (Allocation Failure) [PSYoungGen: 1430K->491K(1536K)] 7126K->6654K(9728K), 0.0008027 secs] [Times: user=0.01 sys=0.00, real=0.00 secs] 
3.200: [GC (Allocation Failure) [PSYoungGen: 1430K->491K(1536K)] 8513K->8041K(9728K), 0.0008424 secs] [Times: user=0.00 sys=0.00, real=0.00 secs] 
3.201: [Full GC (Ergonomics) [PSYoungGen: 491K->0K(1536K)] [ParOldGen: 7549K->2475K(8192K)] 8041K->2475K(9728K), [Metaspace: 3328K->3328K(1056768K)], 0.0022922 secs] [Times: user=0.00 sys=0.00, real=0.01 secs] 
3.203: [GC (Allocation Failure) [PSYoungGen: 939K->491K(1536K)] 4334K->3886K(9728K), 0.0007909 secs] [Times: user=0.01 sys=0.00, real=0.00 secs] 
3.204: [GC (Allocation Failure) [PSYoungGen: 1431K->491K(1536K)] 5746K->5274K(9728K), 0.0008329 secs] [Times: user=0.00 sys=0.00, real=0.00 secs] 
3.205: [GC (Allocation Failure) [PSYoungGen: 1432K->492K(1536K)] 7134K->6662K(9728K), 0.0008075 secs] [Times: user=0.00 sys=0.00, real=0.00 secs] 
3.206: [GC (Allocation Failure) [PSYoungGen: 1432K->492K(1536K)] 8523K->8050K(9728K), 0.0008550 secs] [Times: user=0.00 sys=0.00, real=0.00 secs] 
3.207: [Full GC (Ergonomics) [PSYoungGen: 492K->0K(1536K)] [ParOldGen: 7558K->2477K(8192K)] 8050K->2477K(9728K), [Metaspace: 3328K->3328K(1056768K)], 0.0022703 secs] [Times: user=0.01 sys=0.00, real=0.00 secs] 
3.210: [GC (Allocation Failure) [PSYoungGen: 941K->492K(1536K)] 4339K->3890K(9728K), 0.0007870 secs] [Times: user=0.00 sys=0.00, real=0.00 secs] 
3.211: [GC (Allocation Failure) [PSYoungGen: 1433K->492K(1536K)] 5752K->5279K(9728K), 0.0007878 secs] [Times: user=0.00 sys=0.00, real=0.00 secs] 
3.212: [GC (Allocation Failure) [PSYoungGen: 1434K->492K(1536K)] 7142K->6669K(9728K), 0.0008307 secs] [Times: user=0.00 sys=0.00, real=0.00 secs] 
3.213: [GC (Allocation Failure) [PSYoungGen: 1434K->492K(1536K)] 8533K->8060K(9728K), 0.0008421 secs] [Times: user=0.01 sys=0.00, real=0.01 secs] 
3.214: [Full GC (Ergonomics) [PSYoungGen: 492K->0K(1536K)] [ParOldGen: 7567K->2479K(8192K)] 8060K->2479K(9728K), [Metaspace: 3328K->3328K(1056768K)], 0.0020580 secs] [Times: user=0.00 sys=0.00, real=0.00 secs] 
3.216: [GC (Allocation Failure) [PSYoungGen: 942K->492K(1536K)] 4343K->3894K(9728K), 0.0007934 secs] [Times: user=0.00 sys=0.00, real=0.00 secs] 
3.217: [GC (Allocation Failure) [PSYoungGen: 1435K->493K(1536K)] 5759K->5285K(9728K), 0.0008110 secs] [Times: user=0.00 sys=0.00, real=0.00 secs] 
3.218: [GC (Allocation Failure) [PSYoungGen: 1436K->493K(1536K)] 7151K->6677K(9728K), 0.0008106 secs] [Times: user=0.01 sys=0.00, real=0.00 secs] 
3.219: [GC (Allocation Failure) [PSYoungGen: 1436K->493K(1536K)] 8543K->8069K(9728K), 0.0008199 secs] [Times: user=0.00 sys=0.00, real=0.00 secs] 
3.220: [Full GC (Ergonomics) [PSYoungGen: 493K->0K(1536K)] [ParOldGen: 7576K->2481K(8192K)] 8069K->2481K(9728K), [Metaspace: 3328K->3328K(1056768K)], 0.0021259 secs] [Times: user=0.00 sys=0.00, real=0.00 secs] 
3.222: [GC (Allocation Failure) [PSYoungGen: 943K->493K(1536K)] 4348K->3898K(9728K), 0.0008034 secs] [Times: user=0.01 sys=0.00, real=0.01 secs] 
3.223: [GC (Allocation Failure) [PSYoungGen: 1437K->493K(1536K)] 5765K->5291K(9728K), 0.0008003 secs] [Times: user=0.00 sys=0.00, real=0.00 secs] 
3.224: [GC (Allocation Failure) [PSYoungGen: 1438K->493K(1536K)] 7159K->6685K(9728K), 0.0008035 secs] [Times: user=0.00 sys=0.00, real=0.00 secs] 
3.225: [GC (Allocation Failure) [PSYoungGen: 1438K->494K(1536K)] 8554K->8079K(9728K), 0.0008328 secs] [Times: user=0.00 sys=0.00, real=0.00 secs] 
3.226: [Full GC (Ergonomics) [PSYoungGen: 494K->0K(1536K)] [ParOldGen: 7585K->2483K(8192K)] 8079K->2483K(9728K), [Metaspace: 3328K->3328K(1056768K)], 0.0020918 secs] [Times: user=0.01 sys=0.00, real=0.00 secs] 
3.228: [GC (Allocation Failure) [PSYoungGen: 944K->494K(1536K)] 4352K->3902K(9728K), 0.0008020 secs] [Times: user=0.00 sys=0.00, real=0.00 secs] 
3.229: [GC (Allocation Failure) [PSYoungGen: 1439K->494K(1536K)] 5772K->5297K(9728K), 0.0008102 secs] [Times: user=0.00 sys=0.00, real=0.00 secs] 
3.230: [GC (Allocation Failure) [PSYoungGen: 1440K->494K(1536K)] 7167K->6692K(9728K), 0.0008153 secs] [Times: user=0.00 sys=0.00, real=0.00 secs] 
3.231: [GC (Allocation Failure) [PSYoungGen: 1440K->494K(1536K)] 8564K->8089K(9728K), 0.0008366 secs] [Times: user=0.00 sys=0.00, real=0.00 secs] 
3.232: [Full GC (Ergonomics) [PSYoungGen: 494K->0K(1536K)] [ParOldGen: 7594K->2485K(8192K)] 8089K->2485K(9728K), [Metaspace: 3328K->3328K(1056768K)], 0.0023477 secs] [Times: user=0.01 sys=0.00, real=0.01 secs] 
3.235: [GC (Allocation Failure) [PSYoungGen: 946K->494K(1536K)] 4357K->3905K(9728K), 0.0007856 secs] [Times: user=0.00 sys=0.00, real=0.00 secs] 
3.236: [GC (Allocation Failure) [PSYoungGen: 1441K->495K(1536K)] 5778K->5303K(9728K), 0.0008454 secs] [Times: user=0.00 sys=0.00, real=0.00 secs] 
3.237: [GC (Allocation Failure) [PSYoungGen: 1441K->495K(1536K)] 7176K->6700K(9728K), 0.0008146 secs] [Times: user=0.01 sys=0.00, real=0.00 secs] 
3.238: [GC (Allocation Failure) [PSYoungGen: 1442K->495K(1536K)] 8574K->8098K(9728K), 0.0008237 secs] [Times: user=0.00 sys=0.00, real=0.00 secs] 
3.239: [Full GC (Ergonomics) [PSYoungGen: 495K->0K(1536K)] [ParOldGen: 7603K->2487K(8192K)] 8098K->2487K(9728K), [Metaspace: 3328K->3328K(1056768K)], 0.0026298 secs] [Times: user=0.01 sys=0.00, real=0.00 secs] 
3.242: [GC (Allocation Failure) [PSYoungGen: 947K->495K(1536K)] 4361K->3909K(9728K), 0.0008027 secs] [Times: user=0.00 sys=0.00, real=0.00 secs] 
3.243: [GC (Allocation Failure) [PSYoungGen: 1443K->495K(1536K)] 5784K->5308K(9728K), 0.0008064 secs] [Times: user=0.00 sys=0.00, real=0.01 secs] 
3.244: [GC (Allocation Failure) [PSYoungGen: 1443K->495K(1536K)] 7184K->6708K(9728K), 0.0008170 secs] [Times: user=0.00 sys=0.00, real=0.00 secs] 
3.245: [GC (Allocation Failure) [PSYoungGen: 1444K->496K(1536K)] 8584K->8108K(9728K), 0.0008519 secs] [Times: user=0.00 sys=0.00, real=0.00 secs] 
3.246: [Full GC (Ergonomics) [PSYoungGen: 496K->0K(1536K)] [ParOldGen: 7612K->2489K(8192K)] 8108K->2489K(9728K), [Metaspace: 3328K->3328K(1056768K)], 0.0020831 secs] [Times: user=0.01 sys=0.00, real=0.00 secs] 
3.248: [GC (Allocation Failure) [PSYoungGen: 948K->496K(1536K)] 4366K->3913K(9728K), 0.0007915 secs] [Times: user=0.00 sys=0.00, real=0.00 secs] 
3.249: [GC (Allocation Failure) [PSYoungGen: 1445K->496K(1536K)] 5791K->5314K(9728K), 0.0008001 secs] [Times: user=0.00 sys=0.00, real=0.00 secs] 
3.250: [GC (Allocation Failure) [PSYoungGen: 1445K->496K(1536K)] 7192K->6715K(9728K), 0.0007895 secs] [Times: user=0.00 sys=0.00, real=0.00 secs] 
3.251: [GC (Allocation Failure) [PSYoungGen: 1446K->496K(1536K)] 8595K->8117K(9728K), 0.0003903 secs] [Times: user=0.01 sys=0.00, real=0.00 secs] 
3.251: [Full GC (Ergonomics) [PSYoungGen: 496K->0K(1536K)] [ParOldGen: 7621K->2491K(8192K)] 8117K->2491K(9728K), [Metaspace: 3328K->3328K(1056768K)], 0.0025236 secs] [Times: user=0.00 sys=0.00, real=0.01 secs] 
3.254: [GC (Allocation Failure) [PSYoungGen: 950K->496K(1536K)] 4370K->3917K(9728K), 0.0007787 secs] [Times: user=0.00 sys=0.00, real=0.00 secs] 
3.255: [GC (Allocation Failure) [PSYoungGen: 1447K->496K(1536K)] 5797K->5320K(9728K), 0.0008307 secs] [Times: user=0.01 sys=0.00, real=0.00 secs] 
3.256: [GC (Allocation Failure) [PSYoungGen: 1447K->497K(1536K)] 7201K->6723K(9728K), 0.0008115 secs] [Times: user=0.00 sys=0.00, real=0.00 secs] 
3.257: [GC (Allocation Failure) [PSYoungGen: 1448K->497K(1536K)] 8605K->8127K(9728K), 0.0008119 secs] [Times: user=0.00 sys=0.00, real=0.00 secs] 
3.258: [Full GC (Ergonomics) [PSYoungGen: 497K->0K(1536K)] [ParOldGen: 7630K->2492K(8192K)] 8127K->2492K(9728K), [Metaspace: 3328K->3328K(1056768K)], 0.0025422 secs] [Times: user=0.01 sys=0.00, real=0.00 secs] 
3.261: [GC (Allocation Failure) [PSYoungGen: 951K->497K(1536K)] 4375K->3921K(9728K), 0.0008071 secs] [Times: user=0.00 sys=0.00, real=0.00 secs] 
3.262: [GC (Allocation Failure) [PSYoungGen: 1449K->497K(1536K)] 5804K->5326K(9728K), 0.0008524 secs] [Times: user=0.00 sys=0.00, real=0.00 secs] 
3.263: [GC (Allocation Failure) [PSYoungGen: 1449K->497K(1536K)] 7209K->6731K(9728K), 0.0008038 secs] [Times: user=0.00 sys=0.00, real=0.00 secs] 
3.264: [GC (Allocation Failure) [PSYoungGen: 1450K->497K(1536K)] 8615K->8137K(9728K), 0.0008306 secs] [Times: user=0.00 sys=0.00, real=0.00 secs] 
3.265: [Full GC (Ergonomics) [PSYoungGen: 497K->0K(1536K)] [ParOldGen: 7639K->2494K(8192K)] 8137K->2494K(9728K), [Metaspace: 3328K->3328K(1056768K)], 0.0025827 secs] [Times: user=0.01 sys=0.00, real=0.00 secs] 
3.267: [GC (Allocation Failure) [PSYoungGen: 952K->498K(1536K)] 4379K->3925K(9728K), 0.0002908 secs] [Times: user=0.00 sys=0.00, real=0.00 secs] 
3.268: [GC (Allocation Failure) [PSYoungGen: 1451K->498K(1536K)] 5810K->5331K(9728K), 0.0008098 secs] [Times: user=0.00 sys=0.00, real=0.00 secs] 
3.269: [GC (Allocation Failure) [PSYoungGen: 1451K->498K(1536K)] 7217K->6739K(9728K), 0.0008235 secs] [Times: user=0.01 sys=0.00, real=0.00 secs] 
3.270: [GC (Allocation Failure) [PSYoungGen: 1452K->498K(1536K)] 8625K->8146K(9728K), 0.0008037 secs] [Times: user=0.00 sys=0.00, real=0.00 secs] 
3.271: [Full GC (Ergonomics) [PSYoungGen: 498K->0K(1536K)] [ParOldGen: 7648K->2496K(8192K)] 8146K->2496K(9728K), [Metaspace: 3328K->3328K(1056768K)], 0.0025249 secs] [Times: user=0.00 sys=0.00, real=0.01 secs] 
3.274: [GC (Allocation Failure) [PSYoungGen: 953K->498K(1536K)] 4384K->3928K(9728K), 0.0007957 secs] [Times: user=0.01 sys=0.00, real=0.00 secs] 
3.275: [GC (Allocation Failure) [PSYoungGen: 1452K->498K(1536K)] 5816K->5337K(9728K), 0.0008266 secs] [Times: user=0.00 sys=0.00, real=0.00 secs] 
3.276: [GC (Allocation Failure) [PSYoungGen: 1453K->499K(1536K)] 7226K->6746K(9728K), 0.0008038 secs] [Times: user=0.00 sys=0.00, real=0.00 secs] 
3.277: [GC (Allocation Failure) [PSYoungGen: 1453K->499K(1536K)] 8636K->8156K(9728K), 0.0008342 secs] [Times: user=0.00 sys=0.00, real=0.00 secs] 
3.278: [Full GC (Ergonomics) [PSYoungGen: 499K->0K(1536K)] [ParOldGen: 7657K->2498K(8192K)] 8156K->2498K(9728K), [Metaspace: 3328K->3328K(1056768K)], 0.0021672 secs] [Times: user=0.01 sys=0.00, real=0.00 secs] 
3.280: [GC (Allocation Failure) [PSYoungGen: 955K->499K(1536K)] 4388K->3932K(9728K), 0.0007909 secs] [Times: user=0.00 sys=0.00, real=0.00 secs] 
3.281: [GC (Allocation Failure) [PSYoungGen: 1454K->499K(1536K)] 5823K->5343K(9728K), 0.0008056 secs] [Times: user=0.00 sys=0.00, real=0.00 secs] 
3.282: [GC (Allocation Failure) [PSYoungGen: 1455K->499K(1536K)] 7234K->6754K(9728K), 0.0008300 secs] [Times: user=0.00 sys=0.00, real=0.00 secs] 
3.283: [GC (Allocation Failure) [PSYoungGen: 1455K->499K(1536K)] 8646K->8165K(9728K), 0.0008366 secs] [Times: user=0.00 sys=0.00, real=0.00 secs] 
3.284: [Full GC (Ergonomics) [PSYoungGen: 499K->0K(1536K)] [ParOldGen: 7666K->2500K(8192K)] 8165K->2500K(9728K), [Metaspace: 3328K->3328K(1056768K)], 0.0020580 secs] [Times: user=0.01 sys=0.00, real=0.00 secs] 
3.286: [GC (Allocation Failure) [PSYoungGen: 956K->500K(1536K)] 4393K->3936K(9728K), 0.0007893 secs] [Times: user=0.00 sys=0.00, real=0.00 secs] 
3.287: [GC (Allocation Failure) [PSYoungGen: 1456K->500K(1536K)] 5829K->5349K(9728K), 0.0008403 secs] [Times: user=0.00 sys=0.00, real=0.00 secs] 
3.288: [GC (Allocation Failure) [PSYoungGen: 1457K->500K(1536K)] 7242K->6762K(9728K), 0.0008079 secs] [Times: user=0.01 sys=0.00, real=0.00 secs] 
3.289: [GC (Allocation Failure) [PSYoungGen: 1457K->500K(1536K)] 8656K->8175K(9728K), 0.0008464 secs] [Times: user=0.00 sys=0.00, real=0.00 secs] 
3.290: [Full GC (Ergonomics) [PSYoungGen: 500K->0K(1536K)] [ParOldGen: 7675K->2502K(8192K)] 8175K->2502K(9728K), [Metaspace: 3328K->3328K(1056768K)], 0.0020248 secs] [Times: user=0.00 sys=0.00, real=0.00 secs] 
3.292: [GC (Allocation Failure) [PSYoungGen: 957K->500K(1536K)] 4397K->3940K(9728K), 0.0007974 secs] [Times: user=0.01 sys=0.00, real=0.01 secs] 
3.293: [GC (Allocation Failure) [PSYoungGen: 1458K->500K(1536K)] 5836K->5354K(9728K), 0.0008142 secs] [Times: user=0.00 sys=0.00, real=0.00 secs] 
3.294: [GC (Allocation Failure) [PSYoungGen: 1459K->500K(1536K)] 7251K->6769K(9728K), 0.0008342 secs] [Times: user=0.00 sys=0.00, real=0.00 secs] 
3.295: [GC (Allocation Failure) [PSYoungGen: 1459K->501K(1536K)] 8666K->8185K(9728K), 0.0008181 secs] [Times: user=0.00 sys=0.00, real=0.00 secs] 
3.296: [Full GC (Ergonomics) [PSYoungGen: 501K->0K(1536K)] [ParOldGen: 7684K->2504K(8192K)] 8185K->2504K(9728K), [Metaspace: 3328K->3328K(1056768K)], 0.0025887 secs] [Times: user=0.01 sys=0.00, real=0.00 secs] 
3.299: [GC (Allocation Failure) [PSYoungGen: 959K->501K(1536K)] 4402K->3944K(9728K), 0.0008214 secs] [Times: user=0.00 sys=0.00, real=0.00 secs] 
3.300: [GC (Allocation Failure) [PSYoungGen: 1460K->501K(1536K)] 5842K->5360K(9728K), 0.0008355 secs] [Times: user=0.00 sys=0.00, real=0.00 secs] 
3.301: [GC (Allocation Failure) [PSYoungGen: 1461K->501K(1536K)] 7259K->6777K(9728K), 0.0008077 secs] [Times: user=0.00 sys=0.00, real=0.00 secs] 
3.302: [Full GC (Ergonomics) [PSYoungGen: 1461K->0K(1536K)] [ParOldGen: 7215K->2506K(8192K)] 8677K->2506K(9728K), [Metaspace: 3328K->3328K(1056768K)], 0.0022736 secs] [Times: user=0.01 sys=0.00, real=0.01 secs] 
3.305: [GC (Allocation Failure) [PSYoungGen: 960K->501K(1536K)] 4406K->3948K(9728K), 0.0007869 secs] [Times: user=0.00 sys=0.00, real=0.00 secs] 
3.306: [GC (Allocation Failure) [PSYoungGen: 1462K->502K(1536K)] 5849K->5366K(9728K), 0.0008220 secs] [Times: user=0.00 sys=0.00, real=0.00 secs] 
3.307: [GC (Allocation Failure) [PSYoungGen: 1463K->502K(1536K)] 7267K->6785K(9728K), 0.0008652 secs] [Times: user=0.01 sys=0.00, real=0.00 secs] 
3.308: [Full GC (Ergonomics) [PSYoungGen: 1463K->0K(1536K)] [ParOldGen: 7223K->2508K(8192K)] 8687K->2508K(9728K), [Metaspace: 3328K->3328K(1056768K)], 0.0024179 secs] [Times: user=0.00 sys=0.00, real=0.00 secs] 
3.310: [GC (Allocation Failure) [PSYoungGen: 961K->502K(1536K)] 4411K->3952K(9728K), 0.0007948 secs] [Times: user=0.00 sys=0.00, real=0.00 secs] 
3.311: [GC (Allocation Failure) [PSYoungGen: 1464K->502K(1536K)] 5855K->5372K(9728K), 0.0008210 secs] [Times: user=0.01 sys=0.00, real=0.00 secs] 
3.312: [GC (Allocation Failure) [PSYoungGen: 1465K->502K(1536K)] 7276K->6792K(9728K), 0.0008402 secs] [Times: user=0.00 sys=0.00, real=0.01 secs] 
3.313: [Full GC (Ergonomics) [PSYoungGen: 1465K->0K(1536K)] [ParOldGen: 7232K->2510K(8192K)] 8697K->2510K(9728K), [Metaspace: 3328K->3328K(1056768K)], 0.0025302 secs] [Times: user=0.00 sys=0.00, real=0.00 secs] 
3.316: [GC (Allocation Failure) [PSYoungGen: 962K->503K(1536K)] 4415K->3955K(9728K), 0.0008048 secs] [Times: user=0.01 sys=0.00, real=0.00 secs] 
3.317: [GC (Allocation Failure) [PSYoungGen: 1466K->503K(1536K)] 5861K->5377K(9728K), 0.0008404 secs] [Times: user=0.00 sys=0.00, real=0.00 secs] 
3.318: [GC (Allocation Failure) [PSYoungGen: 1466K->503K(1536K)] 7284K->6800K(9728K), 0.0008103 secs] [Times: user=0.00 sys=0.00, real=0.00 secs] 
3.319: [Full GC (Ergonomics) [PSYoungGen: 1467K->0K(1536K)] [ParOldGen: 7240K->2512K(8192K)] 8707K->2512K(9728K), [Metaspace: 3328K->3328K(1056768K)], 0.0020473 secs] [Times: user=0.01 sys=0.00, real=0.00 secs] 
3.322: [GC (Allocation Failure) [PSYoungGen: 964K->503K(1536K)] 4420K->3959K(9728K), 0.0007936 secs] [Times: user=0.00 sys=0.00, real=0.00 secs] 
3.323: [GC (Allocation Failure) [PSYoungGen: 1468K->504K(1536K)] 5868K->5383K(9728K), 0.0008030 secs] [Times: user=0.00 sys=0.00, real=0.01 secs] 
3.324: [GC (Allocation Failure) [PSYoungGen: 1468K->504K(1536K)] 7292K->6808K(9728K), 0.0004722 secs] [Times: user=0.00 sys=0.00, real=0.00 secs] 
3.324: [Full GC (Ergonomics) [PSYoungGen: 1469K->0K(1536K)] [ParOldGen: 7248K->2514K(8192K)] 8718K->2514K(9728K), [Metaspace: 3328K->3328K(1056768K)], 0.0025755 secs] [Times: user=0.01 sys=0.00, real=0.00 secs] 
3.327: [GC (Allocation Failure) [PSYoungGen: 965K->504K(1536K)] 4424K->3963K(9728K), 0.0008001 secs] [Times: user=0.00 sys=0.00, real=0.00 secs] 
3.328: [GC (Allocation Failure) [PSYoungGen: 1470K->504K(1536K)] 5874K->5389K(9728K), 0.0006461 secs] [Times: user=0.00 sys=0.00, real=0.00 secs] 
3.329: [GC (Allocation Failure) [PSYoungGen: 1470K->504K(1536K)] 7301K->6815K(9728K), 0.0008548 secs] [Times: user=0.00 sys=0.00, real=0.00 secs] 
3.330: [Full GC (Ergonomics) [PSYoungGen: 1471K->0K(1536K)] [ParOldGen: 7257K->2516K(8192K)] 8728K->2516K(9728K), [Metaspace: 3328K->3328K(1056768K)], 0.0026164 secs] [Times: user=0.01 sys=0.00, real=0.00 secs] 
3.333: [GC (Allocation Failure) [PSYoungGen: 966K->505K(1536K)] 4429K->3967K(9728K), 0.0007999 secs] [Times: user=0.00 sys=0.00, real=0.00 secs] 
3.334: [GC (Allocation Failure) [PSYoungGen: 1472K->505K(1536K)] 5881K->5395K(9728K), 0.0008038 secs] [Times: user=0.00 sys=0.00, real=0.00 secs] 
3.335: [GC (Allocation Failure) [PSYoungGen: 1472K->505K(1536K)] 7309K->6823K(9728K), 0.0008421 secs] [Times: user=0.00 sys=0.00, real=0.00 secs] 
3.336: [Full GC (Ergonomics) [PSYoungGen: 1473K->0K(1536K)] [ParOldGen: 7265K->2517K(8192K)] 8738K->2517K(9728K), [Metaspace: 3328K->3328K(1056768K)], 0.0025679 secs] [Times: user=0.01 sys=0.00, real=0.00 secs] 
3.339: [GC (Allocation Failure) [PSYoungGen: 968K->505K(1536K)] 4433K->3971K(9728K), 0.0007974 secs] [Times: user=0.00 sys=0.00, real=0.00 secs] 
3.340: [GC (Allocation Failure) [PSYoungGen: 1474K->505K(1536K)] 5887K->5401K(9728K), 0.0008046 secs] [Times: user=0.00 sys=0.00, real=0.00 secs] 
3.341: [GC (Allocation Failure) [PSYoungGen: 1474K->506K(1536K)] 7317K->6831K(9728K), 0.0008805 secs] [Times: user=0.01 sys=0.00, real=0.00 secs] 
3.342: [Full GC (Ergonomics) [PSYoungGen: 1475K->0K(1536K)] [ParOldGen: 7273K->2519K(8192K)] 8748K->2519K(9728K), [Metaspace: 3328K->3328K(1056768K)], 0.0034361 secs] [Times: user=0.00 sys=0.00, real=0.01 secs] 
3.346: [GC (Allocation Failure) [PSYoungGen: 969K->506K(1536K)] 4438K->3975K(9728K), 0.0008424 secs] [Times: user=0.01 sys=0.00, real=0.00 secs] 
3.347: [GC (Allocation Failure) [PSYoungGen: 1476K->506K(1536K)] 5893K->5406K(9728K), 0.0008575 secs] [Times: user=0.00 sys=0.00, real=0.00 secs] 
3.348: [GC (Allocation Failure) [PSYoungGen: 1476K->506K(1536K)] 7326K->6838K(9728K), 0.0003361 secs] [Times: user=0.00 sys=0.00, real=0.00 secs] 
3.349: [Full GC (Ergonomics) [PSYoungGen: 1477K->0K(1536K)] [ParOldGen: 7282K->2521K(8192K)] 8759K->2521K(9728K), [Metaspace: 3328K->3328K(1056768K)], 0.0055202 secs] [Times: user=0.01 sys=0.00, real=0.01 secs] 
3.355: [GC (Allocation Failure) [PSYoungGen: 970K->507K(1536K)] 4442K->3978K(9728K), 0.0004719 secs] [Times: user=0.00 sys=0.00, real=0.00 secs] 
3.356: [GC (Allocation Failure) [PSYoungGen: 1477K->507K(1536K)] 5900K->5412K(9728K), 0.0004558 secs] [Times: user=0.00 sys=0.00, real=0.00 secs] 
3.357: [GC (Allocation Failure) [PSYoungGen: 1478K->507K(1536K)] 7334K->6846K(9728K), 0.0003445 secs] [Times: user=0.00 sys=0.00, real=0.00 secs] 
3.357: [Full GC (Ergonomics) [PSYoungGen: 1478K->0K(1536K)] [ParOldGen: 7290K->2523K(8192K)] 8769K->2523K(9728K), [Metaspace: 3328K->3328K(1056768K)], 0.0021405 secs] [Times: user=0.00 sys=0.00, real=0.00 secs] 
3.360: [GC (Allocation Failure) [PSYoungGen: 971K->507K(1536K)] 4446K->3982K(9728K), 0.0003818 secs] [Times: user=0.00 sys=0.00, real=0.00 secs] 
3.360: [GC (Allocation Failure) [PSYoungGen: 1479K->507K(1536K)] 5906K->5410K(9728K), 0.0002974 secs] [Times: user=0.00 sys=0.00, real=0.00 secs] 
3.361: [GC (Allocation Failure) [PSYoungGen: 1480K->508K(1536K)] 7334K->6838K(9728K), 0.0004829 secs] [Times: user=0.01 sys=0.00, real=0.00 secs] 
3.361: [Full GC (Ergonomics) [PSYoungGen: 1480K->0K(1536K)] [ParOldGen: 7282K->2525K(8192K)] 8763K->2525K(9728K), [Metaspace: 3328K->3328K(1056768K)], 0.0022171 secs] [Times: user=0.00 sys=0.00, real=0.01 secs] 
3.364: [GC (Allocation Failure) [PSYoungGen: 973K->508K(1536K)] 4451K->3986K(9728K), 0.0002994 secs] [Times: user=0.00 sys=0.00, real=0.00 secs] 
3.364: [GC (Allocation Failure) [PSYoungGen: 1481K->508K(1536K)] 5913K->5416K(9728K), 0.0003004 secs] [Times: user=0.00 sys=0.00, real=0.00 secs] 
3.365: [GC (Allocation Failure) [PSYoungGen: 1482K->508K(1536K)] 7343K->6369K(9728K), 0.0004528 secs] [Times: user=0.00 sys=0.01, real=0.00 secs] 
3.366: [GC (Allocation Failure) [PSYoungGen: 1482K->508K(1536K)] 8297K->7331K(9728K), 0.0008178 secs] [Times: user=0.01 sys=0.00, real=0.00 secs] 
3.367: [Full GC (Ergonomics) [PSYoungGen: 1483K->0K(1536K)] [ParOldGen: 7776K->2528K(8192K)] 9259K->2528K(9728K), [Metaspace: 3328K->3328K(1056768K)], 0.0022208 secs] [Times: user=0.00 sys=0.00, real=0.00 secs] 
3.369: [GC (Allocation Failure) [PSYoungGen: 974K->509K(1536K)] 4457K->3991K(9728K), 0.0007927 secs] [Times: user=0.00 sys=0.00, real=0.00 secs] 
3.370: [GC (Allocation Failure) [PSYoungGen: 1484K->509K(1536K)] 5921K->5431K(9728K), 0.0008135 secs] [Times: user=0.00 sys=0.00, real=0.00 secs] 
3.371: [GC (Allocation Failure) [PSYoungGen: 1484K->509K(1536K)] 7361K->6871K(9728K), 0.0008267 secs] [Times: user=0.01 sys=0.00, real=0.00 secs] 
3.372: [Full GC (Ergonomics) [PSYoungGen: 1485K->0K(1536K)] [ParOldGen: 7317K->2529K(8192K)] 8802K->2529K(9728K), [Metaspace: 3328K->3328K(1056768K)], 0.0021095 secs] [Times: user=0.00 sys=0.00, real=0.01 secs] 
3.374: [GC (Allocation Failure) [PSYoungGen: 976K->509K(1536K)] 4461K->3995K(9728K), 0.0008034 secs] [Times: user=0.00 sys=0.00, real=0.00 secs] 
3.375: [GC (Allocation Failure) [PSYoungGen: 1486K->509K(1536K)] 5927K->5437K(9728K), 0.0008192 secs] [Times: user=0.01 sys=0.00, real=0.00 secs] 
3.376: [GC (Allocation Failure) [PSYoungGen: 1486K->510K(1536K)] 7369K->6879K(9728K), 0.0008397 secs] [Times: user=0.00 sys=0.00, real=0.00 secs] 
3.377: [Full GC (Ergonomics) [PSYoungGen: 1487K->0K(1536K)] [ParOldGen: 7325K->2531K(8192K)] 8812K->2531K(9728K), [Metaspace: 3328K->3328K(1056768K)], 0.0026061 secs] [Times: user=0.00 sys=0.00, real=0.00 secs] 
3.380: [GC (Allocation Failure) [PSYoungGen: 977K->510K(1536K)] 4466K->3999K(9728K), 0.0007815 secs] [Times: user=0.01 sys=0.00, real=0.00 secs] 
3.381: [GC (Allocation Failure) [PSYoungGen: 1488K->510K(1536K)] 5933K->5442K(9728K), 0.0003330 secs] [Times: user=0.00 sys=0.00, real=0.00 secs] 
3.382: [GC (Allocation Failure) [PSYoungGen: 1488K->510K(1536K)] 7378K->6887K(9728K), 0.0006696 secs] [Times: user=0.00 sys=0.00, real=0.00 secs] 
3.383: [Full GC (Ergonomics) [PSYoungGen: 1489K->0K(1536K)] [ParOldGen: 7334K->2533K(8192K)] 8823K->2533K(9728K), [Metaspace: 3328K->3328K(1056768K)], 0.0025506 secs] [Times: user=0.00 sys=0.00, real=0.01 secs] 
3.385: [GC (Allocation Failure) [PSYoungGen: 978K->511K(1536K)] 4470K->4002K(9728K), 0.0007985 secs] [Times: user=0.01 sys=0.00, real=0.00 secs] 
3.386: [GC (Allocation Failure) [PSYoungGen: 1489K->511K(1536K)] 5940K->5448K(9728K), 0.0007977 secs] [Times: user=0.00 sys=0.00, real=0.00 secs] 
3.387: [GC (Allocation Failure) [PSYoungGen: 1490K->511K(1536K)] 7386K->6894K(9728K), 0.0008536 secs] [Times: user=0.00 sys=0.00, real=0.00 secs] 
3.389: [Full GC (Ergonomics) [PSYoungGen: 1490K->0K(1536K)] [ParOldGen: 7342K->2535K(8192K)] 8833K->2535K(9728K), [Metaspace: 3328K->3328K(1056768K)], 0.0026254 secs] [Times: user=0.01 sys=0.00, real=0.00 secs] 
3.391: [GC (Allocation Failure) [PSYoungGen: 979K->511K(1536K)] 4474K->4006K(9728K), 0.0007948 secs] [Times: user=0.00 sys=0.00, real=0.00 secs] 
3.392: [GC (Allocation Failure) [PSYoungGen: 1491K->511K(1536K)] 5946K->5454K(9728K), 0.0008185 secs] [Times: user=0.00 sys=0.00, real=0.01 secs] 
3.393: [GC (Allocation Failure) [PSYoungGen: 1492K->32K(1536K)] 7394K->6902K(9728K), 0.0008458 secs] [Times: user=0.00 sys=0.00, real=0.00 secs] 
3.395: [Full GC (Ergonomics) [PSYoungGen: 1012K->0K(1536K)] [ParOldGen: 7830K->2537K(8192K)] 8843K->2537K(9728K), [Metaspace: 3328K->3328K(1056768K)], 0.0025503 secs] [Times: user=0.01 sys=0.00, real=0.00 secs] 
3.397: [GC (Allocation Failure) [PSYoungGen: 981K->32K(1536K)] 4479K->4010K(9728K), 0.0008299 secs] [Times: user=0.00 sys=0.00, real=0.00 secs] 
3.398: [GC (Allocation Failure) [PSYoungGen: 1013K->32K(1536K)] 5953K->5460K(9728K), 0.0008041 secs] [Times: user=0.00 sys=0.00, real=0.00 secs] 
3.399: [GC (Allocation Failure) [PSYoungGen: 1013K->32K(1536K)] 7403K->6910K(9728K), 0.0008014 secs] [Times: user=0.01 sys=0.00, real=0.00 secs] 
3.400: [Full GC (Ergonomics) [PSYoungGen: 1014K->0K(1536K)] [ParOldGen: 7839K->2539K(8192K)] 8853K->2539K(9728K), [Metaspace: 3328K->3328K(1056768K)], 0.0020897 secs] [Times: user=0.00 sys=0.00, real=0.00 secs] 
3.403: [GC (Allocation Failure) [PSYoungGen: 982K->32K(1536K)] 4483K->4014K(9728K), 0.0007983 secs] [Times: user=0.00 sys=0.00, real=0.01 secs] 
3.404: [GC (Allocation Failure) [PSYoungGen: 1014K->32K(1536K)] 5959K->5465K(9728K), 0.0008024 secs] [Times: user=0.00 sys=0.00, real=0.00 secs] 
3.405: [GC (Allocation Failure) [PSYoungGen: 1015K->32K(1536K)] 7411K->6917K(9728K), 0.0008022 secs] [Times: user=0.01 sys=0.00, real=0.00 secs] 
3.406: [Full GC (Ergonomics) [PSYoungGen: 1015K->0K(1536K)] [ParOldGen: 7848K->2541K(8192K)] 8864K->2541K(9728K), [Metaspace: 3328K->3328K(1056768K)], 0.0025892 secs] [Times: user=0.00 sys=0.00, real=0.00 secs] 
3.408: [GC (Allocation Failure) [PSYoungGen: 983K->32K(1536K)] 4488K->4018K(9728K), 0.0007805 secs] [Times: user=0.00 sys=0.00, real=0.00 secs] 
3.410: [GC (Allocation Failure) [PSYoungGen: 1016K->32K(1536K)] 5965K->5471K(9728K), 0.0007936 secs] [Times: user=0.01 sys=0.00, real=0.00 secs] 
3.411: [GC (Allocation Failure) [PSYoungGen: 1016K->32K(1536K)] 7419K->6925K(9728K), 0.0007992 secs] [Times: user=0.00 sys=0.00, real=0.00 secs] 
3.412: [Full GC (Ergonomics) [PSYoungGen: 1016K->0K(1536K)] [ParOldGen: 7857K->2543K(8192K)] 8874K->2543K(9728K), [Metaspace: 3328K->3328K(1056768K)], 0.0025880 secs] [Times: user=0.00 sys=0.00, real=0.01 secs] 
3.414: [GC (Allocation Failure) [PSYoungGen: 985K->32K(1536K)] 4492K->4022K(9728K), 0.0008102 secs] [Times: user=0.00 sys=0.00, real=0.00 secs] 
3.415: [GC (Allocation Failure) [PSYoungGen: 1017K->32K(1536K)] 5972K->5477K(9728K), 0.0007925 secs] [Times: user=0.00 sys=0.00, real=0.00 secs] 
3.416: [GC (Allocation Failure) [PSYoungGen: 1017K->32K(1536K)] 7428K->6933K(9728K), 0.0008165 secs] [Times: user=0.00 sys=0.00, real=0.00 secs] 
3.417: [Full GC (Ergonomics) [PSYoungGen: 1017K->0K(1536K)] [ParOldGen: 7866K->2545K(8192K)] 8884K->2545K(9728K), [Metaspace: 3328K->3328K(1056768K)], 0.0025095 secs] [Times: user=0.01 sys=0.00, real=0.00 secs] 
3.420: [GC (Allocation Failure) [PSYoungGen: 986K->32K(1536K)] 4497K->4026K(9728K), 0.0007947 secs] [Times: user=0.00 sys=0.00, real=0.00 secs] 
3.421: [GC (Allocation Failure) [PSYoungGen: 1018K->32K(1536K)] 5978K->5483K(9728K), 0.0007933 secs] [Times: user=0.00 sys=0.00, real=0.00 secs] 
3.422: [GC (Allocation Failure) [PSYoungGen: 1018K->32K(1536K)] 7436K->6940K(9728K), 0.0008183 secs] [Times: user=0.00 sys=0.00, real=0.01 secs] 
3.423: [Full GC (Ergonomics) [PSYoungGen: 1019K->0K(1536K)] [ParOldGen: 7875K->2547K(8192K)] 8894K->2547K(9728K), [Metaspace: 3328K->3328K(1056768K)], 0.0025831 secs] [Times: user=0.01 sys=0.00, real=0.00 secs] 
3.426: [GC (Allocation Failure) [PSYoungGen: 987K->483K(1536K)] 4501K->4005K(9728K), 0.0007940 secs] [Times: user=0.00 sys=0.00, real=0.00 secs] 
3.427: [GC (Allocation Failure) [PSYoungGen: 1471K->32K(1536K)] 5961K->5488K(9728K), 0.0008089 secs] [Times: user=0.00 sys=0.00, real=0.00 secs] 
3.428: [GC (Allocation Failure) [PSYoungGen: 1020K->32K(1536K)] 7444K->6948K(9728K), 0.0008238 secs] [Times: user=0.01 sys=0.00, real=0.00 secs] 
3.429: [Full GC (Ergonomics) [PSYoungGen: 1020K->0K(1536K)] [ParOldGen: 7884K->2549K(8192K)] 8905K->2549K(9728K), [Metaspace: 3328K->3328K(1056768K)], 0.0023457 secs] [Times: user=0.00 sys=0.00, real=0.00 secs] 
3.432: [GC (Allocation Failure) [PSYoungGen: 988K->32K(1536K)] 4506K->4033K(9728K), 0.0008186 secs] [Times: user=0.00 sys=0.00, real=0.00 secs] 
3.433: [GC (Allocation Failure) [PSYoungGen: 1021K->32K(1536K)] 5991K->5494K(9728K), 0.0008037 secs] [Times: user=0.01 sys=0.00, real=0.01 secs] 
3.434: [GC (Allocation Failure) [PSYoungGen: 1021K->32K(1536K)] 7453K->6956K(9728K), 0.0007892 secs] [Times: user=0.00 sys=0.00, real=0.00 secs] 
3.435: [Full GC (Ergonomics) [PSYoungGen: 1021K->0K(1536K)] [ParOldGen: 7893K->2551K(8192K)] 8915K->2551K(9728K), [Metaspace: 3328K->3328K(1056768K)], 0.0022360 secs] [Times: user=0.00 sys=0.00, real=0.00 secs] 
3.437: [GC (Allocation Failure) [PSYoungGen: 990K->32K(1536K)] 4510K->4037K(9728K), 0.0008041 secs] [Times: user=0.00 sys=0.00, real=0.00 secs] 
3.438: [GC (Allocation Failure) [PSYoungGen: 1022K->32K(1536K)] 5997K->5500K(9728K), 0.0007974 secs] [Times: user=0.01 sys=0.00, real=0.00 secs] 
3.439: [GC (Allocation Failure) [PSYoungGen: 1022K->32K(1536K)] 7461K->6963K(9728K), 0.0008044 secs] [Times: user=0.00 sys=0.00, real=0.00 secs] 
3.440: [Full GC (Ergonomics) [PSYoungGen: 1023K->0K(1536K)] [ParOldGen: 7902K->2553K(8192K)] 8925K->2553K(9728K), [Metaspace: 3328K->3328K(1056768K)], 0.0022188 secs] [Times: user=0.00 sys=0.00, real=0.00 secs] 
3.443: [GC (Allocation Failure) [PSYoungGen: 991K->32K(1536K)] 4515K->4041K(9728K), 0.0007934 secs] [Times: user=0.01 sys=0.00, real=0.01 secs] 
3.444: [GC (Allocation Failure) [PSYoungGen: 1023K->32K(1536K)] 6004K->5506K(9728K), 0.0008045 secs] [Times: user=0.00 sys=0.00, real=0.00 secs] 
3.445: [GC (Allocation Failure) [PSYoungGen: 1024K->32K(1536K)] 7469K->6971K(9728K), 0.0008166 secs] [Times: user=0.00 sys=0.00, real=0.00 secs] 
3.446: [Full GC (Ergonomics) [PSYoungGen: 1024K->0K(1536K)] [ParOldGen: 7911K->2554K(8192K)] 8935K->2554K(9728K), [Metaspace: 3328K->3328K(1056768K)], 0.0022504 secs] [Times: user=0.01 sys=0.00, real=0.00 secs] 
3.448: [GC (Allocation Failure) [PSYoungGen: 992K->32K(1536K)] 4519K->4045K(9728K), 0.0008047 secs] [Times: user=0.00 sys=0.00, real=0.00 secs] 
3.449: [GC (Allocation Failure) [PSYoungGen: 1025K->32K(1536K)] 6010K->5512K(9728K), 0.0008102 secs] [Times: user=0.00 sys=0.00, real=0.00 secs] 
3.450: [GC (Allocation Failure) [PSYoungGen: 1025K->32K(1536K)] 7478K->6979K(9728K), 0.0007904 secs] [Times: user=0.00 sys=0.01, real=0.00 secs] 
3.451: [Full GC (Ergonomics) [PSYoungGen: 1025K->0K(1536K)] [ParOldGen: 7920K->2556K(8192K)] 8946K->2556K(9728K), [Metaspace: 3328K->3328K(1056768K)], 0.0025445 secs] [Times: user=0.01 sys=0.00, real=0.01 secs] 
3.454: [GC (Allocation Failure) [PSYoungGen: 993K->32K(1536K)] 4524K->4049K(9728K), 0.0007791 secs] [Times: user=0.00 sys=0.00, real=0.00 secs] 
3.455: [GC (Allocation Failure) [PSYoungGen: 1026K->32K(1536K)] 6017K->5517K(9728K), 0.0007897 secs] [Times: user=0.00 sys=0.00, real=0.00 secs] 
3.456: [GC (Allocation Failure) [PSYoungGen: 1026K->32K(1536K)] 7486K->6986K(9728K), 0.0008228 secs] [Times: user=0.00 sys=0.00, real=0.00 secs] 
3.457: [Full GC (Ergonomics) [PSYoungGen: 1026K->0K(1536K)] [ParOldGen: 7929K->2558K(8192K)] 8956K->2558K(9728K), [Metaspace: 3328K->3328K(1056768K)], 0.0026295 secs] [Times: user=0.01 sys=0.00, real=0.00 secs] 
3.460: [GC (Allocation Failure) [PSYoungGen: 995K->32K(1536K)] 4528K->4052K(9728K), 0.0008046 secs] [Times: user=0.00 sys=0.00, real=0.00 secs] 
3.461: [GC (Allocation Failure) [PSYoungGen: 1027K->32K(1536K)] 6023K->5523K(9728K), 0.0007987 secs] [Times: user=0.00 sys=0.00, real=0.00 secs] 
3.462: [GC (Allocation Failure) [PSYoungGen: 1027K->32K(1536K)] 7494K->6994K(9728K), 0.0008144 secs] [Times: user=0.01 sys=0.00, real=0.00 secs] 
3.463: [Full GC (Ergonomics) [PSYoungGen: 1028K->0K(1536K)] [ParOldGen: 7938K->2560K(8192K)] 8966K->2560K(9728K), [Metaspace: 3328K->3328K(1056768K)], 0.0026081 secs] [Times: user=0.00 sys=0.00, real=0.01 secs] 
3.466: [GC (Allocation Failure) [PSYoungGen: 996K->32K(1536K)] 4533K->4056K(9728K), 0.0008095 secs] [Times: user=0.00 sys=0.00, real=0.00 secs] 
3.467: [GC (Allocation Failure) [PSYoungGen: 1028K->32K(1536K)] 6030K->5529K(9728K), 0.0007990 secs] [Times: user=0.01 sys=0.00, real=0.00 secs] 
3.468: [GC (Allocation Failure) [PSYoungGen: 1029K->32K(1536K)] 7503K->7002K(9728K), 0.0008141 secs] [Times: user=0.00 sys=0.00, real=0.00 secs] 
3.469: [Full GC (Ergonomics) [PSYoungGen: 1029K->0K(1536K)] [ParOldGen: 7947K->2562K(8192K)] 8976K->2562K(9728K), [Metaspace: 3328K->3328K(1056768K)], 0.0022040 secs] [Times: user=0.00 sys=0.00, real=0.00 secs] 
3.471: [GC (Allocation Failure) [PSYoungGen: 997K->32K(1536K)] 4537K->4060K(9728K), 0.0006264 secs] [Times: user=0.01 sys=0.00, real=0.00 secs] 
3.472: [GC (Allocation Failure) [PSYoungGen: 1030K->32K(1536K)] 6036K->5535K(9728K), 0.0008077 secs] [Times: user=0.00 sys=0.00, real=0.00 secs] 
3.473: [GC (Allocation Failure) [PSYoungGen: 1030K->32K(1536K)] 7511K->7010K(9728K), 0.0007943 secs] [Times: user=0.00 sys=0.00, real=0.00 secs] 
3.474: [Full GC (Ergonomics) [PSYoungGen: 1030K->0K(1536K)] [ParOldGen: 7956K->2564K(8192K)] 8987K->2564K(9728K), [Metaspace: 3328K->3328K(1056768K)], 0.0022137 secs] [Times: user=0.00 sys=0.00, real=0.00 secs] 
3.476: [GC (Allocation Failure) [PSYoungGen: 999K->32K(1536K)] 4542K->4064K(9728K), 0.0007885 secs] [Times: user=0.00 sys=0.00, real=0.00 secs] 
3.477: [GC (Allocation Failure) [PSYoungGen: 1031K->32K(1536K)] 6042K->5540K(9728K), 0.0008118 secs] [Times: user=0.00 sys=0.00, real=0.00 secs] 
3.478: [GC (Allocation Failure) [PSYoungGen: 1031K->32K(1536K)] 7519K->7017K(9728K), 0.0004812 secs] [Times: user=0.00 sys=0.00, real=0.00 secs] 
3.479: [Full GC (Ergonomics) [PSYoungGen: 1032K->0K(1536K)] [ParOldGen: 7965K->2566K(8192K)] 8997K->2566K(9728K), [Metaspace: 3328K->3328K(1056768K)], 0.0025926 secs] [Times: user=0.01 sys=0.00, real=0.00 secs] 
3.482: [GC (Allocation Failure) [PSYoungGen: 1000K->32K(1536K)] 4546K->4068K(9728K), 0.0008163 secs] [Times: user=0.00 sys=0.00, real=0.00 secs] 
3.483: [GC (Allocation Failure) [PSYoungGen: 1032K->32K(1536K)] 6049K->5546K(9728K), 0.0008162 secs] [Times: user=0.00 sys=0.00, real=0.00 secs] 
3.484: [GC (Allocation Failure) [PSYoungGen: 1033K->32K(1536K)] 7528K->7025K(9728K), 0.0007968 secs] [Times: user=0.00 sys=0.00, real=0.00 secs] 
3.485: [Full GC (Ergonomics) [PSYoungGen: 1033K->0K(1536K)] [ParOldGen: 7974K->2568K(8192K)] 9007K->2568K(9728K), [Metaspace: 3328K->3328K(1056768K)], 0.0025464 secs] [Times: user=0.01 sys=0.00, real=0.00 secs] 
3.488: [GC (Allocation Failure) [PSYoungGen: 1001K->32K(1536K)] 4551K->4072K(9728K), 0.0009646 secs] [Times: user=0.00 sys=0.00, real=0.00 secs] 
3.489: [GC (Allocation Failure) [PSYoungGen: 1034K->32K(1536K)] 6055K->5552K(9728K), 0.0008606 secs] [Times: user=0.00 sys=0.00, real=0.00 secs] 
3.490: [GC (Allocation Failure) [PSYoungGen: 1034K->32K(1536K)] 7536K->7033K(9728K), 0.0010778 secs] [Times: user=0.00 sys=0.00, real=0.00 secs] 
3.491: [Full GC (Ergonomics) [PSYoungGen: 1034K->0K(1536K)] [ParOldGen: 7983K->2570K(8192K)] 9017K->2570K(9728K), [Metaspace: 3328K->3328K(1056768K)], 0.0050168 secs] [Times: user=0.01 sys=0.00, real=0.01 secs] 
3.497: [GC (Allocation Failure) [PSYoungGen: 1002K->32K(1536K)] 4555K->4075K(9728K), 0.0010194 secs] [Times: user=0.00 sys=0.00, real=0.00 secs] 
3.498: [GC (Allocation Failure) [PSYoungGen: 1035K->32K(1536K)] 6062K->5558K(9728K), 0.0011878 secs] [Times: user=0.00 sys=0.00, real=0.00 secs] 
3.499: [GC (Allocation Failure) [PSYoungGen: 1035K->32K(1536K)] 7544K->7040K(9728K), 0.0008198 secs] [Times: user=0.00 sys=0.00, real=0.00 secs] 
3.501: [Full GC (Ergonomics) [PSYoungGen: 1035K->0K(1536K)] [ParOldGen: 7992K->2572K(8192K)] 9028K->2572K(9728K), [Metaspace: 3328K->3328K(1056768K)], 0.0046160 secs] [Times: user=0.01 sys=0.00, real=0.01 secs] 
3.506: [GC (Allocation Failure) [PSYoungGen: 1004K->32K(1536K)] 4560K->4079K(9728K), 0.0003638 secs] [Times: user=0.00 sys=0.00, real=0.00 secs] 
3.506: [GC (Allocation Failure) [PSYoungGen: 1036K->32K(1536K)] 6068K->5563K(9728K), 0.0008019 secs] [Times: user=0.00 sys=0.00, real=0.00 secs] 
3.508: [GC (Allocation Failure) [PSYoungGen: 1036K->32K(1536K)] 7553K->7048K(9728K), 0.0012484 secs] [Times: user=0.00 sys=0.00, real=0.00 secs] 
3.510: [Full GC (Ergonomics) [PSYoungGen: 1037K->0K(1536K)] [ParOldGen: 8001K->2574K(8192K)] 9038K->2574K(9728K), [Metaspace: 3328K->3328K(1056768K)], 0.0025418 secs] [Times: user=0.01 sys=0.00, real=0.00 secs] 
3.513: [GC (Allocation Failure) [PSYoungGen: 1005K->32K(1536K)] 4564K->4083K(9728K), 0.0006411 secs] [Times: user=0.00 sys=0.00, real=0.00 secs] 
3.514: [GC (Allocation Failure) [PSYoungGen: 1037K->32K(1536K)] 6074K->5569K(9728K), 0.0007904 secs] [Times: user=0.00 sys=0.00, real=0.00 secs] 
3.515: [GC (Allocation Failure) [PSYoungGen: 1038K->32K(1536K)] 7561K->7056K(9728K), 0.0008084 secs] [Times: user=0.00 sys=0.00, real=0.00 secs] 
3.516: [Full GC (Ergonomics) [PSYoungGen: 1038K->0K(1536K)] [ParOldGen: 8010K->2576K(8192K)] 9048K->2576K(9728K), [Metaspace: 3328K->3328K(1056768K)], 0.0020215 secs] [Times: user=0.01 sys=0.00, real=0.00 secs] 
3.518: [GC (Allocation Failure) [PSYoungGen: 1006K->32K(1536K)] 4569K->4087K(9728K), 0.0008096 secs] [Times: user=0.00 sys=0.00, real=0.00 secs] 
3.519: [GC (Allocation Failure) [PSYoungGen: 1039K->32K(1536K)] 6081K->5575K(9728K), 0.0008990 secs] [Times: user=0.00 sys=0.00, real=0.00 secs] 
3.520: [GC (Allocation Failure) [PSYoungGen: 1039K->32K(1536K)] 7569K->7063K(9728K), 0.0003382 secs] [Times: user=0.00 sys=0.00, real=0.00 secs] 
3.521: [Full GC (Ergonomics) [PSYoungGen: 1039K->0K(1536K)] [ParOldGen: 8019K->2578K(8192K)] 9058K->2578K(9728K), [Metaspace: 3328K->3328K(1056768K)], 0.0022738 secs] [Times: user=0.01 sys=0.00, real=0.01 secs] 
3.523: [GC (Allocation Failure) [PSYoungGen: 1008K->32K(1536K)] 4573K->4091K(9728K), 0.0008085 secs] [Times: user=0.00 sys=0.00, real=0.00 secs] 
3.524: [GC (Allocation Failure) [PSYoungGen: 1040K->32K(1536K)] 6087K->5581K(9728K), 0.0007946 secs] [Times: user=0.00 sys=0.00, real=0.00 secs] 
3.525: [GC (Allocation Failure) [PSYoungGen: 1040K->32K(1536K)] 7578K->7071K(9728K), 0.0008099 secs] [Times: user=0.01 sys=0.00, real=0.00 secs] 
3.526: [Full GC (Ergonomics) [PSYoungGen: 1041K->0K(1536K)] [ParOldGen: 8028K->2579K(8192K)] 9069K->2579K(9728K), [Metaspace: 3328K->3328K(1056768K)], 0.0023043 secs] [Times: user=0.00 sys=0.00, real=0.00 secs] 
3.529: [GC (Allocation Failure) [PSYoungGen: 1009K->32K(1536K)] 4578K->4095K(9728K), 0.0008006 secs] [Times: user=0.00 sys=0.01, real=0.00 secs] 
3.530: [GC (Allocation Failure) [PSYoungGen: 1041K->32K(1536K)] 6094K->5586K(9728K), 0.0008124 secs] [Times: user=0.01 sys=0.00, real=0.00 secs] 
3.531: [GC (Allocation Failure) [PSYoungGen: 1042K->32K(1536K)] 7586K->7079K(9728K), 0.0008180 secs] [Times: user=0.00 sys=0.00, real=0.00 secs] 
3.532: [Full GC (Ergonomics) [PSYoungGen: 1042K->0K(1536K)] [ParOldGen: 8037K->2581K(8192K)] 9079K->2581K(9728K), [Metaspace: 3328K->3328K(1056768K)], 0.0025966 secs] [Times: user=0.00 sys=0.00, real=0.01 secs] 
3.535: [GC (Allocation Failure) [PSYoungGen: 1010K->32K(1536K)] 4582K->4099K(9728K), 0.0008041 secs] [Times: user=0.01 sys=0.00, real=0.00 secs] 
3.536: [GC (Allocation Failure) [PSYoungGen: 1042K->32K(1536K)] 6100K->5592K(9728K), 0.0007948 secs] [Times: user=0.00 sys=0.00, real=0.00 secs] 
3.537: [GC (Allocation Failure) [PSYoungGen: 1043K->32K(1536K)] 7594K->7086K(9728K), 0.0007976 secs] [Times: user=0.00 sys=0.00, real=0.00 secs] 
3.538: [Full GC (Ergonomics) [PSYoungGen: 1043K->0K(1536K)] [ParOldGen: 8045K->2583K(8192K)] 9089K->2583K(9728K), [Metaspace: 3328K->3328K(1056768K)], 0.0025536 secs] [Times: user=0.01 sys=0.00, real=0.00 secs] 
3.541: [GC (Allocation Failure) [PSYoungGen: 1011K->32K(1536K)] 4587K->4102K(9728K), 0.0008065 secs] [Times: user=0.00 sys=0.00, real=0.00 secs] 
3.542: [GC (Allocation Failure) [PSYoungGen: 1044K->32K(1536K)] 6106K->5598K(9728K), 0.0008107 secs] [Times: user=0.00 sys=0.00, real=0.00 secs] 
3.543: [GC (Allocation Failure) [PSYoungGen: 1044K->32K(1536K)] 7603K->7094K(9728K), 0.0008284 secs] [Times: user=0.00 sys=0.00, real=0.01 secs] 
3.544: [Full GC (Ergonomics) [PSYoungGen: 1044K->0K(1536K)] [ParOldGen: 8054K->2585K(8192K)] 9099K->2585K(9728K), [Metaspace: 3328K->3328K(1056768K)], 0.0022228 secs] [Times: user=0.01 sys=0.00, real=0.00 secs] 
3.546: [GC (Allocation Failure) [PSYoungGen: 1013K->32K(1536K)] 4591K->4106K(9728K), 0.0008028 secs] [Times: user=0.00 sys=0.00, real=0.00 secs] 
3.547: [GC (Allocation Failure) [PSYoungGen: 1045K->32K(1536K)] 6113K->5604K(9728K), 0.0008057 secs] [Times: user=0.00 sys=0.00, real=0.00 secs] 
3.548: [GC (Allocation Failure) [PSYoungGen: 1045K->32K(1536K)] 7611K->7102K(9728K), 0.0007913 secs] [Times: user=0.00 sys=0.00, real=0.00 secs] 
3.549: [Full GC (Ergonomics) [PSYoungGen: 1046K->0K(1536K)] [ParOldGen: 8063K->2587K(8192K)] 9110K->2587K(9728K), [Metaspace: 3328K->3328K(1056768K)], 0.0022124 secs] [Times: user=0.01 sys=0.00, real=0.00 secs] 
3.552: [GC (Allocation Failure) [PSYoungGen: 1014K->32K(1536K)] 4596K->4110K(9728K), 0.0006231 secs] [Times: user=0.00 sys=0.00, real=0.00 secs] 
3.553: [GC (Allocation Failure) [PSYoungGen: 1046K->32K(1536K)] 6119K->5610K(9728K), 0.0007879 secs] [Times: user=0.00 sys=0.00, real=0.01 secs] 
3.554: [GC (Allocation Failure) [PSYoungGen: 1047K->32K(1536K)] 7619K->7109K(9728K), 0.0008169 secs] [Times: user=0.00 sys=0.00, real=0.00 secs] 
3.555: [Full GC (Ergonomics) [PSYoungGen: 1047K->0K(1536K)] [ParOldGen: 8072K->2589K(8192K)] 9120K->2589K(9728K), [Metaspace: 3328K->3328K(1056768K)], 0.0021307 secs] [Times: user=0.00 sys=0.00, real=0.00 secs] 
3.557: [GC (Allocation Failure) [PSYoungGen: 1015K->32K(1536K)] 4600K->4114K(9728K), 0.0008170 secs] [Times: user=0.00 sys=0.00, real=0.00 secs] 
3.558: [GC (Allocation Failure) [PSYoungGen: 1048K->32K(1536K)] 6126K->5615K(9728K), 0.0008487 secs] [Times: user=0.00 sys=0.00, real=0.00 secs] 
3.559: [GC (Allocation Failure) [PSYoungGen: 1048K->32K(1536K)] 7628K->7117K(9728K), 0.0004038 secs] [Times: user=0.00 sys=0.00, real=0.00 secs] 
3.560: [Full GC (Ergonomics) [PSYoungGen: 1048K->0K(1536K)] [ParOldGen: 8081K->2591K(8192K)] 9130K->2591K(9728K), [Metaspace: 3328K->3328K(1056768K)], 0.0026288 secs] [Times: user=0.00 sys=0.00, real=0.00 secs] 
3.563: [GC (Allocation Failure) [PSYoungGen: 1017K->32K(1536K)] 4605K->4118K(9728K), 0.0008040 secs] [Times: user=0.00 sys=0.00, real=0.01 secs] 
3.564: [GC (Allocation Failure) [PSYoungGen: 1049K->32K(1536K)] 6132K->5621K(9728K), 0.0008006 secs] [Times: user=0.01 sys=0.00, real=0.00 secs] 
3.565: [GC (Allocation Failure) [PSYoungGen: 1049K->32K(1536K)] 7636K->7125K(9728K), 0.0007996 secs] [Times: user=0.00 sys=0.00, real=0.00 secs] 
3.566: [Full GC (Ergonomics) [PSYoungGen: 1050K->0K(1536K)] [ParOldGen: 8090K->2593K(8192K)] 9140K->2593K(9728K), [Metaspace: 3328K->3328K(1056768K)], 0.0025806 secs] [Times: user=0.00 sys=0.00, real=0.00 secs] 
3.568: [GC (Allocation Failure) [PSYoungGen: 1018K->32K(1536K)] 4609K->4122K(9728K), 0.0007966 secs] [Times: user=0.01 sys=0.00, real=0.00 secs] 
3.569: [GC (Allocation Failure) [PSYoungGen: 1050K->32K(1536K)] 6138K->5627K(9728K), 0.0008125 secs] [Times: user=0.00 sys=0.00, real=0.00 secs] 
3.571: [GC (Allocation Failure) [PSYoungGen: 1050K->32K(1536K)] 7644K->7133K(9728K), 0.0008128 secs] [Times: user=0.00 sys=0.00, real=0.00 secs] 
3.572: [Full GC (Ergonomics) [PSYoungGen: 1051K->0K(1536K)] [ParOldGen: 8099K->2595K(8192K)] 9151K->2595K(9728K), [Metaspace: 3328K->3328K(1056768K)], 0.0027138 secs] [Times: user=0.01 sys=0.00, real=0.01 secs] 
3.574: [GC (Allocation Failure) [PSYoungGen: 1019K->32K(1536K)] 4614K->4125K(9728K), 0.0007993 secs] [Times: user=0.00 sys=0.00, real=0.00 secs] 
3.575: [GC (Allocation Failure) [PSYoungGen: 1051K->32K(1536K)] 6145K->5633K(9728K), 0.0008188 secs] [Times: user=0.00 sys=0.00, real=0.00 secs] 
3.577: [GC (Allocation Failure) [PSYoungGen: 1052K->32K(1536K)] 7653K->7140K(9728K), 0.0008135 secs] [Times: user=0.00 sys=0.00, real=0.00 secs] 
3.578: [Full GC (Ergonomics) [PSYoungGen: 1052K->0K(1536K)] [ParOldGen: 8108K->2597K(8192K)] 9161K->2597K(9728K), [Metaspace: 3328K->3328K(1056768K)], 0.0021163 secs] [Times: user=0.01 sys=0.00, real=0.00 secs] 
3.580: [GC (Allocation Failure) [PSYoungGen: 1020K->32K(1536K)] 4618K->4129K(9728K), 0.0008079 secs] [Times: user=0.00 sys=0.00, real=0.00 secs] 
3.581: [GC (Allocation Failure) [PSYoungGen: 1053K->32K(1536K)] 6151K->5638K(9728K), 0.0008453 secs] [Times: user=0.00 sys=0.00, real=0.00 secs] 
3.582: [GC (Allocation Failure) [PSYoungGen: 1053K->32K(1536K)] 7661K->7148K(9728K), 0.0004163 secs] [Times: user=0.00 sys=0.00, real=0.00 secs] 
3.583: [Full GC (Ergonomics) [PSYoungGen: 1053K->0K(1536K)] [ParOldGen: 8117K->2599K(8192K)] 9171K->2599K(9728K), [Metaspace: 3328K->3328K(1056768K)], 0.0032424 secs] [Times: user=0.01 sys=0.00, real=0.01 secs] 
3.586: [GC (Allocation Failure) [PSYoungGen: 1022K->32K(1536K)] 4622K->4133K(9728K), 0.0007979 secs] [Times: user=0.00 sys=0.00, real=0.00 secs] 
3.587: [GC (Allocation Failure) [PSYoungGen: 1054K->32K(1536K)] 6158K->5644K(9728K), 0.0007953 secs] [Times: user=0.00 sys=0.00, real=0.00 secs] 
3.588: [GC (Allocation Failure) [PSYoungGen: 1054K->32K(1536K)] 7669K->7156K(9728K), 0.0008386 secs] [Times: user=0.01 sys=0.00, real=0.00 secs] 
3.589: [Full GC (Ergonomics) [PSYoungGen: 1055K->0K(1536K)] [ParOldGen: 8126K->2601K(8192K)] 9181K->2601K(9728K), [Metaspace: 3328K->3328K(1056768K)], 0.0021145 secs] [Times: user=0.00 sys=0.00, real=0.00 secs] 
3.592: [GC (Allocation Failure) [PSYoungGen: 1023K->32K(1536K)] 4627K->4137K(9728K), 0.0008335 secs] [Times: user=0.00 sys=0.00, real=0.00 secs] 
3.593: [GC (Allocation Failure) [PSYoungGen: 1055K->32K(1536K)] 6164K->5650K(9728K), 0.0008392 secs] [Times: user=0.01 sys=0.00, real=0.00 secs] 
3.594: [GC (Allocation Failure) [PSYoungGen: 554K->32K(1536K)] 6172K->6160K(9728K), 0.0003591 secs] [Times: user=0.00 sys=0.00, real=0.00 secs] 
3.595: [GC (Allocation Failure) [PSYoungGen: 1055K->32K(1536K)] 8187K->7665K(9728K), 0.0003920 secs] [Times: user=0.00 sys=0.00, real=0.00 secs] 
3.595: [Full GC (Ergonomics) [PSYoungGen: 32K->0K(1536K)] [ParOldGen: 7633K->1599K(8192K)] 7665K->1599K(9728K), [Metaspace: 3328K->3328K(1056768K)], 0.0023621 secs] [Times: user=0.00 sys=0.00, real=0.00 secs] 
3.598: [GC (Allocation Failure) [PSYoungGen: 522K->32K(1536K)] 3125K->2635K(9728K), 0.0007810 secs] [Times: user=0.00 sys=0.00, real=0.00 secs] 
3.598: [GC (Allocation Failure) [PSYoungGen: 554K->32K(1536K)] 3157K->3145K(9728K), 0.0008693 secs] [Times: user=0.01 sys=0.00, real=0.00 secs] 
3.600: [GC (Allocation Failure) [PSYoungGen: 554K->32K(1536K)] 4671K->4149K(9728K), 0.0002947 secs] [Times: user=0.00 sys=0.00, real=0.00 secs] 
3.600: [GC (Allocation Failure) [PSYoungGen: 554K->32K(1536K)] 4671K->4659K(9728K), 0.0002876 secs] [Times: user=0.00 sys=0.00, real=0.00 secs] 
3.601: [GC (Allocation Failure) [PSYoungGen: 554K->32K(1536K)] 6186K->5664K(9728K), 0.0003217 secs] [Times: user=0.00 sys=0.00, real=0.00 secs] 
3.601: [GC (Allocation Failure) [PSYoungGen: 554K->32K(1536K)] 6186K->6174K(9728K), 0.0003329 secs] [Times: user=0.00 sys=0.00, real=0.00 secs] 
3.602: [GC (Allocation Failure) [PSYoungGen: 554K->32K(1536K)] 7701K->7179K(9728K), 0.0003862 secs] [Times: user=0.00 sys=0.00, real=0.00 secs] 
3.602: [GC (Allocation Failure) [PSYoungGen: 554K->32K(1536K)] 7702K->7690K(9728K), 0.0003277 secs] [Times: user=0.00 sys=0.00, real=0.00 secs] 
3.603: [Full GC (Ergonomics) [PSYoungGen: 32K->0K(1536K)] [ParOldGen: 7658K->1599K(8192K)] 7690K->1599K(9728K), [Metaspace: 3328K->3328K(1056768K)], 0.0025416 secs] [Times: user=0.01 sys=0.01, real=0.01 secs] 
3.605: [GC (Allocation Failure) [PSYoungGen: 522K->32K(1536K)] 3127K->2636K(9728K), 0.0007817 secs] [Times: user=0.00 sys=0.00, real=0.00 secs] 
3.606: [GC (Allocation Failure) [PSYoungGen: 554K->32K(1536K)] 3159K->3147K(9728K), 0.0008005 secs] [Times: user=0.00 sys=0.00, real=0.00 secs] 
3.607: [GC (Allocation Failure) [PSYoungGen: 554K->32K(1536K)] 4675K->4153K(9728K), 0.0007905 secs] [Times: user=0.00 sys=0.00, real=0.00 secs] 
3.608: [GC (Allocation Failure) [PSYoungGen: 555K->32K(1536K)] 4676K->4664K(9728K), 0.0008498 secs] [Times: user=0.00 sys=0.00, real=0.00 secs] 
3.609: [GC (Allocation Failure) [PSYoungGen: 554K->32K(1536K)] 6192K->5669K(9728K), 0.0007711 secs] [Times: user=0.01 sys=0.00, real=0.00 secs] 
3.610: [GC (Allocation Failure) [PSYoungGen: 555K->32K(1536K)] 6193K->6181K(9728K), 0.0008119 secs] [Times: user=0.00 sys=0.00, real=0.00 secs] 
3.611: [GC (Allocation Failure) [PSYoungGen: 555K->32K(1536K)] 7710K->7187K(9728K), 0.0008007 secs] [Times: user=0.00 sys=0.00, real=0.00 secs] 
3.612: [GC (Allocation Failure) [PSYoungGen: 555K->32K(1536K)] 7710K->7698K(9728K), 0.0008002 secs] [Times: user=0.00 sys=0.00, real=0.00 secs] 
3.613: [Full GC (Ergonomics) [PSYoungGen: 32K->0K(1536K)] [ParOldGen: 7666K->1600K(8192K)] 7698K->1600K(9728K), [Metaspace: 3328K->3328K(1056768K)], 0.0025183 secs] [Times: user=0.01 sys=0.00, real=0.00 secs] 
3.616: [GC (Allocation Failure) [PSYoungGen: 523K->32K(1536K)] 3130K->2638K(9728K), 0.0007646 secs] [Times: user=0.00 sys=0.00, real=0.00 secs] 
3.616: [GC (Allocation Failure) [PSYoungGen: 555K->32K(1536K)] 3162K->3150K(9728K), 0.0002849 secs] [Times: user=0.00 sys=0.00, real=0.00 secs] 
3.617: [GC (Allocation Failure) [PSYoungGen: 555K->32K(1536K)] 4680K->4157K(9728K), 0.0007736 secs] [Times: user=0.00 sys=0.00, real=0.00 secs] 
3.618: [GC (Allocation Failure) [PSYoungGen: 555K->32K(1536K)] 4680K->4668K(9728K), 0.0008055 secs] [Times: user=0.00 sys=0.00, real=0.00 secs] 
3.619: [GC (Allocation Failure) [PSYoungGen: 555K->32K(1536K)] 6199K->5675K(9728K), 0.0002537 secs] [Times: user=0.00 sys=0.00, real=0.00 secs] 
3.619: [GC (Allocation Failure) [PSYoungGen: 555K->32K(1536K)] 6199K->6187K(9728K), 0.0008001 secs] [Times: user=0.01 sys=0.00, real=0.00 secs] 
3.620: [GC (Allocation Failure) [PSYoungGen: 555K->32K(1536K)] 7718K->7194K(9728K), 0.0007813 secs] [Times: user=0.00 sys=0.00, real=0.00 secs] 
3.621: [Full GC (Ergonomics) [PSYoungGen: 32K->0K(1536K)] [ParOldGen: 7162K->2608K(8192K)] 7194K->2608K(9728K), [Metaspace: 3328K->3328K(1056768K)], 0.0022169 secs] [Times: user=0.00 sys=0.00, real=0.01 secs] 
3.623: [GC (Allocation Failure) [PSYoungGen: 524K->32K(1536K)] 3132K->3144K(9728K), 0.0008016 secs] [Times: user=0.01 sys=0.00, real=0.00 secs] 
3.624: [GC (Allocation Failure) [PSYoungGen: 555K->32K(1536K)] 4675K->4151K(9728K), 0.0007846 secs] [Times: user=0.00 sys=0.00, real=0.00 secs] 
3.625: [GC (Allocation Failure) [PSYoungGen: 556K->32K(1536K)] 4676K->4663K(9728K), 0.0004173 secs] [Times: user=0.00 sys=0.00, real=0.00 secs] 
3.626: [GC (Allocation Failure) [PSYoungGen: 556K->32K(1536K)] 6196K->5672K(9728K), 0.0007645 secs] [Times: user=0.00 sys=0.00, real=0.00 secs] 
3.627: [GC (Allocation Failure) [PSYoungGen: 556K->32K(1536K)] 6196K->6184K(9728K), 0.0003089 secs] [Times: user=0.00 sys=0.00, real=0.00 secs] 
3.627: [GC (Allocation Failure) [PSYoungGen: 556K->32K(1536K)] 7716K->7192K(9728K), 0.0007760 secs] [Times: user=0.00 sys=0.00, real=0.00 secs] 
3.628: [Full GC (Ergonomics) [PSYoungGen: 32K->0K(1536K)] [ParOldGen: 7160K->2609K(8192K)] 7192K->2609K(9728K), [Metaspace: 3328K->3328K(1056768K)], 0.0025972 secs] [Times: user=0.01 sys=0.00, real=0.00 secs] 
3.631: [GC (Allocation Failure) [PSYoungGen: 524K->32K(1536K)] 3134K->3146K(9728K), 0.0007956 secs] [Times: user=0.00 sys=0.00, real=0.00 secs] 
3.632: [GC (Allocation Failure) [PSYoungGen: 556K->32K(1536K)] 4679K->4154K(9728K), 0.0007810 secs] [Times: user=0.00 sys=0.00, real=0.00 secs] 
3.633: [GC (Allocation Failure) [PSYoungGen: 556K->32K(1536K)] 4679K->4667K(9728K), 0.0007866 secs] [Times: user=0.00 sys=0.00, real=0.01 secs] 
3.634: [GC (Allocation Failure) [PSYoungGen: 556K->32K(1536K)] 6200K->5676K(9728K), 0.0007880 secs] [Times: user=0.01 sys=0.00, real=0.00 secs] 
3.634: [GC (Allocation Failure) [PSYoungGen: 556K->32K(1536K)] 6201K->6189K(9728K), 0.0007936 secs] [Times: user=0.00 sys=0.00, real=0.00 secs] 
3.635: [GC (Allocation Failure) [PSYoungGen: 556K->32K(1536K)] 7723K->7198K(9728K), 0.0002759 secs] [Times: user=0.00 sys=0.00, real=0.00 secs] 
3.636: [Full GC (Ergonomics) [PSYoungGen: 32K->0K(1536K)] [ParOldGen: 7166K->2611K(8192K)] 7198K->2611K(9728K), [Metaspace: 3328K->3328K(1056768K)], 0.0026024 secs] [Times: user=0.01 sys=0.00, real=0.00 secs] 
3.638: [GC (Allocation Failure) [PSYoungGen: 525K->32K(1536K)] 3136K->3147K(9728K), 0.0008027 secs] [Times: user=0.00 sys=0.00, real=0.00 secs] 
3.639: [GC (Allocation Failure) [PSYoungGen: 556K->32K(1536K)] 4682K->4157K(9728K), 0.0007870 secs] [Times: user=0.00 sys=0.00, real=0.00 secs] 
3.640: [GC (Allocation Failure) [PSYoungGen: 557K->32K(1536K)] 4682K->4670K(9728K), 0.0007999 secs] [Times: user=0.00 sys=0.00, real=0.00 secs] 
3.641: [GC (Allocation Failure) [PSYoungGen: 557K->32K(1536K)] 6205K->5680K(9728K), 0.0003120 secs] [Times: user=0.00 sys=0.00, real=0.00 secs] 
3.642: [GC (Allocation Failure) [PSYoungGen: 557K->32K(1536K)] 6206K->6193K(9728K), 0.0007884 secs] [Times: user=0.00 sys=0.00, real=0.00 secs] 
3.643: [GC (Allocation Failure) [PSYoungGen: 557K->32K(1536K)] 7729K->7204K(9728K), 0.0007910 secs] [Times: user=0.01 sys=0.00, real=0.01 secs] 
3.644: [Full GC (Ergonomics) [PSYoungGen: 32K->0K(1536K)] [ParOldGen: 7172K->2612K(8192K)] 7204K->2612K(9728K), [Metaspace: 3328K->3328K(1056768K)], 0.0025314 secs] [Times: user=0.00 sys=0.00, real=0.00 secs] 
3.646: [GC (Allocation Failure) [PSYoungGen: 525K->32K(1536K)] 3138K->3149K(9728K), 0.0007933 secs] [Times: user=0.00 sys=0.00, real=0.00 secs] 
3.647: [GC (Allocation Failure) [PSYoungGen: 557K->32K(1536K)] 4685K->4160K(9728K), 0.0007786 secs] [Times: user=0.01 sys=0.00, real=0.00 secs] 
3.648: [GC (Allocation Failure) [PSYoungGen: 557K->32K(1536K)] 4686K->4674K(9728K), 0.0007996 secs] [Times: user=0.00 sys=0.00, real=0.00 secs] 
3.649: [GC (Allocation Failure) [PSYoungGen: 557K->32K(1536K)] 6210K->5684K(9728K), 0.0007625 secs] [Times: user=0.00 sys=0.00, real=0.00 secs] 
3.650: [GC (Allocation Failure) [PSYoungGen: 557K->32K(1536K)] 6210K->6198K(9728K), 0.0003239 secs] [Times: user=0.00 sys=0.00, real=0.00 secs] 
3.650: [GC (Allocation Failure) [PSYoungGen: 557K->32K(1536K)] 7735K->7209K(9728K), 0.0007756 secs] [Times: user=0.00 sys=0.00, real=0.00 secs] 
3.651: [Full GC (Ergonomics) [PSYoungGen: 32K->0K(1536K)] [ParOldGen: 7177K->2614K(8192K)] 7209K->2614K(9728K), [Metaspace: 3328K->3328K(1056768K)], 0.0020455 secs] [Times: user=0.01 sys=0.00, real=0.01 secs] 
3.653: [GC (Allocation Failure) [PSYoungGen: 525K->32K(1536K)] 3140K->3151K(9728K), 0.0004905 secs] [Times: user=0.00 sys=0.00, real=0.00 secs] 
3.654: [GC (Allocation Failure) [PSYoungGen: 557K->32K(1536K)] 4689K->4163K(9728K), 0.0004859 secs] [Times: user=0.00 sys=0.00, real=0.00 secs] 
3.655: [GC (Allocation Failure) [PSYoungGen: 558K->32K(1536K)] 4689K->4677K(9728K), 0.0008061 secs] [Times: user=0.00 sys=0.00, real=0.00 secs] 
3.656: [GC (Allocation Failure) [PSYoungGen: 557K->32K(1536K)] 6215K->5689K(9728K), 0.0006261 secs] [Times: user=0.00 sys=0.00, real=0.00 secs] 
3.657: [GC (Allocation Failure) [PSYoungGen: 558K->32K(1536K)] 6215K->6203K(9728K), 0.0008029 secs] [Times: user=0.00 sys=0.00, real=0.00 secs] 
3.657: [GC (Allocation Failure) [PSYoungGen: 558K->32K(1536K)] 7741K->7215K(9728K), 0.0008304 secs] [Times: user=0.01 sys=0.00, real=0.00 secs] 
3.658: [Full GC (Ergonomics) [PSYoungGen: 32K->0K(1536K)] [ParOldGen: 7183K->2615K(8192K)] 7215K->2615K(9728K), [Metaspace: 3328K->3328K(1056768K)], 0.0025476 secs] [Times: user=0.00 sys=0.00, real=0.00 secs] 
3.661: [GC (Allocation Failure) [PSYoungGen: 526K->32K(1536K)] 3141K->3153K(9728K), 0.0007911 secs] [Times: user=0.00 sys=0.00, real=0.00 secs] 
3.662: [GC (Allocation Failure) [PSYoungGen: 558K->32K(1536K)] 4692K->4166K(9728K), 0.0007768 secs] [Times: user=0.01 sys=0.00, real=0.01 secs] 
3.663: [GC (Allocation Failure) [PSYoungGen: 558K->32K(1536K)] 4692K->4680K(9728K), 0.0007748 secs] [Times: user=0.00 sys=0.00, real=0.00 secs] 
3.664: [GC (Allocation Failure) [PSYoungGen: 558K->32K(1536K)] 6220K->5693K(9728K), 0.0007874 secs] [Times: user=0.00 sys=0.00, real=0.00 secs] 
3.665: [GC (Allocation Failure) [PSYoungGen: 558K->32K(1536K)] 6220K->6208K(9728K), 0.0008402 secs] [Times: user=0.00 sys=0.00, real=0.00 secs] 
3.666: [GC (Allocation Failure) [PSYoungGen: 558K->32K(1536K)] 7748K->7221K(9728K), 0.0008164 secs] [Times: user=0.00 sys=0.00, real=0.00 secs] 
3.667: [Full GC (Ergonomics) [PSYoungGen: 32K->0K(1536K)] [ParOldGen: 7189K->2616K(8192K)] 7221K->2616K(9728K), [Metaspace: 3328K->3328K(1056768K)], 0.0037571 secs] [Times: user=0.01 sys=0.00, real=0.00 secs] 
3.671: [GC (Allocation Failure) [PSYoungGen: 526K->32K(1536K)] 3143K->3155K(9728K), 0.0003697 secs] [Times: user=0.00 sys=0.00, real=0.00 secs] 
3.672: [GC (Allocation Failure) [PSYoungGen: 558K->32K(1536K)] 4695K->4169K(9728K), 0.0004246 secs] [Times: user=0.00 sys=0.00, real=0.00 secs] 
3.673: [GC (Allocation Failure) [PSYoungGen: 559K->32K(1536K)] 4696K->4684K(9728K), 0.0008952 secs] [Times: user=0.01 sys=0.00, real=0.01 secs] 
3.674: [GC (Allocation Failure) [PSYoungGen: 558K->32K(1536K)] 6224K->5697K(9728K), 0.0003338 secs] [Times: user=0.00 sys=0.00, real=0.00 secs] 
3.674: [GC (Allocation Failure) [PSYoungGen: 559K->32K(1536K)] 6225K->6213K(9728K), 0.0004664 secs] [Times: user=0.00 sys=0.01, real=0.00 secs] 
3.675: [GC (Allocation Failure) [PSYoungGen: 559K->32K(1536K)] 7754K->7227K(9728K), 0.0008204 secs] [Times: user=0.00 sys=0.00, real=0.00 secs] 
3.676: [Full GC (Ergonomics) [PSYoungGen: 32K->0K(1536K)] [ParOldGen: 7195K->2618K(8192K)] 7227K->2618K(9728K), [Metaspace: 3328K->3328K(1056768K)], 0.0026854 secs] [Times: user=0.01 sys=0.00, real=0.00 secs] 
3.679: [GC (Allocation Failure) [PSYoungGen: 527K->32K(1536K)] 3145K->3157K(9728K), 0.0008029 secs] [Times: user=0.00 sys=0.00, real=0.00 secs] 
3.680: [GC (Allocation Failure) [PSYoungGen: 559K->32K(1536K)] 4699K->4172K(9728K), 0.0007783 secs] [Times: user=0.00 sys=0.00, real=0.00 secs] 
3.680: [GC (Allocation Failure) [PSYoungGen: 559K->32K(1536K)] 4699K->4687K(9728K), 0.0007979 secs] [Times: user=0.00 sys=0.00, real=0.00 secs] 
3.681: [GC (Allocation Failure) [PSYoungGen: 559K->32K(1536K)] 6229K->5702K(9728K), 0.0007795 secs] [Times: user=0.00 sys=0.00, real=0.00 secs] 
3.682: [GC (Allocation Failure) [PSYoungGen: 559K->32K(1536K)] 6230K->6217K(9728K), 0.0007990 secs] [Times: user=0.01 sys=0.00, real=0.01 secs] 
3.683: [GC (Allocation Failure) [PSYoungGen: 559K->32K(1536K)] 7760K->7232K(9728K), 0.0007969 secs] [Times: user=0.00 sys=0.00, real=0.00 secs] 
3.684: [Full GC (Ergonomics) [PSYoungGen: 32K->0K(1536K)] [ParOldGen: 7200K->2619K(8192K)] 7232K->2619K(9728K), [Metaspace: 3328K->3328K(1056768K)], 0.0032807 secs] [Times: user=0.00 sys=0.00, real=0.00 secs] 
3.688: [GC (Allocation Failure) [PSYoungGen: 527K->32K(1536K)] 3147K->3159K(9728K), 0.0003545 secs] [Times: user=0.00 sys=0.00, real=0.00 secs] 
3.688: [GC (Allocation Failure) [PSYoungGen: 559K->32K(1536K)] 4702K->4174K(9728K), 0.0003152 secs] [Times: user=0.00 sys=0.00, real=0.00 secs] 
3.689: [GC (Allocation Failure) [PSYoungGen: 560K->32K(1536K)] 4703K->4690K(9728K), 0.0003394 secs] [Times: user=0.01 sys=0.00, real=0.00 secs] 
3.689: [GC (Allocation Failure) [PSYoungGen: 559K->32K(1536K)] 6234K->5706K(9728K), 0.0003014 secs] [Times: user=0.00 sys=0.00, real=0.00 secs] 
3.690: [GC (Allocation Failure) [PSYoungGen: 560K->32K(1536K)] 6234K->6222K(9728K), 0.0003497 secs] [Times: user=0.00 sys=0.00, real=0.00 secs] 
3.690: [GC (Allocation Failure) [PSYoungGen: 560K->32K(1536K)] 7766K->7238K(9728K), 0.0003212 secs] [Times: user=0.00 sys=0.00, real=0.00 secs] 
3.691: [Full GC (Ergonomics) [PSYoungGen: 32K->0K(1536K)] [ParOldGen: 7206K->2621K(8192K)] 7238K->2621K(9728K), [Metaspace: 3328K->3328K(1056768K)], 0.0023660 secs] [Times: user=0.00 sys=0.00, real=0.01 secs] 
3.693: [GC (Allocation Failure) [PSYoungGen: 528K->32K(1536K)] 3149K->3161K(9728K), 0.0008018 secs] [Times: user=0.00 sys=0.00, real=0.00 secs] 
3.694: [GC (Allocation Failure) [PSYoungGen: 560K->32K(1536K)] 4706K->4177K(9728K), 0.0007654 secs] [Times: user=0.01 sys=0.00, real=0.00 secs] 
3.695: [GC (Allocation Failure) [PSYoungGen: 560K->32K(1536K)] 4706K->4694K(9728K), 0.0007929 secs] [Times: user=0.00 sys=0.00, real=0.00 secs] 
3.696: [GC (Allocation Failure) [PSYoungGen: 560K->32K(1536K)] 6239K->5710K(9728K), 0.0008043 secs] [Times: user=0.00 sys=0.00, real=0.00 secs] 
3.697: [GC (Allocation Failure) [PSYoungGen: 560K->32K(1536K)] 6239K->6227K(9728K), 0.0007926 secs] [Times: user=0.00 sys=0.00, real=0.00 secs] 
3.698: [GC (Allocation Failure) [PSYoungGen: 560K->32K(1536K)] 7773K->7244K(9728K), 0.0007809 secs] [Times: user=0.00 sys=0.00, real=0.00 secs] 
3.699: [Full GC (Ergonomics) [PSYoungGen: 32K->0K(1536K)] [ParOldGen: 7212K->2622K(8192K)] 7244K->2622K(9728K), [Metaspace: 3328K->3328K(1056768K)], 0.0021894 secs] [Times: user=0.01 sys=0.00, real=0.00 secs] 
3.701: [GC (Allocation Failure) [PSYoungGen: 528K->32K(1536K)] 3151K->3163K(9728K), 0.0007977 secs] [Times: user=0.00 sys=0.00, real=0.00 secs] 
3.702: [GC (Allocation Failure) [PSYoungGen: 560K->32K(1536K)] 4709K->4180K(9728K), 0.0008187 secs] [Times: user=0.00 sys=0.00, real=0.01 secs] 
3.703: [GC (Allocation Failure) [PSYoungGen: 561K->32K(1536K)] 4709K->4697K(9728K), 0.0003765 secs] [Times: user=0.00 sys=0.00, real=0.00 secs] 
3.704: [GC (Allocation Failure) [PSYoungGen: 560K->32K(1536K)] 6244K->5715K(9728K), 0.0002922 secs] [Times: user=0.00 sys=0.00, real=0.00 secs] 
3.704: [GC (Allocation Failure) [PSYoungGen: 561K->32K(1536K)] 6244K->6232K(9728K), 0.0003470 secs] [Times: user=0.01 sys=0.00, real=0.00 secs] 
3.705: [GC (Allocation Failure) [PSYoungGen: 561K->32K(1536K)] 7779K->7250K(9728K), 0.0003365 secs] [Times: user=0.00 sys=0.00, real=0.00 secs] 
3.705: [Full GC (Ergonomics) [PSYoungGen: 32K->0K(1536K)] [ParOldGen: 7218K->2624K(8192K)] 7250K->2624K(9728K), [Metaspace: 3328K->3328K(1056768K)], 0.0022058 secs] [Times: user=0.00 sys=0.00, real=0.00 secs] 
3.708: [GC (Allocation Failure) [PSYoungGen: 529K->32K(1536K)] 3153K->3165K(9728K), 0.0003331 secs] [Times: user=0.00 sys=0.00, real=0.00 secs] 
3.708: [GC (Allocation Failure) [PSYoungGen: 561K->32K(1536K)] 4712K->4183K(9728K), 0.0007940 secs] [Times: user=0.00 sys=0.00, real=0.00 secs] 
3.709: [GC (Allocation Failure) [PSYoungGen: 561K->32K(1536K)] 4713K->4700K(9728K), 0.0004053 secs] [Times: user=0.00 sys=0.00, real=0.00 secs] 
3.710: [GC (Allocation Failure) [PSYoungGen: 561K->32K(1536K)] 6248K->5719K(9728K), 0.0007972 secs] [Times: user=0.01 sys=0.00, real=0.00 secs] 
3.711: [GC (Allocation Failure) [PSYoungGen: 561K->32K(1536K)] 6249K->6237K(9728K), 0.0007828 secs] [Times: user=0.00 sys=0.00, real=0.00 secs] 
3.711: [GC (Allocation Failure) [PSYoungGen: 561K->32K(1536K)] 7785K->7256K(9728K), 0.0003030 secs] [Times: user=0.00 sys=0.00, real=0.00 secs] 
3.712: [Full GC (Ergonomics) [PSYoungGen: 32K->0K(1536K)] [ParOldGen: 7224K->2625K(8192K)] 7256K->2625K(9728K), [Metaspace: 3328K->3328K(1056768K)], 0.0024470 secs] [Times: user=0.00 sys=0.00, real=0.01 secs] 
3.714: [GC (Allocation Failure) [PSYoungGen: 529K->32K(1536K)] 3155K->3167K(9728K), 0.0007995 secs] [Times: user=0.01 sys=0.00, real=0.00 secs] 
3.715: [GC (Allocation Failure) [PSYoungGen: 561K->32K(1536K)] 4716K->4186K(9728K), 0.0007788 secs] [Times: user=0.00 sys=0.00, real=0.00 secs] 
3.716: [GC (Allocation Failure) [PSYoungGen: 562K->32K(1536K)] 4716K->4704K(9728K), 0.0008118 secs] [Times: user=0.00 sys=0.00, real=0.00 secs] 
3.717: [GC (Allocation Failure) [PSYoungGen: 561K->32K(1536K)] 6253K->5723K(9728K), 0.0007904 secs] [Times: user=0.00 sys=0.00, real=0.00 secs] 
3.718: [GC (Allocation Failure) [PSYoungGen: 562K->32K(1536K)] 6254K->6241K(9728K), 0.0008082 secs] [Times: user=0.00 sys=0.00, real=0.00 secs] 
3.719: [GC (Allocation Failure) [PSYoungGen: 561K->32K(1536K)] 7791K->7261K(9728K), 0.0002921 secs] [Times: user=0.00 sys=0.00, real=0.00 secs] 
3.720: [Full GC (Ergonomics) [PSYoungGen: 32K->0K(1536K)] [ParOldGen: 7229K->2627K(8192K)] 7261K->2627K(9728K), [Metaspace: 3328K->3328K(1056768K)], 0.0025401 secs] [Times: user=0.01 sys=0.00, real=0.00 secs] 
3.722: [GC (Allocation Failure) [PSYoungGen: 530K->32K(1536K)] 3157K->3169K(9728K), 0.0008007 secs] [Times: user=0.00 sys=0.00, real=0.01 secs] 
3.723: [GC (Allocation Failure) [PSYoungGen: 562K->32K(1536K)] 4719K->4189K(9728K), 0.0007792 secs] [Times: user=0.00 sys=0.00, real=0.00 secs] 
3.724: [GC (Allocation Failure) [PSYoungGen: 562K->32K(1536K)] 4719K->4707K(9728K), 0.0003575 secs] [Times: user=0.01 sys=0.00, real=0.00 secs] 
3.725: [GC (Allocation Failure) [PSYoungGen: 562K->32K(1536K)] 6258K->5728K(9728K), 0.0007885 secs] [Times: user=0.00 sys=0.00, real=0.00 secs] 
3.726: [GC (Allocation Failure) [PSYoungGen: 562K->32K(1536K)] 6258K->6246K(9728K), 0.0007823 secs] [Times: user=0.00 sys=0.00, real=0.00 secs] 
3.727: [GC (Allocation Failure) [PSYoungGen: 562K->32K(1536K)] 7798K->7267K(9728K), 0.0008107 secs] [Times: user=0.00 sys=0.00, real=0.00 secs] 
3.727: [Full GC (Ergonomics) [PSYoungGen: 32K->0K(1536K)] [ParOldGen: 7235K->2628K(8192K)] 7267K->2628K(9728K), [Metaspace: 3328K->3328K(1056768K)], 0.0025150 secs] [Times: user=0.01 sys=0.00, real=0.00 secs] 
3.730: [GC (Allocation Failure) [PSYoungGen: 530K->32K(1536K)] 3159K->3171K(9728K), 0.0007972 secs] [Times: user=0.00 sys=0.00, real=0.00 secs] 
3.731: [GC (Allocation Failure) [PSYoungGen: 562K->32K(1536K)] 4722K->4192K(9728K), 0.0007671 secs] [Times: user=0.00 sys=0.00, real=0.00 secs] 
3.732: [GC (Allocation Failure) [PSYoungGen: 562K->32K(1536K)] 4723K->4711K(9728K), 0.0007818 secs] [Times: user=0.00 sys=0.00, real=0.00 secs] 
3.733: [GC (Allocation Failure) [PSYoungGen: 562K->32K(1536K)] 6263K->5732K(9728K), 0.0008092 secs] [Times: user=0.00 sys=0.00, real=0.00 secs] 
3.734: [GC (Allocation Failure) [PSYoungGen: 563K->32K(1536K)] 6263K->6251K(9728K), 0.0008073 secs] [Times: user=0.00 sys=0.00, real=0.00 secs] 
3.735: [GC (Allocation Failure) [PSYoungGen: 562K->32K(1536K)] 7804K->7273K(9728K), 0.0008386 secs] [Times: user=0.00 sys=0.00, real=0.00 secs] 
3.736: [Full GC (Ergonomics) [PSYoungGen: 32K->0K(1536K)] [ParOldGen: 7241K->2629K(8192K)] 7273K->2629K(9728K), [Metaspace: 3328K->3328K(1056768K)], 0.0020482 secs] [Times: user=0.00 sys=0.00, real=0.00 secs] 
3.738: [GC (Allocation Failure) [PSYoungGen: 531K->32K(1536K)] 3161K->3172K(9728K), 0.0008081 secs] [Times: user=0.01 sys=0.00, real=0.00 secs] 
3.739: [GC (Allocation Failure) [PSYoungGen: 563K->32K(1536K)] 4726K->4195K(9728K), 0.0007588 secs] [Times: user=0.00 sys=0.00, real=0.00 secs] 
3.740: [GC (Allocation Failure) [PSYoungGen: 563K->32K(1536K)] 4726K->4714K(9728K), 0.0007954 secs] [Times: user=0.00 sys=0.00, real=0.00 secs] 
3.741: [GC (Allocation Failure) [PSYoungGen: 563K->32K(1536K)] 6268K->5736K(9728K), 0.0008080 secs] [Times: user=0.00 sys=0.00, real=0.00 secs] 
3.742: [GC (Allocation Failure) [PSYoungGen: 563K->32K(1536K)] 6268K->6256K(9728K), 0.0008149 secs] [Times: user=0.00 sys=0.00, real=0.00 secs] 
3.743: [GC (Allocation Failure) [PSYoungGen: 563K->32K(1536K)] 7810K->7279K(9728K), 0.0008246 secs] [Times: user=0.01 sys=0.00, real=0.01 secs] 
3.743: [Full GC (Ergonomics) [PSYoungGen: 32K->0K(1536K)] [ParOldGen: 7247K->2631K(8192K)] 7279K->2631K(9728K), [Metaspace: 3328K->3328K(1056768K)], 0.0025766 secs] [Times: user=0.00 sys=0.01, real=0.00 secs] 
3.746: [GC (Allocation Failure) [PSYoungGen: 531K->32K(1536K)] 3163K->3174K(9728K), 0.0008098 secs] [Times: user=0.00 sys=0.00, real=0.00 secs] 
3.747: [GC (Allocation Failure) [PSYoungGen: 563K->32K(1536K)] 4729K->4198K(9728K), 0.0007649 secs] [Times: user=0.01 sys=0.00, real=0.00 secs] 
3.748: [GC (Allocation Failure) [PSYoungGen: 563K->32K(1536K)] 4729K->4717K(9728K), 0.0007851 secs] [Times: user=0.00 sys=0.00, real=0.00 secs] 
3.749: [GC (Allocation Failure) [PSYoungGen: 563K->32K(1536K)] 6272K->5741K(9728K), 0.0007878 secs] [Times: user=0.00 sys=0.00, real=0.00 secs] 
3.750: [GC (Allocation Failure) [PSYoungGen: 564K->32K(1536K)] 6273K->6261K(9728K), 0.0008031 secs] [Times: user=0.00 sys=0.00, real=0.00 secs] 
3.751: [Full GC (Ergonomics) [PSYoungGen: 563K->0K(1536K)] [ParOldGen: 7764K->1609K(8192K)] 8328K->1609K(9728K), [Metaspace: 3328K->3328K(1056768K)], 0.0025599 secs] [Times: user=0.01 sys=0.00, real=0.01 secs] 
3.754: [Full GC (Ergonomics) [PSYoungGen: 532K->0K(1536K)] [ParOldGen: 7756K->2122K(8192K)] 8288K->2122K(9728K), [Metaspace: 3328K->3328K(1056768K)], 0.0030511 secs] [Times: user=0.00 sys=0.00, real=0.00 secs] 
3.758: [Full GC (Ergonomics) [PSYoungGen: 532K->0K(1536K)] [ParOldGen: 7762K->2123K(8192K)] 8295K->2123K(9728K), [Metaspace: 3328K->3328K(1056768K)], 0.0022652 secs] [Times: user=0.00 sys=0.00, real=0.00 secs] 
3.760: [Full GC (Ergonomics) [PSYoungGen: 533K->0K(1536K)] [ParOldGen: 7768K->2124K(8192K)] 8302K->2124K(9728K), [Metaspace: 3328K->3328K(1056768K)], 0.0025390 secs] [Times: user=0.01 sys=0.00, real=0.01 secs] 
3.763: [Full GC (Ergonomics) [PSYoungGen: 534K->0K(1536K)] [ParOldGen: 7775K->2125K(8192K)] 8309K->2125K(9728K), [Metaspace: 3328K->3328K(1056768K)], 0.0025184 secs] [Times: user=0.00 sys=0.00, real=0.00 secs] 
3.766: [Full GC (Ergonomics) [PSYoungGen: 534K->0K(1536K)] [ParOldGen: 7781K->2126K(8192K)] 8315K->2126K(9728K), [Metaspace: 3328K->3328K(1056768K)], 0.0025954 secs] [Times: user=0.01 sys=0.00, real=0.00 secs] 
3.770: [Full GC (Ergonomics) [PSYoungGen: 535K->0K(1536K)] [ParOldGen: 7787K->2126K(8192K)] 8322K->2126K(9728K), [Metaspace: 3328K->3328K(1056768K)], 0.0025783 secs] [Times: user=0.01 sys=0.00, real=0.00 secs] 
3.773: [Full GC (Ergonomics) [PSYoungGen: 535K->0K(1536K)] [ParOldGen: 7793K->2127K(8192K)] 8329K->2127K(9728K), [Metaspace: 3328K->3328K(1056768K)], 0.0026354 secs] [Times: user=0.00 sys=0.00, real=0.01 secs] 
3.776: [Full GC (Ergonomics) [PSYoungGen: 536K->0K(1536K)] [ParOldGen: 7800K->2128K(8192K)] 8336K->2128K(9728K), [Metaspace: 3328K->3328K(1056768K)], 0.0025356 secs] [Times: user=0.01 sys=0.00, real=0.00 secs] 
3.779: [Full GC (Ergonomics) [PSYoungGen: 536K->0K(1536K)] [ParOldGen: 7806K->2129K(8192K)] 8342K->2129K(9728K), [Metaspace: 3328K->3328K(1056768K)], 0.0021994 secs] [Times: user=0.00 sys=0.00, real=0.00 secs] 
3.782: [Full GC (Ergonomics) [PSYoungGen: 537K->0K(1536K)] [ParOldGen: 7812K->2130K(8192K)] 8349K->2130K(9728K), [Metaspace: 3328K->3328K(1056768K)], 0.0025276 secs] [Times: user=0.01 sys=0.00, real=0.01 secs] 
3.785: [Full GC (Ergonomics) [PSYoungGen: 537K->0K(1536K)] [ParOldGen: 7818K->2131K(8192K)] 8356K->2131K(9728K), [Metaspace: 3328K->3328K(1056768K)], 0.0025686 secs] [Times: user=0.01 sys=0.00, real=0.00 secs] 
3.788: [Full GC (Ergonomics) [PSYoungGen: 537K->0K(1536K)] [ParOldGen: 7825K->2132K(8192K)] 8363K->2132K(9728K), [Metaspace: 3328K->3328K(1056768K)], 0.0026086 secs] [Times: user=0.00 sys=0.00, real=0.00 secs] 
3.791: [Full GC (Ergonomics) [PSYoungGen: 538K->0K(1536K)] [ParOldGen: 7831K->2133K(8192K)] 8369K->2133K(9728K), [Metaspace: 3328K->3328K(1056768K)], 0.0022002 secs] [Times: user=0.01 sys=0.00, real=0.01 secs] 
3.794: [Full GC (Ergonomics) [PSYoungGen: 538K->0K(1536K)] [ParOldGen: 7837K->2134K(8192K)] 8376K->2134K(9728K), [Metaspace: 3328K->3328K(1056768K)], 0.0025558 secs] [Times: user=0.00 sys=0.00, real=0.00 secs] 
3.797: [Full GC (Ergonomics) [PSYoungGen: 539K->0K(1536K)] [ParOldGen: 7843K->2135K(8192K)] 8383K->2135K(9728K), [Metaspace: 3328K->3328K(1056768K)], 0.0021883 secs] [Times: user=0.01 sys=0.00, real=0.00 secs] 
3.800: [Full GC (Ergonomics) [PSYoungGen: 539K->0K(1536K)] [ParOldGen: 7850K->2136K(8192K)] 8390K->2136K(9728K), [Metaspace: 3328K->3328K(1056768K)], 0.0025532 secs] [Times: user=0.01 sys=0.00, real=0.00 secs] 
3.803: [Full GC (Ergonomics) [PSYoungGen: 540K->0K(1536K)] [ParOldGen: 7856K->2137K(8192K)] 8396K->2137K(9728K), [Metaspace: 3328K->3328K(1056768K)], 0.0027488 secs] [Times: user=0.00 sys=0.00, real=0.01 secs] 
3.806: [Full GC (Ergonomics) [PSYoungGen: 540K->0K(1536K)] [ParOldGen: 7862K->2138K(8192K)] 8403K->2138K(9728K), [Metaspace: 3328K->3328K(1056768K)], 0.0023172 secs] [Times: user=0.01 sys=0.00, real=0.00 secs] 
3.809: [Full GC (Ergonomics) [PSYoungGen: 541K->0K(1536K)] [ParOldGen: 7868K->2139K(8192K)] 8410K->2139K(9728K), [Metaspace: 3328K->3328K(1056768K)], 0.0025890 secs] [Times: user=0.00 sys=0.00, real=0.00 secs] 
3.812: [Full GC (Ergonomics) [PSYoungGen: 541K->0K(1536K)] [ParOldGen: 7875K->2140K(8192K)] 8416K->2140K(9728K), [Metaspace: 3328K->3328K(1056768K)], 0.0021860 secs] [Times: user=0.01 sys=0.00, real=0.01 secs] 
3.815: [Full GC (Ergonomics) [PSYoungGen: 542K->0K(1536K)] [ParOldGen: 7881K->2141K(8192K)] 8423K->2141K(9728K), [Metaspace: 3328K->3328K(1056768K)], 0.0025505 secs] [Times: user=0.01 sys=0.00, real=0.00 secs] 
3.818: [Full GC (Ergonomics) [PSYoungGen: 542K->0K(1536K)] [ParOldGen: 7887K->2142K(8192K)] 8430K->2142K(9728K), [Metaspace: 3328K->3328K(1056768K)], 0.0022381 secs] [Times: user=0.00 sys=0.00, real=0.00 secs] 
3.820: [Full GC (Ergonomics) [PSYoungGen: 543K->0K(1536K)] [ParOldGen: 7893K->2143K(8192K)] 8437K->2143K(9728K), [Metaspace: 3328K->3328K(1056768K)], 0.0026079 secs] [Times: user=0.01 sys=0.00, real=0.01 secs] 
3.824: [Full GC (Ergonomics) [PSYoungGen: 543K->0K(1536K)] [ParOldGen: 7900K->2144K(8192K)] 8443K->2144K(9728K), [Metaspace: 3328K->3328K(1056768K)], 0.0025958 secs] [Times: user=0.00 sys=0.00, real=0.00 secs] 
3.827: [Full GC (Ergonomics) [PSYoungGen: 544K->0K(1536K)] [ParOldGen: 7906K->2145K(8192K)] 8450K->2145K(9728K), [Metaspace: 3328K->3328K(1056768K)], 0.0025691 secs] [Times: user=0.00 sys=0.00, real=0.00 secs] 
3.830: [Full GC (Ergonomics) [PSYoungGen: 544K->0K(1536K)] [ParOldGen: 7912K->2146K(8192K)] 8457K->2146K(9728K), [Metaspace: 3328K->3328K(1056768K)], 0.0021912 secs] [Times: user=0.01 sys=0.00, real=0.00 secs] 
3.833: [Full GC (Ergonomics) [PSYoungGen: 545K->0K(1536K)] [ParOldGen: 7918K->2147K(8192K)] 8464K->2147K(9728K), [Metaspace: 3328K->3328K(1056768K)], 0.0025974 secs] [Times: user=0.00 sys=0.00, real=0.01 secs] 
3.836: [Full GC (Ergonomics) [PSYoungGen: 545K->0K(1536K)] [ParOldGen: 7925K->2148K(8192K)] 8470K->2148K(9728K), [Metaspace: 3328K->3328K(1056768K)], 0.0026056 secs] [Times: user=0.01 sys=0.00, real=0.00 secs] 
3.839: [Full GC (Ergonomics) [PSYoungGen: 546K->0K(1536K)] [ParOldGen: 7931K->2149K(8192K)] 8477K->2149K(9728K), [Metaspace: 3328K->3328K(1056768K)], 0.0025859 secs] [Times: user=0.01 sys=0.00, real=0.00 secs] 
3.842: [Full GC (Ergonomics) [PSYoungGen: 546K->0K(1536K)] [ParOldGen: 7937K->2150K(8192K)] 8484K->2150K(9728K), [Metaspace: 3328K->3328K(1056768K)], 0.0025620 secs] [Times: user=0.00 sys=0.00, real=0.01 secs] 
3.845: [Full GC (Ergonomics) [PSYoungGen: 547K->0K(1536K)] [ParOldGen: 7943K->2151K(8192K)] 8490K->2151K(9728K), [Metaspace: 3328K->3328K(1056768K)], 0.0026133 secs] [Times: user=0.01 sys=0.00, real=0.00 secs] 
3.848: [Full GC (Ergonomics) [PSYoungGen: 547K->0K(1536K)] [ParOldGen: 7950K->2151K(8192K)] 8497K->2151K(9728K), [Metaspace: 3328K->3328K(1056768K)], 0.0025689 secs] [Times: user=0.00 sys=0.00, real=0.00 secs] 
3.851: [Full GC (Ergonomics) [PSYoungGen: 548K->0K(1536K)] [ParOldGen: 7956K->2152K(8192K)] 8504K->2152K(9728K), [Metaspace: 3328K->3328K(1056768K)], 0.0021730 secs] [Times: user=0.01 sys=0.00, real=0.01 secs] 
3.854: [Full GC (Ergonomics) [PSYoungGen: 548K->0K(1536K)] [ParOldGen: 7962K->2153K(8192K)] 8511K->2153K(9728K), [Metaspace: 3328K->3328K(1056768K)], 0.0025416 secs] [Times: user=0.01 sys=0.00, real=0.00 secs] 
3.857: [Full GC (Ergonomics) [PSYoungGen: 549K->0K(1536K)] [ParOldGen: 7968K->2154K(8192K)] 8517K->2154K(9728K), [Metaspace: 3328K->3328K(1056768K)], 0.0025404 secs] [Times: user=0.00 sys=0.01, real=0.00 secs] 
3.860: [Full GC (Ergonomics) [PSYoungGen: 549K->0K(1536K)] [ParOldGen: 7975K->2155K(8192K)] 8524K->2155K(9728K), [Metaspace: 3328K->3328K(1056768K)], 0.0025516 secs] [Times: user=0.01 sys=0.00, real=0.00 secs] 
3.863: [Full GC (Ergonomics) [PSYoungGen: 549K->0K(1536K)] [ParOldGen: 7981K->2156K(8192K)] 8531K->2156K(9728K), [Metaspace: 3328K->3328K(1056768K)], 0.0021068 secs] [Times: user=0.00 sys=0.00, real=0.00 secs] 
3.866: [Full GC (Ergonomics) [PSYoungGen: 550K->0K(1536K)] [ParOldGen: 7987K->2157K(8192K)] 8538K->2157K(9728K), [Metaspace: 3328K->3328K(1056768K)], 0.0025942 secs] [Times: user=0.01 sys=0.00, real=0.00 secs] 
3.869: [Full GC (Ergonomics) [PSYoungGen: 550K->0K(1536K)] [ParOldGen: 7993K->2158K(8192K)] 8544K->2158K(9728K), [Metaspace: 3328K->3328K(1056768K)], 0.0025520 secs] [Times: user=0.01 sys=0.00, real=0.00 secs] 
3.872: [Full GC (Ergonomics) [PSYoungGen: 551K->0K(1536K)] [ParOldGen: 8000K->2159K(8192K)] 8551K->2159K(9728K), [Metaspace: 3328K->3328K(1056768K)], 0.0021839 secs] [Times: user=0.00 sys=0.00, real=0.01 secs] 
3.875: [Full GC (Ergonomics) [PSYoungGen: 551K->0K(1536K)] [ParOldGen: 8006K->2160K(8192K)] 8558K->2160K(9728K), [Metaspace: 3328K->3328K(1056768K)], 0.0020832 secs] [Times: user=0.01 sys=0.00, real=0.00 secs] 
3.877: [Full GC (Ergonomics) [PSYoungGen: 552K->0K(1536K)] [ParOldGen: 8012K->2161K(8192K)] 8564K->2161K(9728K), [Metaspace: 3328K->3328K(1056768K)], 0.0021952 secs] [Times: user=0.00 sys=0.00, real=0.00 secs] 
3.880: [Full GC (Ergonomics) [PSYoungGen: 552K->0K(1536K)] [ParOldGen: 8018K->2162K(8192K)] 8571K->2162K(9728K), [Metaspace: 3328K->3328K(1056768K)], 0.0026118 secs] [Times: user=0.01 sys=0.00, real=0.01 secs] 
3.883: [Full GC (Ergonomics) [PSYoungGen: 553K->0K(1536K)] [ParOldGen: 8025K->2163K(8192K)] 8578K->2163K(9728K), [Metaspace: 3328K->3328K(1056768K)], 0.0030353 secs] [Times: user=0.01 sys=0.00, real=0.00 secs] 
3.888: [Full GC (Ergonomics) [PSYoungGen: 553K->0K(1536K)] [ParOldGen: 8031K->2164K(8192K)] 8585K->2164K(9728K), [Metaspace: 3328K->3328K(1056768K)], 0.0023560 secs] [Times: user=0.00 sys=0.00, real=0.00 secs] 
3.891: [Full GC (Ergonomics) [PSYoungGen: 554K->0K(1536K)] [ParOldGen: 8037K->2165K(8192K)] 8591K->2165K(9728K), [Metaspace: 3328K->3328K(1056768K)], 0.0025578 secs] [Times: user=0.01 sys=0.00, real=0.01 secs] 
3.894: [Full GC (Ergonomics) [PSYoungGen: 554K->0K(1536K)] [ParOldGen: 8043K->2166K(8192K)] 8598K->2166K(9728K), [Metaspace: 3328K->3328K(1056768K)], 0.0025820 secs] [Times: user=0.00 sys=0.00, real=0.00 secs] 
3.897: [Full GC (Ergonomics) [PSYoungGen: 555K->0K(1536K)] [ParOldGen: 8050K->2167K(8192K)] 8605K->2167K(9728K), [Metaspace: 3328K->3328K(1056768K)], 0.0025427 secs] [Times: user=0.00 sys=0.00, real=0.00 secs] 
3.900: [Full GC (Ergonomics) [PSYoungGen: 555K->0K(1536K)] [ParOldGen: 8056K->2168K(8192K)] 8612K->2168K(9728K), [Metaspace: 3328K->3328K(1056768K)], 0.0030082 secs] [Times: user=0.01 sys=0.00, real=0.01 secs] 
3.904: [Full GC (Ergonomics) [PSYoungGen: 556K->0K(1536K)] [ParOldGen: 8062K->2169K(8192K)] 8618K->2169K(9728K), [Metaspace: 3328K->3328K(1056768K)], 0.0026607 secs] [Times: user=0.00 sys=0.00, real=0.00 secs] 
3.907: [Full GC (Ergonomics) [PSYoungGen: 556K->0K(1536K)] [ParOldGen: 8068K->2170K(8192K)] 8625K->2170K(9728K), [Metaspace: 3328K->3328K(1056768K)], 0.0025572 secs] [Times: user=0.01 sys=0.00, real=0.00 secs] 
3.910: [Full GC (Ergonomics) [PSYoungGen: 557K->0K(1536K)] [ParOldGen: 8074K->2171K(8192K)] 8632K->2171K(9728K), [Metaspace: 3328K->3328K(1056768K)], 0.0025369 secs] [Times: user=0.01 sys=0.00, real=0.01 secs] 
3.914: [Full GC (Ergonomics) [PSYoungGen: 557K->0K(1536K)] [ParOldGen: 8081K->2172K(8192K)] 8638K->2172K(9728K), [Metaspace: 3328K->3328K(1056768K)], 0.0022349 secs] [Times: user=0.00 sys=0.00, real=0.00 secs] 
3.916: [Full GC (Ergonomics) [PSYoungGen: 558K->0K(1536K)] [ParOldGen: 8087K->2173K(8192K)] 8645K->2173K(9728K), [Metaspace: 3328K->3328K(1056768K)], 0.0026121 secs] [Times: user=0.01 sys=0.00, real=0.00 secs] 
3.920: [Full GC (Ergonomics) [PSYoungGen: 558K->0K(1536K)] [ParOldGen: 8093K->2174K(8192K)] 8652K->2174K(9728K), [Metaspace: 3328K->3328K(1056768K)], 0.0025844 secs] [Times: user=0.01 sys=0.00, real=0.00 secs] 
3.923: [Full GC (Ergonomics) [PSYoungGen: 559K->0K(1536K)] [ParOldGen: 8099K->2175K(8192K)] 8659K->2175K(9728K), [Metaspace: 3328K->3328K(1056768K)], 0.0025743 secs] [Times: user=0.00 sys=0.00, real=0.01 secs] 
3.926: [Full GC (Ergonomics) [PSYoungGen: 559K->0K(1536K)] [ParOldGen: 8106K->2175K(8192K)] 8665K->2175K(9728K), [Metaspace: 3328K->3328K(1056768K)], 0.0021945 secs] [Times: user=0.01 sys=0.00, real=0.00 secs] 
3.929: [Full GC (Ergonomics) [PSYoungGen: 560K->0K(1536K)] [ParOldGen: 8112K->2176K(8192K)] 8672K->2176K(9728K), [Metaspace: 3328K->3328K(1056768K)], 0.0026082 secs] [Times: user=0.00 sys=0.00, real=0.00 secs] 
3.932: [Full GC (Ergonomics) [PSYoungGen: 560K->0K(1536K)] [ParOldGen: 8118K->2177K(8192K)] 8679K->2177K(9728K), [Metaspace: 3328K->3328K(1056768K)], 0.0025858 secs] [Times: user=0.01 sys=0.00, real=0.01 secs] 
3.935: [Full GC (Ergonomics) [PSYoungGen: 561K->0K(1536K)] [ParOldGen: 8124K->2178K(8192K)] 8685K->2178K(9728K), [Metaspace: 3328K->3328K(1056768K)], 0.0025598 secs] [Times: user=0.01 sys=0.00, real=0.00 secs] 
3.938: [Full GC (Ergonomics) [PSYoungGen: 561K->0K(1536K)] [ParOldGen: 8131K->2179K(8192K)] 8692K->2179K(9728K), [Metaspace: 3328K->3328K(1056768K)], 0.0022208 secs] [Times: user=0.00 sys=0.00, real=0.00 secs] 
3.941: [Full GC (Ergonomics) [PSYoungGen: 561K->0K(1536K)] [ParOldGen: 8137K->2180K(8192K)] 8699K->2180K(9728K), [Metaspace: 3328K->3328K(1056768K)], 0.0022185 secs] [Times: user=0.01 sys=0.00, real=0.01 secs] 
3.943: [Full GC (Ergonomics) [PSYoungGen: 562K->0K(1536K)] [ParOldGen: 8143K->2181K(8192K)] 8706K->2181K(9728K), [Metaspace: 3328K->3328K(1056768K)], 0.0022961 secs] [Times: user=0.00 sys=0.00, real=0.00 secs] 
3.946: [Full GC (Ergonomics) [PSYoungGen: 562K->0K(1536K)] [ParOldGen: 8149K->2182K(8192K)] 8712K->2182K(9728K), [Metaspace: 3328K->3328K(1056768K)], 0.0025722 secs] [Times: user=0.01 sys=0.00, real=0.00 secs] 
3.949: [Full GC (Ergonomics) [PSYoungGen: 563K->0K(1536K)] [ParOldGen: 8156K->2183K(8192K)] 8719K->2183K(9728K), [Metaspace: 3328K->3328K(1056768K)], 0.0025382 secs] [Times: user=0.01 sys=0.00, real=0.00 secs] 
3.953: [Full GC (Ergonomics) [PSYoungGen: 563K->0K(1536K)] [ParOldGen: 8162K->2184K(8192K)] 8726K->2184K(9728K), [Metaspace: 3328K->3328K(1056768K)], 0.0025896 secs] [Times: user=0.00 sys=0.00, real=0.01 secs] 
3.956: [Full GC (Ergonomics) [PSYoungGen: 564K->0K(1536K)] [ParOldGen: 8168K->2185K(8192K)] 8733K->2185K(9728K), [Metaspace: 3328K->3328K(1056768K)], 0.0022099 secs] [Times: user=0.01 sys=0.00, real=0.00 secs] 
3.958: [Full GC (Ergonomics) [PSYoungGen: 564K->0K(1536K)] [ParOldGen: 8174K->2186K(8192K)] 8739K->2186K(9728K), [Metaspace: 3328K->3328K(1056768K)], 0.0025854 secs] [Times: user=0.00 sys=0.00, real=0.00 secs] 
3.962: [Full GC (Ergonomics) [PSYoungGen: 565K->0K(1536K)] [ParOldGen: 8181K->2187K(8192K)] 8746K->2187K(9728K), [Metaspace: 3328K->3328K(1056768K)], 0.0025861 secs] [Times: user=0.01 sys=0.00, real=0.01 secs] 
3.965: [Full GC (Ergonomics) [PSYoungGen: 565K->0K(1536K)] [ParOldGen: 8187K->2188K(8192K)] 8753K->2188K(9728K), [Metaspace: 3328K->3328K(1056768K)], 0.0025400 secs] [Times: user=0.01 sys=0.00, real=0.00 secs] 
3.968: [Full GC (Ergonomics) [PSYoungGen: 566K->0K(1536K)] [ParOldGen: 7647K->1643K(8192K)] 8213K->1643K(9728K), [Metaspace: 3328K->3328K(1056768K)], 0.0025840 secs] [Times: user=0.00 sys=0.00, real=0.00 secs] 
3.971: [Full GC (Ergonomics) [PSYoungGen: 566K->0K(1536K)] [ParOldGen: 7653K->1643K(8192K)] 8220K->1643K(9728K), [Metaspace: 3328K->3328K(1056768K)], 0.0028550 secs] [Times: user=0.01 sys=0.01, real=0.01 secs] 
3.974: [Full GC (Ergonomics) [PSYoungGen: 567K->0K(1536K)] [ParOldGen: 7659K->1644K(8192K)] 8226K->1644K(9728K), [Metaspace: 3328K->3328K(1056768K)], 0.0023782 secs] [Times: user=0.00 sys=0.00, real=0.00 secs] 
3.977: [Full GC (Ergonomics) [PSYoungGen: 567K->0K(1536K)] [ParOldGen: 7665K->1644K(8192K)] 8232K->1644K(9728K), [Metaspace: 3328K->3328K(1056768K)], 0.0025372 secs] [Times: user=0.00 sys=0.00, real=0.00 secs] 
3.980: [Full GC (Ergonomics) [PSYoungGen: 568K->0K(1536K)] [ParOldGen: 7670K->1645K(8192K)] 8238K->1645K(9728K), [Metaspace: 3328K->3328K(1056768K)], 0.0025629 secs] [Times: user=0.01 sys=0.00, real=0.01 secs] 
3.983: [Full GC (Ergonomics) [PSYoungGen: 568K->0K(1536K)] [ParOldGen: 7676K->1645K(8192K)] 8245K->1645K(9728K), [Metaspace: 3328K->3328K(1056768K)], 0.0025579 secs] [Times: user=0.00 sys=0.00, real=0.00 secs] 
3.987: [Full GC (Ergonomics) [PSYoungGen: 569K->0K(1536K)] [ParOldGen: 7682K->1646K(8192K)] 8251K->1646K(9728K), [Metaspace: 3328K->3328K(1056768K)], 0.0025546 secs] [Times: user=0.01 sys=0.00, real=0.00 secs] 
3.990: [Full GC (Ergonomics) [PSYoungGen: 569K->0K(1536K)] [ParOldGen: 7688K->1646K(8192K)] 8257K->1646K(9728K), [Metaspace: 3328K->3328K(1056768K)], 0.0022681 secs] [Times: user=0.01 sys=0.00, real=0.00 secs] 
3.993: [Full GC (Ergonomics) [PSYoungGen: 570K->0K(1536K)] [ParOldGen: 7693K->1647K(8192K)] 8263K->1647K(9728K), [Metaspace: 3328K->3328K(1056768K)], 0.0028161 secs] [Times: user=0.00 sys=0.00, real=0.01 secs] 
3.997: [Full GC (Ergonomics) [PSYoungGen: 570K->0K(1536K)] [ParOldGen: 7699K->1647K(8192K)] 8270K->1647K(9728K), [Metaspace: 3328K->3328K(1056768K)], 0.0026512 secs] [Times: user=0.01 sys=0.00, real=0.00 secs] 
4.000: [Full GC (Ergonomics) [PSYoungGen: 570K->0K(1536K)] [ParOldGen: 7705K->1648K(8192K)] 8276K->1648K(9728K), [Metaspace: 3328K->3328K(1056768K)], 0.0030631 secs] [Times: user=0.01 sys=0.00, real=0.01 secs] 
4.004: [Full GC (Ergonomics) [PSYoungGen: 571K->0K(1536K)] [ParOldGen: 7711K->1648K(8192K)] 8282K->1648K(9728K), [Metaspace: 3328K->3328K(1056768K)], 0.0027494 secs] [Times: user=0.00 sys=0.00, real=0.00 secs] 
4.007: [Full GC (Ergonomics) [PSYoungGen: 571K->0K(1536K)] [ParOldGen: 7716K->1649K(8192K)] 8288K->1649K(9728K), [Metaspace: 3328K->3328K(1056768K)], 0.0026011 secs] [Times: user=0.01 sys=0.00, real=0.00 secs] 
4.011: [Full GC (Ergonomics) [PSYoungGen: 572K->0K(1536K)] [ParOldGen: 7722K->1649K(8192K)] 8295K->1649K(9728K), [Metaspace: 3328K->3328K(1056768K)], 0.0025962 secs] [Times: user=0.01 sys=0.00, real=0.01 secs] 
4.014: [Full GC (Ergonomics) [PSYoungGen: 572K->0K(1536K)] [ParOldGen: 7728K->1650K(8192K)] 8301K->1650K(9728K), [Metaspace: 3328K->3328K(1056768K)], 0.0025498 secs] [Times: user=0.00 sys=0.00, real=0.00 secs] 
4.017: [Full GC (Ergonomics) [PSYoungGen: 573K->0K(1536K)] [ParOldGen: 7734K->1650K(8192K)] 8307K->1650K(9728K), [Metaspace: 3328K->3328K(1056768K)], 0.0026198 secs] [Times: user=0.01 sys=0.00, real=0.00 secs] 
4.020: [Full GC (Ergonomics) [PSYoungGen: 573K->0K(1536K)] [ParOldGen: 7739K->1651K(8192K)] 8313K->1651K(9728K), [Metaspace: 3328K->3328K(1056768K)], 0.0029296 secs] [Times: user=0.01 sys=0.00, real=0.01 secs] 
4.024: [Full GC (Ergonomics) [PSYoungGen: 574K->0K(1536K)] [ParOldGen: 7745K->1651K(8192K)] 8320K->1651K(9728K), [Metaspace: 3328K->3328K(1056768K)], 0.0025273 secs] [Times: user=0.00 sys=0.00, real=0.00 secs] 
4.027: [Full GC (Ergonomics) [PSYoungGen: 574K->0K(1536K)] [ParOldGen: 7751K->1651K(8192K)] 8326K->1651K(9728K), [Metaspace: 3328K->3328K(1056768K)], 0.0025756 secs] [Times: user=0.01 sys=0.00, real=0.00 secs] 
4.030: [Full GC (Ergonomics) [PSYoungGen: 575K->0K(1536K)] [ParOldGen: 7757K->1652K(8192K)] 8332K->1652K(9728K), [Metaspace: 3328K->3328K(1056768K)], 0.0025798 secs] [Times: user=0.00 sys=0.00, real=0.00 secs] 
4.033: [Full GC (Ergonomics) [PSYoungGen: 575K->0K(1536K)] [ParOldGen: 7763K->1652K(8192K)] 8338K->1652K(9728K), [Metaspace: 3328K->3328K(1056768K)], 0.0025717 secs] [Times: user=0.01 sys=0.00, real=0.00 secs] 
4.036: [Full GC (Ergonomics) [PSYoungGen: 576K->0K(1536K)] [ParOldGen: 7768K->1653K(8192K)] 8345K->1653K(9728K), [Metaspace: 3328K->3328K(1056768K)], 0.0026003 secs] [Times: user=0.01 sys=0.00, real=0.00 secs] 
4.039: [Full GC (Ergonomics) [PSYoungGen: 576K->0K(1536K)] [ParOldGen: 7774K->1653K(8192K)] 8351K->1653K(9728K), [Metaspace: 3328K->3328K(1056768K)], 0.0022419 secs] [Times: user=0.00 sys=0.00, real=0.00 secs] 
4.042: [Full GC (Ergonomics) [PSYoungGen: 577K->0K(1536K)] [ParOldGen: 7780K->1654K(8192K)] 8357K->1654K(9728K), [Metaspace: 3328K->3328K(1056768K)], 0.0021998 secs] [Times: user=0.01 sys=0.00, real=0.01 secs] 
4.045: [Full GC (Ergonomics) [PSYoungGen: 577K->0K(1536K)] [ParOldGen: 7786K->1654K(8192K)] 8363K->1654K(9728K), [Metaspace: 3328K->3328K(1056768K)], 0.0025959 secs] [Times: user=0.00 sys=0.00, real=0.00 secs] 
4.048: [Full GC (Ergonomics) [PSYoungGen: 578K->0K(1536K)] [ParOldGen: 7791K->1655K(8192K)] 8370K->1655K(9728K), [Metaspace: 3328K->3328K(1056768K)], 0.0025778 secs] [Times: user=0.00 sys=0.00, real=0.00 secs] 
4.051: [Full GC (Ergonomics) [PSYoungGen: 578K->0K(1536K)] [ParOldGen: 7797K->1655K(8192K)] 8376K->1655K(9728K), [Metaspace: 3328K->3328K(1056768K)], 0.0025821 secs] [Times: user=0.01 sys=0.00, real=0.01 secs] 
4.054: [Full GC (Ergonomics) [PSYoungGen: 579K->0K(1536K)] [ParOldGen: 7803K->1656K(8192K)] 8382K->1656K(9728K), [Metaspace: 3328K->3328K(1056768K)], 0.0022657 secs] [Times: user=0.00 sys=0.00, real=0.00 secs] 
4.057: [Full GC (Ergonomics) [PSYoungGen: 579K->0K(1536K)] [ParOldGen: 7809K->1656K(8192K)] 8388K->1656K(9728K), [Metaspace: 3328K->3328K(1056768K)], 0.0025639 secs] [Times: user=0.01 sys=0.00, real=0.00 secs] 
4.060: [Full GC (Ergonomics) [PSYoungGen: 580K->0K(1536K)] [ParOldGen: 7814K->1657K(8192K)] 8395K->1657K(9728K), [Metaspace: 3328K->3328K(1056768K)], 0.0022185 secs] [Times: user=0.00 sys=0.00, real=0.00 secs] 
4.063: [Full GC (Ergonomics) [PSYoungGen: 580K->0K(1536K)] [ParOldGen: 7820K->1657K(8192K)] 8401K->1657K(9728K), [Metaspace: 3328K->3328K(1056768K)], 0.0025517 secs] [Times: user=0.01 sys=0.00, real=0.00 secs] 
4.066: [Full GC (Ergonomics) [PSYoungGen: 581K->0K(1536K)] [ParOldGen: 7826K->1658K(8192K)] 8407K->1658K(9728K), [Metaspace: 3328K->3328K(1056768K)], 0.0022579 secs] [Times: user=0.01 sys=0.00, real=0.00 secs] 
4.069: [Full GC (Ergonomics) [PSYoungGen: 581K->0K(1536K)] [ParOldGen: 7832K->1658K(8192K)] 8413K->1658K(9728K), [Metaspace: 3328K->3328K(1056768K)], 0.0025207 secs] [Times: user=0.00 sys=0.00, real=0.00 secs] 
4.072: [Full GC (Ergonomics) [PSYoungGen: 582K->0K(1536K)] [ParOldGen: 7837K->1659K(8192K)] 8419K->1659K(9728K), [Metaspace: 3328K->3328K(1056768K)], 0.0025266 secs] [Times: user=0.01 sys=0.00, real=0.01 secs] 
4.075: [Full GC (Ergonomics) [PSYoungGen: 582K->0K(1536K)] [ParOldGen: 7843K->1659K(8192K)] 8426K->1659K(9728K), [Metaspace: 3328K->3328K(1056768K)], 0.0025303 secs] [Times: user=0.00 sys=0.00, real=0.00 secs] 
4.078: [Full GC (Ergonomics) [PSYoungGen: 582K->0K(1536K)] [ParOldGen: 7849K->1660K(8192K)] 8432K->1660K(9728K), [Metaspace: 3328K->3328K(1056768K)], 0.0025971 secs] [Times: user=0.01 sys=0.00, real=0.00 secs] 
4.082: [Full GC (Ergonomics) [PSYoungGen: 583K->0K(1536K)] [ParOldGen: 7855K->1660K(8192K)] 8438K->1660K(9728K), [Metaspace: 3328K->3328K(1056768K)], 0.0025584 secs] [Times: user=0.01 sys=0.00, real=0.01 secs] 
4.085: [Full GC (Ergonomics) [PSYoungGen: 583K->0K(1536K)] [ParOldGen: 7861K->1661K(8192K)] 8444K->1661K(9728K), [Metaspace: 3328K->3328K(1056768K)], 0.0025570 secs] [Times: user=0.00 sys=0.00, real=0.00 secs] 
4.088: [Full GC (Ergonomics) [PSYoungGen: 584K->0K(1536K)] [ParOldGen: 7866K->1661K(8192K)] 8451K->1661K(9728K), [Metaspace: 3328K->3328K(1056768K)], 0.0025411 secs] [Times: user=0.01 sys=0.00, real=0.00 secs] 
4.091: [Full GC (Ergonomics) [PSYoungGen: 584K->0K(1536K)] [ParOldGen: 7872K->1662K(8192K)] 8457K->1662K(9728K), [Metaspace: 3328K->3328K(1056768K)], 0.0025532 secs] [Times: user=0.01 sys=0.00, real=0.01 secs] 
4.094: [Full GC (Ergonomics) [PSYoungGen: 585K->0K(1536K)] [ParOldGen: 7878K->1662K(8192K)] 8463K->1662K(9728K), [Metaspace: 3328K->3328K(1056768K)], 0.0025374 secs] [Times: user=0.00 sys=0.00, real=0.00 secs] 
4.097: [Full GC (Ergonomics) [PSYoungGen: 585K->0K(1536K)] [ParOldGen: 7884K->1663K(8192K)] 8469K->1663K(9728K), [Metaspace: 3328K->3328K(1056768K)], 0.0026077 secs] [Times: user=0.01 sys=0.00, real=0.00 secs] 
4.100: [Full GC (Ergonomics) [PSYoungGen: 586K->0K(1536K)] [ParOldGen: 7889K->1663K(8192K)] 8476K->1663K(9728K), [Metaspace: 3328K->3328K(1056768K)], 0.0022391 secs] [Times: user=0.00 sys=0.00, real=0.00 secs] 
4.103: [Full GC (Ergonomics) [PSYoungGen: 586K->0K(1536K)] [ParOldGen: 7895K->1663K(8192K)] 8482K->1663K(9728K), [Metaspace: 3328K->3328K(1056768K)], 0.0025554 secs] [Times: user=0.01 sys=0.00, real=0.00 secs] 
4.106: [Full GC (Ergonomics) [PSYoungGen: 587K->0K(1536K)] [ParOldGen: 7901K->1664K(8192K)] 8488K->1664K(9728K), [Metaspace: 3328K->3328K(1056768K)], 0.0024771 secs] [Times: user=0.01 sys=0.00, real=0.00 secs] 
4.109: [Full GC (Ergonomics) [PSYoungGen: 587K->0K(1536K)] [ParOldGen: 7907K->1664K(8192K)] 8494K->1664K(9728K), [Metaspace: 3328K->3328K(1056768K)], 0.0025563 secs] [Times: user=0.00 sys=0.00, real=0.00 secs] 
4.113: [Full GC (Ergonomics) [PSYoungGen: 588K->0K(1536K)] [ParOldGen: 7912K->1665K(8192K)] 8501K->1665K(9728K), [Metaspace: 3328K->3328K(1056768K)], 0.0026210 secs] [Times: user=0.01 sys=0.00, real=0.01 secs] 
4.116: [Full GC (Ergonomics) [PSYoungGen: 588K->0K(1536K)] [ParOldGen: 7918K->1665K(8192K)] 8507K->1665K(9728K), [Metaspace: 3328K->3328K(1056768K)], 0.0025290 secs] [Times: user=0.01 sys=0.00, real=0.00 secs] 
4.119: [Full GC (Ergonomics) [PSYoungGen: 589K->0K(1536K)] [ParOldGen: 7924K->1666K(8192K)] 8513K->1666K(9728K), [Metaspace: 3328K->3328K(1056768K)], 0.0025946 secs] [Times: user=0.00 sys=0.00, real=0.00 secs] 
4.122: [Full GC (Ergonomics) [PSYoungGen: 589K->0K(1536K)] [ParOldGen: 7930K->1666K(8192K)] 8519K->1666K(9728K), [Metaspace: 3328K->3328K(1056768K)], 0.0021386 secs] [Times: user=0.01 sys=0.00, real=0.01 secs] 
4.125: [Full GC (Ergonomics) [PSYoungGen: 590K->0K(1536K)] [ParOldGen: 7935K->1667K(8192K)] 8526K->1667K(9728K), [Metaspace: 3328K->3328K(1056768K)], 0.0025730 secs] [Times: user=0.00 sys=0.00, real=0.00 secs] 
4.128: [Full GC (Ergonomics) [PSYoungGen: 590K->0K(1536K)] [ParOldGen: 7941K->1667K(8192K)] 8532K->1667K(9728K), [Metaspace: 3328K->3328K(1056768K)], 0.0022157 secs] [Times: user=0.01 sys=0.00, real=0.00 secs] 
4.131: [Full GC (Ergonomics) [PSYoungGen: 591K->0K(1536K)] [ParOldGen: 7947K->1668K(8192K)] 8538K->1668K(9728K), [Metaspace: 3328K->3328K(1056768K)], 0.0025225 secs] [Times: user=0.01 sys=0.00, real=0.01 secs] 
4.134: [Full GC (Ergonomics) [PSYoungGen: 591K->0K(1536K)] [ParOldGen: 7953K->1668K(8192K)] 8544K->1668K(9728K), [Metaspace: 3328K->3328K(1056768K)], 0.0025662 secs] [Times: user=0.00 sys=0.00, real=0.00 secs] 
4.137: [Full GC (Ergonomics) [PSYoungGen: 592K->0K(1536K)] [ParOldGen: 7959K->1669K(8192K)] 8551K->1669K(9728K), [Metaspace: 3328K->3328K(1056768K)], 0.0025797 secs] [Times: user=0.01 sys=0.00, real=0.00 secs] 
4.140: [Full GC (Ergonomics) [PSYoungGen: 592K->0K(1536K)] [ParOldGen: 7964K->1669K(8192K)] 8557K->1669K(9728K), [Metaspace: 3328K->3328K(1056768K)], 0.0021146 secs] [Times: user=0.00 sys=0.00, real=0.00 secs] 
4.143: [Full GC (Ergonomics) [PSYoungGen: 593K->0K(1536K)] [ParOldGen: 7970K->1670K(8192K)] 8563K->1670K(9728K), [Metaspace: 3328K->3328K(1056768K)], 0.0025601 secs] [Times: user=0.01 sys=0.00, real=0.00 secs] 
4.146: [Full GC (Ergonomics) [PSYoungGen: 593K->0K(1536K)] [ParOldGen: 7976K->1670K(8192K)] 8569K->1670K(9728K), [Metaspace: 3328K->3328K(1056768K)], 0.0025348 secs] [Times: user=0.01 sys=0.00, real=0.00 secs] 
4.149: [Full GC (Ergonomics) [PSYoungGen: 594K->0K(1536K)] [ParOldGen: 7982K->1671K(8192K)] 8576K->1671K(9728K), [Metaspace: 3328K->3328K(1056768K)], 0.0025766 secs] [Times: user=0.00 sys=0.00, real=0.00 secs] 
4.152: [Full GC (Ergonomics) [PSYoungGen: 594K->0K(1536K)] [ParOldGen: 7987K->1671K(8192K)] 8582K->1671K(9728K), [Metaspace: 3328K->3328K(1056768K)], 0.0049562 secs] [Times: user=0.01 sys=0.00, real=0.01 secs] 
4.158: [Full GC (Ergonomics) [PSYoungGen: 594K->0K(1536K)] [ParOldGen: 7993K->1672K(8192K)] 8588K->1672K(9728K), [Metaspace: 3328K->3328K(1056768K)], 0.0025447 secs] [Times: user=0.00 sys=0.00, real=0.00 secs] 
4.161: [Full GC (Ergonomics) [PSYoungGen: 595K->0K(1536K)] [ParOldGen: 7999K->1672K(8192K)] 8594K->1672K(9728K), [Metaspace: 3328K->3328K(1056768K)], 0.0028814 secs] [Times: user=0.00 sys=0.00, real=0.01 secs] 
4.165: [Full GC (Ergonomics) [PSYoungGen: 595K->0K(1536K)] [ParOldGen: 8005K->1673K(8192K)] 8601K->1673K(9728K), [Metaspace: 3328K->3328K(1056768K)], 0.0025429 secs] [Times: user=0.01 sys=0.00, real=0.00 secs] 
4.168: [Full GC (Ergonomics) [PSYoungGen: 596K->0K(1536K)] [ParOldGen: 8010K->1673K(8192K)] 8607K->1673K(9728K), [Metaspace: 3328K->3328K(1056768K)], 0.0033044 secs] [Times: user=0.00 sys=0.00, real=0.00 secs] 
4.173: [Full GC (Ergonomics) [PSYoungGen: 596K->0K(1536K)] [ParOldGen: 8016K->1674K(8192K)] 8613K->1674K(9728K), [Metaspace: 3328K->3328K(1056768K)], 0.0038687 secs] [Times: user=0.00 sys=0.00, real=0.01 secs] 
4.178: [Full GC (Ergonomics) [PSYoungGen: 597K->0K(1536K)] [ParOldGen: 8022K->1674K(8192K)] 8619K->1674K(9728K), [Metaspace: 3328K->3328K(1056768K)], 0.0026946 secs] [Times: user=0.01 sys=0.00, real=0.00 secs] 
4.182: [Full GC (Ergonomics) [PSYoungGen: 597K->0K(1536K)] [ParOldGen: 8028K->1675K(8192K)] 8626K->1675K(9728K), [Metaspace: 3328K->3328K(1056768K)], 0.0027413 secs] [Times: user=0.01 sys=0.00, real=0.01 secs] 
4.186: [Full GC (Ergonomics) [PSYoungGen: 598K->0K(1536K)] [ParOldGen: 8034K->1675K(8192K)] 8632K->1675K(9728K), [Metaspace: 3328K->3328K(1056768K)], 0.0023063 secs] [Times: user=0.00 sys=0.00, real=0.00 secs] 
4.189: [Full GC (Ergonomics) [PSYoungGen: 598K->0K(1536K)] [ParOldGen: 8039K->1676K(8192K)] 8638K->1676K(9728K), [Metaspace: 3328K->3328K(1056768K)], 0.0022727 secs] [Times: user=0.01 sys=0.00, real=0.00 secs] 
4.192: [Full GC (Ergonomics) [PSYoungGen: 599K->0K(1536K)] [ParOldGen: 8045K->1676K(8192K)] 8644K->1676K(9728K), [Metaspace: 3328K->3328K(1056768K)], 0.0025584 secs] [Times: user=0.01 sys=0.00, real=0.01 secs] 
4.195: [Full GC (Ergonomics) [PSYoungGen: 599K->0K(1536K)] [ParOldGen: 8051K->1676K(8192K)] 8651K->1676K(9728K), [Metaspace: 3328K->3328K(1056768K)], 0.0025452 secs] [Times: user=0.00 sys=0.00, real=0.00 secs] 
4.198: [Full GC (Ergonomics) [PSYoungGen: 600K->0K(1536K)] [ParOldGen: 8057K->1677K(8192K)] 8657K->1677K(9728K), [Metaspace: 3328K->3328K(1056768K)], 0.0025996 secs] [Times: user=0.01 sys=0.00, real=0.00 secs] 
4.201: [Full GC (Ergonomics) [PSYoungGen: 600K->0K(1536K)] [ParOldGen: 8062K->1677K(8192K)] 8663K->1677K(9728K), [Metaspace: 3328K->3328K(1056768K)], 0.0023957 secs] [Times: user=0.00 sys=0.01, real=0.01 secs] 
4.204: [Full GC (Ergonomics) [PSYoungGen: 601K->0K(1536K)] [ParOldGen: 8068K->1678K(8192K)] 8669K->1678K(9728K), [Metaspace: 3328K->3328K(1056768K)], 0.0021745 secs] [Times: user=0.00 sys=0.00, real=0.00 secs] 
4.207: [Full GC (Ergonomics) [PSYoungGen: 601K->0K(1536K)] [ParOldGen: 8074K->1678K(8192K)] 8676K->1678K(9728K), [Metaspace: 3328K->3328K(1056768K)], 0.0025831 secs] [Times: user=0.01 sys=0.00, real=0.00 secs] 
4.210: [Full GC (Ergonomics) [PSYoungGen: 602K->0K(1536K)] [ParOldGen: 8080K->1679K(8192K)] 8682K->1679K(9728K), [Metaspace: 3328K->3328K(1056768K)], 0.0025126 secs] [Times: user=0.00 sys=0.00, real=0.01 secs] 
4.214: [Full GC (Ergonomics) [PSYoungGen: 602K->0K(1536K)] [ParOldGen: 8085K->1679K(8192K)] 8688K->1679K(9728K), [Metaspace: 3328K->3328K(1056768K)], 0.0025483 secs] [Times: user=0.01 sys=0.00, real=0.00 secs] 
4.217: [Full GC (Ergonomics) [PSYoungGen: 603K->0K(1536K)] [ParOldGen: 8091K->1680K(8192K)] 8694K->1680K(9728K), [Metaspace: 3328K->3328K(1056768K)], 0.0025371 secs] [Times: user=0.01 sys=0.00, real=0.00 secs] 
4.220: [Full GC (Ergonomics) [PSYoungGen: 603K->0K(1536K)] [ParOldGen: 8097K->1680K(8192K)] 8701K->1680K(9728K), [Metaspace: 3328K->3328K(1056768K)], 0.0025663 secs] [Times: user=0.00 sys=0.00, real=0.00 secs] 
4.223: [Full GC (Ergonomics) [PSYoungGen: 604K->0K(1536K)] [ParOldGen: 8103K->1681K(8192K)] 8707K->1681K(9728K), [Metaspace: 3328K->3328K(1056768K)], 0.0023004 secs] [Times: user=0.01 sys=0.00, real=0.00 secs] 
4.226: [Full GC (Ergonomics) [PSYoungGen: 604K->0K(1536K)] [ParOldGen: 8108K->1681K(8192K)] 8713K->1681K(9728K), [Metaspace: 3328K->3328K(1056768K)], 0.0025440 secs] [Times: user=0.00 sys=0.00, real=0.00 secs] 
4.229: [Full GC (Ergonomics) [PSYoungGen: 605K->0K(1536K)] [ParOldGen: 8114K->1682K(8192K)] 8719K->1682K(9728K), [Metaspace: 3328K->3328K(1056768K)], 0.0022321 secs] [Times: user=0.01 sys=0.00, real=0.00 secs] 
4.232: [Full GC (Ergonomics) [PSYoungGen: 605K->0K(1536K)] [ParOldGen: 8120K->1682K(8192K)] 8726K->1682K(9728K), [Metaspace: 3328K->3328K(1056768K)], 0.0025404 secs] [Times: user=0.01 sys=0.00, real=0.01 secs] 
4.235: [Full GC (Ergonomics) [PSYoungGen: 606K->0K(1536K)] [ParOldGen: 8126K->1683K(8192K)] 8732K->1683K(9728K), [Metaspace: 3328K->3328K(1056768K)], 0.0025481 secs] [Times: user=0.00 sys=0.00, real=0.00 secs] 
4.238: [Full GC (Ergonomics) [PSYoungGen: 606K->0K(1536K)] [ParOldGen: 8132K->1683K(8192K)] 8738K->1683K(9728K), [Metaspace: 3328K->3328K(1056768K)], 0.0021740 secs] [Times: user=0.01 sys=0.00, real=0.00 secs] 
4.241: [Full GC (Ergonomics) [PSYoungGen: 607K->0K(1536K)] [ParOldGen: 8137K->1684K(8192K)] 8744K->1684K(9728K), [Metaspace: 3328K->3328K(1056768K)], 0.0021963 secs] [Times: user=0.00 sys=0.00, real=0.01 secs] 
4.244: [Full GC (Ergonomics) [PSYoungGen: 607K->0K(1536K)] [ParOldGen: 8143K->1684K(8192K)] 8751K->1684K(9728K), [Metaspace: 3328K->3328K(1056768K)], 0.0025378 secs] [Times: user=0.01 sys=0.00, real=0.00 secs] 
4.247: [Full GC (Ergonomics) [PSYoungGen: 607K->0K(1536K)] [ParOldGen: 8149K->1685K(8192K)] 8757K->1685K(9728K), [Metaspace: 3328K->3328K(1056768K)], 0.0025184 secs] [Times: user=0.01 sys=0.00, real=0.00 secs] 
4.250: [Full GC (Ergonomics) [PSYoungGen: 608K->0K(1536K)] [ParOldGen: 8155K->1685K(8192K)] 8763K->1685K(9728K), [Metaspace: 3328K->3328K(1056768K)], 0.0031580 secs] [Times: user=0.00 sys=0.00, real=0.01 secs] 
4.254: [Full GC (Ergonomics) [PSYoungGen: 608K->0K(1536K)] [ParOldGen: 8160K->1686K(8192K)] 8769K->1686K(9728K), [Metaspace: 3328K->3328K(1056768K)], 0.0024690 secs] [Times: user=0.01 sys=0.00, real=0.00 secs] 
4.257: [Full GC (Ergonomics) [PSYoungGen: 609K->0K(1536K)] [ParOldGen: 8166K->1686K(8192K)] 8776K->1686K(9728K), [Metaspace: 3328K->3328K(1056768K)], 0.0026120 secs] [Times: user=0.01 sys=0.00, real=0.00 secs] 
4.260: [Full GC (Ergonomics) [PSYoungGen: 609K->0K(1536K)] [ParOldGen: 8172K->1687K(8192K)] 8782K->1687K(9728K), [Metaspace: 3328K->3328K(1056768K)], 0.0026122 secs] [Times: user=0.00 sys=0.00, real=0.00 secs] 
4.263: [Full GC (Ergonomics) [PSYoungGen: 610K->0K(1536K)] [ParOldGen: 8178K->1687K(8192K)] 8788K->1687K(9728K), [Metaspace: 3328K->3328K(1056768K)], 0.0025785 secs] [Times: user=0.01 sys=0.00, real=0.00 secs] 
4.266: [Full GC (Ergonomics) [PSYoungGen: 610K->0K(1536K)] [ParOldGen: 8183K->1688K(8192K)] 8794K->1688K(9728K), [Metaspace: 3328K->3328K(1056768K)], 0.0025741 secs] [Times: user=0.00 sys=0.00, real=0.00 secs] 
4.269: [Full GC (Ergonomics) [PSYoungGen: 611K->0K(1536K)] [ParOldGen: 8189K->1688K(8192K)] 8801K->1688K(9728K), [Metaspace: 3328K->3328K(1056768K)], 0.0025733 secs] [Times: user=0.00 sys=0.00, real=0.00 secs] 
4.273: [Full GC (Ergonomics) [PSYoungGen: 611K->0K(1536K)] [ParOldGen: 7603K->2872K(8192K)] 8215K->2872K(9728K), [Metaspace: 3328K->3328K(1056768K)], 0.0024940 secs] [Times: user=0.01 sys=0.00, real=0.01 secs] 
4.276: [Full GC (Ergonomics) [PSYoungGen: 612K->0K(1536K)] [ParOldGen: 7607K->1689K(8192K)] 8219K->1689K(9728K), [Metaspace: 3328K->3328K(1056768K)], 0.0025515 secs] [Times: user=0.00 sys=0.00, real=0.00 secs] 
4.279: [Full GC (Ergonomics) [PSYoungGen: 612K->0K(1536K)] [ParOldGen: 7612K->2874K(8192K)] 8225K->2874K(9728K), [Metaspace: 3328K->3328K(1056768K)], 0.0026219 secs] [Times: user=0.01 sys=0.00, real=0.00 secs] 
4.282: [Full GC (Ergonomics) [PSYoungGen: 613K->0K(1536K)] [ParOldGen: 7616K->1690K(8192K)] 8229K->1690K(9728K), [Metaspace: 3328K->3328K(1056768K)], 0.0025604 secs] [Times: user=0.01 sys=0.00, real=0.01 secs] 
4.285: [Full GC (Ergonomics) [PSYoungGen: 613K->0K(1536K)] [ParOldGen: 7621K->2876K(8192K)] 8234K->2876K(9728K), [Metaspace: 3328K->3328K(1056768K)], 0.0025819 secs] [Times: user=0.00 sys=0.00, real=0.00 secs] 
4.288: [Full GC (Ergonomics) [PSYoungGen: 613K->0K(1536K)] [ParOldGen: 7625K->1690K(8192K)] 8238K->1690K(9728K), [Metaspace: 3328K->3328K(1056768K)], 0.0021798 secs] [Times: user=0.01 sys=0.00, real=0.00 secs] 
4.291: [Full GC (Ergonomics) [PSYoungGen: 614K->0K(1536K)] [ParOldGen: 7630K->2879K(8192K)] 8244K->2879K(9728K), [Metaspace: 3328K->3328K(1056768K)], 0.0025939 secs] [Times: user=0.00 sys=0.00, real=0.01 secs] 
4.294: [Full GC (Ergonomics) [PSYoungGen: 614K->0K(1536K)] [ParOldGen: 7633K->1691K(8192K)] 8248K->1691K(9728K), [Metaspace: 3328K->3328K(1056768K)], 0.0025569 secs] [Times: user=0.01 sys=0.00, real=0.00 secs] 
4.297: [Full GC (Ergonomics) [PSYoungGen: 615K->0K(1536K)] [ParOldGen: 7638K->2881K(8192K)] 8253K->2881K(9728K), [Metaspace: 3328K->3328K(1056768K)], 0.0025899 secs] [Times: user=0.01 sys=0.00, real=0.00 secs] 
4.300: [Full GC (Ergonomics) [PSYoungGen: 615K->0K(1536K)] [ParOldGen: 7642K->1692K(8192K)] 8258K->1692K(9728K), [Metaspace: 3328K->3328K(1056768K)], 0.0022233 secs] [Times: user=0.00 sys=0.00, real=0.00 secs] 
4.303: [Full GC (Ergonomics) [PSYoungGen: 615K->0K(1536K)] [ParOldGen: 7647K->2884K(8192K)] 8263K->2884K(9728K), [Metaspace: 3328K->3328K(1056768K)], 0.0022389 secs] [Times: user=0.01 sys=0.00, real=0.01 secs] 
4.305: [Full GC (Ergonomics) [PSYoungGen: 616K->0K(1536K)] [ParOldGen: 7651K->1693K(8192K)] 8267K->1693K(9728K), [Metaspace: 3328K->3328K(1056768K)], 0.0021378 secs] [Times: user=0.00 sys=0.00, real=0.00 secs] 
4.308: [Full GC (Ergonomics) [PSYoungGen: 616K->0K(1536K)] [ParOldGen: 7656K->2886K(8192K)] 8273K->2886K(9728K), [Metaspace: 3328K->3328K(1056768K)], 0.0024202 secs] [Times: user=0.01 sys=0.00, real=0.00 secs] 
4.311: [Full GC (Ergonomics) [PSYoungGen: 617K->0K(1536K)] [ParOldGen: 7660K->1694K(8192K)] 8277K->1694K(9728K), [Metaspace: 3328K->3328K(1056768K)], 0.0024120 secs] [Times: user=0.00 sys=0.00, real=0.01 secs] 
4.314: [Full GC (Ergonomics) [PSYoungGen: 617K->0K(1536K)] [ParOldGen: 7665K->2888K(8192K)] 8282K->2888K(9728K), [Metaspace: 3328K->3328K(1056768K)], 0.0025787 secs] [Times: user=0.00 sys=0.00, real=0.00 secs] 
4.317: [Full GC (Ergonomics) [PSYoungGen: 617K->0K(1536K)] [ParOldGen: 7669K->1694K(8192K)] 8287K->1694K(9728K), [Metaspace: 3328K->3328K(1056768K)], 0.0021503 secs] [Times: user=0.01 sys=0.01, real=0.00 secs] 
4.320: [Full GC (Ergonomics) [PSYoungGen: 618K->0K(1536K)] [ParOldGen: 7674K->2891K(8192K)] 8292K->2891K(9728K), [Metaspace: 3328K->3328K(1056768K)], 0.0026023 secs] [Times: user=0.00 sys=0.00, real=0.00 secs] 
4.323: [Full GC (Ergonomics) [PSYoungGen: 618K->0K(1536K)] [ParOldGen: 7677K->1695K(8192K)] 8296K->1695K(9728K), [Metaspace: 3328K->3328K(1056768K)], 0.0025649 secs] [Times: user=0.01 sys=0.00, real=0.00 secs] 
4.326: [Full GC (Ergonomics) [PSYoungGen: 619K->0K(1536K)] [ParOldGen: 7682K->2893K(8192K)] 8301K->2893K(9728K), [Metaspace: 3328K->3328K(1056768K)], 0.0022303 secs] [Times: user=0.00 sys=0.00, real=0.00 secs] 
4.329: [Full GC (Ergonomics) [PSYoungGen: 619K->0K(1536K)] [ParOldGen: 7686K->1696K(8192K)] 8306K->1696K(9728K), [Metaspace: 3328K->3328K(1056768K)], 0.0025336 secs] [Times: user=0.01 sys=0.00, real=0.00 secs] 
4.332: [Full GC (Ergonomics) [PSYoungGen: 619K->0K(1536K)] [ParOldGen: 7691K->2896K(8192K)] 8311K->2896K(9728K), [Metaspace: 3328K->3328K(1056768K)], 0.0025901 secs] [Times: user=0.01 sys=0.00, real=0.01 secs] 
4.335: [Full GC (Ergonomics) [PSYoungGen: 620K->0K(1536K)] [ParOldGen: 7695K->1697K(8192K)] 8315K->1697K(9728K), [Metaspace: 3328K->3328K(1056768K)], 0.0025702 secs] [Times: user=0.00 sys=0.00, real=0.00 secs] 
4.338: [Full GC (Ergonomics) [PSYoungGen: 620K->0K(1536K)] [ParOldGen: 7700K->2898K(8192K)] 8321K->2898K(9728K), [Metaspace: 3328K->3328K(1056768K)], 0.0023280 secs] [Times: user=0.01 sys=0.00, real=0.00 secs] 
4.341: [Full GC (Ergonomics) [PSYoungGen: 621K->0K(1536K)] [ParOldGen: 7704K->1698K(8192K)] 8325K->1698K(9728K), [Metaspace: 3328K->3328K(1056768K)], 0.0025616 secs] [Times: user=0.01 sys=0.00, real=0.01 secs] 
4.344: [Full GC (Ergonomics) [PSYoungGen: 621K->0K(1536K)] [ParOldGen: 7709K->2900K(8192K)] 8330K->2900K(9728K), [Metaspace: 3328K->3328K(1056768K)], 0.0026488 secs] [Times: user=0.00 sys=0.00, real=0.00 secs] 
4.347: [Full GC (Ergonomics) [PSYoungGen: 621K->0K(1536K)] [ParOldGen: 7713K->1698K(8192K)] 8335K->1698K(9728K), [Metaspace: 3328K->3328K(1056768K)], 0.0025774 secs] [Times: user=0.01 sys=0.00, real=0.00 secs] 
4.350: [Full GC (Ergonomics) [PSYoungGen: 622K->0K(1536K)] [ParOldGen: 7718K->2903K(8192K)] 8340K->2903K(9728K), [Metaspace: 3328K->3328K(1056768K)], 0.0026391 secs] [Times: user=0.00 sys=0.00, real=0.01 secs] 
4.353: [Full GC (Ergonomics) [PSYoungGen: 622K->0K(1536K)] [ParOldGen: 7721K->1699K(8192K)] 8344K->1699K(9728K), [Metaspace: 3328K->3328K(1056768K)], 0.0020594 secs] [Times: user=0.00 sys=0.00, real=0.00 secs] 
4.356: [Full GC (Ergonomics) [PSYoungGen: 623K->0K(1536K)] [ParOldGen: 7726K->2905K(8192K)] 8349K->2905K(9728K), [Metaspace: 3328K->3328K(1056768K)], 0.0022580 secs] [Times: user=0.01 sys=0.00, real=0.00 secs] 
4.359: [Full GC (Ergonomics) [PSYoungGen: 623K->0K(1536K)] [ParOldGen: 7730K->1700K(8192K)] 8354K->1700K(9728K), [Metaspace: 3328K->3328K(1056768K)], 0.0025147 secs] [Times: user=0.00 sys=0.00, real=0.00 secs] 
4.362: [Full GC (Ergonomics) [PSYoungGen: 623K->0K(1536K)] [ParOldGen: 7735K->2908K(8192K)] 8359K->2908K(9728K), [Metaspace: 3328K->3328K(1056768K)], 0.0025922 secs] [Times: user=0.01 sys=0.00, real=0.01 secs] 
4.365: [Full GC (Ergonomics) [PSYoungGen: 624K->0K(1536K)] [ParOldGen: 7739K->1701K(8192K)] 8363K->1701K(9728K), [Metaspace: 3328K->3328K(1056768K)], 0.0025729 secs] [Times: user=0.00 sys=0.00, real=0.00 secs] 
4.368: [Full GC (Ergonomics) [PSYoungGen: 624K->0K(1536K)] [ParOldGen: 7744K->2910K(8192K)] 8369K->2910K(9728K), [Metaspace: 3328K->3328K(1056768K)], 0.0022583 secs] [Times: user=0.00 sys=0.00, real=0.00 secs] 
4.371: [Full GC (Ergonomics) [PSYoungGen: 625K->0K(1536K)] [ParOldGen: 7748K->1702K(8192K)] 8373K->1702K(9728K), [Metaspace: 3328K->3328K(1056768K)], 0.0026622 secs] [Times: user=0.01 sys=0.00, real=0.01 secs] 
4.374: [Full GC (Ergonomics) [PSYoungGen: 625K->0K(1536K)] [ParOldGen: 7753K->2912K(8192K)] 8378K->2912K(9728K), [Metaspace: 3328K->3328K(1056768K)], 0.0022446 secs] [Times: user=0.00 sys=0.00, real=0.00 secs] 
4.377: [Full GC (Ergonomics) [PSYoungGen: 625K->0K(1536K)] [ParOldGen: 7757K->1702K(8192K)] 8383K->1702K(9728K), [Metaspace: 3328K->3328K(1056768K)], 0.0025375 secs] [Times: user=0.01 sys=0.00, real=0.00 secs] 
4.380: [Full GC (Ergonomics) [PSYoungGen: 626K->0K(1536K)] [ParOldGen: 7762K->2915K(8192K)] 8388K->2915K(9728K), [Metaspace: 3328K->3328K(1056768K)], 0.0025801 secs] [Times: user=0.00 sys=0.00, real=0.00 secs] 
4.383: [Full GC (Ergonomics) [PSYoungGen: 626K->0K(1536K)] [ParOldGen: 7765K->1703K(8192K)] 8392K->1703K(9728K), [Metaspace: 3328K->3328K(1056768K)], 0.0025502 secs] [Times: user=0.00 sys=0.00, real=0.00 secs] 
4.386: [Full GC (Ergonomics) [PSYoungGen: 627K->0K(1536K)] [ParOldGen: 7771K->2917K(8192K)] 8398K->2917K(9728K), [Metaspace: 3328K->3328K(1056768K)], 0.0026546 secs] [Times: user=0.01 sys=0.00, real=0.00 secs] 
4.389: [Full GC (Ergonomics) [PSYoungGen: 627K->0K(1536K)] [ParOldGen: 7774K->1704K(8192K)] 8402K->1704K(9728K), [Metaspace: 3328K->3328K(1056768K)], 0.0025610 secs] [Times: user=0.00 sys=0.00, real=0.00 secs] 
4.392: [Full GC (Ergonomics) [PSYoungGen: 627K->0K(1536K)] [ParOldGen: 7779K->2920K(8192K)] 8407K->2920K(9728K), [Metaspace: 3328K->3328K(1056768K)], 0.0021969 secs] [Times: user=0.01 sys=0.00, real=0.01 secs] 
4.395: [Full GC (Ergonomics) [PSYoungGen: 628K->0K(1536K)] [ParOldGen: 7783K->1705K(8192K)] 8411K->1705K(9728K), [Metaspace: 3328K->3328K(1056768K)], 0.0022339 secs] [Times: user=0.00 sys=0.00, real=0.00 secs] 
4.398: [Full GC (Ergonomics) [PSYoungGen: 628K->0K(1536K)] [ParOldGen: 7788K->2922K(8192K)] 8417K->2922K(9728K), [Metaspace: 3328K->3328K(1056768K)], 0.0026178 secs] [Times: user=0.00 sys=0.00, real=0.00 secs] 
4.401: [Full GC (Ergonomics) [PSYoungGen: 629K->0K(1536K)] [ParOldGen: 7792K->1706K(8192K)] 8421K->1706K(9728K), [Metaspace: 3328K->3328K(1056768K)], 0.0025706 secs] [Times: user=0.01 sys=0.00, real=0.01 secs] 
4.404: [Full GC (Ergonomics) [PSYoungGen: 629K->0K(1536K)] [ParOldGen: 7797K->2924K(8192K)] 8426K->2924K(9728K), [Metaspace: 3328K->3328K(1056768K)], 0.0027163 secs] [Times: user=0.00 sys=0.00, real=0.00 secs] 
4.407: [Full GC (Ergonomics) [PSYoungGen: 629K->0K(1536K)] [ParOldGen: 7801K->1706K(8192K)] 8431K->1706K(9728K), [Metaspace: 3328K->3328K(1056768K)], 0.0025497 secs] [Times: user=0.01 sys=0.00, real=0.00 secs] 
4.410: [Full GC (Ergonomics) [PSYoungGen: 630K->0K(1536K)] [ParOldGen: 7806K->2927K(8192K)] 8436K->2927K(9728K), [Metaspace: 3328K->3328K(1056768K)], 0.0022157 secs] [Times: user=0.01 sys=0.00, real=0.00 secs] 
4.413: [Full GC (Ergonomics) [PSYoungGen: 630K->0K(1536K)] [ParOldGen: 7810K->1707K(8192K)] 8440K->1707K(9728K), [Metaspace: 3328K->3328K(1056768K)], 0.0025355 secs] [Times: user=0.00 sys=0.00, real=0.00 secs] 
4.416: [Full GC (Ergonomics) [PSYoungGen: 631K->0K(1536K)] [ParOldGen: 7815K->2929K(8192K)] 8446K->2929K(9728K), [Metaspace: 3328K->3328K(1056768K)], 0.0026096 secs] [Times: user=0.01 sys=0.00, real=0.00 secs] 
4.419: [Full GC (Ergonomics) [PSYoungGen: 631K->0K(1536K)] [ParOldGen: 7818K->1708K(8192K)] 8450K->1708K(9728K), [Metaspace: 3328K->3328K(1056768K)], 0.0025497 secs] [Times: user=0.00 sys=0.00, real=0.00 secs] 
4.422: [Full GC (Ergonomics) [PSYoungGen: 631K->0K(1536K)] [ParOldGen: 7823K->2932K(8192K)] 8455K->2932K(9728K), [Metaspace: 3328K->3328K(1056768K)], 0.0021299 secs] [Times: user=0.00 sys=0.00, real=0.01 secs] 
4.425: [Full GC (Ergonomics) [PSYoungGen: 632K->0K(1536K)] [ParOldGen: 7827K->1709K(8192K)] 8459K->1709K(9728K), [Metaspace: 3328K->3328K(1056768K)], 0.0025288 secs] [Times: user=0.01 sys=0.00, real=0.00 secs] 
4.428: [Full GC (Ergonomics) [PSYoungGen: 632K->0K(1536K)] [ParOldGen: 7832K->2934K(8192K)] 8465K->2934K(9728K), [Metaspace: 3328K->3328K(1056768K)], 0.0025127 secs] [Times: user=0.00 sys=0.00, real=0.00 secs] 
4.431: [Full GC (Ergonomics) [PSYoungGen: 633K->0K(1536K)] [ParOldGen: 7836K->1710K(8192K)] 8469K->1710K(9728K), [Metaspace: 3328K->3328K(1056768K)], 0.0025141 secs] [Times: user=0.01 sys=0.00, real=0.01 secs] 
4.434: [Full GC (Ergonomics) [PSYoungGen: 633K->0K(1536K)] [ParOldGen: 7841K->2936K(8192K)] 8474K->2936K(9728K), [Metaspace: 3328K->3328K(1056768K)], 0.0025470 secs] [Times: user=0.00 sys=0.01, real=0.00 secs] 
4.437: [Full GC (Ergonomics) [PSYoungGen: 633K->0K(1536K)] [ParOldGen: 7845K->1710K(8192K)] 8479K->1710K(9728K), [Metaspace: 3328K->3328K(1056768K)], 0.0023128 secs] [Times: user=0.00 sys=0.00, real=0.00 secs] 
4.440: [Full GC (Ergonomics) [PSYoungGen: 634K->0K(1536K)] [ParOldGen: 7850K->2939K(8192K)] 8484K->2939K(9728K), [Metaspace: 3328K->3328K(1056768K)], 0.0022474 secs] [Times: user=0.01 sys=0.00, real=0.00 secs] 
4.443: [Full GC (Ergonomics) [PSYoungGen: 634K->0K(1536K)] [ParOldGen: 7854K->1711K(8192K)] 8488K->1711K(9728K), [Metaspace: 3328K->3328K(1056768K)], 0.0025554 secs] [Times: user=0.00 sys=0.00, real=0.01 secs] 
4.446: [Full GC (Ergonomics) [PSYoungGen: 635K->0K(1536K)] [ParOldGen: 7859K->2941K(8192K)] 8494K->2941K(9728K), [Metaspace: 3328K->3328K(1056768K)], 0.0022643 secs] [Times: user=0.01 sys=0.00, real=0.00 secs] 
4.449: [Full GC (Ergonomics) [PSYoungGen: 635K->0K(1536K)] [ParOldGen: 7862K->1712K(8192K)] 8498K->1712K(9728K), [Metaspace: 3328K->3328K(1056768K)], 0.0025589 secs] [Times: user=0.00 sys=0.00, real=0.00 secs] 
4.452: [Full GC (Ergonomics) [PSYoungGen: 635K->0K(1536K)] [ParOldGen: 7867K->2944K(8192K)] 8503K->2944K(9728K), [Metaspace: 3328K->3328K(1056768K)], 0.0021500 secs] [Times: user=0.01 sys=0.00, real=0.01 secs] 
4.454: [Full GC (Ergonomics) [PSYoungGen: 636K->0K(1536K)] [ParOldGen: 7871K->1713K(8192K)] 8508K->1713K(9728K), [Metaspace: 3328K->3328K(1056768K)], 0.0025365 secs] [Times: user=0.01 sys=0.00, real=0.00 secs] 
4.458: [Full GC (Ergonomics) [PSYoungGen: 636K->0K(1536K)] [ParOldGen: 7876K->2946K(8192K)] 8513K->2946K(9728K), [Metaspace: 3328K->3328K(1056768K)], 0.0026206 secs] [Times: user=0.00 sys=0.00, real=0.00 secs] 
4.461: [Full GC (Ergonomics) [PSYoungGen: 637K->0K(1536K)] [ParOldGen: 7880K->1714K(8192K)] 8517K->1714K(9728K), [Metaspace: 3328K->3328K(1056768K)], 0.0025497 secs] [Times: user=0.01 sys=0.00, real=0.01 secs] 
4.464: [Full GC (Ergonomics) [PSYoungGen: 637K->0K(1536K)] [ParOldGen: 7885K->2948K(8192K)] 8522K->2948K(9728K), [Metaspace: 3328K->3328K(1056768K)], 0.0021444 secs] [Times: user=0.00 sys=0.00, real=0.00 secs] 
4.466: [Full GC (Ergonomics) [PSYoungGen: 637K->0K(1536K)] [ParOldGen: 7889K->1714K(8192K)] 8527K->1714K(9728K), [Metaspace: 3328K->3328K(1056768K)], 0.0025772 secs] [Times: user=0.01 sys=0.00, real=0.00 secs] 
4.470: [Full GC (Ergonomics) [PSYoungGen: 638K->0K(1536K)] [ParOldGen: 7894K->2951K(8192K)] 8532K->2951K(9728K), [Metaspace: 3328K->3328K(1056768K)], 0.0022138 secs] [Times: user=0.01 sys=0.00, real=0.00 secs] 
4.472: [Full GC (Ergonomics) [PSYoungGen: 638K->0K(1536K)] [ParOldGen: 7898K->1715K(8192K)] 8536K->1715K(9728K), [Metaspace: 3328K->3328K(1056768K)], 0.0021450 secs] [Times: user=0.00 sys=0.00, real=0.01 secs] 
4.475: [Full GC (Ergonomics) [PSYoungGen: 639K->0K(1536K)] [ParOldGen: 7903K->2953K(8192K)] 8542K->2953K(9728K), [Metaspace: 3328K->3328K(1056768K)], 0.0021534 secs] [Times: user=0.01 sys=0.00, real=0.00 secs] 
4.478: [Full GC (Ergonomics) [PSYoungGen: 639K->0K(1536K)] [ParOldGen: 7906K->1716K(8192K)] 8546K->1716K(9728K), [Metaspace: 3328K->3328K(1056768K)], 0.0025189 secs] [Times: user=0.00 sys=0.00, real=0.00 secs] 
4.481: [Full GC (Ergonomics) [PSYoungGen: 639K->0K(1536K)] [ParOldGen: 7911K->2956K(8192K)] 8551K->2956K(9728K), [Metaspace: 3328K->3328K(1056768K)], 0.0026146 secs] [Times: user=0.01 sys=0.00, real=0.01 secs] 
4.484: [Full GC (Ergonomics) [PSYoungGen: 640K->0K(1536K)] [ParOldGen: 7915K->1717K(8192K)] 8556K->1717K(9728K), [Metaspace: 3328K->3328K(1056768K)], 0.0025982 secs] [Times: user=0.01 sys=0.00, real=0.00 secs] 
4.487: [Full GC (Ergonomics) [PSYoungGen: 640K->0K(1536K)] [ParOldGen: 7920K->2958K(8192K)] 8561K->2958K(9728K), [Metaspace: 3328K->3328K(1056768K)], 0.0021198 secs] [Times: user=0.00 sys=0.00, real=0.00 secs] 
4.490: [Full GC (Ergonomics) [PSYoungGen: 641K->0K(1536K)] [ParOldGen: 7924K->1718K(8192K)] 8565K->1718K(9728K), [Metaspace: 3328K->3328K(1056768K)], 0.0025509 secs] [Times: user=0.01 sys=0.00, real=0.00 secs] 
4.493: [Full GC (Ergonomics) [PSYoungGen: 641K->0K(1536K)] [ParOldGen: 7929K->2960K(8192K)] 8570K->2960K(9728K), [Metaspace: 3328K->3328K(1056768K)], 0.0029859 secs] [Times: user=0.00 sys=0.00, real=0.00 secs] 
4.497: [Full GC (Ergonomics) [PSYoungGen: 641K->0K(1536K)] [ParOldGen: 7933K->1718K(8192K)] 8575K->1718K(9728K), [Metaspace: 3328K->3328K(1056768K)], 0.0026820 secs] [Times: user=0.00 sys=0.00, real=0.00 secs] 
4.500: [Full GC (Ergonomics) [PSYoungGen: 642K->0K(1536K)] [ParOldGen: 7938K->2963K(8192K)] 8580K->2963K(9728K), [Metaspace: 3328K->3328K(1056768K)], 0.0027385 secs] [Times: user=0.01 sys=0.00, real=0.01 secs] 
4.504: [Full GC (Ergonomics) [PSYoungGen: 642K->0K(1536K)] [ParOldGen: 7942K->1719K(8192K)] 8584K->1719K(9728K), [Metaspace: 3328K->3328K(1056768K)], 0.0028174 secs] [Times: user=0.01 sys=0.00, real=0.00 secs] 
4.508: [Full GC (Ergonomics) [PSYoungGen: 643K->0K(1536K)] [ParOldGen: 7947K->2965K(8192K)] 8590K->2965K(9728K), [Metaspace: 3328K->3328K(1056768K)], 0.0022521 secs] [Times: user=0.00 sys=0.00, real=0.00 secs] 
4.510: [Full GC (Ergonomics) [PSYoungGen: 643K->0K(1536K)] [ParOldGen: 7950K->1720K(8192K)] 8594K->1720K(9728K), [Metaspace: 3328K->3328K(1056768K)], 0.0025477 secs] [Times: user=0.01 sys=0.00, real=0.01 secs] 
4.513: [Full GC (Ergonomics) [PSYoungGen: 643K->0K(1536K)] [ParOldGen: 7955K->2968K(8192K)] 8599K->2968K(9728K), [Metaspace: 3328K->3328K(1056768K)], 0.0022296 secs] [Times: user=0.00 sys=0.00, real=0.00 secs] 
4.516: [Full GC (Ergonomics) [PSYoungGen: 644K->0K(1536K)] [ParOldGen: 7959K->1721K(8192K)] 8604K->1721K(9728K), [Metaspace: 3328K->3328K(1056768K)], 0.0025670 secs] [Times: user=0.01 sys=0.00, real=0.00 secs] 
4.519: [Full GC (Ergonomics) [PSYoungGen: 644K->0K(1536K)] [ParOldGen: 7964K->2970K(8192K)] 8609K->2970K(9728K), [Metaspace: 3328K->3328K(1056768K)], 0.0023307 secs] [Times: user=0.00 sys=0.00, real=0.00 secs] 
4.522: [Full GC (Ergonomics) [PSYoungGen: 645K->0K(1536K)] [ParOldGen: 7968K->1722K(8192K)] 8613K->1722K(9728K), [Metaspace: 3328K->3328K(1056768K)], 0.0020929 secs] [Times: user=0.00 sys=0.00, real=0.01 secs] 
4.525: [Full GC (Ergonomics) [PSYoungGen: 645K->0K(1536K)] [ParOldGen: 7973K->2972K(8192K)] 8619K->2972K(9728K), [Metaspace: 3328K->3328K(1056768K)], 0.0022889 secs] [Times: user=0.01 sys=0.00, real=0.00 secs] 
4.528: [Full GC (Ergonomics) [PSYoungGen: 645K->0K(1536K)] [ParOldGen: 7977K->1722K(8192K)] 8623K->1722K(9728K), [Metaspace: 3328K->3328K(1056768K)], 0.0025329 secs] [Times: user=0.00 sys=0.00, real=0.00 secs] 
4.531: [Full GC (Ergonomics) [PSYoungGen: 646K->0K(1536K)] [ParOldGen: 7982K->2975K(8192K)] 8628K->2975K(9728K), [Metaspace: 3328K->3328K(1056768K)], 0.0026481 secs] [Times: user=0.01 sys=0.00, real=0.01 secs] 
4.534: [Full GC (Ergonomics) [PSYoungGen: 646K->0K(1536K)] [ParOldGen: 7986K->1723K(8192K)] 8632K->1723K(9728K), [Metaspace: 3328K->3328K(1056768K)], 0.0022662 secs] [Times: user=0.00 sys=0.00, real=0.00 secs] 
4.537: [Full GC (Ergonomics) [PSYoungGen: 647K->0K(1536K)] [ParOldGen: 7991K->2977K(8192K)] 8638K->2977K(9728K), [Metaspace: 3328K->3328K(1056768K)], 0.0025942 secs] [Times: user=0.01 sys=0.00, real=0.00 secs] 
4.540: [Full GC (Ergonomics) [PSYoungGen: 647K->0K(1536K)] [ParOldGen: 7995K->1724K(8192K)] 8642K->1724K(9728K), [Metaspace: 3328K->3328K(1056768K)], 0.0025603 secs] [Times: user=0.01 sys=0.00, real=0.00 secs] 
4.543: [Full GC (Ergonomics) [PSYoungGen: 647K->0K(1536K)] [ParOldGen: 8000K->2980K(8192K)] 8647K->2980K(9728K), [Metaspace: 3328K->3328K(1056768K)], 0.0021476 secs] [Times: user=0.00 sys=0.01, real=0.00 secs] 
4.546: [Full GC (Ergonomics) [PSYoungGen: 648K->0K(1536K)] [ParOldGen: 8003K->1725K(8192K)] 8652K->1725K(9728K), [Metaspace: 3328K->3328K(1056768K)], 0.0025300 secs] [Times: user=0.01 sys=0.00, real=0.00 secs] 
4.549: [Full GC (Ergonomics) [PSYoungGen: 648K->0K(1536K)] [ParOldGen: 8008K->2982K(8192K)] 8657K->2982K(9728K), [Metaspace: 3328K->3328K(1056768K)], 0.0022275 secs] [Times: user=0.00 sys=0.00, real=0.00 secs] 
4.551: [Full GC (Ergonomics) [PSYoungGen: 649K->0K(1536K)] [ParOldGen: 8012K->1726K(8192K)] 8661K->1726K(9728K), [Metaspace: 3328K->3328K(1056768K)], 0.0021081 secs] [Times: user=0.01 sys=0.00, real=0.01 secs] 
4.554: [Full GC (Ergonomics) [PSYoungGen: 649K->0K(1536K)] [ParOldGen: 8017K->2984K(8192K)] 8667K->2984K(9728K), [Metaspace: 3328K->3328K(1056768K)], 0.0021321 secs] [Times: user=0.00 sys=0.00, real=0.00 secs] 
4.557: [Full GC (Ergonomics) [PSYoungGen: 649K->0K(1536K)] [ParOldGen: 8021K->1726K(8192K)] 8671K->1726K(9728K), [Metaspace: 3328K->3328K(1056768K)], 0.0026500 secs] [Times: user=0.00 sys=0.00, real=0.00 secs] 
4.560: [Full GC (Ergonomics) [PSYoungGen: 650K->0K(1536K)] [ParOldGen: 8026K->2987K(8192K)] 8676K->2987K(9728K), [Metaspace: 3328K->3328K(1056768K)], 0.0024463 secs] [Times: user=0.01 sys=0.00, real=0.00 secs] 
4.563: [Full GC (Ergonomics) [PSYoungGen: 650K->0K(1536K)] [ParOldGen: 8030K->1727K(8192K)] 8680K->1727K(9728K), [Metaspace: 3328K->3328K(1056768K)], 0.0025243 secs] [Times: user=0.00 sys=0.00, real=0.00 secs] 
4.566: [Full GC (Ergonomics) [PSYoungGen: 651K->0K(1536K)] [ParOldGen: 8035K->2989K(8192K)] 8686K->2989K(9728K), [Metaspace: 3328K->3328K(1056768K)], 0.0026519 secs] [Times: user=0.01 sys=0.00, real=0.00 secs] 
4.569: [Full GC (Ergonomics) [PSYoungGen: 651K->0K(1536K)] [ParOldGen: 8039K->1728K(8192K)] 8690K->1728K(9728K), [Metaspace: 3328K->3328K(1056768K)], 0.0025282 secs] [Times: user=0.01 sys=0.00, real=0.00 secs] 
4.572: [Full GC (Ergonomics) [PSYoungGen: 651K->0K(1536K)] [ParOldGen: 8044K->2992K(8192K)] 8695K->2992K(9728K), [Metaspace: 3328K->3328K(1056768K)], 0.0025707 secs] [Times: user=0.00 sys=0.00, real=0.01 secs] 
4.575: [Full GC (Ergonomics) [PSYoungGen: 652K->0K(1536K)] [ParOldGen: 8047K->1729K(8192K)] 8700K->1729K(9728K), [Metaspace: 3328K->3328K(1056768K)], 0.0025392 secs] [Times: user=0.01 sys=0.00, real=0.00 secs] 
4.579: [Full GC (Ergonomics) [PSYoungGen: 652K->0K(1536K)] [ParOldGen: 8052K->2994K(8192K)] 8705K->2994K(9728K), [Metaspace: 3328K->3328K(1056768K)], 0.0026305 secs] [Times: user=0.00 sys=0.00, real=0.00 secs] 
4.582: [Full GC (Ergonomics) [PSYoungGen: 653K->0K(1536K)] [ParOldGen: 8056K->1730K(8192K)] 8709K->1730K(9728K), [Metaspace: 3328K->3328K(1056768K)], 0.0026021 secs] [Times: user=0.00 sys=0.00, real=0.01 secs] 
4.585: [Full GC (Ergonomics) [PSYoungGen: 653K->0K(1536K)] [ParOldGen: 8061K->2996K(8192K)] 8715K->2996K(9728K), [Metaspace: 3328K->3328K(1056768K)], 0.0021976 secs] [Times: user=0.01 sys=0.00, real=0.00 secs] 
4.588: [Full GC (Ergonomics) [PSYoungGen: 653K->0K(1536K)] [ParOldGen: 8065K->1730K(8192K)] 8719K->1730K(9728K), [Metaspace: 3328K->3328K(1056768K)], 0.0025120 secs] [Times: user=0.00 sys=0.00, real=0.00 secs] 
4.591: [Full GC (Ergonomics) [PSYoungGen: 654K->0K(1536K)] [ParOldGen: 8070K->2999K(8192K)] 8724K->2999K(9728K), [Metaspace: 3328K->3328K(1056768K)], 0.0022866 secs] [Times: user=0.01 sys=0.00, real=0.01 secs] 
4.593: [Full GC (Ergonomics) [PSYoungGen: 654K->0K(1536K)] [ParOldGen: 8074K->1731K(8192K)] 8729K->1731K(9728K), [Metaspace: 3328K->3328K(1056768K)], 0.0025466 secs] [Times: user=0.00 sys=0.00, real=0.00 secs] 
4.597: [Full GC (Ergonomics) [PSYoungGen: 655K->0K(1536K)] [ParOldGen: 8079K->3001K(8192K)] 8734K->3001K(9728K), [Metaspace: 3328K->3328K(1056768K)], 0.0021932 secs] [Times: user=0.01 sys=0.00, real=0.00 secs] 
4.599: [Full GC (Ergonomics) [PSYoungGen: 655K->0K(1536K)] [ParOldGen: 8083K->1732K(8192K)] 8738K->1732K(9728K), [Metaspace: 3328K->3328K(1056768K)], 0.0025359 secs] [Times: user=0.01 sys=0.00, real=0.00 secs] 
4.602: [Full GC (Ergonomics) [PSYoungGen: 655K->0K(1536K)] [ParOldGen: 8088K->3004K(8192K)] 8743K->3004K(9728K), [Metaspace: 3328K->3328K(1056768K)], 0.0026004 secs] [Times: user=0.00 sys=0.00, real=0.01 secs] 
4.605: [Full GC (Ergonomics) [PSYoungGen: 656K->0K(1536K)] [ParOldGen: 8091K->1733K(8192K)] 8748K->1733K(9728K), [Metaspace: 3328K->3328K(1056768K)], 0.0025712 secs] [Times: user=0.01 sys=0.00, real=0.00 secs] 
4.609: [Full GC (Ergonomics) [PSYoungGen: 656K->0K(1536K)] [ParOldGen: 8096K->3006K(8192K)] 8753K->3006K(9728K), [Metaspace: 3328K->3328K(1056768K)], 0.0025861 secs] [Times: user=0.01 sys=0.00, real=0.00 secs] 
4.612: [Full GC (Ergonomics) [PSYoungGen: 657K->0K(1536K)] [ParOldGen: 8100K->1734K(8192K)] 8757K->1734K(9728K), [Metaspace: 3328K->3328K(1056768K)], 0.0025513 secs] [Times: user=0.00 sys=0.00, real=0.01 secs] 
4.615: [Full GC (Ergonomics) [PSYoungGen: 657K->0K(1536K)] [ParOldGen: 8105K->3008K(8192K)] 8763K->3008K(9728K), [Metaspace: 3328K->3328K(1056768K)], 0.0022403 secs] [Times: user=0.01 sys=0.00, real=0.00 secs] 
4.618: [Full GC (Ergonomics) [PSYoungGen: 657K->0K(1536K)] [ParOldGen: 8109K->1734K(8192K)] 8767K->1734K(9728K), [Metaspace: 3328K->3328K(1056768K)], 0.0026473 secs] [Times: user=0.00 sys=0.00, real=0.00 secs] 
4.621: [Full GC (Ergonomics) [PSYoungGen: 658K->0K(1536K)] [ParOldGen: 8114K->3011K(8192K)] 8772K->3011K(9728K), [Metaspace: 3328K->3328K(1056768K)], 0.0024970 secs] [Times: user=0.01 sys=0.00, real=0.01 secs] 
4.624: [Full GC (Ergonomics) [PSYoungGen: 658K->0K(1536K)] [ParOldGen: 8118K->1735K(8192K)] 8777K->1735K(9728K), [Metaspace: 3328K->3328K(1056768K)], 0.0022033 secs] [Times: user=0.01 sys=0.00, real=0.00 secs] 
4.627: [Full GC (Ergonomics) [PSYoungGen: 659K->0K(1536K)] [ParOldGen: 8123K->3013K(8192K)] 8782K->3013K(9728K), [Metaspace: 3328K->3328K(1056768K)], 0.0022316 secs] [Times: user=0.00 sys=0.00, real=0.00 secs] 
4.629: [Full GC (Ergonomics) [PSYoungGen: 659K->0K(1536K)] [ParOldGen: 8127K->1736K(8192K)] 8786K->1736K(9728K), [Metaspace: 3328K->3328K(1056768K)], 0.0025677 secs] [Times: user=0.01 sys=0.00, real=0.00 secs] 
4.632: [Full GC (Ergonomics) [PSYoungGen: 659K->0K(1536K)] [ParOldGen: 8132K->3016K(8192K)] 8792K->3016K(9728K), [Metaspace: 3328K->3328K(1056768K)], 0.0025956 secs] [Times: user=0.00 sys=0.00, real=0.01 secs] 
4.636: [Full GC (Ergonomics) [PSYoungGen: 660K->0K(1536K)] [ParOldGen: 8135K->1737K(8192K)] 8796K->1737K(9728K), [Metaspace: 3328K->3328K(1056768K)], 0.0025441 secs] [Times: user=0.01 sys=0.00, real=0.00 secs] 
4.639: [Full GC (Ergonomics) [PSYoungGen: 660K->0K(1536K)] [ParOldGen: 8140K->3018K(8192K)] 8801K->3018K(9728K), [Metaspace: 3328K->3328K(1056768K)], 0.0022680 secs] [Times: user=0.01 sys=0.00, real=0.00 secs] 
4.642: [Full GC (Ergonomics) [PSYoungGen: 661K->0K(1536K)] [ParOldGen: 8144K->1738K(8192K)] 8805K->1738K(9728K), [Metaspace: 3328K->3328K(1056768K)], 0.0025561 secs] [Times: user=0.00 sys=0.00, real=0.01 secs] 
4.645: [Full GC (Ergonomics) [PSYoungGen: 661K->0K(1536K)] [ParOldGen: 8149K->3020K(8192K)] 8811K->3020K(9728K), [Metaspace: 3328K->3328K(1056768K)], 0.0026035 secs] [Times: user=0.01 sys=0.00, real=0.00 secs] 
4.648: [Full GC (Ergonomics) [PSYoungGen: 661K->0K(1536K)] [ParOldGen: 8153K->1738K(8192K)] 8815K->1738K(9728K), [Metaspace: 3328K->3328K(1056768K)], 0.0025692 secs] [Times: user=0.00 sys=0.00, real=0.00 secs] 
4.651: [Full GC (Ergonomics) [PSYoungGen: 662K->0K(1536K)] [ParOldGen: 8158K->3023K(8192K)] 8820K->3023K(9728K), [Metaspace: 3328K->3328K(1056768K)], 0.0022303 secs] [Times: user=0.00 sys=0.00, real=0.01 secs] 
4.654: [Full GC (Ergonomics) [PSYoungGen: 662K->0K(1536K)] [ParOldGen: 8162K->1739K(8192K)] 8825K->1739K(9728K), [Metaspace: 3328K->3328K(1056768K)], 0.0025260 secs] [Times: user=0.01 sys=0.00, real=0.00 secs] 
4.657: [Full GC (Ergonomics) [PSYoungGen: 663K->0K(1536K)] [ParOldGen: 8167K->3025K(8192K)] 8830K->3025K(9728K), [Metaspace: 3328K->3328K(1056768K)], 0.0021367 secs] [Times: user=0.00 sys=0.00, real=0.00 secs] 
4.660: [Full GC (Ergonomics) [PSYoungGen: 663K->0K(1536K)] [ParOldGen: 8171K->1740K(8192K)] 8834K->1740K(9728K), [Metaspace: 3328K->3328K(1056768K)], 0.0025378 secs] [Times: user=0.01 sys=0.00, real=0.00 secs] 
4.663: [Full GC (Ergonomics) [PSYoungGen: 663K->0K(1536K)] [ParOldGen: 8176K->3028K(8192K)] 8840K->3028K(9728K), [Metaspace: 3328K->3328K(1056768K)], 0.0022755 secs] [Times: user=0.00 sys=0.00, real=0.01 secs] 
4.665: [Full GC (Ergonomics) [PSYoungGen: 664K->0K(1536K)] [ParOldGen: 8179K->1741K(8192K)] 8844K->1741K(9728K), [Metaspace: 3328K->3328K(1056768K)], 0.0025489 secs] [Times: user=0.01 sys=0.00, real=0.00 secs] 
4.669: [Full GC (Ergonomics) [PSYoungGen: 664K->0K(1536K)] [ParOldGen: 8185K->3030K(8192K)] 8849K->3030K(9728K), [Metaspace: 3328K->3328K(1056768K)], 0.0022863 secs] [Times: user=0.01 sys=0.00, real=0.00 secs] 
4.671: [Full GC (Ergonomics) [PSYoungGen: 665K->0K(1536K)] [ParOldGen: 8188K->1742K(8192K)] 8853K->1742K(9728K), [Metaspace: 3328K->3328K(1056768K)], 0.0023865 secs] [Times: user=0.00 sys=0.00, real=0.01 secs] 
4.675: [GC (Allocation Failure) [PSYoungGen: 665K->32K(1536K)] 7568K->6935K(9728K), 0.0007337 secs] [Times: user=0.00 sys=0.00, real=0.00 secs] 
4.676: [GC (Allocation Failure) [PSYoungGen: 32K->32K(1536K)] 6935K->6935K(9728K), 0.0006606 secs] [Times: user=0.01 sys=0.00, real=0.00 secs] 
4.677: [Full GC (Allocation Failure) [PSYoungGen: 32K->0K(1536K)] [ParOldGen: 6903K->2387K(8192K)] 6935K->2387K(9728K), [Metaspace: 3328K->3328K(1056768K)], 0.0032873 secs] [Times: user=0.00 sys=0.00, real=0.00 secs] 
4.681: [GC (Allocation Failure) [PSYoungGen: 665K->32K(1536K)] 7571K->6937K(9728K), 0.0006552 secs] [Times: user=0.00 sys=0.00, real=0.00 secs] 
4.681: [GC (Allocation Failure) [PSYoungGen: 32K->32K(1536K)] 6937K->6937K(9728K), 0.0002705 secs] [Times: user=0.00 sys=0.00, real=0.00 secs] 
4.682: [Full GC (Allocation Failure) [PSYoungGen: 32K->0K(1536K)] [ParOldGen: 6905K->2388K(8192K)] 6937K->2388K(9728K), [Metaspace: 3328K->3328K(1056768K)], 0.0026256 secs] [Times: user=0.01 sys=0.00, real=0.01 secs] 
4.686: [GC (Allocation Failure) [PSYoungGen: 666K->32K(1536K)] 7575K->6940K(9728K), 0.0009637 secs] [Times: user=0.00 sys=0.00, real=0.00 secs] 
4.687: [GC (Allocation Failure) [PSYoungGen: 32K->32K(1536K)] 6940K->6940K(9728K), 0.0005906 secs] [Times: user=0.00 sys=0.00, real=0.00 secs] 
4.688: [Full GC (Allocation Failure) [PSYoungGen: 32K->0K(1536K)] [ParOldGen: 6908K->2388K(8192K)] 6940K->2388K(9728K), [Metaspace: 3328K->3328K(1056768K)], 0.0025668 secs] [Times: user=0.01 sys=0.00, real=0.00 secs] 
4.691: [GC (Allocation Failure) [PSYoungGen: 666K->32K(1536K)] 7578K->6943K(9728K), 0.0008381 secs] [Times: user=0.00 sys=0.00, real=0.00 secs] 
4.692: [GC (Allocation Failure) [PSYoungGen: 32K->32K(1536K)] 6943K->6943K(9728K), 0.0002751 secs] [Times: user=0.00 sys=0.00, real=0.00 secs] 
4.692: [Full GC (Allocation Failure) [PSYoungGen: 32K->0K(1536K)] [ParOldGen: 6911K->2389K(8192K)] 6943K->2389K(9728K), [Metaspace: 3328K->3328K(1056768K)], 0.0025272 secs] [Times: user=0.01 sys=0.00, real=0.01 secs] 
4.695: [GC (Allocation Failure) [PSYoungGen: 666K->32K(1536K)] 7581K->6946K(9728K), 0.0008374 secs] [Times: user=0.00 sys=0.00, real=0.00 secs] 
4.696: [GC (Allocation Failure) [PSYoungGen: 32K->32K(1536K)] 6946K->6946K(9728K), 0.0002623 secs] [Times: user=0.00 sys=0.00, real=0.00 secs] 
4.696: [Full GC (Allocation Failure) [PSYoungGen: 32K->0K(1536K)] [ParOldGen: 6914K->2390K(8192K)] 6946K->2390K(9728K), [Metaspace: 3328K->3328K(1056768K)], 0.0023855 secs] [Times: user=0.01 sys=0.00, real=0.00 secs] 
4.699: [GC (Allocation Failure) [PSYoungGen: 667K->32K(1536K)] 7584K->6949K(9728K), 0.0008360 secs] [Times: user=0.00 sys=0.00, real=0.00 secs] 
4.700: [GC (Allocation Failure) [PSYoungGen: 32K->32K(1536K)] 6949K->6949K(9728K), 0.0002874 secs] [Times: user=0.00 sys=0.00, real=0.00 secs] 
4.700: [Full GC (Allocation Failure) [PSYoungGen: 32K->0K(1536K)] [ParOldGen: 6917K->2390K(8192K)] 6949K->2390K(9728K), [Metaspace: 3328K->3328K(1056768K)], 0.0022644 secs] [Times: user=0.01 sys=0.00, real=0.00 secs] 
4.703: [GC (Allocation Failure) [PSYoungGen: 667K->32K(1536K)] 7587K->6952K(9728K), 0.0004109 secs] [Times: user=0.00 sys=0.00, real=0.00 secs] 
4.703: [GC (Allocation Failure) [PSYoungGen: 32K->32K(1536K)] 6952K->6952K(9728K), 0.0003324 secs] [Times: user=0.00 sys=0.00, real=0.00 secs] 
4.704: [Full GC (Allocation Failure) [PSYoungGen: 32K->0K(1536K)] [ParOldGen: 6920K->2391K(8192K)] 6952K->2391K(9728K), [Metaspace: 3328K->3328K(1056768K)], 0.0025487 secs] [Times: user=0.00 sys=0.00, real=0.00 secs] 
4.707: [GC (Allocation Failure) [PSYoungGen: 667K->32K(1536K)] 7591K->6955K(9728K), 0.0008247 secs] [Times: user=0.00 sys=0.00, real=0.00 secs] 
4.708: [GC (Allocation Failure) [PSYoungGen: 32K->32K(1536K)] 6955K->6955K(9728K), 0.0002726 secs] [Times: user=0.01 sys=0.00, real=0.00 secs] 
4.708: [Full GC (Allocation Failure) [PSYoungGen: 32K->0K(1536K)] [ParOldGen: 6923K->2392K(8192K)] 6955K->2392K(9728K), [Metaspace: 3328K->3328K(1056768K)], 0.0021248 secs] [Times: user=0.00 sys=0.00, real=0.00 secs] 
4.711: [GC (Allocation Failure) [PSYoungGen: 668K->32K(1536K)] 7594K->6958K(9728K), 0.0008228 secs] [Times: user=0.00 sys=0.00, real=0.00 secs] 
4.711: [GC (Allocation Failure) [PSYoungGen: 32K->32K(1536K)] 6958K->6958K(9728K), 0.0002513 secs] [Times: user=0.00 sys=0.00, real=0.00 secs] 
4.712: [Full GC (Allocation Failure) [PSYoungGen: 32K->0K(1536K)] [ParOldGen: 6926K->2392K(8192K)] 6958K->2392K(9728K), [Metaspace: 3328K->3328K(1056768K)], 0.0025712 secs] [Times: user=0.01 sys=0.00, real=0.01 secs] 
4.715: [GC (Allocation Failure) [PSYoungGen: 668K->32K(1536K)] 7597K->6960K(9728K), 0.0008302 secs] [Times: user=0.00 sys=0.00, real=0.00 secs] 
4.716: [GC (Allocation Failure) [PSYoungGen: 32K->32K(1536K)] 6960K->6960K(9728K), 0.0002789 secs] [Times: user=0.00 sys=0.00, real=0.00 secs] 
4.716: [Full GC (Allocation Failure) [PSYoungGen: 32K->0K(1536K)] [ParOldGen: 6928K->2393K(8192K)] 6960K->2393K(9728K), [Metaspace: 3328K->3328K(1056768K)], 0.0022760 secs] [Times: user=0.01 sys=0.00, real=0.00 secs] 
4.719: [GC (Allocation Failure) [PSYoungGen: 668K->32K(1536K)] 7600K->6963K(9728K), 0.0008309 secs] [Times: user=0.00 sys=0.00, real=0.00 secs] 
4.720: [GC (Allocation Failure) [PSYoungGen: 32K->32K(1536K)] 6963K->6963K(9728K), 0.0002598 secs] [Times: user=0.00 sys=0.00, real=0.00 secs] 
4.720: [Full GC (Allocation Failure) [PSYoungGen: 32K->0K(1536K)] [ParOldGen: 6931K->2394K(8192K)] 6963K->2394K(9728K), [Metaspace: 3328K->3328K(1056768K)], 0.0025295 secs] [Times: user=0.01 sys=0.00, real=0.00 secs] 
4.723: [GC (Allocation Failure) [PSYoungGen: 669K->32K(1536K)] 7603K->6966K(9728K), 0.0008306 secs] [Times: user=0.00 sys=0.00, real=0.00 secs] 
4.724: [GC (Allocation Failure) [PSYoungGen: 32K->32K(1536K)] 6966K->6966K(9728K), 0.0002532 secs] [Times: user=0.00 sys=0.00, real=0.00 secs] 
4.724: [Full GC (Allocation Failure) [PSYoungGen: 32K->0K(1536K)] [ParOldGen: 6934K->2394K(8192K)] 6966K->2394K(9728K), [Metaspace: 3328K->3328K(1056768K)], 0.0022173 secs] [Times: user=0.00 sys=0.00, real=0.00 secs] 
4.727: [GC (Allocation Failure) [PSYoungGen: 669K->32K(1536K)] 7607K->6969K(9728K), 0.0008289 secs] [Times: user=0.01 sys=0.00, real=0.00 secs] 
4.728: [GC (Allocation Failure) [PSYoungGen: 32K->32K(1536K)] 6969K->6969K(9728K), 0.0002965 secs] [Times: user=0.00 sys=0.00, real=0.00 secs] 
4.728: [Full GC (Allocation Failure) [PSYoungGen: 32K->0K(1536K)] [ParOldGen: 6937K->2395K(8192K)] 6969K->2395K(9728K), [Metaspace: 3328K->3328K(1056768K)], 0.0025525 secs] [Times: user=0.00 sys=0.00, real=0.00 secs] 
4.731: [GC (Allocation Failure) [PSYoungGen: 669K->32K(1536K)] 7610K->6972K(9728K), 0.0008141 secs] [Times: user=0.00 sys=0.00, real=0.00 secs] 
4.732: [GC (Allocation Failure) [PSYoungGen: 32K->32K(1536K)] 6972K->6972K(9728K), 0.0002459 secs] [Times: user=0.00 sys=0.00, real=0.00 secs] 
4.732: [Full GC (Allocation Failure) [PSYoungGen: 32K->0K(1536K)] [ParOldGen: 6940K->2396K(8192K)] 6972K->2396K(9728K), [Metaspace: 3328K->3328K(1056768K)], 0.0021212 secs] [Times: user=0.01 sys=0.00, real=0.01 secs] 
4.735: [GC (Allocation Failure) [PSYoungGen: 670K->32K(1536K)] 7613K->6975K(9728K), 0.0008315 secs] [Times: user=0.00 sys=0.00, real=0.00 secs] 
4.735: [GC (Allocation Failure) [PSYoungGen: 32K->32K(1536K)] 6975K->6975K(9728K), 0.0002890 secs] [Times: user=0.00 sys=0.00, real=0.00 secs] 
4.736: [Full GC (Allocation Failure) [PSYoungGen: 32K->0K(1536K)] [ParOldGen: 6943K->2396K(8192K)] 6975K->2396K(9728K), [Metaspace: 3328K->3328K(1056768K)], 0.0025261 secs] [Times: user=0.01 sys=0.00, real=0.00 secs] 
4.739: [GC (Allocation Failure) [PSYoungGen: 670K->32K(1536K)] 7616K->6978K(9728K), 0.0008268 secs] [Times: user=0.00 sys=0.00, real=0.00 secs] 
4.740: [GC (Allocation Failure) [PSYoungGen: 32K->32K(1536K)] 6978K->6978K(9728K), 0.0002725 secs] [Times: user=0.00 sys=0.00, real=0.00 secs] 
4.740: [Full GC (Allocation Failure) [PSYoungGen: 32K->0K(1536K)] [ParOldGen: 6946K->2397K(8192K)] 6978K->2397K(9728K), [Metaspace: 3328K->3328K(1056768K)], 0.0022068 secs] [Times: user=0.01 sys=0.00, real=0.00 secs] 
4.743: [GC (Allocation Failure) [PSYoungGen: 670K->32K(1536K)] 7619K->6981K(9728K), 0.0008395 secs] [Times: user=0.00 sys=0.00, real=0.01 secs] 
4.743: [GC (Allocation Failure) [PSYoungGen: 32K->32K(1536K)] 6981K->6981K(9728K), 0.0002805 secs] [Times: user=0.00 sys=0.00, real=0.00 secs] 
4.744: [Full GC (Allocation Failure) [PSYoungGen: 32K->0K(1536K)] [ParOldGen: 6949K->2397K(8192K)] 6981K->2397K(9728K), [Metaspace: 3328K->3328K(1056768K)], 0.0022436 secs] [Times: user=0.00 sys=0.00, real=0.00 secs] 
4.747: [GC (Allocation Failure) [PSYoungGen: 671K->32K(1536K)] 7623K->6984K(9728K), 0.0008362 secs] [Times: user=0.01 sys=0.00, real=0.00 secs] 
4.747: [GC (Allocation Failure) [PSYoungGen: 32K->32K(1536K)] 6984K->6984K(9728K), 0.0002727 secs] [Times: user=0.00 sys=0.01, real=0.00 secs] 
4.748: [Full GC (Allocation Failure) [PSYoungGen: 32K->0K(1536K)] [ParOldGen: 6952K->2398K(8192K)] 6984K->2398K(9728K), [Metaspace: 3328K->3328K(1056768K)], 0.0020567 secs] [Times: user=0.00 sys=0.00, real=0.00 secs] 
4.750: [GC (Allocation Failure) [PSYoungGen: 671K->32K(1536K)] 7626K->6986K(9728K), 0.0008306 secs] [Times: user=0.00 sys=0.00, real=0.00 secs] 
4.751: [GC (Allocation Failure) [PSYoungGen: 32K->32K(1536K)] 6986K->6986K(9728K), 0.0007953 secs] [Times: user=0.01 sys=0.00, real=0.00 secs] 
4.752: [Full GC (Allocation Failure) [PSYoungGen: 32K->0K(1536K)] [ParOldGen: 6954K->2399K(8192K)] 6986K->2399K(9728K), [Metaspace: 3328K->3328K(1056768K)], 0.0021975 secs] [Times: user=0.00 sys=0.00, real=0.01 secs] 
4.755: [GC (Allocation Failure) [PSYoungGen: 671K->32K(1536K)] 7629K->6989K(9728K), 0.0008311 secs] [Times: user=0.00 sys=0.00, real=0.00 secs] 
4.755: [GC (Allocation Failure) [PSYoungGen: 32K->32K(1536K)] 6989K->6989K(9728K), 0.0004087 secs] [Times: user=0.00 sys=0.00, real=0.00 secs] 
4.756: [Full GC (Allocation Failure) [PSYoungGen: 32K->0K(1536K)] [ParOldGen: 6957K->2399K(8192K)] 6989K->2399K(9728K), [Metaspace: 3328K->3328K(1056768K)], 0.0022152 secs] [Times: user=0.01 sys=0.00, real=0.00 secs] 
4.759: [GC (Allocation Failure) [PSYoungGen: 672K->32K(1536K)] 7632K->6992K(9728K), 0.0008575 secs] [Times: user=0.00 sys=0.00, real=0.00 secs] 
4.760: [GC (Allocation Failure) [PSYoungGen: 32K->32K(1536K)] 6992K->6992K(9728K), 0.0002789 secs] [Times: user=0.00 sys=0.00, real=0.00 secs] 
4.760: [Full GC (Allocation Failure) [PSYoungGen: 32K->0K(1536K)] [ParOldGen: 6960K->2400K(8192K)] 6992K->2400K(9728K), [Metaspace: 3328K->3328K(1056768K)], 0.0021738 secs] [Times: user=0.01 sys=0.00, real=0.00 secs] 
4.762: [GC (Allocation Failure) [PSYoungGen: 672K->32K(1536K)] 7635K->6995K(9728K), 0.0008320 secs] [Times: user=0.00 sys=0.00, real=0.01 secs] 
4.763: [GC (Allocation Failure) [PSYoungGen: 32K->32K(1536K)] 6995K->6995K(9728K), 0.0002823 secs] [Times: user=0.00 sys=0.00, real=0.00 secs] 
4.764: [Full GC (Allocation Failure) [PSYoungGen: 32K->0K(1536K)] [ParOldGen: 6963K->2401K(8192K)] 6995K->2401K(9728K), [Metaspace: 3328K->3328K(1056768K)], 0.0021819 secs] [Times: user=0.00 sys=0.00, real=0.00 secs] 
4.766: [GC (Allocation Failure) [PSYoungGen: 672K->32K(1536K)] 7639K->6998K(9728K), 0.0008298 secs] [Times: user=0.01 sys=0.00, real=0.00 secs] 
4.767: [GC (Allocation Failure) [PSYoungGen: 32K->32K(1536K)] 6998K->6998K(9728K), 0.0002474 secs] [Times: user=0.00 sys=0.00, real=0.00 secs] 
4.768: [Full GC (Allocation Failure) [PSYoungGen: 32K->0K(1536K)] [ParOldGen: 6966K->2401K(8192K)] 6998K->2401K(9728K), [Metaspace: 3328K->3328K(1056768K)], 0.0021598 secs] [Times: user=0.00 sys=0.00, real=0.00 secs] 
4.770: [GC (Allocation Failure) [PSYoungGen: 672K->32K(1536K)] 7642K->7001K(9728K), 0.0008516 secs] [Times: user=0.00 sys=0.00, real=0.00 secs] 
4.771: [GC (Allocation Failure) [PSYoungGen: 32K->32K(1536K)] 7001K->7001K(9728K), 0.0002544 secs] [Times: user=0.00 sys=0.00, real=0.00 secs] 
4.771: [Full GC (Allocation Failure) [PSYoungGen: 32K->0K(1536K)] [ParOldGen: 6969K->2402K(8192K)] 7001K->2402K(9728K), [Metaspace: 3328K->3328K(1056768K)], 0.0025244 secs] [Times: user=0.01 sys=0.00, real=0.01 secs] 
4.774: [GC (Allocation Failure) [PSYoungGen: 673K->32K(1536K)] 7645K->7004K(9728K), 0.0008337 secs] [Times: user=0.00 sys=0.00, real=0.00 secs] 
4.775: [GC (Allocation Failure) [PSYoungGen: 32K->32K(1536K)] 7004K->7004K(9728K), 0.0002772 secs] [Times: user=0.00 sys=0.00, real=0.00 secs] 
4.775: [Full GC (Allocation Failure) [PSYoungGen: 32K->0K(1536K)] [ParOldGen: 6972K->2403K(8192K)] 7004K->2403K(9728K), [Metaspace: 3328K->3328K(1056768K)], 0.0025217 secs] [Times: user=0.01 sys=0.00, real=0.00 secs] 
4.778: [GC (Allocation Failure) [PSYoungGen: 673K->32K(1536K)] 7648K->7007K(9728K), 0.0008245 secs] [Times: user=0.00 sys=0.00, real=0.00 secs] 
4.779: [GC (Allocation Failure) [PSYoungGen: 32K->32K(1536K)] 7007K->7007K(9728K), 0.0002774 secs] [Times: user=0.00 sys=0.00, real=0.00 secs] 
4.780: [Full GC (Allocation Failure) [PSYoungGen: 32K->0K(1536K)] [ParOldGen: 6975K->2403K(8192K)] 7007K->2403K(9728K), [Metaspace: 3328K->3328K(1056768K)], 0.0020337 secs] [Times: user=0.01 sys=0.00, real=0.00 secs] 
4.782: [GC (Allocation Failure) [PSYoungGen: 673K->32K(1536K)] 7651K->7009K(9728K), 0.0008414 secs] [Times: user=0.00 sys=0.00, real=0.01 secs] 
4.783: [GC (Allocation Failure) [PSYoungGen: 32K->32K(1536K)] 7009K->7009K(9728K), 0.0008060 secs] [Times: user=0.00 sys=0.00, real=0.00 secs] 
4.784: [Full GC (Allocation Failure) [PSYoungGen: 32K->0K(1536K)] [ParOldGen: 6977K->2404K(8192K)] 7009K->2404K(9728K), [Metaspace: 3328K->3328K(1056768K)], 0.0021790 secs] [Times: user=0.01 sys=0.00, real=0.00 secs] 
4.786: [GC (Allocation Failure) [PSYoungGen: 674K->32K(1536K)] 7655K->7012K(9728K), 0.0008460 secs] [Times: user=0.00 sys=0.00, real=0.00 secs] 
4.787: [GC (Allocation Failure) [PSYoungGen: 32K->32K(1536K)] 7012K->7012K(9728K), 0.0002764 secs] [Times: user=0.00 sys=0.00, real=0.00 secs] 
4.788: [Full GC (Allocation Failure) [PSYoungGen: 32K->0K(1536K)] [ParOldGen: 6980K->2405K(8192K)] 7012K->2405K(9728K), [Metaspace: 3328K->3328K(1056768K)], 0.0025267 secs] [Times: user=0.00 sys=0.00, real=0.00 secs] 
4.791: [GC (Allocation Failure) [PSYoungGen: 674K->32K(1536K)] 7658K->7015K(9728K), 0.0008319 secs] [Times: user=0.01 sys=0.00, real=0.00 secs] 
4.792: [GC (Allocation Failure) [PSYoungGen: 32K->32K(1536K)] 7015K->7015K(9728K), 0.0002705 secs] [Times: user=0.00 sys=0.00, real=0.00 secs] 
4.792: [Full GC (Allocation Failure) [PSYoungGen: 32K->0K(1536K)] [ParOldGen: 6983K->2405K(8192K)] 7015K->2405K(9728K), [Metaspace: 3328K->3328K(1056768K)], 0.0020543 secs] [Times: user=0.00 sys=0.00, real=0.01 secs] 
4.794: [GC (Allocation Failure) [PSYoungGen: 674K->32K(1536K)] 7661K->7018K(9728K), 0.0008350 secs] [Times: user=0.00 sys=0.00, real=0.00 secs] 
4.795: [GC (Allocation Failure) [PSYoungGen: 32K->32K(1536K)] 7018K->7018K(9728K), 0.0002460 secs] [Times: user=0.00 sys=0.00, real=0.00 secs] 
4.796: [Full GC (Allocation Failure) [PSYoungGen: 32K->0K(1536K)] [ParOldGen: 6986K->2406K(8192K)] 7018K->2406K(9728K), [Metaspace: 3328K->3328K(1056768K)], 0.0025207 secs] [Times: user=0.01 sys=0.00, real=0.00 secs] 
4.798: [GC (Allocation Failure) [PSYoungGen: 675K->32K(1536K)] 7664K->7021K(9728K), 0.0008485 secs] [Times: user=0.00 sys=0.00, real=0.00 secs] 
4.799: [GC (Allocation Failure) [PSYoungGen: 32K->32K(1536K)] 7021K->7021K(9728K), 0.0002782 secs] [Times: user=0.00 sys=0.00, real=0.00 secs] 
4.800: [Full GC (Allocation Failure) [PSYoungGen: 32K->0K(1536K)] [ParOldGen: 6989K->2406K(8192K)] 7021K->2406K(9728K), [Metaspace: 3328K->3328K(1056768K)], 0.0025511 secs] [Times: user=0.01 sys=0.00, real=0.00 secs] 
4.803: [GC (Allocation Failure) [PSYoungGen: 675K->32K(1536K)] 7667K->7024K(9728K), 0.0009058 secs] [Times: user=0.00 sys=0.00, real=0.01 secs] 
4.804: [GC (Allocation Failure) [PSYoungGen: 32K->32K(1536K)] 7024K->7024K(9728K), 0.0004220 secs] [Times: user=0.00 sys=0.00, real=0.00 secs] 
4.804: [Full GC (Allocation Failure) [PSYoungGen: 32K->0K(1536K)] [ParOldGen: 6992K->2407K(8192K)] 7024K->2407K(9728K), [Metaspace: 3328K->3328K(1056768K)], 0.0025264 secs] [Times: user=0.01 sys=0.00, real=0.00 secs] 
4.807: [GC (Allocation Failure) [PSYoungGen: 675K->32K(1536K)] 7671K->7027K(9728K), 0.0008325 secs] [Times: user=0.00 sys=0.00, real=0.00 secs] 
4.808: [GC (Allocation Failure) [PSYoungGen: 32K->32K(1536K)] 7027K->7027K(9728K), 0.0002681 secs] [Times: user=0.00 sys=0.00, real=0.00 secs] 
4.808: [Full GC (Allocation Failure) [PSYoungGen: 32K->0K(1536K)] [ParOldGen: 6995K->2408K(8192K)] 7027K->2408K(9728K), [Metaspace: 3328K->3328K(1056768K)], 0.0021764 secs] [Times: user=0.01 sys=0.00, real=0.00 secs] 
4.811: [GC (Allocation Failure) [PSYoungGen: 676K->32K(1536K)] 7674K->7030K(9728K), 0.0008204 secs] [Times: user=0.00 sys=0.00, real=0.00 secs] 
4.812: [GC (Allocation Failure) [PSYoungGen: 32K->32K(1536K)] 7030K->7030K(9728K), 0.0003111 secs] [Times: user=0.00 sys=0.00, real=0.00 secs] 
4.812: [Full GC (Allocation Failure) [PSYoungGen: 32K->0K(1536K)] [ParOldGen: 6998K->2408K(8192K)] 7030K->2408K(9728K), [Metaspace: 3328K->3328K(1056768K)], 0.0019949 secs] [Times: user=0.00 sys=0.00, real=0.01 secs] 
4.815: [GC (Allocation Failure) [PSYoungGen: 676K->32K(1536K)] 7677K->7033K(9728K), 0.0008205 secs] [Times: user=0.01 sys=0.00, real=0.00 secs] 
4.815: [GC (Allocation Failure) [PSYoungGen: 32K->32K(1536K)] 7033K->7033K(9728K), 0.0003239 secs] [Times: user=0.00 sys=0.00, real=0.00 secs] 
4.816: [Full GC (Allocation Failure) [PSYoungGen: 32K->0K(1536K)] [ParOldGen: 7001K->2409K(8192K)] 7033K->2409K(9728K), [Metaspace: 3328K->3328K(1056768K)], 0.0023510 secs] [Times: user=0.00 sys=0.00, real=0.00 secs] 
4.819: [GC (Allocation Failure) [PSYoungGen: 676K->32K(1536K)] 7680K->7035K(9728K), 0.0008280 secs] [Times: user=0.00 sys=0.00, real=0.00 secs] 
4.820: [GC (Allocation Failure) [PSYoungGen: 32K->32K(1536K)] 7035K->7035K(9728K), 0.0002556 secs] [Times: user=0.00 sys=0.00, real=0.00 secs] 
4.820: [Full GC (Allocation Failure) [PSYoungGen: 32K->0K(1536K)] [ParOldGen: 7003K->2410K(8192K)] 7035K->2410K(9728K), [Metaspace: 3328K->3328K(1056768K)], 0.0025185 secs] [Times: user=0.01 sys=0.00, real=0.00 secs] 
4.823: [GC (Allocation Failure) [PSYoungGen: 677K->32K(1536K)] 7683K->7038K(9728K), 0.0008300 secs] [Times: user=0.00 sys=0.00, real=0.00 secs] 
4.824: [GC (Allocation Failure) [PSYoungGen: 32K->32K(1536K)] 7038K->7038K(9728K), 0.0002421 secs] [Times: user=0.00 sys=0.00, real=0.00 secs] 
4.824: [Full GC (Allocation Failure) [PSYoungGen: 32K->0K(1536K)] [ParOldGen: 7006K->2410K(8192K)] 7038K->2410K(9728K), [Metaspace: 3328K->3328K(1056768K)], 0.0022140 secs] [Times: user=0.01 sys=0.00, real=0.00 secs] 
4.827: [GC (Allocation Failure) [PSYoungGen: 677K->32K(1536K)] 7687K->7041K(9728K), 0.0008335 secs] [Times: user=0.00 sys=0.00, real=0.00 secs] 
4.827: [GC (Allocation Failure) [PSYoungGen: 32K->32K(1536K)] 7041K->7041K(9728K), 0.0002821 secs] [Times: user=0.00 sys=0.00, real=0.00 secs] 
4.828: [Full GC (Allocation Failure) [PSYoungGen: 32K->0K(1536K)] [ParOldGen: 7009K->2411K(8192K)] 7041K->2411K(9728K), [Metaspace: 3328K->3328K(1056768K)], 0.0024037 secs] [Times: user=0.01 sys=0.00, real=0.00 secs] 
4.831: [GC (Allocation Failure) [PSYoungGen: 677K->32K(1536K)] 7690K->7044K(9728K), 0.0003001 secs] [Times: user=0.00 sys=0.00, real=0.00 secs] 
4.831: [GC (Allocation Failure) [PSYoungGen: 32K->32K(1536K)] 7044K->7044K(9728K), 0.0002563 secs] [Times: user=0.00 sys=0.00, real=0.00 secs] 
4.831: [Full GC (Allocation Failure) [PSYoungGen: 32K->0K(1536K)] [ParOldGen: 7012K->2412K(8192K)] 7044K->2412K(9728K), [Metaspace: 3328K->3328K(1056768K)], 0.0025846 secs] [Times: user=0.00 sys=0.00, real=0.01 secs] 
4.834: [GC (Allocation Failure) [PSYoungGen: 678K->32K(1536K)] 7693K->7047K(9728K), 0.0003221 secs] [Times: user=0.00 sys=0.00, real=0.00 secs] 
4.835: [GC (Allocation Failure) [PSYoungGen: 32K->32K(1536K)] 7047K->7047K(9728K), 0.0002812 secs] [Times: user=0.00 sys=0.00, real=0.00 secs] 
4.835: [Full GC (Allocation Failure) [PSYoungGen: 32K->0K(1536K)] [ParOldGen: 7015K->2412K(8192K)] 7047K->2412K(9728K), [Metaspace: 3328K->3328K(1056768K)], 0.0025261 secs] [Times: user=0.01 sys=0.01, real=0.00 secs] 
4.838: [GC (Allocation Failure) [PSYoungGen: 678K->32K(1536K)] 7696K->7050K(9728K), 0.0008297 secs] [Times: user=0.00 sys=0.00, real=0.00 secs] 
4.839: [GC (Allocation Failure) [PSYoungGen: 32K->32K(1536K)] 7050K->7050K(9728K), 0.0002683 secs] [Times: user=0.00 sys=0.00, real=0.00 secs] 
4.839: [Full GC (Allocation Failure) [PSYoungGen: 32K->0K(1536K)] [ParOldGen: 7018K->2413K(8192K)] 7050K->2413K(9728K), [Metaspace: 3328K->3328K(1056768K)], 0.0021527 secs] [Times: user=0.01 sys=0.00, real=0.00 secs] 
4.842: [GC (Allocation Failure) [PSYoungGen: 678K->32K(1536K)] 7699K->7053K(9728K), 0.0008412 secs] [Times: user=0.00 sys=0.00, real=0.00 secs] 
4.843: [GC (Allocation Failure) [PSYoungGen: 32K->32K(1536K)] 7053K->7053K(9728K), 0.0002624 secs] [Times: user=0.00 sys=0.00, real=0.01 secs] 
4.843: [Full GC (Allocation Failure) [PSYoungGen: 32K->0K(1536K)] [ParOldGen: 7021K->2413K(8192K)] 7053K->2413K(9728K), [Metaspace: 3328K->3328K(1056768K)], 0.0021949 secs] [Times: user=0.01 sys=0.00, real=0.00 secs] 
4.846: [GC (Allocation Failure) [PSYoungGen: 679K->32K(1536K)] 7703K->7056K(9728K), 0.0008255 secs] [Times: user=0.00 sys=0.00, real=0.00 secs] 
4.846: [GC (Allocation Failure) [PSYoungGen: 32K->32K(1536K)] 7056K->7056K(9728K), 0.0002410 secs] [Times: user=0.00 sys=0.00, real=0.00 secs] 
4.847: [Full GC (Allocation Failure) [PSYoungGen: 32K->0K(1536K)] [ParOldGen: 7024K->2414K(8192K)] 7056K->2414K(9728K), [Metaspace: 3328K->3328K(1056768K)], 0.0022224 secs] [Times: user=0.00 sys=0.00, real=0.00 secs] 
4.849: [GC (Allocation Failure) [PSYoungGen: 679K->32K(1536K)] 7706K->7058K(9728K), 0.0008326 secs] [Times: user=0.01 sys=0.00, real=0.00 secs] 
4.850: [GC (Allocation Failure) [PSYoungGen: 32K->32K(1536K)] 7058K->7058K(9728K), 0.0002489 secs] [Times: user=0.00 sys=0.00, real=0.00 secs] 
4.851: [Full GC (Allocation Failure) [PSYoungGen: 32K->0K(1536K)] [ParOldGen: 7026K->2415K(8192K)] 7058K->2415K(9728K), [Metaspace: 3328K->3328K(1056768K)], 0.0025240 secs] [Times: user=0.00 sys=0.00, real=0.01 secs] 
4.854: [GC (Allocation Failure) [PSYoungGen: 679K->32K(1536K)] 7709K->7061K(9728K), 0.0008321 secs] [Times: user=0.01 sys=0.00, real=0.00 secs] 
4.854: [GC (Allocation Failure) [PSYoungGen: 32K->32K(1536K)] 7061K->7061K(9728K), 0.0002859 secs] [Times: user=0.00 sys=0.00, real=0.00 secs] 
4.855: [Full GC (Allocation Failure) [PSYoungGen: 32K->0K(1536K)] [ParOldGen: 7029K->2415K(8192K)] 7061K->2415K(9728K), [Metaspace: 3328K->3328K(1056768K)], 0.0025297 secs] [Times: user=0.00 sys=0.00, real=0.00 secs] 
4.858: [GC (Allocation Failure) [PSYoungGen: 680K->32K(1536K)] 7712K->7064K(9728K), 0.0008125 secs] [Times: user=0.00 sys=0.00, real=0.00 secs] 
4.859: [GC (Allocation Failure) [PSYoungGen: 32K->32K(1536K)] 7064K->7064K(9728K), 0.0002827 secs] [Times: user=0.00 sys=0.00, real=0.00 secs] 
4.859: [Full GC (Allocation Failure) [PSYoungGen: 32K->0K(1536K)] [ParOldGen: 7032K->2416K(8192K)] 7064K->2416K(9728K), [Metaspace: 3328K->3328K(1056768K)], 0.0025002 secs] [Times: user=0.01 sys=0.00, real=0.00 secs] 
4.862: [GC (Allocation Failure) [PSYoungGen: 680K->32K(1536K)] 7715K->7067K(9728K), 0.0008368 secs] [Times: user=0.00 sys=0.00, real=0.00 secs] 
4.863: [GC (Allocation Failure) [PSYoungGen: 32K->32K(1536K)] 7067K->7067K(9728K), 0.0002514 secs] [Times: user=0.00 sys=0.00, real=0.00 secs] 
4.863: [Full GC (Allocation Failure) [PSYoungGen: 32K->0K(1536K)] [ParOldGen: 7035K->2417K(8192K)] 7067K->2417K(9728K), [Metaspace: 3328K->3328K(1056768K)], 0.0022875 secs] [Times: user=0.01 sys=0.00, real=0.00 secs] 
4.866: [GC (Allocation Failure) [PSYoungGen: 680K->32K(1536K)] 7719K->7070K(9728K), 0.0008326 secs] [Times: user=0.00 sys=0.00, real=0.00 secs] 
4.867: [GC (Allocation Failure) [PSYoungGen: 32K->32K(1536K)] 7070K->7070K(9728K), 0.0002408 secs] [Times: user=0.00 sys=0.00, real=0.00 secs] 
4.867: [Full GC (Allocation Failure) [PSYoungGen: 32K->0K(1536K)] [ParOldGen: 7038K->2417K(8192K)] 7070K->2417K(9728K), [Metaspace: 3328K->3328K(1056768K)], 0.0025454 secs] [Times: user=0.01 sys=0.00, real=0.00 secs] 
4.870: [GC (Allocation Failure) [PSYoungGen: 680K->32K(1536K)] 7722K->7073K(9728K), 0.0008478 secs] [Times: user=0.00 sys=0.00, real=0.00 secs] 
4.871: [GC (Allocation Failure) [PSYoungGen: 32K->32K(1536K)] 7073K->7073K(9728K), 0.0008025 secs] [Times: user=0.00 sys=0.00, real=0.00 secs] 
4.872: [Full GC (Allocation Failure) [PSYoungGen: 32K->0K(1536K)] [ParOldGen: 7041K->2418K(8192K)] 7073K->2418K(9728K), [Metaspace: 3328K->3328K(1056768K)], 0.0020715 secs] [Times: user=0.01 sys=0.00, real=0.01 secs] 
4.874: [GC (Allocation Failure) [PSYoungGen: 681K->32K(1536K)] 7725K->7076K(9728K), 0.0008547 secs] [Times: user=0.00 sys=0.00, real=0.00 secs] 
4.875: [GC (Allocation Failure) [PSYoungGen: 32K->32K(1536K)] 7076K->7076K(9728K), 0.0002467 secs] [Times: user=0.00 sys=0.00, real=0.00 secs] 
4.875: [Full GC (Allocation Failure) [PSYoungGen: 32K->0K(1536K)] [ParOldGen: 7044K->2419K(8192K)] 7076K->2419K(9728K), [Metaspace: 3328K->3328K(1056768K)], 0.0021144 secs] [Times: user=0.00 sys=0.00, real=0.00 secs] 
4.878: [GC (Allocation Failure) [PSYoungGen: 681K->32K(1536K)] 7728K->7079K(9728K), 0.0008382 secs] [Times: user=0.01 sys=0.00, real=0.00 secs] 
4.879: [GC (Allocation Failure) [PSYoungGen: 32K->32K(1536K)] 7079K->7079K(9728K), 0.0002486 secs] [Times: user=0.00 sys=0.00, real=0.00 secs] 
4.879: [Full GC (Allocation Failure) [PSYoungGen: 32K->0K(1536K)] [ParOldGen: 7047K->2419K(8192K)] 7079K->2419K(9728K), [Metaspace: 3328K->3328K(1056768K)], 0.0020651 secs] [Times: user=0.00 sys=0.00, real=0.00 secs] 
4.882: [GC (Allocation Failure) [PSYoungGen: 681K->32K(1536K)] 7731K->7082K(9728K), 0.0008303 secs] [Times: user=0.00 sys=0.00, real=0.00 secs] 
4.883: [GC (Allocation Failure) [PSYoungGen: 32K->32K(1536K)] 7082K->7082K(9728K), 0.0003147 secs] [Times: user=0.00 sys=0.00, real=0.01 secs] 
4.883: [Full GC (Allocation Failure) [PSYoungGen: 32K->0K(1536K)] [ParOldGen: 7050K->2420K(8192K)] 7082K->2420K(9728K), [Metaspace: 3328K->3328K(1056768K)], 0.0025514 secs] [Times: user=0.01 sys=0.00, real=0.00 secs] 
4.886: [GC (Allocation Failure) [PSYoungGen: 682K->32K(1536K)] 7735K->7084K(9728K), 0.0008973 secs] [Times: user=0.00 sys=0.00, real=0.00 secs] 
4.887: [GC (Allocation Failure) [PSYoungGen: 32K->32K(1536K)] 7084K->7084K(9728K), 0.0004855 secs] [Times: user=0.00 sys=0.00, real=0.00 secs] 
4.887: [Full GC (Allocation Failure) [PSYoungGen: 32K->0K(1536K)] [ParOldGen: 7052K->2421K(8192K)] 7084K->2421K(9728K), [Metaspace: 3328K->3328K(1056768K)], 0.0026905 secs] [Times: user=0.01 sys=0.00, real=0.00 secs] 
4.892: [GC (Allocation Failure) [PSYoungGen: 682K->32K(1536K)] 7738K->7087K(9728K), 0.0003790 secs] [Times: user=0.00 sys=0.00, real=0.00 secs] 
4.892: [GC (Allocation Failure) [PSYoungGen: 32K->32K(1536K)] 7087K->7087K(9728K), 0.0003201 secs] [Times: user=0.00 sys=0.00, real=0.00 secs] 
4.892: [Full GC (Allocation Failure) [PSYoungGen: 32K->0K(1536K)] [ParOldGen: 7055K->2421K(8192K)] 7087K->2421K(9728K), [Metaspace: 3328K->3328K(1056768K)], 0.0026182 secs] [Times: user=0.01 sys=0.00, real=0.01 secs] 
4.896: [GC (Allocation Failure) [PSYoungGen: 682K->32K(1536K)] 7741K->7090K(9728K), 0.0008326 secs] [Times: user=0.00 sys=0.00, real=0.00 secs] 
4.896: [GC (Allocation Failure) [PSYoungGen: 32K->32K(1536K)] 7090K->7090K(9728K), 0.0002933 secs] [Times: user=0.00 sys=0.00, real=0.00 secs] 
4.897: [Full GC (Allocation Failure) [PSYoungGen: 32K->0K(1536K)] [ParOldGen: 7058K->2422K(8192K)] 7090K->2422K(9728K), [Metaspace: 3328K->3328K(1056768K)], 0.0025224 secs] [Times: user=0.01 sys=0.00, real=0.00 secs] 
4.900: [GC (Allocation Failure) [PSYoungGen: 683K->32K(1536K)] 7744K->7093K(9728K), 0.0008237 secs] [Times: user=0.00 sys=0.00, real=0.00 secs] 
4.901: [GC (Allocation Failure) [PSYoungGen: 32K->32K(1536K)] 7093K->7093K(9728K), 0.0002416 secs] [Times: user=0.00 sys=0.00, real=0.00 secs] 
4.901: [Full GC (Allocation Failure) [PSYoungGen: 32K->0K(1536K)] [ParOldGen: 7061K->2422K(8192K)] 7093K->2422K(9728K), [Metaspace: 3328K->3328K(1056768K)], 0.0032603 secs] [Times: user=0.00 sys=0.00, real=0.01 secs] 
4.905: [GC (Allocation Failure) [PSYoungGen: 683K->32K(1536K)] 7748K->7096K(9728K), 0.0003736 secs] [Times: user=0.00 sys=0.00, real=0.00 secs] 
4.905: [GC (Allocation Failure) [PSYoungGen: 32K->32K(1536K)] 7096K->7096K(9728K), 0.0002736 secs] [Times: user=0.00 sys=0.00, real=0.00 secs] 
4.906: [Full GC (Allocation Failure) [PSYoungGen: 32K->0K(1536K)] [ParOldGen: 7064K->2423K(8192K)] 7096K->2423K(9728K), [Metaspace: 3328K->3328K(1056768K)], 0.0022316 secs] [Times: user=0.00 sys=0.00, real=0.00 secs] 
4.908: [GC (Allocation Failure) [PSYoungGen: 683K->32K(1536K)] 7751K->7099K(9728K), 0.0008288 secs] [Times: user=0.00 sys=0.00, real=0.00 secs] 
4.909: [GC (Allocation Failure) [PSYoungGen: 32K->32K(1536K)] 7099K->7099K(9728K), 0.0002863 secs] [Times: user=0.00 sys=0.00, real=0.00 secs] 
4.910: [Full GC (Allocation Failure) [PSYoungGen: 32K->0K(1536K)] [ParOldGen: 7067K->2424K(8192K)] 7099K->2424K(9728K), [Metaspace: 3328K->3328K(1056768K)], 0.0025276 secs] [Times: user=0.01 sys=0.00, real=0.00 secs] 
4.913: [GC (Allocation Failure) [PSYoungGen: 684K->32K(1536K)] 7754K->7102K(9728K), 0.0003738 secs] [Times: user=0.00 sys=0.00, real=0.01 secs] 
4.913: [GC (Allocation Failure) [PSYoungGen: 32K->32K(1536K)] 7102K->7102K(9728K), 0.0002563 secs] [Times: user=0.00 sys=0.00, real=0.00 secs] 
4.913: [Full GC (Allocation Failure) [PSYoungGen: 32K->0K(1536K)] [ParOldGen: 7070K->2424K(8192K)] 7102K->2424K(9728K), [Metaspace: 3328K->3328K(1056768K)], 0.0024966 secs] [Times: user=0.01 sys=0.00, real=0.00 secs] 
4.916: [GC (Allocation Failure) [PSYoungGen: 684K->32K(1536K)] 7757K->7105K(9728K), 0.0008218 secs] [Times: user=0.00 sys=0.00, real=0.00 secs] 
4.917: [GC (Allocation Failure) [PSYoungGen: 32K->32K(1536K)] 7105K->7105K(9728K), 0.0002504 secs] [Times: user=0.00 sys=0.00, real=0.00 secs] 
4.917: [Full GC (Allocation Failure) [PSYoungGen: 32K->0K(1536K)] [ParOldGen: 7073K->2425K(8192K)] 7105K->2425K(9728K), [Metaspace: 3328K->3328K(1056768K)], 0.0020345 secs] [Times: user=0.00 sys=0.00, real=0.00 secs] 
4.920: [GC (Allocation Failure) [PSYoungGen: 684K->32K(1536K)] 7760K->7107K(9728K), 0.0007752 secs] [Times: user=0.00 sys=0.00, real=0.00 secs] 
4.921: [GC (Allocation Failure) [PSYoungGen: 32K->32K(1536K)] 7107K->7107K(9728K), 0.0002607 secs] [Times: user=0.00 sys=0.00, real=0.00 secs] 
4.921: [Full GC (Allocation Failure) [PSYoungGen: 32K->0K(1536K)] [ParOldGen: 7075K->2426K(8192K)] 7107K->2426K(9728K), [Metaspace: 3328K->3328K(1056768K)], 0.0021614 secs] [Times: user=0.00 sys=0.01, real=0.01 secs] 
4.924: [GC (Allocation Failure) [PSYoungGen: 685K->32K(1536K)] 7764K->7110K(9728K), 0.0006505 secs] [Times: user=0.00 sys=0.00, real=0.00 secs] 
4.924: [GC (Allocation Failure) [PSYoungGen: 32K->32K(1536K)] 7110K->7110K(9728K), 0.0008013 secs] [Times: user=0.01 sys=0.00, real=0.00 secs] 
4.925: [Full GC (Allocation Failure) [PSYoungGen: 32K->0K(1536K)] [ParOldGen: 7078K->2426K(8192K)] 7110K->2426K(9728K), [Metaspace: 3328K->3328K(1056768K)], 0.0022104 secs] [Times: user=0.00 sys=0.00, real=0.00 secs] 
4.928: [GC (Allocation Failure) [PSYoungGen: 685K->32K(1536K)] 7767K->7113K(9728K), 0.0010389 secs] [Times: user=0.00 sys=0.00, real=0.00 secs] 
4.929: [GC (Allocation Failure) [PSYoungGen: 32K->32K(1536K)] 7113K->7113K(9728K), 0.0003554 secs] [Times: user=0.00 sys=0.00, real=0.00 secs] 
4.929: [Full GC (Allocation Failure) [PSYoungGen: 32K->0K(1536K)] [ParOldGen: 7081K->2427K(8192K)] 7113K->2427K(9728K), [Metaspace: 3328K->3328K(1056768K)], 0.0020605 secs] [Times: user=0.01 sys=0.00, real=0.00 secs] 
4.932: [GC (Allocation Failure) [PSYoungGen: 685K->32K(1536K)] 7770K->7116K(9728K), 0.0008325 secs] [Times: user=0.00 sys=0.00, real=0.01 secs] 
4.933: [GC (Allocation Failure) [PSYoungGen: 32K->32K(1536K)] 7116K->7116K(9728K), 0.0002776 secs] [Times: user=0.00 sys=0.00, real=0.00 secs] 
4.933: [Full GC (Allocation Failure) [PSYoungGen: 32K->0K(1536K)] [ParOldGen: 7084K->2428K(8192K)] 7116K->2428K(9728K), [Metaspace: 3328K->3328K(1056768K)], 0.0023606 secs] [Times: user=0.01 sys=0.00, real=0.00 secs] 
4.936: [GC (Allocation Failure) [PSYoungGen: 686K->32K(1536K)] 7773K->7119K(9728K), 0.0008166 secs] [Times: user=0.00 sys=0.00, real=0.00 secs] 
4.937: [GC (Allocation Failure) [PSYoungGen: 32K->32K(1536K)] 7119K->7119K(9728K), 0.0002459 secs] [Times: user=0.00 sys=0.00, real=0.00 secs] 
4.937: [Full GC (Allocation Failure) [PSYoungGen: 32K->0K(1536K)] [ParOldGen: 7087K->2428K(8192K)] 7119K->2428K(9728K), [Metaspace: 3328K->3328K(1056768K)], 0.0022422 secs] [Times: user=0.01 sys=0.00, real=0.00 secs] 
4.940: [GC (Allocation Failure) [PSYoungGen: 686K->32K(1536K)] 7776K->7122K(9728K), 0.0008349 secs] [Times: user=0.00 sys=0.00, real=0.00 secs] 
4.941: [GC (Allocation Failure) [PSYoungGen: 32K->32K(1536K)] 7122K->7122K(9728K), 0.0002749 secs] [Times: user=0.00 sys=0.00, real=0.00 secs] 
4.941: [Full GC (Allocation Failure) [PSYoungGen: 32K->0K(1536K)] [ParOldGen: 7090K->2429K(8192K)] 7122K->2429K(9728K), [Metaspace: 3328K->3328K(1056768K)], 0.0021080 secs] [Times: user=0.00 sys=0.00, real=0.01 secs] 
4.944: [GC (Allocation Failure) [PSYoungGen: 686K->32K(1536K)] 7780K->7125K(9728K), 0.0008373 secs] [Times: user=0.01 sys=0.00, real=0.00 secs] 
4.944: [GC (Allocation Failure) [PSYoungGen: 32K->32K(1536K)] 7125K->7125K(9728K), 0.0002797 secs] [Times: user=0.00 sys=0.00, real=0.00 secs] 
4.945: [Full GC (Allocation Failure) [PSYoungGen: 32K->0K(1536K)] [ParOldGen: 7093K->2429K(8192K)] 7125K->2429K(9728K), [Metaspace: 3328K->3328K(1056768K)], 0.0021295 secs] [Times: user=0.00 sys=0.00, real=0.00 secs] 
4.947: [GC (Allocation Failure) [PSYoungGen: 687K->32K(1536K)] 7783K->7128K(9728K), 0.0008378 secs] [Times: user=0.00 sys=0.00, real=0.00 secs] 
4.948: [GC (Allocation Failure) [PSYoungGen: 32K->32K(1536K)] 7128K->7128K(9728K), 0.0002585 secs] [Times: user=0.00 sys=0.00, real=0.00 secs] 
4.949: [Full GC (Allocation Failure) [PSYoungGen: 32K->0K(1536K)] [ParOldGen: 7096K->2430K(8192K)] 7128K->2430K(9728K), [Metaspace: 3328K->3328K(1056768K)], 0.0025030 secs] [Times: user=0.01 sys=0.00, real=0.00 secs] 
4.952: [GC (Allocation Failure) [PSYoungGen: 687K->32K(1536K)] 7786K->7131K(9728K), 0.0008501 secs] [Times: user=0.00 sys=0.00, real=0.00 secs] 
4.952: [GC (Allocation Failure) [PSYoungGen: 32K->32K(1536K)] 7131K->7131K(9728K), 0.0002696 secs] [Times: user=0.00 sys=0.00, real=0.00 secs] 
4.953: [Full GC (Allocation Failure) [PSYoungGen: 32K->0K(1536K)] [ParOldGen: 7099K->2431K(8192K)] 7131K->2431K(9728K), [Metaspace: 3328K->3328K(1056768K)], 0.0025517 secs] [Times: user=0.01 sys=0.00, real=0.01 secs] 
4.956: [GC (Allocation Failure) [PSYoungGen: 687K->32K(1536K)] 7789K->7133K(9728K), 0.0008642 secs] [Times: user=0.00 sys=0.00, real=0.00 secs] 
4.957: [GC (Allocation Failure) [PSYoungGen: 32K->32K(1536K)] 7133K->7133K(9728K), 0.0002536 secs] [Times: user=0.00 sys=0.00, real=0.00 secs] 
4.957: [Full GC (Allocation Failure) [PSYoungGen: 32K->0K(1536K)] [ParOldGen: 7101K->2431K(8192K)] 7133K->2431K(9728K), [Metaspace: 3328K->3328K(1056768K)], 0.0024960 secs] [Times: user=0.01 sys=0.00, real=0.00 secs] 
4.960: [GC (Allocation Failure) [PSYoungGen: 688K->32K(1536K)] 7792K->7136K(9728K), 0.0008428 secs] [Times: user=0.00 sys=0.00, real=0.00 secs] 
4.961: [GC (Allocation Failure) [PSYoungGen: 32K->32K(1536K)] 7136K->7136K(9728K), 0.0002866 secs] [Times: user=0.00 sys=0.00, real=0.00 secs] 
4.961: [Full GC (Allocation Failure) [PSYoungGen: 32K->0K(1536K)] [ParOldGen: 7104K->2432K(8192K)] 7136K->2432K(9728K), [Metaspace: 3328K->3328K(1056768K)], 0.0030927 secs] [Times: user=0.01 sys=0.00, real=0.01 secs] 
4.965: [GC (Allocation Failure) [PSYoungGen: 688K->32K(1536K)] 7796K->7139K(9728K), 0.0008318 secs] [Times: user=0.00 sys=0.00, real=0.00 secs] 
4.966: [GC (Allocation Failure) [PSYoungGen: 32K->32K(1536K)] 7139K->7139K(9728K), 0.0002517 secs] [Times: user=0.00 sys=0.00, real=0.00 secs] 
4.966: [Full GC (Allocation Failure) [PSYoungGen: 32K->0K(1536K)] [ParOldGen: 7107K->2433K(8192K)] 7139K->2433K(9728K), [Metaspace: 3328K->3328K(1056768K)], 0.0025570 secs] [Times: user=0.00 sys=0.00, real=0.00 secs] 
4.969: [GC (Allocation Failure) [PSYoungGen: 688K->32K(1536K)] 7799K->7142K(9728K), 0.0008388 secs] [Times: user=0.01 sys=0.00, real=0.00 secs] 
4.970: [GC (Allocation Failure) [PSYoungGen: 32K->32K(1536K)] 7142K->7142K(9728K), 0.0002530 secs] [Times: user=0.00 sys=0.00, real=0.00 secs] 
4.970: [Full GC (Allocation Failure) [PSYoungGen: 32K->0K(1536K)] [ParOldGen: 7110K->2433K(8192K)] 7142K->2433K(9728K), [Metaspace: 3328K->3328K(1056768K)], 0.0029671 secs] [Times: user=0.00 sys=0.00, real=0.01 secs] 
4.973: [GC (Allocation Failure) [PSYoungGen: 689K->32K(1536K)] 7802K->7145K(9728K), 0.0008374 secs] [Times: user=0.01 sys=0.00, real=0.00 secs] 
4.974: [GC (Allocation Failure) [PSYoungGen: 32K->32K(1536K)] 7145K->7145K(9728K), 0.0007880 secs] [Times: user=0.00 sys=0.00, real=0.00 secs] 
4.975: [Full GC (Allocation Failure) [PSYoungGen: 32K->0K(1536K)] [ParOldGen: 7113K->2434K(8192K)] 7145K->2434K(9728K), [Metaspace: 3328K->3328K(1056768K)], 0.0020212 secs] [Times: user=0.00 sys=0.00, real=0.00 secs] 
4.978: [GC (Allocation Failure) [PSYoungGen: 689K->32K(1536K)] 7805K->7148K(9728K), 0.0008220 secs] [Times: user=0.01 sys=0.00, real=0.00 secs] 
4.979: [GC (Allocation Failure) [PSYoungGen: 32K->32K(1536K)] 7148K->7148K(9728K), 0.0002574 secs] [Times: user=0.00 sys=0.00, real=0.00 secs] 
4.979: [Full GC (Allocation Failure) [PSYoungGen: 32K->0K(1536K)] [ParOldGen: 7116K->2435K(8192K)] 7148K->2435K(9728K), [Metaspace: 3328K->3328K(1056768K)], 0.0025898 secs] [Times: user=0.00 sys=0.00, real=0.00 secs] 
4.982: [GC (Allocation Failure) [PSYoungGen: 689K->32K(1536K)] 7808K->7151K(9728K), 0.0008286 secs] [Times: user=0.00 sys=0.00, real=0.01 secs] 
4.983: [GC (Allocation Failure) [PSYoungGen: 32K->32K(1536K)] 7151K->7151K(9728K), 0.0002560 secs] [Times: user=0.00 sys=0.00, real=0.00 secs] 
4.983: [Full GC (Allocation Failure) [PSYoungGen: 32K->0K(1536K)] [ParOldGen: 7119K->2435K(8192K)] 7151K->2435K(9728K), [Metaspace: 3328K->3328K(1056768K)], 0.0022128 secs] [Times: user=0.01 sys=0.00, real=0.00 secs] 
4.986: [GC (Allocation Failure) [PSYoungGen: 689K->32K(1536K)] 7812K->7154K(9728K), 0.0008242 secs] [Times: user=0.00 sys=0.00, real=0.00 secs] 
4.987: [GC (Allocation Failure) [PSYoungGen: 32K->32K(1536K)] 7154K->7154K(9728K), 0.0002770 secs] [Times: user=0.00 sys=0.00, real=0.00 secs] 
4.987: [Full GC (Allocation Failure) [PSYoungGen: 32K->0K(1536K)] [ParOldGen: 7122K->2436K(8192K)] 7154K->2436K(9728K), [Metaspace: 3328K->3328K(1056768K)], 0.0021962 secs] [Times: user=0.01 sys=0.00, real=0.00 secs] 
4.990: [GC (Allocation Failure) [PSYoungGen: 690K->32K(1536K)] 7815K->7156K(9728K), 0.0003355 secs] [Times: user=0.00 sys=0.00, real=0.00 secs] 
4.990: [GC (Allocation Failure) [PSYoungGen: 32K->32K(1536K)] 7156K->7156K(9728K), 0.0002557 secs] [Times: user=0.00 sys=0.00, real=0.00 secs] 
4.990: [Full GC (Allocation Failure) [PSYoungGen: 32K->0K(1536K)] [ParOldGen: 7124K->2437K(8192K)] 7156K->2437K(9728K), [Metaspace: 3328K->3328K(1056768K)], 0.0024960 secs] [Times: user=0.00 sys=0.00, real=0.01 secs] 
4.993: [GC (Allocation Failure) [PSYoungGen: 690K->32K(1536K)] 7818K->7159K(9728K), 0.0003321 secs] [Times: user=0.01 sys=0.00, real=0.00 secs] 
4.994: [GC (Allocation Failure) [PSYoungGen: 32K->32K(1536K)] 7159K->7159K(9728K), 0.0002611 secs] [Times: user=0.00 sys=0.00, real=0.00 secs] 
4.994: [Full GC (Allocation Failure) [PSYoungGen: 32K->0K(1536K)] [ParOldGen: 7127K->2437K(8192K)] 7159K->2437K(9728K), [Metaspace: 3328K->3328K(1056768K)], 0.0032540 secs] [Times: user=0.00 sys=0.00, real=0.00 secs] 
4.998: [GC (Allocation Failure) [PSYoungGen: 690K->32K(1536K)] 7821K->7162K(9728K), 0.0008344 secs] [Times: user=0.00 sys=0.00, real=0.00 secs] 
4.999: [GC (Allocation Failure) [PSYoungGen: 32K->32K(1536K)] 7162K->7162K(9728K), 0.0002685 secs] [Times: user=0.01 sys=0.00, real=0.00 secs] 
4.999: [Full GC (Allocation Failure) [PSYoungGen: 32K->0K(1536K)] [ParOldGen: 7130K->2438K(8192K)] 7162K->2438K(9728K), [Metaspace: 3328K->3328K(1056768K)], 0.0030066 secs] [Times: user=0.00 sys=0.00, real=0.00 secs] 
5.003: [GC (Allocation Failure) [PSYoungGen: 691K->32K(1536K)] 7824K->7165K(9728K), 0.0003967 secs] [Times: user=0.00 sys=0.00, real=0.00 secs] 
5.004: [GC (Allocation Failure) [PSYoungGen: 32K->32K(1536K)] 7165K->7165K(9728K), 0.0003470 secs] [Times: user=0.00 sys=0.00, real=0.00 secs] 
5.004: [Full GC (Allocation Failure) [PSYoungGen: 32K->0K(1536K)] [ParOldGen: 7133K->2438K(8192K)] 7165K->2438K(9728K), [Metaspace: 3328K->3328K(1056768K)], 0.0025536 secs] [Times: user=0.01 sys=0.00, real=0.00 secs] 
5.007: [GC (Allocation Failure) [PSYoungGen: 691K->32K(1536K)] 7828K->7168K(9728K), 0.0008278 secs] [Times: user=0.00 sys=0.00, real=0.00 secs] 
5.008: [GC (Allocation Failure) [PSYoungGen: 32K->32K(1536K)] 7168K->7168K(9728K), 0.0006424 secs] [Times: user=0.00 sys=0.01, real=0.00 secs] 
5.009: [Full GC (Allocation Failure) [PSYoungGen: 32K->0K(1536K)] [ParOldGen: 7136K->2439K(8192K)] 7168K->2439K(9728K), [Metaspace: 3328K->3328K(1056768K)], 0.0052708 secs] [Times: user=0.01 sys=0.00, real=0.01 secs] 
5.014: [GC (Allocation Failure) [PSYoungGen: 691K->32K(1536K)] 7831K->7171K(9728K), 0.0003259 secs] [Times: user=0.00 sys=0.00, real=0.00 secs] 
5.015: [GC (Allocation Failure) [PSYoungGen: 32K->32K(1536K)] 7171K->7171K(9728K), 0.0002783 secs] [Times: user=0.00 sys=0.00, real=0.00 secs] 
5.015: [Full GC (Allocation Failure) [PSYoungGen: 32K->0K(1536K)] [ParOldGen: 7139K->2440K(8192K)] 7171K->2440K(9728K), [Metaspace: 3328K->3328K(1056768K)], 0.0025440 secs] [Times: user=0.01 sys=0.00, real=0.00 secs] 
5.018: [GC (Allocation Failure) [PSYoungGen: 692K->32K(1536K)] 7834K->7174K(9728K), 0.0003114 secs] [Times: user=0.00 sys=0.00, real=0.00 secs] 
5.018: [GC (Allocation Failure) [PSYoungGen: 32K->32K(1536K)] 7174K->7174K(9728K), 0.0002960 secs] [Times: user=0.00 sys=0.00, real=0.00 secs] 
5.019: [Full GC (Allocation Failure) [PSYoungGen: 32K->0K(1536K)] [ParOldGen: 7142K->2440K(8192K)] 7174K->2440K(9728K), [Metaspace: 3328K->3328K(1056768K)], 0.0021555 secs] [Times: user=0.01 sys=0.00, real=0.00 secs] 
5.021: [GC (Allocation Failure) [PSYoungGen: 692K->32K(1536K)] 7837K->7177K(9728K), 0.0008263 secs] [Times: user=0.00 sys=0.00, real=0.00 secs] 
5.022: [GC (Allocation Failure) [PSYoungGen: 32K->32K(1536K)] 7177K->7177K(9728K), 0.0002453 secs] [Times: user=0.00 sys=0.00, real=0.00 secs] 
5.023: [Full GC (Allocation Failure) [PSYoungGen: 32K->0K(1536K)] [ParOldGen: 7145K->2441K(8192K)] 7177K->2441K(9728K), [Metaspace: 3328K->3328K(1056768K)], 0.0025102 secs] [Times: user=0.00 sys=0.00, real=0.01 secs] 
5.026: [GC (Allocation Failure) [PSYoungGen: 692K->32K(1536K)] 7840K->7180K(9728K), 0.0003379 secs] [Times: user=0.01 sys=0.00, real=0.00 secs] 
5.026: [GC (Allocation Failure) [PSYoungGen: 32K->32K(1536K)] 7180K->7180K(9728K), 0.0002961 secs] [Times: user=0.00 sys=0.00, real=0.00 secs] 
5.026: [Full GC (Allocation Failure) [PSYoungGen: 32K->0K(1536K)] [ParOldGen: 7148K->2442K(8192K)] 7180K->2442K(9728K), [Metaspace: 3328K->3328K(1056768K)], 0.0025261 secs] [Times: user=0.00 sys=0.00, real=0.00 secs] 
5.029: [GC (Allocation Failure) [PSYoungGen: 693K->32K(1536K)] 7844K->7182K(9728K), 0.0008331 secs] [Times: user=0.00 sys=0.00, real=0.00 secs] 
5.030: [GC (Allocation Failure) [PSYoungGen: 32K->32K(1536K)] 7182K->7182K(9728K), 0.0002750 secs] [Times: user=0.00 sys=0.00, real=0.00 secs] 
5.031: [Full GC (Allocation Failure) [PSYoungGen: 32K->0K(1536K)] [ParOldGen: 7150K->2442K(8192K)] 7182K->2442K(9728K), [Metaspace: 3328K->3328K(1056768K)], 0.0025565 secs] [Times: user=0.01 sys=0.00, real=0.01 secs] 
5.034: [GC (Allocation Failure) [PSYoungGen: 693K->32K(1536K)] 7847K->7185K(9728K), 0.0008432 secs] [Times: user=0.00 sys=0.00, real=0.00 secs] 
5.034: [GC (Allocation Failure) [PSYoungGen: 32K->32K(1536K)] 7185K->7185K(9728K), 0.0002708 secs] [Times: user=0.00 sys=0.00, real=0.00 secs] 
5.035: [Full GC (Allocation Failure) [PSYoungGen: 32K->0K(1536K)] [ParOldGen: 7153K->2443K(8192K)] 7185K->2443K(9728K), [Metaspace: 3328K->3328K(1056768K)], 0.0022280 secs] [Times: user=0.01 sys=0.00, real=0.00 secs] 
5.037: [GC (Allocation Failure) [PSYoungGen: 693K->32K(1536K)] 7850K->7188K(9728K), 0.0008339 secs] [Times: user=0.00 sys=0.00, real=0.00 secs] 
5.038: [GC (Allocation Failure) [PSYoungGen: 32K->32K(1536K)] 7188K->7188K(9728K), 0.0002863 secs] [Times: user=0.00 sys=0.00, real=0.00 secs] 
5.039: [Full GC (Allocation Failure) [PSYoungGen: 32K->0K(1536K)] [ParOldGen: 7156K->2444K(8192K)] 7188K->2444K(9728K), [Metaspace: 3328K->3328K(1056768K)], 0.0025779 secs] [Times: user=0.01 sys=0.00, real=0.00 secs] 
5.042: [GC (Allocation Failure) [PSYoungGen: 694K->32K(1536K)] 7853K->7191K(9728K), 0.0008465 secs] [Times: user=0.00 sys=0.00, real=0.00 secs] 
5.043: [GC (Allocation Failure) [PSYoungGen: 32K->32K(1536K)] 7191K->7191K(9728K), 0.0007962 secs] [Times: user=0.00 sys=0.00, real=0.01 secs] 
5.043: [Full GC (Allocation Failure) [PSYoungGen: 32K->0K(1536K)] [ParOldGen: 7159K->2444K(8192K)] 7191K->2444K(9728K), [Metaspace: 3328K->3328K(1056768K)], 0.0022828 secs] [Times: user=0.01 sys=0.00, real=0.00 secs] 
5.046: [GC (Allocation Failure) [PSYoungGen: 694K->32K(1536K)] 7856K->7194K(9728K), 0.0008588 secs] [Times: user=0.00 sys=0.00, real=0.00 secs] 
5.047: [GC (Allocation Failure) [PSYoungGen: 32K->32K(1536K)] 7194K->7194K(9728K), 0.0002576 secs] [Times: user=0.00 sys=0.00, real=0.00 secs] 
5.047: [Full GC (Allocation Failure) [PSYoungGen: 32K->0K(1536K)] [ParOldGen: 7162K->2445K(8192K)] 7194K->2445K(9728K), [Metaspace: 3328K->3328K(1056768K)], 0.0021578 secs] [Times: user=0.00 sys=0.00, real=0.00 secs] 
5.050: [GC (Allocation Failure) [PSYoungGen: 694K->32K(1536K)] 7860K->7197K(9728K), 0.0008536 secs] [Times: user=0.01 sys=0.00, real=0.00 secs] 
5.051: [GC (Allocation Failure) [PSYoungGen: 32K->32K(1536K)] 7197K->7197K(9728K), 0.0002571 secs] [Times: user=0.00 sys=0.00, real=0.00 secs] 
5.051: [Full GC (Allocation Failure) [PSYoungGen: 32K->0K(1536K)] [ParOldGen: 7165K->2446K(8192K)] 7197K->2446K(9728K), [Metaspace: 3328K->3328K(1056768K)], 0.0021996 secs] [Times: user=0.00 sys=0.00, real=0.01 secs] 
5.054: [GC (Allocation Failure) [PSYoungGen: 695K->32K(1536K)] 7863K->7200K(9728K), 0.0008427 secs] [Times: user=0.00 sys=0.00, real=0.00 secs] 
5.055: [GC (Allocation Failure) [PSYoungGen: 32K->32K(1536K)] 7200K->7200K(9728K), 0.0002526 secs] [Times: user=0.00 sys=0.00, real=0.00 secs] 
5.055: [Full GC (Allocation Failure) [PSYoungGen: 32K->0K(1536K)] [ParOldGen: 7168K->2446K(8192K)] 7200K->2446K(9728K), [Metaspace: 3328K->3328K(1056768K)], 0.0021478 secs] [Times: user=0.01 sys=0.00, real=0.00 secs] 
5.058: [GC (Allocation Failure) [PSYoungGen: 695K->32K(1536K)] 7866K->7203K(9728K), 0.0008800 secs] [Times: user=0.00 sys=0.00, real=0.00 secs] 
5.059: [GC (Allocation Failure) [PSYoungGen: 32K->32K(1536K)] 7203K->7203K(9728K), 0.0003700 secs] [Times: user=0.00 sys=0.00, real=0.00 secs] 
5.059: [Full GC (Allocation Failure) [PSYoungGen: 32K->0K(1536K)] [ParOldGen: 7171K->2447K(8192K)] 7203K->2447K(9728K), [Metaspace: 3328K->3328K(1056768K)], 0.0025777 secs] [Times: user=0.01 sys=0.00, real=0.00 secs] 
5.062: [GC (Allocation Failure) [PSYoungGen: 695K->32K(1536K)] 7869K->7206K(9728K), 0.0008429 secs] [Times: user=0.00 sys=0.00, real=0.01 secs] 
5.063: [GC (Allocation Failure) [PSYoungGen: 32K->32K(1536K)] 7206K->7206K(9728K), 0.0002886 secs] [Times: user=0.00 sys=0.00, real=0.00 secs] 
5.063: [Full GC (Allocation Failure) [PSYoungGen: 32K->0K(1536K)] [ParOldGen: 7174K->2447K(8192K)] 7206K->2447K(9728K), [Metaspace: 3328K->3328K(1056768K)], 0.0021709 secs] [Times: user=0.01 sys=0.00, real=0.00 secs] 
5.066: [GC (Allocation Failure) [PSYoungGen: 696K->32K(1536K)] 7872K->7208K(9728K), 0.0003209 secs] [Times: user=0.00 sys=0.00, real=0.00 secs] 
5.066: [GC (Allocation Failure) [PSYoungGen: 32K->32K(1536K)] 7208K->7208K(9728K), 0.0007847 secs] [Times: user=0.00 sys=0.00, real=0.00 secs] 
5.067: [Full GC (Allocation Failure) [PSYoungGen: 32K->0K(1536K)] [ParOldGen: 7176K->2448K(8192K)] 7208K->2448K(9728K), [Metaspace: 3328K->3328K(1056768K)], 0.0020537 secs] [Times: user=0.00 sys=0.00, real=0.00 secs] 
5.070: [GC (Allocation Failure) [PSYoungGen: 696K->32K(1536K)] 7876K->7211K(9728K), 0.0008397 secs] [Times: user=0.01 sys=0.00, real=0.00 secs] 
5.071: [GC (Allocation Failure) [PSYoungGen: 32K->32K(1536K)] 7211K->7211K(9728K), 0.0007833 secs] [Times: user=0.00 sys=0.00, real=0.00 secs] 
5.071: [Full GC (Allocation Failure) [PSYoungGen: 32K->0K(1536K)] [ParOldGen: 7179K->2449K(8192K)] 7211K->2449K(9728K), [Metaspace: 3328K->3328K(1056768K)], 0.0024318 secs] [Times: user=0.00 sys=0.00, real=0.01 secs] 
5.074: [GC (Allocation Failure) [PSYoungGen: 696K->32K(1536K)] 7879K->7214K(9728K), 0.0009027 secs] [Times: user=0.01 sys=0.00, real=0.00 secs] 
5.075: [GC (Allocation Failure) [PSYoungGen: 32K->32K(1536K)] 7214K->7214K(9728K), 0.0007896 secs] [Times: user=0.00 sys=0.00, real=0.00 secs] 
5.076: [Full GC (Allocation Failure) [PSYoungGen: 32K->0K(1536K)] [ParOldGen: 7182K->2449K(8192K)] 7214K->2449K(9728K), [Metaspace: 3328K->3328K(1056768K)], 0.0020356 secs] [Times: user=0.00 sys=0.00, real=0.00 secs] 
5.079: [GC (Allocation Failure) [PSYoungGen: 697K->32K(1536K)] 7882K->7217K(9728K), 0.0008335 secs] [Times: user=0.00 sys=0.00, real=0.00 secs] 
5.080: [GC (Allocation Failure) [PSYoungGen: 32K->32K(1536K)] 7217K->7217K(9728K), 0.0002402 secs] [Times: user=0.01 sys=0.00, real=0.00 secs] 
5.080: [Full GC (Allocation Failure) [PSYoungGen: 32K->0K(1536K)] [ParOldGen: 7185K->2450K(8192K)] 7217K->2450K(9728K), [Metaspace: 3328K->3328K(1056768K)], 0.0025567 secs] [Times: user=0.00 sys=0.00, real=0.00 secs] 
5.083: [GC (Allocation Failure) [PSYoungGen: 697K->32K(1536K)] 7885K->7220K(9728K), 0.0008348 secs] [Times: user=0.00 sys=0.00, real=0.00 secs] 
5.084: [GC (Allocation Failure) [PSYoungGen: 32K->32K(1536K)] 7220K->7220K(9728K), 0.0002475 secs] [Times: user=0.00 sys=0.00, real=0.00 secs] 
5.084: [Full GC (Allocation Failure) [PSYoungGen: 32K->0K(1536K)] [ParOldGen: 7188K->2451K(8192K)] 7220K->2451K(9728K), [Metaspace: 3328K->3328K(1056768K)], 0.0021248 secs] [Times: user=0.01 sys=0.00, real=0.00 secs] 
5.087: [GC (Allocation Failure) [PSYoungGen: 697K->32K(1536K)] 7888K->7223K(9728K), 0.0008497 secs] [Times: user=0.00 sys=0.00, real=0.00 secs] 
5.087: [GC (Allocation Failure) [PSYoungGen: 32K->32K(1536K)] 7223K->7223K(9728K), 0.0002398 secs] [Times: user=0.00 sys=0.00, real=0.00 secs] 
5.088: [Full GC (Allocation Failure) [PSYoungGen: 32K->0K(1536K)] [ParOldGen: 7191K->2451K(8192K)] 7223K->2451K(9728K), [Metaspace: 3328K->3328K(1056768K)], 0.0020070 secs] [Times: user=0.01 sys=0.00, real=0.00 secs] 
5.090: [GC (Allocation Failure) [PSYoungGen: 697K->32K(1536K)] 7892K->7226K(9728K), 0.0008282 secs] [Times: user=0.00 sys=0.00, real=0.00 secs] 
5.091: [GC (Allocation Failure) [PSYoungGen: 32K->32K(1536K)] 7226K->7226K(9728K), 0.0004693 secs] [Times: user=0.00 sys=0.00, real=0.00 secs] 
5.092: [Full GC (Allocation Failure) [PSYoungGen: 32K->0K(1536K)] [ParOldGen: 7194K->2452K(8192K)] 7226K->2452K(9728K), [Metaspace: 3328K->3328K(1056768K)], 0.0023486 secs] [Times: user=0.00 sys=0.00, real=0.01 secs] 
5.094: [GC (Allocation Failure) [PSYoungGen: 698K->32K(1536K)] 7895K->7229K(9728K), 0.0008396 secs] [Times: user=0.00 sys=0.00, real=0.00 secs] 
5.095: [GC (Allocation Failure) [PSYoungGen: 32K->32K(1536K)] 7229K->7229K(9728K), 0.0002785 secs] [Times: user=0.00 sys=0.01, real=0.00 secs] 
5.096: [Full GC (Allocation Failure) [PSYoungGen: 32K->0K(1536K)] [ParOldGen: 7197K->2453K(8192K)] 7229K->2453K(9728K), [Metaspace: 3328K->3328K(1056768K)], 0.0022246 secs] [Times: user=0.00 sys=0.00, real=0.00 secs] 
5.098: [GC (Allocation Failure) [PSYoungGen: 698K->32K(1536K)] 7898K->7231K(9728K), 0.0009263 secs] [Times: user=0.00 sys=0.00, real=0.00 secs] 
5.099: [GC (Allocation Failure) [PSYoungGen: 32K->32K(1536K)] 7231K->7231K(9728K), 0.0002950 secs] [Times: user=0.00 sys=0.00, real=0.00 secs] 
5.100: [Full GC (Allocation Failure) [PSYoungGen: 32K->0K(1536K)] [ParOldGen: 7199K->2453K(8192K)] 7231K->2453K(9728K), [Metaspace: 3328K->3328K(1056768K)], 0.0025137 secs] [Times: user=0.00 sys=0.00, real=0.00 secs] 
5.103: [GC (Allocation Failure) [PSYoungGen: 698K->32K(1536K)] 7901K->7234K(9728K), 0.0008352 secs] [Times: user=0.00 sys=0.00, real=0.01 secs] 
5.104: [GC (Allocation Failure) [PSYoungGen: 32K->32K(1536K)] 7234K->7234K(9728K), 0.0002542 secs] [Times: user=0.00 sys=0.00, real=0.00 secs] 
5.104: [Full GC (Allocation Failure) [PSYoungGen: 32K->0K(1536K)] [ParOldGen: 7202K->2454K(8192K)] 7234K->2454K(9728K), [Metaspace: 3328K->3328K(1056768K)], 0.0025243 secs] [Times: user=0.01 sys=0.00, real=0.00 secs] 
5.107: [GC (Allocation Failure) [PSYoungGen: 699K->32K(1536K)] 7904K->7237K(9728K), 0.0008774 secs] [Times: user=0.00 sys=0.00, real=0.00 secs] 
5.108: [GC (Allocation Failure) [PSYoungGen: 32K->32K(1536K)] 7237K->7237K(9728K), 0.0008018 secs] [Times: user=0.00 sys=0.00, real=0.00 secs] 
5.109: [Full GC (Allocation Failure) [PSYoungGen: 32K->0K(1536K)] [ParOldGen: 7205K->2454K(8192K)] 7237K->2454K(9728K), [Metaspace: 3328K->3328K(1056768K)], 0.0025890 secs] [Times: user=0.01 sys=0.00, real=0.00 secs] 
5.112: [GC (Allocation Failure) [PSYoungGen: 699K->32K(1536K)] 7908K->7240K(9728K), 0.0008345 secs] [Times: user=0.00 sys=0.00, real=0.00 secs] 
5.113: [GC (Allocation Failure) [PSYoungGen: 32K->32K(1536K)] 7240K->7240K(9728K), 0.0002861 secs] [Times: user=0.00 sys=0.00, real=0.01 secs] 
5.113: [Full GC (Allocation Failure) [PSYoungGen: 32K->0K(1536K)] [ParOldGen: 7208K->2455K(8192K)] 7240K->2455K(9728K), [Metaspace: 3328K->3328K(1056768K)], 0.0025933 secs] [Times: user=0.01 sys=0.00, real=0.00 secs] 
5.116: [GC (Allocation Failure) [PSYoungGen: 699K->32K(1536K)] 7911K->7243K(9728K), 0.0008297 secs] [Times: user=0.00 sys=0.00, real=0.00 secs] 
5.117: [GC (Allocation Failure) [PSYoungGen: 32K->32K(1536K)] 7243K->7243K(9728K), 0.0002832 secs] [Times: user=0.00 sys=0.00, real=0.00 secs] 
5.117: [Full GC (Allocation Failure) [PSYoungGen: 32K->0K(1536K)] [ParOldGen: 7211K->2456K(8192K)] 7243K->2456K(9728K), [Metaspace: 3328K->3328K(1056768K)], 0.0025488 secs] [Times: user=0.01 sys=0.00, real=0.00 secs] 
5.120: [GC (Allocation Failure) [PSYoungGen: 700K->32K(1536K)] 7914K->7246K(9728K), 0.0008339 secs] [Times: user=0.00 sys=0.00, real=0.00 secs] 
5.121: [GC (Allocation Failure) [PSYoungGen: 32K->32K(1536K)] 7246K->7246K(9728K), 0.0002738 secs] [Times: user=0.00 sys=0.00, real=0.00 secs] 
5.121: [Full GC (Allocation Failure) [PSYoungGen: 32K->0K(1536K)] [ParOldGen: 7214K->2456K(8192K)] 7246K->2456K(9728K), [Metaspace: 3328K->3328K(1056768K)], 0.0025215 secs] [Times: user=0.01 sys=0.00, real=0.01 secs] 
5.124: [GC (Allocation Failure) [PSYoungGen: 700K->32K(1536K)] 7917K->7249K(9728K), 0.0008404 secs] [Times: user=0.00 sys=0.00, real=0.00 secs] 
5.125: [GC (Allocation Failure) [PSYoungGen: 32K->32K(1536K)] 7249K->7249K(9728K), 0.0007784 secs] [Times: user=0.00 sys=0.00, real=0.00 secs] 
5.126: [Full GC (Allocation Failure) [PSYoungGen: 32K->0K(1536K)] [ParOldGen: 7217K->2457K(8192K)] 7249K->2457K(9728K), [Metaspace: 3328K->3328K(1056768K)], 0.0025113 secs] [Times: user=0.01 sys=0.00, real=0.00 secs] 
5.129: [GC (Allocation Failure) [PSYoungGen: 700K->32K(1536K)] 7920K->7252K(9728K), 0.0003378 secs] [Times: user=0.00 sys=0.00, real=0.00 secs] 
5.129: [GC (Allocation Failure) [PSYoungGen: 32K->32K(1536K)] 7252K->7252K(9728K), 0.0002684 secs] [Times: user=0.00 sys=0.00, real=0.00 secs] 
5.130: [Full GC (Allocation Failure) [PSYoungGen: 32K->0K(1536K)] [ParOldGen: 7220K->2458K(8192K)] 7252K->2458K(9728K), [Metaspace: 3328K->3328K(1056768K)], 0.0021806 secs] [Times: user=0.00 sys=0.00, real=0.00 secs] 
5.132: [GC (Allocation Failure) [PSYoungGen: 701K->32K(1536K)] 7924K->7255K(9728K), 0.0008363 secs] [Times: user=0.00 sys=0.00, real=0.01 secs] 
5.133: [GC (Allocation Failure) [PSYoungGen: 32K->32K(1536K)] 7255K->7255K(9728K), 0.0002746 secs] [Times: user=0.01 sys=0.00, real=0.00 secs] 
5.134: [Full GC (Allocation Failure) [PSYoungGen: 32K->0K(1536K)] [ParOldGen: 7223K->2458K(8192K)] 7255K->2458K(9728K), [Metaspace: 3328K->3328K(1056768K)], 0.0025765 secs] [Times: user=0.00 sys=0.00, real=0.00 secs] 
5.137: [GC (Allocation Failure) [PSYoungGen: 701K->32K(1536K)] 7927K->7257K(9728K), 0.0008346 secs] [Times: user=0.00 sys=0.00, real=0.00 secs] 
5.138: [GC (Allocation Failure) [PSYoungGen: 32K->32K(1536K)] 7257K->7257K(9728K), 0.0002571 secs] [Times: user=0.00 sys=0.00, real=0.00 secs] 
5.138: [Full GC (Allocation Failure) [PSYoungGen: 32K->0K(1536K)] [ParOldGen: 7225K->2459K(8192K)] 7257K->2459K(9728K), [Metaspace: 3328K->3328K(1056768K)], 0.0020925 secs] [Times: user=0.01 sys=0.00, real=0.00 secs] 
5.140: [GC (Allocation Failure) [PSYoungGen: 701K->32K(1536K)] 7930K->7260K(9728K), 0.0008331 secs] [Times: user=0.00 sys=0.00, real=0.00 secs] 
5.141: [GC (Allocation Failure) [PSYoungGen: 32K->32K(1536K)] 7260K->7260K(9728K), 0.0002439 secs] [Times: user=0.00 sys=0.00, real=0.00 secs] 
5.142: [Full GC (Allocation Failure) [PSYoungGen: 32K->0K(1536K)] [ParOldGen: 7228K->2460K(8192K)] 7260K->2460K(9728K), [Metaspace: 3328K->3328K(1056768K)], 0.0025600 secs] [Times: user=0.01 sys=0.00, real=0.01 secs] 
5.145: [GC (Allocation Failure) [PSYoungGen: 702K->32K(1536K)] 7933K->7263K(9728K), 0.0003177 secs] [Times: user=0.00 sys=0.00, real=0.00 secs] 
5.145: [GC (Allocation Failure) [PSYoungGen: 32K->32K(1536K)] 7263K->7263K(9728K), 0.0002432 secs] [Times: user=0.00 sys=0.00, real=0.00 secs] 
5.145: [Full GC (Allocation Failure) [PSYoungGen: 32K->0K(1536K)] [ParOldGen: 7231K->2460K(8192K)] 7263K->2460K(9728K), [Metaspace: 3328K->3328K(1056768K)], 0.0025673 secs] [Times: user=0.00 sys=0.00, real=0.00 secs] 
5.148: [GC (Allocation Failure) [PSYoungGen: 702K->32K(1536K)] 7936K->7266K(9728K), 0.0008196 secs] [Times: user=0.00 sys=0.00, real=0.00 secs] 
5.149: [GC (Allocation Failure) [PSYoungGen: 32K->32K(1536K)] 7266K->7266K(9728K), 0.0002496 secs] [Times: user=0.00 sys=0.00, real=0.00 secs] 
5.149: [Full GC (Allocation Failure) [PSYoungGen: 32K->0K(1536K)] [ParOldGen: 7234K->2461K(8192K)] 7266K->2461K(9728K), [Metaspace: 3328K->3328K(1056768K)], 0.0020929 secs] [Times: user=0.00 sys=0.00, real=0.00 secs] 
5.152: [GC (Allocation Failure) [PSYoungGen: 702K->32K(1536K)] 7940K->7269K(9728K), 0.0008243 secs] [Times: user=0.00 sys=0.00, real=0.01 secs] 
5.153: [GC (Allocation Failure) [PSYoungGen: 32K->32K(1536K)] 7269K->7269K(9728K), 0.0007904 secs] [Times: user=0.01 sys=0.00, real=0.00 secs] 
5.154: [Full GC (Allocation Failure) [PSYoungGen: 32K->0K(1536K)] [ParOldGen: 7237K->2462K(8192K)] 7269K->2462K(9728K), [Metaspace: 3328K->3328K(1056768K)], 0.0021671 secs] [Times: user=0.00 sys=0.00, real=0.00 secs] 
5.157: [GC (Allocation Failure) [PSYoungGen: 703K->32K(1536K)] 7943K->7272K(9728K), 0.0009653 secs] [Times: user=0.00 sys=0.00, real=0.00 secs] 
5.158: [GC (Allocation Failure) [PSYoungGen: 32K->32K(1536K)] 7272K->7272K(9728K), 0.0007824 secs] [Times: user=0.01 sys=0.00, real=0.00 secs] 
5.159: [Full GC (Allocation Failure) [PSYoungGen: 32K->0K(1536K)] [ParOldGen: 7240K->2462K(8192K)] 7272K->2462K(9728K), [Metaspace: 3328K->3328K(1056768K)], 0.0029685 secs] [Times: user=0.00 sys=0.00, real=0.00 secs] 
5.162: [GC (Allocation Failure) [PSYoungGen: 703K->32K(1536K)] 7946K->7275K(9728K), 0.0005233 secs] [Times: user=0.00 sys=0.00, real=0.00 secs] 
5.163: [GC (Allocation Failure) [PSYoungGen: 32K->32K(1536K)] 7275K->7275K(9728K), 0.0009746 secs] [Times: user=0.01 sys=0.00, real=0.01 secs] 
5.164: [Full GC (Allocation Failure) [PSYoungGen: 32K->0K(1536K)] [ParOldGen: 7243K->2463K(8192K)] 7275K->2463K(9728K), [Metaspace: 3328K->3328K(1056768K)], 0.0023169 secs] [Times: user=0.00 sys=0.00, real=0.00 secs] 
5.166: [GC (Allocation Failure) [PSYoungGen: 703K->32K(1536K)] 7949K->7278K(9728K), 0.0008436 secs] [Times: user=0.00 sys=0.00, real=0.00 secs] 
5.167: [GC (Allocation Failure) [PSYoungGen: 32K->32K(1536K)] 7278K->7278K(9728K), 0.0003029 secs] [Times: user=0.00 sys=0.00, real=0.00 secs] 
5.168: [Full GC (Allocation Failure) [PSYoungGen: 32K->0K(1536K)] [ParOldGen: 7246K->2463K(8192K)] 7278K->2463K(9728K), [Metaspace: 3328K->3328K(1056768K)], 0.0025266 secs] [Times: user=0.01 sys=0.00, real=0.00 secs] 
5.171: [GC (Allocation Failure) [PSYoungGen: 704K->32K(1536K)] 7953K->7280K(9728K), 0.0003113 secs] [Times: user=0.00 sys=0.00, real=0.00 secs] 
5.171: [GC (Allocation Failure) [PSYoungGen: 32K->32K(1536K)] 7280K->7280K(9728K), 0.0002438 secs] [Times: user=0.00 sys=0.00, real=0.00 secs] 
5.171: [Full GC (Allocation Failure) [PSYoungGen: 32K->0K(1536K)] [ParOldGen: 7248K->2464K(8192K)] 7280K->2464K(9728K), [Metaspace: 3328K->3328K(1056768K)], 0.0022892 secs] [Times: user=0.01 sys=0.00, real=0.01 secs] 
5.174: [GC (Allocation Failure) [PSYoungGen: 704K->32K(1536K)] 7956K->7283K(9728K), 0.0008390 secs] [Times: user=0.00 sys=0.00, real=0.00 secs] 
5.175: [GC (Allocation Failure) [PSYoungGen: 32K->32K(1536K)] 7283K->7283K(9728K), 0.0007782 secs] [Times: user=0.00 sys=0.00, real=0.00 secs] 
5.176: [Full GC (Allocation Failure) [PSYoungGen: 32K->0K(1536K)] [ParOldGen: 7251K->2465K(8192K)] 7283K->2465K(9728K), [Metaspace: 3328K->3328K(1056768K)], 0.0040178 secs] [Times: user=0.01 sys=0.00, real=0.00 secs] 
5.181: [GC (Allocation Failure) [PSYoungGen: 704K->32K(1536K)] 7959K->7286K(9728K), 0.0006497 secs] [Times: user=0.00 sys=0.00, real=0.00 secs] 
5.182: [GC (Allocation Failure) [PSYoungGen: 32K->32K(1536K)] 7286K->7286K(9728K), 0.0003790 secs] [Times: user=0.00 sys=0.00, real=0.00 secs] 
5.182: [Full GC (Allocation Failure) [PSYoungGen: 32K->0K(1536K)] [ParOldGen: 7254K->2465K(8192K)] 7286K->2465K(9728K), [Metaspace: 3328K->3328K(1056768K)], 0.0062008 secs] [Times: user=0.01 sys=0.00, real=0.01 secs] 
5.189: [GC (Allocation Failure) [PSYoungGen: 705K->32K(1536K)] 7962K->7289K(9728K), 0.0008403 secs] [Times: user=0.00 sys=0.00, real=0.00 secs] 
5.190: [GC (Allocation Failure) [PSYoungGen: 32K->32K(1536K)] 7289K->7289K(9728K), 0.0006356 secs] [Times: user=0.00 sys=0.00, real=0.00 secs] 
5.191: [Full GC (Allocation Failure) [PSYoungGen: 32K->0K(1536K)] [ParOldGen: 7257K->2466K(8192K)] 7289K->2466K(9728K), [Metaspace: 3328K->3328K(1056768K)], 0.0025989 secs] [Times: user=0.01 sys=0.00, real=0.01 secs] 
5.194: [GC (Allocation Failure) [PSYoungGen: 705K->32K(1536K)] 7965K->7292K(9728K), 0.0008324 secs] [Times: user=0.00 sys=0.00, real=0.00 secs] 
5.195: [GC (Allocation Failure) [PSYoungGen: 32K->32K(1536K)] 7292K->7292K(9728K), 0.0002811 secs] [Times: user=0.00 sys=0.00, real=0.00 secs] 
5.195: [Full GC (Allocation Failure) [PSYoungGen: 32K->0K(1536K)] [ParOldGen: 7260K->2467K(8192K)] 7292K->2467K(9728K), [Metaspace: 3328K->3328K(1056768K)], 0.0021634 secs] [Times: user=0.01 sys=0.00, real=0.00 secs] 
5.198: [GC (Allocation Failure) [PSYoungGen: 705K->32K(1536K)] 7969K->7295K(9728K), 0.0008536 secs] [Times: user=0.00 sys=0.00, real=0.00 secs] 
5.199: [GC (Allocation Failure) [PSYoungGen: 32K->32K(1536K)] 7295K->7295K(9728K), 0.0002720 secs] [Times: user=0.00 sys=0.00, real=0.00 secs] 
5.199: [Full GC (Allocation Failure) [PSYoungGen: 32K->0K(1536K)] [ParOldGen: 7263K->2467K(8192K)] 7295K->2467K(9728K), [Metaspace: 3328K->3328K(1056768K)], 0.0025784 secs] [Times: user=0.00 sys=0.00, real=0.00 secs] 
5.202: [GC (Allocation Failure) [PSYoungGen: 705K->32K(1536K)] 7972K->7298K(9728K), 0.0003110 secs] [Times: user=0.01 sys=0.00, real=0.00 secs] 
5.202: [GC (Allocation Failure) [PSYoungGen: 32K->32K(1536K)] 7298K->7298K(9728K), 0.0002763 secs] [Times: user=0.00 sys=0.00, real=0.00 secs] 
5.203: [Full GC (Allocation Failure) [PSYoungGen: 32K->0K(1536K)] [ParOldGen: 7266K->2468K(8192K)] 7298K->2468K(9728K), [Metaspace: 3328K->3328K(1056768K)], 0.0020932 secs] [Times: user=0.00 sys=0.00, real=0.01 secs] 
5.205: [GC (Allocation Failure) [PSYoungGen: 706K->32K(1536K)] 7975K->7301K(9728K), 0.0008380 secs] [Times: user=0.00 sys=0.00, real=0.00 secs] 
5.206: [GC (Allocation Failure) [PSYoungGen: 32K->32K(1536K)] 7301K->7301K(9728K), 0.0002674 secs] [Times: user=0.00 sys=0.00, real=0.00 secs] 
5.206: [Full GC (Allocation Failure) [PSYoungGen: 32K->0K(1536K)] [ParOldGen: 7269K->2469K(8192K)] 7301K->2469K(9728K), [Metaspace: 3328K->3328K(1056768K)], 0.0023001 secs] [Times: user=0.01 sys=0.00, real=0.00 secs] 
5.209: [GC (Allocation Failure) [PSYoungGen: 706K->32K(1536K)] 7978K->7304K(9728K), 0.0008621 secs] [Times: user=0.00 sys=0.00, real=0.00 secs] 
5.210: [GC (Allocation Failure) [PSYoungGen: 32K->32K(1536K)] 7304K->7304K(9728K), 0.0002859 secs] [Times: user=0.00 sys=0.00, real=0.00 secs] 
5.210: [Full GC (Allocation Failure) [PSYoungGen: 32K->0K(1536K)] [ParOldGen: 7272K->2469K(8192K)] 7304K->2469K(9728K), [Metaspace: 3328K->3328K(1056768K)], 0.0025199 secs] [Times: user=0.01 sys=0.00, real=0.01 secs] 
5.213: [GC (Allocation Failure) [PSYoungGen: 706K->32K(1536K)] 7981K->7306K(9728K), 0.0008260 secs] [Times: user=0.00 sys=0.00, real=0.00 secs] 
5.214: [GC (Allocation Failure) [PSYoungGen: 32K->32K(1536K)] 7306K->7306K(9728K), 0.0002729 secs] [Times: user=0.00 sys=0.00, real=0.00 secs] 
5.215: [Full GC (Allocation Failure) [PSYoungGen: 32K->0K(1536K)] [ParOldGen: 7274K->2470K(8192K)] 7306K->2470K(9728K), [Metaspace: 3328K->3328K(1056768K)], 0.0021297 secs] [Times: user=0.00 sys=0.00, real=0.00 secs] 
5.217: [GC (Allocation Failure) [PSYoungGen: 707K->32K(1536K)] 7985K->7309K(9728K), 0.0008242 secs] [Times: user=0.01 sys=0.00, real=0.00 secs] 
5.218: [GC (Allocation Failure) [PSYoungGen: 32K->32K(1536K)] 7309K->7309K(9728K), 0.0002620 secs] [Times: user=0.00 sys=0.00, real=0.00 secs] 
5.218: [Full GC (Allocation Failure) [PSYoungGen: 32K->0K(1536K)] [ParOldGen: 7277K->2470K(8192K)] 7309K->2470K(9728K), [Metaspace: 3328K->3328K(1056768K)], 0.0025301 secs] [Times: user=0.00 sys=0.00, real=0.00 secs] 
5.221: [GC (Allocation Failure) [PSYoungGen: 707K->32K(1536K)] 7988K->7312K(9728K), 0.0008427 secs] [Times: user=0.01 sys=0.00, real=0.00 secs] 
5.222: [GC (Allocation Failure) [PSYoungGen: 32K->32K(1536K)] 7312K->7312K(9728K), 0.0002931 secs] [Times: user=0.00 sys=0.00, real=0.00 secs] 
5.223: [Full GC (Allocation Failure) [PSYoungGen: 32K->0K(1536K)] [ParOldGen: 7280K->2471K(8192K)] 7312K->2471K(9728K), [Metaspace: 3328K->3328K(1056768K)], 0.0020859 secs] [Times: user=0.00 sys=0.00, real=0.01 secs] 
5.225: [GC (Allocation Failure) [PSYoungGen: 707K->32K(1536K)] 7991K->7315K(9728K), 0.0008363 secs] [Times: user=0.00 sys=0.00, real=0.00 secs] 
5.226: [GC (Allocation Failure) [PSYoungGen: 32K->32K(1536K)] 7315K->7315K(9728K), 0.0002717 secs] [Times: user=0.00 sys=0.00, real=0.00 secs] 
5.226: [Full GC (Allocation Failure) [PSYoungGen: 32K->0K(1536K)] [ParOldGen: 7283K->2472K(8192K)] 7315K->2472K(9728K), [Metaspace: 3328K->3328K(1056768K)], 0.0021943 secs] [Times: user=0.01 sys=0.00, real=0.00 secs] 
5.229: [GC (Allocation Failure) [PSYoungGen: 708K->32K(1536K)] 7994K->7318K(9728K), 0.0008455 secs] [Times: user=0.00 sys=0.00, real=0.00 secs] 
5.230: [GC (Allocation Failure) [PSYoungGen: 32K->32K(1536K)] 7318K->7318K(9728K), 0.0008085 secs] [Times: user=0.00 sys=0.00, real=0.00 secs] 
5.231: [Full GC (Allocation Failure) [PSYoungGen: 32K->0K(1536K)] [ParOldGen: 7286K->2472K(8192K)] 7318K->2472K(9728K), [Metaspace: 3328K->3328K(1056768K)], 0.0025387 secs] [Times: user=0.01 sys=0.00, real=0.01 secs] 
5.234: [GC (Allocation Failure) [PSYoungGen: 708K->32K(1536K)] 7997K->7321K(9728K), 0.0008454 secs] [Times: user=0.00 sys=0.00, real=0.00 secs] 
5.235: [GC (Allocation Failure) [PSYoungGen: 32K->32K(1536K)] 7321K->7321K(9728K), 0.0002723 secs] [Times: user=0.00 sys=0.00, real=0.00 secs] 
5.235: [Full GC (Allocation Failure) [PSYoungGen: 32K->0K(1536K)] [ParOldGen: 7289K->2473K(8192K)] 7321K->2473K(9728K), [Metaspace: 3328K->3328K(1056768K)], 0.0022098 secs] [Times: user=0.01 sys=0.00, real=0.00 secs] 
5.238: [GC (Allocation Failure) [PSYoungGen: 708K->32K(1536K)] 8001K->7324K(9728K), 0.0008344 secs] [Times: user=0.00 sys=0.00, real=0.00 secs] 
5.239: [GC (Allocation Failure) [PSYoungGen: 32K->32K(1536K)] 7324K->7324K(9728K), 0.0002974 secs] [Times: user=0.00 sys=0.00, real=0.00 secs] 
5.239: [Full GC (Allocation Failure) [PSYoungGen: 32K->0K(1536K)] [ParOldGen: 7292K->2474K(8192K)] 7324K->2474K(9728K), [Metaspace: 3328K->3328K(1056768K)], 0.0025783 secs] [Times: user=0.01 sys=0.00, real=0.00 secs] 
5.242: [GC (Allocation Failure) [PSYoungGen: 709K->32K(1536K)] 8004K->7327K(9728K), 0.0008482 secs] [Times: user=0.00 sys=0.00, real=0.01 secs] 
5.243: [GC (Allocation Failure) [PSYoungGen: 32K->32K(1536K)] 7327K->7327K(9728K), 0.0002788 secs] [Times: user=0.00 sys=0.00, real=0.00 secs] 
5.243: [Full GC (Allocation Failure) [PSYoungGen: 32K->0K(1536K)] [ParOldGen: 7295K->2474K(8192K)] 7327K->2474K(9728K), [Metaspace: 3328K->3328K(1056768K)], 0.0025095 secs] [Times: user=0.00 sys=0.00, real=0.00 secs] 
5.246: [GC (Allocation Failure) [PSYoungGen: 709K->32K(1536K)] 8007K->7329K(9728K), 0.0008419 secs] [Times: user=0.01 sys=0.00, real=0.00 secs] 
5.247: [GC (Allocation Failure) [PSYoungGen: 32K->32K(1536K)] 7329K->7329K(9728K), 0.0002761 secs] [Times: user=0.00 sys=0.00, real=0.00 secs] 
5.247: [Full GC (Allocation Failure) [PSYoungGen: 32K->0K(1536K)] [ParOldGen: 7297K->2475K(8192K)] 7329K->2475K(9728K), [Metaspace: 3328K->3328K(1056768K)], 0.0025975 secs] [Times: user=0.00 sys=0.00, real=0.00 secs] 
5.250: [GC (Allocation Failure) [PSYoungGen: 709K->32K(1536K)] 8010K->7332K(9728K), 0.0008411 secs] [Times: user=0.00 sys=0.00, real=0.00 secs] 
5.251: [GC (Allocation Failure) [PSYoungGen: 32K->32K(1536K)] 7332K->7332K(9728K), 0.0003034 secs] [Times: user=0.00 sys=0.00, real=0.00 secs] 
5.252: [Full GC (Allocation Failure) [PSYoungGen: 32K->0K(1536K)] [ParOldGen: 7300K->2476K(8192K)] 7332K->2476K(9728K), [Metaspace: 3328K->3328K(1056768K)], 0.0022097 secs] [Times: user=0.00 sys=0.00, real=0.01 secs] 
5.254: [GC (Allocation Failure) [PSYoungGen: 710K->32K(1536K)] 8013K->7335K(9728K), 0.0008442 secs] [Times: user=0.00 sys=0.00, real=0.00 secs] 
5.255: [GC (Allocation Failure) [PSYoungGen: 32K->32K(1536K)] 7335K->7335K(9728K), 0.0006208 secs] [Times: user=0.00 sys=0.00, real=0.00 secs] 
5.256: [Full GC (Allocation Failure) [PSYoungGen: 32K->0K(1536K)] [ParOldGen: 7303K->2476K(8192K)] 7335K->2476K(9728K), [Metaspace: 3328K->3328K(1056768K)], 0.0020534 secs] [Times: user=0.01 sys=0.00, real=0.00 secs] 
5.258: [GC (Allocation Failure) [PSYoungGen: 710K->32K(1536K)] 8017K->7338K(9728K), 0.0008646 secs] [Times: user=0.00 sys=0.00, real=0.00 secs] 
5.259: [GC (Allocation Failure) [PSYoungGen: 32K->32K(1536K)] 7338K->7338K(9728K), 0.0002826 secs] [Times: user=0.00 sys=0.00, real=0.00 secs] 
5.260: [Full GC (Allocation Failure) [PSYoungGen: 32K->0K(1536K)] [ParOldGen: 7306K->2477K(8192K)] 7338K->2477K(9728K), [Metaspace: 3328K->3328K(1056768K)], 0.0023790 secs] [Times: user=0.01 sys=0.00, real=0.00 secs] 
5.262: [GC (Allocation Failure) [PSYoungGen: 710K->32K(1536K)] 8020K->7341K(9728K), 0.0008323 secs] [Times: user=0.00 sys=0.00, real=0.01 secs] 
5.263: [GC (Allocation Failure) [PSYoungGen: 32K->32K(1536K)] 7341K->7341K(9728K), 0.0003010 secs] [Times: user=0.00 sys=0.00, real=0.00 secs] 
5.264: [Full GC (Allocation Failure) [PSYoungGen: 32K->0K(1536K)] [ParOldGen: 7309K->2478K(8192K)] 7341K->2478K(9728K), [Metaspace: 3328K->3328K(1056768K)], 0.0022192 secs] [Times: user=0.01 sys=0.00, real=0.00 secs] 
5.266: [GC (Allocation Failure) [PSYoungGen: 711K->32K(1536K)] 8023K->7344K(9728K), 0.0008384 secs] [Times: user=0.00 sys=0.00, real=0.00 secs] 
5.267: [GC (Allocation Failure) [PSYoungGen: 32K->32K(1536K)] 7344K->7344K(9728K), 0.0002550 secs] [Times: user=0.00 sys=0.00, real=0.00 secs] 
5.268: [Full GC (Allocation Failure) [PSYoungGen: 32K->0K(1536K)] [ParOldGen: 7312K->2478K(8192K)] 7344K->2478K(9728K), [Metaspace: 3328K->3328K(1056768K)], 0.0025938 secs] [Times: user=0.00 sys=0.00, real=0.00 secs] 
5.271: [GC (Allocation Failure) [PSYoungGen: 711K->32K(1536K)] 8026K->7347K(9728K), 0.0008814 secs] [Times: user=0.01 sys=0.01, real=0.00 secs] 
5.272: [GC (Allocation Failure) [PSYoungGen: 32K->32K(1536K)] 7347K->7347K(9728K), 0.0002491 secs] [Times: user=0.00 sys=0.00, real=0.00 secs] 
5.272: [Full GC (Allocation Failure) [PSYoungGen: 32K->0K(1536K)] [ParOldGen: 7315K->2479K(8192K)] 7347K->2479K(9728K), [Metaspace: 3328K->3328K(1056768K)], 0.0023961 secs] [Times: user=0.00 sys=0.00, real=0.01 secs] 
5.275: [GC (Allocation Failure) [PSYoungGen: 711K->32K(1536K)] 8029K->7350K(9728K), 0.0008518 secs] [Times: user=0.00 sys=0.00, real=0.00 secs] 
5.276: [GC (Allocation Failure) [PSYoungGen: 32K->32K(1536K)] 7350K->7350K(9728K), 0.0002763 secs] [Times: user=0.00 sys=0.00, real=0.00 secs] 
5.276: [Full GC (Allocation Failure) [PSYoungGen: 32K->0K(1536K)] [ParOldGen: 7318K->2479K(8192K)] 7350K->2479K(9728K), [Metaspace: 3328K->3328K(1056768K)], 0.0024890 secs] [Times: user=0.01 sys=0.00, real=0.00 secs] 
5.279: [GC (Allocation Failure) [PSYoungGen: 712K->32K(1536K)] 8033K->7353K(9728K), 0.0008357 secs] [Times: user=0.00 sys=0.00, real=0.00 secs] 
5.280: [GC (Allocation Failure) [PSYoungGen: 32K->32K(1536K)] 7353K->7353K(9728K), 0.0002795 secs] [Times: user=0.00 sys=0.00, real=0.00 secs] 
5.280: [Full GC (Allocation Failure) [PSYoungGen: 32K->0K(1536K)] [ParOldGen: 7321K->2480K(8192K)] 7353K->2480K(9728K), [Metaspace: 3328K->3328K(1056768K)], 0.0021122 secs] [Times: user=0.01 sys=0.00, real=0.00 secs] 
5.283: [GC (Allocation Failure) [PSYoungGen: 712K->32K(1536K)] 8036K->7355K(9728K), 0.0008360 secs] [Times: user=0.00 sys=0.00, real=0.01 secs] 
5.284: [GC (Allocation Failure) [PSYoungGen: 32K->32K(1536K)] 7355K->7355K(9728K), 0.0002647 secs] [Times: user=0.00 sys=0.00, real=0.00 secs] 
5.284: [Full GC (Allocation Failure) [PSYoungGen: 32K->0K(1536K)] [ParOldGen: 7323K->2481K(8192K)] 7355K->2481K(9728K), [Metaspace: 3328K->3328K(1056768K)], 0.0020285 secs] [Times: user=0.01 sys=0.00, real=0.00 secs] 
5.286: [GC (Allocation Failure) [PSYoungGen: 712K->32K(1536K)] 8039K->7358K(9728K), 0.0008364 secs] [Times: user=0.00 sys=0.00, real=0.00 secs] 
5.287: [GC (Allocation Failure) [PSYoungGen: 32K->32K(1536K)] 7358K->7358K(9728K), 0.0002893 secs] [Times: user=0.00 sys=0.00, real=0.00 secs] 
5.288: [Full GC (Allocation Failure) [PSYoungGen: 32K->0K(1536K)] [ParOldGen: 7326K->2481K(8192K)] 7358K->2481K(9728K), [Metaspace: 3328K->3328K(1056768K)], 0.0025406 secs] [Times: user=0.00 sys=0.00, real=0.00 secs] 
5.291: [GC (Allocation Failure) [PSYoungGen: 713K->32K(1536K)] 8042K->7361K(9728K), 0.0008225 secs] [Times: user=0.00 sys=0.00, real=0.00 secs] 
5.291: [GC (Allocation Failure) [PSYoungGen: 32K->32K(1536K)] 7361K->7361K(9728K), 0.0008076 secs] [Times: user=0.00 sys=0.00, real=0.00 secs] 
5.292: [Full GC (Allocation Failure) [PSYoungGen: 32K->0K(1536K)] [ParOldGen: 7329K->2482K(8192K)] 7361K->2482K(9728K), [Metaspace: 3328K->3328K(1056768K)], 0.0025059 secs] [Times: user=0.00 sys=0.00, real=0.01 secs] 
5.295: [GC (Allocation Failure) [PSYoungGen: 713K->32K(1536K)] 8045K->7364K(9728K), 0.0008341 secs] [Times: user=0.00 sys=0.00, real=0.00 secs] 
5.296: [GC (Allocation Failure) [PSYoungGen: 32K->32K(1536K)] 7364K->7364K(9728K), 0.0002598 secs] [Times: user=0.00 sys=0.00, real=0.00 secs] 
5.296: [Full GC (Allocation Failure) [PSYoungGen: 32K->0K(1536K)] [ParOldGen: 7332K->2483K(8192K)] 7364K->2483K(9728K), [Metaspace: 3328K->3328K(1056768K)], 0.0021789 secs] [Times: user=0.00 sys=0.00, real=0.00 secs] 
5.299: [GC (Allocation Failure) [PSYoungGen: 713K->32K(1536K)] 8049K->7367K(9728K), 0.0008361 secs] [Times: user=0.01 sys=0.00, real=0.00 secs] 
5.300: [GC (Allocation Failure) [PSYoungGen: 32K->32K(1536K)] 7367K->7367K(9728K), 0.0002694 secs] [Times: user=0.00 sys=0.00, real=0.00 secs] 
5.300: [Full GC (Allocation Failure) [PSYoungGen: 32K->0K(1536K)] [ParOldGen: 7335K->2483K(8192K)] 7367K->2483K(9728K), [Metaspace: 3328K->3328K(1056768K)], 0.0021412 secs] [Times: user=0.00 sys=0.00, real=0.00 secs] 
5.303: [GC (Allocation Failure) [PSYoungGen: 713K->32K(1536K)] 8052K->7370K(9728K), 0.0008570 secs] [Times: user=0.00 sys=0.00, real=0.00 secs] 
5.304: [GC (Allocation Failure) [PSYoungGen: 32K->32K(1536K)] 7370K->7370K(9728K), 0.0008032 secs] [Times: user=0.00 sys=0.00, real=0.00 secs] 
5.305: [Full GC (Allocation Failure) [PSYoungGen: 32K->0K(1536K)] [ParOldGen: 7338K->2484K(8192K)] 7370K->2484K(9728K), [Metaspace: 3328K->3328K(1056768K)], 0.0025490 secs] [Times: user=0.01 sys=0.00, real=0.00 secs] 
5.308: [GC (Allocation Failure) [PSYoungGen: 714K->32K(1536K)] 8055K->7373K(9728K), 0.0003803 secs] [Times: user=0.00 sys=0.00, real=0.00 secs] 
5.308: [GC (Allocation Failure) [PSYoungGen: 32K->32K(1536K)] 7373K->7373K(9728K), 0.0002885 secs] [Times: user=0.00 sys=0.00, real=0.00 secs] 
5.309: [Full GC (Allocation Failure) [PSYoungGen: 32K->0K(1536K)] [ParOldGen: 7341K->2485K(8192K)] 7373K->2485K(9728K), [Metaspace: 3328K->3328K(1056768K)], 0.0025374 secs] [Times: user=0.01 sys=0.00, real=0.00 secs] 
5.312: [GC (Allocation Failure) [PSYoungGen: 714K->32K(1536K)] 8058K->7376K(9728K), 0.0008425 secs] [Times: user=0.00 sys=0.00, real=0.00 secs] 
5.312: [GC (Allocation Failure) [PSYoungGen: 32K->32K(1536K)] 7376K->7376K(9728K), 0.0002912 secs] [Times: user=0.00 sys=0.00, real=0.00 secs] 
5.313: [Full GC (Allocation Failure) [PSYoungGen: 32K->0K(1536K)] [ParOldGen: 7344K->2485K(8192K)] 7376K->2485K(9728K), [Metaspace: 3328K->3328K(1056768K)], 0.0024097 secs] [Times: user=0.01 sys=0.00, real=0.00 secs] 
5.316: [GC (Allocation Failure) [PSYoungGen: 714K->32K(1536K)] 8061K->7378K(9728K), 0.0003147 secs] [Times: user=0.00 sys=0.00, real=0.00 secs] 
5.316: [GC (Allocation Failure) [PSYoungGen: 32K->32K(1536K)] 7378K->7378K(9728K), 0.0002576 secs] [Times: user=0.00 sys=0.00, real=0.00 secs] 
5.316: [Full GC (Allocation Failure) [PSYoungGen: 32K->0K(1536K)] [ParOldGen: 7346K->2486K(8192K)] 7378K->2486K(9728K), [Metaspace: 3328K->3328K(1056768K)], 0.0024479 secs] [Times: user=0.00 sys=0.00, real=0.00 secs] 
5.319: [GC (Allocation Failure) [PSYoungGen: 715K->32K(1536K)] 8065K->7381K(9728K), 0.0003212 secs] [Times: user=0.00 sys=0.00, real=0.00 secs] 
5.320: [GC (Allocation Failure) [PSYoungGen: 32K->32K(1536K)] 7381K->7381K(9728K), 0.0002777 secs] [Times: user=0.00 sys=0.00, real=0.00 secs] 
5.320: [Full GC (Allocation Failure) [PSYoungGen: 32K->0K(1536K)] [ParOldGen: 7349K->2487K(8192K)] 7381K->2487K(9728K), [Metaspace: 3328K->3328K(1056768K)], 0.0030895 secs] [Times: user=0.01 sys=0.00, real=0.01 secs] 
5.323: [GC (Allocation Failure) [PSYoungGen: 715K->32K(1536K)] 8068K->7384K(9728K), 0.0003199 secs] [Times: user=0.00 sys=0.00, real=0.00 secs] 
5.324: [GC (Allocation Failure) [PSYoungGen: 32K->32K(1536K)] 7384K->7384K(9728K), 0.0002869 secs] [Times: user=0.00 sys=0.00, real=0.00 secs] 
5.324: [Full GC (Allocation Failure) [PSYoungGen: 32K->0K(1536K)] [ParOldGen: 7352K->2487K(8192K)] 7384K->2487K(9728K), [Metaspace: 3328K->3328K(1056768K)], 0.0025668 secs] [Times: user=0.01 sys=0.00, real=0.00 secs] 
5.327: [GC (Allocation Failure) [PSYoungGen: 715K->32K(1536K)] 8071K->7387K(9728K), 0.0008260 secs] [Times: user=0.00 sys=0.00, real=0.00 secs] 
5.328: [GC (Allocation Failure) [PSYoungGen: 32K->32K(1536K)] 7387K->7387K(9728K), 0.0002608 secs] [Times: user=0.00 sys=0.00, real=0.00 secs] 
5.328: [Full GC (Allocation Failure) [PSYoungGen: 32K->0K(1536K)] [ParOldGen: 7355K->2488K(8192K)] 7387K->2488K(9728K), [Metaspace: 3328K->3328K(1056768K)], 0.0025205 secs] [Times: user=0.01 sys=0.00, real=0.00 secs] 
5.331: [GC (Allocation Failure) [PSYoungGen: 716K->32K(1536K)] 8074K->7390K(9728K), 0.0008383 secs] [Times: user=0.00 sys=0.00, real=0.00 secs] 
5.332: [GC (Allocation Failure) [PSYoungGen: 32K->32K(1536K)] 7390K->7390K(9728K), 0.0002810 secs] [Times: user=0.00 sys=0.00, real=0.00 secs] 
5.333: [Full GC (Allocation Failure) [PSYoungGen: 32K->0K(1536K)] [ParOldGen: 7358K->2488K(8192K)] 7390K->2488K(9728K), [Metaspace: 3328K->3328K(1056768K)], 0.0025934 secs] [Times: user=0.01 sys=0.00, real=0.01 secs] 
5.336: [GC (Allocation Failure) [PSYoungGen: 716K->32K(1536K)] 8077K->7393K(9728K), 0.0008678 secs] [Times: user=0.00 sys=0.00, real=0.00 secs] 
5.337: [GC (Allocation Failure) [PSYoungGen: 32K->32K(1536K)] 7393K->7393K(9728K), 0.0002945 secs] [Times: user=0.00 sys=0.00, real=0.00 secs] 
5.337: [Full GC (Allocation Failure) [PSYoungGen: 32K->0K(1536K)] [ParOldGen: 7361K->2489K(8192K)] 7393K->2489K(9728K), [Metaspace: 3328K->3328K(1056768K)], 0.0024873 secs] [Times: user=0.00 sys=0.00, real=0.00 secs] 
5.340: [GC (Allocation Failure) [PSYoungGen: 716K->32K(1536K)] 8081K->7396K(9728K), 0.0008563 secs] [Times: user=0.00 sys=0.00, real=0.00 secs] 
5.341: [GC (Allocation Failure) [PSYoungGen: 32K->32K(1536K)] 7396K->7396K(9728K), 0.0002510 secs] [Times: user=0.00 sys=0.00, real=0.00 secs] 
5.341: [Full GC (Allocation Failure) [PSYoungGen: 32K->0K(1536K)] [ParOldGen: 7364K->2490K(8192K)] 7396K->2490K(9728K), [Metaspace: 3328K->3328K(1056768K)], 0.0025104 secs] [Times: user=0.00 sys=0.00, real=0.01 secs] 
5.344: [GC (Allocation Failure) [PSYoungGen: 717K->32K(1536K)] 8084K->7399K(9728K), 0.0008361 secs] [Times: user=0.01 sys=0.00, real=0.00 secs] 
5.345: [GC (Allocation Failure) [PSYoungGen: 32K->32K(1536K)] 7399K->7399K(9728K), 0.0002841 secs] [Times: user=0.00 sys=0.00, real=0.00 secs] 
5.345: [Full GC (Allocation Failure) [PSYoungGen: 32K->0K(1536K)] [ParOldGen: 7367K->2490K(8192K)] 7399K->2490K(9728K), [Metaspace: 3328K->3328K(1056768K)], 0.0025547 secs] [Times: user=0.00 sys=0.00, real=0.00 secs] 
5.348: [GC (Allocation Failure) [PSYoungGen: 717K->32K(1536K)] 8087K->7402K(9728K), 0.0008409 secs] [Times: user=0.00 sys=0.00, real=0.00 secs] 
5.349: [GC (Allocation Failure) [PSYoungGen: 32K->32K(1536K)] 7402K->7402K(9728K), 0.0002856 secs] [Times: user=0.00 sys=0.00, real=0.00 secs] 
5.349: [Full GC (Allocation Failure) [PSYoungGen: 32K->0K(1536K)] [ParOldGen: 7370K->2491K(8192K)] 7402K->2491K(9728K), [Metaspace: 3328K->3328K(1056768K)], 0.0025082 secs] [Times: user=0.01 sys=0.00, real=0.00 secs] 
5.353: [GC (Allocation Failure) [PSYoungGen: 717K->32K(1536K)] 8090K->7404K(9728K), 0.0008629 secs] [Times: user=0.00 sys=0.00, real=0.01 secs] 
5.353: [GC (Allocation Failure) [PSYoungGen: 32K->32K(1536K)] 7404K->7404K(9728K), 0.0007855 secs] [Times: user=0.00 sys=0.00, real=0.00 secs] 
5.354: [Full GC (Allocation Failure) [PSYoungGen: 32K->0K(1536K)] [ParOldGen: 7372K->2492K(8192K)] 7404K->2492K(9728K), [Metaspace: 3328K->3328K(1056768K)], 0.0025181 secs] [Times: user=0.01 sys=0.00, real=0.00 secs] 
5.357: [GC (Allocation Failure) [PSYoungGen: 718K->32K(1536K)] 8093K->7407K(9728K), 0.0003095 secs] [Times: user=0.00 sys=0.00, real=0.00 secs] 
5.358: [GC (Allocation Failure) [PSYoungGen: 32K->32K(1536K)] 7407K->7407K(9728K), 0.0002539 secs] [Times: user=0.00 sys=0.00, real=0.00 secs] 
5.358: [Full GC (Allocation Failure) [PSYoungGen: 32K->0K(1536K)] [ParOldGen: 7375K->2492K(8192K)] 7407K->2492K(9728K), [Metaspace: 3328K->3328K(1056768K)], 0.0020822 secs] [Times: user=0.01 sys=0.00, real=0.00 secs] 
5.360: [GC (Allocation Failure) [PSYoungGen: 718K->32K(1536K)] 8097K->7410K(9728K), 0.0003141 secs] [Times: user=0.00 sys=0.00, real=0.00 secs] 
5.361: [GC (Allocation Failure) [PSYoungGen: 32K->32K(1536K)] 7410K->7410K(9728K), 0.0002907 secs] [Times: user=0.00 sys=0.01, real=0.00 secs] 
5.361: [Full GC (Allocation Failure) [PSYoungGen: 32K->0K(1536K)] [ParOldGen: 7378K->2493K(8192K)] 7410K->2493K(9728K), [Metaspace: 3328K->3328K(1056768K)], 0.0024926 secs] [Times: user=0.00 sys=0.00, real=0.01 secs] 
5.364: [GC (Allocation Failure) [PSYoungGen: 718K->32K(1536K)] 8100K->7413K(9728K), 0.0008488 secs] [Times: user=0.01 sys=0.00, real=0.00 secs] 
5.365: [GC (Allocation Failure) [PSYoungGen: 32K->32K(1536K)] 7413K->7413K(9728K), 0.0002501 secs] [Times: user=0.00 sys=0.00, real=0.00 secs] 
5.365: [Full GC (Allocation Failure) [PSYoungGen: 32K->0K(1536K)] [ParOldGen: 7381K->2494K(8192K)] 7413K->2494K(9728K), [Metaspace: 3328K->3328K(1056768K)], 0.0024823 secs] [Times: user=0.00 sys=0.00, real=0.00 secs] 
5.368: [GC (Allocation Failure) [PSYoungGen: 719K->32K(1536K)] 8103K->7416K(9728K), 0.0008448 secs] [Times: user=0.01 sys=0.00, real=0.00 secs] 
5.369: [GC (Allocation Failure) [PSYoungGen: 32K->32K(1536K)] 7416K->7416K(9728K), 0.0002874 secs] [Times: user=0.00 sys=0.00, real=0.00 secs] 
5.369: [Full GC (Allocation Failure) [PSYoungGen: 32K->0K(1536K)] [ParOldGen: 7384K->2494K(8192K)] 7416K->2494K(9728K), [Metaspace: 3328K->3328K(1056768K)], 0.0022181 secs] [Times: user=0.00 sys=0.00, real=0.00 secs] 
5.372: [GC (Allocation Failure) [PSYoungGen: 719K->32K(1536K)] 8106K->7419K(9728K), 0.0008393 secs] [Times: user=0.00 sys=0.00, real=0.01 secs] 
5.373: [GC (Allocation Failure) [PSYoungGen: 32K->32K(1536K)] 7419K->7419K(9728K), 0.0002690 secs] [Times: user=0.00 sys=0.00, real=0.00 secs] 
5.373: [Full GC (Allocation Failure) [PSYoungGen: 32K->0K(1536K)] [ParOldGen: 7387K->2495K(8192K)] 7419K->2495K(9728K), [Metaspace: 3328K->3328K(1056768K)], 0.0022250 secs] [Times: user=0.01 sys=0.00, real=0.00 secs] 
5.376: [GC (Allocation Failure) [PSYoungGen: 719K->32K(1536K)] 8109K->7422K(9728K), 0.0008359 secs] [Times: user=0.00 sys=0.00, real=0.00 secs] 
5.377: [GC (Allocation Failure) [PSYoungGen: 32K->32K(1536K)] 7422K->7422K(9728K), 0.0003105 secs] [Times: user=0.00 sys=0.00, real=0.00 secs] 
5.377: [Full GC (Allocation Failure) [PSYoungGen: 32K->0K(1536K)] [ParOldGen: 7390K->2495K(8192K)] 7422K->2495K(9728K), [Metaspace: 3328K->3328K(1056768K)], 0.0023716 secs] [Times: user=0.01 sys=0.00, real=0.00 secs] 
5.380: [GC (Allocation Failure) [PSYoungGen: 720K->32K(1536K)] 8113K->7425K(9728K), 0.0003662 secs] [Times: user=0.00 sys=0.00, real=0.00 secs] 
5.381: [GC (Allocation Failure) [PSYoungGen: 32K->32K(1536K)] 7425K->7425K(9728K), 0.0002584 secs] [Times: user=0.00 sys=0.00, real=0.00 secs] 
5.381: [Full GC (Allocation Failure) [PSYoungGen: 32K->0K(1536K)] [ParOldGen: 7393K->2496K(8192K)] 7425K->2496K(9728K), [Metaspace: 3328K->3328K(1056768K)], 0.0025281 secs] [Times: user=0.00 sys=0.00, real=0.01 secs] 
5.384: [GC (Allocation Failure) [PSYoungGen: 720K->32K(1536K)] 8116K->7427K(9728K), 0.0008170 secs] [Times: user=0.01 sys=0.00, real=0.00 secs] 
5.385: [GC (Allocation Failure) [PSYoungGen: 32K->32K(1536K)] 7427K->7427K(9728K), 0.0002920 secs] [Times: user=0.00 sys=0.00, real=0.00 secs] 
5.385: [Full GC (Allocation Failure) [PSYoungGen: 32K->0K(1536K)] [ParOldGen: 7395K->2497K(8192K)] 7427K->2497K(9728K), [Metaspace: 3328K->3328K(1056768K)], 0.0025652 secs] [Times: user=0.00 sys=0.00, real=0.00 secs] 
5.388: [GC (Allocation Failure) [PSYoungGen: 720K->32K(1536K)] 8119K->7430K(9728K), 0.0008235 secs] [Times: user=0.00 sys=0.00, real=0.00 secs] 
5.389: [GC (Allocation Failure) [PSYoungGen: 32K->32K(1536K)] 7430K->7430K(9728K), 0.0008024 secs] [Times: user=0.01 sys=0.00, real=0.00 secs] 
5.390: [Full GC (Allocation Failure) [PSYoungGen: 32K->0K(1536K)] [ParOldGen: 7398K->2497K(8192K)] 7430K->2497K(9728K), [Metaspace: 3328K->3328K(1056768K)], 0.0025276 secs] [Times: user=0.00 sys=0.00, real=0.00 secs] 
5.393: [GC (Allocation Failure) [PSYoungGen: 721K->32K(1536K)] 8122K->7433K(9728K), 0.0008409 secs] [Times: user=0.00 sys=0.00, real=0.00 secs] 
5.394: [GC (Allocation Failure) [PSYoungGen: 32K->32K(1536K)] 7433K->7433K(9728K), 0.0002535 secs] [Times: user=0.00 sys=0.00, real=0.00 secs] 
5.394: [Full GC (Allocation Failure) [PSYoungGen: 32K->0K(1536K)] [ParOldGen: 7401K->2498K(8192K)] 7433K->2498K(9728K), [Metaspace: 3328K->3328K(1056768K)], 0.0025570 secs] [Times: user=0.00 sys=0.00, real=0.00 secs] 
5.397: [GC (Allocation Failure) [PSYoungGen: 721K->32K(1536K)] 8125K->7436K(9728K), 0.0008395 secs] [Times: user=0.00 sys=0.00, real=0.00 secs] 
5.398: [GC (Allocation Failure) [PSYoungGen: 32K->32K(1536K)] 7436K->7436K(9728K), 0.0002810 secs] [Times: user=0.00 sys=0.00, real=0.00 secs] 
5.398: [Full GC (Allocation Failure) [PSYoungGen: 32K->0K(1536K)] [ParOldGen: 7404K->2499K(8192K)] 7436K->2499K(9728K), [Metaspace: 3328K->3328K(1056768K)], 0.0025073 secs] [Times: user=0.01 sys=0.00, real=0.00 secs] 
5.401: [GC (Allocation Failure) [PSYoungGen: 721K->32K(1536K)] 8129K->7439K(9728K), 0.0008538 secs] [Times: user=0.00 sys=0.00, real=0.00 secs] 
5.402: [GC (Allocation Failure) [PSYoungGen: 32K->32K(1536K)] 7439K->7439K(9728K), 0.0005153 secs] [Times: user=0.00 sys=0.00, real=0.00 secs] 
5.403: [Full GC (Allocation Failure) [PSYoungGen: 32K->0K(1536K)] [ParOldGen: 7407K->2499K(8192K)] 7439K->2499K(9728K), [Metaspace: 3328K->3328K(1056768K)], 0.0025731 secs] [Times: user=0.01 sys=0.00, real=0.01 secs] 
5.406: [GC (Allocation Failure) [PSYoungGen: 721K->32K(1536K)] 8132K->7442K(9728K), 0.0003049 secs] [Times: user=0.00 sys=0.00, real=0.00 secs] 
5.406: [GC (Allocation Failure) [PSYoungGen: 32K->32K(1536K)] 7442K->7442K(9728K), 0.0002438 secs] [Times: user=0.00 sys=0.00, real=0.00 secs] 
5.406: [Full GC (Allocation Failure) [PSYoungGen: 32K->0K(1536K)] [ParOldGen: 7410K->2500K(8192K)] 7442K->2500K(9728K), [Metaspace: 3328K->3328K(1056768K)], 0.0025875 secs] [Times: user=0.01 sys=0.00, real=0.00 secs] 
5.409: [GC (Allocation Failure) [PSYoungGen: 722K->32K(1536K)] 8135K->7445K(9728K), 0.0003147 secs] [Times: user=0.00 sys=0.00, real=0.00 secs] 
5.410: [GC (Allocation Failure) [PSYoungGen: 32K->32K(1536K)] 7445K->7445K(9728K), 0.0002985 secs] [Times: user=0.00 sys=0.00, real=0.00 secs] 
5.410: [Full GC (Allocation Failure) [PSYoungGen: 32K->0K(1536K)] [ParOldGen: 7413K->2501K(8192K)] 7445K->2501K(9728K), [Metaspace: 3328K->3328K(1056768K)], 0.0020914 secs] [Times: user=0.00 sys=0.00, real=0.00 secs] 
5.413: [GC (Allocation Failure) [PSYoungGen: 722K->32K(1536K)] 8138K->7448K(9728K), 0.0008401 secs] [Times: user=0.00 sys=0.00, real=0.01 secs] 
5.414: [GC (Allocation Failure) [PSYoungGen: 32K->32K(1536K)] 7448K->7448K(9728K), 0.0002802 secs] [Times: user=0.01 sys=0.00, real=0.00 secs] 
5.414: [Full GC (Allocation Failure) [PSYoungGen: 32K->0K(1536K)] [ParOldGen: 7416K->2501K(8192K)] 7448K->2501K(9728K), [Metaspace: 3328K->3328K(1056768K)], 0.0025483 secs] [Times: user=0.00 sys=0.00, real=0.00 secs] 
5.417: [GC (Allocation Failure) [PSYoungGen: 722K->32K(1536K)] 8141K->7451K(9728K), 0.0008483 secs] [Times: user=0.00 sys=0.00, real=0.00 secs] 
5.418: [GC (Allocation Failure) [PSYoungGen: 32K->32K(1536K)] 7451K->7451K(9728K), 0.0002618 secs] [Times: user=0.00 sys=0.00, real=0.00 secs] 
5.418: [Full GC (Allocation Failure) [PSYoungGen: 32K->0K(1536K)] [ParOldGen: 7419K->2502K(8192K)] 7451K->2502K(9728K), [Metaspace: 3328K->3328K(1056768K)], 0.0021569 secs] [Times: user=0.01 sys=0.00, real=0.00 secs] 
5.421: [GC (Allocation Failure) [PSYoungGen: 723K->32K(1536K)] 8145K->7453K(9728K), 0.0008509 secs] [Times: user=0.00 sys=0.00, real=0.00 secs] 
5.422: [GC (Allocation Failure) [PSYoungGen: 32K->32K(1536K)] 7453K->7453K(9728K), 0.0007898 secs] [Times: user=0.00 sys=0.00, real=0.00 secs] 
5.422: [Full GC (Allocation Failure) [PSYoungGen: 32K->0K(1536K)] [ParOldGen: 7421K->2503K(8192K)] 7453K->2503K(9728K), [Metaspace: 3328K->3328K(1056768K)], 0.0025319 secs] [Times: user=0.01 sys=0.00, real=0.01 secs] 
5.426: [GC (Allocation Failure) [PSYoungGen: 723K->32K(1536K)] 8148K->7456K(9728K), 0.0008360 secs] [Times: user=0.00 sys=0.00, real=0.00 secs] 
5.426: [GC (Allocation Failure) [PSYoungGen: 32K->32K(1536K)] 7456K->7456K(9728K), 0.0002996 secs] [Times: user=0.00 sys=0.00, real=0.00 secs] 
5.427: [Full GC (Allocation Failure) [PSYoungGen: 32K->0K(1536K)] [ParOldGen: 7424K->2503K(8192K)] 7456K->2503K(9728K), [Metaspace: 3328K->3328K(1056768K)], 0.0021727 secs] [Times: user=0.01 sys=0.00, real=0.00 secs] 
5.429: [GC (Allocation Failure) [PSYoungGen: 723K->32K(1536K)] 8151K->7459K(9728K), 0.0008313 secs] [Times: user=0.00 sys=0.00, real=0.00 secs] 
5.430: [GC (Allocation Failure) [PSYoungGen: 32K->32K(1536K)] 7459K->7459K(9728K), 0.0002728 secs] [Times: user=0.00 sys=0.00, real=0.00 secs] 
5.431: [Full GC (Allocation Failure) [PSYoungGen: 32K->0K(1536K)] [ParOldGen: 7427K->2504K(8192K)] 7459K->2504K(9728K), [Metaspace: 3328K->3328K(1056768K)], 0.0025406 secs] [Times: user=0.01 sys=0.00, real=0.01 secs] 
5.434: [GC (Allocation Failure) [PSYoungGen: 724K->32K(1536K)] 8154K->7462K(9728K), 0.0008351 secs] [Times: user=0.00 sys=0.00, real=0.00 secs] 
5.434: [GC (Allocation Failure) [PSYoungGen: 32K->32K(1536K)] 7462K->7462K(9728K), 0.0002529 secs] [Times: user=0.00 sys=0.00, real=0.00 secs] 
5.435: [Full GC (Allocation Failure) [PSYoungGen: 32K->0K(1536K)] [ParOldGen: 7430K->2504K(8192K)] 7462K->2504K(9728K), [Metaspace: 3328K->3328K(1056768K)], 0.0021181 secs] [Times: user=0.00 sys=0.00, real=0.00 secs] 
5.437: [GC (Allocation Failure) [PSYoungGen: 724K->32K(1536K)] 8158K->7465K(9728K), 0.0008358 secs] [Times: user=0.01 sys=0.00, real=0.00 secs] 
5.438: [GC (Allocation Failure) [PSYoungGen: 32K->32K(1536K)] 7465K->7465K(9728K), 0.0002753 secs] [Times: user=0.00 sys=0.00, real=0.00 secs] 
5.439: [Full GC (Allocation Failure) [PSYoungGen: 32K->0K(1536K)] [ParOldGen: 7433K->2505K(8192K)] 7465K->2505K(9728K), [Metaspace: 3328K->3328K(1056768K)], 0.0025636 secs] [Times: user=0.00 sys=0.00, real=0.00 secs] 
5.442: [GC (Allocation Failure) [PSYoungGen: 724K->32K(1536K)] 8161K->7468K(9728K), 0.0008406 secs] [Times: user=0.00 sys=0.00, real=0.00 secs] 
5.443: [GC (Allocation Failure) [PSYoungGen: 32K->32K(1536K)] 7468K->7468K(9728K), 0.0008033 secs] [Times: user=0.01 sys=0.00, real=0.01 secs] 
5.443: [Full GC (Allocation Failure) [PSYoungGen: 32K->0K(1536K)] [ParOldGen: 7436K->2506K(8192K)] 7468K->2506K(9728K), [Metaspace: 3328K->3328K(1056768K)], 0.0021970 secs] [Times: user=0.00 sys=0.00, real=0.00 secs] 
5.446: [GC (Allocation Failure) [PSYoungGen: 725K->32K(1536K)] 8164K->7471K(9728K), 0.0008368 secs] [Times: user=0.00 sys=0.00, real=0.00 secs] 
5.447: [GC (Allocation Failure) [PSYoungGen: 32K->32K(1536K)] 7471K->7471K(9728K), 0.0002748 secs] [Times: user=0.00 sys=0.00, real=0.00 secs] 
5.447: [Full GC (Allocation Failure) [PSYoungGen: 32K->0K(1536K)] [ParOldGen: 7439K->2506K(8192K)] 7471K->2506K(9728K), [Metaspace: 3328K->3328K(1056768K)], 0.0020065 secs] [Times: user=0.01 sys=0.00, real=0.00 secs] 
5.450: [GC (Allocation Failure) [PSYoungGen: 725K->32K(1536K)] 8167K->7474K(9728K), 0.0008328 secs] [Times: user=0.00 sys=0.00, real=0.00 secs] 
5.451: [GC (Allocation Failure) [PSYoungGen: 32K->32K(1536K)] 7474K->7474K(9728K), 0.0002967 secs] [Times: user=0.00 sys=0.01, real=0.00 secs] 
5.451: [Full GC (Allocation Failure) [PSYoungGen: 32K->0K(1536K)] [ParOldGen: 7442K->2507K(8192K)] 7474K->2507K(9728K), [Metaspace: 3328K->3328K(1056768K)], 0.0025881 secs] [Times: user=0.01 sys=0.00, real=0.01 secs] 
5.454: [GC (Allocation Failure) [PSYoungGen: 725K->32K(1536K)] 8170K->7476K(9728K), 0.0008327 secs] [Times: user=0.00 sys=0.00, real=0.00 secs] 
5.455: [GC (Allocation Failure) [PSYoungGen: 32K->32K(1536K)] 7476K->7476K(9728K), 0.0002804 secs] [Times: user=0.00 sys=0.00, real=0.00 secs] 
5.455: [Full GC (Allocation Failure) [PSYoungGen: 32K->0K(1536K)] [ParOldGen: 7444K->2508K(8192K)] 7476K->2508K(9728K), [Metaspace: 3328K->3328K(1056768K)], 0.0021816 secs] [Times: user=0.01 sys=0.00, real=0.00 secs] 
5.458: [GC (Allocation Failure) [PSYoungGen: 726K->32K(1536K)] 8174K->7479K(9728K), 0.0008405 secs] [Times: user=0.00 sys=0.00, real=0.00 secs] 
5.459: [GC (Allocation Failure) [PSYoungGen: 32K->32K(1536K)] 7479K->7479K(9728K), 0.0002770 secs] [Times: user=0.00 sys=0.00, real=0.00 secs] 
5.459: [Full GC (Allocation Failure) [PSYoungGen: 32K->0K(1536K)] [ParOldGen: 7447K->2508K(8192K)] 7479K->2508K(9728K), [Metaspace: 3328K->3328K(1056768K)], 0.0021723 secs] [Times: user=0.00 sys=0.00, real=0.00 secs] 
5.462: [GC (Allocation Failure) [PSYoungGen: 726K->32K(1536K)] 8177K->7482K(9728K), 0.0008561 secs] [Times: user=0.01 sys=0.00, real=0.00 secs] 
5.463: [GC (Allocation Failure) [PSYoungGen: 32K->32K(1536K)] 7482K->7482K(9728K), 0.0002738 secs] [Times: user=0.00 sys=0.00, real=0.01 secs] 
5.463: [Full GC (Allocation Failure) [PSYoungGen: 32K->0K(1536K)] [ParOldGen: 7450K->2509K(8192K)] 7482K->2509K(9728K), [Metaspace: 3328K->3328K(1056768K)], 0.0025292 secs] [Times: user=0.00 sys=0.00, real=0.00 secs] 
5.466: [GC (Allocation Failure) [PSYoungGen: 726K->32K(1536K)] 8180K->7485K(9728K), 0.0008368 secs] [Times: user=0.00 sys=0.00, real=0.00 secs] 
5.467: [GC (Allocation Failure) [PSYoungGen: 32K->32K(1536K)] 7485K->7485K(9728K), 0.0002801 secs] [Times: user=0.00 sys=0.00, real=0.00 secs] 
5.467: [Full GC (Allocation Failure) [PSYoungGen: 32K->0K(1536K)] [ParOldGen: 7453K->2510K(8192K)] 7485K->2510K(9728K), [Metaspace: 3328K->3328K(1056768K)], 0.0021463 secs] [Times: user=0.01 sys=0.00, real=0.00 secs] 
5.470: [GC (Allocation Failure) [PSYoungGen: 727K->32K(1536K)] 8183K->7488K(9728K), 0.0008393 secs] [Times: user=0.00 sys=0.00, real=0.00 secs] 
5.471: [GC (Allocation Failure) [PSYoungGen: 32K->32K(1536K)] 7488K->7488K(9728K), 0.0002706 secs] [Times: user=0.00 sys=0.00, real=0.00 secs] 
5.471: [Full GC (Allocation Failure) [PSYoungGen: 32K->0K(1536K)] [ParOldGen: 7456K->2510K(8192K)] 7488K->2510K(9728K), [Metaspace: 3328K->3328K(1056768K)], 0.0022298 secs] [Times: user=0.01 sys=0.00, real=0.01 secs] 
5.474: [GC (Allocation Failure) [PSYoungGen: 727K->32K(1536K)] 8186K->7491K(9728K), 0.0003103 secs] [Times: user=0.00 sys=0.00, real=0.00 secs] 
5.474: [GC (Allocation Failure) [PSYoungGen: 32K->32K(1536K)] 7491K->7491K(9728K), 0.0002492 secs] [Times: user=0.00 sys=0.00, real=0.00 secs] 
5.474: [Full GC (Allocation Failure) [PSYoungGen: 32K->0K(1536K)] [ParOldGen: 7459K->2511K(8192K)] 7491K->2511K(9728K), [Metaspace: 3328K->3328K(1056768K)], 0.0025955 secs] [Times: user=0.01 sys=0.00, real=0.00 secs] 
5.477: [GC (Allocation Failure) [PSYoungGen: 727K->32K(1536K)] 8190K->7494K(9728K), 0.0008325 secs] [Times: user=0.00 sys=0.00, real=0.00 secs] 
5.478: [GC (Allocation Failure) [PSYoungGen: 32K->32K(1536K)] 7494K->7494K(9728K), 0.0002779 secs] [Times: user=0.00 sys=0.00, real=0.00 secs] 
5.479: [Full GC (Allocation Failure) [PSYoungGen: 32K->0K(1536K)] [ParOldGen: 7462K->2511K(8192K)] 7494K->2511K(9728K), [Metaspace: 3328K->3328K(1056768K)], 0.0025019 secs] [Times: user=0.00 sys=0.00, real=0.00 secs] 
5.482: [GC (Allocation Failure) [PSYoungGen: 728K->32K(1536K)] 8193K->7497K(9728K), 0.0008398 secs] [Times: user=0.01 sys=0.00, real=0.00 secs] 
5.482: [GC (Allocation Failure) [PSYoungGen: 32K->32K(1536K)] 7497K->7497K(9728K), 0.0002763 secs] [Times: user=0.00 sys=0.00, real=0.01 secs] 
5.483: [Full GC (Allocation Failure) [PSYoungGen: 32K->0K(1536K)] [ParOldGen: 7465K->2512K(8192K)] 7497K->2512K(9728K), [Metaspace: 3328K->3328K(1056768K)], 0.0023046 secs] [Times: user=0.00 sys=0.00, real=0.00 secs] 
5.486: [GC (Allocation Failure) [PSYoungGen: 728K->32K(1536K)] 8196K->7500K(9728K), 0.0008359 secs] [Times: user=0.00 sys=0.00, real=0.00 secs] 
5.486: [GC (Allocation Failure) [PSYoungGen: 32K->32K(1536K)] 7500K->7500K(9728K), 0.0003261 secs] [Times: user=0.00 sys=0.00, real=0.00 secs] 
5.487: [Full GC (Allocation Failure) [PSYoungGen: 32K->0K(1536K)] [ParOldGen: 7468K->2513K(8192K)] 7500K->2513K(9728K), [Metaspace: 3328K->3328K(1056768K)], 0.0025958 secs] [Times: user=0.01 sys=0.00, real=0.00 secs] 
5.490: [GC (Allocation Failure) [PSYoungGen: 728K->32K(1536K)] 8199K->7502K(9728K), 0.0008360 secs] [Times: user=0.00 sys=0.00, real=0.00 secs] 
5.491: [GC (Allocation Failure) [PSYoungGen: 32K->32K(1536K)] 7502K->7502K(9728K), 0.0002579 secs] [Times: user=0.00 sys=0.00, real=0.00 secs] 
5.491: [Full GC (Allocation Failure) [PSYoungGen: 32K->0K(1536K)] [ParOldGen: 7470K->2513K(8192K)] 7502K->2513K(9728K), [Metaspace: 3328K->3328K(1056768K)], 0.0025138 secs] [Times: user=0.01 sys=0.00, real=0.01 secs] 
5.494: [GC (Allocation Failure) [PSYoungGen: 729K->32K(1536K)] 8202K->7505K(9728K), 0.0008634 secs] [Times: user=0.00 sys=0.00, real=0.00 secs] 
5.495: [GC (Allocation Failure) [PSYoungGen: 32K->32K(1536K)] 7505K->7505K(9728K), 0.0006968 secs] [Times: user=0.00 sys=0.00, real=0.00 secs] 
5.496: [Full GC (Allocation Failure) [PSYoungGen: 32K->0K(1536K)] [ParOldGen: 7473K->2514K(8192K)] 7505K->2514K(9728K), [Metaspace: 3328K->3328K(1056768K)], 0.0039361 secs] [Times: user=0.01 sys=0.00, real=0.00 secs] 
5.500: [GC (Allocation Failure) [PSYoungGen: 729K->32K(1536K)] 8206K->7508K(9728K), 0.0008402 secs] [Times: user=0.00 sys=0.00, real=0.00 secs] 
5.501: [GC (Allocation Failure) [PSYoungGen: 32K->32K(1536K)] 7508K->7508K(9728K), 0.0002869 secs] [Times: user=0.00 sys=0.00, real=0.00 secs] 
5.502: [Full GC (Allocation Failure) [PSYoungGen: 32K->0K(1536K)] [ParOldGen: 7476K->2515K(8192K)] 7508K->2515K(9728K), [Metaspace: 3328K->3328K(1056768K)], 0.0028894 secs] [Times: user=0.01 sys=0.00, real=0.01 secs] 
5.506: [GC (Allocation Failure) [PSYoungGen: 729K->32K(1536K)] 8209K->7511K(9728K), 0.0003940 secs] [Times: user=0.00 sys=0.00, real=0.00 secs] 
5.506: [GC (Allocation Failure) [PSYoungGen: 32K->32K(1536K)] 7511K->7511K(9728K), 0.0004308 secs] [Times: user=0.00 sys=0.00, real=0.00 secs] 
5.507: [Full GC (Allocation Failure) [PSYoungGen: 32K->0K(1536K)] [ParOldGen: 7479K->2515K(8192K)] 7511K->2515K(9728K), [Metaspace: 3328K->3328K(1056768K)], 0.0024134 secs] [Times: user=0.01 sys=0.00, real=0.00 secs] 
5.510: [GC (Allocation Failure) [PSYoungGen: 730K->32K(1536K)] 8212K->7514K(9728K), 0.0008460 secs] [Times: user=0.00 sys=0.00, real=0.00 secs] 
5.511: [GC (Allocation Failure) [PSYoungGen: 32K->32K(1536K)] 7514K->7514K(9728K), 0.0002745 secs] [Times: user=0.00 sys=0.00, real=0.00 secs] 
5.511: [Full GC (Allocation Failure) [PSYoungGen: 32K->0K(1536K)] [ParOldGen: 7482K->2516K(8192K)] 7514K->2516K(9728K), [Metaspace: 3328K->3328K(1056768K)], 0.0025209 secs] [Times: user=0.01 sys=0.00, real=0.01 secs] 
5.514: [GC (Allocation Failure) [PSYoungGen: 730K->32K(1536K)] 8215K->7517K(9728K), 0.0008393 secs] [Times: user=0.00 sys=0.00, real=0.00 secs] 
5.515: [GC (Allocation Failure) [PSYoungGen: 32K->32K(1536K)] 7517K->7517K(9728K), 0.0002772 secs] [Times: user=0.00 sys=0.00, real=0.00 secs] 
5.515: [Full GC (Allocation Failure) [PSYoungGen: 32K->0K(1536K)] [ParOldGen: 7485K->2517K(8192K)] 7517K->2517K(9728K), [Metaspace: 3328K->3328K(1056768K)], 0.0022959 secs] [Times: user=0.01 sys=0.00, real=0.00 secs] 
5.518: [GC (Allocation Failure) [PSYoungGen: 730K->32K(1536K)] 8218K->7520K(9728K), 0.0008405 secs] [Times: user=0.00 sys=0.00, real=0.00 secs] 
5.519: [GC (Allocation Failure) [PSYoungGen: 32K->32K(1536K)] 7520K->7520K(9728K), 0.0002704 secs] [Times: user=0.00 sys=0.00, real=0.00 secs] 
5.519: [Full GC (Allocation Failure) [PSYoungGen: 32K->0K(1536K)] [ParOldGen: 7488K->2517K(8192K)] 7520K->2517K(9728K), [Metaspace: 3328K->3328K(1056768K)], 0.0025230 secs] [Times: user=0.00 sys=0.00, real=0.00 secs] 
5.522: [GC (Allocation Failure) [PSYoungGen: 730K->32K(1536K)] 8222K->7523K(9728K), 0.0003497 secs] [Times: user=0.00 sys=0.00, real=0.00 secs] 
5.523: [GC (Allocation Failure) [PSYoungGen: 32K->32K(1536K)] 7523K->7523K(9728K), 0.0003497 secs] [Times: user=0.01 sys=0.00, real=0.01 secs] 
5.523: [Full GC (Allocation Failure) [PSYoungGen: 32K->0K(1536K)] [ParOldGen: 7491K->2518K(8192K)] 7523K->2518K(9728K), [Metaspace: 3328K->3328K(1056768K)], 0.0026001 secs] [Times: user=0.00 sys=0.00, real=0.00 secs] 
5.526: [GC (Allocation Failure) [PSYoungGen: 731K->32K(1536K)] 8225K->7525K(9728K), 0.0008417 secs] [Times: user=0.00 sys=0.00, real=0.00 secs] 
5.527: [GC (Allocation Failure) [PSYoungGen: 32K->32K(1536K)] 7525K->7525K(9728K), 0.0002754 secs] [Times: user=0.00 sys=0.00, real=0.00 secs] 
5.527: [Full GC (Allocation Failure) [PSYoungGen: 32K->0K(1536K)] [ParOldGen: 7493K->2519K(8192K)] 7525K->2519K(9728K), [Metaspace: 3328K->3328K(1056768K)], 0.0020799 secs] [Times: user=0.01 sys=0.00, real=0.00 secs] 
5.530: [GC (Allocation Failure) [PSYoungGen: 731K->32K(1536K)] 8228K->7528K(9728K), 0.0008372 secs] [Times: user=0.00 sys=0.00, real=0.00 secs] 
5.531: [GC (Allocation Failure) [PSYoungGen: 32K->32K(1536K)] 7528K->7528K(9728K), 0.0002803 secs] [Times: user=0.00 sys=0.00, real=0.00 secs] 
5.531: [Full GC (Allocation Failure) [PSYoungGen: 32K->0K(1536K)] [ParOldGen: 7496K->2519K(8192K)] 7528K->2519K(9728K), [Metaspace: 3328K->3328K(1056768K)], 0.0021549 secs] [Times: user=0.01 sys=0.00, real=0.01 secs] 
5.534: [GC (Allocation Failure) [PSYoungGen: 731K->32K(1536K)] 8231K->7531K(9728K), 0.0008253 secs] [Times: user=0.00 sys=0.00, real=0.00 secs] 
5.535: [GC (Allocation Failure) [PSYoungGen: 32K->32K(1536K)] 7531K->7531K(9728K), 0.0002821 secs] [Times: user=0.00 sys=0.00, real=0.00 secs] 
5.535: [Full GC (Allocation Failure) [PSYoungGen: 32K->0K(1536K)] [ParOldGen: 7499K->2520K(8192K)] 7531K->2520K(9728K), [Metaspace: 3328K->3328K(1056768K)], 0.0025980 secs] [Times: user=0.01 sys=0.01, real=0.00 secs] 
5.538: [GC (Allocation Failure) [PSYoungGen: 732K->32K(1536K)] 8234K->7534K(9728K), 0.0008314 secs] [Times: user=0.00 sys=0.00, real=0.00 secs] 
5.539: [GC (Allocation Failure) [PSYoungGen: 32K->32K(1536K)] 7534K->7534K(9728K), 0.0002471 secs] [Times: user=0.00 sys=0.00, real=0.00 secs] 
5.539: [Full GC (Allocation Failure) [PSYoungGen: 32K->0K(1536K)] [ParOldGen: 7502K->2520K(8192K)] 7534K->2520K(9728K), [Metaspace: 3328K->3328K(1056768K)], 0.0025209 secs] [Times: user=0.00 sys=0.00, real=0.00 secs] 
5.542: [GC (Allocation Failure) [PSYoungGen: 732K->32K(1536K)] 8238K->7537K(9728K), 0.0008341 secs] [Times: user=0.01 sys=0.00, real=0.01 secs] 
5.543: [GC (Allocation Failure) [PSYoungGen: 32K->32K(1536K)] 7537K->7537K(9728K), 0.0002780 secs] [Times: user=0.00 sys=0.00, real=0.00 secs] 
5.543: [Full GC (Allocation Failure) [PSYoungGen: 32K->0K(1536K)] [ParOldGen: 7505K->2521K(8192K)] 7537K->2521K(9728K), [Metaspace: 3328K->3328K(1056768K)], 0.0020123 secs] [Times: user=0.00 sys=0.00, real=0.00 secs] 
5.546: [GC (Allocation Failure) [PSYoungGen: 732K->32K(1536K)] 8241K->7540K(9728K), 0.0003351 secs] [Times: user=0.00 sys=0.00, real=0.00 secs] 
5.546: [GC (Allocation Failure) [PSYoungGen: 32K->32K(1536K)] 7540K->7540K(9728K), 0.0002613 secs] [Times: user=0.00 sys=0.00, real=0.00 secs] 
5.546: [Full GC (Allocation Failure) [PSYoungGen: 32K->0K(1536K)] [ParOldGen: 7508K->2522K(8192K)] 7540K->2522K(9728K), [Metaspace: 3328K->3328K(1056768K)], 0.0025119 secs] [Times: user=0.01 sys=0.00, real=0.00 secs] 
5.549: [GC (Allocation Failure) [PSYoungGen: 733K->32K(1536K)] 8244K->7543K(9728K), 0.0008389 secs] [Times: user=0.00 sys=0.00, real=0.00 secs] 
5.550: [GC (Allocation Failure) [PSYoungGen: 32K->32K(1536K)] 7543K->7543K(9728K), 0.0002905 secs] [Times: user=0.00 sys=0.00, real=0.00 secs] 
5.551: [Full GC (Allocation Failure) [PSYoungGen: 32K->0K(1536K)] [ParOldGen: 7511K->2522K(8192K)] 7543K->2522K(9728K), [Metaspace: 3328K->3328K(1056768K)], 0.0021901 secs] [Times: user=0.01 sys=0.00, real=0.01 secs] 
5.553: [GC (Allocation Failure) [PSYoungGen: 733K->32K(1536K)] 8247K->7546K(9728K), 0.0008407 secs] [Times: user=0.00 sys=0.00, real=0.00 secs] 
5.554: [GC (Allocation Failure) [PSYoungGen: 32K->32K(1536K)] 7546K->7546K(9728K), 0.0002823 secs] [Times: user=0.00 sys=0.00, real=0.00 secs] 
5.555: [Full GC (Allocation Failure) [PSYoungGen: 32K->0K(1536K)] [ParOldGen: 7514K->2523K(8192K)] 7546K->2523K(9728K), [Metaspace: 3328K->3328K(1056768K)], 0.0022217 secs] [Times: user=0.00 sys=0.00, real=0.00 secs] 
5.557: [GC (Allocation Failure) [PSYoungGen: 733K->32K(1536K)] 8250K->7549K(9728K), 0.0008511 secs] [Times: user=0.01 sys=0.00, real=0.00 secs] 
5.558: [GC (Allocation Failure) [PSYoungGen: 32K->32K(1536K)] 7549K->7549K(9728K), 0.0002763 secs] [Times: user=0.00 sys=0.00, real=0.00 secs] 
5.558: [Full GC (Allocation Failure) [PSYoungGen: 32K->0K(1536K)] [ParOldGen: 7517K->2524K(8192K)] 7549K->2524K(9728K), [Metaspace: 3328K->3328K(1056768K)], 0.0021485 secs] [Times: user=0.00 sys=0.00, real=0.00 secs] 
5.561: [GC (Allocation Failure) [PSYoungGen: 734K->32K(1536K)] 8254K->7551K(9728K), 0.0008545 secs] [Times: user=0.00 sys=0.00, real=0.00 secs] 
5.562: [GC (Allocation Failure) [PSYoungGen: 32K->32K(1536K)] 7551K->7551K(9728K), 0.0002863 secs] [Times: user=0.01 sys=0.00, real=0.00 secs] 
5.562: [Full GC (Allocation Failure) [PSYoungGen: 32K->0K(1536K)] [ParOldGen: 7519K->2524K(8192K)] 7551K->2524K(9728K), [Metaspace: 3328K->3328K(1056768K)], 0.0025421 secs] [Times: user=0.00 sys=0.00, real=0.01 secs] 
5.565: [GC (Allocation Failure) [PSYoungGen: 734K->32K(1536K)] 8257K->7554K(9728K), 0.0008400 secs] [Times: user=0.00 sys=0.00, real=0.00 secs] 
5.566: [GC (Allocation Failure) [PSYoungGen: 32K->32K(1536K)] 7554K->7554K(9728K), 0.0002851 secs] [Times: user=0.00 sys=0.00, real=0.00 secs] 
5.567: [Full GC (Allocation Failure) [PSYoungGen: 32K->0K(1536K)] [ParOldGen: 7522K->2525K(8192K)] 7554K->2525K(9728K), [Metaspace: 3328K->3328K(1056768K)], 0.0020469 secs] [Times: user=0.01 sys=0.00, real=0.00 secs] 
5.569: [GC (Allocation Failure) [PSYoungGen: 734K->32K(1536K)] 8260K->7557K(9728K), 0.0003311 secs] [Times: user=0.00 sys=0.00, real=0.00 secs] 
5.570: [GC (Allocation Failure) [PSYoungGen: 32K->32K(1536K)] 7557K->7557K(9728K), 0.0002728 secs] [Times: user=0.00 sys=0.00, real=0.00 secs] 
5.570: [Full GC (Allocation Failure) [PSYoungGen: 32K->0K(1536K)] [ParOldGen: 7525K->2526K(8192K)] 7557K->2526K(9728K), [Metaspace: 3328K->3328K(1056768K)], 0.0025471 secs] [Times: user=0.01 sys=0.00, real=0.00 secs] 
5.573: [GC (Allocation Failure) [PSYoungGen: 735K->32K(1536K)] 8263K->7560K(9728K), 0.0003397 secs] [Times: user=0.00 sys=0.00, real=0.00 secs] 
5.573: [GC (Allocation Failure) [PSYoungGen: 32K->32K(1536K)] 7560K->7560K(9728K), 0.0007809 secs] [Times: user=0.00 sys=0.00, real=0.00 secs] 
5.574: [Full GC (Allocation Failure) [PSYoungGen: 32K->0K(1536K)] [ParOldGen: 7528K->2526K(8192K)] 7560K->2526K(9728K), [Metaspace: 3328K->3328K(1056768K)], 0.0024284 secs] [Times: user=0.00 sys=0.00, real=0.00 secs] 
5.577: [GC (Allocation Failure) [PSYoungGen: 735K->32K(1536K)] 8266K->7563K(9728K), 0.0008402 secs] [Times: user=0.01 sys=0.00, real=0.00 secs] 
5.578: [GC (Allocation Failure) [PSYoungGen: 32K->32K(1536K)] 7563K->7563K(9728K), 0.0007863 secs] [Times: user=0.00 sys=0.00, real=0.00 secs] 
5.579: [Full GC (Allocation Failure) [PSYoungGen: 32K->0K(1536K)] [ParOldGen: 7531K->2527K(8192K)] 7563K->2527K(9728K), [Metaspace: 3328K->3328K(1056768K)], 0.0021932 secs] [Times: user=0.00 sys=0.00, real=0.00 secs] 
5.581: [GC (Allocation Failure) [PSYoungGen: 735K->32K(1536K)] 8270K->7566K(9728K), 0.0008657 secs] [Times: user=0.01 sys=0.00, real=0.00 secs] 
5.582: [GC (Allocation Failure) [PSYoungGen: 32K->32K(1536K)] 7566K->7566K(9728K), 0.0005222 secs] [Times: user=0.00 sys=0.00, real=0.01 secs] 
5.583: [Full GC (Allocation Failure) [PSYoungGen: 32K->0K(1536K)] [ParOldGen: 7534K->2528K(8192K)] 7566K->2528K(9728K), [Metaspace: 3328K->3328K(1056768K)], 0.0024200 secs] [Times: user=0.00 sys=0.00, real=0.00 secs] 
5.586: [GC (Allocation Failure) [PSYoungGen: 736K->32K(1536K)] 8273K->7569K(9728K), 0.0008159 secs] [Times: user=0.00 sys=0.00, real=0.00 secs] 
5.587: [GC (Allocation Failure) [PSYoungGen: 32K->32K(1536K)] 7569K->7569K(9728K), 0.0002434 secs] [Times: user=0.01 sys=0.00, real=0.00 secs] 
5.587: [Full GC (Allocation Failure) [PSYoungGen: 32K->0K(1536K)] [ParOldGen: 7537K->2528K(8192K)] 7569K->2528K(9728K), [Metaspace: 3328K->3328K(1056768K)], 0.0024162 secs] [Times: user=0.00 sys=0.00, real=0.00 secs] 
5.590: [GC (Allocation Failure) [PSYoungGen: 736K->32K(1536K)] 8276K->7572K(9728K), 0.0008359 secs] [Times: user=0.00 sys=0.00, real=0.00 secs] 
5.591: [GC (Allocation Failure) [PSYoungGen: 32K->32K(1536K)] 7572K->7572K(9728K), 0.0002741 secs] [Times: user=0.00 sys=0.00, real=0.00 secs] 
5.591: [Full GC (Allocation Failure) [PSYoungGen: 32K->0K(1536K)] [ParOldGen: 7540K->2529K(8192K)] 7572K->2529K(9728K), [Metaspace: 3328K->3328K(1056768K)], 0.0025426 secs] [Times: user=0.01 sys=0.00, real=0.01 secs] 
5.594: [GC (Allocation Failure) [PSYoungGen: 736K->32K(1536K)] 8279K->7575K(9728K), 0.0008506 secs] [Times: user=0.00 sys=0.00, real=0.00 secs] 
5.595: [GC (Allocation Failure) [PSYoungGen: 32K->32K(1536K)] 7575K->7575K(9728K), 0.0002703 secs] [Times: user=0.00 sys=0.00, real=0.00 secs] 
5.595: [Full GC (Allocation Failure) [PSYoungGen: 32K->0K(1536K)] [ParOldGen: 7543K->2529K(8192K)] 7575K->2529K(9728K), [Metaspace: 3328K->3328K(1056768K)], 0.0025597 secs] [Times: user=0.01 sys=0.00, real=0.00 secs] 
5.598: [GC (Allocation Failure) [PSYoungGen: 737K->32K(1536K)] 8282K->7577K(9728K), 0.0008368 secs] [Times: user=0.00 sys=0.00, real=0.00 secs] 
5.599: [GC (Allocation Failure) [PSYoungGen: 32K->32K(1536K)] 7577K->7577K(9728K), 0.0002748 secs] [Times: user=0.00 sys=0.00, real=0.00 secs] 
5.600: [Full GC (Allocation Failure) [PSYoungGen: 32K->0K(1536K)] [ParOldGen: 7545K->2530K(8192K)] 7577K->2530K(9728K), [Metaspace: 3328K->3328K(1056768K)], 0.0025182 secs] [Times: user=0.01 sys=0.00, real=0.00 secs] 
5.603: [GC (Allocation Failure) [PSYoungGen: 737K->32K(1536K)] 8286K->7580K(9728K), 0.0008404 secs] [Times: user=0.00 sys=0.00, real=0.01 secs] 
5.603: [GC (Allocation Failure) [PSYoungGen: 32K->32K(1536K)] 7580K->7580K(9728K), 0.0002716 secs] [Times: user=0.00 sys=0.00, real=0.00 secs] 
5.604: [Full GC (Allocation Failure) [PSYoungGen: 32K->0K(1536K)] [ParOldGen: 7548K->2531K(8192K)] 7580K->2531K(9728K), [Metaspace: 3328K->3328K(1056768K)], 0.0025457 secs] [Times: user=0.01 sys=0.00, real=0.00 secs] 
5.607: [GC (Allocation Failure) [PSYoungGen: 737K->32K(1536K)] 8289K->7583K(9728K), 0.0008434 secs] [Times: user=0.00 sys=0.00, real=0.00 secs] 
5.608: [GC (Allocation Failure) [PSYoungGen: 32K->32K(1536K)] 7583K->7583K(9728K), 0.0002919 secs] [Times: user=0.00 sys=0.00, real=0.00 secs] 
5.608: [Full GC (Allocation Failure) [PSYoungGen: 32K->0K(1536K)] [ParOldGen: 7551K->2531K(8192K)] 7583K->2531K(9728K), [Metaspace: 3328K->3328K(1056768K)], 0.0025290 secs] [Times: user=0.00 sys=0.00, real=0.00 secs] 
5.611: [GC (Allocation Failure) [PSYoungGen: 738K->32K(1536K)] 8292K->7586K(9728K), 0.0008628 secs] [Times: user=0.01 sys=0.00, real=0.00 secs] 
5.612: [GC (Allocation Failure) [PSYoungGen: 32K->32K(1536K)] 7586K->7586K(9728K), 0.0002731 secs] [Times: user=0.00 sys=0.00, real=0.00 secs] 
5.612: [Full GC (Allocation Failure) [PSYoungGen: 32K->0K(1536K)] [ParOldGen: 7554K->2532K(8192K)] 7586K->2532K(9728K), [Metaspace: 3328K->3328K(1056768K)], 0.0025255 secs] [Times: user=0.00 sys=0.00, real=0.01 secs] 
5.615: [GC (Allocation Failure) [PSYoungGen: 738K->32K(1536K)] 8295K->7589K(9728K), 0.0008309 secs] [Times: user=0.01 sys=0.00, real=0.00 secs] 
5.616: [GC (Allocation Failure) [PSYoungGen: 32K->32K(1536K)] 7589K->7589K(9728K), 0.0002561 secs] [Times: user=0.00 sys=0.00, real=0.00 secs] 
5.616: [Full GC (Allocation Failure) [PSYoungGen: 32K->0K(1536K)] [ParOldGen: 7557K->2533K(8192K)] 7589K->2533K(9728K), [Metaspace: 3328K->3328K(1056768K)], 0.0020799 secs] [Times: user=0.00 sys=0.00, real=0.00 secs] 
5.619: [GC (Allocation Failure) [PSYoungGen: 738K->32K(1536K)] 8298K->7592K(9728K), 0.0008307 secs] [Times: user=0.00 sys=0.00, real=0.00 secs] 
5.620: [GC (Allocation Failure) [PSYoungGen: 32K->32K(1536K)] 7592K->7592K(9728K), 0.0002519 secs] [Times: user=0.00 sys=0.00, real=0.00 secs] 
5.620: [Full GC (Allocation Failure) [PSYoungGen: 32K->0K(1536K)] [ParOldGen: 7560K->2533K(8192K)] 7592K->2533K(9728K), [Metaspace: 3328K->3328K(1056768K)], 0.0021683 secs] [Times: user=0.01 sys=0.00, real=0.00 secs] 
5.623: [GC (Allocation Failure) [PSYoungGen: 738K->32K(1536K)] 8302K->7595K(9728K), 0.0003401 secs] [Times: user=0.00 sys=0.00, real=0.00 secs] 
5.623: [GC (Allocation Failure) [PSYoungGen: 32K->32K(1536K)] 7595K->7595K(9728K), 0.0008263 secs] [Times: user=0.00 sys=0.00, real=0.00 secs] 
5.624: [Full GC (Allocation Failure) [PSYoungGen: 32K->0K(1536K)] [ParOldGen: 7563K->2534K(8192K)] 7595K->2534K(9728K), [Metaspace: 3328K->3328K(1056768K)], 0.0026052 secs] [Times: user=0.01 sys=0.01, real=0.00 secs] 
5.627: [GC (Allocation Failure) [PSYoungGen: 739K->32K(1536K)] 8305K->7598K(9728K), 0.0003263 secs] [Times: user=0.00 sys=0.00, real=0.00 secs] 
5.628: [GC (Allocation Failure) [PSYoungGen: 32K->32K(1536K)] 7598K->7598K(9728K), 0.0002658 secs] [Times: user=0.00 sys=0.00, real=0.00 secs] 
5.628: [Full GC (Allocation Failure) [PSYoungGen: 32K->0K(1536K)] [ParOldGen: 7566K->2535K(8192K)] 7598K->2535K(9728K), [Metaspace: 3328K->3328K(1056768K)], 0.0024895 secs] [Times: user=0.00 sys=0.00, real=0.00 secs] 
5.631: [GC (Allocation Failure) [PSYoungGen: 739K->32K(1536K)] 8308K->7600K(9728K), 0.0008734 secs] [Times: user=0.01 sys=0.00, real=0.00 secs] 
5.632: [GC (Allocation Failure) [PSYoungGen: 32K->32K(1536K)] 7600K->7600K(9728K), 0.0008145 secs] [Times: user=0.00 sys=0.00, real=0.00 secs] 
5.633: [Full GC (Allocation Failure) [PSYoungGen: 32K->0K(1536K)] [ParOldGen: 7568K->2535K(8192K)] 7600K->2535K(9728K), [Metaspace: 3328K->3328K(1056768K)], 0.0022874 secs] [Times: user=0.00 sys=0.00, real=0.01 secs] 
5.635: [GC (Allocation Failure) [PSYoungGen: 739K->32K(1536K)] 8311K->7603K(9728K), 0.0003216 secs] [Times: user=0.00 sys=0.00, real=0.00 secs] 
5.636: [GC (Allocation Failure) [PSYoungGen: 32K->32K(1536K)] 7603K->7603K(9728K), 0.0002518 secs] [Times: user=0.01 sys=0.00, real=0.00 secs] 
5.636: [Full GC (Allocation Failure) [PSYoungGen: 32K->0K(1536K)] [ParOldGen: 7571K->2536K(8192K)] 7603K->2536K(9728K), [Metaspace: 3328K->3328K(1056768K)], 0.0025192 secs] [Times: user=0.00 sys=0.00, real=0.00 secs] 
5.639: [GC (Allocation Failure) [PSYoungGen: 740K->32K(1536K)] 8314K->7606K(9728K), 0.0008491 secs] [Times: user=0.00 sys=0.00, real=0.00 secs] 
5.640: [GC (Allocation Failure) [PSYoungGen: 32K->32K(1536K)] 7606K->7606K(9728K), 0.0002748 secs] [Times: user=0.00 sys=0.00, real=0.00 secs] 
5.640: [Full GC (Allocation Failure) [PSYoungGen: 32K->0K(1536K)] [ParOldGen: 7574K->2536K(8192K)] 7606K->2536K(9728K), [Metaspace: 3328K->3328K(1056768K)], 0.0021447 secs] [Times: user=0.01 sys=0.00, real=0.00 secs] 
5.643: [GC (Allocation Failure) [PSYoungGen: 740K->32K(1536K)] 8318K->7609K(9728K), 0.0008483 secs] [Times: user=0.00 sys=0.00, real=0.00 secs] 
5.644: [GC (Allocation Failure) [PSYoungGen: 32K->32K(1536K)] 7609K->7609K(9728K), 0.0002709 secs] [Times: user=0.00 sys=0.00, real=0.00 secs] 
5.644: [Full GC (Allocation Failure) [PSYoungGen: 32K->0K(1536K)] [ParOldGen: 7577K->2537K(8192K)] 7609K->2537K(9728K), [Metaspace: 3328K->3328K(1056768K)], 0.0020858 secs] [Times: user=0.01 sys=0.00, real=0.00 secs] 
5.647: [GC (Allocation Failure) [PSYoungGen: 740K->32K(1536K)] 8321K->7612K(9728K), 0.0008377 secs] [Times: user=0.00 sys=0.00, real=0.00 secs] 
5.648: [GC (Allocation Failure) [PSYoungGen: 32K->32K(1536K)] 7612K->7612K(9728K), 0.0003175 secs] [Times: user=0.00 sys=0.00, real=0.00 secs] 
5.648: [Full GC (Allocation Failure) [PSYoungGen: 32K->0K(1536K)] [ParOldGen: 7580K->2538K(8192K)] 7612K->2538K(9728K), [Metaspace: 3328K->3328K(1056768K)], 0.0020632 secs] [Times: user=0.00 sys=0.00, real=0.00 secs] 
5.650: [GC (Allocation Failure) [PSYoungGen: 741K->32K(1536K)] 8324K->7615K(9728K), 0.0008309 secs] [Times: user=0.01 sys=0.00, real=0.00 secs] 
5.651: [GC (Allocation Failure) [PSYoungGen: 32K->32K(1536K)] 7615K->7615K(9728K), 0.0002716 secs] [Times: user=0.00 sys=0.00, real=0.00 secs] 
5.652: [Full GC (Allocation Failure) [PSYoungGen: 32K->0K(1536K)] [ParOldGen: 7583K->2538K(8192K)] 7615K->2538K(9728K), [Metaspace: 3328K->3328K(1056768K)], 0.0025197 secs] [Times: user=0.00 sys=0.00, real=0.01 secs] 
5.655: [GC (Allocation Failure) [PSYoungGen: 741K->32K(1536K)] 8327K->7618K(9728K), 0.0008425 secs] [Times: user=0.00 sys=0.00, real=0.00 secs] 
5.656: [GC (Allocation Failure) [PSYoungGen: 32K->32K(1536K)] 7618K->7618K(9728K), 0.0002814 secs] [Times: user=0.01 sys=0.00, real=0.00 secs] 
5.656: [Full GC (Allocation Failure) [PSYoungGen: 32K->0K(1536K)] [ParOldGen: 7586K->2539K(8192K)] 7618K->2539K(9728K), [Metaspace: 3328K->3328K(1056768K)], 0.0021860 secs] [Times: user=0.00 sys=0.00, real=0.00 secs] 
5.659: [GC (Allocation Failure) [PSYoungGen: 741K->32K(1536K)] 8330K->7621K(9728K), 0.0008318 secs] [Times: user=0.00 sys=0.00, real=0.00 secs] 
5.659: [GC (Allocation Failure) [PSYoungGen: 32K->32K(1536K)] 7621K->7621K(9728K), 0.0002590 secs] [Times: user=0.00 sys=0.00, real=0.00 secs] 
5.660: [Full GC (Allocation Failure) [PSYoungGen: 32K->0K(1536K)] [ParOldGen: 7589K->2540K(8192K)] 7621K->2540K(9728K), [Metaspace: 3328K->3328K(1056768K)], 0.0020170 secs] [Times: user=0.01 sys=0.00, real=0.00 secs] 
5.662: [GC (Allocation Failure) [PSYoungGen: 742K->32K(1536K)] 8334K->7624K(9728K), 0.0008337 secs] [Times: user=0.00 sys=0.00, real=0.01 secs] 
5.663: [GC (Allocation Failure) [PSYoungGen: 32K->32K(1536K)] 7624K->7624K(9728K), 0.0002740 secs] [Times: user=0.00 sys=0.00, real=0.00 secs] 
5.663: [Full GC (Allocation Failure) [PSYoungGen: 32K->0K(1536K)] [ParOldGen: 7592K->2540K(8192K)] 7624K->2540K(9728K), [Metaspace: 3328K->3328K(1056768K)], 0.0025838 secs] [Times: user=0.01 sys=0.00, real=0.00 secs] 
5.666: [GC (Allocation Failure) [PSYoungGen: 742K->32K(1536K)] 8337K->7626K(9728K), 0.0008302 secs] [Times: user=0.00 sys=0.00, real=0.00 secs] 
5.667: [GC (Allocation Failure) [PSYoungGen: 32K->32K(1536K)] 7626K->7626K(9728K), 0.0002607 secs] [Times: user=0.00 sys=0.00, real=0.00 secs] 
5.668: [Full GC (Allocation Failure) [PSYoungGen: 32K->0K(1536K)] [ParOldGen: 7594K->2541K(8192K)] 7626K->2541K(9728K), [Metaspace: 3328K->3328K(1056768K)], 0.0025505 secs] [Times: user=0.00 sys=0.00, real=0.00 secs] 
5.671: [GC (Allocation Failure) [PSYoungGen: 742K->32K(1536K)] 8340K->7629K(9728K), 0.0008414 secs] [Times: user=0.00 sys=0.00, real=0.00 secs] 
5.672: [GC (Allocation Failure) [PSYoungGen: 32K->32K(1536K)] 7629K->7629K(9728K), 0.0002518 secs] [Times: user=0.00 sys=0.00, real=0.00 secs] 
5.672: [Full GC (Allocation Failure) [PSYoungGen: 32K->0K(1536K)] [ParOldGen: 7597K->2542K(8192K)] 7629K->2542K(9728K), [Metaspace: 3328K->3328K(1056768K)], 0.0025013 secs] [Times: user=0.00 sys=0.00, real=0.01 secs] 
5.675: [GC (Allocation Failure) [PSYoungGen: 743K->32K(1536K)] 8343K->7632K(9728K), 0.0008423 secs] [Times: user=0.01 sys=0.00, real=0.00 secs] 
5.676: [GC (Allocation Failure) [PSYoungGen: 32K->32K(1536K)] 7632K->7632K(9728K), 0.0002658 secs] [Times: user=0.00 sys=0.00, real=0.00 secs] 
5.676: [Full GC (Allocation Failure) [PSYoungGen: 32K->0K(1536K)] [ParOldGen: 7600K->2542K(8192K)] 7632K->2542K(9728K), [Metaspace: 3328K->3328K(1056768K)], 0.0025410 secs] [Times: user=0.00 sys=0.00, real=0.00 secs] 
5.679: [GC (Allocation Failure) [PSYoungGen: 743K->32K(1536K)] 8346K->7635K(9728K), 0.0005155 secs] [Times: user=0.00 sys=0.00, real=0.00 secs] 
5.680: [GC (Allocation Failure) [PSYoungGen: 32K->32K(1536K)] 7635K->7635K(9728K), 0.0008012 secs] [Times: user=0.01 sys=0.00, real=0.00 secs] 
5.681: [Full GC (Allocation Failure) [PSYoungGen: 32K->0K(1536K)] [ParOldGen: 7603K->2543K(8192K)] 7635K->2543K(9728K), [Metaspace: 3328K->3328K(1056768K)], 0.0033096 secs] [Times: user=0.00 sys=0.00, real=0.01 secs] 
5.685: [GC (Allocation Failure) [PSYoungGen: 743K->32K(1536K)] 8350K->7638K(9728K), 0.0004532 secs] [Times: user=0.00 sys=0.00, real=0.00 secs] 
5.685: [GC (Allocation Failure) [PSYoungGen: 32K->32K(1536K)] 7638K->7638K(9728K), 0.0004727 secs] [Times: user=0.00 sys=0.00, real=0.00 secs] 
5.686: [Full GC (Allocation Failure) [PSYoungGen: 32K->0K(1536K)] [ParOldGen: 7606K->2544K(8192K)] 7638K->2544K(9728K), [Metaspace: 3328K->3328K(1056768K)], 0.0044192 secs] [Times: user=0.01 sys=0.00, real=0.00 secs] 
5.691: [GC (Allocation Failure) [PSYoungGen: 744K->32K(1536K)] 8353K->7641K(9728K), 0.0008393 secs] [Times: user=0.01 sys=0.00, real=0.00 secs] 
5.692: [GC (Allocation Failure) [PSYoungGen: 32K->32K(1536K)] 7641K->7641K(9728K), 0.0007827 secs] [Times: user=0.00 sys=0.00, real=0.00 secs] 
5.692: [Full GC (Allocation Failure) [PSYoungGen: 32K->0K(1536K)] [ParOldGen: 7609K->2544K(8192K)] 7641K->2544K(9728K), [Metaspace: 3328K->3328K(1056768K)], 0.0022633 secs] [Times: user=0.00 sys=0.00, real=0.01 secs] 
5.695: [GC (Allocation Failure) [PSYoungGen: 744K->32K(1536K)] 8356K->7644K(9728K), 0.0008341 secs] [Times: user=0.01 sys=0.00, real=0.00 secs] 
5.696: [GC (Allocation Failure) [PSYoungGen: 32K->32K(1536K)] 7644K->7644K(9728K), 0.0002807 secs] [Times: user=0.00 sys=0.00, real=0.00 secs] 
5.696: [Full GC (Allocation Failure) [PSYoungGen: 32K->0K(1536K)] [ParOldGen: 7612K->2545K(8192K)] 7644K->2545K(9728K), [Metaspace: 3328K->3328K(1056768K)], 0.0022604 secs] [Times: user=0.00 sys=0.00, real=0.00 secs] 
5.699: [GC (Allocation Failure) [PSYoungGen: 744K->32K(1536K)] 8359K->7647K(9728K), 0.0008409 secs] [Times: user=0.00 sys=0.00, real=0.00 secs] 
5.700: [GC (Allocation Failure) [PSYoungGen: 32K->32K(1536K)] 7647K->7647K(9728K), 0.0002602 secs] [Times: user=0.00 sys=0.00, real=0.00 secs] 
5.700: [Full GC (Allocation Failure) [PSYoungGen: 32K->0K(1536K)] [ParOldGen: 7615K->2545K(8192K)] 7647K->2545K(9728K), [Metaspace: 3328K->3328K(1056768K)], 0.0021807 secs] [Times: user=0.01 sys=0.00, real=0.00 secs] 
5.703: [GC (Allocation Failure) [PSYoungGen: 745K->32K(1536K)] 8363K->7649K(9728K), 0.0008392 secs] [Times: user=0.00 sys=0.00, real=0.00 secs] 
5.704: [GC (Allocation Failure) [PSYoungGen: 32K->32K(1536K)] 7649K->7649K(9728K), 0.0002694 secs] [Times: user=0.00 sys=0.00, real=0.00 secs] 
5.704: [Full GC (Allocation Failure) [PSYoungGen: 32K->0K(1536K)] [ParOldGen: 7617K->2546K(8192K)] 7649K->2546K(9728K), [Metaspace: 3328K->3328K(1056768K)], 0.0022076 secs] [Times: user=0.01 sys=0.00, real=0.00 secs] 
5.707: [GC (Allocation Failure) [PSYoungGen: 745K->32K(1536K)] 8366K->7652K(9728K), 0.0008268 secs] [Times: user=0.00 sys=0.00, real=0.00 secs] 
5.708: [GC (Allocation Failure) [PSYoungGen: 32K->32K(1536K)] 7652K->7652K(9728K), 0.0002577 secs] [Times: user=0.00 sys=0.00, real=0.00 secs] 
5.708: [Full GC (Allocation Failure) [PSYoungGen: 32K->0K(1536K)] [ParOldGen: 7620K->2547K(8192K)] 7652K->2547K(9728K), [Metaspace: 3328K->3328K(1056768K)], 0.0025596 secs] [Times: user=0.01 sys=0.00, real=0.00 secs] 
5.711: [GC (Allocation Failure) [PSYoungGen: 745K->32K(1536K)] 8369K->7655K(9728K), 0.0008382 secs] [Times: user=0.00 sys=0.00, real=0.00 secs] 
5.712: [GC (Allocation Failure) [PSYoungGen: 32K->32K(1536K)] 7655K->7655K(9728K), 0.0003099 secs] [Times: user=0.00 sys=0.00, real=0.00 secs] 
5.712: [Full GC (Allocation Failure) [PSYoungGen: 32K->0K(1536K)] [ParOldGen: 7623K->2547K(8192K)] 7655K->2547K(9728K), [Metaspace: 3328K->3328K(1056768K)], 0.0020054 secs] [Times: user=0.00 sys=0.00, real=0.01 secs] 
5.715: [GC (Allocation Failure) [PSYoungGen: 746K->32K(1536K)] 8372K->7658K(9728K), 0.0008455 secs] [Times: user=0.01 sys=0.00, real=0.00 secs] 
5.716: [GC (Allocation Failure) [PSYoungGen: 32K->32K(1536K)] 7658K->7658K(9728K), 0.0002568 secs] [Times: user=0.00 sys=0.00, real=0.00 secs] 
5.716: [Full GC (Allocation Failure) [PSYoungGen: 32K->0K(1536K)] [ParOldGen: 7626K->2548K(8192K)] 7658K->2548K(9728K), [Metaspace: 3328K->3328K(1056768K)], 0.0025123 secs] [Times: user=0.00 sys=0.00, real=0.00 secs] 
5.719: [GC (Allocation Failure) [PSYoungGen: 746K->32K(1536K)] 8375K->7661K(9728K), 0.0003092 secs] [Times: user=0.00 sys=0.00, real=0.00 secs] 
5.719: [GC (Allocation Failure) [PSYoungGen: 32K->32K(1536K)] 7661K->7661K(9728K), 0.0002835 secs] [Times: user=0.00 sys=0.00, real=0.00 secs] 
5.720: [Full GC (Allocation Failure) [PSYoungGen: 32K->0K(1536K)] [ParOldGen: 7629K->2549K(8192K)] 7661K->2549K(9728K), [Metaspace: 3328K->3328K(1056768K)], 0.0022070 secs] [Times: user=0.01 sys=0.00, real=0.00 secs] 
5.722: [GC (Allocation Failure) [PSYoungGen: 746K->32K(1536K)] 8379K->7664K(9728K), 0.0008488 secs] [Times: user=0.00 sys=0.00, real=0.01 secs] 
5.723: [GC (Allocation Failure) [PSYoungGen: 32K->32K(1536K)] 7664K->7664K(9728K), 0.0002588 secs] [Times: user=0.00 sys=0.00, real=0.00 secs] 
5.724: [Full GC (Allocation Failure) [PSYoungGen: 32K->0K(1536K)] [ParOldGen: 7632K->2549K(8192K)] 7664K->2549K(9728K), [Metaspace: 3328K->3328K(1056768K)], 0.0024130 secs] [Times: user=0.01 sys=0.00, real=0.00 secs] 
5.727: [GC (Allocation Failure) [PSYoungGen: 746K->32K(1536K)] 8382K->7667K(9728K), 0.0008470 secs] [Times: user=0.00 sys=0.00, real=0.00 secs] 
5.727: [GC (Allocation Failure) [PSYoungGen: 32K->32K(1536K)] 7667K->7667K(9728K), 0.0002498 secs] [Times: user=0.00 sys=0.00, real=0.00 secs] 
5.728: [Full GC (Allocation Failure) [PSYoungGen: 32K->0K(1536K)] [ParOldGen: 7635K->2550K(8192K)] 7667K->2550K(9728K), [Metaspace: 3328K->3328K(1056768K)], 0.0021802 secs] [Times: user=0.00 sys=0.00, real=0.00 secs] 
5.730: [GC (Allocation Failure) [PSYoungGen: 747K->32K(1536K)] 8385K->7670K(9728K), 0.0004337 secs] [Times: user=0.01 sys=0.00, real=0.00 secs] 
5.731: [GC (Allocation Failure) [PSYoungGen: 32K->32K(1536K)] 7670K->7670K(9728K), 0.0007873 secs] [Times: user=0.00 sys=0.00, real=0.00 secs] 
5.732: [Full GC (Allocation Failure) [PSYoungGen: 32K->0K(1536K)] [ParOldGen: 7638K->2551K(8192K)] 7670K->2551K(9728K), [Metaspace: 3328K->3328K(1056768K)], 0.0025547 secs] [Times: user=0.00 sys=0.00, real=0.01 secs] 
5.735: [GC (Allocation Failure) [PSYoungGen: 747K->32K(1536K)] 8388K->7673K(9728K), 0.0008496 secs] [Times: user=0.01 sys=0.00, real=0.00 secs] 
5.736: [GC (Allocation Failure) [PSYoungGen: 32K->32K(1536K)] 7673K->7673K(9728K), 0.0007870 secs] [Times: user=0.00 sys=0.00, real=0.00 secs] 
5.736: [Full GC (Allocation Failure) [PSYoungGen: 32K->0K(1536K)] [ParOldGen: 7641K->2551K(8192K)] 7673K->2551K(9728K), [Metaspace: 3328K->3328K(1056768K)], 0.0023402 secs] [Times: user=0.00 sys=0.00, real=0.00 secs] 
5.739: [GC (Allocation Failure) [PSYoungGen: 747K->32K(1536K)] 8391K->7675K(9728K), 0.0008378 secs] [Times: user=0.01 sys=0.00, real=0.00 secs] 
5.740: [GC (Allocation Failure) [PSYoungGen: 32K->32K(1536K)] 7675K->7675K(9728K), 0.0002536 secs] [Times: user=0.00 sys=0.00, real=0.00 secs] 
5.740: [Full GC (Allocation Failure) [PSYoungGen: 32K->0K(1536K)] [ParOldGen: 7643K->2552K(8192K)] 7675K->2552K(9728K), [Metaspace: 3328K->3328K(1056768K)], 0.0021986 secs] [Times: user=0.00 sys=0.00, real=0.00 secs] 
5.743: [GC (Allocation Failure) [PSYoungGen: 748K->32K(1536K)] 8395K->7678K(9728K), 0.0008430 secs] [Times: user=0.00 sys=0.00, real=0.00 secs] 
5.744: [GC (Allocation Failure) [PSYoungGen: 32K->32K(1536K)] 7678K->7678K(9728K), 0.0002783 secs] [Times: user=0.00 sys=0.00, real=0.00 secs] 
5.744: [Full GC (Allocation Failure) [PSYoungGen: 32K->0K(1536K)] [ParOldGen: 7646K->2552K(8192K)] 7678K->2552K(9728K), [Metaspace: 3328K->3328K(1056768K)], 0.0020526 secs] [Times: user=0.01 sys=0.00, real=0.00 secs] 
5.747: [GC (Allocation Failure) [PSYoungGen: 748K->32K(1536K)] 8398K->7681K(9728K), 0.0008413 secs] [Times: user=0.00 sys=0.00, real=0.00 secs] 
5.748: [GC (Allocation Failure) [PSYoungGen: 32K->32K(1536K)] 7681K->7681K(9728K), 0.0002591 secs] [Times: user=0.00 sys=0.00, real=0.00 secs] 
5.748: [Full GC (Allocation Failure) [PSYoungGen: 32K->0K(1536K)] [ParOldGen: 7649K->2553K(8192K)] 7681K->2553K(9728K), [Metaspace: 3328K->3328K(1056768K)], 0.0020362 secs] [Times: user=0.01 sys=0.00, real=0.00 secs] 
5.751: [GC (Allocation Failure) [PSYoungGen: 748K->32K(1536K)] 8401K->7684K(9728K), 0.0008361 secs] [Times: user=0.00 sys=0.00, real=0.00 secs] 
5.752: [GC (Allocation Failure) [PSYoungGen: 32K->32K(1536K)] 7684K->7684K(9728K), 0.0002637 secs] [Times: user=0.00 sys=0.00, real=0.00 secs] 
5.752: [Full GC (Allocation Failure) [PSYoungGen: 32K->0K(1536K)] [ParOldGen: 7652K->2554K(8192K)] 7684K->2554K(9728K), [Metaspace: 3328K->3328K(1056768K)], 0.0022477 secs] [Times: user=0.00 sys=0.00, real=0.01 secs] 
5.755: [GC (Allocation Failure) [PSYoungGen: 749K->32K(1536K)] 8404K->7687K(9728K), 0.0008520 secs] [Times: user=0.01 sys=0.00, real=0.00 secs] 
5.755: [GC (Allocation Failure) [PSYoungGen: 32K->32K(1536K)] 7687K->7687K(9728K), 0.0007830 secs] [Times: user=0.00 sys=0.00, real=0.00 secs] 
5.756: [Full GC (Allocation Failure) [PSYoungGen: 32K->0K(1536K)] [ParOldGen: 7655K->2554K(8192K)] 7687K->2554K(9728K), [Metaspace: 3328K->3328K(1056768K)], 0.0022426 secs] [Times: user=0.00 sys=0.00, real=0.00 secs] 
5.759: [GC (Allocation Failure) [PSYoungGen: 749K->32K(1536K)] 8407K->7690K(9728K), 0.0008248 secs] [Times: user=0.01 sys=0.00, real=0.00 secs] 
5.760: [GC (Allocation Failure) [PSYoungGen: 32K->32K(1536K)] 7690K->7690K(9728K), 0.0002826 secs] [Times: user=0.00 sys=0.00, real=0.00 secs] 
5.760: [Full GC (Allocation Failure) [PSYoungGen: 32K->0K(1536K)] [ParOldGen: 7658K->2555K(8192K)] 7690K->2555K(9728K), [Metaspace: 3328K->3328K(1056768K)], 0.0025749 secs] [Times: user=0.00 sys=0.00, real=0.01 secs] 
5.763: [GC (Allocation Failure) [PSYoungGen: 749K->32K(1536K)] 8411K->7693K(9728K), 0.0008348 secs] [Times: user=0.00 sys=0.00, real=0.00 secs] 
5.764: [GC (Allocation Failure) [PSYoungGen: 32K->32K(1536K)] 7693K->7693K(9728K), 0.0002639 secs] [Times: user=0.00 sys=0.00, real=0.00 secs] 
5.765: [Full GC (Allocation Failure) [PSYoungGen: 32K->0K(1536K)] [ParOldGen: 7661K->2556K(8192K)] 7693K->2556K(9728K), [Metaspace: 3328K->3328K(1056768K)], 0.0022153 secs] [Times: user=0.01 sys=0.00, real=0.00 secs] 
5.767: [GC (Allocation Failure) [PSYoungGen: 750K->32K(1536K)] 8414K->7696K(9728K), 0.0008359 secs] [Times: user=0.00 sys=0.00, real=0.00 secs] 
5.768: [GC (Allocation Failure) [PSYoungGen: 32K->32K(1536K)] 7696K->7696K(9728K), 0.0002634 secs] [Times: user=0.00 sys=0.00, real=0.00 secs] 
5.768: [Full GC (Allocation Failure) [PSYoungGen: 32K->0K(1536K)] [ParOldGen: 7664K->2556K(8192K)] 7696K->2556K(9728K), [Metaspace: 3328K->3328K(1056768K)], 0.0025491 secs] [Times: user=0.01 sys=0.00, real=0.00 secs] 
5.772: [GC (Allocation Failure) [PSYoungGen: 750K->32K(1536K)] 8417K->7698K(9728K), 0.0008419 secs] [Times: user=0.00 sys=0.00, real=0.00 secs] 
5.772: [GC (Allocation Failure) [PSYoungGen: 32K->32K(1536K)] 7698K->7698K(9728K), 0.0002462 secs] [Times: user=0.00 sys=0.00, real=0.00 secs] 
5.773: [Full GC (Allocation Failure) [PSYoungGen: 32K->0K(1536K)] [ParOldGen: 7666K->2557K(8192K)] 7698K->2557K(9728K), [Metaspace: 3328K->3328K(1056768K)], 0.0025609 secs] [Times: user=0.01 sys=0.00, real=0.01 secs] 
5.776: [GC (Allocation Failure) [PSYoungGen: 750K->32K(1536K)] 8420K->7701K(9728K), 0.0008380 secs] [Times: user=0.00 sys=0.00, real=0.00 secs] 
5.777: [GC (Allocation Failure) [PSYoungGen: 32K->32K(1536K)] 7701K->7701K(9728K), 0.0002871 secs] [Times: user=0.00 sys=0.00, real=0.00 secs] 
5.777: [Full GC (Allocation Failure) [PSYoungGen: 32K->0K(1536K)] [ParOldGen: 7669K->2558K(8192K)] 7701K->2558K(9728K), [Metaspace: 3328K->3328K(1056768K)], 0.0023664 secs] [Times: user=0.01 sys=0.00, real=0.00 secs] 
5.780: [GC (Allocation Failure) [PSYoungGen: 751K->32K(1536K)] 8423K->7704K(9728K), 0.0008446 secs] [Times: user=0.00 sys=0.00, real=0.00 secs] 
5.781: [GC (Allocation Failure) [PSYoungGen: 32K->32K(1536K)] 7704K->7704K(9728K), 0.0002797 secs] [Times: user=0.00 sys=0.00, real=0.00 secs] 
5.781: [Full GC (Allocation Failure) [PSYoungGen: 32K->0K(1536K)] [ParOldGen: 7672K->2558K(8192K)] 7704K->2558K(9728K), [Metaspace: 3328K->3328K(1056768K)], 0.0023999 secs] [Times: user=0.00 sys=0.00, real=0.01 secs] 
5.784: [GC (Allocation Failure) [PSYoungGen: 751K->32K(1536K)] 8427K->7707K(9728K), 0.0008325 secs] [Times: user=0.01 sys=0.00, real=0.00 secs] 
5.785: [GC (Allocation Failure) [PSYoungGen: 32K->32K(1536K)] 7707K->7707K(9728K), 0.0002493 secs] [Times: user=0.00 sys=0.00, real=0.00 secs] 
5.785: [Full GC (Allocation Failure) [PSYoungGen: 32K->0K(1536K)] [ParOldGen: 7675K->2559K(8192K)] 7707K->2559K(9728K), [Metaspace: 3328K->3328K(1056768K)], 0.0020444 secs] [Times: user=0.00 sys=0.00, real=0.00 secs] 
5.788: [GC (Allocation Failure) [PSYoungGen: 751K->32K(1536K)] 8430K->7710K(9728K), 0.0008369 secs] [Times: user=0.00 sys=0.00, real=0.00 secs] 
5.788: [GC (Allocation Failure) [PSYoungGen: 32K->32K(1536K)] 7710K->7710K(9728K), 0.0002540 secs] [Times: user=0.00 sys=0.00, real=0.00 secs] 
5.789: [Full GC (Allocation Failure) [PSYoungGen: 32K->0K(1536K)] [ParOldGen: 7678K->2560K(8192K)] 7710K->2560K(9728K), [Metaspace: 3328K->3328K(1056768K)], 0.0021629 secs] [Times: user=0.01 sys=0.00, real=0.00 secs] 
5.791: [GC (Allocation Failure) [PSYoungGen: 752K->32K(1536K)] 8433K->7713K(9728K), 0.0003160 secs] [Times: user=0.00 sys=0.00, real=0.00 secs] 
5.792: [GC (Allocation Failure) [PSYoungGen: 32K->32K(1536K)] 7713K->7713K(9728K), 0.0002664 secs] [Times: user=0.00 sys=0.00, real=0.00 secs] 
5.792: [Full GC (Allocation Failure) [PSYoungGen: 32K->0K(1536K)] [ParOldGen: 7681K->2560K(8192K)] 7713K->2560K(9728K), [Metaspace: 3328K->3328K(1056768K)], 0.0025179 secs] [Times: user=0.01 sys=0.00, real=0.01 secs] 
5.795: [GC (Allocation Failure) [PSYoungGen: 752K->32K(1536K)] 8436K->7716K(9728K), 0.0008897 secs] [Times: user=0.00 sys=0.00, real=0.00 secs] 
5.796: [GC (Allocation Failure) [PSYoungGen: 32K->32K(1536K)] 7716K->7716K(9728K), 0.0007976 secs] [Times: user=0.00 sys=0.00, real=0.00 secs] 
5.797: [Full GC (Allocation Failure) [PSYoungGen: 32K->0K(1536K)] [ParOldGen: 7684K->2561K(8192K)] 7716K->2561K(9728K), [Metaspace: 3328K->3328K(1056768K)], 0.0024870 secs] [Times: user=0.01 sys=0.00, real=0.00 secs] 
5.800: [GC (Allocation Failure) [PSYoungGen: 752K->32K(1536K)] 8439K->7719K(9728K), 0.0008277 secs] [Times: user=0.00 sys=0.00, real=0.00 secs] 
5.801: [GC (Allocation Failure) [PSYoungGen: 32K->32K(1536K)] 7719K->7719K(9728K), 0.0002475 secs] [Times: user=0.00 sys=0.00, real=0.00 secs] 
5.801: [Full GC (Allocation Failure) [PSYoungGen: 32K->0K(1536K)] [ParOldGen: 7687K->2561K(8192K)] 7719K->2561K(9728K), [Metaspace: 3328K->3328K(1056768K)], 0.0024980 secs] [Times: user=0.01 sys=0.00, real=0.01 secs] 
5.804: [GC (Allocation Failure) [PSYoungGen: 753K->32K(1536K)] 8443K->7722K(9728K), 0.0005612 secs] [Times: user=0.00 sys=0.00, real=0.00 secs] 
5.805: [GC (Allocation Failure) [PSYoungGen: 32K->32K(1536K)] 7722K->7722K(9728K), 0.0002777 secs] [Times: user=0.00 sys=0.00, real=0.00 secs] 
5.805: [Full GC (Allocation Failure) [PSYoungGen: 32K->0K(1536K)] [ParOldGen: 7690K->2562K(8192K)] 7722K->2562K(9728K), [Metaspace: 3328K->3328K(1056768K)], 0.0025343 secs] [Times: user=0.00 sys=0.00, real=0.00 secs] 
5.808: [GC (Allocation Failure) [PSYoungGen: 753K->32K(1536K)] 8446K->7724K(9728K), 0.0008425 secs] [Times: user=0.01 sys=0.00, real=0.00 secs] 
5.809: [GC (Allocation Failure) [PSYoungGen: 32K->32K(1536K)] 7724K->7724K(9728K), 0.0002760 secs] [Times: user=0.00 sys=0.00, real=0.00 secs] 
5.809: [Full GC (Allocation Failure) [PSYoungGen: 32K->0K(1536K)] [ParOldGen: 7692K->2563K(8192K)] 7724K->2563K(9728K), [Metaspace: 3328K->3328K(1056768K)], 0.0025237 secs] [Times: user=0.00 sys=0.00, real=0.00 secs] 
5.812: [GC (Allocation Failure) [PSYoungGen: 753K->32K(1536K)] 8449K->7727K(9728K), 0.0008662 secs] [Times: user=0.00 sys=0.00, real=0.01 secs] 
5.813: [GC (Allocation Failure) [PSYoungGen: 32K->32K(1536K)] 7727K->7727K(9728K), 0.0002523 secs] [Times: user=0.00 sys=0.00, real=0.00 secs] 
5.814: [Full GC (Allocation Failure) [PSYoungGen: 32K->0K(1536K)] [ParOldGen: 7695K->2563K(8192K)] 7727K->2563K(9728K), [Metaspace: 3328K->3328K(1056768K)], 0.0025382 secs] [Times: user=0.01 sys=0.00, real=0.00 secs] 
5.817: [GC (Allocation Failure) [PSYoungGen: 754K->32K(1536K)] 8452K->7730K(9728K), 0.0008379 secs] [Times: user=0.00 sys=0.00, real=0.00 secs] 
5.817: [GC (Allocation Failure) [PSYoungGen: 32K->32K(1536K)] 7730K->7730K(9728K), 0.0002532 secs] [Times: user=0.00 sys=0.00, real=0.00 secs] 
5.818: [Full GC (Allocation Failure) [PSYoungGen: 32K->0K(1536K)] [ParOldGen: 7698K->2564K(8192K)] 7730K->2564K(9728K), [Metaspace: 3328K->3328K(1056768K)], 0.0021989 secs] [Times: user=0.01 sys=0.00, real=0.00 secs] 
5.820: [GC (Allocation Failure) [PSYoungGen: 754K->32K(1536K)] 8455K->7733K(9728K), 0.0008417 secs] [Times: user=0.00 sys=0.00, real=0.00 secs] 
5.821: [GC (Allocation Failure) [PSYoungGen: 32K->32K(1536K)] 7733K->7733K(9728K), 0.0003077 secs] [Times: user=0.00 sys=0.00, real=0.00 secs] 
5.822: [Full GC (Allocation Failure) [PSYoungGen: 32K->0K(1536K)] [ParOldGen: 7701K->2565K(8192K)] 7733K->2565K(9728K), [Metaspace: 3328K->3328K(1056768K)], 0.0025183 secs] [Times: user=0.01 sys=0.00, real=0.01 secs] 
5.825: [GC (Allocation Failure) [PSYoungGen: 754K->32K(1536K)] 8459K->7736K(9728K), 0.0008432 secs] [Times: user=0.00 sys=0.00, real=0.00 secs] 
5.826: [GC (Allocation Failure) [PSYoungGen: 32K->32K(1536K)] 7736K->7736K(9728K), 0.0002603 secs] [Times: user=0.00 sys=0.00, real=0.00 secs] 
5.826: [Full GC (Allocation Failure) [PSYoungGen: 32K->0K(1536K)] [ParOldGen: 7704K->2565K(8192K)] 7736K->2565K(9728K), [Metaspace: 3328K->3328K(1056768K)], 0.0022378 secs] [Times: user=0.01 sys=0.00, real=0.00 secs] 
5.829: [GC (Allocation Failure) [PSYoungGen: 754K->32K(1536K)] 8462K->7739K(9728K), 0.0008357 secs] [Times: user=0.00 sys=0.00, real=0.00 secs] 
5.830: [GC (Allocation Failure) [PSYoungGen: 32K->32K(1536K)] 7739K->7739K(9728K), 0.0002834 secs] [Times: user=0.00 sys=0.00, real=0.00 secs] 
5.830: [Full GC (Allocation Failure) [PSYoungGen: 32K->0K(1536K)] [ParOldGen: 7707K->2566K(8192K)] 7739K->2566K(9728K), [Metaspace: 3328K->3328K(1056768K)], 0.0025590 secs] [Times: user=0.00 sys=0.00, real=0.00 secs] 
5.833: [GC (Allocation Failure) [PSYoungGen: 755K->32K(1536K)] 8465K->7742K(9728K), 0.0008438 secs] [Times: user=0.01 sys=0.00, real=0.00 secs] 
5.834: [GC (Allocation Failure) [PSYoungGen: 32K->32K(1536K)] 7742K->7742K(9728K), 0.0002890 secs] [Times: user=0.00 sys=0.00, real=0.00 secs] 
5.834: [Full GC (Allocation Failure) [PSYoungGen: 32K->0K(1536K)] [ParOldGen: 7710K->2567K(8192K)] 7742K->2567K(9728K), [Metaspace: 3328K->3328K(1056768K)], 0.0025816 secs] [Times: user=0.00 sys=0.00, real=0.00 secs] 
5.837: [GC (Allocation Failure) [PSYoungGen: 755K->32K(1536K)] 8468K->7745K(9728K), 0.0003326 secs] [Times: user=0.00 sys=0.00, real=0.00 secs] 
5.838: [GC (Allocation Failure) [PSYoungGen: 32K->32K(1536K)] 7745K->7745K(9728K), 0.0008231 secs] [Times: user=0.01 sys=0.00, real=0.00 secs] 
5.838: [Full GC (Allocation Failure) [PSYoungGen: 32K->0K(1536K)] [ParOldGen: 7713K->2567K(8192K)] 7745K->2567K(9728K), [Metaspace: 3328K->3328K(1056768K)], 0.0025391 secs] [Times: user=0.00 sys=0.00, real=0.00 secs] 
5.842: [GC (Allocation Failure) [PSYoungGen: 755K->32K(1536K)] 8471K->7747K(9728K), 0.0008449 secs] [Times: user=0.00 sys=0.00, real=0.00 secs] 
5.842: [GC (Allocation Failure) [PSYoungGen: 32K->32K(1536K)] 7747K->7747K(9728K), 0.0002551 secs] [Times: user=0.00 sys=0.00, real=0.00 secs] 
5.843: [Full GC (Allocation Failure) [PSYoungGen: 32K->0K(1536K)] [ParOldGen: 7715K->2568K(8192K)] 7747K->2568K(9728K), [Metaspace: 3328K->3328K(1056768K)], 0.0024848 secs] [Times: user=0.01 sys=0.00, real=0.01 secs] 
5.846: [GC (Allocation Failure) [PSYoungGen: 756K->32K(1536K)] 8475K->7750K(9728K), 0.0008574 secs] [Times: user=0.00 sys=0.00, real=0.00 secs] 
5.847: [GC (Allocation Failure) [PSYoungGen: 32K->32K(1536K)] 7750K->7750K(9728K), 0.0002963 secs] [Times: user=0.00 sys=0.00, real=0.00 secs] 
5.847: [Full GC (Allocation Failure) [PSYoungGen: 32K->0K(1536K)] [ParOldGen: 7718K->2569K(8192K)] 7750K->2569K(9728K), [Metaspace: 3328K->3328K(1056768K)], 0.0021865 secs] [Times: user=0.01 sys=0.00, real=0.00 secs] 
5.850: [GC (Allocation Failure) [PSYoungGen: 756K->32K(1536K)] 8478K->7753K(9728K), 0.0008418 secs] [Times: user=0.00 sys=0.00, real=0.00 secs] 
5.851: [GC (Allocation Failure) [PSYoungGen: 32K->32K(1536K)] 7753K->7753K(9728K), 0.0002509 secs] [Times: user=0.00 sys=0.00, real=0.00 secs] 
5.851: [Full GC (Allocation Failure) [PSYoungGen: 32K->0K(1536K)] [ParOldGen: 7721K->2569K(8192K)] 7753K->2569K(9728K), [Metaspace: 3328K->3328K(1056768K)], 0.0025522 secs] [Times: user=0.01 sys=0.00, real=0.01 secs] 
5.854: [GC (Allocation Failure) [PSYoungGen: 756K->32K(1536K)] 8481K->7756K(9728K), 0.0003080 secs] [Times: user=0.00 sys=0.00, real=0.00 secs] 
5.854: [GC (Allocation Failure) [PSYoungGen: 32K->32K(1536K)] 7756K->7756K(9728K), 0.0007983 secs] [Times: user=0.00 sys=0.00, real=0.00 secs] 
5.855: [Full GC (Allocation Failure) [PSYoungGen: 32K->0K(1536K)] [ParOldGen: 7724K->2570K(8192K)] 7756K->2570K(9728K), [Metaspace: 3328K->3328K(1056768K)], 0.0026322 secs] [Times: user=0.01 sys=0.00, real=0.00 secs] 
5.858: [GC (Allocation Failure) [PSYoungGen: 757K->32K(1536K)] 8484K->7759K(9728K), 0.0008406 secs] [Times: user=0.00 sys=0.00, real=0.00 secs] 
5.859: [GC (Allocation Failure) [PSYoungGen: 32K->32K(1536K)] 7759K->7759K(9728K), 0.0006458 secs] [Times: user=0.00 sys=0.00, real=0.00 secs] 
5.860: [Full GC (Allocation Failure) [PSYoungGen: 32K->0K(1536K)] [ParOldGen: 7727K->2570K(8192K)] 7759K->2570K(9728K), [Metaspace: 3328K->3328K(1056768K)], 0.0022944 secs] [Times: user=0.01 sys=0.00, real=0.00 secs] 
5.863: [GC (Allocation Failure) [PSYoungGen: 757K->32K(1536K)] 8487K->7762K(9728K), 0.0003293 secs] [Times: user=0.00 sys=0.00, real=0.01 secs] 
5.863: [GC (Allocation Failure) [PSYoungGen: 32K->32K(1536K)] 7762K->7762K(9728K), 0.0002884 secs] [Times: user=0.00 sys=0.00, real=0.00 secs] 
5.863: [Full GC (Allocation Failure) [PSYoungGen: 32K->0K(1536K)] [ParOldGen: 7730K->2571K(8192K)] 7762K->2571K(9728K), [Metaspace: 3328K->3328K(1056768K)], 0.0025218 secs] [Times: user=0.01 sys=0.00, real=0.00 secs] 
5.866: [GC (Allocation Failure) [PSYoungGen: 757K->32K(1536K)] 8491K->7765K(9728K), 0.0008343 secs] [Times: user=0.00 sys=0.00, real=0.00 secs] 
5.867: [GC (Allocation Failure) [PSYoungGen: 32K->32K(1536K)] 7765K->7765K(9728K), 0.0002743 secs] [Times: user=0.00 sys=0.00, real=0.00 secs] 
5.868: [Full GC (Allocation Failure) [PSYoungGen: 32K->0K(1536K)] [ParOldGen: 7733K->2572K(8192K)] 7765K->2572K(9728K), [Metaspace: 3328K->3328K(1056768K)], 0.0022697 secs] [Times: user=0.00 sys=0.00, real=0.00 secs] 
5.870: [GC (Allocation Failure) [PSYoungGen: 758K->32K(1536K)] 8494K->7768K(9728K), 0.0008379 secs] [Times: user=0.01 sys=0.00, real=0.00 secs] 
5.871: [GC (Allocation Failure) [PSYoungGen: 32K->32K(1536K)] 7768K->7768K(9728K), 0.0002503 secs] [Times: user=0.00 sys=0.00, real=0.00 secs] 
5.872: [Full GC (Allocation Failure) [PSYoungGen: 32K->0K(1536K)] [ParOldGen: 7736K->2572K(8192K)] 7768K->2572K(9728K), [Metaspace: 3328K->3328K(1056768K)], 0.0025392 secs] [Times: user=0.00 sys=0.00, real=0.01 secs] 
5.875: [GC (Allocation Failure) [PSYoungGen: 758K->32K(1536K)] 8497K->7771K(9728K), 0.0008360 secs] [Times: user=0.00 sys=0.00, real=0.00 secs] 
5.875: [GC (Allocation Failure) [PSYoungGen: 32K->32K(1536K)] 7771K->7771K(9728K), 0.0002746 secs] [Times: user=0.00 sys=0.00, real=0.00 secs] 
5.876: [Full GC (Allocation Failure) [PSYoungGen: 32K->0K(1536K)] [ParOldGen: 7739K->2573K(8192K)] 7771K->2573K(9728K), [Metaspace: 3328K->3328K(1056768K)], 0.0025892 secs] [Times: user=0.01 sys=0.00, real=0.00 secs] 
5.879: [GC (Allocation Failure) [PSYoungGen: 758K->32K(1536K)] 8500K->7773K(9728K), 0.0008503 secs] [Times: user=0.00 sys=0.00, real=0.00 secs] 
5.880: [GC (Allocation Failure) [PSYoungGen: 32K->32K(1536K)] 7773K->7773K(9728K), 0.0002884 secs] [Times: user=0.00 sys=0.00, real=0.00 secs] 
5.880: [Full GC (Allocation Failure) [PSYoungGen: 32K->0K(1536K)] [ParOldGen: 7741K->2574K(8192K)] 7773K->2574K(9728K), [Metaspace: 3328K->3328K(1056768K)], 0.0020207 secs] [Times: user=0.01 sys=0.00, real=0.00 secs] 
5.883: [GC (Allocation Failure) [PSYoungGen: 759K->32K(1536K)] 8503K->7776K(9728K), 0.0008341 secs] [Times: user=0.00 sys=0.00, real=0.01 secs] 
5.884: [GC (Allocation Failure) [PSYoungGen: 32K->32K(1536K)] 7776K->7776K(9728K), 0.0002584 secs] [Times: user=0.00 sys=0.00, real=0.00 secs] 
5.884: [Full GC (Allocation Failure) [PSYoungGen: 32K->0K(1536K)] [ParOldGen: 7744K->2574K(8192K)] 7776K->2574K(9728K), [Metaspace: 3328K->3328K(1056768K)], 0.0022366 secs] [Times: user=0.01 sys=0.00, real=0.00 secs] 
5.887: [GC (Allocation Failure) [PSYoungGen: 759K->32K(1536K)] 8507K->7779K(9728K), 0.0008440 secs] [Times: user=0.00 sys=0.00, real=0.00 secs] 
5.887: [GC (Allocation Failure) [PSYoungGen: 32K->32K(1536K)] 7779K->7779K(9728K), 0.0002711 secs] [Times: user=0.00 sys=0.00, real=0.00 secs] 
5.888: [Full GC (Allocation Failure) [PSYoungGen: 32K->0K(1536K)] [ParOldGen: 7747K->2575K(8192K)] 7779K->2575K(9728K), [Metaspace: 3328K->3328K(1056768K)], 0.0021535 secs] [Times: user=0.00 sys=0.00, real=0.00 secs] 
5.890: [GC (Allocation Failure) [PSYoungGen: 759K->32K(1536K)] 8510K->7782K(9728K), 0.0003726 secs] [Times: user=0.01 sys=0.00, real=0.00 secs] 
5.891: [GC (Allocation Failure) [PSYoungGen: 32K->32K(1536K)] 7782K->7782K(9728K), 0.0003149 secs] [Times: user=0.00 sys=0.00, real=0.00 secs] 
5.891: [Full GC (Allocation Failure) [PSYoungGen: 32K->0K(1536K)] [ParOldGen: 7750K->2576K(8192K)] 7782K->2576K(9728K), [Metaspace: 3328K->3328K(1056768K)], 0.0033866 secs] [Times: user=0.00 sys=0.01, real=0.01 secs] 
5.895: [GC (Allocation Failure) [PSYoungGen: 760K->32K(1536K)] 8513K->7785K(9728K), 0.0008406 secs] [Times: user=0.00 sys=0.00, real=0.00 secs] 
5.896: [GC (Allocation Failure) [PSYoungGen: 32K->32K(1536K)] 7785K->7785K(9728K), 0.0003007 secs] [Times: user=0.01 sys=0.00, real=0.00 secs] 
5.896: [Full GC (Allocation Failure) [PSYoungGen: 32K->0K(1536K)] [ParOldGen: 7753K->2576K(8192K)] 7785K->2576K(9728K), [Metaspace: 3328K->3328K(1056768K)], 0.0026100 secs] [Times: user=0.00 sys=0.00, real=0.00 secs] 
5.900: [GC (Allocation Failure) [PSYoungGen: 760K->32K(1536K)] 8516K->7788K(9728K), 0.0008379 secs] [Times: user=0.00 sys=0.00, real=0.00 secs] 
5.900: [GC (Allocation Failure) [PSYoungGen: 32K->32K(1536K)] 7788K->7788K(9728K), 0.0002518 secs] [Times: user=0.00 sys=0.00, real=0.00 secs] 
5.901: [Full GC (Allocation Failure) [PSYoungGen: 32K->0K(1536K)] [ParOldGen: 7756K->2577K(8192K)] 7788K->2577K(9728K), [Metaspace: 3328K->3328K(1056768K)], 0.0026679 secs] [Times: user=0.01 sys=0.00, real=0.01 secs] 
5.905: [GC (Allocation Failure) [PSYoungGen: 760K->32K(1536K)] 8519K->7791K(9728K), 0.0005711 secs] [Times: user=0.00 sys=0.00, real=0.00 secs] 
5.905: [GC (Allocation Failure) [PSYoungGen: 32K->32K(1536K)] 7791K->7791K(9728K), 0.0002981 secs] [Times: user=0.00 sys=0.00, real=0.00 secs] 
5.906: [Full GC (Allocation Failure) [PSYoungGen: 32K->0K(1536K)] [ParOldGen: 7759K->2577K(8192K)] 7791K->2577K(9728K), [Metaspace: 3328K->3328K(1056768K)], 0.0026952 secs] [Times: user=0.01 sys=0.00, real=0.00 secs] 
5.909: [GC (Allocation Failure) [PSYoungGen: 761K->32K(1536K)] 8523K->7794K(9728K), 0.0008297 secs] [Times: user=0.00 sys=0.00, real=0.00 secs] 
5.910: [GC (Allocation Failure) [PSYoungGen: 32K->32K(1536K)] 7794K->7794K(9728K), 0.0002509 secs] [Times: user=0.00 sys=0.00, real=0.00 secs] 
5.910: [Full GC (Allocation Failure) [PSYoungGen: 32K->0K(1536K)] [ParOldGen: 7762K->2578K(8192K)] 7794K->2578K(9728K), [Metaspace: 3328K->3328K(1056768K)], 0.0025846 secs] [Times: user=0.01 sys=0.00, real=0.01 secs] 
5.913: [GC (Allocation Failure) [PSYoungGen: 761K->32K(1536K)] 8526K->7796K(9728K), 0.0008468 secs] [Times: user=0.00 sys=0.00, real=0.00 secs] 
5.914: [GC (Allocation Failure) [PSYoungGen: 32K->32K(1536K)] 7796K->7796K(9728K), 0.0002872 secs] [Times: user=0.00 sys=0.00, real=0.00 secs] 
5.914: [Full GC (Allocation Failure) [PSYoungGen: 32K->0K(1536K)] [ParOldGen: 7764K->2579K(8192K)] 7796K->2579K(9728K), [Metaspace: 3328K->3328K(1056768K)], 0.0025204 secs] [Times: user=0.01 sys=0.00, real=0.00 secs] 
5.918: [GC (Allocation Failure) [PSYoungGen: 761K->32K(1536K)] 8529K->7799K(9728K), 0.0008373 secs] [Times: user=0.00 sys=0.00, real=0.00 secs] 
5.918: [GC (Allocation Failure) [PSYoungGen: 32K->32K(1536K)] 7799K->7799K(9728K), 0.0002573 secs] [Times: user=0.00 sys=0.00, real=0.00 secs] 
5.919: [Full GC (Allocation Failure) [PSYoungGen: 32K->0K(1536K)] [ParOldGen: 7767K->2579K(8192K)] 7799K->2579K(9728K), [Metaspace: 3328K->3328K(1056768K)], 0.0025521 secs] [Times: user=0.00 sys=0.00, real=0.00 secs] 
5.922: [GC (Allocation Failure) [PSYoungGen: 762K->32K(1536K)] 8532K->7802K(9728K), 0.0007214 secs] [Times: user=0.00 sys=0.00, real=0.00 secs] 
5.923: [GC (Allocation Failure) [PSYoungGen: 32K->32K(1536K)] 7802K->7802K(9728K), 0.0002813 secs] [Times: user=0.00 sys=0.00, real=0.01 secs] 
5.923: [Full GC (Allocation Failure) [PSYoungGen: 32K->0K(1536K)] [ParOldGen: 7770K->2580K(8192K)] 7802K->2580K(9728K), [Metaspace: 3328K->3328K(1056768K)], 0.0025195 secs] [Times: user=0.00 sys=0.00, real=0.00 secs] 
5.926: [GC (Allocation Failure) [PSYoungGen: 762K->32K(1536K)] 8536K->7805K(9728K), 0.0008148 secs] [Times: user=0.01 sys=0.00, real=0.00 secs] 
5.927: [GC (Allocation Failure) [PSYoungGen: 32K->32K(1536K)] 7805K->7805K(9728K), 0.0008063 secs] [Times: user=0.00 sys=0.00, real=0.00 secs] 
5.928: [Full GC (Allocation Failure) [PSYoungGen: 32K->0K(1536K)] [ParOldGen: 7773K->2581K(8192K)] 7805K->2581K(9728K), [Metaspace: 3328K->3328K(1056768K)], 0.0025326 secs] [Times: user=0.00 sys=0.00, real=0.00 secs] 
5.931: [GC (Allocation Failure) [PSYoungGen: 762K->32K(1536K)] 8539K->7808K(9728K), 0.0003328 secs] [Times: user=0.00 sys=0.00, real=0.00 secs] 
5.931: [GC (Allocation Failure) [PSYoungGen: 32K->32K(1536K)] 7808K->7808K(9728K), 0.0002628 secs] [Times: user=0.00 sys=0.00, real=0.00 secs] 
5.931: [Full GC (Allocation Failure) [PSYoungGen: 32K->0K(1536K)] [ParOldGen: 7776K->2581K(8192K)] 7808K->2581K(9728K), [Metaspace: 3328K->3328K(1056768K)], 0.0022161 secs] [Times: user=0.01 sys=0.00, real=0.01 secs] 
5.934: [GC (Allocation Failure) [PSYoungGen: 763K->32K(1536K)] 8542K->7811K(9728K), 0.0008328 secs] [Times: user=0.00 sys=0.00, real=0.00 secs] 
5.935: [GC (Allocation Failure) [PSYoungGen: 32K->32K(1536K)] 7811K->7811K(9728K), 0.0002654 secs] [Times: user=0.00 sys=0.00, real=0.00 secs] 
5.935: [Full GC (Allocation Failure) [PSYoungGen: 32K->0K(1536K)] [ParOldGen: 7779K->2582K(8192K)] 7811K->2582K(9728K), [Metaspace: 3328K->3328K(1056768K)], 0.0022180 secs] [Times: user=0.01 sys=0.00, real=0.00 secs] 
5.938: [GC (Allocation Failure) [PSYoungGen: 763K->32K(1536K)] 8545K->7814K(9728K), 0.0008393 secs] [Times: user=0.00 sys=0.00, real=0.00 secs] 
5.939: [GC (Allocation Failure) [PSYoungGen: 32K->32K(1536K)] 7814K->7814K(9728K), 0.0002596 secs] [Times: user=0.00 sys=0.00, real=0.00 secs] 
5.939: [Full GC (Allocation Failure) [PSYoungGen: 32K->0K(1536K)] [ParOldGen: 7782K->2583K(8192K)] 7814K->2583K(9728K), [Metaspace: 3328K->3328K(1056768K)], 0.0021822 secs] [Times: user=0.01 sys=0.00, real=0.00 secs] 
5.942: [GC (Allocation Failure) [PSYoungGen: 763K->32K(1536K)] 8548K->7817K(9728K), 0.0008275 secs] [Times: user=0.00 sys=0.00, real=0.00 secs] 
5.943: [GC (Allocation Failure) [PSYoungGen: 32K->32K(1536K)] 7817K->7817K(9728K), 0.0002524 secs] [Times: user=0.00 sys=0.00, real=0.01 secs] 
5.943: [Full GC (Allocation Failure) [PSYoungGen: 32K->0K(1536K)] [ParOldGen: 7785K->2583K(8192K)] 7817K->2583K(9728K), [Metaspace: 3328K->3328K(1056768K)], 0.0028752 secs] [Times: user=0.00 sys=0.00, real=0.00 secs] 
5.946: [GC (Allocation Failure) [PSYoungGen: 763K->32K(1536K)] 8552K->7820K(9728K), 0.0003405 secs] [Times: user=0.00 sys=0.00, real=0.00 secs] 
5.947: [GC (Allocation Failure) [PSYoungGen: 32K->32K(1536K)] 7820K->7820K(9728K), 0.0002474 secs] [Times: user=0.00 sys=0.00, real=0.00 secs] 
5.947: [Full GC (Allocation Failure) [PSYoungGen: 32K->0K(1536K)] [ParOldGen: 7788K->2584K(8192K)] 7820K->2584K(9728K), [Metaspace: 3328K->3328K(1056768K)], 0.0025133 secs] [Times: user=0.00 sys=0.00, real=0.00 secs] 
5.950: [GC (Allocation Failure) [PSYoungGen: 764K->32K(1536K)] 8555K->7822K(9728K), 0.0008311 secs] [Times: user=0.00 sys=0.00, real=0.00 secs] 
5.951: [GC (Allocation Failure) [PSYoungGen: 32K->32K(1536K)] 7822K->7822K(9728K), 0.0002708 secs] [Times: user=0.01 sys=0.00, real=0.00 secs] 
5.951: [Full GC (Allocation Failure) [PSYoungGen: 32K->0K(1536K)] [ParOldGen: 7790K->2585K(8192K)] 7822K->2585K(9728K), [Metaspace: 3328K->3328K(1056768K)], 0.0025532 secs] [Times: user=0.00 sys=0.00, real=0.01 secs] 
5.954: [GC (Allocation Failure) [PSYoungGen: 764K->32K(1536K)] 8558K->7825K(9728K), 0.0008316 secs] [Times: user=0.00 sys=0.00, real=0.00 secs] 
5.955: [GC (Allocation Failure) [PSYoungGen: 32K->32K(1536K)] 7825K->7825K(9728K), 0.0002735 secs] [Times: user=0.00 sys=0.00, real=0.00 secs] 
5.956: [Full GC (Allocation Failure) [PSYoungGen: 32K->0K(1536K)] [ParOldGen: 7793K->2585K(8192K)] 7825K->2585K(9728K), [Metaspace: 3328K->3328K(1056768K)], 0.0025167 secs] [Times: user=0.01 sys=0.00, real=0.00 secs] 
5.959: [GC (Allocation Failure) [PSYoungGen: 764K->32K(1536K)] 8561K->7828K(9728K), 0.0008364 secs] [Times: user=0.00 sys=0.00, real=0.00 secs] 
5.959: [GC (Allocation Failure) [PSYoungGen: 32K->32K(1536K)] 7828K->7828K(9728K), 0.0002773 secs] [Times: user=0.00 sys=0.00, real=0.00 secs] 
5.960: [Full GC (Allocation Failure) [PSYoungGen: 32K->0K(1536K)] [ParOldGen: 7796K->2586K(8192K)] 7828K->2586K(9728K), [Metaspace: 3328K->3328K(1056768K)], 0.0025933 secs] [Times: user=0.01 sys=0.00, real=0.00 secs] 
5.963: [GC (Allocation Failure) [PSYoungGen: 765K->32K(1536K)] 8564K->7831K(9728K), 0.0008676 secs] [Times: user=0.00 sys=0.00, real=0.00 secs] 
5.964: [GC (Allocation Failure) [PSYoungGen: 32K->32K(1536K)] 7831K->7831K(9728K), 0.0007857 secs] [Times: user=0.00 sys=0.00, real=0.00 secs] 
5.965: [Full GC (Allocation Failure) [PSYoungGen: 32K->0K(1536K)] [ParOldGen: 7799K->2586K(8192K)] 7831K->2586K(9728K), [Metaspace: 3328K->3328K(1056768K)], 0.0023982 secs] [Times: user=0.01 sys=0.00, real=0.00 secs] 
5.967: [GC (Allocation Failure) [PSYoungGen: 765K->32K(1536K)] 8568K->7834K(9728K), 0.0008343 secs] [Times: user=0.00 sys=0.00, real=0.00 secs] 
5.968: [GC (Allocation Failure) [PSYoungGen: 32K->32K(1536K)] 7834K->7834K(9728K), 0.0002735 secs] [Times: user=0.00 sys=0.00, real=0.00 secs] 
5.969: [Full GC (Allocation Failure) [PSYoungGen: 32K->0K(1536K)] [ParOldGen: 7802K->2587K(8192K)] 7834K->2587K(9728K), [Metaspace: 3328K->3328K(1056768K)], 0.0025436 secs] [Times: user=0.01 sys=0.00, real=0.00 secs] 
5.972: [GC (Allocation Failure) [PSYoungGen: 765K->32K(1536K)] 8571K->7837K(9728K), 0.0008377 secs] [Times: user=0.00 sys=0.00, real=0.00 secs] 
5.973: [GC (Allocation Failure) [PSYoungGen: 32K->32K(1536K)] 7837K->7837K(9728K), 0.0002529 secs] [Times: user=0.00 sys=0.00, real=0.01 secs] 
5.973: [Full GC (Allocation Failure) [PSYoungGen: 32K->0K(1536K)] [ParOldGen: 7805K->2588K(8192K)] 7837K->2588K(9728K), [Metaspace: 3328K->3328K(1056768K)], 0.0026289 secs] [Times: user=0.01 sys=0.00, real=0.00 secs] 
5.976: [GC (Allocation Failure) [PSYoungGen: 766K->32K(1536K)] 8574K->7840K(9728K), 0.0004979 secs] [Times: user=0.00 sys=0.00, real=0.00 secs] 
5.977: [GC (Allocation Failure) [PSYoungGen: 32K->32K(1536K)] 7840K->7840K(9728K), 0.0002897 secs] [Times: user=0.00 sys=0.00, real=0.00 secs] 
5.977: [Full GC (Allocation Failure) [PSYoungGen: 32K->0K(1536K)] [ParOldGen: 7808K->2588K(8192K)] 7840K->2588K(9728K), [Metaspace: 3328K->3328K(1056768K)], 0.0025409 secs] [Times: user=0.00 sys=0.00, real=0.00 secs] 
5.980: [GC (Allocation Failure) [PSYoungGen: 766K->32K(1536K)] 8577K->7843K(9728K), 0.0003228 secs] [Times: user=0.00 sys=0.00, real=0.00 secs] 
5.980: [GC (Allocation Failure) [PSYoungGen: 32K->32K(1536K)] 7843K->7843K(9728K), 0.0002537 secs] [Times: user=0.01 sys=0.00, real=0.00 secs] 
5.981: [Full GC (Allocation Failure) [PSYoungGen: 32K->0K(1536K)] [ParOldGen: 7811K->2589K(8192K)] 7843K->2589K(9728K), [Metaspace: 3328K->3328K(1056768K)], 0.0025795 secs] [Times: user=0.00 sys=0.01, real=0.01 secs] 
5.984: [GC (Allocation Failure) [PSYoungGen: 766K->32K(1536K)] 8580K->7845K(9728K), 0.0008328 secs] [Times: user=0.00 sys=0.00, real=0.00 secs] 
5.985: [GC (Allocation Failure) [PSYoungGen: 32K->32K(1536K)] 7845K->7845K(9728K), 0.0002654 secs] [Times: user=0.00 sys=0.00, real=0.00 secs] 
5.985: [Full GC (Allocation Failure) [PSYoungGen: 32K->0K(1536K)] [ParOldGen: 7813K->2590K(8192K)] 7845K->2590K(9728K), [Metaspace: 3328K->3328K(1056768K)], 0.0025114 secs] [Times: user=0.01 sys=0.00, real=0.00 secs] 
5.988: [GC (Allocation Failure) [PSYoungGen: 767K->32K(1536K)] 8584K->7848K(9728K), 0.0008320 secs] [Times: user=0.00 sys=0.00, real=0.00 secs] 
5.989: [GC (Allocation Failure) [PSYoungGen: 32K->32K(1536K)] 7848K->7848K(9728K), 0.0002867 secs] [Times: user=0.00 sys=0.00, real=0.00 secs] 
5.989: [Full GC (Allocation Failure) [PSYoungGen: 32K->0K(1536K)] [ParOldGen: 7816K->2590K(8192K)] 7848K->2590K(9728K), [Metaspace: 3328K->3328K(1056768K)], 0.0025162 secs] [Times: user=0.01 sys=0.00, real=0.00 secs] 
5.992: [GC (Allocation Failure) [PSYoungGen: 767K->32K(1536K)] 8587K->7851K(9728K), 0.0008431 secs] [Times: user=0.00 sys=0.00, real=0.01 secs] 
5.993: [GC (Allocation Failure) [PSYoungGen: 32K->32K(1536K)] 7851K->7851K(9728K), 0.0002695 secs] [Times: user=0.00 sys=0.00, real=0.00 secs] 
5.993: [Full GC (Allocation Failure) [PSYoungGen: 32K->0K(1536K)] [ParOldGen: 7819K->2591K(8192K)] 7851K->2591K(9728K), [Metaspace: 3328K->3328K(1056768K)], 0.0022382 secs] [Times: user=0.01 sys=0.00, real=0.00 secs] 
5.996: [GC (Allocation Failure) [PSYoungGen: 767K->32K(1536K)] 8590K->7854K(9728K), 0.0004086 secs] [Times: user=0.00 sys=0.00, real=0.00 secs] 
5.997: [GC (Allocation Failure) [PSYoungGen: 32K->32K(1536K)] 7854K->7854K(9728K), 0.0005440 secs] [Times: user=0.00 sys=0.00, real=0.00 secs] 
5.998: [Full GC (Allocation Failure) [PSYoungGen: 32K->0K(1536K)] [ParOldGen: 7822K->2592K(8192K)] 7854K->2592K(9728K), [Metaspace: 3328K->3328K(1056768K)], 0.0030005 secs] [Times: user=0.01 sys=0.00, real=0.00 secs] 
6.001: [GC (Allocation Failure) [PSYoungGen: 768K->32K(1536K)] 8593K->7857K(9728K), 0.0008397 secs] [Times: user=0.00 sys=0.00, real=0.00 secs] 
6.002: [GC (Allocation Failure) [PSYoungGen: 32K->32K(1536K)] 7857K->7857K(9728K), 0.0002584 secs] [Times: user=0.00 sys=0.00, real=0.00 secs] 
6.002: [Full GC (Allocation Failure) [PSYoungGen: 32K->0K(1536K)] [ParOldGen: 7825K->2592K(8192K)] 7857K->2592K(9728K), [Metaspace: 3328K->3328K(1056768K)], 0.0034079 secs] [Times: user=0.01 sys=0.00, real=0.01 secs] 
6.007: [GC (Allocation Failure) [PSYoungGen: 768K->32K(1536K)] 8596K->7860K(9728K), 0.0004112 secs] [Times: user=0.00 sys=0.00, real=0.00 secs] 
6.007: [GC (Allocation Failure) [PSYoungGen: 32K->32K(1536K)] 7860K->7860K(9728K), 0.0002767 secs] [Times: user=0.00 sys=0.00, real=0.00 secs] 
6.008: [Full GC (Allocation Failure) [PSYoungGen: 32K->0K(1536K)] [ParOldGen: 7828K->2593K(8192K)] 7860K->2593K(9728K), [Metaspace: 3328K->3328K(1056768K)], 0.0022742 secs] [Times: user=0.00 sys=0.00, real=0.00 secs] 
6.010: [GC (Allocation Failure) [PSYoungGen: 768K->32K(1536K)] 8600K->7863K(9728K), 0.0008463 secs] [Times: user=0.01 sys=0.00, real=0.00 secs] 
6.011: [GC (Allocation Failure) [PSYoungGen: 32K->32K(1536K)] 7863K->7863K(9728K), 0.0002852 secs] [Times: user=0.00 sys=0.00, real=0.00 secs] 
6.012: [Full GC (Allocation Failure) [PSYoungGen: 32K->0K(1536K)] [ParOldGen: 7831K->2593K(8192K)] 7863K->2593K(9728K), [Metaspace: 3328K->3328K(1056768K)], 0.0025559 secs] [Times: user=0.00 sys=0.00, real=0.01 secs] 
6.015: [GC (Allocation Failure) [PSYoungGen: 769K->32K(1536K)] 8603K->7866K(9728K), 0.0008253 secs] [Times: user=0.00 sys=0.00, real=0.00 secs] 
6.016: [GC (Allocation Failure) [PSYoungGen: 32K->32K(1536K)] 7866K->7866K(9728K), 0.0002721 secs] [Times: user=0.00 sys=0.00, real=0.00 secs] 
6.016: [Full GC (Allocation Failure) [PSYoungGen: 32K->0K(1536K)] [ParOldGen: 7834K->2594K(8192K)] 7866K->2594K(9728K), [Metaspace: 3328K->3328K(1056768K)], 0.0025413 secs] [Times: user=0.01 sys=0.00, real=0.00 secs] 
6.019: [GC (Allocation Failure) [PSYoungGen: 769K->32K(1536K)] 8606K->7869K(9728K), 0.0008226 secs] [Times: user=0.00 sys=0.00, real=0.00 secs] 
6.020: [GC (Allocation Failure) [PSYoungGen: 32K->32K(1536K)] 7869K->7869K(9728K), 0.0002490 secs] [Times: user=0.00 sys=0.00, real=0.00 secs] 
6.020: [Full GC (Allocation Failure) [PSYoungGen: 32K->0K(1536K)] [ParOldGen: 7837K->2595K(8192K)] 7869K->2595K(9728K), [Metaspace: 3328K->3328K(1056768K)], 0.0023548 secs] [Times: user=0.01 sys=0.00, real=0.00 secs] 
6.023: [GC (Allocation Failure) [PSYoungGen: 769K->32K(1536K)] 8609K->7871K(9728K), 0.0003149 secs] [Times: user=0.00 sys=0.00, real=0.00 secs] 
6.023: [GC (Allocation Failure) [PSYoungGen: 32K->32K(1536K)] 7871K->7871K(9728K), 0.0002386 secs] [Times: user=0.00 sys=0.00, real=0.00 secs] 
6.024: [Full GC (Allocation Failure) [PSYoungGen: 32K->0K(1536K)] [ParOldGen: 7839K->2595K(8192K)] 7871K->2595K(9728K), [Metaspace: 3328K->3328K(1056768K)], 0.0020382 secs] [Times: user=0.00 sys=0.00, real=0.00 secs] 
6.026: [GC (Allocation Failure) [PSYoungGen: 770K->32K(1536K)] 8612K->7874K(9728K), 0.0008223 secs] [Times: user=0.00 sys=0.00, real=0.00 secs] 
6.027: [GC (Allocation Failure) [PSYoungGen: 32K->32K(1536K)] 7874K->7874K(9728K), 0.0003138 secs] [Times: user=0.00 sys=0.00, real=0.00 secs] 
6.027: [Full GC (Allocation Failure) [PSYoungGen: 32K->0K(1536K)] [ParOldGen: 7842K->2596K(8192K)] 7874K->2596K(9728K), [Metaspace: 3328K->3328K(1056768K)], 0.0025639 secs] [Times: user=0.00 sys=0.00, real=0.00 secs] 
6.030: [GC (Allocation Failure) [PSYoungGen: 770K->32K(1536K)] 8616K->7877K(9728K), 0.0008192 secs] [Times: user=0.01 sys=0.00, real=0.00 secs] 
6.031: [GC (Allocation Failure) [PSYoungGen: 32K->32K(1536K)] 7877K->7877K(9728K), 0.0002406 secs] [Times: user=0.00 sys=0.00, real=0.00 secs] 
6.032: [Full GC (Allocation Failure) [PSYoungGen: 32K->0K(1536K)] [ParOldGen: 7845K->2597K(8192K)] 7877K->2597K(9728K), [Metaspace: 3328K->3328K(1056768K)], 0.0020442 secs] [Times: user=0.00 sys=0.00, real=0.01 secs] 
6.034: [GC (Allocation Failure) [PSYoungGen: 770K->32K(1536K)] 8619K->7880K(9728K), 0.0008389 secs] [Times: user=0.00 sys=0.00, real=0.00 secs] 
6.035: [GC (Allocation Failure) [PSYoungGen: 32K->32K(1536K)] 7880K->7880K(9728K), 0.0002628 secs] [Times: user=0.00 sys=0.00, real=0.00 secs] 
6.035: [Full GC (Allocation Failure) [PSYoungGen: 32K->0K(1536K)] [ParOldGen: 7848K->2597K(8192K)] 7880K->2597K(9728K), [Metaspace: 3328K->3328K(1056768K)], 0.0026440 secs] [Times: user=0.01 sys=0.00, real=0.00 secs] 
6.038: [GC (Allocation Failure) [PSYoungGen: 771K->32K(1536K)] 8622K->7883K(9728K), 0.0008599 secs] [Times: user=0.00 sys=0.00, real=0.00 secs] 
6.039: [GC (Allocation Failure) [PSYoungGen: 32K->32K(1536K)] 7883K->7883K(9728K), 0.0002687 secs] [Times: user=0.00 sys=0.00, real=0.00 secs] 
6.040: [Full GC (Allocation Failure) [PSYoungGen: 32K->0K(1536K)] [ParOldGen: 7851K->2598K(8192K)] 7883K->2598K(9728K), [Metaspace: 3328K->3328K(1056768K)], 0.0025379 secs] [Times: user=0.01 sys=0.00, real=0.00 secs] 
6.043: [GC (Allocation Failure) [PSYoungGen: 771K->32K(1536K)] 8625K->7886K(9728K), 0.0008490 secs] [Times: user=0.00 sys=0.00, real=0.00 secs] 
6.044: [GC (Allocation Failure) [PSYoungGen: 32K->32K(1536K)] 7886K->7886K(9728K), 0.0008249 secs] [Times: user=0.00 sys=0.00, real=0.00 secs] 
6.045: [Full GC (Allocation Failure) [PSYoungGen: 32K->0K(1536K)] [ParOldGen: 7854K->2599K(8192K)] 7886K->2599K(9728K), [Metaspace: 3328K->3328K(1056768K)], 0.0022262 secs] [Times: user=0.01 sys=0.00, real=0.00 secs] 
6.047: [GC (Allocation Failure) [PSYoungGen: 771K->32K(1536K)] 8628K->7889K(9728K), 0.0008268 secs] [Times: user=0.00 sys=0.00, real=0.00 secs] 
6.048: [GC (Allocation Failure) [PSYoungGen: 32K->32K(1536K)] 7889K->7889K(9728K), 0.0007689 secs] [Times: user=0.00 sys=0.00, real=0.00 secs] 
6.049: [Full GC (Allocation Failure) [PSYoungGen: 32K->0K(1536K)] [ParOldGen: 7857K->2599K(8192K)] 7889K->2599K(9728K), [Metaspace: 3328K->3328K(1056768K)], 0.0025661 secs] [Times: user=0.01 sys=0.00, real=0.00 secs] 
6.052: [GC (Allocation Failure) [PSYoungGen: 771K->32K(1536K)] 8632K->7892K(9728K), 0.0008390 secs] [Times: user=0.00 sys=0.00, real=0.01 secs] 
6.053: [GC (Allocation Failure) [PSYoungGen: 32K->32K(1536K)] 7892K->7892K(9728K), 0.0002849 secs] [Times: user=0.00 sys=0.00, real=0.00 secs] 
6.053: [Full GC (Allocation Failure) [PSYoungGen: 32K->0K(1536K)] [ParOldGen: 7860K->2600K(8192K)] 7892K->2600K(9728K), [Metaspace: 3328K->3328K(1056768K)], 0.0025556 secs] [Times: user=0.01 sys=0.00, real=0.00 secs] 
6.056: [GC (Allocation Failure) [PSYoungGen: 772K->32K(1536K)] 8635K->7894K(9728K), 0.0008391 secs] [Times: user=0.00 sys=0.00, real=0.00 secs] 
6.057: [GC (Allocation Failure) [PSYoungGen: 32K->32K(1536K)] 7894K->7894K(9728K), 0.0003144 secs] [Times: user=0.00 sys=0.00, real=0.00 secs] 
6.058: [Full GC (Allocation Failure) [PSYoungGen: 32K->0K(1536K)] [ParOldGen: 7862K->2601K(8192K)] 7894K->2601K(9728K), [Metaspace: 3328K->3328K(1056768K)], 0.0021855 secs] [Times: user=0.01 sys=0.00, real=0.00 secs] 
6.060: [GC (Allocation Failure) [PSYoungGen: 772K->32K(1536K)] 8638K->7897K(9728K), 0.0008341 secs] [Times: user=0.00 sys=0.00, real=0.00 secs] 
6.061: [GC (Allocation Failure) [PSYoungGen: 32K->32K(1536K)] 7897K->7897K(9728K), 0.0002724 secs] [Times: user=0.00 sys=0.00, real=0.00 secs] 
6.061: [Full GC (Allocation Failure) [PSYoungGen: 32K->0K(1536K)] [ParOldGen: 7865K->2601K(8192K)] 7897K->2601K(9728K), [Metaspace: 3328K->3328K(1056768K)], 0.0025062 secs] [Times: user=0.00 sys=0.00, real=0.01 secs] 
6.064: [GC (Allocation Failure) [PSYoungGen: 772K->32K(1536K)] 8641K->7900K(9728K), 0.0008224 secs] [Times: user=0.01 sys=0.00, real=0.00 secs] 
6.065: [GC (Allocation Failure) [PSYoungGen: 32K->32K(1536K)] 7900K->7900K(9728K), 0.0008062 secs] [Times: user=0.00 sys=0.00, real=0.00 secs] 
6.066: [Full GC (Allocation Failure) [PSYoungGen: 32K->0K(1536K)] [ParOldGen: 7868K->2602K(8192K)] 7900K->2602K(9728K), [Metaspace: 3328K->3328K(1056768K)], 0.0025205 secs] [Times: user=0.00 sys=0.00, real=0.00 secs] 
6.069: [GC (Allocation Failure) [PSYoungGen: 773K->32K(1536K)] 8644K->7903K(9728K), 0.0008321 secs] [Times: user=0.01 sys=0.00, real=0.00 secs] 
6.070: [GC (Allocation Failure) [PSYoungGen: 32K->32K(1536K)] 7903K->7903K(9728K), 0.0002436 secs] [Times: user=0.00 sys=0.00, real=0.00 secs] 
6.070: [Full GC (Allocation Failure) [PSYoungGen: 32K->0K(1536K)] [ParOldGen: 7871K->2602K(8192K)] 7903K->2602K(9728K), [Metaspace: 3328K->3328K(1056768K)], 0.0021015 secs] [Times: user=0.00 sys=0.01, real=0.00 secs] 
6.073: [GC (Allocation Failure) [PSYoungGen: 773K->32K(1536K)] 8648K->7906K(9728K), 0.0008216 secs] [Times: user=0.00 sys=0.00, real=0.00 secs] 
6.074: [GC (Allocation Failure) [PSYoungGen: 32K->32K(1536K)] 7906K->7906K(9728K), 0.0008059 secs] [Times: user=0.01 sys=0.00, real=0.00 secs] 
6.075: [Full GC (Allocation Failure) [PSYoungGen: 32K->0K(1536K)] [ParOldGen: 7874K->2603K(8192K)] 7906K->2603K(9728K), [Metaspace: 3328K->3328K(1056768K)], 0.0022179 secs] [Times: user=0.00 sys=0.00, real=0.00 secs] 
6.077: [GC (Allocation Failure) [PSYoungGen: 773K->32K(1536K)] 8651K->7909K(9728K), 0.0008473 secs] [Times: user=0.00 sys=0.00, real=0.00 secs] 
6.078: [GC (Allocation Failure) [PSYoungGen: 32K->32K(1536K)] 7909K->7909K(9728K), 0.0002514 secs] [Times: user=0.00 sys=0.00, real=0.00 secs] 
6.079: [Full GC (Allocation Failure) [PSYoungGen: 32K->0K(1536K)] [ParOldGen: 7877K->2604K(8192K)] 7909K->2604K(9728K), [Metaspace: 3328K->3328K(1056768K)], 0.0025847 secs] [Times: user=0.01 sys=0.00, real=0.00 secs] 
6.082: [GC (Allocation Failure) [PSYoungGen: 774K->32K(1536K)] 8654K->7912K(9728K), 0.0008335 secs] [Times: user=0.00 sys=0.00, real=0.00 secs] 
6.083: [GC (Allocation Failure) [PSYoungGen: 32K->32K(1536K)] 7912K->7912K(9728K), 0.0002437 secs] [Times: user=0.00 sys=0.00, real=0.01 secs] 
6.083: [Full GC (Allocation Failure) [PSYoungGen: 32K->0K(1536K)] [ParOldGen: 7880K->2604K(8192K)] 7912K->2604K(9728K), [Metaspace: 3328K->3328K(1056768K)], 0.0025992 secs] [Times: user=0.01 sys=0.00, real=0.00 secs] 
6.086: [GC (Allocation Failure) [PSYoungGen: 774K->32K(1536K)] 8657K->7915K(9728K), 0.0008405 secs] [Times: user=0.00 sys=0.00, real=0.00 secs] 
6.087: [GC (Allocation Failure) [PSYoungGen: 32K->32K(1536K)] 7915K->7915K(9728K), 0.0002872 secs] [Times: user=0.00 sys=0.00, real=0.00 secs] 
6.087: [Full GC (Allocation Failure) [PSYoungGen: 32K->0K(1536K)] [ParOldGen: 7883K->2605K(8192K)] 7915K->2605K(9728K), [Metaspace: 3328K->3328K(1056768K)], 0.0025386 secs] [Times: user=0.01 sys=0.00, real=0.00 secs] 
6.090: [GC (Allocation Failure) [PSYoungGen: 774K->32K(1536K)] 8660K->7918K(9728K), 0.0008492 secs] [Times: user=0.00 sys=0.00, real=0.00 secs] 
6.091: [GC (Allocation Failure) [PSYoungGen: 32K->32K(1536K)] 7918K->7918K(9728K), 0.0003096 secs] [Times: user=0.00 sys=0.00, real=0.00 secs] 
6.091: [Full GC (Allocation Failure) [PSYoungGen: 32K->0K(1536K)] [ParOldGen: 7886K->2606K(8192K)] 7918K->2606K(9728K), [Metaspace: 3328K->3328K(1056768K)], 0.0020796 secs] [Times: user=0.00 sys=0.00, real=0.01 secs] 
6.094: [GC (Allocation Failure) [PSYoungGen: 775K->32K(1536K)] 8664K->7920K(9728K), 0.0008444 secs] [Times: user=0.01 sys=0.00, real=0.00 secs] 
6.095: [GC (Allocation Failure) [PSYoungGen: 32K->32K(1536K)] 7920K->7920K(9728K), 0.0002951 secs] [Times: user=0.00 sys=0.00, real=0.00 secs] 
6.095: [Full GC (Allocation Failure) [PSYoungGen: 32K->0K(1536K)] [ParOldGen: 7888K->2606K(8192K)] 7920K->2606K(9728K), [Metaspace: 3328K->3328K(1056768K)], 0.0025102 secs] [Times: user=0.00 sys=0.00, real=0.00 secs] 
6.098: [GC (Allocation Failure) [PSYoungGen: 775K->32K(1536K)] 8667K->7923K(9728K), 0.0003251 secs] [Times: user=0.00 sys=0.00, real=0.00 secs] 
6.099: [GC (Allocation Failure) [PSYoungGen: 32K->32K(1536K)] 7923K->7923K(9728K), 0.0002844 secs] [Times: user=0.00 sys=0.00, real=0.00 secs] 
6.099: [Full GC (Allocation Failure) [PSYoungGen: 32K->0K(1536K)] [ParOldGen: 7891K->2607K(8192K)] 7923K->2607K(9728K), [Metaspace: 3328K->3328K(1056768K)], 0.0021070 secs] [Times: user=0.01 sys=0.00, real=0.00 secs] 
6.102: [GC (Allocation Failure) [PSYoungGen: 775K->32K(1536K)] 8670K->7926K(9728K), 0.0006525 secs] [Times: user=0.00 sys=0.00, real=0.00 secs] 
6.102: [GC (Allocation Failure) [PSYoungGen: 32K->32K(1536K)] 7926K->7926K(9728K), 0.0002410 secs] [Times: user=0.00 sys=0.00, real=0.00 secs] 
6.103: [Full GC (Allocation Failure) [PSYoungGen: 32K->0K(1536K)] [ParOldGen: 7894K->2608K(8192K)] 7926K->2608K(9728K), [Metaspace: 3328K->3328K(1056768K)], 0.0025212 secs] [Times: user=0.01 sys=0.00, real=0.01 secs] 
6.106: [GC (Allocation Failure) [PSYoungGen: 776K->32K(1536K)] 8673K->7929K(9728K), 0.0008567 secs] [Times: user=0.00 sys=0.00, real=0.00 secs] 
6.107: [GC (Allocation Failure) [PSYoungGen: 32K->32K(1536K)] 7929K->7929K(9728K), 0.0002896 secs] [Times: user=0.00 sys=0.00, real=0.00 secs] 
6.107: [Full GC (Allocation Failure) [PSYoungGen: 32K->0K(1536K)] [ParOldGen: 7897K->2608K(8192K)] 7929K->2608K(9728K), [Metaspace: 3328K->3328K(1056768K)], 0.0021180 secs] [Times: user=0.01 sys=0.00, real=0.00 secs] 
6.109: [GC (Allocation Failure) [PSYoungGen: 776K->32K(1536K)] 8676K->7932K(9728K), 0.0008699 secs] [Times: user=0.00 sys=0.00, real=0.00 secs] 
6.110: [GC (Allocation Failure) [PSYoungGen: 32K->32K(1536K)] 7932K->7932K(9728K), 0.0002565 secs] [Times: user=0.00 sys=0.00, real=0.00 secs] 
6.111: [Full GC (Allocation Failure) [PSYoungGen: 32K->0K(1536K)] [ParOldGen: 7900K->2609K(8192K)] 7932K->2609K(9728K), [Metaspace: 3328K->3328K(1056768K)], 0.0025726 secs] [Times: user=0.00 sys=0.00, real=0.01 secs] 
6.114: [GC (Allocation Failure) [PSYoungGen: 776K->32K(1536K)] 8680K->7935K(9728K), 0.0003330 secs] [Times: user=0.00 sys=0.00, real=0.00 secs] 
6.114: [GC (Allocation Failure) [PSYoungGen: 32K->32K(1536K)] 7935K->7935K(9728K), 0.0002576 secs] [Times: user=0.01 sys=0.00, real=0.00 secs] 
6.114: [Full GC (Allocation Failure) [PSYoungGen: 32K->0K(1536K)] [ParOldGen: 7903K->2610K(8192K)] 7935K->2610K(9728K), [Metaspace: 3328K->3328K(1056768K)], 0.0021869 secs] [Times: user=0.00 sys=0.00, real=0.00 secs] 
6.117: [GC (Allocation Failure) [PSYoungGen: 777K->32K(1536K)] 8683K->7938K(9728K), 0.0008401 secs] [Times: user=0.00 sys=0.00, real=0.00 secs] 
6.118: [GC (Allocation Failure) [PSYoungGen: 32K->32K(1536K)] 7938K->7938K(9728K), 0.0002649 secs] [Times: user=0.00 sys=0.00, real=0.00 secs] 
6.118: [Full GC (Allocation Failure) [PSYoungGen: 32K->0K(1536K)] [ParOldGen: 7906K->2610K(8192K)] 7938K->2610K(9728K), [Metaspace: 3328K->3328K(1056768K)], 0.0025330 secs] [Times: user=0.01 sys=0.00, real=0.00 secs] 
6.121: [GC (Allocation Failure) [PSYoungGen: 777K->32K(1536K)] 8686K->7941K(9728K), 0.0008487 secs] [Times: user=0.00 sys=0.00, real=0.00 secs] 
6.122: [GC (Allocation Failure) [PSYoungGen: 32K->32K(1536K)] 7941K->7941K(9728K), 0.0002626 secs] [Times: user=0.00 sys=0.00, real=0.00 secs] 
6.123: [Full GC (Allocation Failure) [PSYoungGen: 32K->0K(1536K)] [ParOldGen: 7909K->2611K(8192K)] 7941K->2611K(9728K), [Metaspace: 3328K->3328K(1056768K)], 0.0023900 secs] [Times: user=0.01 sys=0.00, real=0.01 secs] 
6.126: [GC (Allocation Failure) [PSYoungGen: 777K->32K(1536K)] 8689K->7944K(9728K), 0.0008296 secs] [Times: user=0.00 sys=0.00, real=0.00 secs] 
6.126: [GC (Allocation Failure) [PSYoungGen: 32K->32K(1536K)] 7944K->7944K(9728K), 0.0003166 secs] [Times: user=0.00 sys=0.00, real=0.00 secs] 
6.127: [Full GC (Allocation Failure) [PSYoungGen: 32K->0K(1536K)] [ParOldGen: 7912K->2611K(8192K)] 7944K->2611K(9728K), [Metaspace: 3328K->3328K(1056768K)], 0.0022198 secs] [Times: user=0.01 sys=0.00, real=0.00 secs] 
6.129: [GC (Allocation Failure) [PSYoungGen: 778K->32K(1536K)] 8692K->7946K(9728K), 0.0008390 secs] [Times: user=0.00 sys=0.00, real=0.00 secs] 
6.130: [GC (Allocation Failure) [PSYoungGen: 32K->32K(1536K)] 7946K->7946K(9728K), 0.0002788 secs] [Times: user=0.00 sys=0.00, real=0.00 secs] 
6.131: [Full GC (Allocation Failure) [PSYoungGen: 32K->0K(1536K)] [ParOldGen: 7914K->2612K(8192K)] 7946K->2612K(9728K), [Metaspace: 3328K->3328K(1056768K)], 0.0025083 secs] [Times: user=0.00 sys=0.00, real=0.01 secs] 
6.134: [GC (Allocation Failure) [PSYoungGen: 778K->32K(1536K)] 8696K->7949K(9728K), 0.0008144 secs] [Times: user=0.00 sys=0.00, real=0.00 secs] 
6.135: [GC (Allocation Failure) [PSYoungGen: 32K->32K(1536K)] 7949K->7949K(9728K), 0.0002709 secs] [Times: user=0.00 sys=0.00, real=0.00 secs] 
6.135: [Full GC (Allocation Failure) [PSYoungGen: 32K->0K(1536K)] [ParOldGen: 7917K->2613K(8192K)] 7949K->2613K(9728K), [Metaspace: 3328K->3328K(1056768K)], 0.0022096 secs] [Times: user=0.00 sys=0.00, real=0.00 secs] 
6.138: [GC (Allocation Failure) [PSYoungGen: 778K->32K(1536K)] 8699K->7952K(9728K), 0.0008742 secs] [Times: user=0.01 sys=0.00, real=0.00 secs] 
6.138: [GC (Allocation Failure) [PSYoungGen: 32K->32K(1536K)] 7952K->7952K(9728K), 0.0002766 secs] [Times: user=0.00 sys=0.00, real=0.00 secs] 
6.139: [Full GC (Allocation Failure) [PSYoungGen: 32K->0K(1536K)] [ParOldGen: 7920K->2613K(8192K)] 7952K->2613K(9728K), [Metaspace: 3328K->3328K(1056768K)], 0.0022187 secs] [Times: user=0.00 sys=0.00, real=0.00 secs] 
6.142: [GC (Allocation Failure) [PSYoungGen: 779K->32K(1536K)] 8702K->7955K(9728K), 0.0008369 secs] [Times: user=0.00 sys=0.00, real=0.00 secs] 
6.142: [GC (Allocation Failure) [PSYoungGen: 32K->32K(1536K)] 7955K->7955K(9728K), 0.0002771 secs] [Times: user=0.00 sys=0.00, real=0.00 secs] 
6.143: [Full GC (Allocation Failure) [PSYoungGen: 32K->0K(1536K)] [ParOldGen: 7923K->2614K(8192K)] 7955K->2614K(9728K), [Metaspace: 3328K->3328K(1056768K)], 0.0022593 secs] [Times: user=0.01 sys=0.00, real=0.00 secs] 
6.146: [GC (Allocation Failure) [PSYoungGen: 779K->32K(1536K)] 8705K->7958K(9728K), 0.0008514 secs] [Times: user=0.00 sys=0.00, real=0.00 secs] 
6.146: [GC (Allocation Failure) [PSYoungGen: 32K->32K(1536K)] 7958K->7958K(9728K), 0.0002876 secs] [Times: user=0.00 sys=0.00, real=0.00 secs] 
6.147: [Full GC (Allocation Failure) [PSYoungGen: 32K->0K(1536K)] [ParOldGen: 7926K->2615K(8192K)] 7958K->2615K(9728K), [Metaspace: 3328K->3328K(1056768K)], 0.0025308 secs] [Times: user=0.01 sys=0.00, real=0.00 secs] 
6.150: [GC (Allocation Failure) [PSYoungGen: 779K->32K(1536K)] 8708K->7961K(9728K), 0.0008376 secs] [Times: user=0.00 sys=0.00, real=0.00 secs] 
6.151: [GC (Allocation Failure) [PSYoungGen: 32K->32K(1536K)] 7961K->7961K(9728K), 0.0002589 secs] [Times: user=0.00 sys=0.00, real=0.00 secs] 
6.151: [Full GC (Allocation Failure) [PSYoungGen: 32K->0K(1536K)] [ParOldGen: 7929K->2615K(8192K)] 7961K->2615K(9728K), [Metaspace: 3328K->3328K(1056768K)], 0.0025321 secs] [Times: user=0.01 sys=0.00, real=0.01 secs] 
6.154: [GC (Allocation Failure) [PSYoungGen: 779K->32K(1536K)] 8712K->7964K(9728K), 0.0008322 secs] [Times: user=0.00 sys=0.00, real=0.00 secs] 
6.155: [GC (Allocation Failure) [PSYoungGen: 32K->32K(1536K)] 7964K->7964K(9728K), 0.0024327 secs] [Times: user=0.00 sys=0.00, real=0.00 secs] 
6.157: [Full GC (Allocation Failure) [PSYoungGen: 32K->0K(1536K)] [ParOldGen: 7932K->2616K(8192K)] 7964K->2616K(9728K), [Metaspace: 3328K->3328K(1056768K)], 0.0028952 secs] [Times: user=0.01 sys=0.00, real=0.00 secs] 
6.161: [GC (Allocation Failure) [PSYoungGen: 780K->32K(1536K)] 8715K->7967K(9728K), 0.0003900 secs] [Times: user=0.00 sys=0.00, real=0.00 secs] 
6.161: [GC (Allocation Failure) [PSYoungGen: 32K->32K(1536K)] 7967K->7967K(9728K), 0.0004250 secs] [Times: user=0.00 sys=0.00, real=0.00 secs] 
6.162: [Full GC (Allocation Failure) [PSYoungGen: 32K->0K(1536K)] [ParOldGen: 7935K->2617K(8192K)] 7967K->2617K(9728K), [Metaspace: 3328K->3328K(1056768K)], 0.0024723 secs] [Times: user=0.00 sys=0.01, real=0.01 secs] 
6.165: [Full GC (Ergonomics) [PSYoungGen: 780K->0K(1536K)] [ParOldGen: 7937K->2617K(8192K)] 8718K->2617K(9728K), [Metaspace: 3328K->3328K(1056768K)], 0.0021009 secs] [Times: user=0.01 sys=0.00, real=0.00 secs] 
6.168: [Full GC (Ergonomics) [PSYoungGen: 780K->0K(1536K)] [ParOldGen: 7940K->2618K(8192K)] 8721K->2618K(9728K), [Metaspace: 3328K->3328K(1056768K)], 0.0026159 secs] [Times: user=0.01 sys=0.00, real=0.00 secs] 
6.171: [Full GC (Ergonomics) [PSYoungGen: 781K->0K(1536K)] [ParOldGen: 7943K->2618K(8192K)] 8724K->2618K(9728K), [Metaspace: 3328K->3328K(1056768K)], 0.0022200 secs] [Times: user=0.00 sys=0.00, real=0.01 secs] 
6.174: [Full GC (Ergonomics) [PSYoungGen: 781K->0K(1536K)] [ParOldGen: 7946K->2619K(8192K)] 8728K->2619K(9728K), [Metaspace: 3328K->3328K(1056768K)], 0.0021396 secs] [Times: user=0.01 sys=0.00, real=0.00 secs] 
6.176: [Full GC (Ergonomics) [PSYoungGen: 781K->0K(1536K)] [ParOldGen: 7949K->2620K(8192K)] 8731K->2620K(9728K), [Metaspace: 3328K->3328K(1056768K)], 0.0022698 secs] [Times: user=0.00 sys=0.00, real=0.00 secs] 
6.179: [Full GC (Ergonomics) [PSYoungGen: 782K->0K(1536K)] [ParOldGen: 7952K->2620K(8192K)] 8734K->2620K(9728K), [Metaspace: 3328K->3328K(1056768K)], 0.0035142 secs] [Times: user=0.01 sys=0.00, real=0.00 secs] 
6.184: [Full GC (Ergonomics) [PSYoungGen: 782K->0K(1536K)] [ParOldGen: 7955K->2621K(8192K)] 8737K->2621K(9728K), [Metaspace: 3328K->3328K(1056768K)], 0.0036454 secs] [Times: user=0.01 sys=0.00, real=0.00 secs] 
6.189: [Full GC (Ergonomics) [PSYoungGen: 782K->0K(1536K)] [ParOldGen: 7958K->2622K(8192K)] 8741K->2622K(9728K), [Metaspace: 3328K->3328K(1056768K)], 0.0038762 secs] [Times: user=0.01 sys=0.00, real=0.01 secs] 
6.194: [Full GC (Ergonomics) [PSYoungGen: 783K->0K(1536K)] [ParOldGen: 7961K->2622K(8192K)] 8744K->2622K(9728K), [Metaspace: 3328K->3328K(1056768K)], 0.0021509 secs] [Times: user=0.00 sys=0.00, real=0.00 secs] 
6.196: [Full GC (Ergonomics) [PSYoungGen: 783K->0K(1536K)] [ParOldGen: 7963K->2623K(8192K)] 8747K->2623K(9728K), [Metaspace: 3328K->3328K(1056768K)], 0.0026146 secs] [Times: user=0.01 sys=0.00, real=0.00 secs] 
6.200: [Full GC (Ergonomics) [PSYoungGen: 783K->0K(1536K)] [ParOldGen: 7966K->2624K(8192K)] 8750K->2624K(9728K), [Metaspace: 3328K->3328K(1056768K)], 0.0025879 secs] [Times: user=0.01 sys=0.00, real=0.00 secs] 
6.203: [Full GC (Ergonomics) [PSYoungGen: 784K->0K(1536K)] [ParOldGen: 7969K->2624K(8192K)] 8753K->2624K(9728K), [Metaspace: 3328K->3328K(1056768K)], 0.0025767 secs] [Times: user=0.00 sys=0.00, real=0.01 secs] 
6.206: [Full GC (Ergonomics) [PSYoungGen: 784K->0K(1536K)] [ParOldGen: 7972K->2625K(8192K)] 8757K->2625K(9728K), [Metaspace: 3328K->3328K(1056768K)], 0.0023218 secs] [Times: user=0.01 sys=0.00, real=0.00 secs] 
6.209: [Full GC (Ergonomics) [PSYoungGen: 784K->0K(1536K)] [ParOldGen: 7975K->2626K(8192K)] 8760K->2626K(9728K), [Metaspace: 3328K->3328K(1056768K)], 0.0025861 secs] [Times: user=0.00 sys=0.00, real=0.00 secs] 
6.212: [Full GC (Ergonomics) [PSYoungGen: 785K->0K(1536K)] [ParOldGen: 7978K->2626K(8192K)] 8763K->2626K(9728K), [Metaspace: 3328K->3328K(1056768K)], 0.0025953 secs] [Times: user=0.01 sys=0.00, real=0.01 secs] 
6.215: [Full GC (Ergonomics) [PSYoungGen: 785K->0K(1536K)] [ParOldGen: 7981K->2627K(8192K)] 8766K->2627K(9728K), [Metaspace: 3328K->3328K(1056768K)], 0.0025464 secs] [Times: user=0.01 sys=0.00, real=0.00 secs] 
6.218: [Full GC (Ergonomics) [PSYoungGen: 785K->0K(1536K)] [ParOldGen: 7984K->2627K(8192K)] 8769K->2627K(9728K), [Metaspace: 3328K->3328K(1056768K)], 0.0025749 secs] [Times: user=0.00 sys=0.00, real=0.00 secs] 
6.221: [Full GC (Ergonomics) [PSYoungGen: 786K->0K(1536K)] [ParOldGen: 7986K->2628K(8192K)] 8773K->2628K(9728K), [Metaspace: 3328K->3328K(1056768K)], 0.0021803 secs] [Times: user=0.01 sys=0.00, real=0.01 secs] 
6.224: [Full GC (Ergonomics) [PSYoungGen: 786K->0K(1536K)] [ParOldGen: 7989K->2629K(8192K)] 8776K->2629K(9728K), [Metaspace: 3328K->3328K(1056768K)], 0.0026149 secs] [Times: user=0.00 sys=0.00, real=0.00 secs] 
6.227: [Full GC (Ergonomics) [PSYoungGen: 786K->0K(1536K)] [ParOldGen: 7992K->2629K(8192K)] 8779K->2629K(9728K), [Metaspace: 3328K->3328K(1056768K)], 0.0022836 secs] [Times: user=0.01 sys=0.00, real=0.00 secs] 
6.230: [Full GC (Ergonomics) [PSYoungGen: 787K->0K(1536K)] [ParOldGen: 7995K->2630K(8192K)] 8782K->2630K(9728K), [Metaspace: 3328K->3328K(1056768K)], 0.0025653 secs] [Times: user=0.01 sys=0.00, real=0.00 secs] 
6.233: [Full GC (Ergonomics) [PSYoungGen: 787K->0K(1536K)] [ParOldGen: 7998K->2631K(8192K)] 8785K->2631K(9728K), [Metaspace: 3328K->3328K(1056768K)], 0.0025946 secs] [Times: user=0.00 sys=0.00, real=0.00 secs] 
6.236: [Full GC (Ergonomics) [PSYoungGen: 787K->0K(1536K)] [ParOldGen: 8001K->2631K(8192K)] 8789K->2631K(9728K), [Metaspace: 3328K->3328K(1056768K)], 0.0025739 secs] [Times: user=0.01 sys=0.00, real=0.00 secs] 
6.239: [Full GC (Ergonomics) [PSYoungGen: 788K->0K(1536K)] [ParOldGen: 8004K->2632K(8192K)] 8792K->2632K(9728K), [Metaspace: 3328K->3328K(1056768K)], 0.0021595 secs] [Times: user=0.00 sys=0.00, real=0.00 secs] 
6.242: [Full GC (Ergonomics) [PSYoungGen: 788K->0K(1536K)] [ParOldGen: 8007K->2633K(8192K)] 8795K->2633K(9728K), [Metaspace: 3328K->3328K(1056768K)], 0.0026578 secs] [Times: user=0.01 sys=0.00, real=0.01 secs] 
6.245: [Full GC (Ergonomics) [PSYoungGen: 788K->0K(1536K)] [ParOldGen: 8010K->2633K(8192K)] 8798K->2633K(9728K), [Metaspace: 3328K->3328K(1056768K)], 0.0022980 secs] [Times: user=0.01 sys=0.00, real=0.00 secs] 
6.248: [Full GC (Ergonomics) [PSYoungGen: 788K->0K(1536K)] [ParOldGen: 8012K->2634K(8192K)] 8801K->2634K(9728K), [Metaspace: 3328K->3328K(1056768K)], 0.0021312 secs] [Times: user=0.00 sys=0.00, real=0.00 secs] 
6.250: [Full GC (Ergonomics) [PSYoungGen: 789K->0K(1536K)] [ParOldGen: 8015K->2634K(8192K)] 8805K->2634K(9728K), [Metaspace: 3328K->3328K(1056768K)], 0.0022813 secs] [Times: user=0.01 sys=0.00, real=0.00 secs] 
6.253: [Full GC (Ergonomics) [PSYoungGen: 789K->0K(1536K)] [ParOldGen: 8018K->2635K(8192K)] 8808K->2635K(9728K), [Metaspace: 3328K->3328K(1056768K)], 0.0025974 secs] [Times: user=0.00 sys=0.00, real=0.00 secs] 
6.256: [Full GC (Ergonomics) [PSYoungGen: 789K->0K(1536K)] [ParOldGen: 8021K->2636K(8192K)] 8811K->2636K(9728K), [Metaspace: 3328K->3328K(1056768K)], 0.0025078 secs] [Times: user=0.01 sys=0.00, real=0.00 secs] 
6.259: [Full GC (Ergonomics) [PSYoungGen: 790K->0K(1536K)] [ParOldGen: 8024K->2636K(8192K)] 8814K->2636K(9728K), [Metaspace: 3328K->3328K(1056768K)], 0.0026549 secs] [Times: user=0.01 sys=0.00, real=0.00 secs] 
6.263: [Full GC (Ergonomics) [PSYoungGen: 790K->0K(1536K)] [ParOldGen: 8027K->2637K(8192K)] 8817K->2637K(9728K), [Metaspace: 3328K->3328K(1056768K)], 0.0025493 secs] [Times: user=0.00 sys=0.00, real=0.01 secs] 
6.266: [Full GC (Ergonomics) [PSYoungGen: 790K->0K(1536K)] [ParOldGen: 8030K->2638K(8192K)] 8821K->2638K(9728K), [Metaspace: 3328K->3328K(1056768K)], 0.0022813 secs] [Times: user=0.01 sys=0.00, real=0.00 secs] 
6.268: [Full GC (Ergonomics) [PSYoungGen: 791K->0K(1536K)] [ParOldGen: 8033K->2638K(8192K)] 8824K->2638K(9728K), [Metaspace: 3328K->3328K(1056768K)], 0.0025836 secs] [Times: user=0.00 sys=0.00, real=0.00 secs] 
6.272: [Full GC (Ergonomics) [PSYoungGen: 791K->0K(1536K)] [ParOldGen: 8035K->2639K(8192K)] 8827K->2639K(9728K), [Metaspace: 3328K->3328K(1056768K)], 0.0022942 secs] [Times: user=0.01 sys=0.00, real=0.01 secs] 
6.274: [Full GC (Ergonomics) [PSYoungGen: 791K->0K(1536K)] [ParOldGen: 8038K->2640K(8192K)] 8830K->2640K(9728K), [Metaspace: 3328K->3328K(1056768K)], 0.0027080 secs] [Times: user=0.01 sys=0.00, real=0.00 secs] 
6.278: [Full GC (Ergonomics) [PSYoungGen: 792K->0K(1536K)] [ParOldGen: 8041K->2640K(8192K)] 8833K->2640K(9728K), [Metaspace: 3328K->3328K(1056768K)], 0.0027537 secs] [Times: user=0.00 sys=0.00, real=0.00 secs] 
6.281: [Full GC (Ergonomics) [PSYoungGen: 792K->0K(1536K)] [ParOldGen: 8044K->2641K(8192K)] 8837K->2641K(9728K), [Metaspace: 3328K->3328K(1056768K)], 0.0024078 secs] [Times: user=0.01 sys=0.00, real=0.01 secs] 
6.284: [Full GC (Ergonomics) [PSYoungGen: 792K->0K(1536K)] [ParOldGen: 8047K->2642K(8192K)] 8840K->2642K(9728K), [Metaspace: 3328K->3328K(1056768K)], 0.0027544 secs] [Times: user=0.00 sys=0.00, real=0.00 secs] 
6.287: [Full GC (Ergonomics) [PSYoungGen: 793K->0K(1536K)] [ParOldGen: 8050K->2642K(8192K)] 8843K->2642K(9728K), [Metaspace: 3328K->3328K(1056768K)], 0.0021457 secs] [Times: user=0.01 sys=0.00, real=0.00 secs] 
6.290: [Full GC (Ergonomics) [PSYoungGen: 793K->0K(1536K)] [ParOldGen: 8053K->2643K(8192K)] 8846K->2643K(9728K), [Metaspace: 3328K->3328K(1056768K)], 0.0025768 secs] [Times: user=0.01 sys=0.00, real=0.00 secs] 
6.293: [Full GC (Ergonomics) [PSYoungGen: 793K->0K(1536K)] [ParOldGen: 8056K->2643K(8192K)] 8849K->2643K(9728K), [Metaspace: 3328K->3328K(1056768K)], 0.0025882 secs] [Times: user=0.00 sys=0.00, real=0.00 secs] 
6.296: [Full GC (Ergonomics) [PSYoungGen: 794K->0K(1536K)] [ParOldGen: 8059K->2644K(8192K)] 8853K->2644K(9728K), [Metaspace: 3328K->3328K(1056768K)], 0.0026061 secs] [Times: user=0.01 sys=0.00, real=0.00 secs] 
6.299: [Full GC (Ergonomics) [PSYoungGen: 794K->0K(1536K)] [ParOldGen: 8061K->2645K(8192K)] 8856K->2645K(9728K), [Metaspace: 3328K->3328K(1056768K)], 0.0025982 secs] [Times: user=0.01 sys=0.00, real=0.00 secs] 
6.303: [Full GC (Ergonomics) [PSYoungGen: 794K->0K(1536K)] [ParOldGen: 8064K->2645K(8192K)] 8859K->2645K(9728K), [Metaspace: 3328K->3328K(1056768K)], 0.0026375 secs] [Times: user=0.00 sys=0.00, real=0.01 secs] 
6.306: [Full GC (Ergonomics) [PSYoungGen: 795K->0K(1536K)] [ParOldGen: 8067K->2646K(8192K)] 8862K->2646K(9728K), [Metaspace: 3328K->3328K(1056768K)], 0.0022410 secs] [Times: user=0.01 sys=0.00, real=0.00 secs] 
6.309: [Full GC (Ergonomics) [PSYoungGen: 795K->0K(1536K)] [ParOldGen: 8070K->2647K(8192K)] 8865K->2647K(9728K), [Metaspace: 3328K->3328K(1056768K)], 0.0020754 secs] [Times: user=0.00 sys=0.00, real=0.00 secs] 
6.311: [Full GC (Ergonomics) [PSYoungGen: 795K->0K(1536K)] [ParOldGen: 8073K->2647K(8192K)] 8869K->2647K(9728K), [Metaspace: 3328K->3328K(1056768K)], 0.0026028 secs] [Times: user=0.01 sys=0.00, real=0.01 secs] 
6.314: [Full GC (Ergonomics) [PSYoungGen: 796K->0K(1536K)] [ParOldGen: 8076K->2648K(8192K)] 8872K->2648K(9728K), [Metaspace: 3328K->3328K(1056768K)], 0.0025872 secs] [Times: user=0.01 sys=0.00, real=0.00 secs] 
6.317: [Full GC (Ergonomics) [PSYoungGen: 796K->0K(1536K)] [ParOldGen: 8079K->2649K(8192K)] 8875K->2649K(9728K), [Metaspace: 3328K->3328K(1056768K)], 0.0025955 secs] [Times: user=0.00 sys=0.00, real=0.00 secs] 
6.321: [Full GC (Ergonomics) [PSYoungGen: 796K->0K(1536K)] [ParOldGen: 8082K->2649K(8192K)] 8878K->2649K(9728K), [Metaspace: 3328K->3328K(1056768K)], 0.0021163 secs] [Times: user=0.01 sys=0.00, real=0.00 secs] 
6.323: [Full GC (Ergonomics) [PSYoungGen: 796K->0K(1536K)] [ParOldGen: 8084K->2650K(8192K)] 8881K->2650K(9728K), [Metaspace: 3328K->3328K(1056768K)], 0.0022393 secs] [Times: user=0.00 sys=0.00, real=0.00 secs] 
6.326: [Full GC (Ergonomics) [PSYoungGen: 797K->0K(1536K)] [ParOldGen: 8087K->2651K(8192K)] 8885K->2651K(9728K), [Metaspace: 3328K->3328K(1056768K)], 0.0025688 secs] [Times: user=0.01 sys=0.00, real=0.00 secs] 
6.329: [Full GC (Ergonomics) [PSYoungGen: 797K->0K(1536K)] [ParOldGen: 8090K->2651K(8192K)] 8888K->2651K(9728K), [Metaspace: 3328K->3328K(1056768K)], 0.0025859 secs] [Times: user=0.01 sys=0.00, real=0.00 secs] 
6.332: [Full GC (Ergonomics) [PSYoungGen: 797K->0K(1536K)] [ParOldGen: 8093K->2652K(8192K)] 8891K->2652K(9728K), [Metaspace: 3328K->3328K(1056768K)], 0.0025395 secs] [Times: user=0.00 sys=0.00, real=0.01 secs] 
6.335: [Full GC (Ergonomics) [PSYoungGen: 798K->0K(1536K)] [ParOldGen: 8096K->2652K(8192K)] 8894K->2652K(9728K), [Metaspace: 3328K->3328K(1056768K)], 0.0021620 secs] [Times: user=0.01 sys=0.00, real=0.00 secs] 
6.338: [Full GC (Ergonomics) [PSYoungGen: 798K->0K(1536K)] [ParOldGen: 8099K->2653K(8192K)] 8897K->2653K(9728K), [Metaspace: 3328K->3328K(1056768K)], 0.0023057 secs] [Times: user=0.00 sys=0.00, real=0.00 secs] 
6.341: [Full GC (Ergonomics) [PSYoungGen: 798K->0K(1536K)] [ParOldGen: 8102K->2654K(8192K)] 8901K->2654K(9728K), [Metaspace: 3328K->3328K(1056768K)], 0.0025799 secs] [Times: user=0.01 sys=0.00, real=0.01 secs] 
6.344: [Full GC (Ergonomics) [PSYoungGen: 799K->0K(1536K)] [ParOldGen: 8105K->2654K(8192K)] 8904K->2654K(9728K), [Metaspace: 3328K->3328K(1056768K)], 0.0026009 secs] [Times: user=0.01 sys=0.00, real=0.00 secs] 
6.347: [Full GC (Ergonomics) [PSYoungGen: 799K->0K(1536K)] [ParOldGen: 8108K->2655K(8192K)] 8907K->2655K(9728K), [Metaspace: 3328K->3328K(1056768K)], 0.0025927 secs] [Times: user=0.00 sys=0.00, real=0.00 secs] 
6.350: [Full GC (Ergonomics) [PSYoungGen: 799K->0K(1536K)] [ParOldGen: 8110K->2656K(8192K)] 8910K->2656K(9728K), [Metaspace: 3328K->3328K(1056768K)], 0.0022122 secs] [Times: user=0.01 sys=0.00, real=0.00 secs] 
6.353: [Full GC (Ergonomics) [PSYoungGen: 800K->0K(1536K)] [ParOldGen: 8113K->2656K(8192K)] 8913K->2656K(9728K), [Metaspace: 3328K->3328K(1056768K)], 0.0025769 secs] [Times: user=0.00 sys=0.00, real=0.00 secs] 
6.356: [Full GC (Ergonomics) [PSYoungGen: 800K->0K(1536K)] [ParOldGen: 8116K->2657K(8192K)] 8917K->2657K(9728K), [Metaspace: 3328K->3328K(1056768K)], 0.0026078 secs] [Times: user=0.01 sys=0.00, real=0.00 secs] 
6.359: [Full GC (Ergonomics) [PSYoungGen: 800K->0K(1536K)] [ParOldGen: 8119K->2658K(8192K)] 8920K->2658K(9728K), [Metaspace: 3328K->3328K(1056768K)], 0.0022073 secs] [Times: user=0.01 sys=0.00, real=0.00 secs] 
6.362: [Full GC (Ergonomics) [PSYoungGen: 801K->0K(1536K)] [ParOldGen: 8122K->2658K(8192K)] 8923K->2658K(9728K), [Metaspace: 3328K->3328K(1056768K)], 0.0025719 secs] [Times: user=0.00 sys=0.00, real=0.01 secs] 
6.365: [Full GC (Ergonomics) [PSYoungGen: 801K->0K(1536K)] [ParOldGen: 8125K->2659K(8192K)] 8926K->2659K(9728K), [Metaspace: 3328K->3328K(1056768K)], 0.0024968 secs] [Times: user=0.01 sys=0.00, real=0.00 secs] 
6.368: [Full GC (Ergonomics) [PSYoungGen: 801K->0K(1536K)] [ParOldGen: 8128K->2659K(8192K)] 8929K->2659K(9728K), [Metaspace: 3328K->3328K(1056768K)], 0.0022580 secs] [Times: user=0.00 sys=0.00, real=0.00 secs] 
6.371: [Full GC (Ergonomics) [PSYoungGen: 802K->0K(1536K)] [ParOldGen: 8131K->2660K(8192K)] 8933K->2660K(9728K), [Metaspace: 3328K->3328K(1056768K)], 0.0021808 secs] [Times: user=0.01 sys=0.00, real=0.01 secs] 
6.374: [Full GC (Ergonomics) [PSYoungGen: 802K->0K(1536K)] [ParOldGen: 8133K->2661K(8192K)] 8936K->2661K(9728K), [Metaspace: 3328K->3328K(1056768K)], 0.0025902 secs] [Times: user=0.01 sys=0.00, real=0.00 secs] 
6.377: [Full GC (Ergonomics) [PSYoungGen: 802K->0K(1536K)] [ParOldGen: 8136K->2661K(8192K)] 8939K->2661K(9728K), [Metaspace: 3328K->3328K(1056768K)], 0.0022621 secs] [Times: user=0.00 sys=0.00, real=0.00 secs] 
6.380: [Full GC (Ergonomics) [PSYoungGen: 803K->0K(1536K)] [ParOldGen: 8139K->2662K(8192K)] 8942K->2662K(9728K), [Metaspace: 3328K->3328K(1056768K)], 0.0025005 secs] [Times: user=0.01 sys=0.00, real=0.00 secs] 
6.383: [Full GC (Ergonomics) [PSYoungGen: 803K->0K(1536K)] [ParOldGen: 8142K->2663K(8192K)] 8946K->2663K(9728K), [Metaspace: 3328K->3328K(1056768K)], 0.0020807 secs] [Times: user=0.00 sys=0.00, real=0.01 secs] 
6.385: [Full GC (Ergonomics) [PSYoungGen: 803K->0K(1536K)] [ParOldGen: 8145K->2663K(8192K)] 8949K->2663K(9728K), [Metaspace: 3328K->3328K(1056768K)], 0.0026088 secs] [Times: user=0.01 sys=0.00, real=0.00 secs] 
6.389: [Full GC (Ergonomics) [PSYoungGen: 804K->0K(1536K)] [ParOldGen: 8148K->2664K(8192K)] 8952K->2664K(9728K), [Metaspace: 3328K->3328K(1056768K)], 0.0032297 secs] [Times: user=0.01 sys=0.00, real=0.00 secs] 
6.392: [Full GC (Ergonomics) [PSYoungGen: 804K->0K(1536K)] [ParOldGen: 8151K->2665K(8192K)] 8955K->2665K(9728K), [Metaspace: 3328K->3328K(1056768K)], 0.0025384 secs] [Times: user=0.00 sys=0.00, real=0.01 secs] 
6.396: [Full GC (Ergonomics) [PSYoungGen: 804K->0K(1536K)] [ParOldGen: 8154K->2665K(8192K)] 8958K->2665K(9728K), [Metaspace: 3328K->3328K(1056768K)], 0.0022181 secs] [Times: user=0.01 sys=0.00, real=0.00 secs] 
6.398: [Full GC (Ergonomics) [PSYoungGen: 804K->0K(1536K)] [ParOldGen: 8157K->2666K(8192K)] 8962K->2666K(9728K), [Metaspace: 3328K->3328K(1056768K)], 0.0026274 secs] [Times: user=0.00 sys=0.00, real=0.00 secs] 
6.402: [Full GC (Ergonomics) [PSYoungGen: 805K->0K(1536K)] [ParOldGen: 8159K->2667K(8192K)] 8965K->2667K(9728K), [Metaspace: 3328K->3328K(1056768K)], 0.0029030 secs] [Times: user=0.01 sys=0.00, real=0.01 secs] 
6.405: [Full GC (Ergonomics) [PSYoungGen: 805K->0K(1536K)] [ParOldGen: 8162K->2667K(8192K)] 8968K->2667K(9728K), [Metaspace: 3328K->3328K(1056768K)], 0.0020725 secs] [Times: user=0.00 sys=0.00, real=0.00 secs] 
6.408: [Full GC (Ergonomics) [PSYoungGen: 805K->0K(1536K)] [ParOldGen: 8165K->2668K(8192K)] 8971K->2668K(9728K), [Metaspace: 3328K->3328K(1056768K)], 0.0024513 secs] [Times: user=0.01 sys=0.00, real=0.00 secs] 
6.411: [Full GC (Ergonomics) [PSYoungGen: 806K->0K(1536K)] [ParOldGen: 8168K->2668K(8192K)] 8974K->2668K(9728K), [Metaspace: 3328K->3328K(1056768K)], 0.0020961 secs] [Times: user=0.01 sys=0.00, real=0.01 secs] 
6.413: [Full GC (Ergonomics) [PSYoungGen: 806K->0K(1536K)] [ParOldGen: 8171K->2669K(8192K)] 8978K->2669K(9728K), [Metaspace: 3328K->3328K(1056768K)], 0.0027657 secs] [Times: user=0.00 sys=0.00, real=0.00 secs] 
6.417: [Full GC (Ergonomics) [PSYoungGen: 806K->0K(1536K)] [ParOldGen: 8174K->2670K(8192K)] 8981K->2670K(9728K), [Metaspace: 3328K->3328K(1056768K)], 0.0030100 secs] [Times: user=0.01 sys=0.00, real=0.00 secs] 
6.420: [Full GC (Ergonomics) [PSYoungGen: 807K->0K(1536K)] [ParOldGen: 8177K->2670K(8192K)] 8984K->2670K(9728K), [Metaspace: 3328K->3328K(1056768K)], 0.0026745 secs] [Times: user=0.00 sys=0.00, real=0.01 secs] 
6.423: [Full GC (Ergonomics) [PSYoungGen: 807K->0K(1536K)] [ParOldGen: 8180K->2671K(8192K)] 8987K->2671K(9728K), [Metaspace: 3328K->3328K(1056768K)], 0.0022325 secs] [Times: user=0.01 sys=0.00, real=0.00 secs] 
6.426: [Full GC (Ergonomics) [PSYoungGen: 807K->0K(1536K)] [ParOldGen: 8182K->2672K(8192K)] 8990K->2672K(9728K), [Metaspace: 3328K->3328K(1056768K)], 0.0026169 secs] [Times: user=0.00 sys=0.00, real=0.00 secs] 
6.429: [Full GC (Ergonomics) [PSYoungGen: 808K->0K(1536K)] [ParOldGen: 8185K->2672K(8192K)] 8994K->2672K(9728K), [Metaspace: 3328K->3328K(1056768K)], 0.0025480 secs] [Times: user=0.00 sys=0.00, real=0.00 secs] 
6.432: [Full GC (Ergonomics) [PSYoungGen: 808K->0K(1536K)] [ParOldGen: 8188K->2673K(8192K)] 8997K->2673K(9728K), [Metaspace: 3328K->3328K(1056768K)], 0.0026348 secs] [Times: user=0.01 sys=0.00, real=0.01 secs] 
6.436: [Full GC (Ergonomics) [PSYoungGen: 808K->0K(1536K)] [ParOldGen: 8191K->2674K(8192K)] 9000K->2674K(9728K), [Metaspace: 3328K->3328K(1056768K)], 0.0021401 secs] [Times: user=0.00 sys=0.00, real=0.00 secs] 
6.438: [GC (Allocation Failure) [PSYoungGen: 809K->32K(1536K)] 8214K->7437K(9728K), 0.0003253 secs] [Times: user=0.00 sys=0.00, real=0.00 secs] 
6.439: [GC (Allocation Failure) --[PSYoungGen: 820K->820K(1536K)] 8226K->8226K(9728K), 0.0008176 secs] [Times: user=0.01 sys=0.00, real=0.00 secs] 
6.440: [Full GC (Ergonomics) [PSYoungGen: 820K->0K(1536K)] [ParOldGen: 7405K->2674K(8192K)] 8226K->2674K(9728K), [Metaspace: 3328K->3328K(1056768K)], 0.0028092 secs] [Times: user=0.00 sys=0.00, real=0.00 secs] 
6.443: [GC (Allocation Failure) [PSYoungGen: 809K->32K(1536K)] 8217K->7440K(9728K), 0.0008174 secs] [Times: user=0.00 sys=0.00, real=0.00 secs] 
6.444: [GC (Allocation Failure) --[PSYoungGen: 821K->821K(1536K)] 8229K->8229K(9728K), 0.0002975 secs] [Times: user=0.00 sys=0.00, real=0.00 secs] 
6.444: [Full GC (Ergonomics) [PSYoungGen: 821K->0K(1536K)] [ParOldGen: 7408K->2675K(8192K)] 8229K->2675K(9728K), [Metaspace: 3328K->3328K(1056768K)], 0.0021687 secs] [Times: user=0.01 sys=0.00, real=0.00 secs] 
6.447: [GC (Allocation Failure) [PSYoungGen: 809K->32K(1536K)] 8220K->7442K(9728K), 0.0006395 secs] [Times: user=0.00 sys=0.00, real=0.00 secs] 
6.448: [GC (Allocation Failure) --[PSYoungGen: 821K->821K(1536K)] 8232K->8232K(9728K), 0.0008232 secs] [Times: user=0.00 sys=0.00, real=0.00 secs] 
6.448: [Full GC (Ergonomics) [PSYoungGen: 821K->0K(1536K)] [ParOldGen: 7410K->2675K(8192K)] 8232K->2675K(9728K), [Metaspace: 3328K->3328K(1056768K)], 0.0026468 secs] [Times: user=0.01 sys=0.00, real=0.00 secs] 
6.452: [GC (Allocation Failure) [PSYoungGen: 810K->32K(1536K)] 8223K->7445K(9728K), 0.0008303 secs] [Times: user=0.00 sys=0.00, real=0.00 secs] 
6.453: [GC (Allocation Failure) --[PSYoungGen: 821K->821K(1536K)] 8235K->8235K(9728K), 0.0007977 secs] [Times: user=0.00 sys=0.00, real=0.01 secs] 
6.453: [Full GC (Ergonomics) [PSYoungGen: 821K->0K(1536K)] [ParOldGen: 7413K->2676K(8192K)] 8235K->2676K(9728K), [Metaspace: 3328K->3328K(1056768K)], 0.0028413 secs] [Times: user=0.01 sys=0.00, real=0.00 secs] 
6.457: [GC (Allocation Failure) [PSYoungGen: 810K->32K(1536K)] 8226K->7447K(9728K), 0.0003156 secs] [Times: user=0.00 sys=0.00, real=0.00 secs] 
6.457: [GC (Allocation Failure) --[PSYoungGen: 822K->822K(1536K)] 8238K->8238K(9728K), 0.0007898 secs] [Times: user=0.00 sys=0.00, real=0.00 secs] 
6.458: [Full GC (Ergonomics) [PSYoungGen: 822K->0K(1536K)] [ParOldGen: 7415K->2677K(8192K)] 8238K->2677K(9728K), [Metaspace: 3328K->3328K(1056768K)], 0.0030955 secs] [Times: user=0.01 sys=0.00, real=0.00 secs] 
6.462: [GC (Allocation Failure) [PSYoungGen: 810K->32K(1536K)] 8229K->7450K(9728K), 0.0003083 secs] [Times: user=0.00 sys=0.00, real=0.00 secs] 
6.462: [GC (Allocation Failure) --[PSYoungGen: 822K->822K(1536K)] 8240K->8240K(9728K), 0.0003376 secs] [Times: user=0.00 sys=0.00, real=0.00 secs] 
6.462: [Full GC (Ergonomics) [PSYoungGen: 822K->0K(1536K)] [ParOldGen: 7418K->2677K(8192K)] 8240K->2677K(9728K), [Metaspace: 3328K->3328K(1056768K)], 0.0020404 secs] [Times: user=0.01 sys=0.00, real=0.01 secs] 
6.465: [GC (Allocation Failure) [PSYoungGen: 811K->32K(1536K)] 8232K->7453K(9728K), 0.0003250 secs] [Times: user=0.00 sys=0.00, real=0.00 secs] 
6.465: [GC (Allocation Failure) --[PSYoungGen: 822K->822K(1536K)] 8243K->8243K(9728K), 0.0002784 secs] [Times: user=0.00 sys=0.00, real=0.00 secs] 
6.466: [Full GC (Ergonomics) [PSYoungGen: 822K->0K(1536K)] [ParOldGen: 7421K->2678K(8192K)] 8243K->2678K(9728K), [Metaspace: 3328K->3328K(1056768K)], 0.0026561 secs] [Times: user=0.00 sys=0.00, real=0.00 secs] 
6.469: [GC (Allocation Failure) [PSYoungGen: 811K->32K(1536K)] 8235K->7455K(9728K), 0.0003135 secs] [Times: user=0.00 sys=0.00, real=0.00 secs] 
6.469: [GC (Allocation Failure) --[PSYoungGen: 823K->823K(1536K)] 8246K->8246K(9728K), 0.0007888 secs] [Times: user=0.01 sys=0.00, real=0.00 secs] 
6.470: [Full GC (Ergonomics) [PSYoungGen: 823K->0K(1536K)] [ParOldGen: 7423K->2679K(8192K)] 8246K->2679K(9728K), [Metaspace: 3328K->3328K(1056768K)], 0.0030618 secs] [Times: user=0.00 sys=0.00, real=0.01 secs] 
6.474: [GC (Allocation Failure) [PSYoungGen: 811K->32K(1536K)] 8237K->7458K(9728K), 0.0008257 secs] [Times: user=0.00 sys=0.00, real=0.00 secs] 
6.475: [GC (Allocation Failure) --[PSYoungGen: 823K->823K(1536K)] 8249K->8249K(9728K), 0.0007904 secs] [Times: user=0.00 sys=0.00, real=0.00 secs] 
6.475: [Full GC (Ergonomics) [PSYoungGen: 823K->0K(1536K)] [ParOldGen: 7426K->2679K(8192K)] 8249K->2679K(9728K), [Metaspace: 3328K->3328K(1056768K)], 0.0032512 secs] [Times: user=0.01 sys=0.00, real=0.00 secs] 
6.479: [GC (Allocation Failure) [PSYoungGen: 812K->32K(1536K)] 8240K->7460K(9728K), 0.0003107 secs] [Times: user=0.00 sys=0.00, real=0.00 secs] 
6.480: [GC (Allocation Failure) --[PSYoungGen: 823K->823K(1536K)] 8252K->8252K(9728K), 0.0007879 secs] [Times: user=0.00 sys=0.00, real=0.00 secs] 
6.481: [Full GC (Ergonomics) [PSYoungGen: 823K->0K(1536K)] [ParOldGen: 7428K->2680K(8192K)] 8252K->2680K(9728K), [Metaspace: 3328K->3328K(1056768K)], 0.0026250 secs] [Times: user=0.01 sys=0.00, real=0.01 secs] 
6.484: [GC (Allocation Failure) [PSYoungGen: 812K->32K(1536K)] 8243K->7463K(9728K), 0.0003336 secs] [Times: user=0.00 sys=0.00, real=0.00 secs] 
6.484: [GC (Allocation Failure) --[PSYoungGen: 824K->824K(1536K)] 8255K->8255K(9728K), 0.0003021 secs] [Times: user=0.00 sys=0.00, real=0.00 secs] 
6.484: [Full GC (Ergonomics) [PSYoungGen: 824K->0K(1536K)] [ParOldGen: 7431K->2681K(8192K)] 8255K->2681K(9728K), [Metaspace: 3328K->3328K(1056768K)], 0.0028548 secs] [Times: user=0.01 sys=0.00, real=0.00 secs] 
6.488: [GC (Allocation Failure) [PSYoungGen: 812K->32K(1536K)] 8246K->7465K(9728K), 0.0003918 secs] [Times: user=0.00 sys=0.00, real=0.00 secs] 
6.488: [GC (Allocation Failure) --[PSYoungGen: 824K->824K(1536K)] 8258K->8258K(9728K), 0.0003038 secs] [Times: user=0.00 sys=0.00, real=0.00 secs] 
6.489: [Full GC (Ergonomics) [PSYoungGen: 824K->0K(1536K)] [ParOldGen: 7433K->2681K(8192K)] 8258K->2681K(9728K), [Metaspace: 3328K->3328K(1056768K)], 0.0026434 secs] [Times: user=0.00 sys=0.00, real=0.00 secs] 
6.492: [GC (Allocation Failure) [PSYoungGen: 812K->32K(1536K)] 8249K->7468K(9728K), 0.0003233 secs] [Times: user=0.00 sys=0.00, real=0.00 secs] 
6.492: [GC (Allocation Failure) --[PSYoungGen: 824K->824K(1536K)] 8261K->8261K(9728K), 0.0007929 secs] [Times: user=0.01 sys=0.00, real=0.01 secs] 
6.493: [Full GC (Ergonomics) [PSYoungGen: 824K->0K(1536K)] [ParOldGen: 7436K->2682K(8192K)] 8261K->2682K(9728K), [Metaspace: 3328K->3328K(1056768K)], 0.0020577 secs] [Times: user=0.00 sys=0.00, real=0.00 secs] 
6.496: [GC (Allocation Failure) [PSYoungGen: 813K->32K(1536K)] 8252K->7471K(9728K), 0.0003243 secs] [Times: user=0.00 sys=0.00, real=0.00 secs] 
6.496: [GC (Allocation Failure) --[PSYoungGen: 824K->824K(1536K)] 8263K->8263K(9728K), 0.0008272 secs] [Times: user=0.00 sys=0.00, real=0.00 secs] 
6.497: [Full GC (Ergonomics) [PSYoungGen: 824K->0K(1536K)] [ParOldGen: 7439K->2683K(8192K)] 8263K->2683K(9728K), [Metaspace: 3328K->3328K(1056768K)], 0.0035232 secs] [Times: user=0.01 sys=0.00, real=0.00 secs] 
6.501: [GC (Allocation Failure) [PSYoungGen: 813K->32K(1536K)] 8255K->7473K(9728K), 0.0008216 secs] [Times: user=0.00 sys=0.00, real=0.00 secs] 
6.502: [GC (Allocation Failure) --[PSYoungGen: 825K->825K(1536K)] 8266K->8266K(9728K), 0.0003121 secs] [Times: user=0.00 sys=0.00, real=0.00 secs] 
6.502: [Full GC (Ergonomics) [PSYoungGen: 825K->0K(1536K)] [ParOldGen: 7441K->2683K(8192K)] 8266K->2683K(9728K), [Metaspace: 3328K->3328K(1056768K)], 0.0032953 secs] [Times: user=0.01 sys=0.01, real=0.01 secs] 
6.507: [GC (Allocation Failure) [PSYoungGen: 813K->32K(1536K)] 8258K->7476K(9728K), 0.0004450 secs] [Times: user=0.00 sys=0.00, real=0.00 secs] 
6.507: [GC (Allocation Failure) --[PSYoungGen: 825K->825K(1536K)] 8269K->8269K(9728K), 0.0006548 secs] [Times: user=0.00 sys=0.00, real=0.00 secs] 
6.508: [Full GC (Ergonomics) [PSYoungGen: 825K->0K(1536K)] [ParOldGen: 7444K->2684K(8192K)] 8269K->2684K(9728K), [Metaspace: 3328K->3328K(1056768K)], 0.0025279 secs] [Times: user=0.01 sys=0.00, real=0.00 secs] 
6.511: [GC (Allocation Failure) [PSYoungGen: 814K->32K(1536K)] 8260K->7478K(9728K), 0.0008887 secs] [Times: user=0.00 sys=0.00, real=0.00 secs] 
6.512: [GC (Allocation Failure) --[PSYoungGen: 825K->825K(1536K)] 8272K->8272K(9728K), 0.0005835 secs] [Times: user=0.00 sys=0.00, real=0.01 secs] 
6.513: [Full GC (Ergonomics) [PSYoungGen: 825K->0K(1536K)] [ParOldGen: 7446K->2684K(8192K)] 8272K->2684K(9728K), [Metaspace: 3328K->3328K(1056768K)], 0.0046011 secs] [Times: user=0.01 sys=0.00, real=0.00 secs] 
6.518: [GC (Allocation Failure) [PSYoungGen: 814K->32K(1536K)] 8263K->7481K(9728K), 0.0003342 secs] [Times: user=0.00 sys=0.00, real=0.00 secs] 
6.519: [GC (Allocation Failure) --[PSYoungGen: 826K->826K(1536K)] 8275K->8275K(9728K), 0.0007873 secs] [Times: user=0.00 sys=0.00, real=0.00 secs] 
6.520: [Full GC (Ergonomics) [PSYoungGen: 826K->0K(1536K)] [ParOldGen: 7449K->2685K(8192K)] 8275K->2685K(9728K), [Metaspace: 3328K->3328K(1056768K)], 0.0021846 secs] [Times: user=0.01 sys=0.00, real=0.00 secs] 
6.522: [GC (Allocation Failure) [PSYoungGen: 814K->32K(1536K)] 8266K->7483K(9728K), 0.0007250 secs] [Times: user=0.00 sys=0.00, real=0.01 secs] 
6.523: [GC (Allocation Failure) --[PSYoungGen: 826K->826K(1536K)] 8278K->8278K(9728K), 0.0008201 secs] [Times: user=0.00 sys=0.00, real=0.00 secs] 
6.524: [Full GC (Ergonomics) [PSYoungGen: 826K->0K(1536K)] [ParOldGen: 7451K->2686K(8192K)] 8278K->2686K(9728K), [Metaspace: 3328K->3328K(1056768K)], 0.0025967 secs] [Times: user=0.01 sys=0.00, real=0.00 secs] 
6.527: [GC (Allocation Failure) [PSYoungGen: 815K->32K(1536K)] 8269K->7486K(9728K), 0.0008559 secs] [Times: user=0.00 sys=0.00, real=0.00 secs] 
6.528: [GC (Allocation Failure) --[PSYoungGen: 826K->826K(1536K)] 8281K->8281K(9728K), 0.0002912 secs] [Times: user=0.00 sys=0.00, real=0.00 secs] 
6.528: [Full GC (Ergonomics) [PSYoungGen: 826K->0K(1536K)] [ParOldGen: 7454K->2686K(8192K)] 8281K->2686K(9728K), [Metaspace: 3328K->3328K(1056768K)], 0.0025136 secs] [Times: user=0.01 sys=0.00, real=0.00 secs] 
6.531: [GC (Allocation Failure) [PSYoungGen: 815K->32K(1536K)] 8272K->7488K(9728K), 0.0003230 secs] [Times: user=0.00 sys=0.00, real=0.00 secs] 
6.532: [GC (Allocation Failure) --[PSYoungGen: 827K->827K(1536K)] 8284K->8284K(9728K), 0.0007886 secs] [Times: user=0.00 sys=0.00, real=0.00 secs] 
6.533: [Full GC (Ergonomics) [PSYoungGen: 827K->0K(1536K)] [ParOldGen: 7456K->2687K(8192K)] 8284K->2687K(9728K), [Metaspace: 3328K->3328K(1056768K)], 0.0026097 secs] [Times: user=0.00 sys=0.00, real=0.00 secs] 
6.536: [GC (Allocation Failure) [PSYoungGen: 815K->32K(1536K)] 8275K->7491K(9728K), 0.0003147 secs] [Times: user=0.01 sys=0.00, real=0.00 secs] 
6.536: [GC (Allocation Failure) --[PSYoungGen: 827K->827K(1536K)] 8287K->8287K(9728K), 0.0003666 secs] [Times: user=0.00 sys=0.00, real=0.00 secs] 
6.537: [Full GC (Ergonomics) [PSYoungGen: 827K->0K(1536K)] [ParOldGen: 7459K->2688K(8192K)] 8287K->2688K(9728K), [Metaspace: 3328K->3328K(1056768K)], 0.0021002 secs] [Times: user=0.00 sys=0.00, real=0.00 secs] 
6.539: [GC (Allocation Failure) [PSYoungGen: 816K->32K(1536K)] 8278K->7494K(9728K), 0.0003258 secs] [Times: user=0.00 sys=0.00, real=0.00 secs] 
6.540: [GC (Allocation Failure) --[PSYoungGen: 827K->827K(1536K)] 8289K->8289K(9728K), 0.0002807 secs] [Times: user=0.00 sys=0.00, real=0.00 secs] 
6.540: [Full GC (Ergonomics) [PSYoungGen: 827K->0K(1536K)] [ParOldGen: 7462K->2688K(8192K)] 8289K->2688K(9728K), [Metaspace: 3328K->3328K(1056768K)], 0.0022338 secs] [Times: user=0.01 sys=0.00, real=0.00 secs] 
6.543: [GC (Allocation Failure) [PSYoungGen: 816K->32K(1536K)] 8281K->7496K(9728K), 0.0008253 secs] [Times: user=0.00 sys=0.00, real=0.00 secs] 
6.544: [GC (Allocation Failure) --[PSYoungGen: 828K->828K(1536K)] 8292K->8292K(9728K), 0.0008317 secs] [Times: user=0.00 sys=0.00, real=0.00 secs] 
6.545: [Full GC (Ergonomics) [PSYoungGen: 828K->0K(1536K)] [ParOldGen: 7464K->2689K(8192K)] 8292K->2689K(9728K), [Metaspace: 3328K->3328K(1056768K)], 0.0032904 secs] [Times: user=0.01 sys=0.00, real=0.00 secs] 
6.548: [GC (Allocation Failure) [PSYoungGen: 816K->32K(1536K)] 8284K->7499K(9728K), 0.0008356 secs] [Times: user=0.00 sys=0.00, real=0.00 secs] 
6.549: [GC (Allocation Failure) --[PSYoungGen: 828K->828K(1536K)] 8295K->8295K(9728K), 0.0002900 secs] [Times: user=0.00 sys=0.00, real=0.00 secs] 
6.550: [Full GC (Ergonomics) [PSYoungGen: 828K->0K(1536K)] [ParOldGen: 7467K->2690K(8192K)] 8295K->2690K(9728K), [Metaspace: 3328K->3328K(1056768K)], 0.0036199 secs] [Times: user=0.01 sys=0.00, real=0.01 secs] 
6.554: [GC (Allocation Failure) [PSYoungGen: 817K->32K(1536K)] 8286K->7501K(9728K), 0.0003163 secs] [Times: user=0.00 sys=0.00, real=0.00 secs] 
6.554: [GC (Allocation Failure) --[PSYoungGen: 828K->828K(1536K)] 8298K->8298K(9728K), 0.0003132 secs] [Times: user=0.00 sys=0.00, real=0.00 secs] 
6.555: [Full GC (Ergonomics) [PSYoungGen: 828K->0K(1536K)] [ParOldGen: 7469K->2690K(8192K)] 8298K->2690K(9728K), [Metaspace: 3328K->3328K(1056768K)], 0.0021790 secs] [Times: user=0.00 sys=0.00, real=0.00 secs] 
6.557: [GC (Allocation Failure) [PSYoungGen: 817K->32K(1536K)] 8289K->7504K(9728K), 0.0008437 secs] [Times: user=0.00 sys=0.00, real=0.00 secs] 
6.558: [GC (Allocation Failure) --[PSYoungGen: 829K->829K(1536K)] 8301K->8301K(9728K), 0.0003020 secs] [Times: user=0.00 sys=0.00, real=0.00 secs] 
6.559: [Full GC (Ergonomics) [PSYoungGen: 829K->0K(1536K)] [ParOldGen: 7472K->2691K(8192K)] 8301K->2691K(9728K), [Metaspace: 3328K->3328K(1056768K)], 0.0036075 secs] [Times: user=0.00 sys=0.00, real=0.00 secs] 
6.563: [GC (Allocation Failure) [PSYoungGen: 817K->32K(1536K)] 8292K->7506K(9728K), 0.0003165 secs] [Times: user=0.01 sys=0.00, real=0.00 secs] 
6.563: [GC (Allocation Failure) --[PSYoungGen: 829K->829K(1536K)] 8304K->8304K(9728K), 0.0008007 secs] [Times: user=0.00 sys=0.00, real=0.00 secs] 
6.564: [Full GC (Ergonomics) [PSYoungGen: 829K->0K(1536K)] [ParOldGen: 7474K->2692K(8192K)] 8304K->2692K(9728K), [Metaspace: 3328K->3328K(1056768K)], 0.0026613 secs] [Times: user=0.00 sys=0.00, real=0.00 secs] 
6.567: [GC (Allocation Failure) [PSYoungGen: 818K->32K(1536K)] 8295K->7509K(9728K), 0.0008225 secs] [Times: user=0.01 sys=0.00, real=0.00 secs] 
6.568: [GC (Allocation Failure) --[PSYoungGen: 829K->829K(1536K)] 8307K->8307K(9728K), 0.0003025 secs] [Times: user=0.00 sys=0.00, real=0.00 secs] 
6.569: [Full GC (Ergonomics) [PSYoungGen: 829K->0K(1536K)] [ParOldGen: 7477K->2692K(8192K)] 8307K->2692K(9728K), [Metaspace: 3328K->3328K(1056768K)], 0.0022466 secs] [Times: user=0.00 sys=0.00, real=0.00 secs] 
6.571: [GC (Allocation Failure) [PSYoungGen: 818K->32K(1536K)] 8298K->7512K(9728K), 0.0008338 secs] [Times: user=0.00 sys=0.00, real=0.00 secs] 
6.572: [GC (Allocation Failure) --[PSYoungGen: 830K->830K(1536K)] 8310K->8310K(9728K), 0.0008288 secs] [Times: user=0.01 sys=0.00, real=0.01 secs] 
6.573: [Full GC (Ergonomics) [PSYoungGen: 830K->0K(1536K)] [ParOldGen: 7480K->2693K(8192K)] 8310K->2693K(9728K), [Metaspace: 3328K->3328K(1056768K)], 0.0030120 secs] [Times: user=0.00 sys=0.00, real=0.00 secs] 
6.577: [GC (Allocation Failure) [PSYoungGen: 818K->32K(1536K)] 8301K->7514K(9728K), 0.0003259 secs] [Times: user=0.00 sys=0.00, real=0.00 secs] 
6.577: [GC (Allocation Failure) --[PSYoungGen: 830K->830K(1536K)] 8313K->8313K(9728K), 0.0002923 secs] [Times: user=0.00 sys=0.00, real=0.00 secs] 
6.577: [Full GC (Ergonomics) [PSYoungGen: 830K->0K(1536K)] [ParOldGen: 7482K->2693K(8192K)] 8313K->2693K(9728K), [Metaspace: 3328K->3328K(1056768K)], 0.0025371 secs] [Times: user=0.01 sys=0.00, real=0.00 secs] 
6.581: [GC (Allocation Failure) [PSYoungGen: 819K->32K(1536K)] 8304K->7517K(9728K), 0.0003248 secs] [Times: user=0.00 sys=0.00, real=0.00 secs] 
6.581: [GC (Allocation Failure) --[PSYoungGen: 830K->830K(1536K)] 8315K->8315K(9728K), 0.0008325 secs] [Times: user=0.00 sys=0.00, real=0.00 secs] 
6.582: [Full GC (Ergonomics) [PSYoungGen: 830K->0K(1536K)] [ParOldGen: 7485K->2694K(8192K)] 8315K->2694K(9728K), [Metaspace: 3328K->3328K(1056768K)], 0.0045276 secs] [Times: user=0.01 sys=0.00, real=0.01 secs] 
6.587: [GC (Allocation Failure) [PSYoungGen: 819K->32K(1536K)] 8307K->7519K(9728K), 0.0003459 secs] [Times: user=0.00 sys=0.00, real=0.00 secs] 
6.587: [GC (Allocation Failure) --[PSYoungGen: 831K->831K(1536K)] 8318K->8318K(9728K), 0.0007824 secs] [Times: user=0.00 sys=0.00, real=0.00 secs] 
6.588: [Full GC (Ergonomics) [PSYoungGen: 831K->0K(1536K)] [ParOldGen: 7487K->2695K(8192K)] 8318K->2695K(9728K), [Metaspace: 3328K->3328K(1056768K)], 0.0026023 secs] [Times: user=0.01 sys=0.00, real=0.00 secs] 
6.591: [GC (Allocation Failure) [PSYoungGen: 819K->32K(1536K)] 8309K->7522K(9728K), 0.0008915 secs] [Times: user=0.00 sys=0.00, real=0.00 secs] 
6.592: [GC (Allocation Failure) --[PSYoungGen: 831K->831K(1536K)] 8321K->8321K(9728K), 0.0007949 secs] [Times: user=0.00 sys=0.00, real=0.01 secs] 
6.593: [Full GC (Ergonomics) [PSYoungGen: 831K->0K(1536K)] [ParOldGen: 7490K->2695K(8192K)] 8321K->2695K(9728K), [Metaspace: 3328K->3328K(1056768K)], 0.0021545 secs] [Times: user=0.01 sys=0.00, real=0.00 secs] 
6.596: [GC (Allocation Failure) [PSYoungGen: 820K->32K(1536K)] 8312K->7524K(9728K), 0.0007375 secs] [Times: user=0.00 sys=0.00, real=0.00 secs] 
6.597: [GC (Allocation Failure) --[PSYoungGen: 831K->831K(1536K)] 8324K->8324K(9728K), 0.0003453 secs] [Times: user=0.00 sys=0.00, real=0.00 secs] 
6.597: [Full GC (Ergonomics) [PSYoungGen: 831K->0K(1536K)] [ParOldGen: 7492K->2696K(8192K)] 8324K->2696K(9728K), [Metaspace: 3328K->3328K(1056768K)], 0.0026526 secs] [Times: user=0.00 sys=0.00, real=0.00 secs] 
6.600: [GC (Allocation Failure) [PSYoungGen: 820K->32K(1536K)] 8315K->7527K(9728K), 0.0003336 secs] [Times: user=0.01 sys=0.00, real=0.00 secs] 
6.601: [GC (Allocation Failure) --[PSYoungGen: 832K->832K(1536K)] 8327K->8327K(9728K), 0.0002923 secs] [Times: user=0.00 sys=0.00, real=0.00 secs] 
6.601: [Full GC (Ergonomics) [PSYoungGen: 832K->0K(1536K)] [ParOldGen: 7495K->2697K(8192K)] 8327K->2697K(9728K), [Metaspace: 3328K->3328K(1056768K)], 0.0024469 secs] [Times: user=0.00 sys=0.00, real=0.01 secs] 
6.604: [GC (Allocation Failure) [PSYoungGen: 820K->32K(1536K)] 8318K->7529K(9728K), 0.0008447 secs] [Times: user=0.00 sys=0.00, real=0.00 secs] 
6.605: [GC (Allocation Failure) --[PSYoungGen: 832K->832K(1536K)] 8330K->8330K(9728K), 0.0002772 secs] [Times: user=0.00 sys=0.00, real=0.00 secs] 
6.605: [Full GC (Ergonomics) [PSYoungGen: 832K->0K(1536K)] [ParOldGen: 7497K->2697K(8192K)] 8330K->2697K(9728K), [Metaspace: 3328K->3328K(1056768K)], 0.0021901 secs] [Times: user=0.01 sys=0.00, real=0.00 secs] 
6.608: [GC (Allocation Failure) [PSYoungGen: 820K->32K(1536K)] 8321K->7532K(9728K), 0.0008549 secs] [Times: user=0.00 sys=0.00, real=0.00 secs] 
6.609: [GC (Allocation Failure) --[PSYoungGen: 832K->832K(1536K)] 8333K->8333K(9728K), 0.0002954 secs] [Times: user=0.00 sys=0.00, real=0.00 secs] 
6.609: [Full GC (Ergonomics) [PSYoungGen: 832K->0K(1536K)] [ParOldGen: 7500K->2698K(8192K)] 8333K->2698K(9728K), [Metaspace: 3328K->3328K(1056768K)], 0.0032850 secs] [Times: user=0.01 sys=0.00, real=0.01 secs] 
6.613: [GC (Allocation Failure) [PSYoungGen: 821K->32K(1536K)] 8324K->7535K(9728K), 0.0003213 secs] [Times: user=0.00 sys=0.00, real=0.00 secs] 
6.614: [GC (Allocation Failure) --[PSYoungGen: 832K->832K(1536K)] 8336K->8336K(9728K), 0.0003007 secs] [Times: user=0.00 sys=0.00, real=0.00 secs] 
6.614: [Full GC (Ergonomics) [PSYoungGen: 832K->0K(1536K)] [ParOldGen: 7503K->2699K(8192K)] 8336K->2699K(9728K), [Metaspace: 3328K->3328K(1056768K)], 0.0036026 secs] [Times: user=0.01 sys=0.00, real=0.00 secs] 
6.618: [GC (Allocation Failure) [PSYoungGen: 821K->32K(1536K)] 8327K->7537K(9728K), 0.0003314 secs] [Times: user=0.00 sys=0.00, real=0.00 secs] 
6.619: [GC (Allocation Failure) --[PSYoungGen: 833K->833K(1536K)] 8338K->8338K(9728K), 0.0008047 secs] [Times: user=0.00 sys=0.00, real=0.00 secs] 
6.619: [Full GC (Ergonomics) [PSYoungGen: 833K->0K(1536K)] [ParOldGen: 7505K->2699K(8192K)] 8338K->2699K(9728K), [Metaspace: 3328K->3328K(1056768K)], 0.0022728 secs] [Times: user=0.00 sys=0.00, real=0.00 secs] 
6.622: [GC (Allocation Failure) [PSYoungGen: 821K->32K(1536K)] 8330K->7540K(9728K), 0.0003213 secs] [Times: user=0.00 sys=0.00, real=0.00 secs] 
6.623: [GC (Allocation Failure) --[PSYoungGen: 833K->833K(1536K)] 8341K->8341K(9728K), 0.0006098 secs] [Times: user=0.00 sys=0.00, real=0.01 secs] 
6.623: [Full GC (Ergonomics) [PSYoungGen: 833K->0K(1536K)] [ParOldGen: 7508K->2700K(8192K)] 8341K->2700K(9728K), [Metaspace: 3328K->3328K(1056768K)], 0.0029077 secs] [Times: user=0.01 sys=0.00, real=0.00 secs] 
6.627: [GC (Allocation Failure) [PSYoungGen: 822K->32K(1536K)] 8333K->7542K(9728K), 0.0008430 secs] [Times: user=0.00 sys=0.00, real=0.00 secs] 
6.628: [GC (Allocation Failure) --[PSYoungGen: 833K->833K(1536K)] 8344K->8344K(9728K), 0.0002968 secs] [Times: user=0.00 sys=0.00, real=0.00 secs] 
6.628: [Full GC (Ergonomics) [PSYoungGen: 833K->0K(1536K)] [ParOldGen: 7510K->2700K(8192K)] 8344K->2700K(9728K), [Metaspace: 3328K->3328K(1056768K)], 0.0030378 secs] [Times: user=0.01 sys=0.00, real=0.00 secs] 
6.632: [GC (Allocation Failure) [PSYoungGen: 822K->32K(1536K)] 8335K->7545K(9728K), 0.0008209 secs] [Times: user=0.00 sys=0.00, real=0.00 secs] 
6.633: [GC (Allocation Failure) --[PSYoungGen: 834K->834K(1536K)] 8347K->8347K(9728K), 0.0002955 secs] [Times: user=0.00 sys=0.00, real=0.01 secs] 
6.633: [Full GC (Ergonomics) [PSYoungGen: 834K->0K(1536K)] [ParOldGen: 7513K->2701K(8192K)] 8347K->2701K(9728K), [Metaspace: 3328K->3328K(1056768K)], 0.0025790 secs] [Times: user=0.01 sys=0.00, real=0.00 secs] 
6.636: [GC (Allocation Failure) [PSYoungGen: 822K->32K(1536K)] 8338K->7547K(9728K), 0.0003220 secs] [Times: user=0.00 sys=0.00, real=0.00 secs] 
6.636: [GC (Allocation Failure) --[PSYoungGen: 834K->834K(1536K)] 8350K->8350K(9728K), 0.0007776 secs] [Times: user=0.00 sys=0.00, real=0.00 secs] 
6.637: [Full GC (Ergonomics) [PSYoungGen: 834K->0K(1536K)] [ParOldGen: 7515K->2702K(8192K)] 8350K->2702K(9728K), [Metaspace: 3328K->3328K(1056768K)], 0.0021931 secs] [Times: user=0.00 sys=0.00, real=0.00 secs] 
6.640: [GC (Allocation Failure) [PSYoungGen: 823K->32K(1536K)] 8341K->7550K(9728K), 0.0008171 secs] [Times: user=0.00 sys=0.00, real=0.00 secs] 
6.641: [GC (Allocation Failure) --[PSYoungGen: 834K->834K(1536K)] 8353K->8353K(9728K), 0.0003585 secs] [Times: user=0.00 sys=0.00, real=0.00 secs] 
6.641: [Full GC (Ergonomics) [PSYoungGen: 834K->0K(1536K)] [ParOldGen: 7518K->2702K(8192K)] 8353K->2702K(9728K), [Metaspace: 3328K->3328K(1056768K)], 0.0026163 secs] [Times: user=0.00 sys=0.00, real=0.01 secs] 
6.644: [GC (Allocation Failure) [PSYoungGen: 823K->32K(1536K)] 8344K->7553K(9728K), 0.0003180 secs] [Times: user=0.00 sys=0.00, real=0.00 secs] 
6.645: [GC (Allocation Failure) --[PSYoungGen: 835K->835K(1536K)] 8356K->8356K(9728K), 0.0007906 secs] [Times: user=0.01 sys=0.00, real=0.00 secs] 
6.646: [Full GC (Ergonomics) [PSYoungGen: 835K->0K(1536K)] [ParOldGen: 7521K->2703K(8192K)] 8356K->2703K(9728K), [Metaspace: 3328K->3328K(1056768K)], 0.0027584 secs] [Times: user=0.00 sys=0.00, real=0.00 secs] 
6.649: [GC (Allocation Failure) [PSYoungGen: 823K->32K(1536K)] 8347K->7555K(9728K), 0.0003537 secs] [Times: user=0.00 sys=0.00, real=0.00 secs] 
6.649: [GC (Allocation Failure) --[PSYoungGen: 835K->835K(1536K)] 8359K->8359K(9728K), 0.0002979 secs] [Times: user=0.00 sys=0.00, real=0.00 secs] 
6.650: [Full GC (Ergonomics) [PSYoungGen: 835K->0K(1536K)] [ParOldGen: 7523K->2704K(8192K)] 8359K->2704K(9728K), [Metaspace: 3328K->3328K(1056768K)], 0.0033177 secs] [Times: user=0.01 sys=0.00, real=0.01 secs] 
6.654: [GC (Allocation Failure) [PSYoungGen: 824K->32K(1536K)] 8350K->7558K(9728K), 0.0010509 secs] [Times: user=0.00 sys=0.00, real=0.00 secs] 
6.655: [GC (Allocation Failure) --[PSYoungGen: 835K->835K(1536K)] 8362K->8362K(9728K), 0.0003067 secs] [Times: user=0.00 sys=0.00, real=0.00 secs] 
6.655: [Full GC (Ergonomics) [PSYoungGen: 835K->0K(1536K)] [ParOldGen: 7526K->2704K(8192K)] 8362K->2704K(9728K), [Metaspace: 3328K->3328K(1056768K)], 0.0027306 secs] [Times: user=0.01 sys=0.00, real=0.00 secs] 
6.658: [GC (Allocation Failure) [PSYoungGen: 824K->32K(1536K)] 8353K->7560K(9728K), 0.0003231 secs] [Times: user=0.00 sys=0.00, real=0.00 secs] 
6.659: [GC (Allocation Failure) --[PSYoungGen: 836K->836K(1536K)] 8364K->8364K(9728K), 0.0002704 secs] [Times: user=0.00 sys=0.00, real=0.00 secs] 
6.659: [Full GC (Ergonomics) [PSYoungGen: 836K->0K(1536K)] [ParOldGen: 7528K->2705K(8192K)] 8364K->2705K(9728K), [Metaspace: 3328K->3328K(1056768K)], 0.0028668 secs] [Times: user=0.01 sys=0.00, real=0.00 secs] 
6.663: [GC (Allocation Failure) [PSYoungGen: 824K->32K(1536K)] 8356K->7563K(9728K), 0.0003292 secs] [Times: user=0.00 sys=0.00, real=0.01 secs] 
6.663: [GC (Allocation Failure) --[PSYoungGen: 836K->836K(1536K)] 8367K->8367K(9728K), 0.0002816 secs] [Times: user=0.00 sys=0.00, real=0.00 secs] 
6.663: [Full GC (Ergonomics) [PSYoungGen: 836K->0K(1536K)] [ParOldGen: 7531K->2706K(8192K)] 8367K->2706K(9728K), [Metaspace: 3328K->3328K(1056768K)], 0.0022460 secs] [Times: user=0.00 sys=0.00, real=0.00 secs] 
6.666: [GC (Allocation Failure) [PSYoungGen: 825K->32K(1536K)] 8359K->7565K(9728K), 0.0008127 secs] [Times: user=0.00 sys=0.00, real=0.00 secs] 
6.667: [GC (Allocation Failure) --[PSYoungGen: 836K->836K(1536K)] 8370K->8370K(9728K), 0.0002965 secs] [Times: user=0.01 sys=0.00, real=0.00 secs] 
6.667: [Full GC (Ergonomics) [PSYoungGen: 836K->0K(1536K)] [ParOldGen: 7533K->2706K(8192K)] 8370K->2706K(9728K), [Metaspace: 3328K->3328K(1056768K)], 0.0022330 secs] [Times: user=0.00 sys=0.00, real=0.00 secs] 
6.670: [GC (Allocation Failure) [PSYoungGen: 825K->32K(1536K)] 8361K->7568K(9728K), 0.0008419 secs] [Times: user=0.00 sys=0.00, real=0.00 secs] 
6.671: [GC (Allocation Failure) --[PSYoungGen: 837K->837K(1536K)] 8373K->8373K(9728K), 0.0007908 secs] [Times: user=0.00 sys=0.00, real=0.00 secs] 
6.672: [Full GC (Ergonomics) [PSYoungGen: 837K->0K(1536K)] [ParOldGen: 7536K->2707K(8192K)] 8373K->2707K(9728K), [Metaspace: 3328K->3328K(1056768K)], 0.0027298 secs] [Times: user=0.01 sys=0.00, real=0.01 secs] 
6.675: [GC (Allocation Failure) [PSYoungGen: 825K->32K(1536K)] 8364K->7570K(9728K), 0.0003243 secs] [Times: user=0.00 sys=0.00, real=0.00 secs] 
6.676: [GC (Allocation Failure) --[PSYoungGen: 837K->837K(1536K)] 8376K->8376K(9728K), 0.0007867 secs] [Times: user=0.00 sys=0.00, real=0.00 secs] 
6.676: [Full GC (Ergonomics) [PSYoungGen: 837K->0K(1536K)] [ParOldGen: 7538K->2708K(8192K)] 8376K->2708K(9728K), [Metaspace: 3328K->3328K(1056768K)], 0.0033973 secs] [Times: user=0.01 sys=0.00, real=0.00 secs] 
6.680: [GC (Allocation Failure) [PSYoungGen: 826K->32K(1536K)] 8367K->7573K(9728K), 0.0008364 secs] [Times: user=0.00 sys=0.00, real=0.00 secs] 
6.681: [GC (Allocation Failure) --[PSYoungGen: 837K->837K(1536K)] 8379K->8379K(9728K), 0.0008383 secs] [Times: user=0.00 sys=0.00, real=0.00 secs] 
6.682: [Full GC (Ergonomics) [PSYoungGen: 837K->0K(1536K)] [ParOldGen: 7541K->2708K(8192K)] 8379K->2708K(9728K), [Metaspace: 3328K->3328K(1056768K)], 0.0038739 secs] [Times: user=0.01 sys=0.00, real=0.01 secs] 
6.688: [GC (Allocation Failure) [PSYoungGen: 826K->32K(1536K)] 8370K->7576K(9728K), 0.0014410 secs] [Times: user=0.00 sys=0.00, real=0.00 secs] 
6.690: [GC (Allocation Failure) --[PSYoungGen: 838K->838K(1536K)] 8382K->8382K(9728K), 0.0003451 secs] [Times: user=0.00 sys=0.00, real=0.00 secs] 
6.690: [Full GC (Ergonomics) [PSYoungGen: 838K->0K(1536K)] [ParOldGen: 7544K->2709K(8192K)] 8382K->2709K(9728K), [Metaspace: 3328K->3328K(1056768K)], 0.0030173 secs] [Times: user=0.01 sys=0.00, real=0.01 secs] 
6.694: [GC (Allocation Failure) [PSYoungGen: 826K->32K(1536K)] 8373K->7578K(9728K), 0.0003150 secs] [Times: user=0.00 sys=0.00, real=0.00 secs] 
6.694: [GC (Allocation Failure) --[PSYoungGen: 838K->838K(1536K)] 8385K->8385K(9728K), 0.0007907 secs] [Times: user=0.00 sys=0.00, real=0.00 secs] 
6.695: [Full GC (Ergonomics) [PSYoungGen: 838K->0K(1536K)] [ParOldGen: 7546K->2709K(8192K)] 8385K->2709K(9728K), [Metaspace: 3328K->3328K(1056768K)], 0.0031919 secs] [Times: user=0.01 sys=0.00, real=0.00 secs] 
6.699: [GC (Allocation Failure) [PSYoungGen: 827K->32K(1536K)] 8376K->7581K(9728K), 0.0008167 secs] [Times: user=0.00 sys=0.00, real=0.00 secs] 
6.700: [GC (Allocation Failure) --[PSYoungGen: 838K->838K(1536K)] 8387K->8387K(9728K), 0.0007995 secs] [Times: user=0.00 sys=0.00, real=0.00 secs] 
6.700: [Full GC (Ergonomics) [PSYoungGen: 838K->0K(1536K)] [ParOldGen: 7549K->2710K(8192K)] 8387K->2710K(9728K), [Metaspace: 3328K->3328K(1056768K)], 0.0022473 secs] [Times: user=0.01 sys=0.00, real=0.00 secs] 
6.703: [GC (Allocation Failure) [PSYoungGen: 827K->32K(1536K)] 8379K->7583K(9728K), 0.0003119 secs] [Times: user=0.00 sys=0.00, real=0.00 secs] 
6.704: [GC (Allocation Failure) --[PSYoungGen: 839K->839K(1536K)] 8390K->8390K(9728K), 0.0003016 secs] [Times: user=0.00 sys=0.01, real=0.00 secs] 
6.704: [Full GC (Ergonomics) [PSYoungGen: 839K->0K(1536K)] [ParOldGen: 7551K->2711K(8192K)] 8390K->2711K(9728K), [Metaspace: 3328K->3328K(1056768K)], 0.0031773 secs] [Times: user=0.00 sys=0.00, real=0.00 secs] 
6.708: [GC (Allocation Failure) [PSYoungGen: 827K->32K(1536K)] 8382K->7586K(9728K), 0.0008104 secs] [Times: user=0.00 sys=0.00, real=0.00 secs] 
6.709: [GC (Allocation Failure) --[PSYoungGen: 839K->839K(1536K)] 8393K->8393K(9728K), 0.0007898 secs] [Times: user=0.00 sys=0.00, real=0.00 secs] 
6.709: [Full GC (Ergonomics) [PSYoungGen: 839K->0K(1536K)] [ParOldGen: 7554K->2711K(8192K)] 8393K->2711K(9728K), [Metaspace: 3328K->3328K(1056768K)], 0.0034372 secs] [Times: user=0.01 sys=0.00, real=0.01 secs] 
6.713: [GC (Allocation Failure) [PSYoungGen: 828K->32K(1536K)] 8384K->7588K(9728K), 0.0003284 secs] [Times: user=0.00 sys=0.00, real=0.00 secs] 
6.714: [GC (Allocation Failure) --[PSYoungGen: 839K->839K(1536K)] 8396K->8396K(9728K), 0.0007846 secs] [Times: user=0.00 sys=0.00, real=0.00 secs] 
6.715: [Full GC (Ergonomics) [PSYoungGen: 839K->0K(1536K)] [ParOldGen: 7556K->2712K(8192K)] 8396K->2712K(9728K), [Metaspace: 3328K->3328K(1056768K)], 0.0028583 secs] [Times: user=0.00 sys=0.00, real=0.00 secs] 
6.718: [GC (Allocation Failure) [PSYoungGen: 828K->32K(1536K)] 8387K->7591K(9728K), 0.0003548 secs] [Times: user=0.00 sys=0.00, real=0.00 secs] 
6.719: [GC (Allocation Failure) --[PSYoungGen: 840K->840K(1536K)] 8399K->8399K(9728K), 0.0004214 secs] [Times: user=0.00 sys=0.00, real=0.00 secs] 
6.719: [Full GC (Ergonomics) [PSYoungGen: 840K->0K(1536K)] [ParOldGen: 7559K->2713K(8192K)] 8399K->2713K(9728K), [Metaspace: 3328K->3328K(1056768K)], 0.0037273 secs] [Times: user=0.00 sys=0.00, real=0.00 secs] 
6.723: [GC (Allocation Failure) [PSYoungGen: 828K->32K(1536K)] 8390K->7594K(9728K), 0.0003185 secs] [Times: user=0.01 sys=0.00, real=0.00 secs] 
6.724: [GC (Allocation Failure) --[PSYoungGen: 840K->840K(1536K)] 8402K->8402K(9728K), 0.0002989 secs] [Times: user=0.00 sys=0.00, real=0.00 secs] 
6.724: [Full GC (Ergonomics) [PSYoungGen: 840K->0K(1536K)] [ParOldGen: 7562K->2713K(8192K)] 8402K->2713K(9728K), [Metaspace: 3328K->3328K(1056768K)], 0.0022646 secs] [Times: user=0.00 sys=0.00, real=0.00 secs] 
6.727: [GC (Allocation Failure) [PSYoungGen: 829K->32K(1536K)] 8393K->7596K(9728K), 0.0003159 secs] [Times: user=0.00 sys=0.00, real=0.00 secs] 
6.727: [GC (Allocation Failure) --[PSYoungGen: 840K->840K(1536K)] 8405K->8405K(9728K), 0.0008168 secs] [Times: user=0.00 sys=0.00, real=0.00 secs] 
6.728: [Full GC (Ergonomics) [PSYoungGen: 840K->0K(1536K)] [ParOldGen: 7564K->2714K(8192K)] 8405K->2714K(9728K), [Metaspace: 3328K->3328K(1056768K)], 0.0026476 secs] [Times: user=0.01 sys=0.00, real=0.00 secs] 
6.731: [GC (Allocation Failure) [PSYoungGen: 829K->32K(1536K)] 8396K->7599K(9728K), 0.0008228 secs] [Times: user=0.00 sys=0.00, real=0.00 secs] 
6.732: [GC (Allocation Failure) --[PSYoungGen: 840K->840K(1536K)] 8408K->8408K(9728K), 0.0007940 secs] [Times: user=0.00 sys=0.00, real=0.01 secs] 
6.733: [Full GC (Ergonomics) [PSYoungGen: 840K->0K(1536K)] [ParOldGen: 7567K->2715K(8192K)] 8408K->2715K(9728K), [Metaspace: 3328K->3328K(1056768K)], 0.0028271 secs] [Times: user=0.01 sys=0.00, real=0.00 secs] 
6.736: [GC (Allocation Failure) [PSYoungGen: 829K->32K(1536K)] 8399K->7601K(9728K), 0.0008499 secs] [Times: user=0.00 sys=0.00, real=0.00 secs] 
6.737: [GC (Allocation Failure) --[PSYoungGen: 841K->841K(1536K)] 8411K->8411K(9728K), 0.0002946 secs] [Times: user=0.00 sys=0.00, real=0.00 secs] 
6.738: [Full GC (Ergonomics) [PSYoungGen: 841K->0K(1536K)] [ParOldGen: 7569K->2715K(8192K)] 8411K->2715K(9728K), [Metaspace: 3328K->3328K(1056768K)], 0.0026039 secs] [Times: user=0.01 sys=0.00, real=0.00 secs] 
6.741: [GC (Allocation Failure) [PSYoungGen: 829K->32K(1536K)] 8402K->7604K(9728K), 0.0003184 secs] [Times: user=0.00 sys=0.00, real=0.00 secs] 
6.741: [GC (Allocation Failure) --[PSYoungGen: 841K->841K(1536K)] 8413K->8413K(9728K), 0.0002948 secs] [Times: user=0.00 sys=0.00, real=0.00 secs] 
6.742: [Full GC (Ergonomics) [PSYoungGen: 841K->0K(1536K)] [ParOldGen: 7572K->2716K(8192K)] 8413K->2716K(9728K), [Metaspace: 3328K->3328K(1056768K)], 0.0020335 secs] [Times: user=0.00 sys=0.00, real=0.01 secs] 
6.744: [GC (Allocation Failure) [PSYoungGen: 830K->32K(1536K)] 8405K->7606K(9728K), 0.0003130 secs] [Times: user=0.00 sys=0.00, real=0.00 secs] 
6.745: [GC (Allocation Failure) --[PSYoungGen: 841K->841K(1536K)] 8416K->8416K(9728K), 0.0002816 secs] [Times: user=0.00 sys=0.00, real=0.00 secs] 
6.745: [Full GC (Ergonomics) [PSYoungGen: 841K->0K(1536K)] [ParOldGen: 7574K->2716K(8192K)] 8416K->2716K(9728K), [Metaspace: 3328K->3328K(1056768K)], 0.0027852 secs] [Times: user=0.00 sys=0.00, real=0.00 secs] 
6.748: [GC (Allocation Failure) [PSYoungGen: 830K->32K(1536K)] 8408K->7609K(9728K), 0.0008125 secs] [Times: user=0.00 sys=0.00, real=0.00 secs] 
6.749: [GC (Allocation Failure) --[PSYoungGen: 842K->842K(1536K)] 8419K->8419K(9728K), 0.0008261 secs] [Times: user=0.01 sys=0.00, real=0.00 secs] 
6.750: [Full GC (Ergonomics) [PSYoungGen: 842K->0K(1536K)] [ParOldGen: 7577K->2717K(8192K)] 8419K->2717K(9728K), [Metaspace: 3328K->3328K(1056768K)], 0.0021295 secs] [Times: user=0.00 sys=0.00, real=0.00 secs] 
6.753: [GC (Allocation Failure) [PSYoungGen: 830K->32K(1536K)] 8410K->7611K(9728K), 0.0003166 secs] [Times: user=0.00 sys=0.00, real=0.00 secs] 
6.753: [GC (Allocation Failure) --[PSYoungGen: 842K->842K(1536K)] 8422K->8422K(9728K), 0.0007904 secs] [Times: user=0.00 sys=0.00, real=0.00 secs] 
6.754: [Full GC (Ergonomics) [PSYoungGen: 842K->0K(1536K)] [ParOldGen: 7579K->2718K(8192K)] 8422K->2718K(9728K), [Metaspace: 3328K->3328K(1056768K)], 0.0025547 secs] [Times: user=0.01 sys=0.00, real=0.00 secs] 
6.757: [GC (Allocation Failure) [PSYoungGen: 831K->32K(1536K)] 8413K->7614K(9728K), 0.0003248 secs] [Times: user=0.00 sys=0.00, real=0.00 secs] 
6.758: [GC (Allocation Failure) --[PSYoungGen: 842K->842K(1536K)] 8425K->8425K(9728K), 0.0002885 secs] [Times: user=0.00 sys=0.00, real=0.00 secs] 
6.758: [Full GC (Ergonomics) [PSYoungGen: 842K->0K(1536K)] [ParOldGen: 7582K->2718K(8192K)] 8425K->2718K(9728K), [Metaspace: 3328K->3328K(1056768K)], 0.0026776 secs] [Times: user=0.01 sys=0.00, real=0.00 secs] 
6.761: [GC (Allocation Failure) [PSYoungGen: 831K->32K(1536K)] 8416K->7617K(9728K), 0.0003290 secs] [Times: user=0.00 sys=0.00, real=0.00 secs] 
6.762: [GC (Allocation Failure) --[PSYoungGen: 843K->843K(1536K)] 8428K->8428K(9728K), 0.0002856 secs] [Times: user=0.00 sys=0.00, real=0.00 secs] 
6.762: [Full GC (Ergonomics) [PSYoungGen: 843K->0K(1536K)] [ParOldGen: 7585K->2719K(8192K)] 8428K->2719K(9728K), [Metaspace: 3328K->3328K(1056768K)], 0.0020460 secs] [Times: user=0.00 sys=0.00, real=0.01 secs] 
6.764: [GC (Allocation Failure) [PSYoungGen: 831K->32K(1536K)] 8419K->7619K(9728K), 0.0008447 secs] [Times: user=0.01 sys=0.00, real=0.00 secs] 
6.765: [GC (Allocation Failure) --[PSYoungGen: 843K->843K(1536K)] 8431K->8431K(9728K), 0.0002746 secs] [Times: user=0.00 sys=0.00, real=0.00 secs] 
6.766: [Full GC (Ergonomics) [PSYoungGen: 843K->0K(1536K)] [ParOldGen: 7587K->2720K(8192K)] 8431K->2720K(9728K), [Metaspace: 3328K->3328K(1056768K)], 0.0020773 secs] [Times: user=0.00 sys=0.00, real=0.00 secs] 
6.768: [GC (Allocation Failure) [PSYoungGen: 832K->32K(1536K)] 8422K->7622K(9728K), 0.0006873 secs] [Times: user=0.00 sys=0.00, real=0.00 secs] 
6.769: [GC (Allocation Failure) --[PSYoungGen: 843K->843K(1536K)] 8434K->8434K(9728K), 0.0003042 secs] [Times: user=0.00 sys=0.00, real=0.00 secs] 
6.769: [Full GC (Ergonomics) [PSYoungGen: 843K->0K(1536K)] [ParOldGen: 7590K->2720K(8192K)] 8434K->2720K(9728K), [Metaspace: 3328K->3328K(1056768K)], 0.0021747 secs] [Times: user=0.01 sys=0.00, real=0.00 secs] 
6.772: [GC (Allocation Failure) [PSYoungGen: 832K->32K(1536K)] 8425K->7624K(9728K), 0.0008490 secs] [Times: user=0.00 sys=0.00, real=0.01 secs] 
6.773: [GC (Allocation Failure) --[PSYoungGen: 844K->844K(1536K)] 8436K->8436K(9728K), 0.0008136 secs] [Times: user=0.00 sys=0.00, real=0.00 secs] 
6.774: [Full GC (Ergonomics) [PSYoungGen: 844K->0K(1536K)] [ParOldGen: 7592K->2721K(8192K)] 8436K->2721K(9728K), [Metaspace: 3328K->3328K(1056768K)], 0.0022050 secs] [Times: user=0.01 sys=0.00, real=0.00 secs] 
6.777: [GC (Allocation Failure) [PSYoungGen: 832K->32K(1536K)] 8428K->7627K(9728K), 0.0003224 secs] [Times: user=0.00 sys=0.00, real=0.00 secs] 
6.777: [GC (Allocation Failure) --[PSYoungGen: 844K->844K(1536K)] 8439K->8439K(9728K), 0.0002970 secs] [Times: user=0.00 sys=0.00, real=0.00 secs] 
6.777: [Full GC (Ergonomics) [PSYoungGen: 844K->0K(1536K)] [ParOldGen: 7595K->2722K(8192K)] 8439K->2722K(9728K), [Metaspace: 3328K->3328K(1056768K)], 0.0022070 secs] [Times: user=0.00 sys=0.00, real=0.00 secs] 
6.780: [GC (Allocation Failure) [PSYoungGen: 833K->32K(1536K)] 8431K->7629K(9728K), 0.0008337 secs] [Times: user=0.01 sys=0.00, real=0.00 secs] 
6.781: [GC (Allocation Failure) --[PSYoungGen: 844K->844K(1536K)] 8442K->8442K(9728K), 0.0007790 secs] [Times: user=0.00 sys=0.00, real=0.00 secs] 
6.782: [Full GC (Ergonomics) [PSYoungGen: 844K->0K(1536K)] [ParOldGen: 7597K->2722K(8192K)] 8442K->2722K(9728K), [Metaspace: 3328K->3328K(1056768K)], 0.0020468 secs] [Times: user=0.00 sys=0.00, real=0.01 secs] 
6.784: [GC (Allocation Failure) [PSYoungGen: 833K->32K(1536K)] 8433K->7632K(9728K), 0.0008477 secs] [Times: user=0.01 sys=0.00, real=0.00 secs] 
6.785: [GC (Allocation Failure) --[PSYoungGen: 845K->845K(1536K)] 8445K->8445K(9728K), 0.0003011 secs] [Times: user=0.00 sys=0.00, real=0.00 secs] 
6.786: [Full GC (Ergonomics) [PSYoungGen: 845K->0K(1536K)] [ParOldGen: 7600K->2723K(8192K)] 8445K->2723K(9728K), [Metaspace: 3328K->3328K(1056768K)], 0.0021241 secs] [Times: user=0.00 sys=0.00, real=0.00 secs] 
6.788: [GC (Allocation Failure) [PSYoungGen: 833K->32K(1536K)] 8436K->7635K(9728K), 0.0003555 secs] [Times: user=0.00 sys=0.00, real=0.00 secs] 
6.789: [GC (Allocation Failure) --[PSYoungGen: 845K->845K(1536K)] 8448K->8448K(9728K), 0.0002961 secs] [Times: user=0.00 sys=0.00, real=0.00 secs] 
6.789: [Full GC (Ergonomics) [PSYoungGen: 845K->0K(1536K)] [ParOldGen: 7603K->2724K(8192K)] 8448K->2724K(9728K), [Metaspace: 3328K->3328K(1056768K)], 0.0022224 secs] [Times: user=0.01 sys=0.00, real=0.00 secs] 
6.792: [GC (Allocation Failure) [PSYoungGen: 834K->32K(1536K)] 8439K->7637K(9728K), 0.0003236 secs] [Times: user=0.00 sys=0.00, real=0.00 secs] 
6.792: [GC (Allocation Failure) --[PSYoungGen: 845K->845K(1536K)] 8451K->8451K(9728K), 0.0003071 secs] [Times: user=0.00 sys=0.00, real=0.01 secs] 
6.793: [Full GC (Ergonomics) [PSYoungGen: 845K->0K(1536K)] [ParOldGen: 7605K->2724K(8192K)] 8451K->2724K(9728K), [Metaspace: 3328K->3328K(1056768K)], 0.0023812 secs] [Times: user=0.01 sys=0.00, real=0.00 secs] 
6.796: [GC (Allocation Failure) [PSYoungGen: 834K->32K(1536K)] 8442K->7640K(9728K), 0.0003345 secs] [Times: user=0.00 sys=0.01, real=0.00 secs] 
6.796: [GC (Allocation Failure) --[PSYoungGen: 846K->846K(1536K)] 8454K->8454K(9728K), 0.0007853 secs] [Times: user=0.00 sys=0.00, real=0.00 secs] 
6.797: [Full GC (Ergonomics) [PSYoungGen: 846K->0K(1536K)] [ParOldGen: 7608K->2725K(8192K)] 8454K->2725K(9728K), [Metaspace: 3328K->3328K(1056768K)], 0.0022136 secs] [Times: user=0.00 sys=0.00, real=0.00 secs] 
6.800: [GC (Allocation Failure) [PSYoungGen: 834K->32K(1536K)] 8445K->7642K(9728K), 0.0008732 secs] [Times: user=0.01 sys=0.00, real=0.00 secs] 
6.801: [GC (Allocation Failure) --[PSYoungGen: 846K->846K(1536K)] 8457K->8457K(9728K), 0.0002901 secs] [Times: user=0.00 sys=0.00, real=0.00 secs] 
6.801: [Full GC (Ergonomics) [PSYoungGen: 846K->0K(1536K)] [ParOldGen: 7610K->2725K(8192K)] 8457K->2725K(9728K), [Metaspace: 3328K->3328K(1056768K)], 0.0022335 secs] [Times: user=0.00 sys=0.00, real=0.01 secs] 
6.804: [GC (Allocation Failure) [PSYoungGen: 835K->32K(1536K)] 8448K->7645K(9728K), 0.0003323 secs] [Times: user=0.00 sys=0.00, real=0.00 secs] 
6.804: [GC (Allocation Failure) --[PSYoungGen: 846K->846K(1536K)] 8460K->8460K(9728K), 0.0003061 secs] [Times: user=0.00 sys=0.00, real=0.00 secs] 
6.805: [Full GC (Ergonomics) [PSYoungGen: 846K->0K(1536K)] [ParOldGen: 7613K->2726K(8192K)] 8460K->2726K(9728K), [Metaspace: 3328K->3328K(1056768K)], 0.0020618 secs] [Times: user=0.01 sys=0.00, real=0.00 secs] 
6.807: [GC (Allocation Failure) [PSYoungGen: 835K->32K(1536K)] 8451K->7647K(9728K), 0.0003188 secs] [Times: user=0.00 sys=0.00, real=0.00 secs] 
6.808: [GC (Allocation Failure) --[PSYoungGen: 847K->847K(1536K)] 8462K->8462K(9728K), 0.0007964 secs] [Times: user=0.00 sys=0.00, real=0.00 secs] 
6.809: [Full GC (Ergonomics) [PSYoungGen: 847K->0K(1536K)] [ParOldGen: 7615K->2727K(8192K)] 8462K->2727K(9728K), [Metaspace: 3328K->3328K(1056768K)], 0.0022776 secs] [Times: user=0.01 sys=0.00, real=0.00 secs] 
6.811: [GC (Allocation Failure) [PSYoungGen: 835K->32K(1536K)] 8454K->7650K(9728K), 0.0003164 secs] [Times: user=0.00 sys=0.00, real=0.00 secs] 
6.812: [GC (Allocation Failure) --[PSYoungGen: 847K->847K(1536K)] 8465K->8465K(9728K), 0.0008104 secs] [Times: user=0.00 sys=0.00, real=0.00 secs] 
6.813: [Full GC (Ergonomics) [PSYoungGen: 847K->0K(1536K)] [ParOldGen: 7618K->2727K(8192K)] 8465K->2727K(9728K), [Metaspace: 3328K->3328K(1056768K)], 0.0025577 secs] [Times: user=0.01 sys=0.00, real=0.00 secs] 
6.816: [GC (Allocation Failure) [PSYoungGen: 836K->32K(1536K)] 8457K->7652K(9728K), 0.0008576 secs] [Times: user=0.00 sys=0.00, real=0.00 secs] 
6.817: [GC (Allocation Failure) --[PSYoungGen: 847K->847K(1536K)] 8468K->8468K(9728K), 0.0003516 secs] [Times: user=0.00 sys=0.00, real=0.00 secs] 
6.817: [Full GC (Ergonomics) [PSYoungGen: 847K->0K(1536K)] [ParOldGen: 7620K->2728K(8192K)] 8468K->2728K(9728K), [Metaspace: 3328K->3328K(1056768K)], 0.0023539 secs] [Times: user=0.00 sys=0.00, real=0.00 secs] 
6.820: [GC (Allocation Failure) [PSYoungGen: 836K->32K(1536K)] 8459K->7655K(9728K), 0.0003342 secs] [Times: user=0.00 sys=0.00, real=0.00 secs] 
6.821: [GC (Allocation Failure) --[PSYoungGen: 848K->848K(1536K)] 8471K->8471K(9728K), 0.0007988 secs] [Times: user=0.01 sys=0.00, real=0.00 secs] 
6.821: [Full GC (Ergonomics) [PSYoungGen: 848K->0K(1536K)] [ParOldGen: 7623K->2729K(8192K)] 8471K->2729K(9728K), [Metaspace: 3328K->3328K(1056768K)], 0.0022387 secs] [Times: user=0.00 sys=0.00, real=0.01 secs] 
6.824: [GC (Allocation Failure) [PSYoungGen: 836K->32K(1536K)] 8462K->7658K(9728K), 0.0008589 secs] [Times: user=0.00 sys=0.00, real=0.00 secs] 
6.825: [GC (Allocation Failure) --[PSYoungGen: 848K->848K(1536K)] 8474K->8474K(9728K), 0.0008227 secs] [Times: user=0.01 sys=0.00, real=0.00 secs] 
6.826: [Full GC (Ergonomics) [PSYoungGen: 848K->0K(1536K)] [ParOldGen: 7626K->2729K(8192K)] 8474K->2729K(9728K), [Metaspace: 3328K->3328K(1056768K)], 0.0021229 secs] [Times: user=0.00 sys=0.00, real=0.00 secs] 
6.829: [GC (Allocation Failure) [PSYoungGen: 837K->32K(1536K)] 8465K->7660K(9728K), 0.0003312 secs] [Times: user=0.00 sys=0.00, real=0.00 secs] 
6.829: [GC (Allocation Failure) --[PSYoungGen: 848K->848K(1536K)] 8477K->8477K(9728K), 0.0002887 secs] [Times: user=0.00 sys=0.00, real=0.00 secs] 
6.829: [Full GC (Ergonomics) [PSYoungGen: 848K->0K(1536K)] [ParOldGen: 7628K->2730K(8192K)] 8477K->2730K(9728K), [Metaspace: 3328K->3328K(1056768K)], 0.0022226 secs] [Times: user=0.01 sys=0.00, real=0.00 secs] 
6.832: [GC (Allocation Failure) [PSYoungGen: 837K->32K(1536K)] 8468K->7663K(9728K), 0.0008352 secs] [Times: user=0.00 sys=0.00, real=0.01 secs] 
6.833: [GC (Allocation Failure) --[PSYoungGen: 848K->848K(1536K)] 8480K->8480K(9728K), 0.0006506 secs] [Times: user=0.00 sys=0.00, real=0.00 secs] 
6.834: [Full GC (Ergonomics) [PSYoungGen: 848K->0K(1536K)] [ParOldGen: 7631K->2731K(8192K)] 8480K->2731K(9728K), [Metaspace: 3328K->3328K(1056768K)], 0.0037205 secs] [Times: user=0.01 sys=0.00, real=0.00 secs] 
6.838: [GC (Allocation Failure) [PSYoungGen: 837K->32K(1536K)] 8471K->7665K(9728K), 0.0006861 secs] [Times: user=0.00 sys=0.00, real=0.00 secs] 
6.839: [GC (Allocation Failure) --[PSYoungGen: 849K->849K(1536K)] 8483K->8483K(9728K), 0.0002850 secs] [Times: user=0.00 sys=0.00, real=0.00 secs] 
6.839: [Full GC (Ergonomics) [PSYoungGen: 849K->0K(1536K)] [ParOldGen: 7633K->2731K(8192K)] 8483K->2731K(9728K), [Metaspace: 3328K->3328K(1056768K)], 0.0024998 secs] [Times: user=0.00 sys=0.00, real=0.00 secs] 
6.842: [GC (Allocation Failure) [PSYoungGen: 837K->32K(1536K)] 8474K->7668K(9728K), 0.0003023 secs] [Times: user=0.01 sys=0.00, real=0.00 secs] 
6.843: [GC (Allocation Failure) --[PSYoungGen: 849K->849K(1536K)] 8485K->8485K(9728K), 0.0008434 secs] [Times: user=0.00 sys=0.00, real=0.00 secs] 
6.844: [Full GC (Ergonomics) [PSYoungGen: 849K->0K(1536K)] [ParOldGen: 7636K->2732K(8192K)] 8485K->2732K(9728K), [Metaspace: 3328K->3328K(1056768K)], 0.0024470 secs] [Times: user=0.00 sys=0.00, real=0.00 secs] 
6.847: [GC (Allocation Failure) [PSYoungGen: 838K->32K(1536K)] 8477K->7670K(9728K), 0.0003277 secs] [Times: user=0.00 sys=0.00, real=0.00 secs] 
6.847: [GC (Allocation Failure) --[PSYoungGen: 849K->849K(1536K)] 8488K->8488K(9728K), 0.0003600 secs] [Times: user=0.00 sys=0.00, real=0.00 secs] 
6.848: [Full GC (Ergonomics) [PSYoungGen: 849K->0K(1536K)] [ParOldGen: 7638K->2733K(8192K)] 8488K->2733K(9728K), [Metaspace: 3328K->3328K(1056768K)], 0.0031525 secs] [Times: user=0.01 sys=0.00, real=0.00 secs] 
6.851: [GC (Allocation Failure) [PSYoungGen: 838K->32K(1536K)] 8480K->7673K(9728K), 0.0003283 secs] [Times: user=0.00 sys=0.00, real=0.00 secs] 
6.852: [GC (Allocation Failure) --[PSYoungGen: 850K->850K(1536K)] 8491K->8491K(9728K), 0.0003857 secs] [Times: user=0.00 sys=0.00, real=0.00 secs] 
6.852: [Full GC (Ergonomics) [PSYoungGen: 850K->0K(1536K)] [ParOldGen: 7641K->2733K(8192K)] 8491K->2733K(9728K), [Metaspace: 3328K->3328K(1056768K)], 0.0021391 secs] [Times: user=0.01 sys=0.00, real=0.01 secs] 
6.855: [GC (Allocation Failure) [PSYoungGen: 838K->32K(1536K)] 8482K->7676K(9728K), 0.0003197 secs] [Times: user=0.00 sys=0.00, real=0.00 secs] 
6.855: [GC (Allocation Failure) --[PSYoungGen: 850K->850K(1536K)] 8494K->8494K(9728K), 0.0007862 secs] [Times: user=0.00 sys=0.00, real=0.00 secs] 
6.856: [Full GC (Ergonomics) [PSYoungGen: 850K->0K(1536K)] [ParOldGen: 7644K->2734K(8192K)] 8494K->2734K(9728K), [Metaspace: 3328K->3328K(1056768K)], 0.0025448 secs] [Times: user=0.01 sys=0.00, real=0.00 secs] 
6.859: [GC (Allocation Failure) [PSYoungGen: 839K->32K(1536K)] 8485K->7678K(9728K), 0.0003371 secs] [Times: user=0.00 sys=0.00, real=0.00 secs] 
6.860: [GC (Allocation Failure) --[PSYoungGen: 850K->850K(1536K)] 8497K->8497K(9728K), 0.0002999 secs] [Times: user=0.00 sys=0.00, real=0.00 secs] 
6.860: [Full GC (Ergonomics) [PSYoungGen: 850K->0K(1536K)] [ParOldGen: 7646K->2734K(8192K)] 8497K->2734K(9728K), [Metaspace: 3328K->3328K(1056768K)], 0.0021853 secs] [Times: user=0.00 sys=0.00, real=0.00 secs] 
6.863: [GC (Allocation Failure) [PSYoungGen: 839K->32K(1536K)] 8488K->7681K(9728K), 0.0003147 secs] [Times: user=0.00 sys=0.00, real=0.00 secs] 
6.863: [GC (Allocation Failure) --[PSYoungGen: 851K->851K(1536K)] 8500K->8500K(9728K), 0.0002694 secs] [Times: user=0.00 sys=0.00, real=0.00 secs] 
6.864: [Full GC (Ergonomics) [PSYoungGen: 851K->0K(1536K)] [ParOldGen: 7649K->2735K(8192K)] 8500K->2735K(9728K), [Metaspace: 3328K->3328K(1056768K)], 0.0022162 secs] [Times: user=0.01 sys=0.00, real=0.00 secs] 
6.866: [GC (Allocation Failure) [PSYoungGen: 839K->32K(1536K)] 8491K->7683K(9728K), 0.0003297 secs] [Times: user=0.00 sys=0.00, real=0.00 secs] 
6.867: [GC (Allocation Failure) --[PSYoungGen: 851K->851K(1536K)] 8503K->8503K(9728K), 0.0002810 secs] [Times: user=0.00 sys=0.00, real=0.00 secs] 
6.867: [Full GC (Ergonomics) [PSYoungGen: 851K->0K(1536K)] [ParOldGen: 7651K->2736K(8192K)] 8503K->2736K(9728K), [Metaspace: 3328K->3328K(1056768K)], 0.0021775 secs] [Times: user=0.01 sys=0.00, real=0.00 secs] 
6.870: [GC (Allocation Failure) [PSYoungGen: 840K->32K(1536K)] 8494K->7686K(9728K), 0.0008309 secs] [Times: user=0.00 sys=0.00, real=0.00 secs] 
6.871: [GC (Allocation Failure) --[PSYoungGen: 851K->851K(1536K)] 8506K->8506K(9728K), 0.0006476 secs] [Times: user=0.00 sys=0.00, real=0.00 secs] 
6.871: [Full GC (Ergonomics) [PSYoungGen: 851K->0K(1536K)] [ParOldGen: 7654K->2736K(8192K)] 8506K->2736K(9728K), [Metaspace: 3328K->3328K(1056768K)], 0.0022085 secs] [Times: user=0.00 sys=0.00, real=0.01 secs] 
6.874: [GC (Allocation Failure) [PSYoungGen: 840K->32K(1536K)] 8497K->7688K(9728K), 0.0003153 secs] [Times: user=0.00 sys=0.01, real=0.00 secs] 
6.875: [GC (Allocation Failure) --[PSYoungGen: 852K->852K(1536K)] 8509K->8509K(9728K), 0.0008098 secs] [Times: user=0.00 sys=0.00, real=0.00 secs] 
6.875: [Full GC (Ergonomics) [PSYoungGen: 852K->0K(1536K)] [ParOldGen: 7656K->2737K(8192K)] 8509K->2737K(9728K), [Metaspace: 3328K->3328K(1056768K)], 0.0026969 secs] [Times: user=0.00 sys=0.00, real=0.00 secs] 
6.879: [GC (Allocation Failure) [PSYoungGen: 840K->32K(1536K)] 8500K->7691K(9728K), 0.0003127 secs] [Times: user=0.00 sys=0.00, real=0.00 secs] 
6.879: [GC (Allocation Failure) --[PSYoungGen: 852K->852K(1536K)] 8511K->8511K(9728K), 0.0004847 secs] [Times: user=0.01 sys=0.00, real=0.00 secs] 
6.880: [Full GC (Ergonomics) [PSYoungGen: 852K->0K(1536K)] [ParOldGen: 7659K->2738K(8192K)] 8511K->2738K(9728K), [Metaspace: 3328K->3328K(1056768K)], 0.0021872 secs] [Times: user=0.00 sys=0.00, real=0.00 secs] 
6.882: [GC (Allocation Failure) [PSYoungGen: 841K->32K(1536K)] 8503K->7693K(9728K), 0.0003093 secs] [Times: user=0.00 sys=0.00, real=0.01 secs] 
6.883: [GC (Allocation Failure) --[PSYoungGen: 852K->852K(1536K)] 8514K->8514K(9728K), 0.0002817 secs] [Times: user=0.00 sys=0.00, real=0.00 secs] 
6.883: [Full GC (Ergonomics) [PSYoungGen: 852K->0K(1536K)] [ParOldGen: 7661K->2738K(8192K)] 8514K->2738K(9728K), [Metaspace: 3328K->3328K(1056768K)], 0.0021809 secs] [Times: user=0.01 sys=0.00, real=0.00 secs] 
6.886: [GC (Allocation Failure) [PSYoungGen: 841K->32K(1536K)] 8506K->7696K(9728K), 0.0003067 secs] [Times: user=0.00 sys=0.00, real=0.00 secs] 
6.886: [GC (Allocation Failure) --[PSYoungGen: 853K->853K(1536K)] 8517K->8517K(9728K), 0.0007967 secs] [Times: user=0.00 sys=0.00, real=0.00 secs] 
6.887: [Full GC (Ergonomics) [PSYoungGen: 853K->0K(1536K)] [ParOldGen: 7664K->2739K(8192K)] 8517K->2739K(9728K), [Metaspace: 3328K->3328K(1056768K)], 0.0023582 secs] [Times: user=0.01 sys=0.00, real=0.00 secs] 
6.890: [GC (Allocation Failure) [PSYoungGen: 841K->32K(1536K)] 8508K->7699K(9728K), 0.0003144 secs] [Times: user=0.00 sys=0.00, real=0.00 secs] 
6.891: [GC (Allocation Failure) --[PSYoungGen: 853K->853K(1536K)] 8520K->8520K(9728K), 0.0002923 secs] [Times: user=0.00 sys=0.00, real=0.00 secs] 
6.891: [Full GC (Ergonomics) [PSYoungGen: 853K->0K(1536K)] [ParOldGen: 7667K->2740K(8192K)] 8520K->2740K(9728K), [Metaspace: 3328K->3328K(1056768K)], 0.0028304 secs] [Times: user=0.00 sys=0.00, real=0.01 secs] 
6.896: [GC (Allocation Failure) [PSYoungGen: 842K->32K(1536K)] 8511K->7701K(9728K), 0.0003500 secs] [Times: user=0.00 sys=0.00, real=0.00 secs] 
6.896: [GC (Allocation Failure) --[PSYoungGen: 853K->853K(1536K)] 8523K->8523K(9728K), 0.0002845 secs] [Times: user=0.00 sys=0.00, real=0.00 secs] 
6.897: [Full GC (Ergonomics) [PSYoungGen: 853K->0K(1536K)] [ParOldGen: 7669K->2740K(8192K)] 8523K->2740K(9728K), [Metaspace: 3328K->3328K(1056768K)], 0.0022930 secs] [Times: user=0.00 sys=0.00, real=0.00 secs] 
6.899: [GC (Allocation Failure) [PSYoungGen: 842K->32K(1536K)] 8514K->7704K(9728K), 0.0008408 secs] [Times: user=0.00 sys=0.00, real=0.00 secs] 
6.900: [GC (Allocation Failure) --[PSYoungGen: 854K->854K(1536K)] 8526K->8526K(9728K), 0.0002870 secs] [Times: user=0.01 sys=0.00, real=0.00 secs] 
6.901: [Full GC (Ergonomics) [PSYoungGen: 854K->0K(1536K)] [ParOldGen: 7672K->2741K(8192K)] 8526K->2741K(9728K), [Metaspace: 3328K->3328K(1056768K)], 0.0022697 secs] [Times: user=0.00 sys=0.00, real=0.01 secs] 
6.904: [GC (Allocation Failure) [PSYoungGen: 842K->32K(1536K)] 8517K->7706K(9728K), 0.0003106 secs] [Times: user=0.00 sys=0.00, real=0.00 secs] 
6.904: [GC (Allocation Failure) --[PSYoungGen: 854K->854K(1536K)] 8529K->8529K(9728K), 0.0010956 secs] [Times: user=0.00 sys=0.00, real=0.00 secs] 
6.905: [Full GC (Ergonomics) [PSYoungGen: 854K->0K(1536K)] [ParOldGen: 7674K->2741K(8192K)] 8529K->2741K(9728K), [Metaspace: 3328K->3328K(1056768K)], 0.0027062 secs] [Times: user=0.01 sys=0.00, real=0.00 secs] 
6.909: [GC (Allocation Failure) [PSYoungGen: 843K->32K(1536K)] 8520K->7709K(9728K), 0.0003232 secs] [Times: user=0.00 sys=0.00, real=0.00 secs] 
6.909: [GC (Allocation Failure) --[PSYoungGen: 854K->854K(1536K)] 8532K->8532K(9728K), 0.0002684 secs] [Times: user=0.00 sys=0.00, real=0.00 secs] 
6.909: [Full GC (Ergonomics) [PSYoungGen: 854K->0K(1536K)] [ParOldGen: 7677K->2742K(8192K)] 8532K->2742K(9728K), [Metaspace: 3328K->3328K(1056768K)], 0.0022516 secs] [Times: user=0.01 sys=0.00, real=0.00 secs] 
6.912: [GC (Allocation Failure) [PSYoungGen: 843K->32K(1536K)] 8523K->7711K(9728K), 0.0003176 secs] [Times: user=0.00 sys=0.00, real=0.00 secs] 
6.913: [GC (Allocation Failure) --[PSYoungGen: 855K->855K(1536K)] 8534K->8534K(9728K), 0.0008230 secs] [Times: user=0.00 sys=0.00, real=0.01 secs] 
6.914: [Full GC (Ergonomics) [PSYoungGen: 855K->0K(1536K)] [ParOldGen: 7679K->2743K(8192K)] 8534K->2743K(9728K), [Metaspace: 3328K->3328K(1056768K)], 0.0022153 secs] [Times: user=0.01 sys=0.00, real=0.00 secs] 
6.916: [GC (Allocation Failure) [PSYoungGen: 843K->32K(1536K)] 8526K->7714K(9728K), 0.0003483 secs] [Times: user=0.00 sys=0.00, real=0.00 secs] 
6.917: [GC (Allocation Failure) --[PSYoungGen: 855K->855K(1536K)] 8537K->8537K(9728K), 0.0007983 secs] [Times: user=0.00 sys=0.00, real=0.00 secs] 
6.918: [Full GC (Ergonomics) [PSYoungGen: 855K->0K(1536K)] [ParOldGen: 7682K->2743K(8192K)] 8537K->2743K(9728K), [Metaspace: 3328K->3328K(1056768K)], 0.0022244 secs] [Times: user=0.00 sys=0.00, real=0.00 secs] 
6.920: [GC (Allocation Failure) [PSYoungGen: 844K->32K(1536K)] 8529K->7717K(9728K), 0.0003278 secs] [Times: user=0.00 sys=0.00, real=0.00 secs] 
6.921: [GC (Allocation Failure) --[PSYoungGen: 855K->855K(1536K)] 8540K->8540K(9728K), 0.0008245 secs] [Times: user=0.01 sys=0.00, real=0.00 secs] 
6.922: [Full GC (Ergonomics) [PSYoungGen: 855K->0K(1536K)] [ParOldGen: 7685K->2744K(8192K)] 8540K->2744K(9728K), [Metaspace: 3328K->3328K(1056768K)], 0.0024174 secs] [Times: user=0.00 sys=0.00, real=0.01 secs] 
6.925: [GC (Allocation Failure) [PSYoungGen: 844K->32K(1536K)] 8531K->7719K(9728K), 0.0003097 secs] [Times: user=0.00 sys=0.00, real=0.00 secs] 
6.925: [GC (Allocation Failure) --[PSYoungGen: 856K->856K(1536K)] 8543K->8543K(9728K), 0.0002897 secs] [Times: user=0.00 sys=0.00, real=0.00 secs] 
6.925: [Full GC (Ergonomics) [PSYoungGen: 856K->0K(1536K)] [ParOldGen: 7687K->2745K(8192K)] 8543K->2745K(9728K), [Metaspace: 3328K->3328K(1056768K)], 0.0024049 secs] [Times: user=0.01 sys=0.00, real=0.00 secs] 
6.928: [GC (Allocation Failure) [PSYoungGen: 844K->32K(1536K)] 8534K->7722K(9728K), 0.0003103 secs] [Times: user=0.00 sys=0.00, real=0.00 secs] 
6.929: [GC (Allocation Failure) --[PSYoungGen: 856K->856K(1536K)] 8546K->8546K(9728K), 0.0002855 secs] [Times: user=0.00 sys=0.00, real=0.00 secs] 
6.929: [Full GC (Ergonomics) [PSYoungGen: 856K->0K(1536K)] [ParOldGen: 7690K->2745K(8192K)] 8546K->2745K(9728K), [Metaspace: 3328K->3328K(1056768K)], 0.0022243 secs] [Times: user=0.00 sys=0.00, real=0.00 secs] 
6.932: [GC (Allocation Failure) [PSYoungGen: 845K->32K(1536K)] 8537K->7724K(9728K), 0.0008353 secs] [Times: user=0.00 sys=0.00, real=0.01 secs] 
6.933: [GC (Allocation Failure) --[PSYoungGen: 856K->856K(1536K)] 8549K->8549K(9728K), 0.0003256 secs] [Times: user=0.00 sys=0.00, real=0.00 secs] 
6.933: [Full GC (Ergonomics) [PSYoungGen: 856K->0K(1536K)] [ParOldGen: 7692K->2746K(8192K)] 8549K->2746K(9728K), [Metaspace: 3328K->3328K(1056768K)], 0.0025850 secs] [Times: user=0.00 sys=0.00, real=0.00 secs] 
6.936: [GC (Allocation Failure) [PSYoungGen: 845K->32K(1536K)] 8540K->7727K(9728K), 0.0003148 secs] [Times: user=0.01 sys=0.00, real=0.00 secs] 
6.937: [GC (Allocation Failure) --[PSYoungGen: 856K->856K(1536K)] 8552K->8552K(9728K), 0.0008151 secs] [Times: user=0.00 sys=0.00, real=0.00 secs] 
6.938: [Full GC (Ergonomics) [PSYoungGen: 856K->0K(1536K)] [ParOldGen: 7695K->2747K(8192K)] 8552K->2747K(9728K), [Metaspace: 3328K->3328K(1056768K)], 0.0022963 secs] [Times: user=0.00 sys=0.00, real=0.00 secs] 
6.941: [GC (Allocation Failure) [PSYoungGen: 845K->32K(1536K)] 8543K->7729K(9728K), 0.0008658 secs] [Times: user=0.00 sys=0.00, real=0.00 secs] 
6.942: [GC (Allocation Failure) --[PSYoungGen: 857K->857K(1536K)] 8555K->8555K(9728K), 0.0002785 secs] [Times: user=0.00 sys=0.00, real=0.00 secs] 
6.942: [Full GC (Ergonomics) [PSYoungGen: 857K->0K(1536K)] [ParOldGen: 7697K->2747K(8192K)] 8555K->2747K(9728K), [Metaspace: 3328K->3328K(1056768K)], 0.0025614 secs] [Times: user=0.01 sys=0.00, real=0.01 secs] 
6.945: [GC (Allocation Failure) [PSYoungGen: 845K->32K(1536K)] 8546K->7732K(9728K), 0.0003268 secs] [Times: user=0.00 sys=0.00, real=0.00 secs] 
6.946: [GC (Allocation Failure) --[PSYoungGen: 857K->857K(1536K)] 8558K->8558K(9728K), 0.0008100 secs] [Times: user=0.00 sys=0.00, real=0.00 secs] 
6.946: [Full GC (Ergonomics) [PSYoungGen: 857K->0K(1536K)] [ParOldGen: 7700K->2748K(8192K)] 8558K->2748K(9728K), [Metaspace: 3328K->3328K(1056768K)], 0.0031656 secs] [Times: user=0.01 sys=0.00, real=0.00 secs] 
6.950: [GC (Allocation Failure) [PSYoungGen: 846K->32K(1536K)] 8549K->7734K(9728K), 0.0003970 secs] [Times: user=0.00 sys=0.00, real=0.00 secs] 
6.951: [GC (Allocation Failure) --[PSYoungGen: 857K->857K(1536K)] 8560K->8560K(9728K), 0.0003519 secs] [Times: user=0.00 sys=0.00, real=0.00 secs] 
6.951: [Full GC (Ergonomics) [PSYoungGen: 857K->0K(1536K)] [ParOldGen: 7702K->2749K(8192K)] 8560K->2749K(9728K), [Metaspace: 3328K->3328K(1056768K)], 0.0026634 secs] [Times: user=0.01 sys=0.01, real=0.01 secs] 
6.955: [GC (Allocation Failure) [PSYoungGen: 846K->32K(1536K)] 8552K->7737K(9728K), 0.0003365 secs] [Times: user=0.00 sys=0.00, real=0.00 secs] 
6.955: [GC (Allocation Failure) --[PSYoungGen: 858K->858K(1536K)] 8563K->8563K(9728K), 0.0008592 secs] [Times: user=0.00 sys=0.00, real=0.00 secs] 
6.956: [Full GC (Ergonomics) [PSYoungGen: 858K->0K(1536K)] [ParOldGen: 7705K->2749K(8192K)] 8563K->2749K(9728K), [Metaspace: 3328K->3328K(1056768K)], 0.0032839 secs] [Times: user=0.01 sys=0.00, real=0.00 secs] 
6.960: [GC (Allocation Failure) [PSYoungGen: 846K->32K(1536K)] 8555K->7740K(9728K), 0.0003405 secs] [Times: user=0.00 sys=0.00, real=0.00 secs] 
6.960: [GC (Allocation Failure) --[PSYoungGen: 858K->858K(1536K)] 8566K->8566K(9728K), 0.0002646 secs] [Times: user=0.00 sys=0.00, real=0.00 secs] 
6.961: [Full GC (Ergonomics) [PSYoungGen: 858K->0K(1536K)] [ParOldGen: 7708K->2750K(8192K)] 8566K->2750K(9728K), [Metaspace: 3328K->3328K(1056768K)], 0.0025367 secs] [Times: user=0.01 sys=0.00, real=0.01 secs] 
6.964: [GC (Allocation Failure) [PSYoungGen: 847K->32K(1536K)] 8557K->7742K(9728K), 0.0003272 secs] [Times: user=0.00 sys=0.00, real=0.00 secs] 
6.964: [GC (Allocation Failure) --[PSYoungGen: 858K->858K(1536K)] 8569K->8569K(9728K), 0.0002949 secs] [Times: user=0.00 sys=0.00, real=0.00 secs] 
6.964: [Full GC (Ergonomics) [PSYoungGen: 858K->0K(1536K)] [ParOldGen: 7710K->2750K(8192K)] 8569K->2750K(9728K), [Metaspace: 3328K->3328K(1056768K)], 0.0022021 secs] [Times: user=0.00 sys=0.00, real=0.00 secs] 
6.967: [GC (Allocation Failure) [PSYoungGen: 847K->32K(1536K)] 8560K->7745K(9728K), 0.0003394 secs] [Times: user=0.00 sys=0.00, real=0.00 secs] 
6.968: [GC (Allocation Failure) --[PSYoungGen: 859K->859K(1536K)] 8572K->8572K(9728K), 0.0008061 secs] [Times: user=0.01 sys=0.00, real=0.00 secs] 
6.968: [Full GC (Ergonomics) [PSYoungGen: 859K->0K(1536K)] [ParOldGen: 7713K->2751K(8192K)] 8572K->2751K(9728K), [Metaspace: 3328K->3328K(1056768K)], 0.0022362 secs] [Times: user=0.00 sys=0.00, real=0.00 secs] 
6.971: [GC (Allocation Failure) [PSYoungGen: 847K->32K(1536K)] 8563K->7747K(9728K), 0.0003301 secs] [Times: user=0.00 sys=0.00, real=0.00 secs] 
6.972: [GC (Allocation Failure) --[PSYoungGen: 859K->859K(1536K)] 8575K->8575K(9728K), 0.0008334 secs] [Times: user=0.00 sys=0.00, real=0.00 secs] 
6.972: [Full GC (Ergonomics) [PSYoungGen: 859K->0K(1536K)] [ParOldGen: 7715K->2752K(8192K)] 8575K->2752K(9728K), [Metaspace: 3328K->3328K(1056768K)], 0.0024491 secs] [Times: user=0.01 sys=0.00, real=0.01 secs] 
6.975: [GC (Allocation Failure) [PSYoungGen: 848K->32K(1536K)] 8566K->7750K(9728K), 0.0008251 secs] [Times: user=0.00 sys=0.00, real=0.00 secs] 
6.976: [GC (Allocation Failure) --[PSYoungGen: 859K->859K(1536K)] 8578K->8578K(9728K), 0.0008471 secs] [Times: user=0.00 sys=0.00, real=0.00 secs] 
6.977: [Full GC (Ergonomics) [PSYoungGen: 859K->0K(1536K)] [ParOldGen: 7718K->2752K(8192K)] 8578K->2752K(9728K), [Metaspace: 3328K->3328K(1056768K)], 0.0026564 secs] [Times: user=0.01 sys=0.00, real=0.00 secs] 
6.980: [GC (Allocation Failure) [PSYoungGen: 848K->32K(1536K)] 8569K->7752K(9728K), 0.0003492 secs] [Times: user=0.00 sys=0.00, real=0.00 secs] 
6.981: [GC (Allocation Failure) --[PSYoungGen: 860K->860K(1536K)] 8581K->8581K(9728K), 0.0007891 secs] [Times: user=0.00 sys=0.00, real=0.00 secs] 
6.982: [Full GC (Ergonomics) [PSYoungGen: 860K->0K(1536K)] [ParOldGen: 7720K->2753K(8192K)] 8581K->2753K(9728K), [Metaspace: 3328K->3328K(1056768K)], 0.0020493 secs] [Times: user=0.01 sys=0.00, real=0.01 secs] 
6.984: [GC (Allocation Failure) [PSYoungGen: 848K->32K(1536K)] 8572K->7755K(9728K), 0.0008335 secs] [Times: user=0.00 sys=0.00, real=0.00 secs] 
6.985: [GC (Allocation Failure) --[PSYoungGen: 860K->860K(1536K)] 8583K->8583K(9728K), 0.0003012 secs] [Times: user=0.00 sys=0.00, real=0.00 secs] 
6.986: [Full GC (Ergonomics) [PSYoungGen: 860K->0K(1536K)] [ParOldGen: 7723K->2754K(8192K)] 8583K->2754K(9728K), [Metaspace: 3328K->3328K(1056768K)], 0.0025070 secs] [Times: user=0.01 sys=0.00, real=0.00 secs] 
6.989: [GC (Allocation Failure) [PSYoungGen: 849K->32K(1536K)] 8575K->7758K(9728K), 0.0008479 secs] [Times: user=0.00 sys=0.00, real=0.00 secs] 
6.990: [GC (Allocation Failure) --[PSYoungGen: 860K->860K(1536K)] 8586K->8586K(9728K), 0.0003464 secs] [Times: user=0.00 sys=0.00, real=0.00 secs] 
6.990: [Full GC (Ergonomics) [PSYoungGen: 860K->0K(1536K)] [ParOldGen: 7726K->2754K(8192K)] 8586K->2754K(9728K), [Metaspace: 3328K->3328K(1056768K)], 0.0022785 secs] [Times: user=0.00 sys=0.00, real=0.00 secs] 
6.993: [GC (Allocation Failure) [PSYoungGen: 849K->32K(1536K)] 8578K->7760K(9728K), 0.0003245 secs] [Times: user=0.01 sys=0.00, real=0.00 secs] 
6.993: [GC (Allocation Failure) --[PSYoungGen: 861K->861K(1536K)] 8589K->8589K(9728K), 0.0007979 secs] [Times: user=0.00 sys=0.00, real=0.00 secs] 
6.994: [Full GC (Ergonomics) [PSYoungGen: 861K->0K(1536K)] [ParOldGen: 7728K->2755K(8192K)] 8589K->2755K(9728K), [Metaspace: 3328K->3328K(1056768K)], 0.0028426 secs] [Times: user=0.00 sys=0.00, real=0.00 secs] 
6.998: [GC (Allocation Failure) [PSYoungGen: 849K->32K(1536K)] 8580K->7763K(9728K), 0.0007459 secs] [Times: user=0.01 sys=0.00, real=0.00 secs] 
6.999: [GC (Allocation Failure) --[PSYoungGen: 861K->861K(1536K)] 8592K->8592K(9728K), 0.0008858 secs] [Times: user=0.00 sys=0.00, real=0.00 secs] 
7.000: [Full GC (Ergonomics) [PSYoungGen: 861K->0K(1536K)] [ParOldGen: 7731K->2756K(8192K)] 8592K->2756K(9728K), [Metaspace: 3328K->3328K(1056768K)], 0.0021821 secs] [Times: user=0.00 sys=0.00, real=0.00 secs] 
7.003: [GC (Allocation Failure) [PSYoungGen: 850K->32K(1536K)] 8583K->7765K(9728K), 0.0008893 secs] [Times: user=0.01 sys=0.00, real=0.00 secs] 
7.004: [GC (Allocation Failure) --[PSYoungGen: 861K->861K(1536K)] 8595K->8595K(9728K), 0.0003274 secs] [Times: user=0.00 sys=0.00, real=0.00 secs] 
7.005: [Full GC (Ergonomics) [PSYoungGen: 861K->0K(1536K)] [ParOldGen: 7733K->2756K(8192K)] 8595K->2756K(9728K), [Metaspace: 3328K->3328K(1056768K)], 0.0022285 secs] [Times: user=0.00 sys=0.00, real=0.00 secs] 
7.008: [GC (Allocation Failure) [PSYoungGen: 850K->32K(1536K)] 8586K->7768K(9728K), 0.0004368 secs] [Times: user=0.00 sys=0.00, real=0.00 secs] 
7.009: [GC (Allocation Failure) --[PSYoungGen: 862K->862K(1536K)] 8598K->8598K(9728K), 0.0007726 secs] [Times: user=0.00 sys=0.00, real=0.00 secs] 
7.010: [Full GC (Ergonomics) [PSYoungGen: 862K->0K(1536K)] [ParOldGen: 7736K->2757K(8192K)] 8598K->2757K(9728K), [Metaspace: 3328K->3328K(1056768K)], 0.0021238 secs] [Times: user=0.01 sys=0.00, real=0.00 secs] 
7.012: [GC (Allocation Failure) [PSYoungGen: 850K->32K(1536K)] 8589K->7770K(9728K), 0.0003218 secs] [Times: user=0.00 sys=0.00, real=0.01 secs] 
7.013: [GC (Allocation Failure) --[PSYoungGen: 862K->862K(1536K)] 8601K->8601K(9728K), 0.0008071 secs] [Times: user=0.00 sys=0.00, real=0.00 secs] 
7.014: [Full GC (Ergonomics) [PSYoungGen: 862K->0K(1536K)] [ParOldGen: 7738K->2757K(8192K)] 8601K->2757K(9728K), [Metaspace: 3328K->3328K(1056768K)], 0.0020577 secs] [Times: user=0.01 sys=0.00, real=0.00 secs] 
7.016: [GC (Allocation Failure) [PSYoungGen: 851K->32K(1536K)] 8592K->7773K(9728K), 0.0003229 secs] [Times: user=0.00 sys=0.00, real=0.00 secs] 
7.017: [GC (Allocation Failure) --[PSYoungGen: 862K->862K(1536K)] 8604K->8604K(9728K), 0.0003220 secs] [Times: user=0.00 sys=0.00, real=0.00 secs] 
7.017: [Full GC (Ergonomics) [PSYoungGen: 862K->0K(1536K)] [ParOldGen: 7741K->2758K(8192K)] 8604K->2758K(9728K), [Metaspace: 3328K->3328K(1056768K)], 0.0020645 secs] [Times: user=0.00 sys=0.00, real=0.00 secs] 
7.020: [GC (Allocation Failure) [PSYoungGen: 851K->32K(1536K)] 8595K->7775K(9728K), 0.0003301 secs] [Times: user=0.00 sys=0.00, real=0.00 secs] 
7.020: [GC (Allocation Failure) --[PSYoungGen: 863K->863K(1536K)] 8607K->8607K(9728K), 0.0008056 secs] [Times: user=0.01 sys=0.00, real=0.00 secs] 
7.021: [Full GC (Ergonomics) [PSYoungGen: 863K->0K(1536K)] [ParOldGen: 7743K->2759K(8192K)] 8607K->2759K(9728K), [Metaspace: 3328K->3328K(1056768K)], 0.0020510 secs] [Times: user=0.00 sys=0.00, real=0.01 secs] 
7.024: [GC (Allocation Failure) [PSYoungGen: 851K->32K(1536K)] 8598K->7778K(9728K), 0.0003799 secs] [Times: user=0.00 sys=0.00, real=0.00 secs] 
7.024: [GC (Allocation Failure) --[PSYoungGen: 863K->863K(1536K)] 8609K->8609K(9728K), 0.0004071 secs] [Times: user=0.00 sys=0.00, real=0.00 secs] 
7.025: [Full GC (Ergonomics) [PSYoungGen: 863K->0K(1536K)] [ParOldGen: 7746K->2759K(8192K)] 8609K->2759K(9728K), [Metaspace: 3328K->3328K(1056768K)], 0.0022712 secs] [Times: user=0.01 sys=0.00, real=0.00 secs] 
7.028: [GC (Allocation Failure) [PSYoungGen: 852K->32K(1536K)] 8601K->7781K(9728K), 0.0003498 secs] [Times: user=0.00 sys=0.01, real=0.00 secs] 
7.028: [GC (Allocation Failure) --[PSYoungGen: 863K->863K(1536K)] 8612K->8612K(9728K), 0.0003986 secs] [Times: user=0.00 sys=0.00, real=0.00 secs] 
7.029: [Full GC (Ergonomics) [PSYoungGen: 863K->0K(1536K)] [ParOldGen: 7749K->2760K(8192K)] 8612K->2760K(9728K), [Metaspace: 3328K->3328K(1056768K)], 0.0022467 secs] [Times: user=0.01 sys=0.00, real=0.00 secs] 
7.032: [GC (Allocation Failure) [PSYoungGen: 852K->32K(1536K)] 8604K->7783K(9728K), 0.0003292 secs] [Times: user=0.00 sys=0.00, real=0.00 secs] 
7.032: [GC (Allocation Failure) --[PSYoungGen: 864K->864K(1536K)] 8615K->8615K(9728K), 0.0003548 secs] [Times: user=0.00 sys=0.00, real=0.00 secs] 
7.032: [Full GC (Ergonomics) [PSYoungGen: 864K->0K(1536K)] [ParOldGen: 7751K->2761K(8192K)] 8615K->2761K(9728K), [Metaspace: 3328K->3328K(1056768K)], 0.0023778 secs] [Times: user=0.00 sys=0.00, real=0.01 secs] 
7.035: [GC (Allocation Failure) [PSYoungGen: 852K->32K(1536K)] 8606K->7786K(9728K), 0.0003146 secs] [Times: user=0.00 sys=0.00, real=0.00 secs] 
7.036: [GC (Allocation Failure) --[PSYoungGen: 864K->864K(1536K)] 8618K->8618K(9728K), 0.0008043 secs] [Times: user=0.01 sys=0.00, real=0.00 secs] 
7.037: [Full GC (Ergonomics) [PSYoungGen: 864K->0K(1536K)] [ParOldGen: 7754K->2761K(8192K)] 8618K->2761K(9728K), [Metaspace: 3328K->3328K(1056768K)], 0.0025845 secs] [Times: user=0.00 sys=0.00, real=0.00 secs] 
7.040: [GC (Allocation Failure) [PSYoungGen: 853K->32K(1536K)] 8609K->7788K(9728K), 0.0003421 secs] [Times: user=0.00 sys=0.00, real=0.00 secs] 
7.040: [GC (Allocation Failure) --[PSYoungGen: 864K->864K(1536K)] 8621K->8621K(9728K), 0.0007943 secs] [Times: user=0.00 sys=0.00, real=0.00 secs] 
7.041: [Full GC (Ergonomics) [PSYoungGen: 864K->0K(1536K)] [ParOldGen: 7756K->2762K(8192K)] 8621K->2762K(9728K), [Metaspace: 3328K->3328K(1056768K)], 0.0020891 secs] [Times: user=0.01 sys=0.00, real=0.01 secs] 
7.044: [GC (Allocation Failure) [PSYoungGen: 853K->32K(1536K)] 8612K->7791K(9728K), 0.0003250 secs] [Times: user=0.00 sys=0.00, real=0.00 secs] 
7.044: [GC (Allocation Failure) --[PSYoungGen: 865K->865K(1536K)] 8624K->8624K(9728K), 0.0002834 secs] [Times: user=0.00 sys=0.00, real=0.00 secs] 
7.044: [Full GC (Ergonomics) [PSYoungGen: 865K->0K(1536K)] [ParOldGen: 7759K->2763K(8192K)] 8624K->2763K(9728K), [Metaspace: 3328K->3328K(1056768K)], 0.0025719 secs] [Times: user=0.01 sys=0.00, real=0.00 secs] 
7.048: [GC (Allocation Failure) [PSYoungGen: 853K->32K(1536K)] 8615K->7793K(9728K), 0.0003162 secs] [Times: user=0.00 sys=0.00, real=0.00 secs] 
7.048: [GC (Allocation Failure) --[PSYoungGen: 865K->865K(1536K)] 8627K->8627K(9728K), 0.0002944 secs] [Times: user=0.00 sys=0.00, real=0.00 secs] 
7.048: [Full GC (Ergonomics) [PSYoungGen: 865K->0K(1536K)] [ParOldGen: 7761K->2763K(8192K)] 8627K->2763K(9728K), [Metaspace: 3328K->3328K(1056768K)], 0.0023701 secs] [Times: user=0.00 sys=0.00, real=0.00 secs] 
7.051: [GC (Allocation Failure) [PSYoungGen: 853K->32K(1536K)] 8618K->7796K(9728K), 0.0003326 secs] [Times: user=0.00 sys=0.00, real=0.00 secs] 
7.052: [GC (Allocation Failure) --[PSYoungGen: 865K->865K(1536K)] 8630K->8630K(9728K), 0.0006178 secs] [Times: user=0.01 sys=0.00, real=0.00 secs] 
7.052: [Full GC (Ergonomics) [PSYoungGen: 865K->0K(1536K)] [ParOldGen: 7764K->2764K(8192K)] 8630K->2764K(9728K), [Metaspace: 3328K->3328K(1056768K)], 0.0022212 secs] [Times: user=0.00 sys=0.00, real=0.01 secs] 
7.055: [GC (Allocation Failure) [PSYoungGen: 854K->32K(1536K)] 8621K->7799K(9728K), 0.0003387 secs] [Times: user=0.00 sys=0.00, real=0.00 secs] 
7.056: [GC (Allocation Failure) --[PSYoungGen: 865K->865K(1536K)] 8632K->8632K(9728K), 0.0007988 secs] [Times: user=0.00 sys=0.00, real=0.00 secs] 
7.056: [Full GC (Ergonomics) [PSYoungGen: 865K->0K(1536K)] [ParOldGen: 7767K->2765K(8192K)] 8632K->2765K(9728K), [Metaspace: 3328K->3328K(1056768K)], 0.0020682 secs] [Times: user=0.01 sys=0.00, real=0.00 secs] 
7.059: [GC (Allocation Failure) [PSYoungGen: 854K->32K(1536K)] 8624K->7801K(9728K), 0.0003347 secs] [Times: user=0.00 sys=0.00, real=0.00 secs] 
7.059: [GC (Allocation Failure) --[PSYoungGen: 866K->866K(1536K)] 8635K->8635K(9728K), 0.0007970 secs] [Times: user=0.00 sys=0.00, real=0.00 secs] 
7.060: [Full GC (Ergonomics) [PSYoungGen: 866K->0K(1536K)] [ParOldGen: 7769K->2765K(8192K)] 8635K->2765K(9728K), [Metaspace: 3328K->3328K(1056768K)], 0.0022095 secs] [Times: user=0.01 sys=0.00, real=0.00 secs] 
7.063: [GC (Allocation Failure) [PSYoungGen: 854K->32K(1536K)] 8627K->7804K(9728K), 0.0008499 secs] [Times: user=0.00 sys=0.00, real=0.00 secs] 
7.064: [GC (Allocation Failure) --[PSYoungGen: 866K->866K(1536K)] 8638K->8638K(9728K), 0.0003029 secs] [Times: user=0.00 sys=0.00, real=0.00 secs] 
7.064: [Full GC (Ergonomics) [PSYoungGen: 866K->0K(1536K)] [ParOldGen: 7772K->2766K(8192K)] 8638K->2766K(9728K), [Metaspace: 3328K->3328K(1056768K)], 0.0020822 secs] [Times: user=0.00 sys=0.00, real=0.00 secs] 
7.067: [GC (Allocation Failure) [PSYoungGen: 855K->32K(1536K)] 8629K->7806K(9728K), 0.0003168 secs] [Times: user=0.00 sys=0.00, real=0.00 secs] 
7.067: [GC (Allocation Failure) --[PSYoungGen: 866K->866K(1536K)] 8641K->8641K(9728K), 0.0007876 secs] [Times: user=0.00 sys=0.00, real=0.00 secs] 
7.068: [Full GC (Ergonomics) [PSYoungGen: 866K->0K(1536K)] [ParOldGen: 7774K->2757K(8192K)] 8641K->2757K(9728K), [Metaspace: 3328K->3328K(1056768K)], 0.0041591 secs] [Times: user=0.01 sys=0.00, real=0.00 secs] 
7.073: [GC (Allocation Failure) [PSYoungGen: 855K->32K(1536K)] 8623K->7799K(9728K), 0.0008296 secs] [Times: user=0.00 sys=0.00, real=0.00 secs] 
7.074: [GC (Allocation Failure) --[PSYoungGen: 867K->867K(1536K)] 8634K->8634K(9728K), 0.0003012 secs] [Times: user=0.00 sys=0.00, real=0.00 secs] 
7.074: [Full GC (Ergonomics) [PSYoungGen: 867K->0K(1536K)] [ParOldGen: 7767K->2757K(8192K)] 8634K->2757K(9728K), [Metaspace: 3328K->3328K(1056768K)], 0.0021937 secs] [Times: user=0.01 sys=0.00, real=0.00 secs] 
7.077: [GC (Allocation Failure) [PSYoungGen: 855K->32K(1536K)] 8625K->7802K(9728K), 0.0008364 secs] [Times: user=0.00 sys=0.00, real=0.00 secs] 
7.078: [GC (Allocation Failure) --[PSYoungGen: 867K->867K(1536K)] 8637K->8637K(9728K), 0.0002732 secs] [Times: user=0.00 sys=0.00, real=0.00 secs] 
7.078: [Full GC (Ergonomics) [PSYoungGen: 867K->0K(1536K)] [ParOldGen: 7770K->2758K(8192K)] 8637K->2758K(9728K), [Metaspace: 3328K->3328K(1056768K)], 0.0020593 secs] [Times: user=0.01 sys=0.00, real=0.00 secs] 
7.081: [GC (Allocation Failure) [PSYoungGen: 856K->32K(1536K)] 8628K->7804K(9728K), 0.0008206 secs] [Times: user=0.00 sys=0.00, real=0.00 secs] 
7.082: [GC (Allocation Failure) --[PSYoungGen: 867K->867K(1536K)] 8640K->8640K(9728K), 0.0008053 secs] [Times: user=0.00 sys=0.00, real=0.00 secs] 
7.083: [Full GC (Ergonomics) [PSYoungGen: 867K->0K(1536K)] [ParOldGen: 7772K->2759K(8192K)] 8640K->2759K(9728K), [Metaspace: 3328K->3328K(1056768K)], 0.0021763 secs] [Times: user=0.01 sys=0.00, real=0.01 secs] 
7.085: [GC (Allocation Failure) [PSYoungGen: 856K->32K(1536K)] 8631K->7807K(9728K), 0.0003524 secs] [Times: user=0.00 sys=0.00, real=0.00 secs] 
7.086: [GC (Allocation Failure) --[PSYoungGen: 868K->868K(1536K)] 8643K->8643K(9728K), 0.0008032 secs] [Times: user=0.00 sys=0.00, real=0.00 secs] 
7.087: [Full GC (Ergonomics) [PSYoungGen: 868K->0K(1536K)] [ParOldGen: 7775K->2759K(8192K)] 8643K->2759K(9728K), [Metaspace: 3328K->3328K(1056768K)], 0.0020894 secs] [Times: user=0.00 sys=0.00, real=0.00 secs] 
7.089: [GC (Allocation Failure) [PSYoungGen: 856K->32K(1536K)] 8634K->7809K(9728K), 0.0003183 secs] [Times: user=0.00 sys=0.00, real=0.00 secs] 
7.090: [GC (Allocation Failure) --[PSYoungGen: 868K->868K(1536K)] 8646K->8646K(9728K), 0.0002808 secs] [Times: user=0.01 sys=0.00, real=0.00 secs] 
7.090: [Full GC (Ergonomics) [PSYoungGen: 868K->0K(1536K)] [ParOldGen: 7777K->2760K(8192K)] 8646K->2760K(9728K), [Metaspace: 3328K->3328K(1056768K)], 0.0020274 secs] [Times: user=0.00 sys=0.00, real=0.00 secs] 
7.093: [GC (Allocation Failure) [PSYoungGen: 857K->32K(1536K)] 8637K->7812K(9728K), 0.0008471 secs] [Times: user=0.00 sys=0.00, real=0.01 secs] 
7.094: [GC (Allocation Failure) --[PSYoungGen: 868K->868K(1536K)] 8649K->8649K(9728K), 0.0003249 secs] [Times: user=0.00 sys=0.00, real=0.00 secs] 
7.094: [Full GC (Ergonomics) [PSYoungGen: 868K->0K(1536K)] [ParOldGen: 7780K->2761K(8192K)] 8649K->2761K(9728K), [Metaspace: 3328K->3328K(1056768K)], 0.0026634 secs] [Times: user=0.01 sys=0.00, real=0.00 secs] 
7.097: [GC (Allocation Failure) [PSYoungGen: 857K->32K(1536K)] 8640K->7814K(9728K), 0.0003289 secs] [Times: user=0.00 sys=0.00, real=0.00 secs] 
7.098: [GC (Allocation Failure) --[PSYoungGen: 869K->869K(1536K)] 8652K->8652K(9728K), 0.0002759 secs] [Times: user=0.00 sys=0.00, real=0.00 secs] 
7.098: [Full GC (Ergonomics) [PSYoungGen: 869K->0K(1536K)] [ParOldGen: 7782K->2761K(8192K)] 8652K->2761K(9728K), [Metaspace: 3328K->3328K(1056768K)], 0.0026775 secs] [Times: user=0.01 sys=0.00, real=0.00 secs] 
7.101: [GC (Allocation Failure) [PSYoungGen: 857K->32K(1536K)] 8643K->7817K(9728K), 0.0003289 secs] [Times: user=0.00 sys=0.00, real=0.00 secs] 
7.102: [GC (Allocation Failure) --[PSYoungGen: 869K->869K(1536K)] 8654K->8654K(9728K), 0.0007782 secs] [Times: user=0.00 sys=0.00, real=0.00 secs] 
7.102: [Full GC (Ergonomics) [PSYoungGen: 869K->0K(1536K)] [ParOldGen: 7785K->2762K(8192K)] 8654K->2762K(9728K), [Metaspace: 3328K->3328K(1056768K)], 0.0028519 secs] [Times: user=0.01 sys=0.00, real=0.01 secs] 
7.106: [GC (Allocation Failure) [PSYoungGen: 858K->32K(1536K)] 8646K->7819K(9728K), 0.0003496 secs] [Times: user=0.00 sys=0.00, real=0.00 secs] 
7.106: [GC (Allocation Failure) --[PSYoungGen: 869K->869K(1536K)] 8657K->8657K(9728K), 0.0008048 secs] [Times: user=0.00 sys=0.00, real=0.00 secs] 
7.107: [Full GC (Ergonomics) [PSYoungGen: 869K->0K(1536K)] [ParOldGen: 7787K->2762K(8192K)] 8657K->2762K(9728K), [Metaspace: 3328K->3328K(1056768K)], 0.0023869 secs] [Times: user=0.00 sys=0.00, real=0.00 secs] 
7.110: [GC (Allocation Failure) [PSYoungGen: 858K->32K(1536K)] 8649K->7822K(9728K), 0.0003360 secs] [Times: user=0.00 sys=0.00, real=0.00 secs] 
7.111: [GC (Allocation Failure) --[PSYoungGen: 870K->870K(1536K)] 8660K->8660K(9728K), 0.0002789 secs] [Times: user=0.01 sys=0.00, real=0.00 secs] 
7.111: [Full GC (Ergonomics) [PSYoungGen: 870K->0K(1536K)] [ParOldGen: 7790K->2763K(8192K)] 8660K->2763K(9728K), [Metaspace: 3328K->3328K(1056768K)], 0.0020370 secs] [Times: user=0.00 sys=0.00, real=0.01 secs] 
7.113: [GC (Allocation Failure) [PSYoungGen: 858K->32K(1536K)] 8651K->7825K(9728K), 0.0003280 secs] [Times: user=0.00 sys=0.00, real=0.00 secs] 
7.114: [GC (Allocation Failure) --[PSYoungGen: 870K->870K(1536K)] 8663K->8663K(9728K), 0.0002956 secs] [Times: user=0.00 sys=0.00, real=0.00 secs] 
7.114: [Full GC (Ergonomics) [PSYoungGen: 870K->0K(1536K)] [ParOldGen: 7793K->2764K(8192K)] 8663K->2764K(9728K), [Metaspace: 3328K->3328K(1056768K)], 0.0024564 secs] [Times: user=0.01 sys=0.00, real=0.00 secs] 
7.117: [GC (Allocation Failure) [PSYoungGen: 859K->32K(1536K)] 8654K->7827K(9728K), 0.0003348 secs] [Times: user=0.00 sys=0.00, real=0.00 secs] 
7.118: [GC (Allocation Failure) --[PSYoungGen: 870K->870K(1536K)] 8666K->8666K(9728K), 0.0003269 secs] [Times: user=0.00 sys=0.00, real=0.00 secs] 
7.118: [Full GC (Ergonomics) [PSYoungGen: 870K->0K(1536K)] [ParOldGen: 7795K->2764K(8192K)] 8666K->2764K(9728K), [Metaspace: 3328K->3328K(1056768K)], 0.0024669 secs] [Times: user=0.00 sys=0.00, real=0.00 secs] 
7.121: [GC (Allocation Failure) [PSYoungGen: 859K->32K(1536K)] 8657K->7830K(9728K), 0.0003433 secs] [Times: user=0.01 sys=0.00, real=0.00 secs] 
7.121: [GC (Allocation Failure) --[PSYoungGen: 871K->871K(1536K)] 8669K->8669K(9728K), 0.0007919 secs] [Times: user=0.00 sys=0.00, real=0.00 secs] 
7.122: [Full GC (Ergonomics) [PSYoungGen: 871K->0K(1536K)] [ParOldGen: 7798K->2765K(8192K)] 8669K->2765K(9728K), [Metaspace: 3328K->3328K(1056768K)], 0.0023812 secs] [Times: user=0.00 sys=0.00, real=0.01 secs] 
7.125: [GC (Allocation Failure) [PSYoungGen: 859K->32K(1536K)] 8660K->7832K(9728K), 0.0003153 secs] [Times: user=0.00 sys=0.00, real=0.00 secs] 
7.126: [GC (Allocation Failure) --[PSYoungGen: 871K->871K(1536K)] 8672K->8672K(9728K), 0.0002782 secs] [Times: user=0.00 sys=0.00, real=0.00 secs] 
7.126: [Full GC (Ergonomics) [PSYoungGen: 871K->0K(1536K)] [ParOldGen: 7800K->2766K(8192K)] 8672K->2766K(9728K), [Metaspace: 3328K->3328K(1056768K)], 0.0021866 secs] [Times: user=0.01 sys=0.00, real=0.00 secs] 
7.129: [GC (Allocation Failure) [PSYoungGen: 860K->32K(1536K)] 8663K->7835K(9728K), 0.0003254 secs] [Times: user=0.00 sys=0.00, real=0.00 secs] 
7.129: [GC (Allocation Failure) --[PSYoungGen: 871K->871K(1536K)] 8675K->8675K(9728K), 0.0002815 secs] [Times: user=0.00 sys=0.00, real=0.00 secs] 
7.129: [Full GC (Ergonomics) [PSYoungGen: 871K->0K(1536K)] [ParOldGen: 7803K->2766K(8192K)] 8675K->2766K(9728K), [Metaspace: 3328K->3328K(1056768K)], 0.0024304 secs] [Times: user=0.01 sys=0.00, real=0.00 secs] 
7.132: [GC (Allocation Failure) [PSYoungGen: 860K->32K(1536K)] 8666K->7837K(9728K), 0.0008488 secs] [Times: user=0.00 sys=0.00, real=0.01 secs] 
7.133: [GC (Allocation Failure) --[PSYoungGen: 872K->872K(1536K)] 8677K->8677K(9728K), 0.0008029 secs] [Times: user=0.00 sys=0.00, real=0.00 secs] 
7.134: [Full GC (Ergonomics) [PSYoungGen: 872K->0K(1536K)] [ParOldGen: 7805K->2767K(8192K)] 8677K->2767K(9728K), [Metaspace: 3328K->3328K(1056768K)], 0.0021949 secs] [Times: user=0.01 sys=0.00, real=0.00 secs] 
7.137: [GC (Allocation Failure) [PSYoungGen: 860K->32K(1536K)] 8669K->7840K(9728K), 0.0008524 secs] [Times: user=0.00 sys=0.00, real=0.00 secs] 
7.138: [GC (Allocation Failure) --[PSYoungGen: 872K->872K(1536K)] 8680K->8680K(9728K), 0.0008071 secs] [Times: user=0.00 sys=0.00, real=0.00 secs] 
7.139: [Full GC (Ergonomics) [PSYoungGen: 872K->0K(1536K)] [ParOldGen: 7808K->2768K(8192K)] 8680K->2768K(9728K), [Metaspace: 3328K->3328K(1056768K)], 0.0025540 secs] [Times: user=0.01 sys=0.00, real=0.00 secs] 
7.142: [GC (Allocation Failure) [PSYoungGen: 861K->32K(1536K)] 8672K->7843K(9728K), 0.0008378 secs] [Times: user=0.00 sys=0.00, real=0.00 secs] 
7.143: [GC (Allocation Failure) --[PSYoungGen: 872K->872K(1536K)] 8683K->8683K(9728K), 0.0007876 secs] [Times: user=0.00 sys=0.00, real=0.00 secs] 
7.144: [Full GC (Ergonomics) [PSYoungGen: 872K->0K(1536K)] [ParOldGen: 7811K->2768K(8192K)] 8683K->2768K(9728K), [Metaspace: 3328K->3328K(1056768K)], 0.0025149 secs] [Times: user=0.01 sys=0.00, real=0.00 secs] 
7.147: [GC (Allocation Failure) [PSYoungGen: 861K->32K(1536K)] 8674K->7845K(9728K), 0.0008562 secs] [Times: user=0.00 sys=0.00, real=0.00 secs] 
7.148: [GC (Allocation Failure) --[PSYoungGen: 873K->873K(1536K)] 8686K->8686K(9728K), 0.0007963 secs] [Times: user=0.00 sys=0.00, real=0.00 secs] 
7.149: [Full GC (Ergonomics) [PSYoungGen: 873K->0K(1536K)] [ParOldGen: 7813K->2769K(8192K)] 8686K->2769K(9728K), [Metaspace: 3328K->3328K(1056768K)], 0.0025862 secs] [Times: user=0.01 sys=0.00, real=0.00 secs] 
7.152: [GC (Allocation Failure) [PSYoungGen: 861K->32K(1536K)] 8677K->7848K(9728K), 0.0008399 secs] [Times: user=0.00 sys=0.00, real=0.00 secs] 
7.153: [GC (Allocation Failure) --[PSYoungGen: 873K->873K(1536K)] 8689K->8689K(9728K), 0.0008028 secs] [Times: user=0.00 sys=0.00, real=0.01 secs] 
7.153: [Full GC (Ergonomics) [PSYoungGen: 873K->0K(1536K)] [ParOldGen: 7816K->2769K(8192K)] 8689K->2769K(9728K), [Metaspace: 3328K->3328K(1056768K)], 0.0041811 secs] [Times: user=0.00 sys=0.00, real=0.00 secs] 
7.158: [GC (Allocation Failure) [PSYoungGen: 861K->32K(1536K)] 8680K->7850K(9728K), 0.0008844 secs] [Times: user=0.00 sys=0.00, real=0.00 secs] 
7.159: [GC (Allocation Failure) --[PSYoungGen: 873K->873K(1536K)] 8692K->8692K(9728K), 0.0009324 secs] [Times: user=0.00 sys=0.00, real=0.00 secs] 
7.160: [Full GC (Ergonomics) [PSYoungGen: 873K->0K(1536K)] [ParOldGen: 7818K->2769K(8192K)] 8692K->2769K(9728K), [Metaspace: 3328K->3328K(1056768K)], 0.0049337 secs] [Times: user=0.01 sys=0.00, real=0.01 secs] 
7.166: [GC (Allocation Failure) [PSYoungGen: 862K->32K(1536K)] 8682K->7851K(9728K), 0.0008361 secs] [Times: user=0.00 sys=0.00, real=0.00 secs] 
7.167: [GC (Allocation Failure) --[PSYoungGen: 873K->873K(1536K)] 8693K->8693K(9728K), 0.0008007 secs] [Times: user=0.00 sys=0.00, real=0.00 secs] 
7.168: [Full GC (Ergonomics) [PSYoungGen: 873K->0K(1536K)] [ParOldGen: 7819K->2769K(8192K)] 8693K->2769K(9728K), [Metaspace: 3328K->3328K(1056768K)], 0.0021831 secs] [Times: user=0.00 sys=0.00, real=0.00 secs] 
7.170: [GC (Allocation Failure) [PSYoungGen: 862K->32K(1536K)] 8684K->7854K(9728K), 0.0008548 secs] [Times: user=0.00 sys=0.00, real=0.00 secs] 
7.171: [GC (Allocation Failure) --[PSYoungGen: 874K->874K(1536K)] 8696K->8696K(9728K), 0.0007897 secs] [Times: user=0.01 sys=0.00, real=0.00 secs] 
7.172: [Full GC (Ergonomics) [PSYoungGen: 874K->0K(1536K)] [ParOldGen: 7822K->2770K(8192K)] 8696K->2770K(9728K), [Metaspace: 3328K->3328K(1056768K)], 0.0024014 secs] [Times: user=0.00 sys=0.00, real=0.01 secs] 
7.175: [GC (Allocation Failure) [PSYoungGen: 862K->32K(1536K)] 8687K->7856K(9728K), 0.0008387 secs] [Times: user=0.00 sys=0.00, real=0.00 secs] 
7.176: [GC (Allocation Failure) --[PSYoungGen: 874K->874K(1536K)] 8699K->8699K(9728K), 0.0002864 secs] [Times: user=0.00 sys=0.00, real=0.00 secs] 
7.176: [Full GC (Ergonomics) [PSYoungGen: 874K->0K(1536K)] [ParOldGen: 7824K->2770K(8192K)] 8699K->2770K(9728K), [Metaspace: 3328K->3328K(1056768K)], 0.0025194 secs] [Times: user=0.01 sys=0.00, real=0.00 secs] 
7.179: [GC (Allocation Failure) [PSYoungGen: 863K->32K(1536K)] 8690K->7859K(9728K), 0.0008513 secs] [Times: user=0.00 sys=0.00, real=0.00 secs] 
7.180: [GC (Allocation Failure) --[PSYoungGen: 874K->874K(1536K)] 8702K->8702K(9728K), 0.0007831 secs] [Times: user=0.00 sys=0.00, real=0.00 secs] 
7.181: [Full GC (Ergonomics) [PSYoungGen: 874K->0K(1536K)] [ParOldGen: 7827K->2771K(8192K)] 8702K->2771K(9728K), [Metaspace: 3328K->3328K(1056768K)], 0.0025443 secs] [Times: user=0.01 sys=0.00, real=0.01 secs] 
7.186: [GC (Allocation Failure) [PSYoungGen: 863K->32K(1536K)] 8693K->7861K(9728K), 0.0011663 secs] [Times: user=0.00 sys=0.00, real=0.00 secs] 
7.187: [GC (Allocation Failure) --[PSYoungGen: 875K->875K(1536K)] 8705K->8705K(9728K), 0.0014564 secs] [Times: user=0.01 sys=0.00, real=0.00 secs] 
7.189: [Full GC (Ergonomics) [PSYoungGen: 875K->0K(1536K)] [ParOldGen: 7829K->2772K(8192K)] 8705K->2772K(9728K), [Metaspace: 3328K->3328K(1056768K)], 0.0049602 secs] [Times: user=0.01 sys=0.01, real=0.01 secs] 
7.195: [GC (Allocation Failure) [PSYoungGen: 863K->32K(1536K)] 8696K->7864K(9728K), 0.0004309 secs] [Times: user=0.00 sys=0.00, real=0.00 secs] 
7.196: [GC (Allocation Failure) --[PSYoungGen: 875K->875K(1536K)] 8708K->8708K(9728K), 0.0003138 secs] [Times: user=0.00 sys=0.00, real=0.00 secs] 
7.196: [Full GC (Ergonomics) [PSYoungGen: 875K->0K(1536K)] [ParOldGen: 7832K->2772K(8192K)] 8708K->2772K(9728K), [Metaspace: 3328K->3328K(1056768K)], 0.0024298 secs] [Times: user=0.01 sys=0.00, real=0.00 secs] 
7.199: [GC (Allocation Failure) [PSYoungGen: 864K->32K(1536K)] 8699K->7867K(9728K), 0.0009255 secs] [Times: user=0.00 sys=0.00, real=0.00 secs] 
7.200: [GC (Allocation Failure) --[PSYoungGen: 875K->875K(1536K)] 8711K->8711K(9728K), 0.0007913 secs] [Times: user=0.00 sys=0.00, real=0.00 secs] 
7.201: [Full GC (Ergonomics) [PSYoungGen: 875K->0K(1536K)] [ParOldGen: 7835K->2773K(8192K)] 8711K->2773K(9728K), [Metaspace: 3328K->3328K(1056768K)], 0.0022145 secs] [Times: user=0.00 sys=0.00, real=0.01 secs] 
7.204: [GC (Allocation Failure) [PSYoungGen: 864K->32K(1536K)] 8702K->7869K(9728K), 0.0003116 secs] [Times: user=0.00 sys=0.00, real=0.00 secs] 
7.204: [GC (Allocation Failure) --[PSYoungGen: 876K->876K(1536K)] 8713K->8713K(9728K), 0.0008412 secs] [Times: user=0.00 sys=0.00, real=0.00 secs] 
7.205: [Full GC (Ergonomics) [PSYoungGen: 876K->0K(1536K)] [ParOldGen: 7837K->2774K(8192K)] 8713K->2774K(9728K), [Metaspace: 3328K->3328K(1056768K)], 0.0023167 secs] [Times: user=0.00 sys=0.00, real=0.00 secs] 
7.208: [GC (Allocation Failure) [PSYoungGen: 864K->32K(1536K)] 8705K->7872K(9728K), 0.0008359 secs] [Times: user=0.01 sys=0.00, real=0.00 secs] 
7.209: [GC (Allocation Failure) --[PSYoungGen: 876K->876K(1536K)] 8716K->8716K(9728K), 0.0008011 secs] [Times: user=0.00 sys=0.00, real=0.00 secs] 
7.210: [Full GC (Ergonomics) [PSYoungGen: 876K->0K(1536K)] [ParOldGen: 7840K->2774K(8192K)] 8716K->2774K(9728K), [Metaspace: 3328K->3328K(1056768K)], 0.0025064 secs] [Times: user=0.00 sys=0.00, real=0.00 secs] 
7.213: [GC (Allocation Failure) [PSYoungGen: 865K->32K(1536K)] 8707K->7874K(9728K), 0.0008460 secs] [Times: user=0.01 sys=0.00, real=0.01 secs] 
7.214: [GC (Allocation Failure) --[PSYoungGen: 876K->876K(1536K)] 8719K->8719K(9728K), 0.0008104 secs] [Times: user=0.00 sys=0.00, real=0.00 secs] 
7.215: [Full GC (Ergonomics) [PSYoungGen: 876K->0K(1536K)] [ParOldGen: 7842K->2775K(8192K)] 8719K->2775K(9728K), [Metaspace: 3328K->3328K(1056768K)], 0.0022282 secs] [Times: user=0.00 sys=0.00, real=0.00 secs] 
7.217: [GC (Allocation Failure) [PSYoungGen: 865K->32K(1536K)] 8710K->7877K(9728K), 0.0008390 secs] [Times: user=0.01 sys=0.00, real=0.00 secs] 
7.218: [GC (Allocation Failure) --[PSYoungGen: 877K->877K(1536K)] 8722K->8722K(9728K), 0.0008014 secs] [Times: user=0.00 sys=0.00, real=0.00 secs] 
7.219: [Full GC (Ergonomics) [PSYoungGen: 877K->0K(1536K)] [ParOldGen: 7845K->2776K(8192K)] 8722K->2776K(9728K), [Metaspace: 3328K->3328K(1056768K)], 0.0020200 secs] [Times: user=0.00 sys=0.00, real=0.00 secs] 
7.222: [GC (Allocation Failure) [PSYoungGen: 865K->32K(1536K)] 8713K->7879K(9728K), 0.0008435 secs] [Times: user=0.00 sys=0.00, real=0.00 secs] 
7.223: [GC (Allocation Failure) --[PSYoungGen: 877K->877K(1536K)] 8725K->8725K(9728K), 0.0006270 secs] [Times: user=0.01 sys=0.00, real=0.01 secs] 
7.223: [Full GC (Ergonomics) [PSYoungGen: 877K->0K(1536K)] [ParOldGen: 7847K->2776K(8192K)] 8725K->2776K(9728K), [Metaspace: 3328K->3328K(1056768K)], 0.0024841 secs] [Times: user=0.00 sys=0.00, real=0.00 secs] 
7.226: [GC (Allocation Failure) [PSYoungGen: 866K->32K(1536K)] 8716K->7882K(9728K), 0.0008412 secs] [Times: user=0.00 sys=0.00, real=0.00 secs] 
7.227: [GC (Allocation Failure) --[PSYoungGen: 877K->877K(1536K)] 8728K->8728K(9728K), 0.0008322 secs] [Times: user=0.01 sys=0.00, real=0.00 secs] 
7.228: [Full GC (Ergonomics) [PSYoungGen: 877K->0K(1536K)] [ParOldGen: 7850K->2777K(8192K)] 8728K->2777K(9728K), [Metaspace: 3328K->3328K(1056768K)], 0.0024000 secs] [Times: user=0.00 sys=0.00, real=0.00 secs] 
7.231: [GC (Allocation Failure) [PSYoungGen: 866K->32K(1536K)] 8719K->7885K(9728K), 0.0008367 secs] [Times: user=0.00 sys=0.00, real=0.00 secs] 
7.232: [GC (Allocation Failure) --[PSYoungGen: 878K->878K(1536K)] 8731K->8731K(9728K), 0.0008054 secs] [Times: user=0.01 sys=0.00, real=0.01 secs] 
7.233: [Full GC (Ergonomics) [PSYoungGen: 878K->0K(1536K)] [ParOldGen: 7853K->2778K(8192K)] 8731K->2778K(9728K), [Metaspace: 3328K->3328K(1056768K)], 0.0024075 secs] [Times: user=0.00 sys=0.00, real=0.00 secs] 
7.236: [GC (Allocation Failure) [PSYoungGen: 866K->32K(1536K)] 8722K->7887K(9728K), 0.0008378 secs] [Times: user=0.00 sys=0.00, real=0.00 secs] 
7.237: [GC (Allocation Failure) --[PSYoungGen: 878K->878K(1536K)] 8734K->8734K(9728K), 0.0007923 secs] [Times: user=0.01 sys=0.00, real=0.00 secs] 
7.238: [Full GC (Ergonomics) [PSYoungGen: 878K->0K(1536K)] [ParOldGen: 7855K->2778K(8192K)] 8734K->2778K(9728K), [Metaspace: 3328K->3328K(1056768K)], 0.0025293 secs] [Times: user=0.00 sys=0.00, real=0.00 secs] 
7.241: [GC (Allocation Failure) [PSYoungGen: 867K->32K(1536K)] 8725K->7890K(9728K), 0.0008324 secs] [Times: user=0.00 sys=0.00, real=0.00 secs] 
7.242: [GC (Allocation Failure) --[PSYoungGen: 878K->878K(1536K)] 8736K->8736K(9728K), 0.0008050 secs] [Times: user=0.01 sys=0.00, real=0.00 secs] 
7.243: [Full GC (Ergonomics) [PSYoungGen: 878K->0K(1536K)] [ParOldGen: 7858K->2779K(8192K)] 8736K->2779K(9728K), [Metaspace: 3328K->3328K(1056768K)], 0.0020937 secs] [Times: user=0.00 sys=0.00, real=0.01 secs] 
7.245: [GC (Allocation Failure) [PSYoungGen: 867K->32K(1536K)] 8728K->7892K(9728K), 0.0008444 secs] [Times: user=0.00 sys=0.00, real=0.00 secs] 
7.246: [GC (Allocation Failure) --[PSYoungGen: 879K->879K(1536K)] 8739K->8739K(9728K), 0.0008321 secs] [Times: user=0.01 sys=0.00, real=0.00 secs] 
7.247: [Full GC (Ergonomics) [PSYoungGen: 879K->0K(1536K)] [ParOldGen: 7860K->2779K(8192K)] 8739K->2779K(9728K), [Metaspace: 3328K->3328K(1056768K)], 0.0023912 secs] [Times: user=0.00 sys=0.00, real=0.00 secs] 
7.250: [GC (Allocation Failure) [PSYoungGen: 867K->32K(1536K)] 8731K->7895K(9728K), 0.0003291 secs] [Times: user=0.00 sys=0.00, real=0.00 secs] 
7.251: [GC (Allocation Failure) --[PSYoungGen: 879K->879K(1536K)] 8742K->8742K(9728K), 0.0008024 secs] [Times: user=0.00 sys=0.00, real=0.00 secs] 
7.251: [Full GC (Ergonomics) [PSYoungGen: 879K->0K(1536K)] [ParOldGen: 7863K->2780K(8192K)] 8742K->2780K(9728K), [Metaspace: 3328K->3328K(1056768K)], 0.0022340 secs] [Times: user=0.01 sys=0.00, real=0.01 secs] 
7.254: [GC (Allocation Failure) [PSYoungGen: 868K->32K(1536K)] 8733K->7897K(9728K), 0.0008309 secs] [Times: user=0.00 sys=0.00, real=0.00 secs] 
7.255: [GC (Allocation Failure) --[PSYoungGen: 879K->879K(1536K)] 8745K->8745K(9728K), 0.0003242 secs] [Times: user=0.00 sys=0.00, real=0.00 secs] 
7.255: [Full GC (Ergonomics) [PSYoungGen: 879K->0K(1536K)] [ParOldGen: 7865K->2781K(8192K)] 8745K->2781K(9728K), [Metaspace: 3328K->3328K(1056768K)], 0.0020370 secs] [Times: user=0.01 sys=0.00, real=0.00 secs] 
7.258: [GC (Allocation Failure) [PSYoungGen: 868K->32K(1536K)] 8736K->7900K(9728K), 0.0003518 secs] [Times: user=0.00 sys=0.00, real=0.00 secs] 
7.259: [GC (Allocation Failure) --[PSYoungGen: 880K->880K(1536K)] 8748K->8748K(9728K), 0.0008028 secs] [Times: user=0.00 sys=0.00, real=0.00 secs] 
7.259: [Full GC (Ergonomics) [PSYoungGen: 880K->0K(1536K)] [ParOldGen: 7868K->2781K(8192K)] 8748K->2781K(9728K), [Metaspace: 3328K->3328K(1056768K)], 0.0020686 secs] [Times: user=0.00 sys=0.00, real=0.00 secs] 
7.262: [GC (Allocation Failure) [PSYoungGen: 868K->32K(1536K)] 8739K->7902K(9728K), 0.0003349 secs] [Times: user=0.01 sys=0.00, real=0.00 secs] 
7.262: [GC (Allocation Failure) --[PSYoungGen: 880K->880K(1536K)] 8751K->8751K(9728K), 0.0003011 secs] [Times: user=0.00 sys=0.00, real=0.01 secs] 
7.263: [Full GC (Ergonomics) [PSYoungGen: 880K->0K(1536K)] [ParOldGen: 7870K->2782K(8192K)] 8751K->2782K(9728K), [Metaspace: 3328K->3328K(1056768K)], 0.0026345 secs] [Times: user=0.00 sys=0.00, real=0.00 secs] 
7.266: [GC (Allocation Failure) [PSYoungGen: 869K->32K(1536K)] 8742K->7905K(9728K), 0.0003206 secs] [Times: user=0.00 sys=0.00, real=0.00 secs] 
7.266: [GC (Allocation Failure) --[PSYoungGen: 880K->880K(1536K)] 8754K->8754K(9728K), 0.0007961 secs] [Times: user=0.00 sys=0.00, real=0.00 secs] 
7.267: [Full GC (Ergonomics) [PSYoungGen: 880K->0K(1536K)] [ParOldGen: 7873K->2783K(8192K)] 8754K->2783K(9728K), [Metaspace: 3328K->3328K(1056768K)], 0.0026331 secs] [Times: user=0.01 sys=0.00, real=0.00 secs] 
7.270: [GC (Allocation Failure) [PSYoungGen: 869K->32K(1536K)] 8745K->7908K(9728K), 0.0008198 secs] [Times: user=0.00 sys=0.00, real=0.00 secs] 
7.271: [GC (Allocation Failure) --[PSYoungGen: 881K->881K(1536K)] 8757K->8757K(9728K), 0.0003007 secs] [Times: user=0.00 sys=0.00, real=0.00 secs] 
7.272: [Full GC (Ergonomics) [PSYoungGen: 881K->0K(1536K)] [ParOldGen: 7876K->2783K(8192K)] 8757K->2783K(9728K), [Metaspace: 3328K->3328K(1056768K)], 0.0025048 secs] [Times: user=0.01 sys=0.00, real=0.01 secs] 
7.275: [GC (Allocation Failure) [PSYoungGen: 869K->32K(1536K)] 8748K->7910K(9728K), 0.0003409 secs] [Times: user=0.00 sys=0.00, real=0.00 secs] 
7.275: [GC (Allocation Failure) --[PSYoungGen: 881K->881K(1536K)] 8760K->8760K(9728K), 0.0002708 secs] [Times: user=0.00 sys=0.00, real=0.00 secs] 
7.276: [Full GC (Ergonomics) [PSYoungGen: 881K->0K(1536K)] [ParOldGen: 7878K->2784K(8192K)] 8760K->2784K(9728K), [Metaspace: 3328K->3328K(1056768K)], 0.0021029 secs] [Times: user=0.01 sys=0.00, real=0.00 secs] 
7.278: [GC (Allocation Failure) [PSYoungGen: 870K->32K(1536K)] 8751K->7913K(9728K), 0.0003329 secs] [Times: user=0.00 sys=0.00, real=0.00 secs] 
7.279: [GC (Allocation Failure) --[PSYoungGen: 881K->881K(1536K)] 8762K->8762K(9728K), 0.0002696 secs] [Times: user=0.00 sys=0.00, real=0.00 secs] 
7.279: [Full GC (Ergonomics) [PSYoungGen: 881K->0K(1536K)] [ParOldGen: 7881K->2785K(8192K)] 8762K->2785K(9728K), [Metaspace: 3328K->3328K(1056768K)], 0.0032079 secs] [Times: user=0.00 sys=0.00, real=0.00 secs] 
7.283: [Full GC (Ergonomics) [PSYoungGen: 870K->0K(1536K)] [ParOldGen: 7883K->1935K(8192K)] 8754K->1935K(9728K), [Metaspace: 3328K->3328K(1056768K)], 0.0022556 secs] [Times: user=0.01 sys=0.01, real=0.00 secs] 
7.286: [Full GC (Ergonomics) [PSYoungGen: 870K->0K(1536K)] [ParOldGen: 7886K->1936K(8192K)] 8757K->1936K(9728K), [Metaspace: 3328K->3328K(1056768K)], 0.0020759 secs] [Times: user=0.00 sys=0.00, real=0.00 secs] 
7.288: [Full GC (Ergonomics) [PSYoungGen: 870K->0K(1536K)] [ParOldGen: 7889K->1936K(8192K)] 8759K->1936K(9728K), [Metaspace: 3328K->3328K(1056768K)], 0.0025344 secs] [Times: user=0.01 sys=0.00, real=0.00 secs] 
7.291: [Full GC (Ergonomics) [PSYoungGen: 871K->0K(1536K)] [ParOldGen: 7891K->1936K(8192K)] 8762K->1936K(9728K), [Metaspace: 3328K->3328K(1056768K)], 0.0020258 secs] [Times: user=0.01 sys=0.00, real=0.01 secs] 
7.294: [Full GC (Ergonomics) [PSYoungGen: 871K->0K(1536K)] [ParOldGen: 7894K->1937K(8192K)] 8765K->1937K(9728K), [Metaspace: 3328K->3328K(1056768K)], 0.0026845 secs] [Times: user=0.00 sys=0.00, real=0.00 secs] 
7.297: [Full GC (Ergonomics) [PSYoungGen: 871K->0K(1536K)] [ParOldGen: 7896K->1937K(8192K)] 8768K->1937K(9728K), [Metaspace: 3328K->3328K(1056768K)], 0.0022091 secs] [Times: user=0.01 sys=0.00, real=0.00 secs] 
7.300: [Full GC (Ergonomics) [PSYoungGen: 872K->0K(1536K)] [ParOldGen: 7899K->1937K(8192K)] 8771K->1937K(9728K), [Metaspace: 3328K->3328K(1056768K)], 0.0027359 secs] [Times: user=0.00 sys=0.00, real=0.01 secs] 
7.303: [Full GC (Ergonomics) [PSYoungGen: 872K->0K(1536K)] [ParOldGen: 7901K->1938K(8192K)] 8774K->1938K(9728K), [Metaspace: 3328K->3328K(1056768K)], 0.0028435 secs] [Times: user=0.01 sys=0.00, real=0.00 secs] 
7.307: [Full GC (Ergonomics) [PSYoungGen: 872K->0K(1536K)] [ParOldGen: 7904K->1938K(8192K)] 8777K->1938K(9728K), [Metaspace: 3328K->3328K(1056768K)], 0.0021335 secs] [Times: user=0.00 sys=0.00, real=0.00 secs] 
7.309: [Full GC (Ergonomics) [PSYoungGen: 873K->0K(1536K)] [ParOldGen: 7907K->1938K(8192K)] 8780K->1938K(9728K), [Metaspace: 3328K->3328K(1056768K)], 0.0027752 secs] [Times: user=0.01 sys=0.00, real=0.00 secs] 
7.313: [Full GC (Ergonomics) [PSYoungGen: 873K->0K(1536K)] [ParOldGen: 7909K->1938K(8192K)] 8782K->1938K(9728K), [Metaspace: 3328K->3328K(1056768K)], 0.0025836 secs] [Times: user=0.01 sys=0.00, real=0.00 secs] 
7.316: [Full GC (Ergonomics) [PSYoungGen: 873K->0K(1536K)] [ParOldGen: 7912K->1939K(8192K)] 8785K->1939K(9728K), [Metaspace: 3328K->3328K(1056768K)], 0.0025972 secs] [Times: user=0.00 sys=0.00, real=0.00 secs] 
7.319: [Full GC (Ergonomics) [PSYoungGen: 874K->0K(1536K)] [ParOldGen: 7914K->1939K(8192K)] 8788K->1939K(9728K), [Metaspace: 3328K->3328K(1056768K)], 0.0025633 secs] [Times: user=0.01 sys=0.00, real=0.00 secs] 
7.322: [Full GC (Ergonomics) [PSYoungGen: 874K->0K(1536K)] [ParOldGen: 7917K->1939K(8192K)] 8791K->1939K(9728K), [Metaspace: 3328K->3328K(1056768K)], 0.0026174 secs] [Times: user=0.00 sys=0.00, real=0.01 secs] 
7.325: [Full GC (Ergonomics) [PSYoungGen: 874K->0K(1536K)] [ParOldGen: 7919K->1940K(8192K)] 8794K->1940K(9728K), [Metaspace: 3328K->3328K(1056768K)], 0.0020529 secs] [Times: user=0.00 sys=0.00, real=0.00 secs] 
7.328: [Full GC (Ergonomics) [PSYoungGen: 874K->0K(1536K)] [ParOldGen: 7922K->1940K(8192K)] 8797K->1940K(9728K), [Metaspace: 3328K->3328K(1056768K)], 0.0030084 secs] [Times: user=0.01 sys=0.00, real=0.00 secs] 
7.332: [Full GC (Ergonomics) [PSYoungGen: 875K->0K(1536K)] [ParOldGen: 7925K->1939K(8192K)] 8800K->1939K(9728K), [Metaspace: 3328K->3328K(1056768K)], 0.0062265 secs] [Times: user=0.02 sys=0.00, real=0.01 secs] 
7.338: [Full GC (Ergonomics) [PSYoungGen: 875K->0K(1536K)] [ParOldGen: 7925K->1939K(8192K)] 8801K->1939K(9728K), [Metaspace: 3328K->3328K(1056768K)], 0.0028644 secs] [Times: user=0.00 sys=0.00, real=0.00 secs] 
7.342: [Full GC (Ergonomics) [PSYoungGen: 875K->0K(1536K)] [ParOldGen: 7928K->1939K(8192K)] 8804K->1939K(9728K), [Metaspace: 3328K->3328K(1056768K)], 0.0027295 secs] [Times: user=0.01 sys=0.00, real=0.01 secs] 
7.345: [Full GC (Ergonomics) [PSYoungGen: 876K->0K(1536K)] [ParOldGen: 7931K->1940K(8192K)] 8807K->1940K(9728K), [Metaspace: 3328K->3328K(1056768K)], 0.0022769 secs] [Times: user=0.00 sys=0.00, real=0.00 secs] 
7.348: [Full GC (Ergonomics) [PSYoungGen: 876K->0K(1536K)] [ParOldGen: 7933K->1940K(8192K)] 8810K->1940K(9728K), [Metaspace: 3328K->3328K(1056768K)], 0.0020442 secs] [Times: user=0.01 sys=0.00, real=0.00 secs] 
7.351: [Full GC (Ergonomics) [PSYoungGen: 876K->0K(1536K)] [ParOldGen: 7936K->1940K(8192K)] 8813K->1940K(9728K), [Metaspace: 3328K->3328K(1056768K)], 0.0029096 secs] [Times: user=0.00 sys=0.00, real=0.01 secs] 
7.354: [Full GC (Ergonomics) [PSYoungGen: 877K->0K(1536K)] [ParOldGen: 7938K->1941K(8192K)] 8815K->1941K(9728K), [Metaspace: 3328K->3328K(1056768K)], 0.0028579 secs] [Times: user=0.01 sys=0.00, real=0.00 secs] 
7.358: [Full GC (Ergonomics) [PSYoungGen: 877K->0K(1536K)] [ParOldGen: 7941K->1941K(8192K)] 8818K->1941K(9728K), [Metaspace: 3328K->3328K(1056768K)], 0.0028052 secs] [Times: user=0.01 sys=0.00, real=0.00 secs] 
7.361: [Full GC (Ergonomics) [PSYoungGen: 877K->0K(1536K)] [ParOldGen: 7943K->1941K(8192K)] 8821K->1941K(9728K), [Metaspace: 3328K->3328K(1056768K)], 0.0027888 secs] [Times: user=0.00 sys=0.00, real=0.01 secs] 
7.364: [Full GC (Ergonomics) [PSYoungGen: 878K->0K(1536K)] [ParOldGen: 7946K->1942K(8192K)] 8824K->1942K(9728K), [Metaspace: 3328K->3328K(1056768K)], 0.0020489 secs] [Times: user=0.01 sys=0.00, real=0.00 secs] 
7.367: [Full GC (Ergonomics) [PSYoungGen: 878K->0K(1536K)] [ParOldGen: 7948K->1942K(8192K)] 8827K->1942K(9728K), [Metaspace: 3328K->3328K(1056768K)], 0.0020986 secs] [Times: user=0.00 sys=0.00, real=0.00 secs] 
7.370: [Full GC (Ergonomics) [PSYoungGen: 878K->0K(1536K)] [ParOldGen: 7951K->1942K(8192K)] 8830K->1942K(9728K), [Metaspace: 3328K->3328K(1056768K)], 0.0028132 secs] [Times: user=0.01 sys=0.00, real=0.00 secs] 
7.373: [Full GC (Ergonomics) [PSYoungGen: 879K->0K(1536K)] [ParOldGen: 7954K->1943K(8192K)] 8833K->1943K(9728K), [Metaspace: 3328K->3328K(1056768K)], 0.0027329 secs] [Times: user=0.01 sys=0.00, real=0.00 secs] 
7.376: [Full GC (Ergonomics) [PSYoungGen: 879K->0K(1536K)] [ParOldGen: 7956K->1943K(8192K)] 8836K->1943K(9728K), [Metaspace: 3328K->3328K(1056768K)], 0.0020466 secs] [Times: user=0.00 sys=0.00, real=0.00 secs] 
7.379: [Full GC (Ergonomics) [PSYoungGen: 879K->0K(1536K)] [ParOldGen: 7959K->1943K(8192K)] 8838K->1943K(9728K), [Metaspace: 3328K->3328K(1056768K)], 0.0026201 secs] [Times: user=0.01 sys=0.00, real=0.00 secs] 
7.382: [Full GC (Ergonomics) [PSYoungGen: 880K->0K(1536K)] [ParOldGen: 7961K->1944K(8192K)] 8841K->1944K(9728K), [Metaspace: 3328K->3328K(1056768K)], 0.0022771 secs] [Times: user=0.00 sys=0.00, real=0.01 secs] 
7.385: [Full GC (Ergonomics) [PSYoungGen: 880K->0K(1536K)] [ParOldGen: 7964K->1944K(8192K)] 8844K->1944K(9728K), [Metaspace: 3328K->3328K(1056768K)], 0.0020403 secs] [Times: user=0.01 sys=0.00, real=0.00 secs] 
7.388: [Full GC (Ergonomics) [PSYoungGen: 880K->0K(1536K)] [ParOldGen: 7966K->1944K(8192K)] 8847K->1944K(9728K), [Metaspace: 3328K->3328K(1056768K)], 0.0021631 secs] [Times: user=0.00 sys=0.00, real=0.00 secs] 
7.390: [Full GC (Ergonomics) [PSYoungGen: 881K->0K(1536K)] [ParOldGen: 7969K->1944K(8192K)] 8850K->1944K(9728K), [Metaspace: 3328K->3328K(1056768K)], 0.0020211 secs] [Times: user=0.01 sys=0.00, real=0.00 secs] 
7.393: [Full GC (Ergonomics) [PSYoungGen: 881K->0K(1536K)] [ParOldGen: 7972K->1945K(8192K)] 8853K->1945K(9728K), [Metaspace: 3328K->3328K(1056768K)], 0.0021989 secs] [Times: user=0.00 sys=0.00, real=0.00 secs] 
7.396: [Full GC (Ergonomics) [PSYoungGen: 881K->0K(1536K)] [ParOldGen: 7974K->1945K(8192K)] 8856K->1945K(9728K), [Metaspace: 3328K->3328K(1056768K)], 0.0022217 secs] [Times: user=0.00 sys=0.00, real=0.00 secs] 
7.399: [Full GC (Ergonomics) [PSYoungGen: 882K->0K(1536K)] [ParOldGen: 7977K->1945K(8192K)] 8859K->1945K(9728K), [Metaspace: 3328K->3328K(1056768K)], 0.0022236 secs] [Times: user=0.01 sys=0.00, real=0.00 secs] 
7.401: [Full GC (Ergonomics) [PSYoungGen: 882K->0K(1536K)] [ParOldGen: 7979K->1946K(8192K)] 8862K->1946K(9728K), [Metaspace: 3328K->3328K(1056768K)], 0.0025493 secs] [Times: user=0.00 sys=0.00, real=0.01 secs] 
7.405: [Full GC (Ergonomics) [PSYoungGen: 882K->0K(1536K)] [ParOldGen: 7982K->1946K(8192K)] 8864K->1946K(9728K), [Metaspace: 3328K->3328K(1056768K)], 0.0021788 secs] [Times: user=0.01 sys=0.00, real=0.00 secs] 
7.407: [Full GC (Ergonomics) [PSYoungGen: 882K->0K(1536K)] [ParOldGen: 7984K->1946K(8192K)] 8867K->1946K(9728K), [Metaspace: 3328K->3328K(1056768K)], 0.0021895 secs] [Times: user=0.00 sys=0.00, real=0.00 secs] 
7.410: [Full GC (Ergonomics) [PSYoungGen: 883K->0K(1536K)] [ParOldGen: 7987K->1947K(8192K)] 8870K->1947K(9728K), [Metaspace: 3328K->3328K(1056768K)], 0.0022744 secs] [Times: user=0.01 sys=0.00, real=0.00 secs] 
7.413: [Full GC (Ergonomics) [PSYoungGen: 883K->0K(1536K)] [ParOldGen: 7989K->1947K(8192K)] 8873K->1947K(9728K), [Metaspace: 3328K->3328K(1056768K)], 0.0021567 secs] [Times: user=0.00 sys=0.00, real=0.00 secs] 
7.416: [Full GC (Ergonomics) [PSYoungGen: 883K->0K(1536K)] [ParOldGen: 7992K->1947K(8192K)] 8876K->1947K(9728K), [Metaspace: 3328K->3328K(1056768K)], 0.0021777 secs] [Times: user=0.01 sys=0.00, real=0.00 secs] 
7.418: [Full GC (Ergonomics) [PSYoungGen: 884K->0K(1536K)] [ParOldGen: 7995K->1948K(8192K)] 8879K->1948K(9728K), [Metaspace: 3328K->3328K(1056768K)], 0.0022164 secs] [Times: user=0.00 sys=0.01, real=0.00 secs] 
7.421: [Full GC (Ergonomics) [PSYoungGen: 884K->0K(1536K)] [ParOldGen: 7997K->1948K(8192K)] 8882K->1948K(9728K), [Metaspace: 3328K->3328K(1056768K)], 0.0022272 secs] [Times: user=0.00 sys=0.00, real=0.01 secs] 
7.424: [Full GC (Ergonomics) [PSYoungGen: 884K->0K(1536K)] [ParOldGen: 8000K->1948K(8192K)] 8885K->1948K(9728K), [Metaspace: 3328K->3328K(1056768K)], 0.0021488 secs] [Times: user=0.01 sys=0.00, real=0.00 secs] 
7.427: [Full GC (Ergonomics) [PSYoungGen: 885K->0K(1536K)] [ParOldGen: 8002K->1949K(8192K)] 8887K->1949K(9728K), [Metaspace: 3328K->3328K(1056768K)], 0.0022627 secs] [Times: user=0.00 sys=0.00, real=0.00 secs] 
7.430: [Full GC (Ergonomics) [PSYoungGen: 885K->0K(1536K)] [ParOldGen: 8005K->1949K(8192K)] 8890K->1949K(9728K), [Metaspace: 3328K->3328K(1056768K)], 0.0021779 secs] [Times: user=0.01 sys=0.00, real=0.00 secs] 
7.432: [Full GC (Ergonomics) [PSYoungGen: 885K->0K(1536K)] [ParOldGen: 8007K->1949K(8192K)] 8893K->1949K(9728K), [Metaspace: 3328K->3328K(1056768K)], 0.0022256 secs] [Times: user=0.00 sys=0.00, real=0.01 secs] 
7.435: [Full GC (Ergonomics) [PSYoungGen: 886K->0K(1536K)] [ParOldGen: 8010K->1950K(8192K)] 8896K->1950K(9728K), [Metaspace: 3328K->3328K(1056768K)], 0.0020605 secs] [Times: user=0.01 sys=0.00, real=0.00 secs] 
7.438: [Full GC (Ergonomics) [PSYoungGen: 886K->0K(1536K)] [ParOldGen: 8013K->1950K(8192K)] 8899K->1950K(9728K), [Metaspace: 3328K->3328K(1056768K)], 0.0021606 secs] [Times: user=0.00 sys=0.00, real=0.00 secs] 
7.441: [Full GC (Ergonomics) [PSYoungGen: 886K->0K(1536K)] [ParOldGen: 8015K->1950K(8192K)] 8902K->1950K(9728K), [Metaspace: 3328K->3328K(1056768K)], 0.0020521 secs] [Times: user=0.01 sys=0.00, real=0.01 secs] 
7.443: [Full GC (Ergonomics) [PSYoungGen: 887K->0K(1536K)] [ParOldGen: 8018K->1951K(8192K)] 8905K->1951K(9728K), [Metaspace: 3328K->3328K(1056768K)], 0.0020926 secs] [Times: user=0.00 sys=0.00, real=0.00 secs] 
7.446: [Full GC (Ergonomics) [PSYoungGen: 887K->0K(1536K)] [ParOldGen: 8020K->1951K(8192K)] 8908K->1951K(9728K), [Metaspace: 3328K->3328K(1056768K)], 0.0021816 secs] [Times: user=0.01 sys=0.00, real=0.00 secs] 
7.449: [Full GC (Ergonomics) [PSYoungGen: 887K->0K(1536K)] [ParOldGen: 8023K->1951K(8192K)] 8911K->1951K(9728K), [Metaspace: 3328K->3328K(1056768K)], 0.0020564 secs] [Times: user=0.00 sys=0.00, real=0.00 secs] 
7.451: [Full GC (Ergonomics) [PSYoungGen: 888K->0K(1536K)] [ParOldGen: 8025K->1952K(8192K)] 8913K->1952K(9728K), [Metaspace: 3328K->3328K(1056768K)], 0.0021866 secs] [Times: user=0.00 sys=0.00, real=0.01 secs] 
7.454: [Full GC (Ergonomics) [PSYoungGen: 888K->0K(1536K)] [ParOldGen: 8028K->1952K(8192K)] 8916K->1952K(9728K), [Metaspace: 3328K->3328K(1056768K)], 0.0021790 secs] [Times: user=0.01 sys=0.00, real=0.00 secs] 
7.457: [Full GC (Ergonomics) [PSYoungGen: 888K->0K(1536K)] [ParOldGen: 8030K->1952K(8192K)] 8919K->1952K(9728K), [Metaspace: 3328K->3328K(1056768K)], 0.0021669 secs] [Times: user=0.00 sys=0.00, real=0.00 secs] 
7.460: [Full GC (Ergonomics) [PSYoungGen: 889K->0K(1536K)] [ParOldGen: 8033K->1953K(8192K)] 8922K->1953K(9728K), [Metaspace: 3328K->3328K(1056768K)], 0.0022044 secs] [Times: user=0.01 sys=0.00, real=0.00 secs] 
7.462: [Full GC (Ergonomics) [PSYoungGen: 889K->0K(1536K)] [ParOldGen: 8036K->1953K(8192K)] 8925K->1953K(9728K), [Metaspace: 3328K->3328K(1056768K)], 0.0021574 secs] [Times: user=0.00 sys=0.00, real=0.01 secs] 
7.465: [Full GC (Ergonomics) [PSYoungGen: 889K->0K(1536K)] [ParOldGen: 8038K->1953K(8192K)] 8928K->1953K(9728K), [Metaspace: 3328K->3328K(1056768K)], 0.0020578 secs] [Times: user=0.01 sys=0.00, real=0.00 secs] 
7.468: [Full GC (Ergonomics) [PSYoungGen: 890K->0K(1536K)] [ParOldGen: 8041K->1953K(8192K)] 8931K->1953K(9728K), [Metaspace: 3328K->3328K(1056768K)], 0.0020538 secs] [Times: user=0.00 sys=0.00, real=0.00 secs] 
7.471: [Full GC (Ergonomics) [PSYoungGen: 890K->0K(1536K)] [ParOldGen: 8043K->1954K(8192K)] 8934K->1954K(9728K), [Metaspace: 3328K->3328K(1056768K)], 0.0021764 secs] [Times: user=0.01 sys=0.00, real=0.00 secs] 
7.473: [Full GC (Ergonomics) [PSYoungGen: 890K->0K(1536K)] [ParOldGen: 8046K->1954K(8192K)] 8936K->1954K(9728K), [Metaspace: 3328K->3328K(1056768K)], 0.0020453 secs] [Times: user=0.00 sys=0.00, real=0.00 secs] 
7.476: [Full GC (Ergonomics) [PSYoungGen: 890K->0K(1536K)] [ParOldGen: 8048K->1954K(8192K)] 8939K->1954K(9728K), [Metaspace: 3328K->3328K(1056768K)], 0.0020830 secs] [Times: user=0.01 sys=0.00, real=0.00 secs] 
7.479: [Full GC (Ergonomics) [PSYoungGen: 891K->0K(1536K)] [ParOldGen: 8051K->1955K(8192K)] 8942K->1955K(9728K), [Metaspace: 3328K->3328K(1056768K)], 0.0021726 secs] [Times: user=0.00 sys=0.00, real=0.00 secs] 
7.481: [Full GC (Ergonomics) [PSYoungGen: 891K->0K(1536K)] [ParOldGen: 8054K->1955K(8192K)] 8945K->1955K(9728K), [Metaspace: 3328K->3328K(1056768K)], 0.0022098 secs] [Times: user=0.00 sys=0.00, real=0.01 secs] 
7.484: [Full GC (Ergonomics) [PSYoungGen: 891K->0K(1536K)] [ParOldGen: 8056K->1955K(8192K)] 8948K->1955K(9728K), [Metaspace: 3328K->3328K(1056768K)], 0.0022066 secs] [Times: user=0.01 sys=0.00, real=0.00 secs] 
7.487: [Full GC (Ergonomics) [PSYoungGen: 892K->0K(1536K)] [ParOldGen: 8059K->1956K(8192K)] 8951K->1956K(9728K), [Metaspace: 3328K->3328K(1056768K)], 0.0022090 secs] [Times: user=0.00 sys=0.00, real=0.00 secs] 
7.490: [Full GC (Ergonomics) [PSYoungGen: 892K->0K(1536K)] [ParOldGen: 8061K->1956K(8192K)] 8954K->1956K(9728K), [Metaspace: 3328K->3328K(1056768K)], 0.0022139 secs] [Times: user=0.01 sys=0.00, real=0.00 secs] 
7.493: [Full GC (Ergonomics) [PSYoungGen: 892K->0K(1536K)] [ParOldGen: 8064K->1956K(8192K)] 8957K->1956K(9728K), [Metaspace: 3328K->3328K(1056768K)], 0.0021151 secs] [Times: user=0.00 sys=0.00, real=0.01 secs] 
7.495: [Full GC (Ergonomics) [PSYoungGen: 893K->0K(1536K)] [ParOldGen: 8066K->1957K(8192K)] 8960K->1957K(9728K), [Metaspace: 3328K->3328K(1056768K)], 0.0023304 secs] [Times: user=0.01 sys=0.00, real=0.00 secs] 
7.499: [Full GC (Ergonomics) [PSYoungGen: 893K->0K(1536K)] [ParOldGen: 8069K->1957K(8192K)] 8962K->1957K(9728K), [Metaspace: 3328K->3328K(1056768K)], 0.0028692 secs] [Times: user=0.00 sys=0.00, real=0.00 secs] 
7.502: [Full GC (Ergonomics) [PSYoungGen: 893K->0K(1536K)] [ParOldGen: 8071K->1957K(8192K)] 8965K->1957K(9728K), [Metaspace: 3328K->3328K(1056768K)], 0.0026648 secs] [Times: user=0.00 sys=0.00, real=0.01 secs] 
7.506: [Full GC (Ergonomics) [PSYoungGen: 894K->0K(1536K)] [ParOldGen: 8074K->1958K(8192K)] 8968K->1958K(9728K), [Metaspace: 3328K->3328K(1056768K)], 0.0026226 secs] [Times: user=0.01 sys=0.00, real=0.00 secs] 
7.509: [Full GC (Ergonomics) [PSYoungGen: 894K->0K(1536K)] [ParOldGen: 8077K->1958K(8192K)] 8971K->1958K(9728K), [Metaspace: 3328K->3328K(1056768K)], 0.0022993 secs] [Times: user=0.00 sys=0.00, real=0.00 secs] 
7.512: [Full GC (Ergonomics) [PSYoungGen: 894K->0K(1536K)] [ParOldGen: 8079K->1958K(8192K)] 8974K->1958K(9728K), [Metaspace: 3328K->3328K(1056768K)], 0.0021692 secs] [Times: user=0.01 sys=0.00, real=0.01 secs] 
7.515: [Full GC (Ergonomics) [PSYoungGen: 895K->0K(1536K)] [ParOldGen: 8082K->1959K(8192K)] 8977K->1959K(9728K), [Metaspace: 3328K->3328K(1056768K)], 0.0022462 secs] [Times: user=0.00 sys=0.00, real=0.00 secs] 
7.518: [Full GC (Ergonomics) [PSYoungGen: 895K->0K(1536K)] [ParOldGen: 8084K->1959K(8192K)] 8980K->1959K(9728K), [Metaspace: 3328K->3328K(1056768K)], 0.0022138 secs] [Times: user=0.01 sys=0.00, real=0.00 secs] 
7.521: [Full GC (Ergonomics) [PSYoungGen: 895K->0K(1536K)] [ParOldGen: 8087K->1959K(8192K)] 8983K->1959K(9728K), [Metaspace: 3328K->3328K(1056768K)], 0.0023328 secs] [Times: user=0.00 sys=0.00, real=0.01 secs] 
7.524: [Full GC (Ergonomics) [PSYoungGen: 896K->0K(1536K)] [ParOldGen: 8089K->1960K(8192K)] 8985K->1960K(9728K), [Metaspace: 3328K->3328K(1056768K)], 0.0021801 secs] [Times: user=0.01 sys=0.00, real=0.00 secs] 
7.526: [Full GC (Ergonomics) [PSYoungGen: 896K->0K(1536K)] [ParOldGen: 8092K->1960K(8192K)] 8988K->1960K(9728K), [Metaspace: 3328K->3328K(1056768K)], 0.0021929 secs] [Times: user=0.01 sys=0.00, real=0.00 secs] 
7.529: [Full GC (Ergonomics) [PSYoungGen: 896K->0K(1536K)] [ParOldGen: 8095K->1960K(8192K)] 8991K->1960K(9728K), [Metaspace: 3328K->3328K(1056768K)], 0.0021719 secs] [Times: user=0.00 sys=0.00, real=0.00 secs] 
7.532: [Full GC (Ergonomics) [PSYoungGen: 897K->0K(1536K)] [ParOldGen: 8097K->1961K(8192K)] 8994K->1961K(9728K), [Metaspace: 3328K->3328K(1056768K)], 0.0020585 secs] [Times: user=0.01 sys=0.00, real=0.01 secs] 
7.535: [Full GC (Ergonomics) [PSYoungGen: 897K->0K(1536K)] [ParOldGen: 8100K->1961K(8192K)] 8997K->1961K(9728K), [Metaspace: 3328K->3328K(1056768K)], 0.0020693 secs] [Times: user=0.00 sys=0.01, real=0.00 secs] 
7.537: [Full GC (Ergonomics) [PSYoungGen: 897K->0K(1536K)] [ParOldGen: 8102K->1961K(8192K)] 9000K->1961K(9728K), [Metaspace: 3328K->3328K(1056768K)], 0.0021424 secs] [Times: user=0.01 sys=0.00, real=0.00 secs] 
7.540: [Full GC (Ergonomics) [PSYoungGen: 898K->0K(1536K)] [ParOldGen: 8105K->1961K(8192K)] 9003K->1961K(9728K), [Metaspace: 3328K->3328K(1056768K)], 0.0021929 secs] [Times: user=0.00 sys=0.00, real=0.00 secs] 
7.543: [Full GC (Ergonomics) [PSYoungGen: 898K->0K(1536K)] [ParOldGen: 8107K->1962K(8192K)] 9006K->1962K(9728K), [Metaspace: 3328K->3328K(1056768K)], 0.0020308 secs] [Times: user=0.01 sys=0.00, real=0.00 secs] 
7.545: [Full GC (Ergonomics) [PSYoungGen: 898K->0K(1536K)] [ParOldGen: 8110K->1962K(8192K)] 9009K->1962K(9728K), [Metaspace: 3328K->3328K(1056768K)], 0.0022037 secs] [Times: user=0.00 sys=0.00, real=0.00 secs] 
7.548: [Full GC (Ergonomics) [PSYoungGen: 898K->0K(1536K)] [ParOldGen: 8112K->1962K(8192K)] 9011K->1962K(9728K), [Metaspace: 3328K->3328K(1056768K)], 0.0020725 secs] [Times: user=0.01 sys=0.00, real=0.00 secs] 
7.551: [Full GC (Ergonomics) [PSYoungGen: 899K->0K(1536K)] [ParOldGen: 8115K->1963K(8192K)] 9014K->1963K(9728K), [Metaspace: 3328K->3328K(1056768K)], 0.0021794 secs] [Times: user=0.00 sys=0.00, real=0.01 secs] 
7.554: [Full GC (Ergonomics) [PSYoungGen: 899K->0K(1536K)] [ParOldGen: 8118K->1963K(8192K)] 9017K->1963K(9728K), [Metaspace: 3328K->3328K(1056768K)], 0.0022265 secs] [Times: user=0.01 sys=0.00, real=0.00 secs] 
7.556: [Full GC (Ergonomics) [PSYoungGen: 899K->0K(1536K)] [ParOldGen: 8120K->1963K(8192K)] 9020K->1963K(9728K), [Metaspace: 3328K->3328K(1056768K)], 0.0027116 secs] [Times: user=0.01 sys=0.00, real=0.00 secs] 
7.560: [Full GC (Ergonomics) [PSYoungGen: 900K->0K(1536K)] [ParOldGen: 8123K->1964K(8192K)] 9023K->1964K(9728K), [Metaspace: 3328K->3328K(1056768K)], 0.0022162 secs] [Times: user=0.00 sys=0.00, real=0.00 secs] 
7.563: [Full GC (Ergonomics) [PSYoungGen: 900K->0K(1536K)] [ParOldGen: 8125K->1964K(8192K)] 9026K->1964K(9728K), [Metaspace: 3328K->3328K(1056768K)], 0.0022376 secs] [Times: user=0.01 sys=0.00, real=0.01 secs] 
7.565: [Full GC (Ergonomics) [PSYoungGen: 900K->0K(1536K)] [ParOldGen: 8128K->1964K(8192K)] 9029K->1964K(9728K), [Metaspace: 3328K->3328K(1056768K)], 0.0021960 secs] [Times: user=0.00 sys=0.00, real=0.00 secs] 
7.568: [Full GC (Ergonomics) [PSYoungGen: 901K->0K(1536K)] [ParOldGen: 8130K->1965K(8192K)] 9032K->1965K(9728K), [Metaspace: 3328K->3328K(1056768K)], 0.0021832 secs] [Times: user=0.01 sys=0.00, real=0.00 secs] 
7.571: [Full GC (Ergonomics) [PSYoungGen: 901K->0K(1536K)] [ParOldGen: 8133K->1965K(8192K)] 9035K->1965K(9728K), [Metaspace: 3328K->3328K(1056768K)], 0.0020705 secs] [Times: user=0.00 sys=0.00, real=0.01 secs] 
7.574: [Full GC (Ergonomics) [PSYoungGen: 901K->0K(1536K)] [ParOldGen: 8136K->1965K(8192K)] 9037K->1965K(9728K), [Metaspace: 3328K->3328K(1056768K)], 0.0027594 secs] [Times: user=0.01 sys=0.00, real=0.00 secs] 
7.577: [Full GC (Ergonomics) [PSYoungGen: 902K->0K(1536K)] [ParOldGen: 8138K->1966K(8192K)] 9040K->1966K(9728K), [Metaspace: 3328K->3328K(1056768K)], 0.0021890 secs] [Times: user=0.01 sys=0.00, real=0.00 secs] 
7.580: [Full GC (Ergonomics) [PSYoungGen: 902K->0K(1536K)] [ParOldGen: 8141K->1966K(8192K)] 9043K->1966K(9728K), [Metaspace: 3328K->3328K(1056768K)], 0.0020237 secs] [Times: user=0.00 sys=0.00, real=0.00 secs] 
7.582: [Full GC (Ergonomics) [PSYoungGen: 902K->0K(1536K)] [ParOldGen: 8143K->1966K(8192K)] 9046K->1966K(9728K), [Metaspace: 3328K->3328K(1056768K)], 0.0023914 secs] [Times: user=0.01 sys=0.00, real=0.01 secs] 
7.585: [Full GC (Ergonomics) [PSYoungGen: 903K->0K(1536K)] [ParOldGen: 8146K->1967K(8192K)] 9049K->1967K(9728K), [Metaspace: 3328K->3328K(1056768K)], 0.0027103 secs] [Times: user=0.00 sys=0.00, real=0.00 secs] 
7.589: [Full GC (Ergonomics) [PSYoungGen: 903K->0K(1536K)] [ParOldGen: 8148K->1967K(8192K)] 9052K->1967K(9728K), [Metaspace: 3328K->3328K(1056768K)], 0.0022324 secs] [Times: user=0.01 sys=0.00, real=0.00 secs] 
7.592: [Full GC (Ergonomics) [PSYoungGen: 903K->0K(1536K)] [ParOldGen: 8151K->1967K(8192K)] 9055K->1967K(9728K), [Metaspace: 3328K->3328K(1056768K)], 0.0021868 secs] [Times: user=0.00 sys=0.00, real=0.01 secs] 
7.594: [Full GC (Ergonomics) [PSYoungGen: 904K->0K(1536K)] [ParOldGen: 8153K->1968K(8192K)] 9058K->1968K(9728K), [Metaspace: 3328K->3328K(1056768K)], 0.0022732 secs] [Times: user=0.00 sys=0.00, real=0.00 secs] 
7.597: [Full GC (Ergonomics) [PSYoungGen: 904K->0K(1536K)] [ParOldGen: 8156K->1968K(8192K)] 9060K->1968K(9728K), [Metaspace: 3328K->3328K(1056768K)], 0.0020195 secs] [Times: user=0.01 sys=0.00, real=0.00 secs] 
7.600: [Full GC (Ergonomics) [PSYoungGen: 904K->0K(1536K)] [ParOldGen: 8159K->1968K(8192K)] 9063K->1968K(9728K), [Metaspace: 3328K->3328K(1056768K)], 0.0021402 secs] [Times: user=0.00 sys=0.00, real=0.00 secs] 
7.603: [Full GC (Ergonomics) [PSYoungGen: 905K->0K(1536K)] [ParOldGen: 8161K->1969K(8192K)] 9066K->1969K(9728K), [Metaspace: 3328K->3328K(1056768K)], 0.0020142 secs] [Times: user=0.01 sys=0.00, real=0.01 secs] 
7.605: [Full GC (Ergonomics) [PSYoungGen: 905K->0K(1536K)] [ParOldGen: 8164K->1969K(8192K)] 9069K->1969K(9728K), [Metaspace: 3328K->3328K(1056768K)], 0.0022341 secs] [Times: user=0.00 sys=0.00, real=0.00 secs] 
7.608: [Full GC (Ergonomics) [PSYoungGen: 905K->0K(1536K)] [ParOldGen: 8166K->1969K(8192K)] 9072K->1969K(9728K), [Metaspace: 3328K->3328K(1056768K)], 0.0021297 secs] [Times: user=0.01 sys=0.00, real=0.00 secs] 
7.611: [Full GC (Ergonomics) [PSYoungGen: 906K->0K(1536K)] [ParOldGen: 8169K->1969K(8192K)] 9075K->1969K(9728K), [Metaspace: 3328K->3328K(1056768K)], 0.0022833 secs] [Times: user=0.00 sys=0.00, real=0.01 secs] 
7.614: [Full GC (Ergonomics) [PSYoungGen: 906K->0K(1536K)] [ParOldGen: 8171K->1970K(8192K)] 9078K->1970K(9728K), [Metaspace: 3328K->3328K(1056768K)], 0.0021665 secs] [Times: user=0.01 sys=0.00, real=0.00 secs] 
7.616: [Full GC (Ergonomics) [PSYoungGen: 906K->0K(1536K)] [ParOldGen: 8174K->1970K(8192K)] 9081K->1970K(9728K), [Metaspace: 3328K->3328K(1056768K)], 0.0021230 secs] [Times: user=0.00 sys=0.00, real=0.00 secs] 
7.619: [Full GC (Ergonomics) [PSYoungGen: 906K->0K(1536K)] [ParOldGen: 8177K->1970K(8192K)] 9084K->1970K(9728K), [Metaspace: 3328K->3328K(1056768K)], 0.0020468 secs] [Times: user=0.01 sys=0.00, real=0.00 secs] 
7.622: [Full GC (Ergonomics) [PSYoungGen: 907K->0K(1536K)] [ParOldGen: 8179K->1971K(8192K)] 9086K->1971K(9728K), [Metaspace: 3328K->3328K(1056768K)], 0.0021600 secs] [Times: user=0.00 sys=0.00, real=0.01 secs] 
7.625: [Full GC (Ergonomics) [PSYoungGen: 907K->0K(1536K)] [ParOldGen: 8182K->1971K(8192K)] 9089K->1971K(9728K), [Metaspace: 3328K->3328K(1056768K)], 0.0021593 secs] [Times: user=0.00 sys=0.00, real=0.00 secs] 
7.627: [Full GC (Ergonomics) [PSYoungGen: 907K->0K(1536K)] [ParOldGen: 8184K->1971K(8192K)] 9092K->1971K(9728K), [Metaspace: 3328K->3328K(1056768K)], 0.0020224 secs] [Times: user=0.01 sys=0.00, real=0.00 secs] 
7.630: [Full GC (Ergonomics) [PSYoungGen: 908K->0K(1536K)] [ParOldGen: 8187K->1972K(8192K)] 9095K->1972K(9728K), [Metaspace: 3328K->3328K(1056768K)], 0.0020154 secs] [Times: user=0.00 sys=0.00, real=0.00 secs] 
7.633: [Full GC (Ergonomics) [PSYoungGen: 908K->0K(1536K)] [ParOldGen: 8189K->1972K(8192K)] 9098K->1972K(9728K), [Metaspace: 3328K->3328K(1056768K)], 0.0025271 secs] [Times: user=0.01 sys=0.00, real=0.01 secs] 
7.636: [GC (Allocation Failure) [PSYoungGen: 908K->32K(1536K)] 8212K->7335K(9728K), 0.0008313 secs] [Times: user=0.00 sys=0.00, real=0.00 secs] 
7.637: [GC (Allocation Failure) --[PSYoungGen: 941K->941K(1536K)] 8244K->8244K(9728K), 0.0007959 secs] [Times: user=0.00 sys=0.00, real=0.00 secs] 
7.638: [Full GC (Ergonomics) [PSYoungGen: 941K->0K(1536K)] [ParOldGen: 7303K->1972K(8192K)] 8244K->1972K(9728K), [Metaspace: 3328K->3328K(1056768K)], 0.0025271 secs] [Times: user=0.01 sys=0.00, real=0.00 secs] 
7.641: [GC (Allocation Failure) [PSYoungGen: 909K->32K(1536K)] 8214K->7337K(9728K), 0.0008339 secs] [Times: user=0.00 sys=0.00, real=0.00 secs] 
7.642: [GC (Allocation Failure) --[PSYoungGen: 941K->941K(1536K)] 8247K->8247K(9728K), 0.0007857 secs] [Times: user=0.00 sys=0.00, real=0.00 secs] 
7.642: [Full GC (Ergonomics) [PSYoungGen: 941K->0K(1536K)] [ParOldGen: 7305K->1973K(8192K)] 8247K->1973K(9728K), [Metaspace: 3328K->3328K(1056768K)], 0.0021494 secs] [Times: user=0.01 sys=0.00, real=0.01 secs] 
7.645: [GC (Allocation Failure) [PSYoungGen: 909K->32K(1536K)] 8217K->7340K(9728K), 0.0008508 secs] [Times: user=0.00 sys=0.00, real=0.00 secs] 
7.646: [GC (Allocation Failure) --[PSYoungGen: 941K->941K(1536K)] 8249K->8249K(9728K), 0.0007905 secs] [Times: user=0.00 sys=0.00, real=0.00 secs] 
7.647: [Full GC (Ergonomics) [PSYoungGen: 941K->0K(1536K)] [ParOldGen: 7308K->1973K(8192K)] 8249K->1973K(9728K), [Metaspace: 3328K->3328K(1056768K)], 0.0023180 secs] [Times: user=0.01 sys=0.00, real=0.00 secs] 
7.650: [GC (Allocation Failure) [PSYoungGen: 909K->32K(1536K)] 8220K->7342K(9728K), 0.0008343 secs] [Times: user=0.00 sys=0.00, real=0.00 secs] 
7.651: [GC (Allocation Failure) --[PSYoungGen: 942K->942K(1536K)] 8252K->8252K(9728K), 0.0007724 secs] [Times: user=0.00 sys=0.00, real=0.00 secs] 
7.652: [Full GC (Ergonomics) [PSYoungGen: 942K->0K(1536K)] [ParOldGen: 7310K->1973K(8192K)] 8252K->1973K(9728K), [Metaspace: 3328K->3328K(1056768K)], 0.0020921 secs] [Times: user=0.01 sys=0.00, real=0.01 secs] 
7.654: [GC (Allocation Failure) [PSYoungGen: 909K->32K(1536K)] 8222K->7344K(9728K), 0.0008353 secs] [Times: user=0.00 sys=0.01, real=0.00 secs] 
7.655: [GC (Allocation Failure) --[PSYoungGen: 942K->942K(1536K)] 8255K->8255K(9728K), 0.0008011 secs] [Times: user=0.00 sys=0.00, real=0.00 secs] 
7.656: [Full GC (Ergonomics) [PSYoungGen: 942K->0K(1536K)] [ParOldGen: 7312K->1974K(8192K)] 8255K->1974K(9728K), [Metaspace: 3328K->3328K(1056768K)], 0.0022952 secs] [Times: user=0.00 sys=0.00, real=0.00 secs] 
7.659: [GC (Allocation Failure) [PSYoungGen: 910K->32K(1536K)] 8225K->7346K(9728K), 0.0008459 secs] [Times: user=0.00 sys=0.00, real=0.00 secs] 
7.660: [GC (Allocation Failure) --[PSYoungGen: 942K->942K(1536K)] 8257K->8257K(9728K), 0.0007925 secs] [Times: user=0.00 sys=0.00, real=0.00 secs] 
7.661: [Full GC (Ergonomics) [PSYoungGen: 942K->0K(1536K)] [ParOldGen: 7314K->1974K(8192K)] 8257K->1974K(9728K), [Metaspace: 3328K->3328K(1056768K)], 0.0021703 secs] [Times: user=0.00 sys=0.00, real=0.01 secs] 
7.663: [GC (Allocation Failure) [PSYoungGen: 910K->32K(1536K)] 8227K->7349K(9728K), 0.0008260 secs] [Times: user=0.01 sys=0.00, real=0.00 secs] 
7.664: [GC (Allocation Failure) --[PSYoungGen: 943K->943K(1536K)] 8260K->8260K(9728K), 0.0007963 secs] [Times: user=0.00 sys=0.00, real=0.00 secs] 
7.665: [Full GC (Ergonomics) [PSYoungGen: 943K->0K(1536K)] [ParOldGen: 7317K->1974K(8192K)] 8260K->1974K(9728K), [Metaspace: 3328K->3328K(1056768K)], 0.0023028 secs] [Times: user=0.00 sys=0.00, real=0.00 secs] 
7.668: [GC (Allocation Failure) [PSYoungGen: 910K->32K(1536K)] 8230K->7351K(9728K), 0.0008296 secs] [Times: user=0.01 sys=0.00, real=0.00 secs] 
7.669: [GC (Allocation Failure) --[PSYoungGen: 943K->943K(1536K)] 8262K->8262K(9728K), 0.0007835 secs] [Times: user=0.00 sys=0.00, real=0.00 secs] 
7.670: [Full GC (Ergonomics) [PSYoungGen: 943K->0K(1536K)] [ParOldGen: 7319K->1975K(8192K)] 8262K->1975K(9728K), [Metaspace: 3328K->3328K(1056768K)], 0.0024774 secs] [Times: user=0.00 sys=0.00, real=0.00 secs] 
7.673: [GC (Allocation Failure) [PSYoungGen: 911K->32K(1536K)] 8232K->7353K(9728K), 0.0004139 secs] [Times: user=0.01 sys=0.00, real=0.00 secs] 
7.673: [GC (Allocation Failure) --[PSYoungGen: 943K->943K(1536K)] 8265K->8265K(9728K), 0.0008002 secs] [Times: user=0.00 sys=0.00, real=0.00 secs] 
7.674: [Full GC (Ergonomics) [PSYoungGen: 943K->0K(1536K)] [ParOldGen: 7321K->1975K(8192K)] 8265K->1975K(9728K), [Metaspace: 3328K->3328K(1056768K)], 0.0021073 secs] [Times: user=0.00 sys=0.00, real=0.00 secs] 
7.677: [GC (Allocation Failure) [PSYoungGen: 911K->32K(1536K)] 8235K->7355K(9728K), 0.0008384 secs] [Times: user=0.00 sys=0.00, real=0.00 secs] 
7.678: [GC (Allocation Failure) --[PSYoungGen: 943K->943K(1536K)] 8267K->8267K(9728K), 0.0005986 secs] [Times: user=0.01 sys=0.00, real=0.00 secs] 
7.678: [Full GC (Ergonomics) [PSYoungGen: 943K->0K(1536K)] [ParOldGen: 7323K->1975K(8192K)] 8267K->1975K(9728K), [Metaspace: 3328K->3328K(1056768K)], 0.0022245 secs] [Times: user=0.00 sys=0.00, real=0.00 secs] 
7.681: [GC (Allocation Failure) [PSYoungGen: 911K->32K(1536K)] 8237K->7358K(9728K), 0.0008152 secs] [Times: user=0.00 sys=0.00, real=0.00 secs] 
7.682: [GC (Allocation Failure) --[PSYoungGen: 944K->944K(1536K)] 8270K->8270K(9728K), 0.0008109 secs] [Times: user=0.01 sys=0.00, real=0.01 secs] 
7.683: [Full GC (Ergonomics) [PSYoungGen: 944K->0K(1536K)] [ParOldGen: 7326K->1976K(8192K)] 8270K->1976K(9728K), [Metaspace: 3328K->3328K(1056768K)], 0.0025754 secs] [Times: user=0.00 sys=0.00, real=0.00 secs] 
7.688: [GC (Allocation Failure) [PSYoungGen: 912K->32K(1536K)] 8240K->7360K(9728K), 0.0008598 secs] [Times: user=0.00 sys=0.00, real=0.00 secs] 
7.689: [GC (Allocation Failure) --[PSYoungGen: 944K->944K(1536K)] 8272K->8272K(9728K), 0.0005492 secs] [Times: user=0.01 sys=0.00, real=0.00 secs] 
7.690: [Full GC (Ergonomics) [PSYoungGen: 944K->0K(1536K)] [ParOldGen: 7328K->1976K(8192K)] 8272K->1976K(9728K), [Metaspace: 3328K->3328K(1056768K)], 0.0040412 secs] [Times: user=0.00 sys=0.00, real=0.01 secs] 
7.694: [GC (Allocation Failure) [PSYoungGen: 912K->32K(1536K)] 8243K->7362K(9728K), 0.0008622 secs] [Times: user=0.01 sys=0.00, real=0.00 secs] 
7.695: [GC (Allocation Failure) --[PSYoungGen: 944K->944K(1536K)] 8275K->8275K(9728K), 0.0003484 secs] [Times: user=0.00 sys=0.00, real=0.00 secs] 
7.696: [Full GC (Ergonomics) [PSYoungGen: 944K->0K(1536K)] [ParOldGen: 7330K->1976K(8192K)] 8275K->1976K(9728K), [Metaspace: 3328K->3328K(1056768K)], 0.0021422 secs] [Times: user=0.00 sys=0.00, real=0.00 secs] 
7.698: [GC (Allocation Failure) [PSYoungGen: 912K->32K(1536K)] 8245K->7364K(9728K), 0.0008346 secs] [Times: user=0.00 sys=0.00, real=0.00 secs] 
7.699: [GC (Allocation Failure) --[PSYoungGen: 945K->945K(1536K)] 8278K->8278K(9728K), 0.0008230 secs] [Times: user=0.01 sys=0.00, real=0.00 secs] 
7.700: [Full GC (Ergonomics) [PSYoungGen: 945K->0K(1536K)] [ParOldGen: 7332K->1977K(8192K)] 8278K->1977K(9728K), [Metaspace: 3328K->3328K(1056768K)], 0.0024626 secs] [Times: user=0.00 sys=0.00, real=0.00 secs] 
7.703: [GC (Allocation Failure) [PSYoungGen: 913K->32K(1536K)] 8248K->7367K(9728K), 0.0003845 secs] [Times: user=0.00 sys=0.00, real=0.00 secs] 
7.704: [GC (Allocation Failure) --[PSYoungGen: 945K->945K(1536K)] 8280K->8280K(9728K), 0.0008298 secs] [Times: user=0.00 sys=0.00, real=0.00 secs] 
7.705: [Full GC (Ergonomics) [PSYoungGen: 945K->0K(1536K)] [ParOldGen: 7335K->1977K(8192K)] 8280K->1977K(9728K), [Metaspace: 3328K->3328K(1056768K)], 0.0023842 secs] [Times: user=0.01 sys=0.00, real=0.00 secs] 
7.707: [GC (Allocation Failure) [PSYoungGen: 913K->32K(1536K)] 8250K->7369K(9728K), 0.0008289 secs] [Times: user=0.00 sys=0.00, real=0.00 secs] 
7.708: [GC (Allocation Failure) --[PSYoungGen: 945K->945K(1536K)] 8283K->8283K(9728K), 0.0007921 secs] [Times: user=0.00 sys=0.00, real=0.00 secs] 
7.709: [Full GC (Ergonomics) [PSYoungGen: 945K->0K(1536K)] [ParOldGen: 7337K->1977K(8192K)] 8283K->1977K(9728K), [Metaspace: 3328K->3328K(1056768K)], 0.0020111 secs] [Times: user=0.01 sys=0.00, real=0.00 secs] 
7.712: [GC (Allocation Failure) [PSYoungGen: 913K->32K(1536K)] 8253K->7371K(9728K), 0.0008392 secs] [Times: user=0.00 sys=0.00, real=0.00 secs] 
7.713: [GC (Allocation Failure) --[PSYoungGen: 946K->946K(1536K)] 8285K->8285K(9728K), 0.0008138 secs] [Times: user=0.00 sys=0.00, real=0.00 secs] 
7.714: [Full GC (Ergonomics) [PSYoungGen: 946K->0K(1536K)] [ParOldGen: 7339K->1977K(8192K)] 8285K->1977K(9728K), [Metaspace: 3328K->3328K(1056768K)], 0.0020808 secs] [Times: user=0.01 sys=0.00, real=0.00 secs] 
7.716: [GC (Allocation Failure) [PSYoungGen: 914K->32K(1536K)] 8255K->7373K(9728K), 0.0008657 secs] [Times: user=0.00 sys=0.00, real=0.00 secs] 
7.717: [GC (Allocation Failure) --[PSYoungGen: 946K->946K(1536K)] 8288K->8288K(9728K), 0.0008001 secs] [Times: user=0.00 sys=0.00, real=0.00 secs] 
7.718: [Full GC (Ergonomics) [PSYoungGen: 946K->0K(1536K)] [ParOldGen: 7341K->1978K(8192K)] 8288K->1978K(9728K), [Metaspace: 3328K->3328K(1056768K)], 0.0023342 secs] [Times: user=0.01 sys=0.00, real=0.00 secs] 
7.721: [GC (Allocation Failure) [PSYoungGen: 914K->32K(1536K)] 8258K->7376K(9728K), 0.0008346 secs] [Times: user=0.00 sys=0.00, real=0.00 secs] 
7.722: [GC (Allocation Failure) --[PSYoungGen: 946K->946K(1536K)] 8290K->8290K(9728K), 0.0007977 secs] [Times: user=0.00 sys=0.00, real=0.01 secs] 
7.723: [Full GC (Ergonomics) [PSYoungGen: 946K->0K(1536K)] [ParOldGen: 7344K->1978K(8192K)] 8290K->1978K(9728K), [Metaspace: 3328K->3328K(1056768K)], 0.0023094 secs] [Times: user=0.01 sys=0.00, real=0.00 secs] 
7.726: [GC (Allocation Failure) [PSYoungGen: 914K->32K(1536K)] 8260K->7378K(9728K), 0.0003030 secs] [Times: user=0.00 sys=0.00, real=0.00 secs] 
7.726: [GC (Allocation Failure) --[PSYoungGen: 947K->947K(1536K)] 8293K->8293K(9728K), 0.0007891 secs] [Times: user=0.00 sys=0.00, real=0.00 secs] 
7.727: [Full GC (Ergonomics) [PSYoungGen: 947K->0K(1536K)] [ParOldGen: 7346K->1978K(8192K)] 8293K->1978K(9728K), [Metaspace: 3328K->3328K(1056768K)], 0.0025365 secs] [Times: user=0.01 sys=0.00, real=0.00 secs] 
7.730: [GC (Allocation Failure) [PSYoungGen: 915K->32K(1536K)] 8263K->7380K(9728K), 0.0008346 secs] [Times: user=0.00 sys=0.00, real=0.00 secs] 
7.731: [GC (Allocation Failure) --[PSYoungGen: 947K->947K(1536K)] 8296K->8296K(9728K), 0.0008003 secs] [Times: user=0.00 sys=0.00, real=0.00 secs] 
7.732: [Full GC (Ergonomics) [PSYoungGen: 947K->0K(1536K)] [ParOldGen: 7348K->1979K(8192K)] 8296K->1979K(9728K), [Metaspace: 3328K->3328K(1056768K)], 0.0023296 secs] [Times: user=0.01 sys=0.00, real=0.01 secs] 
7.735: [GC (Allocation Failure) [PSYoungGen: 915K->32K(1536K)] 8266K->7382K(9728K), 0.0006552 secs] [Times: user=0.00 sys=0.00, real=0.00 secs] 
7.736: [GC (Allocation Failure) --[PSYoungGen: 947K->947K(1536K)] 8298K->8298K(9728K), 0.0003070 secs] [Times: user=0.00 sys=0.00, real=0.00 secs] 
7.736: [Full GC (Ergonomics) [PSYoungGen: 947K->0K(1536K)] [ParOldGen: 7350K->1979K(8192K)] 8298K->1979K(9728K), [Metaspace: 3328K->3328K(1056768K)], 0.0023939 secs] [Times: user=0.00 sys=0.00, real=0.00 secs] 
7.739: [GC (Allocation Failure) [PSYoungGen: 915K->32K(1536K)] 8268K->7384K(9728K), 0.0008197 secs] [Times: user=0.01 sys=0.00, real=0.00 secs] 
7.740: [GC (Allocation Failure) --[PSYoungGen: 948K->948K(1536K)] 8301K->8301K(9728K), 0.0007973 secs] [Times: user=0.00 sys=0.00, real=0.00 secs] 
7.741: [Full GC (Ergonomics) [PSYoungGen: 948K->0K(1536K)] [ParOldGen: 7352K->1979K(8192K)] 8301K->1979K(9728K), [Metaspace: 3328K->3328K(1056768K)], 0.0023371 secs] [Times: user=0.00 sys=0.00, real=0.01 secs] 
7.743: [GC (Allocation Failure) [PSYoungGen: 916K->32K(1536K)] 8271K->7387K(9728K), 0.0003298 secs] [Times: user=0.00 sys=0.00, real=0.00 secs] 
7.744: [GC (Allocation Failure) --[PSYoungGen: 948K->948K(1536K)] 8303K->8303K(9728K), 0.0007743 secs] [Times: user=0.01 sys=0.00, real=0.00 secs] 
7.745: [Full GC (Ergonomics) [PSYoungGen: 948K->0K(1536K)] [ParOldGen: 7355K->1980K(8192K)] 8303K->1980K(9728K), [Metaspace: 3328K->3328K(1056768K)], 0.0020477 secs] [Times: user=0.00 sys=0.00, real=0.00 secs] 
7.747: [GC (Allocation Failure) [PSYoungGen: 916K->32K(1536K)] 8273K->7389K(9728K), 0.0008281 secs] [Times: user=0.00 sys=0.00, real=0.00 secs] 
7.748: [GC (Allocation Failure) --[PSYoungGen: 948K->948K(1536K)] 8306K->8306K(9728K), 0.0008030 secs] [Times: user=0.01 sys=0.00, real=0.00 secs] 
7.749: [Full GC (Ergonomics) [PSYoungGen: 948K->0K(1536K)] [ParOldGen: 7357K->1980K(8192K)] 8306K->1980K(9728K), [Metaspace: 3328K->3328K(1056768K)], 0.0022842 secs] [Times: user=0.00 sys=0.00, real=0.00 secs] 
7.752: [GC (Allocation Failure) [PSYoungGen: 916K->32K(1536K)] 8276K->7391K(9728K), 0.0003565 secs] [Times: user=0.00 sys=0.00, real=0.00 secs] 
7.752: [GC (Allocation Failure) --[PSYoungGen: 949K->949K(1536K)] 8308K->8308K(9728K), 0.0008326 secs] [Times: user=0.00 sys=0.00, real=0.01 secs] 
7.753: [Full GC (Ergonomics) [PSYoungGen: 949K->0K(1536K)] [ParOldGen: 7359K->1980K(8192K)] 8308K->1980K(9728K), [Metaspace: 3328K->3328K(1056768K)], 0.0021688 secs] [Times: user=0.01 sys=0.00, real=0.00 secs] 
7.756: [GC (Allocation Failure) [PSYoungGen: 916K->32K(1536K)] 8278K->7393K(9728K), 0.0008655 secs] [Times: user=0.00 sys=0.00, real=0.00 secs] 
7.757: [GC (Allocation Failure) --[PSYoungGen: 949K->949K(1536K)] 8311K->8311K(9728K), 0.0007896 secs] [Times: user=0.00 sys=0.00, real=0.00 secs] 
7.758: [Full GC (Ergonomics) [PSYoungGen: 949K->0K(1536K)] [ParOldGen: 7361K->1981K(8192K)] 8311K->1981K(9728K), [Metaspace: 3328K->3328K(1056768K)], 0.0027821 secs] [Times: user=0.01 sys=0.00, real=0.00 secs] 
7.761: [GC (Allocation Failure) [PSYoungGen: 917K->32K(1536K)] 8281K->7396K(9728K), 0.0003299 secs] [Times: user=0.00 sys=0.00, real=0.00 secs] 
7.762: [GC (Allocation Failure) --[PSYoungGen: 949K->949K(1536K)] 8313K->8313K(9728K), 0.0008070 secs] [Times: user=0.00 sys=0.00, real=0.00 secs] 
7.763: [Full GC (Ergonomics) [PSYoungGen: 949K->0K(1536K)] [ParOldGen: 7364K->1981K(8192K)] 8313K->1981K(9728K), [Metaspace: 3328K->3328K(1056768K)], 0.0023234 secs] [Times: user=0.01 sys=0.00, real=0.01 secs] 
7.765: [GC (Allocation Failure) [PSYoungGen: 917K->32K(1536K)] 8284K->7398K(9728K), 0.0008536 secs] [Times: user=0.00 sys=0.00, real=0.00 secs] 
7.767: [GC (Allocation Failure) --[PSYoungGen: 950K->950K(1536K)] 8316K->8316K(9728K), 0.0008156 secs] [Times: user=0.00 sys=0.00, real=0.00 secs] 
7.767: [Full GC (Ergonomics) [PSYoungGen: 950K->0K(1536K)] [ParOldGen: 7366K->1981K(8192K)] 8316K->1981K(9728K), [Metaspace: 3328K->3328K(1056768K)], 0.0024732 secs] [Times: user=0.01 sys=0.00, real=0.00 secs] 
7.770: [GC (Allocation Failure) [PSYoungGen: 917K->32K(1536K)] 8286K->7400K(9728K), 0.0008333 secs] [Times: user=0.00 sys=0.00, real=0.00 secs] 
7.771: [GC (Allocation Failure) --[PSYoungGen: 950K->950K(1536K)] 8319K->8319K(9728K), 0.0008043 secs] [Times: user=0.00 sys=0.00, real=0.00 secs] 
7.772: [Full GC (Ergonomics) [PSYoungGen: 950K->0K(1536K)] [ParOldGen: 7368K->1982K(8192K)] 8319K->1982K(9728K), [Metaspace: 3328K->3328K(1056768K)], 0.0023553 secs] [Times: user=0.01 sys=0.00, real=0.01 secs] 
7.775: [GC (Allocation Failure) [PSYoungGen: 918K->32K(1536K)] 8289K->7402K(9728K), 0.0008420 secs] [Times: user=0.00 sys=0.00, real=0.00 secs] 
7.776: [GC (Allocation Failure) --[PSYoungGen: 950K->950K(1536K)] 8321K->8321K(9728K), 0.0008386 secs] [Times: user=0.00 sys=0.00, real=0.00 secs] 
7.777: [Full GC (Ergonomics) [PSYoungGen: 950K->0K(1536K)] [ParOldGen: 7370K->1982K(8192K)] 8321K->1982K(9728K), [Metaspace: 3328K->3328K(1056768K)], 0.0025244 secs] [Times: user=0.01 sys=0.00, real=0.00 secs] 
7.780: [GC (Allocation Failure) [PSYoungGen: 918K->32K(1536K)] 8291K->7405K(9728K), 0.0008138 secs] [Times: user=0.00 sys=0.00, real=0.00 secs] 
7.781: [GC (Allocation Failure) --[PSYoungGen: 951K->951K(1536K)] 8324K->8324K(9728K), 0.0007962 secs] [Times: user=0.00 sys=0.00, real=0.00 secs] 
7.782: [Full GC (Ergonomics) [PSYoungGen: 951K->0K(1536K)] [ParOldGen: 7373K->1982K(8192K)] 8324K->1982K(9728K), [Metaspace: 3328K->3328K(1056768K)], 0.0025355 secs] [Times: user=0.01 sys=0.00, real=0.01 secs] 
7.785: [GC (Allocation Failure) [PSYoungGen: 918K->32K(1536K)] 8294K->7407K(9728K), 0.0008317 secs] [Times: user=0.00 sys=0.00, real=0.00 secs] 
7.786: [GC (Allocation Failure) --[PSYoungGen: 951K->951K(1536K)] 8326K->8326K(9728K), 0.0008057 secs] [Times: user=0.00 sys=0.00, real=0.00 secs] 
7.787: [Full GC (Ergonomics) [PSYoungGen: 951K->0K(1536K)] [ParOldGen: 7375K->1983K(8192K)] 8326K->1983K(9728K), [Metaspace: 3328K->3328K(1056768K)], 0.0021517 secs] [Times: user=0.01 sys=0.00, real=0.00 secs] 
7.789: [GC (Allocation Failure) [PSYoungGen: 919K->32K(1536K)] 8296K->7409K(9728K), 0.0008379 secs] [Times: user=0.00 sys=0.00, real=0.00 secs] 
7.790: [GC (Allocation Failure) --[PSYoungGen: 951K->951K(1536K)] 8329K->8329K(9728K), 0.0008063 secs] [Times: user=0.00 sys=0.00, real=0.00 secs] 
7.791: [Full GC (Ergonomics) [PSYoungGen: 951K->0K(1536K)] [ParOldGen: 7377K->1983K(8192K)] 8329K->1983K(9728K), [Metaspace: 3328K->3328K(1056768K)], 0.0025105 secs] [Times: user=0.01 sys=0.00, real=0.01 secs] 
7.794: [GC (Allocation Failure) [PSYoungGen: 919K->32K(1536K)] 8299K->7411K(9728K), 0.0003144 secs] [Times: user=0.00 sys=0.00, real=0.00 secs] 
7.795: [GC (Allocation Failure) --[PSYoungGen: 951K->951K(1536K)] 8331K->8331K(9728K), 0.0007863 secs] [Times: user=0.00 sys=0.00, real=0.00 secs] 
7.796: [Full GC (Ergonomics) [PSYoungGen: 951K->0K(1536K)] [ParOldGen: 7379K->1983K(8192K)] 8331K->1983K(9728K), [Metaspace: 3328K->3328K(1056768K)], 0.0022517 secs] [Times: user=0.00 sys=0.00, real=0.00 secs] 
7.798: [GC (Allocation Failure) [PSYoungGen: 919K->32K(1536K)] 8301K->7414K(9728K), 0.0008480 secs] [Times: user=0.00 sys=0.00, real=0.00 secs] 
7.799: [GC (Allocation Failure) --[PSYoungGen: 952K->952K(1536K)] 8334K->8334K(9728K), 0.0008325 secs] [Times: user=0.00 sys=0.00, real=0.00 secs] 
7.800: [Full GC (Ergonomics) [PSYoungGen: 952K->0K(1536K)] [ParOldGen: 7382K->1984K(8192K)] 8334K->1984K(9728K), [Metaspace: 3328K->3328K(1056768K)], 0.0021458 secs] [Times: user=0.00 sys=0.00, real=0.00 secs] 
7.803: [GC (Allocation Failure) [PSYoungGen: 920K->32K(1536K)] 8304K->7416K(9728K), 0.0008962 secs] [Times: user=0.01 sys=0.00, real=0.00 secs] 
7.804: [GC (Allocation Failure) --[PSYoungGen: 952K->952K(1536K)] 8337K->8337K(9728K), 0.0008868 secs] [Times: user=0.00 sys=0.00, real=0.00 secs] 
7.805: [Full GC (Ergonomics) [PSYoungGen: 952K->0K(1536K)] [ParOldGen: 7384K->1984K(8192K)] 8337K->1984K(9728K), [Metaspace: 3328K->3328K(1056768K)], 0.0023258 secs] [Times: user=0.00 sys=0.00, real=0.00 secs] 
7.808: [GC (Allocation Failure) [PSYoungGen: 920K->32K(1536K)] 8307K->7418K(9728K), 0.0003072 secs] [Times: user=0.00 sys=0.00, real=0.00 secs] 
7.808: [GC (Allocation Failure) --[PSYoungGen: 952K->952K(1536K)] 8339K->8339K(9728K), 0.0008054 secs] [Times: user=0.01 sys=0.00, real=0.00 secs] 
7.809: [Full GC (Ergonomics) [PSYoungGen: 952K->0K(1536K)] [ParOldGen: 7386K->1984K(8192K)] 8339K->1984K(9728K), [Metaspace: 3328K->3328K(1056768K)], 0.0022363 secs] [Times: user=0.00 sys=0.00, real=0.00 secs] 
7.812: [GC (Allocation Failure) [PSYoungGen: 920K->32K(1536K)] 8309K->7420K(9728K), 0.0003050 secs] [Times: user=0.00 sys=0.00, real=0.00 secs] 
7.812: [GC (Allocation Failure) --[PSYoungGen: 953K->953K(1536K)] 8342K->8342K(9728K), 0.0008050 secs] [Times: user=0.00 sys=0.00, real=0.01 secs] 
7.813: [Full GC (Ergonomics) [PSYoungGen: 953K->0K(1536K)] [ParOldGen: 7388K->1985K(8192K)] 8342K->1985K(9728K), [Metaspace: 3328K->3328K(1056768K)], 0.0021630 secs] [Times: user=0.01 sys=0.00, real=0.00 secs] 
7.816: [GC (Allocation Failure) [PSYoungGen: 921K->32K(1536K)] 8312K->7423K(9728K), 0.0008625 secs] [Times: user=0.00 sys=0.00, real=0.00 secs] 
7.817: [GC (Allocation Failure) --[PSYoungGen: 953K->953K(1536K)] 8344K->8344K(9728K), 0.0008379 secs] [Times: user=0.00 sys=0.00, real=0.00 secs] 
7.818: [Full GC (Ergonomics) [PSYoungGen: 953K->0K(1536K)] [ParOldGen: 7391K->1985K(8192K)] 8344K->1985K(9728K), [Metaspace: 3328K->3328K(1056768K)], 0.0025363 secs] [Times: user=0.01 sys=0.00, real=0.00 secs] 
7.821: [GC (Allocation Failure) [PSYoungGen: 921K->32K(1536K)] 8314K->7425K(9728K), 0.0008356 secs] [Times: user=0.00 sys=0.00, real=0.00 secs] 
7.822: [GC (Allocation Failure) --[PSYoungGen: 953K->953K(1536K)] 8347K->8347K(9728K), 0.0007940 secs] [Times: user=0.00 sys=0.00, real=0.01 secs] 
7.823: [Full GC (Ergonomics) [PSYoungGen: 953K->0K(1536K)] [ParOldGen: 7393K->1985K(8192K)] 8347K->1985K(9728K), [Metaspace: 3328K->3328K(1056768K)], 0.0021478 secs] [Times: user=0.01 sys=0.00, real=0.00 secs] 
7.825: [GC (Allocation Failure) [PSYoungGen: 921K->32K(1536K)] 8317K->7427K(9728K), 0.0008735 secs] [Times: user=0.00 sys=0.00, real=0.00 secs] 
7.826: [GC (Allocation Failure) --[PSYoungGen: 954K->954K(1536K)] 8349K->8349K(9728K), 0.0007918 secs] [Times: user=0.00 sys=0.00, real=0.00 secs] 
7.827: [Full GC (Ergonomics) [PSYoungGen: 954K->0K(1536K)] [ParOldGen: 7395K->1985K(8192K)] 8349K->1985K(9728K), [Metaspace: 3328K->3328K(1056768K)], 0.0023588 secs] [Times: user=0.01 sys=0.00, real=0.00 secs] 
7.830: [GC (Allocation Failure) [PSYoungGen: 922K->32K(1536K)] 8319K->7429K(9728K), 0.0006587 secs] [Times: user=0.00 sys=0.00, real=0.00 secs] 
7.831: [GC (Allocation Failure) --[PSYoungGen: 954K->954K(1536K)] 8352K->8352K(9728K), 0.0007947 secs] [Times: user=0.00 sys=0.00, real=0.00 secs] 
7.832: [Full GC (Ergonomics) [PSYoungGen: 954K->0K(1536K)] [ParOldGen: 7397K->1986K(8192K)] 8352K->1986K(9728K), [Metaspace: 3328K->3328K(1056768K)], 0.0023643 secs] [Times: user=0.01 sys=0.00, real=0.01 secs] 
7.835: [GC (Allocation Failure) [PSYoungGen: 922K->32K(1536K)] 8322K->7432K(9728K), 0.0003206 secs] [Times: user=0.00 sys=0.01, real=0.00 secs] 
7.835: [GC (Allocation Failure) --[PSYoungGen: 954K->954K(1536K)] 8354K->8354K(9728K), 0.0008088 secs] [Times: user=0.00 sys=0.00, real=0.00 secs] 
7.836: [Full GC (Ergonomics) [PSYoungGen: 954K->0K(1536K)] [ParOldGen: 7400K->1986K(8192K)] 8354K->1986K(9728K), [Metaspace: 3328K->3328K(1056768K)], 0.0020103 secs] [Times: user=0.00 sys=0.00, real=0.00 secs] 
7.839: [GC (Allocation Failure) [PSYoungGen: 922K->32K(1536K)] 8325K->7434K(9728K), 0.0003297 secs] [Times: user=0.00 sys=0.00, real=0.00 secs] 
7.839: [GC (Allocation Failure) --[PSYoungGen: 955K->955K(1536K)] 8357K->8357K(9728K), 0.0007911 secs] [Times: user=0.00 sys=0.00, real=0.00 secs] 
7.840: [Full GC (Ergonomics) [PSYoungGen: 955K->0K(1536K)] [ParOldGen: 7402K->1986K(8192K)] 8357K->1986K(9728K), [Metaspace: 3328K->3328K(1056768K)], 0.0023342 secs] [Times: user=0.00 sys=0.00, real=0.00 secs] 
7.843: [GC (Allocation Failure) [PSYoungGen: 923K->32K(1536K)] 8327K->7436K(9728K), 0.0008343 secs] [Times: user=0.01 sys=0.00, real=0.00 secs] 
7.844: [GC (Allocation Failure) --[PSYoungGen: 955K->955K(1536K)] 8360K->8360K(9728K), 0.0007887 secs] [Times: user=0.00 sys=0.00, real=0.00 secs] 
7.845: [Full GC (Ergonomics) [PSYoungGen: 955K->0K(1536K)] [ParOldGen: 7404K->1987K(8192K)] 8360K->1987K(9728K), [Metaspace: 3328K->3328K(1056768K)], 0.0024973 secs] [Times: user=0.00 sys=0.00, real=0.00 secs] 
7.848: [GC (Allocation Failure) [PSYoungGen: 923K->32K(1536K)] 8330K->7438K(9728K), 0.0008335 secs] [Times: user=0.01 sys=0.00, real=0.00 secs] 
7.849: [GC (Allocation Failure) --[PSYoungGen: 955K->955K(1536K)] 8362K->8362K(9728K), 0.0007750 secs] [Times: user=0.00 sys=0.00, real=0.00 secs] 
7.849: [Full GC (Ergonomics) [PSYoungGen: 955K->0K(1536K)] [ParOldGen: 7406K->1987K(8192K)] 8362K->1987K(9728K), [Metaspace: 3328K->3328K(1056768K)], 0.0023024 secs] [Times: user=0.00 sys=0.00, real=0.00 secs] 
7.852: [GC (Allocation Failure) [PSYoungGen: 923K->32K(1536K)] 8332K->7441K(9728K), 0.0003103 secs] [Times: user=0.00 sys=0.00, real=0.00 secs] 
7.853: [GC (Allocation Failure) --[PSYoungGen: 956K->956K(1536K)] 8365K->8365K(9728K), 0.0007778 secs] [Times: user=0.01 sys=0.00, real=0.00 secs] 
7.854: [Full GC (Ergonomics) [PSYoungGen: 956K->0K(1536K)] [ParOldGen: 7409K->1987K(8192K)] 8365K->1987K(9728K), [Metaspace: 3328K->3328K(1056768K)], 0.0021479 secs] [Times: user=0.00 sys=0.00, real=0.00 secs] 
7.856: [GC (Allocation Failure) [PSYoungGen: 924K->32K(1536K)] 8335K->7443K(9728K), 0.0008276 secs] [Times: user=0.00 sys=0.00, real=0.00 secs] 
7.857: [GC (Allocation Failure) --[PSYoungGen: 956K->956K(1536K)] 8367K->8367K(9728K), 0.0008192 secs] [Times: user=0.00 sys=0.00, real=0.00 secs] 
7.858: [Full GC (Ergonomics) [PSYoungGen: 956K->0K(1536K)] [ParOldGen: 7411K->1988K(8192K)] 8367K->1988K(9728K), [Metaspace: 3328K->3328K(1056768K)], 0.0021140 secs] [Times: user=0.01 sys=0.00, real=0.00 secs] 
7.861: [GC (Allocation Failure) [PSYoungGen: 924K->32K(1536K)] 8337K->7445K(9728K), 0.0008364 secs] [Times: user=0.00 sys=0.00, real=0.00 secs] 
7.862: [GC (Allocation Failure) --[PSYoungGen: 956K->956K(1536K)] 8370K->8370K(9728K), 0.0008146 secs] [Times: user=0.00 sys=0.00, real=0.00 secs] 
7.863: [Full GC (Ergonomics) [PSYoungGen: 956K->0K(1536K)] [ParOldGen: 7413K->1988K(8192K)] 8370K->1988K(9728K), [Metaspace: 3328K->3328K(1056768K)], 0.0028200 secs] [Times: user=0.01 sys=0.00, real=0.01 secs] 
7.866: [GC (Allocation Failure) [PSYoungGen: 924K->32K(1536K)] 8340K->7447K(9728K), 0.0008389 secs] [Times: user=0.00 sys=0.00, real=0.00 secs] 
7.867: [GC (Allocation Failure) --[PSYoungGen: 957K->957K(1536K)] 8372K->8372K(9728K), 0.0007791 secs] [Times: user=0.00 sys=0.00, real=0.00 secs] 
7.868: [Full GC (Ergonomics) [PSYoungGen: 957K->0K(1536K)] [ParOldGen: 7415K->1988K(8192K)] 8372K->1988K(9728K), [Metaspace: 3328K->3328K(1056768K)], 0.0023322 secs] [Times: user=0.01 sys=0.00, real=0.00 secs] 
7.871: [GC (Allocation Failure) [PSYoungGen: 924K->32K(1536K)] 8342K->7450K(9728K), 0.0008250 secs] [Times: user=0.00 sys=0.00, real=0.00 secs] 
7.872: [GC (Allocation Failure) --[PSYoungGen: 957K->957K(1536K)] 8375K->8375K(9728K), 0.0007748 secs] [Times: user=0.00 sys=0.00, real=0.00 secs] 
7.872: [Full GC (Ergonomics) [PSYoungGen: 957K->0K(1536K)] [ParOldGen: 7418K->1989K(8192K)] 8375K->1989K(9728K), [Metaspace: 3328K->3328K(1056768K)], 0.0023840 secs] [Times: user=0.01 sys=0.00, real=0.01 secs] 
7.875: [GC (Allocation Failure) [PSYoungGen: 925K->32K(1536K)] 8345K->7452K(9728K), 0.0008354 secs] [Times: user=0.00 sys=0.00, real=0.00 secs] 
7.876: [GC (Allocation Failure) --[PSYoungGen: 957K->957K(1536K)] 8378K->8378K(9728K), 0.0008008 secs] [Times: user=0.00 sys=0.00, real=0.00 secs] 
7.877: [Full GC (Ergonomics) [PSYoungGen: 957K->0K(1536K)] [ParOldGen: 7420K->1989K(8192K)] 8378K->1989K(9728K), [Metaspace: 3328K->3328K(1056768K)], 0.0030966 secs] [Times: user=0.01 sys=0.00, real=0.00 secs] 
7.881: [GC (Allocation Failure) [PSYoungGen: 925K->32K(1536K)] 8348K->7454K(9728K), 0.0008480 secs] [Times: user=0.00 sys=0.00, real=0.00 secs] 
7.882: [GC (Allocation Failure) --[PSYoungGen: 958K->958K(1536K)] 8380K->8380K(9728K), 0.0007929 secs] [Times: user=0.01 sys=0.00, real=0.00 secs] 
7.883: [Full GC (Ergonomics) [PSYoungGen: 958K->0K(1536K)] [ParOldGen: 7422K->1989K(8192K)] 8380K->1989K(9728K), [Metaspace: 3328K->3328K(1056768K)], 0.0021394 secs] [Times: user=0.00 sys=0.00, real=0.01 secs] 
7.885: [GC (Allocation Failure) [PSYoungGen: 925K->32K(1536K)] 8350K->7456K(9728K), 0.0003218 secs] [Times: user=0.00 sys=0.00, real=0.00 secs] 
7.886: [GC (Allocation Failure) --[PSYoungGen: 958K->958K(1536K)] 8383K->8383K(9728K), 0.0007934 secs] [Times: user=0.00 sys=0.00, real=0.00 secs] 
7.887: [Full GC (Ergonomics) [PSYoungGen: 958K->0K(1536K)] [ParOldGen: 7424K->1990K(8192K)] 8383K->1990K(9728K), [Metaspace: 3328K->3328K(1056768K)], 0.0021630 secs] [Times: user=0.01 sys=0.00, real=0.00 secs] 
7.889: [GC (Allocation Failure) [PSYoungGen: 926K->32K(1536K)] 8353K->7458K(9728K), 0.0008234 secs] [Times: user=0.00 sys=0.00, real=0.00 secs] 
7.890: [GC (Allocation Failure) --[PSYoungGen: 958K->958K(1536K)] 8385K->8385K(9728K), 0.0008234 secs] [Times: user=0.00 sys=0.00, real=0.00 secs] 
7.891: [Full GC (Ergonomics) [PSYoungGen: 958K->0K(1536K)] [ParOldGen: 7426K->1990K(8192K)] 8385K->1990K(9728K), [Metaspace: 3328K->3328K(1056768K)], 0.0021671 secs] [Times: user=0.01 sys=0.00, real=0.01 secs] 
7.894: [GC (Allocation Failure) [PSYoungGen: 926K->32K(1536K)] 8355K->7461K(9728K), 0.0005398 secs] [Times: user=0.00 sys=0.00, real=0.00 secs] 
7.895: [GC (Allocation Failure) --[PSYoungGen: 959K->959K(1536K)] 8388K->8388K(9728K), 0.0003437 secs] [Times: user=0.00 sys=0.00, real=0.00 secs] 
7.895: [Full GC (Ergonomics) [PSYoungGen: 959K->0K(1536K)] [ParOldGen: 7429K->1990K(8192K)] 8388K->1990K(9728K), [Metaspace: 3328K->3328K(1056768K)], 0.0035872 secs] [Times: user=0.01 sys=0.00, real=0.00 secs] 
7.899: [GC (Allocation Failure) [PSYoungGen: 926K->32K(1536K)] 8358K->7463K(9728K), 0.0003144 secs] [Times: user=0.00 sys=0.00, real=0.00 secs] 
7.900: [GC (Allocation Failure) --[PSYoungGen: 959K->959K(1536K)] 8390K->8390K(9728K), 0.0007893 secs] [Times: user=0.00 sys=0.00, real=0.00 secs] 
7.900: [Full GC (Ergonomics) [PSYoungGen: 959K->0K(1536K)] [ParOldGen: 7431K->1991K(8192K)] 8390K->1991K(9728K), [Metaspace: 3328K->3328K(1056768K)], 0.0025823 secs] [Times: user=0.01 sys=0.00, real=0.01 secs] 
7.904: [GC (Allocation Failure) [PSYoungGen: 927K->32K(1536K)] 8360K->7465K(9728K), 0.0006645 secs] [Times: user=0.00 sys=0.00, real=0.00 secs] 
7.905: [GC (Allocation Failure) --[PSYoungGen: 959K->959K(1536K)] 8393K->8393K(9728K), 0.0006291 secs] [Times: user=0.00 sys=0.00, real=0.00 secs] 
7.906: [Full GC (Ergonomics) [PSYoungGen: 959K->0K(1536K)] [ParOldGen: 7433K->1991K(8192K)] 8393K->1991K(9728K), [Metaspace: 3328K->3328K(1056768K)], 0.0022665 secs] [Times: user=0.00 sys=0.00, real=0.00 secs] 
7.909: [GC (Allocation Failure) [PSYoungGen: 927K->32K(1536K)] 8363K->7467K(9728K), 0.0008444 secs] [Times: user=0.01 sys=0.00, real=0.00 secs] 
7.910: [GC (Allocation Failure) --[PSYoungGen: 960K->960K(1536K)] 8395K->8395K(9728K), 0.0008044 secs] [Times: user=0.00 sys=0.00, real=0.00 secs] 
7.911: [Full GC (Ergonomics) [PSYoungGen: 960K->0K(1536K)] [ParOldGen: 7435K->1991K(8192K)] 8395K->1991K(9728K), [Metaspace: 3328K->3328K(1056768K)], 0.0022976 secs] [Times: user=0.00 sys=0.00, real=0.01 secs] 
7.913: [GC (Allocation Failure) [PSYoungGen: 927K->32K(1536K)] 8366K->7470K(9728K), 0.0008306 secs] [Times: user=0.01 sys=0.00, real=0.00 secs] 
7.914: [GC (Allocation Failure) --[PSYoungGen: 960K->960K(1536K)] 8398K->8398K(9728K), 0.0003043 secs] [Times: user=0.00 sys=0.00, real=0.00 secs] 
7.915: [Full GC (Ergonomics) [PSYoungGen: 960K->0K(1536K)] [ParOldGen: 7438K->1992K(8192K)] 8398K->1992K(9728K), [Metaspace: 3328K->3328K(1056768K)], 0.0021587 secs] [Times: user=0.00 sys=0.00, real=0.00 secs] 
7.917: [GC (Allocation Failure) [PSYoungGen: 928K->32K(1536K)] 8368K->7472K(9728K), 0.0003254 secs] [Times: user=0.00 sys=0.00, real=0.00 secs] 
7.918: [GC (Allocation Failure) --[PSYoungGen: 960K->960K(1536K)] 8401K->8401K(9728K), 0.0007955 secs] [Times: user=0.00 sys=0.00, real=0.00 secs] 
7.919: [Full GC (Ergonomics) [PSYoungGen: 960K->0K(1536K)] [ParOldGen: 7440K->1992K(8192K)] 8401K->1992K(9728K), [Metaspace: 3328K->3328K(1056768K)], 0.0021351 secs] [Times: user=0.01 sys=0.00, real=0.00 secs] 
7.921: [GC (Allocation Failure) [PSYoungGen: 928K->32K(1536K)] 8371K->7474K(9728K), 0.0003456 secs] [Times: user=0.00 sys=0.01, real=0.00 secs] 
7.922: [GC (Allocation Failure) --[PSYoungGen: 960K->960K(1536K)] 8403K->8403K(9728K), 0.0003351 secs] [Times: user=0.00 sys=0.00, real=0.00 secs] 
7.922: [Full GC (Ergonomics) [PSYoungGen: 960K->0K(1536K)] [ParOldGen: 7442K->1992K(8192K)] 8403K->1992K(9728K), [Metaspace: 3328K->3328K(1056768K)], 0.0024100 secs] [Times: user=0.01 sys=0.00, real=0.01 secs] 
7.925: [GC (Allocation Failure) [PSYoungGen: 928K->32K(1536K)] 8373K->7476K(9728K), 0.0008446 secs] [Times: user=0.00 sys=0.00, real=0.00 secs] 
7.926: [GC (Allocation Failure) --[PSYoungGen: 961K->961K(1536K)] 8406K->8406K(9728K), 0.0007867 secs] [Times: user=0.00 sys=0.00, real=0.00 secs] 
7.927: [Full GC (Ergonomics) [PSYoungGen: 961K->0K(1536K)] [ParOldGen: 7444K->1993K(8192K)] 8406K->1993K(9728K), [Metaspace: 3328K->3328K(1056768K)], 0.0022940 secs] [Times: user=0.01 sys=0.00, real=0.00 secs] 
7.930: [GC (Allocation Failure) [PSYoungGen: 929K->32K(1536K)] 8376K->7479K(9728K), 0.0003212 secs] [Times: user=0.00 sys=0.00, real=0.00 secs] 
7.930: [GC (Allocation Failure) --[PSYoungGen: 961K->961K(1536K)] 8408K->8408K(9728K), 0.0008118 secs] [Times: user=0.00 sys=0.00, real=0.00 secs] 
7.931: [Full GC (Ergonomics) [PSYoungGen: 961K->0K(1536K)] [ParOldGen: 7447K->1993K(8192K)] 8408K->1993K(9728K), [Metaspace: 3328K->3328K(1056768K)], 0.0023036 secs] [Times: user=0.00 sys=0.00, real=0.01 secs] 
7.934: [GC (Allocation Failure) [PSYoungGen: 929K->32K(1536K)] 8378K->7481K(9728K), 0.0008423 secs] [Times: user=0.01 sys=0.00, real=0.00 secs] 
7.935: [GC (Allocation Failure) --[PSYoungGen: 961K->961K(1536K)] 8411K->8411K(9728K), 0.0007804 secs] [Times: user=0.00 sys=0.00, real=0.00 secs] 
7.936: [Full GC (Ergonomics) [PSYoungGen: 961K->0K(1536K)] [ParOldGen: 7449K->1993K(8192K)] 8411K->1993K(9728K), [Metaspace: 3328K->3328K(1056768K)], 0.0022253 secs] [Times: user=0.00 sys=0.00, real=0.00 secs] 
7.939: [GC (Allocation Failure) [PSYoungGen: 929K->32K(1536K)] 8381K->7483K(9728K), 0.0008193 secs] [Times: user=0.01 sys=0.00, real=0.00 secs] 
7.940: [GC (Allocation Failure) --[PSYoungGen: 962K->962K(1536K)] 8413K->8413K(9728K), 0.0008092 secs] [Times: user=0.00 sys=0.00, real=0.00 secs] 
7.940: [Full GC (Ergonomics) [PSYoungGen: 962K->0K(1536K)] [ParOldGen: 7451K->1994K(8192K)] 8413K->1994K(9728K), [Metaspace: 3328K->3328K(1056768K)], 0.0022123 secs] [Times: user=0.00 sys=0.00, real=0.00 secs] 
7.943: [GC (Allocation Failure) [PSYoungGen: 930K->32K(1536K)] 8383K->7485K(9728K), 0.0008295 secs] [Times: user=0.01 sys=0.00, real=0.00 secs] 
7.944: [GC (Allocation Failure) --[PSYoungGen: 962K->962K(1536K)] 8416K->8416K(9728K), 0.0008074 secs] [Times: user=0.00 sys=0.00, real=0.00 secs] 
7.945: [Full GC (Ergonomics) [PSYoungGen: 962K->0K(1536K)] [ParOldGen: 7453K->1994K(8192K)] 8416K->1994K(9728K), [Metaspace: 3328K->3328K(1056768K)], 0.0023241 secs] [Times: user=0.00 sys=0.00, real=0.00 secs] 
7.948: [GC (Allocation Failure) [PSYoungGen: 930K->32K(1536K)] 8386K->7488K(9728K), 0.0003354 secs] [Times: user=0.00 sys=0.00, real=0.00 secs] 
7.948: [GC (Allocation Failure) --[PSYoungGen: 962K->962K(1536K)] 8419K->8419K(9728K), 0.0007851 secs] [Times: user=0.01 sys=0.00, real=0.00 secs] 
7.949: [Full GC (Ergonomics) [PSYoungGen: 962K->0K(1536K)] [ParOldGen: 7456K->1994K(8192K)] 8419K->1994K(9728K), [Metaspace: 3328K->3328K(1056768K)], 0.0021215 secs] [Times: user=0.00 sys=0.00, real=0.00 secs] 
7.952: [GC (Allocation Failure) [PSYoungGen: 930K->32K(1536K)] 8389K->7490K(9728K), 0.0008368 secs] [Times: user=0.00 sys=0.00, real=0.00 secs] 
7.953: [GC (Allocation Failure) --[PSYoungGen: 963K->963K(1536K)] 8421K->8421K(9728K), 0.0007878 secs] [Times: user=0.01 sys=0.00, real=0.00 secs] 
7.954: [Full GC (Ergonomics) [PSYoungGen: 963K->0K(1536K)] [ParOldGen: 7458K->1994K(8192K)] 8421K->1994K(9728K), [Metaspace: 3328K->3328K(1056768K)], 0.0030487 secs] [Times: user=0.00 sys=0.00, real=0.00 secs] 
7.957: [GC (Allocation Failure) [PSYoungGen: 931K->32K(1536K)] 8391K->7492K(9728K), 0.0005005 secs] [Times: user=0.00 sys=0.00, real=0.00 secs] 
7.958: [GC (Allocation Failure) --[PSYoungGen: 963K->963K(1536K)] 8424K->8424K(9728K), 0.0008024 secs] [Times: user=0.01 sys=0.00, real=0.00 secs] 
7.959: [Full GC (Ergonomics) [PSYoungGen: 963K->0K(1536K)] [ParOldGen: 7460K->1995K(8192K)] 8424K->1995K(9728K), [Metaspace: 3328K->3328K(1056768K)], 0.0023461 secs] [Times: user=0.00 sys=0.00, real=0.00 secs] 
7.962: [GC (Allocation Failure) [PSYoungGen: 931K->32K(1536K)] 8394K->7494K(9728K), 0.0008543 secs] [Times: user=0.00 sys=0.00, real=0.00 secs] 
7.963: [GC (Allocation Failure) --[PSYoungGen: 963K->963K(1536K)] 8426K->8426K(9728K), 0.0002934 secs] [Times: user=0.00 sys=0.00, real=0.01 secs] 
7.963: [Full GC (Ergonomics) [PSYoungGen: 963K->0K(1536K)] [ParOldGen: 7462K->1995K(8192K)] 8426K->1995K(9728K), [Metaspace: 3328K->3328K(1056768K)], 0.0023795 secs] [Times: user=0.01 sys=0.00, real=0.00 secs] 
7.966: [GC (Allocation Failure) [PSYoungGen: 931K->32K(1536K)] 8396K->7497K(9728K), 0.0008229 secs] [Times: user=0.00 sys=0.00, real=0.00 secs] 
7.967: [GC (Allocation Failure) --[PSYoungGen: 964K->964K(1536K)] 8429K->8429K(9728K), 0.0007985 secs] [Times: user=0.00 sys=0.00, real=0.00 secs] 
7.968: [Full GC (Ergonomics) [PSYoungGen: 964K->0K(1536K)] [ParOldGen: 7465K->1995K(8192K)] 8429K->1995K(9728K), [Metaspace: 3328K->3328K(1056768K)], 0.0023349 secs] [Times: user=0.01 sys=0.00, real=0.00 secs] 
7.970: [GC (Allocation Failure) [PSYoungGen: 932K->32K(1536K)] 8399K->7499K(9728K), 0.0008279 secs] [Times: user=0.00 sys=0.00, real=0.00 secs] 
7.971: [GC (Allocation Failure) --[PSYoungGen: 964K->964K(1536K)] 8431K->8431K(9728K), 0.0002589 secs] [Times: user=0.00 sys=0.00, real=0.00 secs] 
7.972: [Full GC (Ergonomics) [PSYoungGen: 964K->0K(1536K)] [ParOldGen: 7467K->1996K(8192K)] 8431K->1996K(9728K), [Metaspace: 3328K->3328K(1056768K)], 0.0025321 secs] [Times: user=0.01 sys=0.00, real=0.01 secs] 
7.975: [GC (Allocation Failure) [PSYoungGen: 932K->32K(1536K)] 8401K->7501K(9728K), 0.0008361 secs] [Times: user=0.00 sys=0.00, real=0.00 secs] 
7.976: [GC (Allocation Failure) --[PSYoungGen: 964K->964K(1536K)] 8434K->8434K(9728K), 0.0007887 secs] [Times: user=0.00 sys=0.00, real=0.00 secs] 
7.977: [Full GC (Ergonomics) [PSYoungGen: 964K->0K(1536K)] [ParOldGen: 7469K->1996K(8192K)] 8434K->1996K(9728K), [Metaspace: 3328K->3328K(1056768K)], 0.0024961 secs] [Times: user=0.01 sys=0.00, real=0.00 secs] 
7.980: [GC (Allocation Failure) [PSYoungGen: 932K->32K(1536K)] 8404K->7503K(9728K), 0.0008354 secs] [Times: user=0.00 sys=0.00, real=0.00 secs] 
7.981: [GC (Allocation Failure) --[PSYoungGen: 965K->965K(1536K)] 8436K->8436K(9728K), 0.0007840 secs] [Times: user=0.00 sys=0.00, real=0.00 secs] 
7.982: [Full GC (Ergonomics) [PSYoungGen: 965K->0K(1536K)] [ParOldGen: 7471K->1996K(8192K)] 8436K->1996K(9728K), [Metaspace: 3328K->3328K(1056768K)], 0.0021496 secs] [Times: user=0.01 sys=0.00, real=0.01 secs] 
7.984: [GC (Allocation Failure) [PSYoungGen: 932K->32K(1536K)] 8407K->7506K(9728K), 0.0008242 secs] [Times: user=0.00 sys=0.00, real=0.00 secs] 
7.985: [GC (Allocation Failure) --[PSYoungGen: 965K->965K(1536K)] 8439K->8439K(9728K), 0.0008315 secs] [Times: user=0.00 sys=0.00, real=0.00 secs] 
7.986: [Full GC (Ergonomics) [PSYoungGen: 965K->0K(1536K)] [ParOldGen: 7474K->1997K(8192K)] 8439K->1997K(9728K), [Metaspace: 3328K->3328K(1056768K)], 0.0023358 secs] [Times: user=0.01 sys=0.00, real=0.00 secs] 
7.989: [GC (Allocation Failure) [PSYoungGen: 933K->32K(1536K)] 8409K->7508K(9728K), 0.0008494 secs] [Times: user=0.00 sys=0.00, real=0.00 secs] 
7.990: [GC (Allocation Failure) --[PSYoungGen: 965K->965K(1536K)] 8442K->8442K(9728K), 0.0008320 secs] [Times: user=0.00 sys=0.00, real=0.00 secs] 
7.991: [Full GC (Ergonomics) [PSYoungGen: 965K->0K(1536K)] [ParOldGen: 7476K->1997K(8192K)] 8442K->1997K(9728K), [Metaspace: 3328K->3328K(1056768K)], 0.0021297 secs] [Times: user=0.01 sys=0.00, real=0.01 secs] 
7.994: [GC (Allocation Failure) [PSYoungGen: 933K->32K(1536K)] 8412K->7510K(9728K), 0.0008120 secs] [Times: user=0.00 sys=0.00, real=0.00 secs] 
7.994: [GC (Allocation Failure) --[PSYoungGen: 966K->966K(1536K)] 8444K->8444K(9728K), 0.0007970 secs] [Times: user=0.00 sys=0.00, real=0.00 secs] 
7.995: [Full GC (Ergonomics) [PSYoungGen: 966K->0K(1536K)] [ParOldGen: 7478K->1997K(8192K)] 8444K->1997K(9728K), [Metaspace: 3328K->3328K(1056768K)], 0.0024388 secs] [Times: user=0.01 sys=0.00, real=0.00 secs] 
7.999: [GC (Allocation Failure) [PSYoungGen: 933K->32K(1536K)] 8414K->7512K(9728K), 0.0004806 secs] [Times: user=0.00 sys=0.00, real=0.00 secs] 
8.000: [GC (Allocation Failure) --[PSYoungGen: 966K->966K(1536K)] 8447K->8447K(9728K), 0.0006501 secs] [Times: user=0.00 sys=0.00, real=0.00 secs] 
8.001: [Full GC (Ergonomics) [PSYoungGen: 966K->0K(1536K)] [ParOldGen: 7480K->1998K(8192K)] 8447K->1998K(9728K), [Metaspace: 3328K->3328K(1056768K)], 0.0023696 secs] [Times: user=0.00 sys=0.00, real=0.01 secs] 
8.004: [GC (Allocation Failure) [PSYoungGen: 934K->32K(1536K)] 8417K->7515K(9728K), 0.0003141 secs] [Times: user=0.00 sys=0.00, real=0.00 secs] 
8.004: [GC (Allocation Failure) --[PSYoungGen: 966K->966K(1536K)] 8449K->8449K(9728K), 0.0010438 secs] [Times: user=0.00 sys=0.00, real=0.00 secs] 
8.005: [Full GC (Ergonomics) [PSYoungGen: 966K->0K(1536K)] [ParOldGen: 7483K->1998K(8192K)] 8449K->1998K(9728K), [Metaspace: 3328K->3328K(1056768K)], 0.0027904 secs] [Times: user=0.00 sys=0.00, real=0.00 secs] 
8.009: [GC (Allocation Failure) [PSYoungGen: 934K->32K(1536K)] 8419K->7517K(9728K), 0.0003353 secs] [Times: user=0.01 sys=0.01, real=0.00 secs] 
8.009: [GC (Allocation Failure) --[PSYoungGen: 967K->967K(1536K)] 8452K->8452K(9728K), 0.0011400 secs] [Times: user=0.00 sys=0.00, real=0.00 secs] 
8.010: [Full GC (Ergonomics) [PSYoungGen: 967K->0K(1536K)] [ParOldGen: 7485K->1998K(8192K)] 8452K->1998K(9728K), [Metaspace: 3328K->3328K(1056768K)], 0.0023976 secs] [Times: user=0.00 sys=0.00, real=0.00 secs] 
8.013: [GC (Allocation Failure) [PSYoungGen: 934K->32K(1536K)] 8422K->7519K(9728K), 0.0003542 secs] [Times: user=0.00 sys=0.00, real=0.00 secs] 
8.014: [GC (Allocation Failure) --[PSYoungGen: 967K->967K(1536K)] 8454K->8454K(9728K), 0.0004840 secs] [Times: user=0.00 sys=0.00, real=0.00 secs] 
8.014: [Full GC (Ergonomics) [PSYoungGen: 967K->0K(1536K)] [ParOldGen: 7487K->1999K(8192K)] 8454K->1999K(9728K), [Metaspace: 3328K->3328K(1056768K)], 0.0038500 secs] [Times: user=0.01 sys=0.00, real=0.00 secs] 
8.019: [GC (Allocation Failure) [PSYoungGen: 935K->32K(1536K)] 8424K->7521K(9728K), 0.0003552 secs] [Times: user=0.00 sys=0.00, real=0.00 secs] 
8.020: [GC (Allocation Failure) --[PSYoungGen: 967K->967K(1536K)] 8457K->8457K(9728K), 0.0003085 secs] [Times: user=0.00 sys=0.00, real=0.00 secs] 
8.020: [Full GC (Ergonomics) [PSYoungGen: 967K->0K(1536K)] [ParOldGen: 7489K->1999K(8192K)] 8457K->1999K(9728K), [Metaspace: 3328K->3328K(1056768K)], 0.0025237 secs] [Times: user=0.01 sys=0.00, real=0.01 secs] 
8.024: [GC (Allocation Failure) [PSYoungGen: 935K->32K(1536K)] 8427K->7524K(9728K), 0.0008397 secs] [Times: user=0.00 sys=0.00, real=0.00 secs] 
8.025: [GC (Allocation Failure) --[PSYoungGen: 968K->968K(1536K)] 8460K->8460K(9728K), 0.0008076 secs] [Times: user=0.00 sys=0.00, real=0.00 secs] 
8.025: [Full GC (Ergonomics) [PSYoungGen: 968K->0K(1536K)] [ParOldGen: 7492K->1999K(8192K)] 8460K->1999K(9728K), [Metaspace: 3328K->3328K(1056768K)], 0.0021783 secs] [Times: user=0.01 sys=0.00, real=0.00 secs] 
8.028: [GC (Allocation Failure) [PSYoungGen: 935K->32K(1536K)] 8430K->7526K(9728K), 0.0008616 secs] [Times: user=0.00 sys=0.00, real=0.00 secs] 
8.029: [GC (Allocation Failure) --[PSYoungGen: 968K->968K(1536K)] 8462K->8462K(9728K), 0.0008000 secs] [Times: user=0.00 sys=0.00, real=0.00 secs] 
8.030: [Full GC (Ergonomics) [PSYoungGen: 968K->0K(1536K)] [ParOldGen: 7494K->2000K(8192K)] 8462K->2000K(9728K), [Metaspace: 3328K->3328K(1056768K)], 0.0024912 secs] [Times: user=0.01 sys=0.00, real=0.00 secs] 
8.033: [GC (Allocation Failure) [PSYoungGen: 936K->32K(1536K)] 8432K->7528K(9728K), 0.0008272 secs] [Times: user=0.00 sys=0.00, real=0.00 secs] 
8.034: [GC (Allocation Failure) --[PSYoungGen: 968K->968K(1536K)] 8465K->8465K(9728K), 0.0007865 secs] [Times: user=0.00 sys=0.00, real=0.00 secs] 
8.035: [Full GC (Ergonomics) [PSYoungGen: 968K->0K(1536K)] [ParOldGen: 7496K->2000K(8192K)] 8465K->2000K(9728K), [Metaspace: 3328K->3328K(1056768K)], 0.0025393 secs] [Times: user=0.01 sys=0.00, real=0.00 secs] 
8.038: [GC (Allocation Failure) [PSYoungGen: 936K->32K(1536K)] 8435K->7530K(9728K), 0.0006993 secs] [Times: user=0.00 sys=0.00, real=0.00 secs] 
8.039: [GC (Allocation Failure) --[PSYoungGen: 968K->968K(1536K)] 8467K->8467K(9728K), 0.0003412 secs] [Times: user=0.00 sys=0.00, real=0.00 secs] 
8.039: [Full GC (Ergonomics) [PSYoungGen: 968K->0K(1536K)] [ParOldGen: 7498K->2000K(8192K)] 8467K->2000K(9728K), [Metaspace: 3328K->3328K(1056768K)], 0.0024944 secs] [Times: user=0.01 sys=0.00, real=0.00 secs] 
8.042: [GC (Allocation Failure) [PSYoungGen: 936K->32K(1536K)] 8437K->7532K(9728K), 0.0008210 secs] [Times: user=0.00 sys=0.00, real=0.01 secs] 
8.043: [GC (Allocation Failure) --[PSYoungGen: 969K->969K(1536K)] 8470K->8470K(9728K), 0.0007848 secs] [Times: user=0.00 sys=0.00, real=0.00 secs] 
8.044: [Full GC (Ergonomics) [PSYoungGen: 969K->0K(1536K)] [ParOldGen: 7500K->2001K(8192K)] 8470K->2001K(9728K), [Metaspace: 3328K->3328K(1056768K)], 0.0025300 secs] [Times: user=0.01 sys=0.00, real=0.00 secs] 
8.047: [GC (Allocation Failure) [PSYoungGen: 937K->32K(1536K)] 8440K->7535K(9728K), 0.0008312 secs] [Times: user=0.00 sys=0.00, real=0.00 secs] 
8.048: [GC (Allocation Failure) --[PSYoungGen: 969K->969K(1536K)] 8472K->8472K(9728K), 0.0007878 secs] [Times: user=0.00 sys=0.00, real=0.00 secs] 
8.049: [Full GC (Ergonomics) [PSYoungGen: 969K->0K(1536K)] [ParOldGen: 7503K->2001K(8192K)] 8472K->2001K(9728K), [Metaspace: 3328K->3328K(1056768K)], 0.0021906 secs] [Times: user=0.01 sys=0.00, real=0.00 secs] 
8.052: [GC (Allocation Failure) [PSYoungGen: 937K->32K(1536K)] 8442K->7537K(9728K), 0.0003138 secs] [Times: user=0.00 sys=0.00, real=0.00 secs] 
8.052: [GC (Allocation Failure) --[PSYoungGen: 969K->969K(1536K)] 8475K->8475K(9728K), 0.0007931 secs] [Times: user=0.00 sys=0.00, real=0.01 secs] 
8.053: [Full GC (Ergonomics) [PSYoungGen: 969K->0K(1536K)] [ParOldGen: 7505K->2001K(8192K)] 8475K->2001K(9728K), [Metaspace: 3328K->3328K(1056768K)], 0.0025202 secs] [Times: user=0.01 sys=0.00, real=0.00 secs] 
8.056: [GC (Allocation Failure) [PSYoungGen: 937K->32K(1536K)] 8445K->7539K(9728K), 0.0003546 secs] [Times: user=0.00 sys=0.00, real=0.00 secs] 
8.057: [GC (Allocation Failure) --[PSYoungGen: 970K->970K(1536K)] 8477K->8477K(9728K), 0.0007800 secs] [Times: user=0.00 sys=0.00, real=0.00 secs] 
8.057: [Full GC (Ergonomics) [PSYoungGen: 970K->0K(1536K)] [ParOldGen: 7507K->2002K(8192K)] 8477K->2002K(9728K), [Metaspace: 3328K->3328K(1056768K)], 0.0023147 secs] [Times: user=0.00 sys=0.00, real=0.00 secs] 
8.060: [GC (Allocation Failure) [PSYoungGen: 938K->32K(1536K)] 8448K->7541K(9728K), 0.0008597 secs] [Times: user=0.01 sys=0.00, real=0.00 secs] 
8.061: [GC (Allocation Failure) --[PSYoungGen: 970K->970K(1536K)] 8480K->8480K(9728K), 0.0003504 secs] [Times: user=0.00 sys=0.00, real=0.00 secs] 
8.062: [Full GC (Ergonomics) [PSYoungGen: 970K->0K(1536K)] [ParOldGen: 7509K->2002K(8192K)] 8480K->2002K(9728K), [Metaspace: 3328K->3328K(1056768K)], 0.0024800 secs] [Times: user=0.00 sys=0.00, real=0.01 secs] 
8.065: [GC (Allocation Failure) [PSYoungGen: 938K->32K(1536K)] 8450K->7544K(9728K), 0.0008228 secs] [Times: user=0.01 sys=0.00, real=0.00 secs] 
8.066: [GC (Allocation Failure) --[PSYoungGen: 970K->970K(1536K)] 8483K->8483K(9728K), 0.0008173 secs] [Times: user=0.00 sys=0.00, real=0.00 secs] 
8.067: [Full GC (Ergonomics) [PSYoungGen: 970K->0K(1536K)] [ParOldGen: 7512K->2002K(8192K)] 8483K->2002K(9728K), [Metaspace: 3328K->3328K(1056768K)], 0.0023311 secs] [Times: user=0.00 sys=0.00, real=0.00 secs] 
8.069: [GC (Allocation Failure) [PSYoungGen: 938K->32K(1536K)] 8453K->7546K(9728K), 0.0003100 secs] [Times: user=0.00 sys=0.00, real=0.00 secs] 
8.070: [GC (Allocation Failure) --[PSYoungGen: 971K->971K(1536K)] 8485K->8485K(9728K), 0.0007941 secs] [Times: user=0.01 sys=0.00, real=0.00 secs] 
8.071: [Full GC (Ergonomics) [PSYoungGen: 971K->0K(1536K)] [ParOldGen: 7514K->2002K(8192K)] 8485K->2002K(9728K), [Metaspace: 3328K->3328K(1056768K)], 0.0021791 secs] [Times: user=0.00 sys=0.00, real=0.01 secs] 
8.073: [GC (Allocation Failure) [PSYoungGen: 939K->32K(1536K)] 8455K->7548K(9728K), 0.0008296 secs] [Times: user=0.00 sys=0.00, real=0.00 secs] 
8.074: [GC (Allocation Failure) --[PSYoungGen: 971K->971K(1536K)] 8488K->8488K(9728K), 0.0007756 secs] [Times: user=0.01 sys=0.00, real=0.00 secs] 
8.075: [Full GC (Ergonomics) [PSYoungGen: 971K->0K(1536K)] [ParOldGen: 7516K->2003K(8192K)] 8488K->2003K(9728K), [Metaspace: 3328K->3328K(1056768K)], 0.0025023 secs] [Times: user=0.00 sys=0.00, real=0.00 secs] 
8.078: [GC (Allocation Failure) [PSYoungGen: 939K->32K(1536K)] 8458K->7550K(9728K), 0.0008485 secs] [Times: user=0.00 sys=0.00, real=0.00 secs] 
8.079: [GC (Allocation Failure) --[PSYoungGen: 971K->971K(1536K)] 8490K->8490K(9728K), 0.0008119 secs] [Times: user=0.01 sys=0.00, real=0.00 secs] 
8.080: [Full GC (Ergonomics) [PSYoungGen: 971K->0K(1536K)] [ParOldGen: 7518K->2003K(8192K)] 8490K->2003K(9728K), [Metaspace: 3328K->3328K(1056768K)], 0.0030715 secs] [Times: user=0.00 sys=0.00, real=0.01 secs] 
8.084: [GC (Allocation Failure) [PSYoungGen: 939K->32K(1536K)] 8460K->7553K(9728K), 0.0008590 secs] [Times: user=0.00 sys=0.00, real=0.00 secs] 
8.085: [GC (Allocation Failure) --[PSYoungGen: 972K->972K(1536K)] 8493K->8493K(9728K), 0.0007968 secs] [Times: user=0.01 sys=0.00, real=0.00 secs] 
8.086: [Full GC (Ergonomics) [PSYoungGen: 972K->0K(1536K)] [ParOldGen: 7521K->2003K(8192K)] 8493K->2003K(9728K), [Metaspace: 3328K->3328K(1056768K)], 0.0023251 secs] [Times: user=0.00 sys=0.00, real=0.00 secs] 
8.089: [GC (Allocation Failure) [PSYoungGen: 940K->32K(1536K)] 8463K->7555K(9728K), 0.0008881 secs] [Times: user=0.00 sys=0.00, real=0.00 secs] 
8.090: [GC (Allocation Failure) --[PSYoungGen: 972K->972K(1536K)] 8495K->8495K(9728K), 0.0007980 secs] [Times: user=0.01 sys=0.00, real=0.00 secs] 
8.090: [Full GC (Ergonomics) [PSYoungGen: 972K->0K(1536K)] [ParOldGen: 7523K->2004K(8192K)] 8495K->2004K(9728K), [Metaspace: 3328K->3328K(1056768K)], 0.0021952 secs] [Times: user=0.00 sys=0.00, real=0.00 secs] 
8.093: [GC (Allocation Failure) [PSYoungGen: 940K->32K(1536K)] 8465K->7557K(9728K), 0.0008332 secs] [Times: user=0.00 sys=0.00, real=0.00 secs] 
8.094: [GC (Allocation Failure) --[PSYoungGen: 972K->972K(1536K)] 8498K->8498K(9728K), 0.0008999 secs] [Times: user=0.01 sys=0.00, real=0.00 secs] 
8.095: [Full GC (Ergonomics) [PSYoungGen: 972K->0K(1536K)] [ParOldGen: 7525K->2004K(8192K)] 8498K->2004K(9728K), [Metaspace: 3328K->3328K(1056768K)], 0.0022245 secs] [Times: user=0.00 sys=0.00, real=0.00 secs] 
8.098: [GC (Allocation Failure) [PSYoungGen: 940K->32K(1536K)] 8468K->7559K(9728K), 0.0008666 secs] [Times: user=0.00 sys=0.01, real=0.00 secs] 
8.099: [GC (Allocation Failure) --[PSYoungGen: 973K->973K(1536K)] 8501K->8501K(9728K), 0.0008276 secs] [Times: user=0.00 sys=0.00, real=0.00 secs] 
8.100: [Full GC (Ergonomics) [PSYoungGen: 973K->0K(1536K)] [ParOldGen: 7527K->2004K(8192K)] 8501K->2004K(9728K), [Metaspace: 3328K->3328K(1056768K)], 0.0021319 secs] [Times: user=0.01 sys=0.00, real=0.00 secs] 
8.102: [GC (Allocation Failure) [PSYoungGen: 941K->32K(1536K)] 8471K->7562K(9728K), 0.0008417 secs] [Times: user=0.00 sys=0.00, real=0.01 secs] 
8.103: [GC (Allocation Failure) --[PSYoungGen: 973K->973K(1536K)] 8503K->8503K(9728K), 0.0008019 secs] [Times: user=0.00 sys=0.00, real=0.00 secs] 
8.104: [Full GC (Ergonomics) [PSYoungGen: 973K->0K(1536K)] [ParOldGen: 7530K->2005K(8192K)] 8503K->2005K(9728K), [Metaspace: 3328K->3328K(1056768K)], 0.0023568 secs] [Times: user=0.01 sys=0.00, real=0.00 secs] 
8.107: [GC (Allocation Failure) [PSYoungGen: 941K->32K(1536K)] 8473K->7564K(9728K), 0.0008627 secs] [Times: user=0.00 sys=0.00, real=0.00 secs] 
8.108: [GC (Allocation Failure) --[PSYoungGen: 973K->973K(1536K)] 8506K->8506K(9728K), 0.0007687 secs] [Times: user=0.00 sys=0.00, real=0.00 secs] 
8.109: [Full GC (Ergonomics) [PSYoungGen: 973K->0K(1536K)] [ParOldGen: 7532K->2005K(8192K)] 8506K->2005K(9728K), [Metaspace: 3328K->3328K(1056768K)], 0.0023826 secs] [Times: user=0.01 sys=0.00, real=0.00 secs] 
8.112: [GC (Allocation Failure) [PSYoungGen: 941K->32K(1536K)] 8476K->7566K(9728K), 0.0008452 secs] [Times: user=0.00 sys=0.00, real=0.01 secs] 
8.113: [GC (Allocation Failure) --[PSYoungGen: 974K->974K(1536K)] 8508K->8508K(9728K), 0.0008001 secs] [Times: user=0.00 sys=0.00, real=0.00 secs] 
8.114: [Full GC (Ergonomics) [PSYoungGen: 974K->0K(1536K)] [ParOldGen: 7534K->2005K(8192K)] 8508K->2005K(9728K), [Metaspace: 3328K->3328K(1056768K)], 0.0022905 secs] [Times: user=0.01 sys=0.00, real=0.00 secs] 
8.117: [GC (Allocation Failure) [PSYoungGen: 941K->32K(1536K)] 8478K->7568K(9728K), 0.0008668 secs] [Times: user=0.00 sys=0.00, real=0.00 secs] 
8.118: [GC (Allocation Failure) --[PSYoungGen: 974K->974K(1536K)] 8511K->8511K(9728K), 0.0002795 secs] [Times: user=0.00 sys=0.00, real=0.00 secs] 
8.118: [Full GC (Ergonomics) [PSYoungGen: 974K->0K(1536K)] [ParOldGen: 7536K->2006K(8192K)] 8511K->2006K(9728K), [Metaspace: 3328K->3328K(1056768K)], 0.0021300 secs] [Times: user=0.01 sys=0.00, real=0.00 secs] 
8.121: [GC (Allocation Failure) [PSYoungGen: 942K->32K(1536K)] 8481K->7571K(9728K), 0.0008375 secs] [Times: user=0.00 sys=0.00, real=0.00 secs] 
8.122: [GC (Allocation Failure) --[PSYoungGen: 974K->974K(1536K)] 8513K->8513K(9728K), 0.0008082 secs] [Times: user=0.00 sys=0.00, real=0.00 secs] 
8.122: [Full GC (Ergonomics) [PSYoungGen: 974K->0K(1536K)] [ParOldGen: 7539K->2006K(8192K)] 8513K->2006K(9728K), [Metaspace: 3328K->3328K(1056768K)], 0.0025571 secs] [Times: user=0.01 sys=0.00, real=0.01 secs] 
8.126: [GC (Allocation Failure) [PSYoungGen: 942K->32K(1536K)] 8483K->7573K(9728K), 0.0003177 secs] [Times: user=0.00 sys=0.00, real=0.00 secs] 
8.126: [GC (Allocation Failure) --[PSYoungGen: 975K->975K(1536K)] 8516K->8516K(9728K), 0.0007923 secs] [Times: user=0.00 sys=0.00, real=0.00 secs] 
8.127: [Full GC (Ergonomics) [PSYoungGen: 975K->0K(1536K)] [ParOldGen: 7541K->2006K(8192K)] 8516K->2006K(9728K), [Metaspace: 3328K->3328K(1056768K)], 0.0023247 secs] [Times: user=0.01 sys=0.00, real=0.00 secs] 
8.130: [GC (Allocation Failure) [PSYoungGen: 942K->32K(1536K)] 8486K->7575K(9728K), 0.0008322 secs] [Times: user=0.00 sys=0.00, real=0.00 secs] 
8.131: [GC (Allocation Failure) --[PSYoungGen: 975K->975K(1536K)] 8518K->8518K(9728K), 0.0007976 secs] [Times: user=0.00 sys=0.00, real=0.00 secs] 
8.132: [Full GC (Ergonomics) [PSYoungGen: 975K->0K(1536K)] [ParOldGen: 7543K->2007K(8192K)] 8518K->2007K(9728K), [Metaspace: 3328K->3328K(1056768K)], 0.0025081 secs] [Times: user=0.01 sys=0.00, real=0.01 secs] 
8.135: [GC (Allocation Failure) [PSYoungGen: 943K->32K(1536K)] 8489K->7577K(9728K), 0.0003160 secs] [Times: user=0.00 sys=0.00, real=0.00 secs] 
8.135: [GC (Allocation Failure) --[PSYoungGen: 975K->975K(1536K)] 8521K->8521K(9728K), 0.0007878 secs] [Times: user=0.00 sys=0.00, real=0.00 secs] 
8.136: [Full GC (Ergonomics) [PSYoungGen: 975K->0K(1536K)] [ParOldGen: 7545K->2007K(8192K)] 8521K->2007K(9728K), [Metaspace: 3328K->3328K(1056768K)], 0.0021906 secs] [Times: user=0.00 sys=0.00, real=0.00 secs] 
8.139: [GC (Allocation Failure) [PSYoungGen: 943K->32K(1536K)] 8491K->7580K(9728K), 0.0003163 secs] [Times: user=0.01 sys=0.00, real=0.00 secs] 
8.139: [GC (Allocation Failure) --[PSYoungGen: 976K->976K(1536K)] 8524K->8524K(9728K), 0.0008020 secs] [Times: user=0.00 sys=0.00, real=0.00 secs] 
8.140: [Full GC (Ergonomics) [PSYoungGen: 976K->0K(1536K)] [ParOldGen: 7548K->2007K(8192K)] 8524K->2007K(9728K), [Metaspace: 3328K->3328K(1056768K)], 0.0024868 secs] [Times: user=0.00 sys=0.00, real=0.00 secs] 
8.143: [GC (Allocation Failure) [PSYoungGen: 943K->32K(1536K)] 8494K->7582K(9728K), 0.0003221 secs] [Times: user=0.00 sys=0.00, real=0.00 secs] 
8.143: [GC (Allocation Failure) --[PSYoungGen: 976K->976K(1536K)] 8526K->8526K(9728K), 0.0007931 secs] [Times: user=0.01 sys=0.00, real=0.00 secs] 
8.144: [Full GC (Ergonomics) [PSYoungGen: 976K->0K(1536K)] [ParOldGen: 7550K->2008K(8192K)] 8526K->2008K(9728K), [Metaspace: 3328K->3328K(1056768K)], 0.0024243 secs] [Times: user=0.00 sys=0.00, real=0.00 secs] 
8.147: [GC (Allocation Failure) [PSYoungGen: 944K->32K(1536K)] 8496K->7584K(9728K), 0.0008327 secs] [Times: user=0.00 sys=0.00, real=0.00 secs] 
8.148: [GC (Allocation Failure) --[PSYoungGen: 976K->976K(1536K)] 8529K->8529K(9728K), 0.0008013 secs] [Times: user=0.01 sys=0.00, real=0.00 secs] 
8.149: [Full GC (Ergonomics) [PSYoungGen: 976K->0K(1536K)] [ParOldGen: 7552K->2008K(8192K)] 8529K->2008K(9728K), [Metaspace: 3328K->3328K(1056768K)], 0.0021141 secs] [Times: user=0.00 sys=0.00, real=0.00 secs] 
8.152: [GC (Allocation Failure) [PSYoungGen: 944K->32K(1536K)] 8499K->7586K(9728K), 0.0006846 secs] [Times: user=0.00 sys=0.00, real=0.00 secs] 
8.153: [GC (Allocation Failure) --[PSYoungGen: 976K->976K(1536K)] 8531K->8531K(9728K), 0.0008068 secs] [Times: user=0.00 sys=0.00, real=0.01 secs] 
8.153: [Full GC (Ergonomics) [PSYoungGen: 976K->0K(1536K)] [ParOldGen: 7554K->2008K(8192K)] 8531K->2008K(9728K), [Metaspace: 3328K->3328K(1056768K)], 0.0025434 secs] [Times: user=0.01 sys=0.00, real=0.00 secs] 
8.158: [GC (Allocation Failure) [PSYoungGen: 944K->32K(1536K)] 8501K->7589K(9728K), 0.0009522 secs] [Times: user=0.00 sys=0.00, real=0.00 secs] 
8.159: [GC (Allocation Failure) --[PSYoungGen: 977K->977K(1536K)] 8534K->8534K(9728K), 0.0008328 secs] [Times: user=0.00 sys=0.00, real=0.00 secs] 
8.160: [Full GC (Ergonomics) [PSYoungGen: 977K->0K(1536K)] [ParOldGen: 7557K->2009K(8192K)] 8534K->2009K(9728K), [Metaspace: 3328K->3328K(1056768K)], 0.0034302 secs] [Times: user=0.01 sys=0.00, real=0.01 secs] 
8.164: [GC (Allocation Failure) [PSYoungGen: 945K->32K(1536K)] 8504K->7591K(9728K), 0.0003605 secs] [Times: user=0.00 sys=0.00, real=0.00 secs] 
8.165: [GC (Allocation Failure) --[PSYoungGen: 977K->977K(1536K)] 8536K->8536K(9728K), 0.0007937 secs] [Times: user=0.00 sys=0.00, real=0.00 secs] 
8.165: [Full GC (Ergonomics) [PSYoungGen: 977K->0K(1536K)] [ParOldGen: 7559K->2009K(8192K)] 8536K->2009K(9728K), [Metaspace: 3328K->3328K(1056768K)], 0.0023264 secs] [Times: user=0.01 sys=0.00, real=0.00 secs] 
8.168: [GC (Allocation Failure) [PSYoungGen: 945K->32K(1536K)] 8506K->7593K(9728K), 0.0008386 secs] [Times: user=0.00 sys=0.00, real=0.00 secs] 
8.169: [GC (Allocation Failure) --[PSYoungGen: 977K->977K(1536K)] 8539K->8539K(9728K), 0.0004702 secs] [Times: user=0.00 sys=0.00, real=0.00 secs] 
8.170: [Full GC (Ergonomics) [PSYoungGen: 977K->0K(1536K)] [ParOldGen: 7561K->2009K(8192K)] 8539K->2009K(9728K), [Metaspace: 3328K->3328K(1056768K)], 0.0023311 secs] [Times: user=0.01 sys=0.00, real=0.00 secs] 
8.173: [GC (Allocation Failure) [PSYoungGen: 945K->32K(1536K)] 8509K->7595K(9728K), 0.0004641 secs] [Times: user=0.00 sys=0.00, real=0.01 secs] 
8.173: [GC (Allocation Failure) --[PSYoungGen: 978K->978K(1536K)] 8542K->8542K(9728K), 0.0007966 secs] [Times: user=0.00 sys=0.00, real=0.00 secs] 
8.174: [Full GC (Ergonomics) [PSYoungGen: 978K->0K(1536K)] [ParOldGen: 7563K->2010K(8192K)] 8542K->2010K(9728K), [Metaspace: 3328K->3328K(1056768K)], 0.0023024 secs] [Times: user=0.01 sys=0.00, real=0.00 secs] 
8.177: [GC (Allocation Failure) [PSYoungGen: 946K->32K(1536K)] 8512K->7597K(9728K), 0.0008394 secs] [Times: user=0.00 sys=0.00, real=0.00 secs] 
8.178: [GC (Allocation Failure) --[PSYoungGen: 978K->978K(1536K)] 8544K->8544K(9728K), 0.0007837 secs] [Times: user=0.00 sys=0.00, real=0.00 secs] 
8.179: [Full GC (Ergonomics) [PSYoungGen: 978K->0K(1536K)] [ParOldGen: 7565K->2010K(8192K)] 8544K->2010K(9728K), [Metaspace: 3328K->3328K(1056768K)], 0.0024860 secs] [Times: user=0.01 sys=0.00, real=0.00 secs] 
8.182: [GC (Allocation Failure) [PSYoungGen: 946K->32K(1536K)] 8514K->7600K(9728K), 0.0003327 secs] [Times: user=0.00 sys=0.00, real=0.00 secs] 
8.182: [GC (Allocation Failure) --[PSYoungGen: 978K->978K(1536K)] 8547K->8547K(9728K), 0.0007949 secs] [Times: user=0.00 sys=0.00, real=0.01 secs] 
8.183: [Full GC (Ergonomics) [PSYoungGen: 978K->0K(1536K)] [ParOldGen: 7568K->2010K(8192K)] 8547K->2010K(9728K), [Metaspace: 3328K->3328K(1056768K)], 0.0020530 secs] [Times: user=0.01 sys=0.00, real=0.00 secs] 
8.186: [GC (Allocation Failure) [PSYoungGen: 946K->32K(1536K)] 8517K->7602K(9728K), 0.0008841 secs] [Times: user=0.00 sys=0.00, real=0.00 secs] 
8.187: [GC (Allocation Failure) --[PSYoungGen: 979K->979K(1536K)] 8549K->8549K(9728K), 0.0004279 secs] [Times: user=0.00 sys=0.00, real=0.00 secs] 
8.187: [Full GC (Ergonomics) [PSYoungGen: 979K->0K(1536K)] [ParOldGen: 7570K->2010K(8192K)] 8549K->2010K(9728K), [Metaspace: 3328K->3328K(1056768K)], 0.0040382 secs] [Times: user=0.01 sys=0.01, real=0.00 secs] 
8.193: [GC (Allocation Failure) [PSYoungGen: 947K->32K(1536K)] 8519K->7604K(9728K), 0.0004430 secs] [Times: user=0.00 sys=0.00, real=0.00 secs] 
8.194: [GC (Allocation Failure) --[PSYoungGen: 979K->979K(1536K)] 8552K->8552K(9728K), 0.0003217 secs] [Times: user=0.00 sys=0.00, real=0.00 secs] 
8.194: [Full GC (Ergonomics) [PSYoungGen: 979K->0K(1536K)] [ParOldGen: 7572K->2011K(8192K)] 8552K->2011K(9728K), [Metaspace: 3328K->3328K(1056768K)], 0.0034707 secs] [Times: user=0.01 sys=0.00, real=0.00 secs] 
8.198: [GC (Allocation Failure) [PSYoungGen: 947K->32K(1536K)] 8522K->7606K(9728K), 0.0008789 secs] [Times: user=0.00 sys=0.00, real=0.00 secs] 
8.200: [GC (Allocation Failure) --[PSYoungGen: 979K->979K(1536K)] 8554K->8554K(9728K), 0.0007899 secs] [Times: user=0.00 sys=0.00, real=0.00 secs] 
8.200: [Full GC (Ergonomics) [PSYoungGen: 979K->0K(1536K)] [ParOldGen: 7574K->2011K(8192K)] 8554K->2011K(9728K), [Metaspace: 3328K->3328K(1056768K)], 0.0020977 secs] [Times: user=0.01 sys=0.00, real=0.00 secs] 
8.203: [GC (Allocation Failure) [PSYoungGen: 947K->32K(1536K)] 8524K->7609K(9728K), 0.0008284 secs] [Times: user=0.00 sys=0.00, real=0.00 secs] 
8.204: [GC (Allocation Failure) --[PSYoungGen: 980K->980K(1536K)] 8557K->8557K(9728K), 0.0008162 secs] [Times: user=0.00 sys=0.00, real=0.00 secs] 
8.205: [Full GC (Ergonomics) [PSYoungGen: 980K->0K(1536K)] [ParOldGen: 7577K->2011K(8192K)] 8557K->2011K(9728K), [Metaspace: 3328K->3328K(1056768K)], 0.0034739 secs] [Times: user=0.01 sys=0.00, real=0.00 secs] 
8.209: [GC (Allocation Failure) [PSYoungGen: 948K->32K(1536K)] 8527K->7611K(9728K), 0.0008422 secs] [Times: user=0.00 sys=0.00, real=0.00 secs] 
8.210: [GC (Allocation Failure) --[PSYoungGen: 980K->980K(1536K)] 8559K->8559K(9728K), 0.0007922 secs] [Times: user=0.00 sys=0.00, real=0.00 secs] 
8.211: [Full GC (Ergonomics) [PSYoungGen: 980K->0K(1536K)] [ParOldGen: 7579K->2012K(8192K)] 8559K->2012K(9728K), [Metaspace: 3328K->3328K(1056768K)], 0.0024751 secs] [Times: user=0.01 sys=0.00, real=0.01 secs] 
8.214: [GC (Allocation Failure) [PSYoungGen: 948K->32K(1536K)] 8530K->7613K(9728K), 0.0008308 secs] [Times: user=0.00 sys=0.00, real=0.00 secs] 
8.215: [GC (Allocation Failure) --[PSYoungGen: 980K->980K(1536K)] 8562K->8562K(9728K), 0.0008198 secs] [Times: user=0.00 sys=0.00, real=0.00 secs] 
8.216: [Full GC (Ergonomics) [PSYoungGen: 980K->0K(1536K)] [ParOldGen: 7581K->2012K(8192K)] 8562K->2012K(9728K), [Metaspace: 3328K->3328K(1056768K)], 0.0024950 secs] [Times: user=0.01 sys=0.00, real=0.00 secs] 
8.219: [GC (Allocation Failure) [PSYoungGen: 948K->32K(1536K)] 8532K->7615K(9728K), 0.0008415 secs] [Times: user=0.00 sys=0.00, real=0.00 secs] 
8.220: [GC (Allocation Failure) --[PSYoungGen: 981K->981K(1536K)] 8565K->8565K(9728K), 0.0008055 secs] [Times: user=0.00 sys=0.00, real=0.00 secs] 
8.221: [Full GC (Ergonomics) [PSYoungGen: 981K->0K(1536K)] [ParOldGen: 7583K->2012K(8192K)] 8565K->2012K(9728K), [Metaspace: 3328K->3328K(1056768K)], 0.0025037 secs] [Times: user=0.01 sys=0.00, real=0.01 secs] 
8.224: [GC (Allocation Failure) [PSYoungGen: 949K->32K(1536K)] 8535K->7618K(9728K), 0.0003436 secs] [Times: user=0.00 sys=0.00, real=0.00 secs] 
8.224: [GC (Allocation Failure) --[PSYoungGen: 981K->981K(1536K)] 8567K->8567K(9728K), 0.0003160 secs] [Times: user=0.00 sys=0.00, real=0.00 secs] 
8.225: [Full GC (Ergonomics) [PSYoungGen: 981K->0K(1536K)] [ParOldGen: 7586K->2013K(8192K)] 8567K->2013K(9728K), [Metaspace: 3328K->3328K(1056768K)], 0.0024926 secs] [Times: user=0.00 sys=0.00, real=0.00 secs] 
8.228: [GC (Allocation Failure) [PSYoungGen: 949K->32K(1536K)] 8537K->7620K(9728K), 0.0008320 secs] [Times: user=0.01 sys=0.00, real=0.00 secs] 
8.229: [GC (Allocation Failure) --[PSYoungGen: 981K->981K(1536K)] 8570K->8570K(9728K), 0.0003199 secs] [Times: user=0.00 sys=0.00, real=0.00 secs] 
8.229: [Full GC (Ergonomics) [PSYoungGen: 981K->0K(1536K)] [ParOldGen: 7588K->2013K(8192K)] 8570K->2013K(9728K), [Metaspace: 3328K->3328K(1056768K)], 0.0023151 secs] [Times: user=0.00 sys=0.00, real=0.00 secs] 
8.232: [GC (Allocation Failure) [PSYoungGen: 949K->32K(1536K)] 8540K->7622K(9728K), 0.0003526 secs] [Times: user=0.00 sys=0.00, real=0.00 secs] 
8.232: [GC (Allocation Failure) --[PSYoungGen: 982K->982K(1536K)] 8572K->8572K(9728K), 0.0007972 secs] [Times: user=0.01 sys=0.00, real=0.01 secs] 
8.233: [Full GC (Ergonomics) [PSYoungGen: 982K->0K(1536K)] [ParOldGen: 7590K->2013K(8192K)] 8572K->2013K(9728K), [Metaspace: 3328K->3328K(1056768K)], 0.0021030 secs] [Times: user=0.00 sys=0.00, real=0.00 secs] 
8.236: [GC (Allocation Failure) [PSYoungGen: 949K->32K(1536K)] 8542K->7624K(9728K), 0.0008362 secs] [Times: user=0.00 sys=0.00, real=0.00 secs] 
8.237: [GC (Allocation Failure) --[PSYoungGen: 982K->982K(1536K)] 8575K->8575K(9728K), 0.0008226 secs] [Times: user=0.00 sys=0.00, real=0.00 secs] 
8.238: [Full GC (Ergonomics) [PSYoungGen: 982K->0K(1536K)] [ParOldGen: 7592K->2014K(8192K)] 8575K->2014K(9728K), [Metaspace: 3328K->3328K(1056768K)], 0.0024801 secs] [Times: user=0.01 sys=0.00, real=0.00 secs] 
8.241: [GC (Allocation Failure) [PSYoungGen: 950K->32K(1536K)] 8545K->7627K(9728K), 0.0008391 secs] [Times: user=0.00 sys=0.00, real=0.00 secs] 
8.242: [GC (Allocation Failure) --[PSYoungGen: 982K->982K(1536K)] 8577K->8577K(9728K), 0.0008055 secs] [Times: user=0.00 sys=0.00, real=0.00 secs] 
8.243: [Full GC (Ergonomics) [PSYoungGen: 982K->0K(1536K)] [ParOldGen: 7595K->2014K(8192K)] 8577K->2014K(9728K), [Metaspace: 3328K->3328K(1056768K)], 0.0023320 secs] [Times: user=0.01 sys=0.00, real=0.01 secs] 
8.245: [GC (Allocation Failure) [PSYoungGen: 950K->32K(1536K)] 8547K->7629K(9728K), 0.0003985 secs] [Times: user=0.00 sys=0.00, real=0.00 secs] 
8.246: [GC (Allocation Failure) --[PSYoungGen: 983K->983K(1536K)] 8580K->8580K(9728K), 0.0003131 secs] [Times: user=0.00 sys=0.00, real=0.00 secs] 
8.246: [Full GC (Ergonomics) [PSYoungGen: 983K->0K(1536K)] [ParOldGen: 7597K->2014K(8192K)] 8580K->2014K(9728K), [Metaspace: 3328K->3328K(1056768K)], 0.0025404 secs] [Times: user=0.01 sys=0.00, real=0.00 secs] 
8.250: [GC (Allocation Failure) [PSYoungGen: 950K->32K(1536K)] 8550K->7631K(9728K), 0.0008426 secs] [Times: user=0.00 sys=0.00, real=0.00 secs] 
8.251: [GC (Allocation Failure) --[PSYoungGen: 983K->983K(1536K)] 8583K->8583K(9728K), 0.0007996 secs] [Times: user=0.00 sys=0.00, real=0.00 secs] 
8.251: [Full GC (Ergonomics) [PSYoungGen: 983K->0K(1536K)] [ParOldGen: 7599K->2015K(8192K)] 8583K->2015K(9728K), [Metaspace: 3328K->3328K(1056768K)], 0.0021387 secs] [Times: user=0.01 sys=0.00, real=0.01 secs] 
8.254: [GC (Allocation Failure) [PSYoungGen: 951K->32K(1536K)] 8553K->7633K(9728K), 0.0008348 secs] [Times: user=0.00 sys=0.00, real=0.00 secs] 
8.255: [GC (Allocation Failure) --[PSYoungGen: 983K->983K(1536K)] 8585K->8585K(9728K), 0.0007938 secs] [Times: user=0.00 sys=0.00, real=0.00 secs] 
8.256: [Full GC (Ergonomics) [PSYoungGen: 983K->0K(1536K)] [ParOldGen: 7601K->2015K(8192K)] 8585K->2015K(9728K), [Metaspace: 3328K->3328K(1056768K)], 0.0021478 secs] [Times: user=0.01 sys=0.00, real=0.00 secs] 
8.259: [GC (Allocation Failure) [PSYoungGen: 951K->32K(1536K)] 8555K->7636K(9728K), 0.0008358 secs] [Times: user=0.00 sys=0.00, real=0.00 secs] 
8.260: [GC (Allocation Failure) --[PSYoungGen: 984K->984K(1536K)] 8588K->8588K(9728K), 0.0008319 secs] [Times: user=0.00 sys=0.00, real=0.00 secs] 
8.260: [Full GC (Ergonomics) [PSYoungGen: 984K->0K(1536K)] [ParOldGen: 7604K->2015K(8192K)] 8588K->2015K(9728K), [Metaspace: 3328K->3328K(1056768K)], 0.0025241 secs] [Times: user=0.01 sys=0.00, real=0.01 secs] 
8.264: [GC (Allocation Failure) [PSYoungGen: 951K->32K(1536K)] 8558K->7638K(9728K), 0.0008446 secs] [Times: user=0.00 sys=0.00, real=0.00 secs] 
8.265: [GC (Allocation Failure) --[PSYoungGen: 984K->984K(1536K)] 8590K->8590K(9728K), 0.0007902 secs] [Times: user=0.00 sys=0.00, real=0.00 secs] 
8.265: [Full GC (Ergonomics) [PSYoungGen: 984K->0K(1536K)] [ParOldGen: 7606K->2016K(8192K)] 8590K->2016K(9728K), [Metaspace: 3328K->3328K(1056768K)], 0.0024868 secs] [Times: user=0.01 sys=0.00, real=0.00 secs] 
8.268: [GC (Allocation Failure) [PSYoungGen: 952K->32K(1536K)] 8560K->7640K(9728K), 0.0008475 secs] [Times: user=0.00 sys=0.00, real=0.00 secs] 
8.269: [GC (Allocation Failure) --[PSYoungGen: 984K->984K(1536K)] 8593K->8593K(9728K), 0.0008050 secs] [Times: user=0.00 sys=0.00, real=0.00 secs] 
8.270: [Full GC (Ergonomics) [PSYoungGen: 984K->0K(1536K)] [ParOldGen: 7608K->2016K(8192K)] 8593K->2016K(9728K), [Metaspace: 3328K->3328K(1056768K)], 0.0020936 secs] [Times: user=0.00 sys=0.00, real=0.00 secs] 
8.273: [GC (Allocation Failure) [PSYoungGen: 952K->32K(1536K)] 8563K->7642K(9728K), 0.0003466 secs] [Times: user=0.00 sys=0.00, real=0.00 secs] 
8.273: [GC (Allocation Failure) --[PSYoungGen: 984K->984K(1536K)] 8595K->8595K(9728K), 0.0007766 secs] [Times: user=0.00 sys=0.00, real=0.00 secs] 
8.274: [Full GC (Ergonomics) [PSYoungGen: 984K->0K(1536K)] [ParOldGen: 7610K->2016K(8192K)] 8595K->2016K(9728K), [Metaspace: 3328K->3328K(1056768K)], 0.0024556 secs] [Times: user=0.00 sys=0.00, real=0.00 secs] 
8.277: [GC (Allocation Failure) [PSYoungGen: 952K->32K(1536K)] 8565K->7645K(9728K), 0.0006626 secs] [Times: user=0.01 sys=0.00, real=0.00 secs] 
8.278: [GC (Allocation Failure) --[PSYoungGen: 985K->985K(1536K)] 8598K->8598K(9728K), 0.0007930 secs] [Times: user=0.00 sys=0.00, real=0.00 secs] 
8.279: [Full GC (Ergonomics) [PSYoungGen: 985K->0K(1536K)] [ParOldGen: 7613K->2017K(8192K)] 8598K->2017K(9728K), [Metaspace: 3328K->3328K(1056768K)], 0.0024923 secs] [Times: user=0.00 sys=0.00, real=0.00 secs] 
8.282: [GC (Allocation Failure) [PSYoungGen: 953K->32K(1536K)] 8568K->7647K(9728K), 0.0008503 secs] [Times: user=0.01 sys=0.00, real=0.01 secs] 
8.283: [GC (Allocation Failure) --[PSYoungGen: 985K->985K(1536K)] 8600K->8600K(9728K), 0.0007960 secs] [Times: user=0.00 sys=0.00, real=0.00 secs] 
8.284: [Full GC (Ergonomics) [PSYoungGen: 985K->0K(1536K)] [ParOldGen: 7615K->2017K(8192K)] 8600K->2017K(9728K), [Metaspace: 3328K->3328K(1056768K)], 0.0025243 secs] [Times: user=0.00 sys=0.00, real=0.00 secs] 
8.287: [GC (Allocation Failure) [PSYoungGen: 953K->32K(1536K)] 8571K->7649K(9728K), 0.0008450 secs] [Times: user=0.01 sys=0.00, real=0.00 secs] 
8.288: [GC (Allocation Failure) --[PSYoungGen: 985K->985K(1536K)] 8603K->8603K(9728K), 0.0008087 secs] [Times: user=0.00 sys=0.00, real=0.00 secs] 
8.289: [Full GC (Ergonomics) [PSYoungGen: 985K->0K(1536K)] [ParOldGen: 7617K->2017K(8192K)] 8603K->2017K(9728K), [Metaspace: 3328K->3328K(1056768K)], 0.0025667 secs] [Times: user=0.00 sys=0.00, real=0.00 secs] 
8.292: [GC (Allocation Failure) [PSYoungGen: 953K->32K(1536K)] 8573K->7651K(9728K), 0.0003217 secs] [Times: user=0.00 sys=0.00, real=0.00 secs] 
8.292: [GC (Allocation Failure) --[PSYoungGen: 986K->986K(1536K)] 8606K->8606K(9728K), 0.0007878 secs] [Times: user=0.01 sys=0.00, real=0.01 secs] 
8.293: [Full GC (Ergonomics) [PSYoungGen: 986K->0K(1536K)] [ParOldGen: 7619K->2018K(8192K)] 8606K->2018K(9728K), [Metaspace: 3328K->3328K(1056768K)], 0.0021142 secs] [Times: user=0.00 sys=0.00, real=0.00 secs] 
8.296: [GC (Allocation Failure) [PSYoungGen: 954K->32K(1536K)] 8576K->7654K(9728K), 0.0008327 secs] [Times: user=0.00 sys=0.00, real=0.00 secs] 
8.297: [GC (Allocation Failure) --[PSYoungGen: 986K->986K(1536K)] 8608K->8608K(9728K), 0.0007990 secs] [Times: user=0.01 sys=0.00, real=0.00 secs] 
8.298: [Full GC (Ergonomics) [PSYoungGen: 986K->0K(1536K)] [ParOldGen: 7622K->2018K(8192K)] 8608K->2018K(9728K), [Metaspace: 3328K->3328K(1056768K)], 0.0020745 secs] [Times: user=0.00 sys=0.00, real=0.00 secs] 
8.300: [GC (Allocation Failure) [PSYoungGen: 954K->32K(1536K)] 8578K->7656K(9728K), 0.0008631 secs] [Times: user=0.00 sys=0.00, real=0.00 secs] 
8.301: [GC (Allocation Failure) --[PSYoungGen: 986K->986K(1536K)] 8611K->8611K(9728K), 0.0008054 secs] [Times: user=0.00 sys=0.00, real=0.00 secs] 
8.302: [Full GC (Ergonomics) [PSYoungGen: 986K->0K(1536K)] [ParOldGen: 7624K->2018K(8192K)] 8611K->2018K(9728K), [Metaspace: 3328K->3328K(1056768K)], 0.0022118 secs] [Times: user=0.01 sys=0.00, real=0.01 secs] 
8.305: [GC (Allocation Failure) [PSYoungGen: 954K->32K(1536K)] 8581K->7658K(9728K), 0.0008601 secs] [Times: user=0.00 sys=0.00, real=0.00 secs] 
8.306: [GC (Allocation Failure) --[PSYoungGen: 987K->987K(1536K)] 8613K->8613K(9728K), 0.0008116 secs] [Times: user=0.00 sys=0.00, real=0.00 secs] 
8.307: [Full GC (Ergonomics) [PSYoungGen: 987K->0K(1536K)] [ParOldGen: 7626K->2018K(8192K)] 8613K->2018K(9728K), [Metaspace: 3328K->3328K(1056768K)], 0.0021919 secs] [Times: user=0.01 sys=0.00, real=0.00 secs] 
8.309: [GC (Allocation Failure) [PSYoungGen: 955K->32K(1536K)] 8583K->7660K(9728K), 0.0003362 secs] [Times: user=0.00 sys=0.00, real=0.00 secs] 
8.310: [GC (Allocation Failure) --[PSYoungGen: 987K->987K(1536K)] 8616K->8616K(9728K), 0.0007989 secs] [Times: user=0.00 sys=0.00, real=0.00 secs] 
8.311: [Full GC (Ergonomics) [PSYoungGen: 987K->0K(1536K)] [ParOldGen: 7628K->2019K(8192K)] 8616K->2019K(9728K), [Metaspace: 3328K->3328K(1056768K)], 0.0021844 secs] [Times: user=0.01 sys=0.00, real=0.01 secs] 
8.313: [GC (Allocation Failure) [PSYoungGen: 955K->32K(1536K)] 8586K->7662K(9728K), 0.0003142 secs] [Times: user=0.00 sys=0.00, real=0.00 secs] 
8.314: [GC (Allocation Failure) --[PSYoungGen: 987K->987K(1536K)] 8618K->8618K(9728K), 0.0008209 secs] [Times: user=0.00 sys=0.00, real=0.00 secs] 
8.315: [Full GC (Ergonomics) [PSYoungGen: 987K->0K(1536K)] [ParOldGen: 7630K->2016K(8192K)] 8618K->2016K(9728K), [Metaspace: 3328K->3328K(1056768K)], 0.0022102 secs] [Times: user=0.01 sys=0.00, real=0.00 secs] 
8.318: [GC (Allocation Failure) [PSYoungGen: 955K->32K(1536K)] 8586K->7662K(9728K), 0.0003262 secs] [Times: user=0.00 sys=0.00, real=0.00 secs] 
8.318: [GC (Allocation Failure) --[PSYoungGen: 988K->988K(1536K)] 8618K->8618K(9728K), 0.0008125 secs] [Times: user=0.00 sys=0.00, real=0.00 secs] 
8.319: [Full GC (Ergonomics) [PSYoungGen: 988K->0K(1536K)] [ParOldGen: 7630K->2016K(8192K)] 8618K->2016K(9728K), [Metaspace: 3328K->3328K(1056768K)], 0.0040368 secs] [Times: user=0.01 sys=0.00, real=0.01 secs] 
8.324: [GC (Allocation Failure) [PSYoungGen: 956K->32K(1536K)] 8588K->7664K(9728K), 0.0008479 secs] [Times: user=0.00 sys=0.00, real=0.00 secs] 
8.325: [GC (Allocation Failure) --[PSYoungGen: 988K->988K(1536K)] 8620K->8620K(9728K), 0.0008084 secs] [Times: user=0.00 sys=0.00, real=0.00 secs] 
8.325: [Full GC (Ergonomics) [PSYoungGen: 988K->0K(1536K)] [ParOldGen: 7632K->2015K(8192K)] 8620K->2015K(9728K), [Metaspace: 3328K->3328K(1056768K)], 0.0033684 secs] [Times: user=0.01 sys=0.00, real=0.00 secs] 
8.329: [GC (Allocation Failure) [PSYoungGen: 956K->32K(1536K)] 8589K->7665K(9728K), 0.0008566 secs] [Times: user=0.01 sys=0.00, real=0.00 secs] 
8.330: [GC (Allocation Failure) --[PSYoungGen: 988K->988K(1536K)] 8622K->8622K(9728K), 0.0007977 secs] [Times: user=0.00 sys=0.00, real=0.00 secs] 
8.331: [Full GC (Ergonomics) [PSYoungGen: 988K->0K(1536K)] [ParOldGen: 7633K->2016K(8192K)] 8622K->2016K(9728K), [Metaspace: 3328K->3328K(1056768K)], 0.0024851 secs] [Times: user=0.00 sys=0.00, real=0.01 secs] 
8.334: [GC (Allocation Failure) [PSYoungGen: 956K->32K(1536K)] 8592K->7667K(9728K), 0.0003367 secs] [Times: user=0.00 sys=0.00, real=0.00 secs] 
8.335: [GC (Allocation Failure) --[PSYoungGen: 989K->989K(1536K)] 8624K->8624K(9728K), 0.0008244 secs] [Times: user=0.00 sys=0.00, real=0.00 secs] 
8.336: [Full GC (Ergonomics) [PSYoungGen: 989K->0K(1536K)] [ParOldGen: 7635K->2016K(8192K)] 8624K->2016K(9728K), [Metaspace: 3328K->3328K(1056768K)], 0.0035541 secs] [Times: user=0.01 sys=0.00, real=0.00 secs] 
8.340: [GC (Allocation Failure) [PSYoungGen: 957K->32K(1536K)] 8594K->7669K(9728K), 0.0008369 secs] [Times: user=0.00 sys=0.00, real=0.00 secs] 
8.341: [GC (Allocation Failure) --[PSYoungGen: 989K->989K(1536K)] 8627K->8627K(9728K), 0.0008050 secs] [Times: user=0.00 sys=0.00, real=0.00 secs] 
8.342: [Full GC (Ergonomics) [PSYoungGen: 989K->0K(1536K)] [ParOldGen: 7637K->2016K(8192K)] 8627K->2016K(9728K), [Metaspace: 3328K->3328K(1056768K)], 0.0025133 secs] [Times: user=0.01 sys=0.00, real=0.01 secs] 
8.345: [GC (Allocation Failure) [PSYoungGen: 957K->32K(1536K)] 8597K->7671K(9728K), 0.0008295 secs] [Times: user=0.00 sys=0.00, real=0.00 secs] 
8.346: [GC (Allocation Failure) --[PSYoungGen: 989K->989K(1536K)] 8629K->8629K(9728K), 0.0008000 secs] [Times: user=0.00 sys=0.00, real=0.00 secs] 
8.346: [Full GC (Ergonomics) [PSYoungGen: 989K->0K(1536K)] [ParOldGen: 7639K->2016K(8192K)] 8629K->2016K(9728K), [Metaspace: 3328K->3328K(1056768K)], 0.0024899 secs] [Times: user=0.01 sys=0.00, real=0.00 secs] 
8.349: [GC (Allocation Failure) [PSYoungGen: 957K->32K(1536K)] 8599K->7674K(9728K), 0.0008441 secs] [Times: user=0.00 sys=0.00, real=0.00 secs] 
8.350: [GC (Allocation Failure) --[PSYoungGen: 990K->990K(1536K)] 8632K->8632K(9728K), 0.0007991 secs] [Times: user=0.00 sys=0.00, real=0.00 secs] 
8.351: [Full GC (Ergonomics) [PSYoungGen: 990K->0K(1536K)] [ParOldGen: 7642K->2017K(8192K)] 8632K->2017K(9728K), [Metaspace: 3328K->3328K(1056768K)], 0.0021380 secs] [Times: user=0.01 sys=0.00, real=0.01 secs] 
8.354: [GC (Allocation Failure) [PSYoungGen: 957K->32K(1536K)] 8602K->7676K(9728K), 0.0008357 secs] [Times: user=0.00 sys=0.00, real=0.00 secs] 
8.355: [GC (Allocation Failure) --[PSYoungGen: 990K->990K(1536K)] 8634K->8634K(9728K), 0.0008112 secs] [Times: user=0.00 sys=0.00, real=0.00 secs] 
8.356: [Full GC (Ergonomics) [PSYoungGen: 990K->0K(1536K)] [ParOldGen: 7644K->2017K(8192K)] 8634K->2017K(9728K), [Metaspace: 3328K->3328K(1056768K)], 0.0024499 secs] [Times: user=0.01 sys=0.00, real=0.00 secs] 
8.359: [GC (Allocation Failure) [PSYoungGen: 958K->32K(1536K)] 8604K->7678K(9728K), 0.0008400 secs] [Times: user=0.00 sys=0.00, real=0.00 secs] 
8.360: [GC (Allocation Failure) --[PSYoungGen: 990K->990K(1536K)] 8637K->8637K(9728K), 0.0007937 secs] [Times: user=0.00 sys=0.00, real=0.00 secs] 
8.361: [Full GC (Ergonomics) [PSYoungGen: 990K->0K(1536K)] [ParOldGen: 7646K->2017K(8192K)] 8637K->2017K(9728K), [Metaspace: 3328K->3328K(1056768K)], 0.0022182 secs] [Times: user=0.01 sys=0.00, real=0.01 secs] 
8.363: [GC (Allocation Failure) [PSYoungGen: 958K->32K(1536K)] 8607K->7680K(9728K), 0.0008364 secs] [Times: user=0.00 sys=0.00, real=0.00 secs] 
8.364: [GC (Allocation Failure) --[PSYoungGen: 991K->991K(1536K)] 8639K->8639K(9728K), 0.0007851 secs] [Times: user=0.00 sys=0.00, real=0.00 secs] 
8.365: [Full GC (Ergonomics) [PSYoungGen: 991K->0K(1536K)] [ParOldGen: 7648K->2018K(8192K)] 8639K->2018K(9728K), [Metaspace: 3328K->3328K(1056768K)], 0.0025199 secs] [Times: user=0.01 sys=0.00, real=0.00 secs] 
8.368: [GC (Allocation Failure) [PSYoungGen: 958K->32K(1536K)] 8610K->7683K(9728K), 0.0003596 secs] [Times: user=0.00 sys=0.00, real=0.00 secs] 
8.369: [GC (Allocation Failure) --[PSYoungGen: 991K->991K(1536K)] 8642K->8642K(9728K), 0.0008004 secs] [Times: user=0.00 sys=0.00, real=0.00 secs] 
8.370: [Full GC (Ergonomics) [PSYoungGen: 991K->0K(1536K)] [ParOldGen: 7651K->2018K(8192K)] 8642K->2018K(9728K), [Metaspace: 3328K->3328K(1056768K)], 0.0023875 secs] [Times: user=0.00 sys=0.01, real=0.00 secs] 
8.373: [GC (Allocation Failure) [PSYoungGen: 959K->32K(1536K)] 8612K->7685K(9728K), 0.0006804 secs] [Times: user=0.01 sys=0.00, real=0.01 secs] 
8.373: [GC (Allocation Failure) --[PSYoungGen: 991K->991K(1536K)] 8645K->8645K(9728K), 0.0008015 secs] [Times: user=0.00 sys=0.00, real=0.00 secs] 
8.374: [Full GC (Ergonomics) [PSYoungGen: 991K->0K(1536K)] [ParOldGen: 7653K->2018K(8192K)] 8645K->2018K(9728K), [Metaspace: 3328K->3328K(1056768K)], 0.0024635 secs] [Times: user=0.00 sys=0.00, real=0.00 secs] 
8.377: [GC (Allocation Failure) [PSYoungGen: 959K->32K(1536K)] 8615K->7687K(9728K), 0.0008606 secs] [Times: user=0.01 sys=0.00, real=0.00 secs] 
8.378: [GC (Allocation Failure) --[PSYoungGen: 992K->992K(1536K)] 8647K->8647K(9728K), 0.0008079 secs] [Times: user=0.00 sys=0.00, real=0.00 secs] 
8.379: [Full GC (Ergonomics) [PSYoungGen: 992K->0K(1536K)] [ParOldGen: 7655K->2019K(8192K)] 8647K->2019K(9728K), [Metaspace: 3328K->3328K(1056768K)], 0.0024625 secs] [Times: user=0.00 sys=0.00, real=0.00 secs] 
8.382: [GC (Allocation Failure) [PSYoungGen: 959K->32K(1536K)] 8617K->7689K(9728K), 0.0003245 secs] [Times: user=0.00 sys=0.00, real=0.00 secs] 
8.383: [GC (Allocation Failure) --[PSYoungGen: 992K->992K(1536K)] 8650K->8650K(9728K), 0.0007986 secs] [Times: user=0.01 sys=0.00, real=0.01 secs] 
8.383: [Full GC (Ergonomics) [PSYoungGen: 992K->0K(1536K)] [ParOldGen: 7657K->2019K(8192K)] 8650K->2019K(9728K), [Metaspace: 3328K->3328K(1056768K)], 0.0020379 secs] [Times: user=0.00 sys=0.00, real=0.00 secs] 
8.386: [GC (Allocation Failure) [PSYoungGen: 960K->32K(1536K)] 8620K->7692K(9728K), 0.0008578 secs] [Times: user=0.00 sys=0.00, real=0.00 secs] 
8.387: [GC (Allocation Failure) --[PSYoungGen: 992K->992K(1536K)] 8652K->8652K(9728K), 0.0008125 secs] [Times: user=0.01 sys=0.00, real=0.00 secs] 
8.388: [Full GC (Ergonomics) [PSYoungGen: 992K->0K(1536K)] [ParOldGen: 7660K->2019K(8192K)] 8652K->2019K(9728K), [Metaspace: 3328K->3328K(1056768K)], 0.0024086 secs] [Times: user=0.00 sys=0.00, real=0.00 secs] 
8.391: [GC (Allocation Failure) [PSYoungGen: 960K->32K(1536K)] 8622K->7694K(9728K), 0.0008354 secs] [Times: user=0.00 sys=0.00, real=0.00 secs] 
8.392: [GC (Allocation Failure) --[PSYoungGen: 993K->993K(1536K)] 8655K->8655K(9728K), 0.0007978 secs] [Times: user=0.01 sys=0.00, real=0.01 secs] 
8.393: [Full GC (Ergonomics) [PSYoungGen: 993K->0K(1536K)] [ParOldGen: 7662K->2020K(8192K)] 8655K->2020K(9728K), [Metaspace: 3328K->3328K(1056768K)], 0.0023331 secs] [Times: user=0.00 sys=0.00, real=0.00 secs] 
8.396: [GC (Allocation Failure) [PSYoungGen: 960K->32K(1536K)] 8625K->7696K(9728K), 0.0008416 secs] [Times: user=0.00 sys=0.00, real=0.00 secs] 
8.397: [GC (Allocation Failure) --[PSYoungGen: 993K->993K(1536K)] 8657K->8657K(9728K), 0.0008159 secs] [Times: user=0.01 sys=0.00, real=0.00 secs] 
8.397: [Full GC (Ergonomics) [PSYoungGen: 993K->0K(1536K)] [ParOldGen: 7664K->2020K(8192K)] 8657K->2020K(9728K), [Metaspace: 3328K->3328K(1056768K)], 0.0023939 secs] [Times: user=0.00 sys=0.00, real=0.00 secs] 
8.400: [GC (Allocation Failure) [PSYoungGen: 961K->32K(1536K)] 8627K->7698K(9728K), 0.0008266 secs] [Times: user=0.00 sys=0.00, real=0.00 secs] 
8.401: [GC (Allocation Failure) --[PSYoungGen: 993K->993K(1536K)] 8660K->8660K(9728K), 0.0012380 secs] [Times: user=0.01 sys=0.00, real=0.00 secs] 
8.403: [Full GC (Ergonomics) [PSYoungGen: 993K->0K(1536K)] [ParOldGen: 7666K->2020K(8192K)] 8660K->2020K(9728K), [Metaspace: 3328K->3328K(1056768K)], 0.0021399 secs] [Times: user=0.00 sys=0.00, real=0.01 secs] 
8.405: [GC (Allocation Failure) [PSYoungGen: 961K->32K(1536K)] 8630K->7701K(9728K), 0.0008512 secs] [Times: user=0.00 sys=0.00, real=0.00 secs] 
8.406: [GC (Allocation Failure) --[PSYoungGen: 993K->993K(1536K)] 8663K->8663K(9728K), 0.0008075 secs] [Times: user=0.00 sys=0.00, real=0.00 secs] 
8.407: [Full GC (Ergonomics) [PSYoungGen: 993K->0K(1536K)] [ParOldGen: 7669K->2021K(8192K)] 8663K->2021K(9728K), [Metaspace: 3328K->3328K(1056768K)], 0.0025073 secs] [Times: user=0.01 sys=0.00, real=0.00 secs] 
8.410: [GC (Allocation Failure) [PSYoungGen: 961K->32K(1536K)] 8633K->7703K(9728K), 0.0003308 secs] [Times: user=0.00 sys=0.00, real=0.00 secs] 
8.411: [GC (Allocation Failure) --[PSYoungGen: 994K->994K(1536K)] 8665K->8665K(9728K), 0.0008432 secs] [Times: user=0.00 sys=0.00, real=0.00 secs] 
8.412: [Full GC (Ergonomics) [PSYoungGen: 994K->0K(1536K)] [ParOldGen: 7671K->2021K(8192K)] 8665K->2021K(9728K), [Metaspace: 3328K->3328K(1056768K)], 0.0024558 secs] [Times: user=0.01 sys=0.00, real=0.01 secs] 
8.415: [GC (Allocation Failure) [PSYoungGen: 962K->32K(1536K)] 8635K->7705K(9728K), 0.0003175 secs] [Times: user=0.00 sys=0.00, real=0.00 secs] 
8.415: [GC (Allocation Failure) --[PSYoungGen: 994K->994K(1536K)] 8668K->8668K(9728K), 0.0007898 secs] [Times: user=0.00 sys=0.00, real=0.00 secs] 
8.416: [Full GC (Ergonomics) [PSYoungGen: 994K->0K(1536K)] [ParOldGen: 7673K->2021K(8192K)] 8668K->2021K(9728K), [Metaspace: 3328K->3328K(1056768K)], 0.0024248 secs] [Times: user=0.01 sys=0.00, real=0.00 secs] 
8.419: [GC (Allocation Failure) [PSYoungGen: 962K->32K(1536K)] 8638K->7707K(9728K), 0.0008376 secs] [Times: user=0.00 sys=0.00, real=0.00 secs] 
8.420: [GC (Allocation Failure) --[PSYoungGen: 994K->994K(1536K)] 8670K->8670K(9728K), 0.0007974 secs] [Times: user=0.00 sys=0.00, real=0.00 secs] 
8.421: [Full GC (Ergonomics) [PSYoungGen: 994K->0K(1536K)] [ParOldGen: 7675K->2021K(8192K)] 8670K->2021K(9728K), [Metaspace: 3328K->3328K(1056768K)], 0.0039925 secs] [Times: user=0.01 sys=0.00, real=0.01 secs] 
8.425: [GC (Allocation Failure) [PSYoungGen: 962K->32K(1536K)] 8640K->7709K(9728K), 0.0008195 secs] [Times: user=0.01 sys=0.00, real=0.00 secs] 
8.426: [GC (Allocation Failure) --[PSYoungGen: 995K->995K(1536K)] 8673K->8673K(9728K), 0.0008251 secs] [Times: user=0.00 sys=0.00, real=0.00 secs] 
8.427: [Full GC (Ergonomics) [PSYoungGen: 995K->0K(1536K)] [ParOldGen: 7677K->2022K(8192K)] 8673K->2022K(9728K), [Metaspace: 3328K->3328K(1056768K)], 0.0019992 secs] [Times: user=0.00 sys=0.00, real=0.00 secs] 
8.430: [GC (Allocation Failure) [PSYoungGen: 963K->32K(1536K)] 8643K->7712K(9728K), 0.0003340 secs] [Times: user=0.00 sys=0.00, real=0.00 secs] 
8.430: [GC (Allocation Failure) --[PSYoungGen: 995K->995K(1536K)] 8675K->8675K(9728K), 0.0007859 secs] [Times: user=0.01 sys=0.00, real=0.00 secs] 
8.431: [Full GC (Ergonomics) [PSYoungGen: 995K->0K(1536K)] [ParOldGen: 7680K->2022K(8192K)] 8675K->2022K(9728K), [Metaspace: 3328K->3328K(1056768K)], 0.0023110 secs] [Times: user=0.00 sys=0.00, real=0.01 secs] 
8.434: [GC (Allocation Failure) [PSYoungGen: 963K->32K(1536K)] 8645K->7714K(9728K), 0.0008421 secs] [Times: user=0.00 sys=0.00, real=0.00 secs] 
8.435: [GC (Allocation Failure) --[PSYoungGen: 995K->995K(1536K)] 8678K->8678K(9728K), 0.0008078 secs] [Times: user=0.01 sys=0.00, real=0.00 secs] 
8.436: [Full GC (Ergonomics) [PSYoungGen: 995K->0K(1536K)] [ParOldGen: 7682K->2022K(8192K)] 8678K->2022K(9728K), [Metaspace: 3328K->3328K(1056768K)], 0.0025322 secs] [Times: user=0.00 sys=0.00, real=0.00 secs] 
8.439: [GC (Allocation Failure) [PSYoungGen: 963K->32K(1536K)] 8648K->7716K(9728K), 0.0008483 secs] [Times: user=0.00 sys=0.00, real=0.00 secs] 
8.440: [GC (Allocation Failure) --[PSYoungGen: 996K->996K(1536K)] 8680K->8680K(9728K), 0.0007929 secs] [Times: user=0.01 sys=0.00, real=0.00 secs] 
8.441: [Full GC (Ergonomics) [PSYoungGen: 996K->0K(1536K)] [ParOldGen: 7684K->2023K(8192K)] 8680K->2023K(9728K), [Metaspace: 3328K->3328K(1056768K)], 0.0021512 secs] [Times: user=0.00 sys=0.00, real=0.01 secs] 
8.443: [GC (Allocation Failure) [PSYoungGen: 964K->32K(1536K)] 8650K->7718K(9728K), 0.0003196 secs] [Times: user=0.00 sys=0.00, real=0.00 secs] 
8.444: [GC (Allocation Failure) --[PSYoungGen: 996K->996K(1536K)] 8683K->8683K(9728K), 0.0008106 secs] [Times: user=0.00 sys=0.00, real=0.00 secs] 
8.445: [Full GC (Ergonomics) [PSYoungGen: 996K->0K(1536K)] [ParOldGen: 7686K->2023K(8192K)] 8683K->2023K(9728K), [Metaspace: 3328K->3328K(1056768K)], 0.0023136 secs] [Times: user=0.01 sys=0.00, real=0.00 secs] 
8.448: [GC (Allocation Failure) [PSYoungGen: 964K->32K(1536K)] 8653K->7721K(9728K), 0.0008411 secs] [Times: user=0.00 sys=0.00, real=0.00 secs] 
8.449: [GC (Allocation Failure) --[PSYoungGen: 996K->996K(1536K)] 8685K->8685K(9728K), 0.0007922 secs] [Times: user=0.00 sys=0.00, real=0.00 secs] 
8.449: [Full GC (Ergonomics) [PSYoungGen: 996K->0K(1536K)] [ParOldGen: 7689K->2023K(8192K)] 8685K->2023K(9728K), [Metaspace: 3328K->3328K(1056768K)], 0.0024049 secs] [Times: user=0.01 sys=0.00, real=0.00 secs] 
8.452: [GC (Allocation Failure) [PSYoungGen: 964K->32K(1536K)] 8656K->7723K(9728K), 0.0008434 secs] [Times: user=0.00 sys=0.00, real=0.01 secs] 
8.453: [GC (Allocation Failure) --[PSYoungGen: 997K->997K(1536K)] 8688K->8688K(9728K), 0.0008115 secs] [Times: user=0.00 sys=0.00, real=0.00 secs] 
8.454: [Full GC (Ergonomics) [PSYoungGen: 997K->0K(1536K)] [ParOldGen: 7691K->2024K(8192K)] 8688K->2024K(9728K), [Metaspace: 3328K->3328K(1056768K)], 0.0023477 secs] [Times: user=0.01 sys=0.00, real=0.00 secs] 
8.457: [GC (Allocation Failure) [PSYoungGen: 965K->32K(1536K)] 8658K->7725K(9728K), 0.0008500 secs] [Times: user=0.00 sys=0.00, real=0.00 secs] 
8.458: [GC (Allocation Failure) --[PSYoungGen: 997K->997K(1536K)] 8691K->8691K(9728K), 0.0007821 secs] [Times: user=0.00 sys=0.00, real=0.00 secs] 
8.459: [Full GC (Ergonomics) [PSYoungGen: 997K->0K(1536K)] [ParOldGen: 7693K->2024K(8192K)] 8691K->2024K(9728K), [Metaspace: 3328K->3328K(1056768K)], 0.0023644 secs] [Times: user=0.01 sys=0.00, real=0.00 secs] 
8.462: [GC (Allocation Failure) [PSYoungGen: 965K->32K(1536K)] 8661K->7727K(9728K), 0.0003233 secs] [Times: user=0.00 sys=0.00, real=0.00 secs] 
8.462: [GC (Allocation Failure) --[PSYoungGen: 997K->997K(1536K)] 8693K->8693K(9728K), 0.0007974 secs] [Times: user=0.00 sys=0.00, real=0.01 secs] 
8.463: [Full GC (Ergonomics) [PSYoungGen: 997K->0K(1536K)] [ParOldGen: 7695K->2024K(8192K)] 8693K->2024K(9728K), [Metaspace: 3328K->3328K(1056768K)], 0.0023441 secs] [Times: user=0.01 sys=0.01, real=0.00 secs] 
8.466: [GC (Allocation Failure) [PSYoungGen: 965K->32K(1536K)] 8663K->7730K(9728K), 0.0008244 secs] [Times: user=0.00 sys=0.00, real=0.00 secs] 
8.467: [GC (Allocation Failure) --[PSYoungGen: 998K->998K(1536K)] 8696K->8696K(9728K), 0.0008249 secs] [Times: user=0.00 sys=0.00, real=0.00 secs] 
8.468: [Full GC (Ergonomics) [PSYoungGen: 998K->0K(1536K)] [ParOldGen: 7698K->2025K(8192K)] 8696K->2025K(9728K), [Metaspace: 3328K->3328K(1056768K)], 0.0025275 secs] [Times: user=0.01 sys=0.00, real=0.00 secs] 
8.471: [GC (Allocation Failure) [PSYoungGen: 965K->32K(1536K)] 8666K->7732K(9728K), 0.0008480 secs] [Times: user=0.00 sys=0.00, real=0.00 secs] 
8.472: [GC (Allocation Failure) --[PSYoungGen: 998K->998K(1536K)] 8698K->8698K(9728K), 0.0008166 secs] [Times: user=0.00 sys=0.00, real=0.01 secs] 
8.473: [Full GC (Ergonomics) [PSYoungGen: 998K->0K(1536K)] [ParOldGen: 7700K->2025K(8192K)] 8698K->2025K(9728K), [Metaspace: 3328K->3328K(1056768K)], 0.0023164 secs] [Times: user=0.01 sys=0.00, real=0.00 secs] 
8.476: [GC (Allocation Failure) [PSYoungGen: 966K->32K(1536K)] 8668K->7734K(9728K), 0.0008369 secs] [Times: user=0.00 sys=0.00, real=0.00 secs] 
8.477: [GC (Allocation Failure) --[PSYoungGen: 998K->998K(1536K)] 8701K->8701K(9728K), 0.0008268 secs] [Times: user=0.00 sys=0.00, real=0.00 secs] 
8.478: [Full GC (Ergonomics) [PSYoungGen: 998K->0K(1536K)] [ParOldGen: 7702K->2025K(8192K)] 8701K->2025K(9728K), [Metaspace: 3328K->3328K(1056768K)], 0.0025261 secs] [Times: user=0.01 sys=0.00, real=0.00 secs] 
8.481: [GC (Allocation Failure) [PSYoungGen: 966K->32K(1536K)] 8671K->7736K(9728K), 0.0003349 secs] [Times: user=0.00 sys=0.00, real=0.00 secs] 
8.481: [GC (Allocation Failure) --[PSYoungGen: 999K->999K(1536K)] 8703K->8703K(9728K), 0.0008051 secs] [Times: user=0.00 sys=0.00, real=0.00 secs] 
8.482: [Full GC (Ergonomics) [PSYoungGen: 999K->0K(1536K)] [ParOldGen: 7704K->2026K(8192K)] 8703K->2026K(9728K), [Metaspace: 3328K->3328K(1056768K)], 0.0023475 secs] [Times: user=0.00 sys=0.00, real=0.01 secs] 
8.485: [GC (Allocation Failure) [PSYoungGen: 966K->32K(1536K)] 8673K->7739K(9728K), 0.0008288 secs] [Times: user=0.00 sys=0.00, real=0.00 secs] 
8.486: [GC (Allocation Failure) --[PSYoungGen: 999K->999K(1536K)] 8706K->8706K(9728K), 0.0008097 secs] [Times: user=0.00 sys=0.00, real=0.00 secs] 
8.487: [Full GC (Ergonomics) [PSYoungGen: 999K->0K(1536K)] [ParOldGen: 7707K->2026K(8192K)] 8706K->2026K(9728K), [Metaspace: 3328K->3328K(1056768K)], 0.0023451 secs] [Times: user=0.00 sys=0.00, real=0.00 secs] 
8.490: [GC (Allocation Failure) [PSYoungGen: 967K->32K(1536K)] 8676K->7741K(9728K), 0.0008325 secs] [Times: user=0.01 sys=0.00, real=0.00 secs] 
8.491: [GC (Allocation Failure) --[PSYoungGen: 999K->999K(1536K)] 8708K->8708K(9728K), 0.0008079 secs] [Times: user=0.00 sys=0.00, real=0.00 secs] 
8.492: [Full GC (Ergonomics) [PSYoungGen: 999K->0K(1536K)] [ParOldGen: 7709K->2026K(8192K)] 8708K->2026K(9728K), [Metaspace: 3328K->3328K(1056768K)], 0.0023295 secs] [Times: user=0.00 sys=0.00, real=0.01 secs] 
8.494: [GC (Allocation Failure) [PSYoungGen: 967K->32K(1536K)] 8679K->7743K(9728K), 0.0003474 secs] [Times: user=0.01 sys=0.00, real=0.00 secs] 
8.495: [GC (Allocation Failure) --[PSYoungGen: 1000K->1000K(1536K)] 8711K->8711K(9728K), 0.0008106 secs] [Times: user=0.00 sys=0.00, real=0.00 secs] 
8.496: [Full GC (Ergonomics) [PSYoungGen: 1000K->0K(1536K)] [ParOldGen: 7711K->2027K(8192K)] 8711K->2027K(9728K), [Metaspace: 3328K->3328K(1056768K)], 0.0020438 secs] [Times: user=0.00 sys=0.00, real=0.00 secs] 
8.499: [GC (Allocation Failure) [PSYoungGen: 967K->32K(1536K)] 8681K->7745K(9728K), 0.0005288 secs] [Times: user=0.00 sys=0.00, real=0.00 secs] 
8.500: [GC (Allocation Failure) --[PSYoungGen: 1000K->1000K(1536K)] 8714K->8714K(9728K), 0.0006711 secs] [Times: user=0.00 sys=0.00, real=0.00 secs] 
8.500: [Full GC (Ergonomics) [PSYoungGen: 1000K->0K(1536K)] [ParOldGen: 7713K->2027K(8192K)] 8714K->2027K(9728K), [Metaspace: 3328K->3328K(1056768K)], 0.0030386 secs] [Times: user=0.01 sys=0.00, real=0.01 secs] 
8.505: [GC (Allocation Failure) [PSYoungGen: 968K->32K(1536K)] 8684K->7747K(9728K), 0.0004148 secs] [Times: user=0.00 sys=0.00, real=0.00 secs] 
8.506: [GC (Allocation Failure) --[PSYoungGen: 1000K->1000K(1536K)] 8716K->8716K(9728K), 0.0009820 secs] [Times: user=0.01 sys=0.00, real=0.00 secs] 
8.507: [Full GC (Ergonomics) [PSYoungGen: 1000K->0K(1536K)] [ParOldGen: 7715K->2027K(8192K)] 8716K->2027K(9728K), [Metaspace: 3328K->3328K(1056768K)], 0.0025289 secs] [Times: user=0.00 sys=0.00, real=0.00 secs] 
8.510: [GC (Allocation Failure) [PSYoungGen: 968K->32K(1536K)] 8686K->7750K(9728K), 0.0003385 secs] [Times: user=0.00 sys=0.00, real=0.00 secs] 
8.510: [GC (Allocation Failure) --[PSYoungGen: 1001K->1001K(1536K)] 8719K->8719K(9728K), 0.0003286 secs] [Times: user=0.00 sys=0.00, real=0.00 secs] 
8.511: [Full GC (Ergonomics) [PSYoungGen: 1001K->0K(1536K)] [ParOldGen: 7718K->2028K(8192K)] 8719K->2028K(9728K), [Metaspace: 3328K->3328K(1056768K)], 0.0024776 secs] [Times: user=0.01 sys=0.00, real=0.01 secs] 
8.514: [GC (Allocation Failure) [PSYoungGen: 968K->32K(1536K)] 8689K->7752K(9728K), 0.0008653 secs] [Times: user=0.00 sys=0.00, real=0.00 secs] 
8.515: [GC (Allocation Failure) --[PSYoungGen: 1001K->1001K(1536K)] 8721K->8721K(9728K), 0.0006491 secs] [Times: user=0.00 sys=0.00, real=0.00 secs] 
8.516: [Full GC (Ergonomics) [PSYoungGen: 1001K->0K(1536K)] [ParOldGen: 7720K->2028K(8192K)] 8721K->2028K(9728K), [Metaspace: 3328K->3328K(1056768K)], 0.0021599 secs] [Times: user=0.01 sys=0.00, real=0.00 secs] 
8.518: [GC (Allocation Failure) [PSYoungGen: 969K->32K(1536K)] 8691K->7754K(9728K), 0.0008289 secs] [Times: user=0.00 sys=0.00, real=0.00 secs] 
8.519: [GC (Allocation Failure) --[PSYoungGen: 1001K->1001K(1536K)] 8724K->8724K(9728K), 0.0008164 secs] [Times: user=0.00 sys=0.00, real=0.00 secs] 
8.520: [Full GC (Ergonomics) [PSYoungGen: 1001K->0K(1536K)] [ParOldGen: 7722K->2028K(8192K)] 8724K->2028K(9728K), [Metaspace: 3328K->3328K(1056768K)], 0.0022455 secs] [Times: user=0.01 sys=0.00, real=0.00 secs] 
8.523: [GC (Allocation Failure) [PSYoungGen: 969K->32K(1536K)] 8694K->7756K(9728K), 0.0003148 secs] [Times: user=0.00 sys=0.00, real=0.00 secs] 
8.523: [GC (Allocation Failure) --[PSYoungGen: 1001K->1001K(1536K)] 8726K->8726K(9728K), 0.0007874 secs] [Times: user=0.00 sys=0.00, real=0.00 secs] 
8.524: [Full GC (Ergonomics) [PSYoungGen: 1001K->0K(1536K)] [ParOldGen: 7724K->2029K(8192K)] 8726K->2029K(9728K), [Metaspace: 3328K->3328K(1056768K)], 0.0021297 secs] [Times: user=0.00 sys=0.00, real=0.00 secs] 
8.527: [GC (Allocation Failure) [PSYoungGen: 969K->32K(1536K)] 8697K->7759K(9728K), 0.0008407 secs] [Times: user=0.01 sys=0.00, real=0.00 secs] 
8.528: [GC (Allocation Failure) --[PSYoungGen: 1002K->1002K(1536K)] 8729K->8729K(9728K), 0.0007979 secs] [Times: user=0.00 sys=0.00, real=0.00 secs] 
8.529: [Full GC (Ergonomics) [PSYoungGen: 1002K->0K(1536K)] [ParOldGen: 7727K->2029K(8192K)] 8729K->2029K(9728K), [Metaspace: 3328K->3328K(1056768K)], 0.0023148 secs] [Times: user=0.00 sys=0.00, real=0.00 secs] 
8.532: [GC (Allocation Failure) [PSYoungGen: 970K->32K(1536K)] 8699K->7761K(9728K), 0.0008281 secs] [Times: user=0.01 sys=0.00, real=0.00 secs] 
8.533: [GC (Allocation Failure) --[PSYoungGen: 1002K->1002K(1536K)] 8732K->8732K(9728K), 0.0008108 secs] [Times: user=0.00 sys=0.00, real=0.01 secs] 
8.533: [Full GC (Ergonomics) [PSYoungGen: 1002K->0K(1536K)] [ParOldGen: 7729K->2029K(8192K)] 8732K->2029K(9728K), [Metaspace: 3328K->3328K(1056768K)], 0.0020560 secs] [Times: user=0.00 sys=0.00, real=0.00 secs] 
8.536: [GC (Allocation Failure) [PSYoungGen: 970K->32K(1536K)] 8702K->7763K(9728K), 0.0003446 secs] [Times: user=0.00 sys=0.00, real=0.00 secs] 
8.537: [GC (Allocation Failure) --[PSYoungGen: 1002K->1002K(1536K)] 8734K->8734K(9728K), 0.0007805 secs] [Times: user=0.01 sys=0.00, real=0.00 secs] 
8.537: [Full GC (Ergonomics) [PSYoungGen: 1002K->0K(1536K)] [ParOldGen: 7731K->2029K(8192K)] 8734K->2029K(9728K), [Metaspace: 3328K->3328K(1056768K)], 0.0023465 secs] [Times: user=0.00 sys=0.00, real=0.00 secs] 
8.540: [GC (Allocation Failure) [PSYoungGen: 970K->32K(1536K)] 8704K->7765K(9728K), 0.0008410 secs] [Times: user=0.00 sys=0.00, real=0.00 secs] 
8.541: [GC (Allocation Failure) --[PSYoungGen: 1003K->1003K(1536K)] 8737K->8737K(9728K), 0.0007996 secs] [Times: user=0.01 sys=0.00, real=0.00 secs] 
8.542: [Full GC (Ergonomics) [PSYoungGen: 1003K->0K(1536K)] [ParOldGen: 7733K->2030K(8192K)] 8737K->2030K(9728K), [Metaspace: 3328K->3328K(1056768K)], 0.0023475 secs] [Times: user=0.00 sys=0.00, real=0.01 secs] 
8.545: [GC (Allocation Failure) [PSYoungGen: 971K->32K(1536K)] 8707K->7768K(9728K), 0.0003342 secs] [Times: user=0.00 sys=0.00, real=0.00 secs] 
8.546: [GC (Allocation Failure) --[PSYoungGen: 1003K->1003K(1536K)] 8739K->8739K(9728K), 0.0007709 secs] [Times: user=0.00 sys=0.00, real=0.00 secs] 
8.546: [Full GC (Ergonomics) [PSYoungGen: 1003K->0K(1536K)] [ParOldGen: 7736K->2030K(8192K)] 8739K->2030K(9728K), [Metaspace: 3328K->3328K(1056768K)], 0.0023361 secs] [Times: user=0.01 sys=0.00, real=0.00 secs] 
8.549: [GC (Allocation Failure) [PSYoungGen: 971K->32K(1536K)] 8709K->7770K(9728K), 0.0008470 secs] [Times: user=0.00 sys=0.00, real=0.00 secs] 
8.550: [GC (Allocation Failure) --[PSYoungGen: 1003K->1003K(1536K)] 8742K->8742K(9728K), 0.0003218 secs] [Times: user=0.00 sys=0.01, real=0.00 secs] 
8.551: [Full GC (Ergonomics) [PSYoungGen: 1003K->0K(1536K)] [ParOldGen: 7738K->2030K(8192K)] 8742K->2030K(9728K), [Metaspace: 3328K->3328K(1056768K)], 0.0023332 secs] [Times: user=0.01 sys=0.00, real=0.01 secs] 
8.553: [GC (Allocation Failure) [PSYoungGen: 971K->32K(1536K)] 8712K->7772K(9728K), 0.0008375 secs] [Times: user=0.00 sys=0.00, real=0.00 secs] 
8.554: [GC (Allocation Failure) --[PSYoungGen: 1004K->1004K(1536K)] 8744K->8744K(9728K), 0.0007998 secs] [Times: user=0.00 sys=0.00, real=0.00 secs] 
8.555: [Full GC (Ergonomics) [PSYoungGen: 1004K->0K(1536K)] [ParOldGen: 7740K->2031K(8192K)] 8744K->2031K(9728K), [Metaspace: 3328K->3328K(1056768K)], 0.0021372 secs] [Times: user=0.01 sys=0.00, real=0.00 secs] 
8.558: [GC (Allocation Failure) [PSYoungGen: 972K->32K(1536K)] 8714K->7774K(9728K), 0.0008364 secs] [Times: user=0.00 sys=0.00, real=0.00 secs] 
8.559: [GC (Allocation Failure) --[PSYoungGen: 1004K->1004K(1536K)] 8747K->8747K(9728K), 0.0008183 secs] [Times: user=0.00 sys=0.00, real=0.00 secs] 
8.560: [Full GC (Ergonomics) [PSYoungGen: 1004K->0K(1536K)] [ParOldGen: 7742K->2031K(8192K)] 8747K->2031K(9728K), [Metaspace: 3328K->3328K(1056768K)], 0.0023335 secs] [Times: user=0.01 sys=0.00, real=0.00 secs] 
8.563: [GC (Allocation Failure) [PSYoungGen: 972K->32K(1536K)] 8717K->7777K(9728K), 0.0003270 secs] [Times: user=0.00 sys=0.00, real=0.00 secs] 
8.563: [GC (Allocation Failure) --[PSYoungGen: 1004K->1004K(1536K)] 8749K->8749K(9728K), 0.0007896 secs] [Times: user=0.00 sys=0.00, real=0.00 secs] 
8.564: [Full GC (Ergonomics) [PSYoungGen: 1004K->0K(1536K)] [ParOldGen: 7745K->2031K(8192K)] 8749K->2031K(9728K), [Metaspace: 3328K->3328K(1056768K)], 0.0024757 secs] [Times: user=0.01 sys=0.00, real=0.00 secs] 
8.567: [GC (Allocation Failure) [PSYoungGen: 972K->32K(1536K)] 8720K->7779K(9728K), 0.0008476 secs] [Times: user=0.00 sys=0.00, real=0.00 secs] 
8.568: [GC (Allocation Failure) --[PSYoungGen: 1005K->1005K(1536K)] 8752K->8752K(9728K), 0.0008013 secs] [Times: user=0.00 sys=0.00, real=0.00 secs] 
8.569: [Full GC (Ergonomics) [PSYoungGen: 1005K->0K(1536K)] [ParOldGen: 7747K->2032K(8192K)] 8752K->2032K(9728K), [Metaspace: 3328K->3328K(1056768K)], 0.0021573 secs] [Times: user=0.00 sys=0.00, real=0.00 secs] 
8.572: [GC (Allocation Failure) [PSYoungGen: 973K->32K(1536K)] 8722K->7781K(9728K), 0.0006492 secs] [Times: user=0.01 sys=0.00, real=0.00 secs] 
8.572: [GC (Allocation Failure) --[PSYoungGen: 1005K->1005K(1536K)] 8755K->8755K(9728K), 0.0008076 secs] [Times: user=0.00 sys=0.00, real=0.01 secs] 
8.573: [Full GC (Ergonomics) [PSYoungGen: 1005K->0K(1536K)] [ParOldGen: 7749K->2032K(8192K)] 8755K->2032K(9728K), [Metaspace: 3328K->3328K(1056768K)], 0.0028343 secs] [Times: user=0.00 sys=0.00, real=0.00 secs] 
8.577: [GC (Allocation Failure) [PSYoungGen: 973K->32K(1536K)] 8725K->7783K(9728K), 0.0008390 secs] [Times: user=0.01 sys=0.00, real=0.00 secs] 
8.578: [GC (Allocation Failure) --[PSYoungGen: 1005K->1005K(1536K)] 8757K->8757K(9728K), 0.0008207 secs] [Times: user=0.00 sys=0.00, real=0.00 secs] 
8.579: [Full GC (Ergonomics) [PSYoungGen: 1005K->0K(1536K)] [ParOldGen: 7751K->2032K(8192K)] 8757K->2032K(9728K), [Metaspace: 3328K->3328K(1056768K)], 0.0024665 secs] [Times: user=0.00 sys=0.00, real=0.00 secs] 
8.582: [GC (Allocation Failure) [PSYoungGen: 973K->32K(1536K)] 8727K->7786K(9728K), 0.0008405 secs] [Times: user=0.01 sys=0.00, real=0.00 secs] 
8.583: [GC (Allocation Failure) --[PSYoungGen: 1006K->1006K(1536K)] 8760K->8760K(9728K), 0.0003162 secs] [Times: user=0.00 sys=0.00, real=0.01 secs] 
8.583: [Full GC (Ergonomics) [PSYoungGen: 1006K->0K(1536K)] [ParOldGen: 7754K->2033K(8192K)] 8760K->2033K(9728K), [Metaspace: 3328K->3328K(1056768K)], 0.0024981 secs] [Times: user=0.00 sys=0.00, real=0.00 secs] 
8.586: [GC (Allocation Failure) [PSYoungGen: 974K->32K(1536K)] 8730K->7788K(9728K), 0.0003905 secs] [Times: user=0.00 sys=0.00, real=0.00 secs] 
8.587: [GC (Allocation Failure) --[PSYoungGen: 1006K->1006K(1536K)] 8762K->8762K(9728K), 0.0004002 secs] [Times: user=0.00 sys=0.00, real=0.00 secs] 
8.587: [Full GC (Ergonomics) [PSYoungGen: 1006K->0K(1536K)] [ParOldGen: 7756K->2033K(8192K)] 8762K->2033K(9728K), [Metaspace: 3328K->3328K(1056768K)], 0.0025642 secs] [Times: user=0.01 sys=0.00, real=0.00 secs] 
8.590: [GC (Allocation Failure) [PSYoungGen: 974K->32K(1536K)] 8732K->7790K(9728K), 0.0008449 secs] [Times: user=0.00 sys=0.00, real=0.00 secs] 
8.591: [GC (Allocation Failure) --[PSYoungGen: 1006K->1006K(1536K)] 8765K->8765K(9728K), 0.0008292 secs] [Times: user=0.00 sys=0.00, real=0.00 secs] 
8.592: [Full GC (Ergonomics) [PSYoungGen: 1006K->0K(1536K)] [ParOldGen: 7758K->2033K(8192K)] 8765K->2033K(9728K), [Metaspace: 3328K->3328K(1056768K)], 0.0025267 secs] [Times: user=0.01 sys=0.00, real=0.01 secs] 
8.595: [GC (Allocation Failure) [PSYoungGen: 974K->32K(1536K)] 8735K->7792K(9728K), 0.0008795 secs] [Times: user=0.00 sys=0.00, real=0.00 secs] 
8.596: [GC (Allocation Failure) --[PSYoungGen: 1007K->1007K(1536K)] 8767K->8767K(9728K), 0.0007946 secs] [Times: user=0.00 sys=0.00, real=0.00 secs] 
8.597: [Full GC (Ergonomics) [PSYoungGen: 1007K->0K(1536K)] [ParOldGen: 7760K->2034K(8192K)] 8767K->2034K(9728K), [Metaspace: 3328K->3328K(1056768K)], 0.0024972 secs] [Times: user=0.01 sys=0.00, real=0.00 secs] 
8.600: [GC (Allocation Failure) [PSYoungGen: 974K->32K(1536K)] 8738K->7795K(9728K), 0.0004720 secs] [Times: user=0.00 sys=0.00, real=0.00 secs] 
8.601: [GC (Allocation Failure) --[PSYoungGen: 1007K->1007K(1536K)] 8770K->8770K(9728K), 0.0008103 secs] [Times: user=0.00 sys=0.00, real=0.00 secs] 
8.602: [Full GC (Ergonomics) [PSYoungGen: 1007K->0K(1536K)] [ParOldGen: 7763K->2034K(8192K)] 8770K->2034K(9728K), [Metaspace: 3328K->3328K(1056768K)], 0.0023973 secs] [Times: user=0.01 sys=0.00, real=0.01 secs] 
8.604: [GC (Allocation Failure) [PSYoungGen: 975K->32K(1536K)] 8740K->7797K(9728K), 0.0008374 secs] [Times: user=0.00 sys=0.00, real=0.00 secs] 
8.605: [GC (Allocation Failure) --[PSYoungGen: 1007K->1007K(1536K)] 8773K->8773K(9728K), 0.0007962 secs] [Times: user=0.00 sys=0.00, real=0.00 secs] 
8.606: [Full GC (Ergonomics) [PSYoungGen: 1007K->0K(1536K)] [ParOldGen: 7765K->2034K(8192K)] 8773K->2034K(9728K), [Metaspace: 3328K->3328K(1056768K)], 0.0024021 secs] [Times: user=0.01 sys=0.00, real=0.00 secs] 
8.609: [GC (Allocation Failure) [PSYoungGen: 975K->32K(1536K)] 8743K->7799K(9728K), 0.0008406 secs] [Times: user=0.00 sys=0.00, real=0.00 secs] 
8.610: [GC (Allocation Failure) --[PSYoungGen: 1008K->1008K(1536K)] 8775K->8775K(9728K), 0.0008046 secs] [Times: user=0.00 sys=0.00, real=0.00 secs] 
8.611: [Full GC (Ergonomics) [PSYoungGen: 1008K->0K(1536K)] [ParOldGen: 7767K->2035K(8192K)] 8775K->2035K(9728K), [Metaspace: 3328K->3328K(1056768K)], 0.0024925 secs] [Times: user=0.01 sys=0.00, real=0.01 secs] 
8.614: [GC (Allocation Failure) [PSYoungGen: 975K->32K(1536K)] 8745K->7801K(9728K), 0.0008604 secs] [Times: user=0.00 sys=0.00, real=0.00 secs] 
8.615: [GC (Allocation Failure) --[PSYoungGen: 1008K->1008K(1536K)] 8778K->8778K(9728K), 0.0008048 secs] [Times: user=0.00 sys=0.00, real=0.00 secs] 
8.616: [Full GC (Ergonomics) [PSYoungGen: 1008K->0K(1536K)] [ParOldGen: 7769K->2035K(8192K)] 8778K->2035K(9728K), [Metaspace: 3328K->3328K(1056768K)], 0.0023476 secs] [Times: user=0.01 sys=0.00, real=0.00 secs] 
8.619: [GC (Allocation Failure) [PSYoungGen: 976K->32K(1536K)] 8748K->7804K(9728K), 0.0008381 secs] [Times: user=0.00 sys=0.00, real=0.00 secs] 
8.620: [GC (Allocation Failure) --[PSYoungGen: 1008K->1008K(1536K)] 8780K->8780K(9728K), 0.0003033 secs] [Times: user=0.00 sys=0.00, real=0.00 secs] 
8.620: [Full GC (Ergonomics) [PSYoungGen: 1008K->0K(1536K)] [ParOldGen: 7772K->2035K(8192K)] 8780K->2035K(9728K), [Metaspace: 3328K->3328K(1056768K)], 0.0022983 secs] [Times: user=0.01 sys=0.00, real=0.00 secs] 
8.623: [GC (Allocation Failure) [PSYoungGen: 976K->32K(1536K)] 8750K->7806K(9728K), 0.0008290 secs] [Times: user=0.00 sys=0.00, real=0.00 secs] 
8.624: [GC (Allocation Failure) --[PSYoungGen: 1009K->1009K(1536K)] 8783K->8783K(9728K), 0.0007935 secs] [Times: user=0.00 sys=0.00, real=0.00 secs] 
8.625: [Full GC (Ergonomics) [PSYoungGen: 1009K->0K(1536K)] [ParOldGen: 7774K->2036K(8192K)] 8783K->2036K(9728K), [Metaspace: 3328K->3328K(1056768K)], 0.0023653 secs] [Times: user=0.01 sys=0.00, real=0.00 secs] 
8.628: [GC (Allocation Failure) [PSYoungGen: 976K->32K(1536K)] 8753K->7808K(9728K), 0.0008439 secs] [Times: user=0.00 sys=0.00, real=0.00 secs] 
8.629: [GC (Allocation Failure) --[PSYoungGen: 1009K->1009K(1536K)] 8785K->8785K(9728K), 0.0007786 secs] [Times: user=0.00 sys=0.00, real=0.00 secs] 
8.630: [Full GC (Ergonomics) [PSYoungGen: 1009K->0K(1536K)] [ParOldGen: 7776K->2036K(8192K)] 8785K->2036K(9728K), [Metaspace: 3328K->3328K(1056768K)], 0.0023786 secs] [Times: user=0.01 sys=0.00, real=0.00 secs] 
8.633: [GC (Allocation Failure) [PSYoungGen: 977K->32K(1536K)] 8755K->7810K(9728K), 0.0008180 secs] [Times: user=0.00 sys=0.00, real=0.01 secs] 
8.634: [GC (Allocation Failure) --[PSYoungGen: 1009K->1009K(1536K)] 8788K->8788K(9728K), 0.0007892 secs] [Times: user=0.00 sys=0.00, real=0.00 secs] 
8.634: [Full GC (Ergonomics) [PSYoungGen: 1009K->0K(1536K)] [ParOldGen: 7778K->2036K(8192K)] 8788K->2036K(9728K), [Metaspace: 3328K->3328K(1056768K)], 0.0025468 secs] [Times: user=0.01 sys=0.00, real=0.00 secs] 
8.638: [GC (Allocation Failure) [PSYoungGen: 977K->32K(1536K)] 8758K->7813K(9728K), 0.0008256 secs] [Times: user=0.00 sys=0.00, real=0.00 secs] 
8.639: [GC (Allocation Failure) --[PSYoungGen: 1009K->1009K(1536K)] 8790K->8790K(9728K), 0.0007892 secs] [Times: user=0.00 sys=0.00, real=0.00 secs] 
8.639: [Full GC (Ergonomics) [PSYoungGen: 1009K->0K(1536K)] [ParOldGen: 7781K->2037K(8192K)] 8790K->2037K(9728K), [Metaspace: 3328K->3328K(1056768K)], 0.0027362 secs] [Times: user=0.01 sys=0.00, real=0.00 secs] 
8.643: [GC (Allocation Failure) [PSYoungGen: 977K->32K(1536K)] 8761K->7815K(9728K), 0.0008290 secs] [Times: user=0.00 sys=0.00, real=0.01 secs] 
8.644: [GC (Allocation Failure) --[PSYoungGen: 1010K->1010K(1536K)] 8793K->8793K(9728K), 0.0008373 secs] [Times: user=0.00 sys=0.00, real=0.00 secs] 
8.645: [Full GC (Ergonomics) [PSYoungGen: 1010K->0K(1536K)] [ParOldGen: 7783K->2037K(8192K)] 8793K->2037K(9728K), [Metaspace: 3328K->3328K(1056768K)], 0.0028050 secs] [Times: user=0.01 sys=0.00, real=0.00 secs] 
8.648: [GC (Allocation Failure) [PSYoungGen: 978K->32K(1536K)] 8763K->7817K(9728K), 0.0003438 secs] [Times: user=0.00 sys=0.00, real=0.00 secs] 
8.648: [GC (Allocation Failure) --[PSYoungGen: 1010K->1010K(1536K)] 8796K->8796K(9728K), 0.0007926 secs] [Times: user=0.00 sys=0.00, real=0.00 secs] 
8.649: [Full GC (Ergonomics) [PSYoungGen: 1010K->0K(1536K)] [ParOldGen: 7785K->2037K(8192K)] 8796K->2037K(9728K), [Metaspace: 3328K->3328K(1056768K)], 0.0021462 secs] [Times: user=0.01 sys=0.00, real=0.00 secs] 
8.652: [GC (Allocation Failure) [PSYoungGen: 978K->32K(1536K)] 8766K->7819K(9728K), 0.0004113 secs] [Times: user=0.00 sys=0.00, real=0.00 secs] 
8.653: [GC (Allocation Failure) --[PSYoungGen: 1010K->1010K(1536K)] 8798K->8798K(9728K), 0.0003089 secs] [Times: user=0.00 sys=0.00, real=0.01 secs] 
8.653: [Full GC (Ergonomics) [PSYoungGen: 1010K->0K(1536K)] [ParOldGen: 7787K->2037K(8192K)] 8798K->2037K(9728K), [Metaspace: 3328K->3328K(1056768K)], 0.0025051 secs] [Times: user=0.00 sys=0.00, real=0.00 secs] 
8.656: [GC (Allocation Failure) [PSYoungGen: 978K->32K(1536K)] 8768K->7821K(9728K), 0.0003256 secs] [Times: user=0.00 sys=0.00, real=0.00 secs] 
8.657: [GC (Allocation Failure) --[PSYoungGen: 1011K->1011K(1536K)] 8801K->8801K(9728K), 0.0007915 secs] [Times: user=0.00 sys=0.00, real=0.00 secs] 
8.657: [Full GC (Ergonomics) [PSYoungGen: 1011K->0K(1536K)] [ParOldGen: 7789K->2038K(8192K)] 8801K->2038K(9728K), [Metaspace: 3328K->3328K(1056768K)], 0.0023511 secs] [Times: user=0.01 sys=0.00, real=0.00 secs] 
8.660: [GC (Allocation Failure) [PSYoungGen: 979K->32K(1536K)] 8771K->7824K(9728K), 0.0003335 secs] [Times: user=0.00 sys=0.00, real=0.00 secs] 
8.661: [GC (Allocation Failure) --[PSYoungGen: 1011K->1011K(1536K)] 8803K->8803K(9728K), 0.0002989 secs] [Times: user=0.00 sys=0.00, real=0.00 secs] 
8.661: [Full GC (Ergonomics) [PSYoungGen: 1011K->0K(1536K)] [ParOldGen: 7792K->2038K(8192K)] 8803K->2038K(9728K), [Metaspace: 3328K->3328K(1056768K)], 0.0028349 secs] [Times: user=0.01 sys=0.00, real=0.01 secs] 
8.665: [GC (Allocation Failure) [PSYoungGen: 979K->32K(1536K)] 8773K->7826K(9728K), 0.0004965 secs] [Times: user=0.00 sys=0.00, real=0.00 secs] 
8.665: [GC (Allocation Failure) --[PSYoungGen: 1011K->1011K(1536K)] 8806K->8806K(9728K), 0.0007946 secs] [Times: user=0.00 sys=0.00, real=0.00 secs] 
8.666: [Full GC (Ergonomics) [PSYoungGen: 1011K->0K(1536K)] [ParOldGen: 7794K->2038K(8192K)] 8806K->2038K(9728K), [Metaspace: 3328K->3328K(1056768K)], 0.0024710 secs] [Times: user=0.01 sys=0.00, real=0.00 secs] 
8.669: [GC (Allocation Failure) [PSYoungGen: 979K->32K(1536K)] 8776K->7828K(9728K), 0.0008399 secs] [Times: user=0.00 sys=0.00, real=0.00 secs] 
8.670: [GC (Allocation Failure) --[PSYoungGen: 1012K->1012K(1536K)] 8808K->8808K(9728K), 0.0002966 secs] [Times: user=0.00 sys=0.00, real=0.00 secs] 
8.670: [Full GC (Ergonomics) [PSYoungGen: 1012K->0K(1536K)] [ParOldGen: 7796K->2039K(8192K)] 8808K->2039K(9728K), [Metaspace: 3328K->3328K(1056768K)], 0.0024608 secs] [Times: user=0.00 sys=0.00, real=0.01 secs] 
8.673: [GC (Allocation Failure) [PSYoungGen: 980K->32K(1536K)] 8779K->7830K(9728K), 0.0008338 secs] [Times: user=0.01 sys=0.00, real=0.00 secs] 
8.674: [GC (Allocation Failure) --[PSYoungGen: 1012K->1012K(1536K)] 8811K->8811K(9728K), 0.0002729 secs] [Times: user=0.00 sys=0.00, real=0.00 secs] 
8.675: [Full GC (Ergonomics) [PSYoungGen: 1012K->0K(1536K)] [ParOldGen: 7798K->2039K(8192K)] 8811K->2039K(9728K), [Metaspace: 3328K->3328K(1056768K)], 0.0027715 secs] [Times: user=0.00 sys=0.00, real=0.00 secs] 
8.678: [GC (Allocation Failure) [PSYoungGen: 980K->32K(1536K)] 8781K->7833K(9728K), 0.0003192 secs] [Times: user=0.00 sys=0.00, real=0.00 secs] 
8.679: [GC (Allocation Failure) --[PSYoungGen: 1012K->1012K(1536K)] 8814K->8814K(9728K), 0.0002812 secs] [Times: user=0.00 sys=0.00, real=0.00 secs] 
8.679: [Full GC (Ergonomics) [PSYoungGen: 1012K->0K(1536K)] [ParOldGen: 7801K->2039K(8192K)] 8814K->2039K(9728K), [Metaspace: 3328K->3328K(1056768K)], 0.0020367 secs] [Times: user=0.01 sys=0.00, real=0.00 secs] 
8.681: [GC (Allocation Failure) [PSYoungGen: 980K->32K(1536K)] 8784K->7835K(9728K), 0.0003095 secs] [Times: user=0.00 sys=0.00, real=0.00 secs] 
8.682: [GC (Allocation Failure) --[PSYoungGen: 1013K->1013K(1536K)] 8816K->8816K(9728K), 0.0003018 secs] [Times: user=0.00 sys=0.00, real=0.00 secs] 
8.682: [Full GC (Ergonomics) [PSYoungGen: 1013K->0K(1536K)] [ParOldGen: 7803K->2040K(8192K)] 8816K->2040K(9728K), [Metaspace: 3328K->3328K(1056768K)], 0.0032862 secs] [Times: user=0.01 sys=0.00, real=0.01 secs] 
8.686: [GC (Allocation Failure) [PSYoungGen: 981K->32K(1536K)] 8786K->7837K(9728K), 0.0003238 secs] [Times: user=0.00 sys=0.00, real=0.00 secs] 
8.687: [GC (Allocation Failure) --[PSYoungGen: 1013K->1013K(1536K)] 8819K->8819K(9728K), 0.0002875 secs] [Times: user=0.00 sys=0.00, real=0.00 secs] 
8.687: [Full GC (Ergonomics) [PSYoungGen: 1013K->0K(1536K)] [ParOldGen: 7805K->2040K(8192K)] 8819K->2040K(9728K), [Metaspace: 3328K->3328K(1056768K)], 0.0028338 secs] [Times: user=0.00 sys=0.00, real=0.00 secs] 
8.690: [GC (Allocation Failure) [PSYoungGen: 981K->32K(1536K)] 8789K->7839K(9728K), 0.0006638 secs] [Times: user=0.00 sys=0.00, real=0.00 secs] 
8.691: [GC (Allocation Failure) --[PSYoungGen: 1013K->1013K(1536K)] 8821K->8821K(9728K), 0.0003034 secs] [Times: user=0.01 sys=0.00, real=0.00 secs] 
8.692: [Full GC (Ergonomics) [PSYoungGen: 1013K->0K(1536K)] [ParOldGen: 7807K->2040K(8192K)] 8821K->2040K(9728K), [Metaspace: 3328K->3328K(1056768K)], 0.0043137 secs] [Times: user=0.00 sys=0.00, real=0.01 secs] 
8.698: [GC (Allocation Failure) [PSYoungGen: 981K->32K(1536K)] 8791K->7842K(9728K), 0.0005423 secs] [Times: user=0.01 sys=0.00, real=0.00 secs] 
8.698: [GC (Allocation Failure) --[PSYoungGen: 1014K->1014K(1536K)] 8824K->8824K(9728K), 0.0002980 secs] [Times: user=0.00 sys=0.00, real=0.00 secs] 
8.699: [Full GC (Ergonomics) [PSYoungGen: 1014K->0K(1536K)] [ParOldGen: 7810K->2041K(8192K)] 8824K->2041K(9728K), [Metaspace: 3328K->3328K(1056768K)], 0.0028015 secs] [Times: user=0.00 sys=0.00, real=0.00 secs] 
8.702: [GC (Allocation Failure) [PSYoungGen: 982K->32K(1536K)] 8794K->7844K(9728K), 0.0003123 secs] [Times: user=0.00 sys=0.00, real=0.00 secs] 
8.703: [GC (Allocation Failure) --[PSYoungGen: 1014K->1014K(1536K)] 8826K->8826K(9728K), 0.0002939 secs] [Times: user=0.00 sys=0.00, real=0.01 secs] 
8.703: [Full GC (Ergonomics) [PSYoungGen: 1014K->0K(1536K)] [ParOldGen: 7812K->2041K(8192K)] 8826K->2041K(9728K), [Metaspace: 3328K->3328K(1056768K)], 0.0033861 secs] [Times: user=0.01 sys=0.00, real=0.00 secs] 
8.707: [GC (Allocation Failure) [PSYoungGen: 982K->32K(1536K)] 8796K->7846K(9728K), 0.0008422 secs] [Times: user=0.00 sys=0.00, real=0.00 secs] 
8.708: [GC (Allocation Failure) --[PSYoungGen: 1014K->1014K(1536K)] 8829K->8829K(9728K), 0.0008025 secs] [Times: user=0.00 sys=0.00, real=0.00 secs] 
8.709: [Full GC (Ergonomics) [PSYoungGen: 1014K->0K(1536K)] [ParOldGen: 7814K->2041K(8192K)] 8829K->2041K(9728K), [Metaspace: 3328K->3328K(1056768K)], 0.0025445 secs] [Times: user=0.01 sys=0.00, real=0.00 secs] 
8.712: [GC (Allocation Failure) [PSYoungGen: 982K->32K(1536K)] 8799K->7848K(9728K), 0.0008411 secs] [Times: user=0.00 sys=0.00, real=0.01 secs] 
8.713: [GC (Allocation Failure) --[PSYoungGen: 1015K->1015K(1536K)] 8831K->8831K(9728K), 0.0007856 secs] [Times: user=0.00 sys=0.00, real=0.00 secs] 
8.714: [Full GC (Ergonomics) [PSYoungGen: 1015K->0K(1536K)] [ParOldGen: 7816K->2042K(8192K)] 8831K->2042K(9728K), [Metaspace: 3328K->3328K(1056768K)], 0.0020780 secs] [Times: user=0.01 sys=0.00, real=0.00 secs] 
8.717: [GC (Allocation Failure) [PSYoungGen: 982K->32K(1536K)] 8802K->7851K(9728K), 0.0003206 secs] [Times: user=0.00 sys=0.00, real=0.00 secs] 
8.717: [GC (Allocation Failure) --[PSYoungGen: 1015K->1015K(1536K)] 8834K->8834K(9728K), 0.0007968 secs] [Times: user=0.00 sys=0.00, real=0.00 secs] 
8.718: [Full GC (Ergonomics) [PSYoungGen: 1015K->0K(1536K)] [ParOldGen: 7819K->2042K(8192K)] 8834K->2042K(9728K), [Metaspace: 3328K->3328K(1056768K)], 0.0026783 secs] [Times: user=0.01 sys=0.00, real=0.00 secs] 
8.721: [GC (Allocation Failure) [PSYoungGen: 983K->32K(1536K)] 8804K->7853K(9728K), 0.0008708 secs] [Times: user=0.00 sys=0.00, real=0.00 secs] 
8.722: [GC (Allocation Failure) --[PSYoungGen: 1015K->1015K(1536K)] 8837K->8837K(9728K), 0.0003458 secs] [Times: user=0.00 sys=0.00, real=0.00 secs] 
8.723: [Full GC (Ergonomics) [PSYoungGen: 1015K->0K(1536K)] [ParOldGen: 7821K->2042K(8192K)] 8837K->2042K(9728K), [Metaspace: 3328K->3328K(1056768K)], 0.0025338 secs] [Times: user=0.01 sys=0.00, real=0.01 secs] 
8.726: [GC (Allocation Failure) [PSYoungGen: 983K->32K(1536K)] 8807K->7855K(9728K), 0.0008274 secs] [Times: user=0.00 sys=0.00, real=0.00 secs] 
8.727: [GC (Allocation Failure) --[PSYoungGen: 1016K->1016K(1536K)] 8839K->8839K(9728K), 0.0008387 secs] [Times: user=0.00 sys=0.00, real=0.00 secs] 
8.728: [Full GC (Ergonomics) [PSYoungGen: 1016K->0K(1536K)] [ParOldGen: 7823K->2043K(8192K)] 8839K->2043K(9728K), [Metaspace: 3328K->3328K(1056768K)], 0.0034563 secs] [Times: user=0.01 sys=0.00, real=0.00 secs] 
8.732: [GC (Allocation Failure) [PSYoungGen: 983K->32K(1536K)] 8809K->7857K(9728K), 0.0003219 secs] [Times: user=0.00 sys=0.00, real=0.00 secs] 
8.732: [GC (Allocation Failure) --[PSYoungGen: 1016K->1016K(1536K)] 8842K->8842K(9728K), 0.0008094 secs] [Times: user=0.00 sys=0.00, real=0.01 secs] 
8.733: [Full GC (Ergonomics) [PSYoungGen: 1016K->0K(1536K)] [ParOldGen: 7825K->2043K(8192K)] 8842K->2043K(9728K), [Metaspace: 3328K->3328K(1056768K)], 0.0028526 secs] [Times: user=0.00 sys=0.00, real=0.00 secs] 
8.736: [GC (Allocation Failure) [PSYoungGen: 984K->32K(1536K)] 8812K->7860K(9728K), 0.0003130 secs] [Times: user=0.01 sys=0.00, real=0.00 secs] 
8.737: [GC (Allocation Failure) --[PSYoungGen: 1016K->1016K(1536K)] 8844K->8844K(9728K), 0.0002758 secs] [Times: user=0.00 sys=0.00, real=0.00 secs] 
8.737: [Full GC (Ergonomics) [PSYoungGen: 1016K->0K(1536K)] [ParOldGen: 7828K->2043K(8192K)] 8844K->2043K(9728K), [Metaspace: 3328K->3328K(1056768K)], 0.0026830 secs] [Times: user=0.00 sys=0.00, real=0.00 secs] 
8.740: [GC (Allocation Failure) [PSYoungGen: 984K->32K(1536K)] 8814K->7862K(9728K), 0.0003163 secs] [Times: user=0.00 sys=0.00, real=0.00 secs] 
8.741: [GC (Allocation Failure) --[PSYoungGen: 1017K->1017K(1536K)] 8847K->8847K(9728K), 0.0002932 secs] [Times: user=0.00 sys=0.00, real=0.00 secs] 
8.741: [Full GC (Ergonomics) [PSYoungGen: 1017K->0K(1536K)] [ParOldGen: 7830K->2044K(8192K)] 8847K->2044K(9728K), [Metaspace: 3328K->3328K(1056768K)], 0.0021474 secs] [Times: user=0.01 sys=0.00, real=0.01 secs] 
8.744: [GC (Allocation Failure) [PSYoungGen: 984K->32K(1536K)] 8817K->7864K(9728K), 0.0003426 secs] [Times: user=0.00 sys=0.00, real=0.00 secs] 
8.744: [GC (Allocation Failure) --[PSYoungGen: 1017K->1017K(1536K)] 8849K->8849K(9728K), 0.0002943 secs] [Times: user=0.00 sys=0.00, real=0.00 secs] 
8.745: [Full GC (Ergonomics) [PSYoungGen: 1017K->0K(1536K)] [ParOldGen: 7832K->2044K(8192K)] 8849K->2044K(9728K), [Metaspace: 3328K->3328K(1056768K)], 0.0028261 secs] [Times: user=0.00 sys=0.00, real=0.00 secs] 
8.748: [GC (Allocation Failure) [PSYoungGen: 985K->32K(1536K)] 8820K->7866K(9728K), 0.0003213 secs] [Times: user=0.00 sys=0.00, real=0.00 secs] 
8.749: [GC (Allocation Failure) --[PSYoungGen: 1017K->1017K(1536K)] 8852K->8852K(9728K), 0.0002911 secs] [Times: user=0.00 sys=0.00, real=0.00 secs] 
8.749: [Full GC (Ergonomics) [PSYoungGen: 1017K->0K(1536K)] [ParOldGen: 7834K->2044K(8192K)] 8852K->2044K(9728K), [Metaspace: 3328K->3328K(1056768K)], 0.0028309 secs] [Times: user=0.00 sys=0.00, real=0.00 secs] 
8.752: [GC (Allocation Failure) [PSYoungGen: 985K->32K(1536K)] 8822K->7869K(9728K), 0.0003231 secs] [Times: user=0.00 sys=0.00, real=0.01 secs] 
8.753: [GC (Allocation Failure) --[PSYoungGen: 1017K->1017K(1536K)] 8855K->8855K(9728K), 0.0002704 secs] [Times: user=0.00 sys=0.00, real=0.00 secs] 
8.753: [Full GC (Ergonomics) [PSYoungGen: 1017K->0K(1536K)] [ParOldGen: 7837K->2045K(8192K)] 8855K->2045K(9728K), [Metaspace: 3328K->3328K(1056768K)], 0.0035929 secs] [Times: user=0.01 sys=0.00, real=0.00 secs] 
8.757: [Full GC (Ergonomics) [PSYoungGen: 985K->0K(1536K)] [ParOldGen: 7839K->3976K(8192K)] 8825K->3976K(9728K), [Metaspace: 3328K->3328K(1056768K)], 0.0027758 secs] [Times: user=0.01 sys=0.00, real=0.00 secs] 
8.761: [Full GC (Ergonomics) [PSYoungGen: 986K->0K(1536K)] [ParOldGen: 7840K->2045K(8192K)] 8826K->2045K(9728K), [Metaspace: 3328K->3328K(1056768K)], 0.0022039 secs] [Times: user=0.00 sys=0.00, real=0.01 secs] 
8.763: [Full GC (Ergonomics) [PSYoungGen: 986K->0K(1536K)] [ParOldGen: 7842K->3978K(8192K)] 8829K->3978K(9728K), [Metaspace: 3328K->3328K(1056768K)], 0.0022076 secs] [Times: user=0.01 sys=0.00, real=0.00 secs] 
8.766: [Full GC (Ergonomics) [PSYoungGen: 986K->0K(1536K)] [ParOldGen: 7843K->2045K(8192K)] 8830K->2045K(9728K), [Metaspace: 3328K->3328K(1056768K)], 0.0021656 secs] [Times: user=0.00 sys=0.00, real=0.00 secs] 
8.769: [Full GC (Ergonomics) [PSYoungGen: 987K->0K(1536K)] [ParOldGen: 7846K->3979K(8192K)] 8833K->3979K(9728K), [Metaspace: 3328K->3328K(1056768K)], 0.0020572 secs] [Times: user=0.01 sys=0.00, real=0.00 secs] 
8.771: [Full GC (Ergonomics) [PSYoungGen: 987K->0K(1536K)] [ParOldGen: 7847K->2046K(8192K)] 8834K->2046K(9728K), [Metaspace: 3328K->3328K(1056768K)], 0.0021765 secs] [Times: user=0.00 sys=0.00, real=0.01 secs] 
8.774: [Full GC (Ergonomics) [PSYoungGen: 987K->0K(1536K)] [ParOldGen: 7849K->3980K(8192K)] 8836K->3980K(9728K), [Metaspace: 3328K->3328K(1056768K)], 0.0024847 secs] [Times: user=0.01 sys=0.00, real=0.00 secs] 
8.777: [Full GC (Ergonomics) [PSYoungGen: 987K->0K(1536K)] [ParOldGen: 7850K->2046K(8192K)] 8838K->2046K(9728K), [Metaspace: 3328K->3328K(1056768K)], 0.0021953 secs] [Times: user=0.00 sys=0.00, real=0.00 secs] 
8.780: [Full GC (Ergonomics) [PSYoungGen: 988K->0K(1536K)] [ParOldGen: 7852K->3982K(8192K)] 8840K->3982K(9728K), [Metaspace: 3328K->3328K(1056768K)], 0.0022863 secs] [Times: user=0.01 sys=0.00, real=0.00 secs] 
8.782: [Full GC (Ergonomics) [PSYoungGen: 988K->0K(1536K)] [ParOldGen: 7853K->2047K(8192K)] 8842K->2047K(9728K), [Metaspace: 3328K->3328K(1056768K)], 0.0027660 secs] [Times: user=0.01 sys=0.00, real=0.01 secs] 
8.786: [Full GC (Ergonomics) [PSYoungGen: 988K->0K(1536K)] [ParOldGen: 7856K->3983K(8192K)] 8844K->3983K(9728K), [Metaspace: 3328K->3328K(1056768K)], 0.0022506 secs] [Times: user=0.00 sys=0.00, real=0.00 secs] 
8.789: [Full GC (Ergonomics) [PSYoungGen: 988K->0K(1536K)] [ParOldGen: 7857K->2047K(8192K)] 8846K->2047K(9728K), [Metaspace: 3328K->3328K(1056768K)], 0.0020756 secs] [Times: user=0.01 sys=0.00, real=0.00 secs] 
8.791: [Full GC (Ergonomics) [PSYoungGen: 988K->0K(1536K)] [ParOldGen: 7859K->3985K(8192K)] 8848K->3985K(9728K), [Metaspace: 3328K->3328K(1056768K)], 0.0020748 secs] [Times: user=0.00 sys=0.00, real=0.01 secs] 
8.794: [Full GC (Ergonomics) [PSYoungGen: 989K->0K(1536K)] [ParOldGen: 7860K->2048K(8192K)] 8850K->2048K(9728K), [Metaspace: 3328K->3328K(1056768K)], 0.0022090 secs] [Times: user=0.01 sys=0.00, real=0.00 secs] 
8.796: [Full GC (Ergonomics) [PSYoungGen: 989K->0K(1536K)] [ParOldGen: 7862K->3986K(8192K)] 8852K->3986K(9728K), [Metaspace: 3328K->3328K(1056768K)], 0.0023407 secs] [Times: user=0.00 sys=0.00, real=0.00 secs] 
8.799: [Full GC (Ergonomics) [PSYoungGen: 989K->0K(1536K)] [ParOldGen: 7864K->2048K(8192K)] 8853K->2048K(9728K), [Metaspace: 3328K->3328K(1056768K)], 0.0020042 secs] [Times: user=0.01 sys=0.00, real=0.00 secs] 
8.802: [Full GC (Ergonomics) [PSYoungGen: 989K->0K(1536K)] [ParOldGen: 7866K->3988K(8192K)] 8856K->3988K(9728K), [Metaspace: 3328K->3328K(1056768K)], 0.0027440 secs] [Times: user=0.00 sys=0.00, real=0.01 secs] 
8.805: [Full GC (Ergonomics) [PSYoungGen: 990K->0K(1536K)] [ParOldGen: 7867K->2049K(8192K)] 8857K->2049K(9728K), [Metaspace: 3328K->3328K(1056768K)], 0.0022113 secs] [Times: user=0.01 sys=0.00, real=0.00 secs] 
8.808: [Full GC (Ergonomics) [PSYoungGen: 990K->0K(1536K)] [ParOldGen: 7869K->3989K(8192K)] 8860K->3989K(9728K), [Metaspace: 3328K->3328K(1056768K)], 0.0020790 secs] [Times: user=0.00 sys=0.00, real=0.00 secs] 
8.810: [Full GC (Ergonomics) [PSYoungGen: 990K->0K(1536K)] [ParOldGen: 7870K->2049K(8192K)] 8861K->2049K(9728K), [Metaspace: 3328K->3328K(1056768K)], 0.0019992 secs] [Times: user=0.00 sys=0.00, real=0.00 secs] 
8.813: [Full GC (Ergonomics) [PSYoungGen: 990K->0K(1536K)] [ParOldGen: 7872K->3991K(8192K)] 8863K->3991K(9728K), [Metaspace: 3328K->3328K(1056768K)], 0.0021892 secs] [Times: user=0.01 sys=0.00, real=0.00 secs] 
8.816: [Full GC (Ergonomics) [PSYoungGen: 991K->0K(1536K)] [ParOldGen: 7874K->2050K(8192K)] 8865K->2050K(9728K), [Metaspace: 3328K->3328K(1056768K)], 0.0020627 secs] [Times: user=0.00 sys=0.00, real=0.00 secs] 
8.818: [Full GC (Ergonomics) [PSYoungGen: 991K->0K(1536K)] [ParOldGen: 7876K->3992K(8192K)] 8867K->3992K(9728K), [Metaspace: 3328K->3328K(1056768K)], 0.0020687 secs] [Times: user=0.01 sys=0.00, real=0.00 secs] 
8.821: [Full GC (Ergonomics) [PSYoungGen: 991K->0K(1536K)] [ParOldGen: 7877K->2050K(8192K)] 8869K->2050K(9728K), [Metaspace: 3328K->3328K(1056768K)], 0.0020275 secs] [Times: user=0.00 sys=0.00, real=0.01 secs] 
8.823: [Full GC (Ergonomics) [PSYoungGen: 991K->0K(1536K)] [ParOldGen: 7879K->3993K(8192K)] 8871K->3993K(9728K), [Metaspace: 3328K->3328K(1056768K)], 0.0022722 secs] [Times: user=0.01 sys=0.00, real=0.00 secs] 
8.826: [Full GC (Ergonomics) [PSYoungGen: 992K->0K(1536K)] [ParOldGen: 7880K->2051K(8192K)] 8873K->2051K(9728K), [Metaspace: 3328K->3328K(1056768K)], 0.0021609 secs] [Times: user=0.00 sys=0.00, real=0.00 secs] 
8.829: [Full GC (Ergonomics) [PSYoungGen: 992K->0K(1536K)] [ParOldGen: 7883K->3995K(8192K)] 8875K->3995K(9728K), [Metaspace: 3328K->3328K(1056768K)], 0.0022237 secs] [Times: user=0.01 sys=0.00, real=0.00 secs] 
8.832: [Full GC (Ergonomics) [PSYoungGen: 992K->0K(1536K)] [ParOldGen: 7884K->2051K(8192K)] 8876K->2051K(9728K), [Metaspace: 3328K->3328K(1056768K)], 0.0020520 secs] [Times: user=0.00 sys=0.00, real=0.01 secs] 
8.834: [Full GC (Ergonomics) [PSYoungGen: 992K->0K(1536K)] [ParOldGen: 7886K->3996K(8192K)] 8879K->3996K(9728K), [Metaspace: 3328K->3328K(1056768K)], 0.0021300 secs] [Times: user=0.01 sys=0.00, real=0.00 secs] 
8.837: [Full GC (Ergonomics) [PSYoungGen: 993K->0K(1536K)] [ParOldGen: 7887K->2052K(8192K)] 8880K->2052K(9728K), [Metaspace: 3328K->3328K(1056768K)], 0.0020653 secs] [Times: user=0.00 sys=0.00, real=0.00 secs] 
8.839: [Full GC (Ergonomics) [PSYoungGen: 993K->0K(1536K)] [ParOldGen: 7889K->3998K(8192K)] 8883K->3998K(9728K), [Metaspace: 3328K->3328K(1056768K)], 0.0020796 secs] [Times: user=0.01 sys=0.00, real=0.00 secs] 
8.842: [Full GC (Ergonomics) [PSYoungGen: 993K->0K(1536K)] [ParOldGen: 7890K->2052K(8192K)] 8884K->2052K(9728K), [Metaspace: 3328K->3328K(1056768K)], 0.0020234 secs] [Times: user=0.00 sys=0.00, real=0.01 secs] 
8.845: [Full GC (Ergonomics) [PSYoungGen: 993K->0K(1536K)] [ParOldGen: 7893K->3999K(8192K)] 8886K->3999K(9728K), [Metaspace: 3328K->3328K(1056768K)], 0.0020766 secs] [Times: user=0.01 sys=0.00, real=0.00 secs] 
8.847: [Full GC (Ergonomics) [PSYoungGen: 994K->0K(1536K)] [ParOldGen: 7894K->2053K(8192K)] 8888K->2053K(9728K), [Metaspace: 3328K->3328K(1056768K)], 0.0020233 secs] [Times: user=0.00 sys=0.00, real=0.00 secs] 
8.850: [Full GC (Ergonomics) [PSYoungGen: 994K->0K(1536K)] [ParOldGen: 7896K->4001K(8192K)] 8890K->4001K(9728K), [Metaspace: 3328K->3328K(1056768K)], 0.0022682 secs] [Times: user=0.01 sys=0.00, real=0.00 secs] 
8.852: [Full GC (Ergonomics) [PSYoungGen: 994K->0K(1536K)] [ParOldGen: 7897K->2053K(8192K)] 8892K->2053K(9728K), [Metaspace: 3328K->3328K(1056768K)], 0.0021581 secs] [Times: user=0.01 sys=0.00, real=0.01 secs] 
8.855: [Full GC (Ergonomics) [PSYoungGen: 994K->0K(1536K)] [ParOldGen: 7899K->4002K(8192K)] 8894K->4002K(9728K), [Metaspace: 3328K->3328K(1056768K)], 0.0021053 secs] [Times: user=0.00 sys=0.00, real=0.00 secs] 
8.858: [Full GC (Ergonomics) [PSYoungGen: 995K->0K(1536K)] [ParOldGen: 7901K->2054K(8192K)] 8896K->2054K(9728K), [Metaspace: 3328K->3328K(1056768K)], 0.0020698 secs] [Times: user=0.01 sys=0.00, real=0.00 secs] 
8.860: [Full GC (Ergonomics) [PSYoungGen: 995K->0K(1536K)] [ParOldGen: 7903K->4004K(8192K)] 8898K->4004K(9728K), [Metaspace: 3328K->3328K(1056768K)], 0.0022627 secs] [Times: user=0.00 sys=0.00, real=0.00 secs] 
8.863: [Full GC (Ergonomics) [PSYoungGen: 995K->0K(1536K)] [ParOldGen: 7904K->2054K(8192K)] 8900K->2054K(9728K), [Metaspace: 3328K->3328K(1056768K)], 0.0021995 secs] [Times: user=0.01 sys=0.01, real=0.00 secs] 
8.866: [Full GC (Ergonomics) [PSYoungGen: 995K->0K(1536K)] [ParOldGen: 7906K->4005K(8192K)] 8902K->4005K(9728K), [Metaspace: 3328K->3328K(1056768K)], 0.0021612 secs] [Times: user=0.00 sys=0.00, real=0.00 secs] 
8.869: [Full GC (Ergonomics) [PSYoungGen: 996K->0K(1536K)] [ParOldGen: 7907K->2055K(8192K)] 8903K->2055K(9728K), [Metaspace: 3328K->3328K(1056768K)], 0.0020337 secs] [Times: user=0.01 sys=0.00, real=0.00 secs] 
8.871: [Full GC (Ergonomics) [PSYoungGen: 996K->0K(1536K)] [ParOldGen: 7909K->4006K(8192K)] 8906K->4006K(9728K), [Metaspace: 3328K->3328K(1056768K)], 0.0022749 secs] [Times: user=0.00 sys=0.00, real=0.01 secs] 
8.874: [Full GC (Ergonomics) [PSYoungGen: 996K->0K(1536K)] [ParOldGen: 7911K->2055K(8192K)] 8907K->2055K(9728K), [Metaspace: 3328K->3328K(1056768K)], 0.0021004 secs] [Times: user=0.01 sys=0.00, real=0.00 secs] 
8.876: [Full GC (Ergonomics) [PSYoungGen: 996K->0K(1536K)] [ParOldGen: 7913K->4008K(8192K)] 8909K->4008K(9728K), [Metaspace: 3328K->3328K(1056768K)], 0.0022631 secs] [Times: user=0.00 sys=0.00, real=0.00 secs] 
8.879: [Full GC (Ergonomics) [PSYoungGen: 997K->0K(1536K)] [ParOldGen: 7914K->2056K(8192K)] 8911K->2056K(9728K), [Metaspace: 3328K->3328K(1056768K)], 0.0020683 secs] [Times: user=0.01 sys=0.00, real=0.00 secs] 
8.882: [Full GC (Ergonomics) [PSYoungGen: 997K->0K(1536K)] [ParOldGen: 7916K->4009K(8192K)] 8913K->4009K(9728K), [Metaspace: 3328K->3328K(1056768K)], 0.0021870 secs] [Times: user=0.00 sys=0.00, real=0.01 secs] 
8.885: [Full GC (Ergonomics) [PSYoungGen: 997K->0K(1536K)] [ParOldGen: 7917K->2056K(8192K)] 8915K->2056K(9728K), [Metaspace: 3328K->3328K(1056768K)], 0.0022407 secs] [Times: user=0.00 sys=0.00, real=0.00 secs] 
8.887: [Full GC (Ergonomics) [PSYoungGen: 997K->0K(1536K)] [ParOldGen: 7920K->4011K(8192K)] 8917K->4011K(9728K), [Metaspace: 3328K->3328K(1056768K)], 0.0020858 secs] [Times: user=0.01 sys=0.00, real=0.00 secs] 
8.890: [Full GC (Ergonomics) [PSYoungGen: 998K->0K(1536K)] [ParOldGen: 7921K->2057K(8192K)] 8919K->2057K(9728K), [Metaspace: 3328K->3328K(1056768K)], 0.0020583 secs] [Times: user=0.00 sys=0.00, real=0.00 secs] 
8.893: [Full GC (Ergonomics) [PSYoungGen: 998K->0K(1536K)] [ParOldGen: 7923K->4012K(8192K)] 8921K->4012K(9728K), [Metaspace: 3328K->3328K(1056768K)], 0.0021346 secs] [Times: user=0.01 sys=0.00, real=0.01 secs] 
8.895: [Full GC (Ergonomics) [PSYoungGen: 998K->0K(1536K)] [ParOldGen: 7924K->2057K(8192K)] 8923K->2057K(9728K), [Metaspace: 3328K->3328K(1056768K)], 0.0020913 secs] [Times: user=0.00 sys=0.00, real=0.00 secs] 
8.898: [Full GC (Ergonomics) [PSYoungGen: 998K->0K(1536K)] [ParOldGen: 7926K->4014K(8192K)] 8925K->4014K(9728K), [Metaspace: 3328K->3328K(1056768K)], 0.0034642 secs] [Times: user=0.01 sys=0.00, real=0.00 secs] 
8.902: [Full GC (Ergonomics) [PSYoungGen: 998K->0K(1536K)] [ParOldGen: 7927K->2057K(8192K)] 8926K->2057K(9728K), [Metaspace: 3328K->3328K(1056768K)], 0.0030146 secs] [Times: user=0.01 sys=0.00, real=0.01 secs] 
8.907: [Full GC (Ergonomics) [PSYoungGen: 999K->0K(1536K)] [ParOldGen: 7930K->4015K(8192K)] 8929K->4015K(9728K), [Metaspace: 3328K->3328K(1056768K)], 0.0022895 secs] [Times: user=0.00 sys=0.00, real=0.00 secs] 
8.909: [Full GC (Ergonomics) [PSYoungGen: 999K->0K(1536K)] [ParOldGen: 7931K->2058K(8192K)] 8930K->2058K(9728K), [Metaspace: 3328K->3328K(1056768K)], 0.0020521 secs] [Times: user=0.01 sys=0.00, real=0.00 secs] 
8.912: [Full GC (Ergonomics) [PSYoungGen: 999K->0K(1536K)] [ParOldGen: 7933K->4017K(8192K)] 8933K->4017K(9728K), [Metaspace: 3328K->3328K(1056768K)], 0.0021524 secs] [Times: user=0.00 sys=0.00, real=0.01 secs] 
8.915: [Full GC (Ergonomics) [PSYoungGen: 999K->0K(1536K)] [ParOldGen: 7934K->2058K(8192K)] 8934K->2058K(9728K), [Metaspace: 3328K->3328K(1056768K)], 0.0020297 secs] [Times: user=0.01 sys=0.00, real=0.00 secs] 
8.917: [Full GC (Ergonomics) [PSYoungGen: 1000K->0K(1536K)] [ParOldGen: 7936K->4018K(8192K)] 8936K->4018K(9728K), [Metaspace: 3328K->3328K(1056768K)], 0.0021001 secs] [Times: user=0.00 sys=0.00, real=0.00 secs] 
8.920: [Full GC (Ergonomics) [PSYoungGen: 1000K->0K(1536K)] [ParOldGen: 7938K->2059K(8192K)] 8938K->2059K(9728K), [Metaspace: 3328K->3328K(1056768K)], 0.0021539 secs] [Times: user=0.01 sys=0.00, real=0.00 secs] 
8.922: [Full GC (Ergonomics) [PSYoungGen: 1000K->0K(1536K)] [ParOldGen: 7940K->4019K(8192K)] 8940K->4019K(9728K), [Metaspace: 3328K->3328K(1056768K)], 0.0022093 secs] [Times: user=0.00 sys=0.00, real=0.01 secs] 
8.925: [Full GC (Ergonomics) [PSYoungGen: 1000K->0K(1536K)] [ParOldGen: 7941K->2059K(8192K)] 8942K->2059K(9728K), [Metaspace: 3328K->3328K(1056768K)], 0.0020800 secs] [Times: user=0.01 sys=0.00, real=0.00 secs] 
8.928: [Full GC (Ergonomics) [PSYoungGen: 1001K->0K(1536K)] [ParOldGen: 7943K->4021K(8192K)] 8944K->4021K(9728K), [Metaspace: 3328K->3328K(1056768K)], 0.0023181 secs] [Times: user=0.01 sys=0.00, real=0.00 secs] 
8.931: [Full GC (Ergonomics) [PSYoungGen: 1001K->0K(1536K)] [ParOldGen: 7944K->2060K(8192K)] 8946K->2060K(9728K), [Metaspace: 3328K->3328K(1056768K)], 0.0021996 secs] [Times: user=0.00 sys=0.00, real=0.01 secs] 
8.933: [Full GC (Ergonomics) [PSYoungGen: 1001K->0K(1536K)] [ParOldGen: 7946K->4022K(8192K)] 8948K->4022K(9728K), [Metaspace: 3328K->3328K(1056768K)], 0.0021982 secs] [Times: user=0.01 sys=0.00, real=0.00 secs] 
8.936: [Full GC (Ergonomics) [PSYoungGen: 1001K->0K(1536K)] [ParOldGen: 7948K->2060K(8192K)] 8950K->2060K(9728K), [Metaspace: 3328K->3328K(1056768K)], 0.0020689 secs] [Times: user=0.00 sys=0.00, real=0.00 secs] 
8.939: [Full GC (Ergonomics) [PSYoungGen: 1001K->0K(1536K)] [ParOldGen: 7950K->4024K(8192K)] 8952K->4024K(9728K), [Metaspace: 3328K->3328K(1056768K)], 0.0022489 secs] [Times: user=0.01 sys=0.00, real=0.00 secs] 
8.941: [Full GC (Ergonomics) [PSYoungGen: 1002K->0K(1536K)] [ParOldGen: 7951K->2061K(8192K)] 8953K->2061K(9728K), [Metaspace: 3328K->3328K(1056768K)], 0.0020143 secs] [Times: user=0.00 sys=0.00, real=0.01 secs] 
8.944: [Full GC (Ergonomics) [PSYoungGen: 1002K->0K(1536K)] [ParOldGen: 7953K->4025K(8192K)] 8956K->4025K(9728K), [Metaspace: 3328K->3328K(1056768K)], 0.0022478 secs] [Times: user=0.01 sys=0.00, real=0.00 secs] 
8.947: [Full GC (Ergonomics) [PSYoungGen: 1002K->0K(1536K)] [ParOldGen: 7954K->2061K(8192K)] 8957K->2061K(9728K), [Metaspace: 3328K->3328K(1056768K)], 0.0021889 secs] [Times: user=0.00 sys=0.00, real=0.00 secs] 
8.949: [Full GC (Ergonomics) [PSYoungGen: 1002K->0K(1536K)] [ParOldGen: 7957K->4027K(8192K)] 8959K->4027K(9728K), [Metaspace: 3328K->3328K(1056768K)], 0.0021206 secs] [Times: user=0.01 sys=0.00, real=0.00 secs] 
8.952: [Full GC (Ergonomics) [PSYoungGen: 1003K->0K(1536K)] [ParOldGen: 7958K->2062K(8192K)] 8961K->2062K(9728K), [Metaspace: 3328K->3328K(1056768K)], 0.0019913 secs] [Times: user=0.00 sys=0.00, real=0.01 secs] 
8.955: [Full GC (Ergonomics) [PSYoungGen: 1003K->0K(1536K)] [ParOldGen: 7960K->4028K(8192K)] 8963K->4028K(9728K), [Metaspace: 3328K->3328K(1056768K)], 0.0022546 secs] [Times: user=0.01 sys=0.00, real=0.00 secs] 
8.957: [Full GC (Ergonomics) [PSYoungGen: 1003K->0K(1536K)] [ParOldGen: 7961K->2062K(8192K)] 8965K->2062K(9728K), [Metaspace: 3328K->3328K(1056768K)], 0.0020239 secs] [Times: user=0.00 sys=0.00, real=0.00 secs] 
8.960: [Full GC (Ergonomics) [PSYoungGen: 1003K->0K(1536K)] [ParOldGen: 7963K->4029K(8192K)] 8967K->4029K(9728K), [Metaspace: 3328K->3328K(1056768K)], 0.0024158 secs] [Times: user=0.01 sys=0.00, real=0.00 secs] 
8.963: [Full GC (Ergonomics) [PSYoungGen: 1004K->0K(1536K)] [ParOldGen: 7964K->2063K(8192K)] 8969K->2063K(9728K), [Metaspace: 3328K->3328K(1056768K)], 0.0021211 secs] [Times: user=0.01 sys=0.00, real=0.00 secs] 
8.966: [Full GC (Ergonomics) [PSYoungGen: 1004K->0K(1536K)] [ParOldGen: 7967K->4031K(8192K)] 8971K->4031K(9728K), [Metaspace: 3328K->3328K(1056768K)], 0.0021145 secs] [Times: user=0.00 sys=0.00, real=0.00 secs] 
8.968: [Full GC (Ergonomics) [PSYoungGen: 1004K->0K(1536K)] [ParOldGen: 7968K->2063K(8192K)] 8973K->2063K(9728K), [Metaspace: 3328K->3328K(1056768K)], 0.0021664 secs] [Times: user=0.01 sys=0.00, real=0.00 secs] 
8.971: [Full GC (Ergonomics) [PSYoungGen: 1004K->0K(1536K)] [ParOldGen: 7970K->4032K(8192K)] 8975K->4032K(9728K), [Metaspace: 3328K->3328K(1056768K)], 0.0021527 secs] [Times: user=0.00 sys=0.00, real=0.01 secs] 
8.973: [Full GC (Ergonomics) [PSYoungGen: 1005K->0K(1536K)] [ParOldGen: 7971K->2064K(8192K)] 8976K->2064K(9728K), [Metaspace: 3328K->3328K(1056768K)], 0.0024013 secs] [Times: user=0.01 sys=0.00, real=0.00 secs] 
8.976: [Full GC (Ergonomics) [PSYoungGen: 1005K->0K(1536K)] [ParOldGen: 7973K->4034K(8192K)] 8979K->4034K(9728K), [Metaspace: 3328K->3328K(1056768K)], 0.0021323 secs] [Times: user=0.00 sys=0.01, real=0.00 secs] 
8.979: [Full GC (Ergonomics) [PSYoungGen: 1005K->0K(1536K)] [ParOldGen: 7975K->2064K(8192K)] 8980K->2064K(9728K), [Metaspace: 3328K->3328K(1056768K)], 0.0021863 secs] [Times: user=0.01 sys=0.00, real=0.00 secs] 
8.982: [Full GC (Ergonomics) [PSYoungGen: 1005K->0K(1536K)] [ParOldGen: 7977K->4035K(8192K)] 8983K->4035K(9728K), [Metaspace: 3328K->3328K(1056768K)], 0.0022818 secs] [Times: user=0.00 sys=0.00, real=0.01 secs] 
8.985: [Full GC (Ergonomics) [PSYoungGen: 1006K->0K(1536K)] [ParOldGen: 7978K->2065K(8192K)] 8984K->2065K(9728K), [Metaspace: 3328K->3328K(1056768K)], 0.0021737 secs] [Times: user=0.01 sys=0.00, real=0.00 secs] 
8.987: [Full GC (Ergonomics) [PSYoungGen: 1006K->0K(1536K)] [ParOldGen: 7980K->4037K(8192K)] 8986K->4037K(9728K), [Metaspace: 3328K->3328K(1056768K)], 0.0021493 secs] [Times: user=0.01 sys=0.00, real=0.00 secs] 
8.990: [Full GC (Ergonomics) [PSYoungGen: 1006K->0K(1536K)] [ParOldGen: 7981K->2065K(8192K)] 8988K->2065K(9728K), [Metaspace: 3328K->3328K(1056768K)], 0.0021650 secs] [Times: user=0.00 sys=0.00, real=0.00 secs] 
8.993: [Full GC (Ergonomics) [PSYoungGen: 1006K->0K(1536K)] [ParOldGen: 7983K->4038K(8192K)] 8990K->4038K(9728K), [Metaspace: 3328K->3328K(1056768K)], 0.0021876 secs] [Times: user=0.01 sys=0.00, real=0.01 secs] 
8.995: [Full GC (Ergonomics) [PSYoungGen: 1007K->0K(1536K)] [ParOldGen: 7985K->2066K(8192K)] 8992K->2066K(9728K), [Metaspace: 3328K->3328K(1056768K)], 0.0020124 secs] [Times: user=0.00 sys=0.00, real=0.00 secs] 
8.998: [Full GC (Ergonomics) [PSYoungGen: 1007K->0K(1536K)] [ParOldGen: 7987K->4040K(8192K)] 8994K->4040K(9728K), [Metaspace: 3328K->3328K(1056768K)], 0.0030301 secs] [Times: user=0.01 sys=0.00, real=0.00 secs] 
9.002: [Full GC (Ergonomics) [PSYoungGen: 1007K->0K(1536K)] [ParOldGen: 7988K->2066K(8192K)] 8996K->2066K(9728K), [Metaspace: 3328K->3328K(1056768K)], 0.0030673 secs] [Times: user=0.01 sys=0.00, real=0.01 secs] 
9.006: [Full GC (Ergonomics) [PSYoungGen: 1007K->0K(1536K)] [ParOldGen: 7990K->4041K(8192K)] 8998K->4041K(9728K), [Metaspace: 3328K->3328K(1056768K)], 0.0021737 secs] [Times: user=0.00 sys=0.00, real=0.00 secs] 
9.009: [Full GC (Ergonomics) [PSYoungGen: 1008K->0K(1536K)] [ParOldGen: 7991K->2067K(8192K)] 8999K->2067K(9728K), [Metaspace: 3328K->3328K(1056768K)], 0.0021663 secs] [Times: user=0.01 sys=0.00, real=0.00 secs] 
9.012: [Full GC (Ergonomics) [PSYoungGen: 1008K->0K(1536K)] [ParOldGen: 7994K->4042K(8192K)] 9002K->4042K(9728K), [Metaspace: 3328K->3328K(1056768K)], 0.0021173 secs] [Times: user=0.00 sys=0.00, real=0.01 secs] 
9.014: [Full GC (Ergonomics) [PSYoungGen: 1008K->0K(1536K)] [ParOldGen: 7995K->2067K(8192K)] 9003K->2067K(9728K), [Metaspace: 3328K->3328K(1056768K)], 0.0025298 secs] [Times: user=0.01 sys=0.00, real=0.00 secs] 
9.017: [Full GC (Ergonomics) [PSYoungGen: 1008K->0K(1536K)] [ParOldGen: 7997K->4044K(8192K)] 9006K->4044K(9728K), [Metaspace: 3328K->3328K(1056768K)], 0.0032825 secs] [Times: user=0.00 sys=0.00, real=0.00 secs] 
9.021: [Full GC (Ergonomics) [PSYoungGen: 1009K->0K(1536K)] [ParOldGen: 7998K->2068K(8192K)] 9007K->2068K(9728K), [Metaspace: 3328K->3328K(1056768K)], 0.0026272 secs] [Times: user=0.01 sys=0.00, real=0.01 secs] 
9.024: [Full GC (Ergonomics) [PSYoungGen: 1009K->0K(1536K)] [ParOldGen: 8000K->4045K(8192K)] 9009K->4045K(9728K), [Metaspace: 3328K->3328K(1056768K)], 0.0025934 secs] [Times: user=0.01 sys=0.00, real=0.00 secs] 
9.027: [Full GC (Ergonomics) [PSYoungGen: 1009K->0K(1536K)] [ParOldGen: 8001K->2068K(8192K)] 9011K->2068K(9728K), [Metaspace: 3328K->3328K(1056768K)], 0.0023907 secs] [Times: user=0.00 sys=0.00, real=0.00 secs] 
9.030: [Full GC (Ergonomics) [PSYoungGen: 1009K->0K(1536K)] [ParOldGen: 8004K->4047K(8192K)] 9013K->4047K(9728K), [Metaspace: 3328K->3328K(1056768K)], 0.0020802 secs] [Times: user=0.01 sys=0.00, real=0.00 secs] 
9.033: [Full GC (Ergonomics) [PSYoungGen: 1010K->0K(1536K)] [ParOldGen: 8005K->2069K(8192K)] 9015K->2069K(9728K), [Metaspace: 3328K->3328K(1056768K)], 0.0020962 secs] [Times: user=0.00 sys=0.00, real=0.00 secs] 
9.035: [Full GC (Ergonomics) [PSYoungGen: 1010K->0K(1536K)] [ParOldGen: 8007K->4048K(8192K)] 9017K->4048K(9728K), [Metaspace: 3328K->3328K(1056768K)], 0.0022167 secs] [Times: user=0.01 sys=0.00, real=0.00 secs] 
9.038: [Full GC (Ergonomics) [PSYoungGen: 1010K->0K(1536K)] [ParOldGen: 8008K->2069K(8192K)] 9019K->2069K(9728K), [Metaspace: 3328K->3328K(1056768K)], 0.0020927 secs] [Times: user=0.00 sys=0.00, real=0.00 secs] 
9.041: [Full GC (Ergonomics) [PSYoungGen: 1010K->0K(1536K)] [ParOldGen: 8010K->4050K(8192K)] 9021K->4050K(9728K), [Metaspace: 3328K->3328K(1056768K)], 0.0020999 secs] [Times: user=0.00 sys=0.00, real=0.01 secs] 
9.043: [Full GC (Ergonomics) [PSYoungGen: 1010K->0K(1536K)] [ParOldGen: 8012K->2070K(8192K)] 9023K->2070K(9728K), [Metaspace: 3328K->3328K(1056768K)], 0.0020045 secs] [Times: user=0.01 sys=0.00, real=0.00 secs] 
9.046: [Full GC (Ergonomics) [PSYoungGen: 1011K->0K(1536K)] [ParOldGen: 8014K->4051K(8192K)] 9025K->4051K(9728K), [Metaspace: 3328K->3328K(1056768K)], 0.0021084 secs] [Times: user=0.00 sys=0.00, real=0.00 secs] 
9.049: [Full GC (Ergonomics) [PSYoungGen: 1011K->0K(1536K)] [ParOldGen: 8015K->2070K(8192K)] 9026K->2070K(9728K), [Metaspace: 3328K->3328K(1056768K)], 0.0023360 secs] [Times: user=0.01 sys=0.00, real=0.00 secs] 
9.051: [Full GC (Ergonomics) [PSYoungGen: 1011K->0K(1536K)] [ParOldGen: 8017K->4053K(8192K)] 9029K->4053K(9728K), [Metaspace: 3328K->3328K(1056768K)], 0.0021751 secs] [Times: user=0.00 sys=0.00, real=0.01 secs] 
9.054: [Full GC (Ergonomics) [PSYoungGen: 1011K->0K(1536K)] [ParOldGen: 8018K->2070K(8192K)] 9030K->2070K(9728K), [Metaspace: 3328K->3328K(1056768K)], 0.0025081 secs] [Times: user=0.01 sys=0.00, real=0.00 secs] 
9.057: [Full GC (Ergonomics) [PSYoungGen: 1012K->0K(1536K)] [ParOldGen: 8020K->4054K(8192K)] 9032K->4054K(9728K), [Metaspace: 3328K->3328K(1056768K)], 0.0024335 secs] [Times: user=0.00 sys=0.00, real=0.00 secs] 
9.060: [Full GC (Ergonomics) [PSYoungGen: 1012K->0K(1536K)] [ParOldGen: 8022K->2071K(8192K)] 9034K->2071K(9728K), [Metaspace: 3328K->3328K(1056768K)], 0.0021961 secs] [Times: user=0.01 sys=0.00, real=0.00 secs] 
9.063: [Full GC (Ergonomics) [PSYoungGen: 1012K->0K(1536K)] [ParOldGen: 8024K->4055K(8192K)] 9036K->4055K(9728K), [Metaspace: 3328K->3328K(1056768K)], 0.0021762 secs] [Times: user=0.00 sys=0.00, real=0.00 secs] 
9.065: [Full GC (Ergonomics) [PSYoungGen: 1012K->0K(1536K)] [ParOldGen: 8025K->2071K(8192K)] 9038K->2071K(9728K), [Metaspace: 3328K->3328K(1056768K)], 0.0025108 secs] [Times: user=0.00 sys=0.00, real=0.00 secs] 
9.069: [Full GC (Ergonomics) [PSYoungGen: 1013K->0K(1536K)] [ParOldGen: 8027K->4057K(8192K)] 9040K->4057K(9728K), [Metaspace: 3328K->3328K(1056768K)], 0.0026079 secs] [Times: user=0.01 sys=0.00, real=0.00 secs] 
9.072: [Full GC (Ergonomics) [PSYoungGen: 1013K->0K(1536K)] [ParOldGen: 8028K->2072K(8192K)] 9042K->2072K(9728K), [Metaspace: 3328K->3328K(1056768K)], 0.0025268 secs] [Times: user=0.00 sys=0.00, real=0.01 secs] 
9.075: [Full GC (Ergonomics) [PSYoungGen: 1013K->0K(1536K)] [ParOldGen: 8031K->4058K(8192K)] 9044K->4058K(9728K), [Metaspace: 3328K->3328K(1056768K)], 0.0026716 secs] [Times: user=0.01 sys=0.00, real=0.00 secs] 
9.078: [Full GC (Ergonomics) [PSYoungGen: 1013K->0K(1536K)] [ParOldGen: 8032K->2072K(8192K)] 9046K->2072K(9728K), [Metaspace: 3328K->3328K(1056768K)], 0.0025820 secs] [Times: user=0.01 sys=0.00, real=0.00 secs] 
9.081: [Full GC (Ergonomics) [PSYoungGen: 1013K->0K(1536K)] [ParOldGen: 8034K->4060K(8192K)] 9048K->4060K(9728K), [Metaspace: 3328K->3328K(1056768K)], 0.0026204 secs] [Times: user=0.00 sys=0.01, real=0.01 secs] 
9.084: [Full GC (Ergonomics) [PSYoungGen: 1014K->0K(1536K)] [ParOldGen: 8035K->2073K(8192K)] 9049K->2073K(9728K), [Metaspace: 3328K->3328K(1056768K)], 0.0024968 secs] [Times: user=0.01 sys=0.00, real=0.00 secs] 
9.087: [Full GC (Ergonomics) [PSYoungGen: 1014K->0K(1536K)] [ParOldGen: 8037K->4061K(8192K)] 9052K->4061K(9728K), [Metaspace: 3328K->3328K(1056768K)], 0.0021806 secs] [Times: user=0.00 sys=0.00, real=0.00 secs] 
9.090: [Full GC (Ergonomics) [PSYoungGen: 1014K->0K(1536K)] [ParOldGen: 8038K->2073K(8192K)] 9053K->2073K(9728K), [Metaspace: 3328K->3328K(1056768K)], 0.0021147 secs] [Times: user=0.01 sys=0.00, real=0.00 secs] 
9.093: [Full GC (Ergonomics) [PSYoungGen: 1014K->0K(1536K)] [ParOldGen: 8041K->4063K(8192K)] 9056K->4063K(9728K), [Metaspace: 3328K->3328K(1056768K)], 0.0027033 secs] [Times: user=0.01 sys=0.00, real=0.01 secs] 
9.096: [Full GC (Ergonomics) [PSYoungGen: 1015K->0K(1536K)] [ParOldGen: 8042K->2074K(8192K)] 9057K->2074K(9728K), [Metaspace: 3328K->3328K(1056768K)], 0.0020117 secs] [Times: user=0.00 sys=0.00, real=0.00 secs] 
9.098: [Full GC (Ergonomics) [PSYoungGen: 1015K->0K(1536K)] [ParOldGen: 8044K->4064K(8192K)] 9059K->4064K(9728K), [Metaspace: 3328K->3328K(1056768K)], 0.0028309 secs] [Times: user=0.01 sys=0.00, real=0.00 secs] 
9.102: [Full GC (Ergonomics) [PSYoungGen: 1015K->0K(1536K)] [ParOldGen: 8045K->2074K(8192K)] 9061K->2074K(9728K), [Metaspace: 3328K->3328K(1056768K)], 0.0021713 secs] [Times: user=0.00 sys=0.00, real=0.01 secs] 
9.104: [Full GC (Ergonomics) [PSYoungGen: 1015K->0K(1536K)] [ParOldGen: 8047K->4066K(8192K)] 9063K->4066K(9728K), [Metaspace: 3328K->3328K(1056768K)], 0.0021269 secs] [Times: user=0.01 sys=0.00, real=0.00 secs] 
9.107: [Full GC (Ergonomics) [PSYoungGen: 1016K->0K(1536K)] [ParOldGen: 8049K->2075K(8192K)] 9065K->2075K(9728K), [Metaspace: 3328K->3328K(1056768K)], 0.0021878 secs] [Times: user=0.00 sys=0.00, real=0.00 secs] 
9.110: [Full GC (Ergonomics) [PSYoungGen: 1016K->0K(1536K)] [ParOldGen: 8051K->4067K(8192K)] 9067K->4067K(9728K), [Metaspace: 3328K->3328K(1056768K)], 0.0025789 secs] [Times: user=0.01 sys=0.00, real=0.00 secs] 
9.113: [Full GC (Ergonomics) [PSYoungGen: 1016K->0K(1536K)] [ParOldGen: 8052K->2075K(8192K)] 9069K->2075K(9728K), [Metaspace: 3328K->3328K(1056768K)], 0.0020173 secs] [Times: user=0.01 sys=0.00, real=0.00 secs] 
9.115: [Full GC (Ergonomics) [PSYoungGen: 1016K->0K(1536K)] [ParOldGen: 8054K->4068K(8192K)] 9071K->4068K(9728K), [Metaspace: 3328K->3328K(1056768K)], 0.0021313 secs] [Times: user=0.00 sys=0.00, real=0.00 secs] 
9.118: [Full GC (Ergonomics) [PSYoungGen: 1017K->0K(1536K)] [ParOldGen: 8055K->2076K(8192K)] 9073K->2076K(9728K), [Metaspace: 3328K->3328K(1056768K)], 0.0023658 secs] [Times: user=0.01 sys=0.00, real=0.00 secs] 
9.121: [Full GC (Ergonomics) [PSYoungGen: 1017K->0K(1536K)] [ParOldGen: 8057K->4070K(8192K)] 9075K->4070K(9728K), [Metaspace: 3328K->3328K(1056768K)], 0.0026195 secs] [Times: user=0.00 sys=0.00, real=0.01 secs] 
9.124: [Full GC (Ergonomics) [PSYoungGen: 1017K->0K(1536K)] [ParOldGen: 8059K->2076K(8192K)] 9076K->2076K(9728K), [Metaspace: 3328K->3328K(1056768K)], 0.0024177 secs] [Times: user=0.01 sys=0.00, real=0.00 secs] 
9.127: [Full GC (Ergonomics) [PSYoungGen: 1017K->0K(1536K)] [ParOldGen: 8061K->4071K(8192K)] 9079K->4071K(9728K), [Metaspace: 3328K->3328K(1056768K)], 0.0020975 secs] [Times: user=0.00 sys=0.00, real=0.00 secs] 
9.129: [Full GC (Ergonomics) [PSYoungGen: 1018K->0K(1536K)] [ParOldGen: 8062K->2077K(8192K)] 9080K->2077K(9728K), [Metaspace: 3328K->3328K(1056768K)], 0.0023686 secs] [Times: user=0.01 sys=0.00, real=0.00 secs] 
9.132: [Full GC (Ergonomics) [PSYoungGen: 1018K->0K(1536K)] [ParOldGen: 8064K->4073K(8192K)] 9082K->4073K(9728K), [Metaspace: 3328K->3328K(1056768K)], 0.0021193 secs] [Times: user=0.01 sys=0.00, real=0.01 secs] 
9.135: [Full GC (Ergonomics) [PSYoungGen: 1018K->0K(1536K)] [ParOldGen: 8065K->2077K(8192K)] 9084K->2077K(9728K), [Metaspace: 3328K->3328K(1056768K)], 0.0024883 secs] [Times: user=0.00 sys=0.00, real=0.00 secs] 
9.138: [Full GC (Ergonomics) [PSYoungGen: 1018K->0K(1536K)] [ParOldGen: 8068K->4074K(8192K)] 9086K->4074K(9728K), [Metaspace: 3328K->3328K(1056768K)], 0.0022292 secs] [Times: user=0.01 sys=0.00, real=0.00 secs] 
9.141: [Full GC (Ergonomics) [PSYoungGen: 1019K->0K(1536K)] [ParOldGen: 8069K->2078K(8192K)] 9088K->2078K(9728K), [Metaspace: 3328K->3328K(1056768K)], 0.0023981 secs] [Times: user=0.00 sys=0.00, real=0.01 secs] 
9.144: [Full GC (Ergonomics) [PSYoungGen: 1019K->0K(1536K)] [ParOldGen: 8071K->4076K(8192K)] 9090K->4076K(9728K), [Metaspace: 3328K->3328K(1056768K)], 0.0026213 secs] [Times: user=0.01 sys=0.00, real=0.00 secs] 
9.147: [Full GC (Ergonomics) [PSYoungGen: 1019K->0K(1536K)] [ParOldGen: 8072K->2078K(8192K)] 9092K->2078K(9728K), [Metaspace: 3328K->3328K(1056768K)], 0.0024834 secs] [Times: user=0.01 sys=0.00, real=0.00 secs] 
9.150: [Full GC (Ergonomics) [PSYoungGen: 1019K->0K(1536K)] [ParOldGen: 8074K->4077K(8192K)] 9094K->4077K(9728K), [Metaspace: 3328K->3328K(1056768K)], 0.0020709 secs] [Times: user=0.00 sys=0.00, real=0.00 secs] 
9.152: [Full GC (Ergonomics) [PSYoungGen: 1020K->0K(1536K)] [ParOldGen: 8075K->2079K(8192K)] 9096K->2079K(9728K), [Metaspace: 3328K->3328K(1056768K)], 0.0039496 secs] [Times: user=0.01 sys=0.00, real=0.01 secs] 
9.157: [Full GC (Ergonomics) [PSYoungGen: 1020K->0K(1536K)] [ParOldGen: 8078K->4079K(8192K)] 9098K->4079K(9728K), [Metaspace: 3328K->3328K(1056768K)], 0.0051111 secs] [Times: user=0.00 sys=0.00, real=0.00 secs] 
9.163: [Full GC (Ergonomics) [PSYoungGen: 1020K->0K(1536K)] [ParOldGen: 8079K->2079K(8192K)] 9099K->2079K(9728K), [Metaspace: 3328K->3328K(1056768K)], 0.0030285 secs] [Times: user=0.01 sys=0.00, real=0.00 secs] 
9.166: [Full GC (Ergonomics) [PSYoungGen: 1020K->0K(1536K)] [ParOldGen: 8081K->4080K(8192K)] 9102K->4080K(9728K), [Metaspace: 3328K->3328K(1056768K)], 0.0032215 secs] [Times: user=0.01 sys=0.00, real=0.00 secs] 
9.170: [Full GC (Ergonomics) [PSYoungGen: 1021K->0K(1536K)] [ParOldGen: 8082K->2080K(8192K)] 9103K->2080K(9728K), [Metaspace: 3328K->3328K(1056768K)], 0.0021618 secs] [Times: user=0.00 sys=0.00, real=0.00 secs] 
9.173: [Full GC (Ergonomics) [PSYoungGen: 1021K->0K(1536K)] [ParOldGen: 8084K->4081K(8192K)] 9106K->4081K(9728K), [Metaspace: 3328K->3328K(1056768K)], 0.0025949 secs] [Times: user=0.01 sys=0.00, real=0.00 secs] 
9.176: [Full GC (Ergonomics) [PSYoungGen: 1021K->0K(1536K)] [ParOldGen: 8086K->2080K(8192K)] 9107K->2080K(9728K), [Metaspace: 3328K->3328K(1056768K)], 0.0023658 secs] [Times: user=0.01 sys=0.00, real=0.00 secs] 
9.179: [Full GC (Ergonomics) [PSYoungGen: 1021K->0K(1536K)] [ParOldGen: 8088K->4083K(8192K)] 9109K->4083K(9728K), [Metaspace: 3328K->3328K(1056768K)], 0.0026224 secs] [Times: user=0.00 sys=0.00, real=0.00 secs] 
9.182: [Full GC (Ergonomics) [PSYoungGen: 1022K->0K(1536K)] [ParOldGen: 8089K->2081K(8192K)] 9111K->2081K(9728K), [Metaspace: 3328K->3328K(1056768K)], 0.0024847 secs] [Times: user=0.01 sys=0.00, real=0.01 secs] 
9.185: [Full GC (Ergonomics) [PSYoungGen: 1022K->0K(1536K)] [ParOldGen: 8091K->4084K(8192K)] 9113K->4084K(9728K), [Metaspace: 3328K->3328K(1056768K)], 0.0025866 secs] [Times: user=0.01 sys=0.00, real=0.00 secs] 
9.188: [Full GC (Ergonomics) [PSYoungGen: 1022K->0K(1536K)] [ParOldGen: 8092K->2081K(8192K)] 9115K->2081K(9728K), [Metaspace: 3328K->3328K(1056768K)], 0.0022665 secs] [Times: user=0.00 sys=0.00, real=0.00 secs] 
9.191: [Full GC (Ergonomics) [PSYoungGen: 1022K->0K(1536K)] [ParOldGen: 8094K->4086K(8192K)] 9117K->4086K(9728K), [Metaspace: 3328K->3328K(1056768K)], 0.0023831 secs] [Times: user=0.01 sys=0.00, real=0.01 secs] 
9.194: [Full GC (Ergonomics) [PSYoungGen: 1022K->0K(1536K)] [ParOldGen: 8096K->2082K(8192K)] 9119K->2082K(9728K), [Metaspace: 3328K->3328K(1056768K)], 0.0029875 secs] [Times: user=0.00 sys=0.01, real=0.00 secs] 
9.198: [Full GC (Ergonomics) [PSYoungGen: 1023K->0K(1536K)] [ParOldGen: 8098K->4087K(8192K)] 9121K->4087K(9728K), [Metaspace: 3328K->3328K(1056768K)], 0.0036118 secs] [Times: user=0.01 sys=0.00, real=0.00 secs] 
9.203: [Full GC (Ergonomics) [PSYoungGen: 1023K->0K(1536K)] [ParOldGen: 8099K->2082K(8192K)] 9122K->2082K(9728K), [Metaspace: 3328K->3328K(1056768K)], 0.0032906 secs] [Times: user=0.01 sys=0.00, real=0.00 secs] 
9.207: [Full GC (Ergonomics) [PSYoungGen: 1023K->0K(1536K)] [ParOldGen: 8101K->4089K(8192K)] 9125K->4089K(9728K), [Metaspace: 3328K->3328K(1056768K)], 0.0023684 secs] [Times: user=0.01 sys=0.00, real=0.00 secs] 
9.210: [Full GC (Ergonomics) [PSYoungGen: 1023K->0K(1536K)] [ParOldGen: 8102K->2082K(8192K)] 9126K->2082K(9728K), [Metaspace: 3328K->3328K(1056768K)], 0.0026529 secs] [Times: user=0.00 sys=0.00, real=0.01 secs] 
9.213: [Full GC (Ergonomics) [PSYoungGen: 1024K->0K(1536K)] [ParOldGen: 8105K->4090K(8192K)] 9129K->4090K(9728K), [Metaspace: 3328K->3328K(1056768K)], 0.0026287 secs] [Times: user=0.01 sys=0.00, real=0.00 secs] 
9.216: [Full GC (Ergonomics) [PSYoungGen: 1024K->0K(1536K)] [ParOldGen: 8106K->2083K(8192K)] 9130K->2083K(9728K), [Metaspace: 3328K->3328K(1056768K)], 0.0021707 secs] [Times: user=0.00 sys=0.00, real=0.00 secs] 
9.219: [Full GC (Ergonomics) [PSYoungGen: 1024K->0K(1536K)] [ParOldGen: 8108K->4091K(8192K)] 9132K->4091K(9728K), [Metaspace: 3328K->3328K(1056768K)], 0.0020865 secs] [Times: user=0.01 sys=0.00, real=0.00 secs] 
9.222: [Full GC (Ergonomics) [PSYoungGen: 1024K->0K(1536K)] [ParOldGen: 8109K->2083K(8192K)] 9133K->2083K(9728K), [Metaspace: 3328K->3328K(1056768K)], 0.0022089 secs] [Times: user=0.00 sys=0.00, real=0.01 secs] 
9.225: [Full GC (Ergonomics) [PSYoungGen: 1024K->0K(1536K)] [ParOldGen: 8111K->4093K(8192K)] 9135K->4093K(9728K), [Metaspace: 3328K->3328K(1056768K)], 0.0025746 secs] [Times: user=0.01 sys=0.00, real=0.00 secs] 
9.228: [Full GC (Ergonomics) [PSYoungGen: 1024K->0K(1536K)] [ParOldGen: 8112K->2084K(8192K)] 9136K->2084K(9728K), [Metaspace: 3328K->3328K(1056768K)], 0.0024852 secs] [Times: user=0.01 sys=0.00, real=0.00 secs] 
9.231: [Full GC (Ergonomics) [PSYoungGen: 1024K->0K(1536K)] [ParOldGen: 8115K->4094K(8192K)] 9139K->4094K(9728K), [Metaspace: 3328K->3328K(1056768K)], 0.0021087 secs] [Times: user=0.00 sys=0.00, real=0.01 secs] 
9.233: [Full GC (Ergonomics) [PSYoungGen: 1024K->0K(1536K)] [ParOldGen: 8116K->2084K(8192K)] 9140K->2084K(9728K), [Metaspace: 3328K->3328K(1056768K)], 0.0023610 secs] [Times: user=0.01 sys=0.00, real=0.00 secs] 
9.236: [Full GC (Ergonomics) [PSYoungGen: 1024K->0K(1536K)] [ParOldGen: 8118K->4096K(8192K)] 9142K->4096K(9728K), [Metaspace: 3328K->3328K(1056768K)], 0.0021254 secs] [Times: user=0.00 sys=0.00, real=0.00 secs] 
9.239: [Full GC (Ergonomics) [PSYoungGen: 1024K->0K(1536K)] [ParOldGen: 8119K->2085K(8192K)] 9143K->2085K(9728K), [Metaspace: 3328K->3328K(1056768K)], 0.0021909 secs] [Times: user=0.01 sys=0.00, real=0.00 secs] 
9.242: [Full GC (Ergonomics) [PSYoungGen: 1024K->0K(1536K)] [ParOldGen: 8121K->4097K(8192K)] 9145K->4097K(9728K), [Metaspace: 3328K->3328K(1056768K)], 0.0025806 secs] [Times: user=0.00 sys=0.00, real=0.01 secs] 
9.245: [Full GC (Ergonomics) [PSYoungGen: 1024K->0K(1536K)] [ParOldGen: 8123K->2085K(8192K)] 9147K->2085K(9728K), [Metaspace: 3328K->3328K(1056768K)], 0.0023346 secs] [Times: user=0.00 sys=0.00, real=0.00 secs] 
9.248: [Full GC (Ergonomics) [PSYoungGen: 1024K->0K(1536K)] [ParOldGen: 8125K->4099K(8192K)] 9149K->4099K(9728K), [Metaspace: 3328K->3328K(1056768K)], 0.0026057 secs] [Times: user=0.01 sys=0.00, real=0.00 secs] 
9.251: [Full GC (Ergonomics) [PSYoungGen: 1024K->0K(1536K)] [ParOldGen: 8126K->2086K(8192K)] 9150K->2086K(9728K), [Metaspace: 3328K->3328K(1056768K)], 0.0025392 secs] [Times: user=0.00 sys=0.00, real=0.01 secs] 
9.254: [Full GC (Ergonomics) [PSYoungGen: 1024K->0K(1536K)] [ParOldGen: 8128K->4100K(8192K)] 9152K->4100K(9728K), [Metaspace: 3328K->3328K(1056768K)], 0.0021932 secs] [Times: user=0.01 sys=0.00, real=0.00 secs] 
9.256: [Full GC (Ergonomics) [PSYoungGen: 1024K->0K(1536K)] [ParOldGen: 8129K->2086K(8192K)] 9153K->2086K(9728K), [Metaspace: 3328K->3328K(1056768K)], 0.0027225 secs] [Times: user=0.00 sys=0.00, real=0.00 secs] 
9.260: [Full GC (Ergonomics) [PSYoungGen: 1024K->0K(1536K)] [ParOldGen: 8131K->4102K(8192K)] 9155K->4102K(9728K), [Metaspace: 3328K->3328K(1056768K)], 0.0023088 secs] [Times: user=0.00 sys=0.00, real=0.00 secs] 
9.263: [Full GC (Ergonomics) [PSYoungGen: 1024K->0K(1536K)] [ParOldGen: 8133K->2087K(8192K)] 9157K->2087K(9728K), [Metaspace: 3328K->3328K(1056768K)], 0.0023692 secs] [Times: user=0.01 sys=0.00, real=0.01 secs] 
9.265: [Full GC (Ergonomics) [PSYoungGen: 1024K->0K(1536K)] [ParOldGen: 8135K->4103K(8192K)] 9159K->4103K(9728K), [Metaspace: 3328K->3328K(1056768K)], 0.0025966 secs] [Times: user=0.00 sys=0.00, real=0.00 secs] 
9.269: [Full GC (Ergonomics) [PSYoungGen: 1024K->0K(1536K)] [ParOldGen: 8136K->2087K(8192K)] 9160K->2087K(9728K), [Metaspace: 3328K->3328K(1056768K)], 0.0021611 secs] [Times: user=0.01 sys=0.00, real=0.00 secs] 
9.271: [Full GC (Ergonomics) [PSYoungGen: 1024K->0K(1536K)] [ParOldGen: 8138K->4104K(8192K)] 9162K->4104K(9728K), [Metaspace: 3328K->3328K(1056768K)], 0.0022299 secs] [Times: user=0.00 sys=0.00, real=0.01 secs] 
9.274: [Full GC (Ergonomics) [PSYoungGen: 1024K->0K(1536K)] [ParOldGen: 8139K->2088K(8192K)] 9163K->2088K(9728K), [Metaspace: 3328K->3328K(1056768K)], 0.0024408 secs] [Times: user=0.01 sys=0.00, real=0.00 secs] 
9.277: [Full GC (Ergonomics) [PSYoungGen: 1024K->0K(1536K)] [ParOldGen: 8142K->4106K(8192K)] 9166K->4106K(9728K), [Metaspace: 3328K->3328K(1056768K)], 0.0022551 secs] [Times: user=0.00 sys=0.00, real=0.00 secs] 
9.280: [Full GC (Ergonomics) [PSYoungGen: 1024K->0K(1536K)] [ParOldGen: 8143K->2088K(8192K)] 9167K->2088K(9728K), [Metaspace: 3328K->3328K(1056768K)], 0.0024898 secs] [Times: user=0.00 sys=0.00, real=0.00 secs] 
9.283: [Full GC (Ergonomics) [PSYoungGen: 1024K->0K(1536K)] [ParOldGen: 8145K->4107K(8192K)] 9169K->4107K(9728K), [Metaspace: 3328K->3328K(1056768K)], 0.0026467 secs] [Times: user=0.01 sys=0.00, real=0.00 secs] 
9.286: [Full GC (Ergonomics) [PSYoungGen: 1024K->0K(1536K)] [ParOldGen: 8146K->2089K(8192K)] 9170K->2089K(9728K), [Metaspace: 3328K->3328K(1056768K)], 0.0021993 secs] [Times: user=0.00 sys=0.00, real=0.00 secs] 
9.289: [Full GC (Ergonomics) [PSYoungGen: 1024K->0K(1536K)] [ParOldGen: 8148K->4109K(8192K)] 9172K->4109K(9728K), [Metaspace: 3328K->3328K(1056768K)], 0.0022180 secs] [Times: user=0.01 sys=0.00, real=0.00 secs] 
9.291: [Full GC (Ergonomics) [PSYoungGen: 1024K->0K(1536K)] [ParOldGen: 8149K->2089K(8192K)] 9173K->2089K(9728K), [Metaspace: 3328K->3328K(1056768K)], 0.0024915 secs] [Times: user=0.00 sys=0.00, real=0.01 secs] 
9.294: [Full GC (Ergonomics) [PSYoungGen: 1024K->0K(1536K)] [ParOldGen: 8152K->4110K(8192K)] 9176K->4110K(9728K), [Metaspace: 3328K->3328K(1056768K)], 0.0024635 secs] [Times: user=0.01 sys=0.00, real=0.00 secs] 
9.297: [Full GC (Ergonomics) [PSYoungGen: 1024K->0K(1536K)] [ParOldGen: 8153K->2090K(8192K)] 9177K->2090K(9728K), [Metaspace: 3328K->3328K(1056768K)], 0.0021455 secs] [Times: user=0.01 sys=0.00, real=0.00 secs] 
9.300: [Full GC (Ergonomics) [PSYoungGen: 1024K->0K(1536K)] [ParOldGen: 8155K->4112K(8192K)] 9179K->4112K(9728K), [Metaspace: 3328K->3328K(1056768K)], 0.0021336 secs] [Times: user=0.00 sys=0.00, real=0.00 secs] 
9.303: [Full GC (Ergonomics) [PSYoungGen: 1024K->0K(1536K)] [ParOldGen: 8156K->2090K(8192K)] 9180K->2090K(9728K), [Metaspace: 3328K->3328K(1056768K)], 0.0025052 secs] [Times: user=0.01 sys=0.00, real=0.01 secs] 
9.306: [Full GC (Ergonomics) [PSYoungGen: 1024K->0K(1536K)] [ParOldGen: 8158K->4113K(8192K)] 9182K->4113K(9728K), [Metaspace: 3328K->3328K(1056768K)], 0.0026150 secs] [Times: user=0.00 sys=0.01, real=0.00 secs] 
9.309: [Full GC (Ergonomics) [PSYoungGen: 1024K->0K(1536K)] [ParOldGen: 8160K->2091K(8192K)] 9184K->2091K(9728K), [Metaspace: 3328K->3328K(1056768K)], 0.0025145 secs] [Times: user=0.01 sys=0.00, real=0.00 secs] 
9.312: [Full GC (Ergonomics) [PSYoungGen: 1024K->0K(1536K)] [ParOldGen: 8162K->4115K(8192K)] 9186K->4115K(9728K), [Metaspace: 3328K->3328K(1056768K)], 0.0025927 secs] [Times: user=0.01 sys=0.00, real=0.01 secs] 
9.315: [Full GC (Ergonomics) [PSYoungGen: 1024K->0K(1536K)] [ParOldGen: 8163K->2091K(8192K)] 9187K->2091K(9728K), [Metaspace: 3328K->3328K(1056768K)], 0.0023644 secs] [Times: user=0.00 sys=0.00, real=0.00 secs] 
9.318: [Full GC (Ergonomics) [PSYoungGen: 1024K->0K(1536K)] [ParOldGen: 8165K->4116K(8192K)] 9189K->4116K(9728K), [Metaspace: 3328K->3328K(1056768K)], 0.0021322 secs] [Times: user=0.01 sys=0.00, real=0.00 secs] 
9.321: [Full GC (Ergonomics) [PSYoungGen: 1024K->0K(1536K)] [ParOldGen: 8166K->2092K(8192K)] 9190K->2092K(9728K), [Metaspace: 3328K->3328K(1056768K)], 0.0022216 secs] [Times: user=0.00 sys=0.00, real=0.01 secs] 
9.323: [Full GC (Ergonomics) [PSYoungGen: 1024K->0K(1536K)] [ParOldGen: 8168K->4117K(8192K)] 9192K->4117K(9728K), [Metaspace: 3328K->3328K(1056768K)], 0.0021922 secs] [Times: user=0.01 sys=0.00, real=0.00 secs] 
9.326: [Full GC (Ergonomics) [PSYoungGen: 1024K->0K(1536K)] [ParOldGen: 8170K->2092K(8192K)] 9194K->2092K(9728K), [Metaspace: 3328K->3328K(1056768K)], 0.0023134 secs] [Times: user=0.00 sys=0.00, real=0.00 secs] 
9.329: [Full GC (Ergonomics) [PSYoungGen: 1024K->0K(1536K)] [ParOldGen: 8172K->4119K(8192K)] 9196K->4119K(9728K), [Metaspace: 3328K->3328K(1056768K)], 0.0022056 secs] [Times: user=0.01 sys=0.00, real=0.00 secs] 
9.332: [Full GC (Ergonomics) [PSYoungGen: 1024K->0K(1536K)] [ParOldGen: 8173K->2093K(8192K)] 9197K->2093K(9728K), [Metaspace: 3328K->3328K(1056768K)], 0.0024995 secs] [Times: user=0.01 sys=0.00, real=0.01 secs] 
9.335: [Full GC (Ergonomics) [PSYoungGen: 1024K->0K(1536K)] [ParOldGen: 8175K->4120K(8192K)] 9199K->4120K(9728K), [Metaspace: 3328K->3328K(1056768K)], 0.0026170 secs] [Times: user=0.00 sys=0.00, real=0.00 secs] 
9.338: [Full GC (Ergonomics) [PSYoungGen: 1024K->0K(1536K)] [ParOldGen: 8176K->2093K(8192K)] 9200K->2093K(9728K), [Metaspace: 3328K->3328K(1056768K)], 0.0020987 secs] [Times: user=0.01 sys=0.00, real=0.00 secs] 
9.340: [Full GC (Ergonomics) [PSYoungGen: 1024K->0K(1536K)] [ParOldGen: 8178K->4122K(8192K)] 9202K->4122K(9728K), [Metaspace: 3328K->3328K(1056768K)], 0.0024463 secs] [Times: user=0.00 sys=0.00, real=0.01 secs] 
9.343: [Full GC (Ergonomics) [PSYoungGen: 1024K->0K(1536K)] [ParOldGen: 8180K->2094K(8192K)] 9204K->2094K(9728K), [Metaspace: 3328K->3328K(1056768K)], 0.0025118 secs] [Times: user=0.01 sys=0.00, real=0.00 secs] 
9.346: [Full GC (Ergonomics) [PSYoungGen: 1024K->0K(1536K)] [ParOldGen: 8182K->4123K(8192K)] 9206K->4123K(9728K), [Metaspace: 3328K->3328K(1056768K)], 0.0021999 secs] [Times: user=0.00 sys=0.00, real=0.00 secs] 
9.349: [Full GC (Ergonomics) [PSYoungGen: 1024K->0K(1536K)] [ParOldGen: 8183K->2094K(8192K)] 9207K->2094K(9728K), [Metaspace: 3328K->3328K(1056768K)], 0.0025092 secs] [Times: user=0.00 sys=0.00, real=0.00 secs] 
9.352: [Full GC (Ergonomics) [PSYoungGen: 1024K->0K(1536K)] [ParOldGen: 8185K->4125K(8192K)] 9209K->4125K(9728K), [Metaspace: 3328K->3328K(1056768K)], 0.0022052 secs] [Times: user=0.01 sys=0.00, real=0.01 secs] 
9.355: [Full GC (Ergonomics) [PSYoungGen: 1024K->0K(1536K)] [ParOldGen: 8186K->2094K(8192K)] 9210K->2094K(9728K), [Metaspace: 3328K->3328K(1056768K)], 0.0025403 secs] [Times: user=0.00 sys=0.00, real=0.00 secs] 
9.358: [Full GC (Ergonomics) [PSYoungGen: 1024K->0K(1536K)] [ParOldGen: 8189K->4126K(8192K)] 9213K->4126K(9728K), [Metaspace: 3328K->3328K(1056768K)], 0.0022247 secs] [Times: user=0.01 sys=0.00, real=0.00 secs] 
9.361: [Full GC (Ergonomics) [PSYoungGen: 1024K->0K(1536K)] [ParOldGen: 8190K->2095K(8192K)] 9214K->2095K(9728K), [Metaspace: 3328K->3328K(1056768K)], 0.0023889 secs] [Times: user=0.00 sys=0.00, real=0.01 secs] 
9.364: [GC (Allocation Failure) [PSYoungGen: 1024K->32K(1536K)] 7184K->6192K(9728K), 0.0008279 secs] [Times: user=0.01 sys=0.00, real=0.00 secs] 
9.364: [GC (Allocation Failure) [PSYoungGen: 32K->32K(1536K)] 6192K->6192K(9728K), 0.0002435 secs] [Times: user=0.00 sys=0.00, real=0.00 secs] 
9.365: [Full GC (Allocation Failure) [PSYoungGen: 32K->0K(1536K)] [ParOldGen: 6160K->3111K(8192K)] 6192K->3111K(9728K), [Metaspace: 3328K->3328K(1056768K)], 0.0021488 secs] [Times: user=0.00 sys=0.00, real=0.00 secs] 
9.367: [GC (Allocation Failure) [PSYoungGen: 20K->32K(1536K)] 7197K->7208K(9728K), 0.0008011 secs] [Times: user=0.00 sys=0.00, real=0.00 secs] 
9.368: [GC (Allocation Failure) [PSYoungGen: 32K->32K(1536K)] 7208K->7208K(9728K), 0.0002683 secs] [Times: user=0.00 sys=0.00, real=0.00 secs] 
9.368: [Full GC (Allocation Failure) [PSYoungGen: 32K->0K(1536K)] [ParOldGen: 7176K->3112K(8192K)] 7208K->3112K(9728K), [Metaspace: 3328K->3328K(1056768K)], 0.0021987 secs] [Times: user=0.01 sys=0.00, real=0.00 secs] 
9.371: [GC (Allocation Failure) [PSYoungGen: 20K->32K(1536K)] 7198K->7209K(9728K), 0.0008207 secs] [Times: user=0.00 sys=0.00, real=0.00 secs] 
9.372: [GC (Allocation Failure) [PSYoungGen: 32K->32K(1536K)] 7209K->7209K(9728K), 0.0006354 secs] [Times: user=0.00 sys=0.00, real=0.00 secs] 
9.373: [Full GC (Allocation Failure) [PSYoungGen: 32K->0K(1536K)] [ParOldGen: 7177K->3112K(8192K)] 7209K->3112K(9728K), [Metaspace: 3328K->3328K(1056768K)], 0.0020294 secs] [Times: user=0.01 sys=0.00, real=0.01 secs] 
9.375: [GC (Allocation Failure) [PSYoungGen: 20K->32K(1536K)] 7199K->7210K(9728K), 0.0008096 secs] [Times: user=0.00 sys=0.00, real=0.00 secs] 
9.376: [GC (Allocation Failure) [PSYoungGen: 32K->32K(1536K)] 7210K->7210K(9728K), 0.0002793 secs] [Times: user=0.00 sys=0.00, real=0.00 secs] 
9.376: [Full GC (Allocation Failure) [PSYoungGen: 32K->0K(1536K)] [ParOldGen: 7178K->3112K(8192K)] 7210K->3112K(9728K), [Metaspace: 3328K->3328K(1056768K)], 0.0023328 secs] [Times: user=0.01 sys=0.00, real=0.00 secs] 
9.379: [GC (Allocation Failure) [PSYoungGen: 20K->32K(1536K)] 7200K->7211K(9728K), 0.0008361 secs] [Times: user=0.00 sys=0.00, real=0.00 secs] 
9.380: [GC (Allocation Failure) [PSYoungGen: 32K->32K(1536K)] 7211K->7211K(9728K), 0.0002727 secs] [Times: user=0.00 sys=0.00, real=0.00 secs] 
9.380: [Full GC (Allocation Failure) [PSYoungGen: 32K->0K(1536K)] [ParOldGen: 7179K->3113K(8192K)] 7211K->3113K(9728K), [Metaspace: 3328K->3328K(1056768K)], 0.0025959 secs] [Times: user=0.00 sys=0.00, real=0.01 secs] 
9.383: [GC (Allocation Failure) [PSYoungGen: 20K->32K(1536K)] 7201K->7212K(9728K), 0.0008149 secs] [Times: user=0.01 sys=0.00, real=0.00 secs] 
9.384: [GC (Allocation Failure) [PSYoungGen: 32K->32K(1536K)] 7212K->7212K(9728K), 0.0002765 secs] [Times: user=0.00 sys=0.00, real=0.00 secs] 
9.384: [Full GC (Allocation Failure) [PSYoungGen: 32K->0K(1536K)] [ParOldGen: 7180K->3113K(8192K)] 7212K->3113K(9728K), [Metaspace: 3328K->3328K(1056768K)], 0.0024160 secs] [Times: user=0.00 sys=0.00, real=0.00 secs] 
9.387: [GC (Allocation Failure) [PSYoungGen: 20K->32K(1536K)] 7202K->7213K(9728K), 0.0008156 secs] [Times: user=0.00 sys=0.00, real=0.00 secs] 
9.388: [GC (Allocation Failure) [PSYoungGen: 32K->32K(1536K)] 7213K->7213K(9728K), 0.0002675 secs] [Times: user=0.00 sys=0.00, real=0.00 secs] 
9.388: [Full GC (Allocation Failure) [PSYoungGen: 32K->0K(1536K)] [ParOldGen: 7181K->3113K(8192K)] 7213K->3113K(9728K), [Metaspace: 3328K->3328K(1056768K)], 0.0020131 secs] [Times: user=0.00 sys=0.00, real=0.00 secs] 
9.391: [GC (Allocation Failure) [PSYoungGen: 20K->32K(1536K)] 7203K->7214K(9728K), 0.0008056 secs] [Times: user=0.00 sys=0.00, real=0.00 secs] 
9.392: [GC (Allocation Failure) [PSYoungGen: 32K->32K(1536K)] 7214K->7214K(9728K), 0.0002873 secs] [Times: user=0.00 sys=0.00, real=0.00 secs] 
9.392: [Full GC (Allocation Failure) [PSYoungGen: 32K->0K(1536K)] [ParOldGen: 7182K->3114K(8192K)] 7214K->3114K(9728K), [Metaspace: 3328K->3328K(1056768K)], 0.0025499 secs] [Times: user=0.01 sys=0.00, real=0.01 secs] 
9.395: [GC (Allocation Failure) [PSYoungGen: 20K->32K(1536K)] 7204K->7215K(9728K), 0.0008081 secs] [Times: user=0.00 sys=0.00, real=0.00 secs] 
9.396: [GC (Allocation Failure) [PSYoungGen: 32K->32K(1536K)] 7215K->7215K(9728K), 0.0007991 secs] [Times: user=0.00 sys=0.00, real=0.00 secs] 
9.397: [Full GC (Allocation Failure) [PSYoungGen: 32K->0K(1536K)] [ParOldGen: 7183K->3114K(8192K)] 7215K->3114K(9728K), [Metaspace: 3328K->3328K(1056768K)], 0.0025738 secs] [Times: user=0.01 sys=0.00, real=0.00 secs] 
9.399: [GC (Allocation Failure) [PSYoungGen: 20K->32K(1536K)] 7205K->7216K(9728K), 0.0008142 secs] [Times: user=0.00 sys=0.00, real=0.00 secs] 
9.400: [GC (Allocation Failure) [PSYoungGen: 32K->32K(1536K)] 7216K->7216K(9728K), 0.0002836 secs] [Times: user=0.00 sys=0.00, real=0.00 secs] 
9.401: [Full GC (Allocation Failure) [PSYoungGen: 32K->0K(1536K)] [ParOldGen: 7184K->3114K(8192K)] 7216K->3114K(9728K), [Metaspace: 3328K->3328K(1056768K)], 0.0025525 secs] [Times: user=0.01 sys=0.00, real=0.01 secs] 
9.404: [GC (Allocation Failure) [PSYoungGen: 20K->32K(1536K)] 7206K->7217K(9728K), 0.0008311 secs] [Times: user=0.00 sys=0.00, real=0.00 secs] 
9.405: [GC (Allocation Failure) [PSYoungGen: 32K->32K(1536K)] 7217K->7217K(9728K), 0.0002793 secs] [Times: user=0.00 sys=0.00, real=0.00 secs] 
9.405: [Full GC (Allocation Failure) [PSYoungGen: 32K->0K(1536K)] [ParOldGen: 7185K->3115K(8192K)] 7217K->3115K(9728K), [Metaspace: 3328K->3328K(1056768K)], 0.0023782 secs] [Times: user=0.00 sys=0.00, real=0.00 secs] 
9.408: [GC (Allocation Failure) [PSYoungGen: 20K->32K(1536K)] 7207K->7218K(9728K), 0.0007966 secs] [Times: user=0.00 sys=0.01, real=0.00 secs] 
9.409: [GC (Allocation Failure) [PSYoungGen: 32K->32K(1536K)] 7218K->7218K(9728K), 0.0007865 secs] [Times: user=0.00 sys=0.00, real=0.00 secs] 
9.409: [Full GC (Allocation Failure) [PSYoungGen: 32K->0K(1536K)] [ParOldGen: 7186K->3115K(8192K)] 7218K->3115K(9728K), [Metaspace: 3328K->3328K(1056768K)], 0.0023646 secs] [Times: user=0.00 sys=0.00, real=0.00 secs] 
9.412: [GC (Allocation Failure) [PSYoungGen: 20K->32K(1536K)] 7208K->7219K(9728K), 0.0008111 secs] [Times: user=0.01 sys=0.00, real=0.01 secs] 
9.413: [GC (Allocation Failure) [PSYoungGen: 32K->32K(1536K)] 7219K->7219K(9728K), 0.0002721 secs] [Times: user=0.00 sys=0.00, real=0.00 secs] 
9.413: [Full GC (Allocation Failure) [PSYoungGen: 32K->0K(1536K)] [ParOldGen: 7187K->3115K(8192K)] 7219K->3115K(9728K), [Metaspace: 3328K->3328K(1056768K)], 0.0021706 secs] [Times: user=0.00 sys=0.00, real=0.00 secs] 
9.416: [GC (Allocation Failure) [PSYoungGen: 20K->32K(1536K)] 7209K->7220K(9728K), 0.0008072 secs] [Times: user=0.00 sys=0.00, real=0.00 secs] 
9.417: [GC (Allocation Failure) [PSYoungGen: 32K->32K(1536K)] 7220K->7220K(9728K), 0.0002606 secs] [Times: user=0.00 sys=0.00, real=0.00 secs] 
9.417: [Full GC (Allocation Failure) [PSYoungGen: 32K->0K(1536K)] [ParOldGen: 7188K->3115K(8192K)] 7220K->3115K(9728K), [Metaspace: 3328K->3328K(1056768K)], 0.0024897 secs] [Times: user=0.01 sys=0.00, real=0.00 secs] 
9.420: [GC (Allocation Failure) [PSYoungGen: 20K->32K(1536K)] 7209K->7221K(9728K), 0.0008190 secs] [Times: user=0.00 sys=0.00, real=0.00 secs] 
9.421: [GC (Allocation Failure) [PSYoungGen: 32K->32K(1536K)] 7221K->7221K(9728K), 0.0002809 secs] [Times: user=0.00 sys=0.00, real=0.00 secs] 
9.421: [Full GC (Allocation Failure) [PSYoungGen: 32K->0K(1536K)] [ParOldGen: 7189K->3116K(8192K)] 7221K->3116K(9728K), [Metaspace: 3328K->3328K(1056768K)], 0.0020973 secs] [Times: user=0.01 sys=0.00, real=0.01 secs] 
9.424: [GC (Allocation Failure) [PSYoungGen: 20K->32K(1536K)] 7210K->7222K(9728K), 0.0008125 secs] [Times: user=0.00 sys=0.00, real=0.00 secs] 
9.424: [GC (Allocation Failure) [PSYoungGen: 32K->32K(1536K)] 7222K->7222K(9728K), 0.0002765 secs] [Times: user=0.00 sys=0.00, real=0.00 secs] 
9.425: [Full GC (Allocation Failure) [PSYoungGen: 32K->0K(1536K)] [ParOldGen: 7190K->3116K(8192K)] 7222K->3116K(9728K), [Metaspace: 3328K->3328K(1056768K)], 0.0025284 secs] [Times: user=0.01 sys=0.00, real=0.00 secs] 
9.428: [GC (Allocation Failure) [PSYoungGen: 20K->32K(1536K)] 7211K->7223K(9728K), 0.0008082 secs] [Times: user=0.00 sys=0.00, real=0.00 secs] 
9.428: [GC (Allocation Failure) [PSYoungGen: 32K->32K(1536K)] 7223K->7223K(9728K), 0.0003090 secs] [Times: user=0.00 sys=0.00, real=0.00 secs] 
9.429: [Full GC (Allocation Failure) [PSYoungGen: 32K->0K(1536K)] [ParOldGen: 7191K->3116K(8192K)] 7223K->3116K(9728K), [Metaspace: 3328K->3328K(1056768K)], 0.0020876 secs] [Times: user=0.00 sys=0.00, real=0.00 secs] 
9.431: [GC (Allocation Failure) [PSYoungGen: 20K->32K(1536K)] 7212K->7224K(9728K), 0.0008178 secs] [Times: user=0.01 sys=0.00, real=0.00 secs] 
9.432: [GC (Allocation Failure) [PSYoungGen: 32K->32K(1536K)] 7224K->7224K(9728K), 0.0002684 secs] [Times: user=0.00 sys=0.00, real=0.00 secs] 
9.433: [Full GC (Allocation Failure) [PSYoungGen: 32K->0K(1536K)] [ParOldGen: 7192K->3117K(8192K)] 7224K->3117K(9728K), [Metaspace: 3328K->3328K(1056768K)], 0.0020142 secs] [Times: user=0.00 sys=0.00, real=0.01 secs] 
9.435: [GC (Allocation Failure) [PSYoungGen: 20K->32K(1536K)] 7213K->7225K(9728K), 0.0008271 secs] [Times: user=0.00 sys=0.00, real=0.00 secs] 
9.436: [GC (Allocation Failure) [PSYoungGen: 32K->32K(1536K)] 7225K->7225K(9728K), 0.0008208 secs] [Times: user=0.01 sys=0.00, real=0.00 secs] 
9.437: [Full GC (Allocation Failure) [PSYoungGen: 32K->0K(1536K)] [ParOldGen: 7193K->3117K(8192K)] 7225K->3117K(9728K), [Metaspace: 3328K->3328K(1056768K)], 0.0021543 secs] [Times: user=0.00 sys=0.00, real=0.00 secs] 
9.439: [GC (Allocation Failure) [PSYoungGen: 20K->32K(1536K)] 7214K->7226K(9728K), 0.0008071 secs] [Times: user=0.00 sys=0.00, real=0.00 secs] 
9.440: [GC (Allocation Failure) [PSYoungGen: 32K->32K(1536K)] 7226K->7226K(9728K), 0.0002544 secs] [Times: user=0.00 sys=0.00, real=0.00 secs] 
9.440: [Full GC (Allocation Failure) [PSYoungGen: 32K->0K(1536K)] [ParOldGen: 7194K->3117K(8192K)] 7226K->3117K(9728K), [Metaspace: 3328K->3328K(1056768K)], 0.0021370 secs] [Times: user=0.01 sys=0.00, real=0.00 secs] 
9.443: [GC (Allocation Failure) [PSYoungGen: 20K->32K(1536K)] 7215K->7227K(9728K), 0.0008142 secs] [Times: user=0.00 sys=0.00, real=0.00 secs] 
9.444: [GC (Allocation Failure) [PSYoungGen: 32K->32K(1536K)] 7227K->7227K(9728K), 0.0002790 secs] [Times: user=0.00 sys=0.00, real=0.00 secs] 
9.444: [Full GC (Allocation Failure) [PSYoungGen: 32K->0K(1536K)] [ParOldGen: 7195K->3118K(8192K)] 7227K->3118K(9728K), [Metaspace: 3328K->3328K(1056768K)], 0.0022716 secs] [Times: user=0.01 sys=0.00, real=0.00 secs] 
9.447: [GC (Allocation Failure) [PSYoungGen: 20K->32K(1536K)] 7216K->7228K(9728K), 0.0008070 secs] [Times: user=0.00 sys=0.00, real=0.00 secs] 
9.448: [GC (Allocation Failure) [PSYoungGen: 32K->32K(1536K)] 7228K->7228K(9728K), 0.0002735 secs] [Times: user=0.00 sys=0.00, real=0.00 secs] 
9.448: [Full GC (Allocation Failure) [PSYoungGen: 32K->0K(1536K)] [ParOldGen: 7196K->3118K(8192K)] 7228K->3118K(9728K), [Metaspace: 3328K->3328K(1056768K)], 0.0023873 secs] [Times: user=0.00 sys=0.00, real=0.00 secs] 
9.451: [GC (Allocation Failure) [PSYoungGen: 20K->32K(1536K)] 7217K->7229K(9728K), 0.0007995 secs] [Times: user=0.01 sys=0.00, real=0.00 secs] 
9.452: [GC (Allocation Failure) [PSYoungGen: 32K->32K(1536K)] 7229K->7229K(9728K), 0.0002655 secs] [Times: user=0.00 sys=0.00, real=0.00 secs] 
9.452: [Full GC (Allocation Failure) [PSYoungGen: 32K->0K(1536K)] [ParOldGen: 7197K->3118K(8192K)] 7229K->3118K(9728K), [Metaspace: 3328K->3328K(1056768K)], 0.0026047 secs] [Times: user=0.00 sys=0.00, real=0.01 secs] 
9.455: [GC (Allocation Failure) [PSYoungGen: 20K->32K(1536K)] 7218K->7230K(9728K), 0.0008109 secs] [Times: user=0.01 sys=0.00, real=0.00 secs] 
9.456: [GC (Allocation Failure) [PSYoungGen: 32K->32K(1536K)] 7230K->7230K(9728K), 0.0002956 secs] [Times: user=0.00 sys=0.00, real=0.00 secs] 
9.456: [Full GC (Allocation Failure) [PSYoungGen: 32K->0K(1536K)] [ParOldGen: 7198K->3119K(8192K)] 7230K->3119K(9728K), [Metaspace: 3328K->3328K(1056768K)], 0.0020718 secs] [Times: user=0.00 sys=0.00, real=0.00 secs] 
9.458: [GC (Allocation Failure) [PSYoungGen: 20K->32K(1536K)] 7219K->7231K(9728K), 0.0008036 secs] [Times: user=0.00 sys=0.00, real=0.00 secs] 
9.459: [GC (Allocation Failure) [PSYoungGen: 32K->32K(1536K)] 7231K->7231K(9728K), 0.0002703 secs] [Times: user=0.00 sys=0.00, real=0.00 secs] 
9.460: [Full GC (Allocation Failure) [PSYoungGen: 32K->0K(1536K)] [ParOldGen: 7199K->3119K(8192K)] 7231K->3119K(9728K), [Metaspace: 3328K->3328K(1056768K)], 0.0021749 secs] [Times: user=0.01 sys=0.00, real=0.00 secs] 
9.462: [GC (Allocation Failure) [PSYoungGen: 20K->32K(1536K)] 7220K->7232K(9728K), 0.0008162 secs] [Times: user=0.00 sys=0.00, real=0.01 secs] 
9.463: [GC (Allocation Failure) [PSYoungGen: 32K->32K(1536K)] 7232K->7232K(9728K), 0.0007905 secs] [Times: user=0.00 sys=0.00, real=0.00 secs] 
9.464: [Full GC (Allocation Failure) [PSYoungGen: 32K->0K(1536K)] [ParOldGen: 7200K->3119K(8192K)] 7232K->3119K(9728K), [Metaspace: 3328K->3328K(1056768K)], 0.0025311 secs] [Times: user=0.01 sys=0.00, real=0.00 secs] 
9.467: [GC (Allocation Failure) [PSYoungGen: 20K->32K(1536K)] 7221K->7233K(9728K), 0.0008199 secs] [Times: user=0.00 sys=0.00, real=0.00 secs] 
9.468: [GC (Allocation Failure) [PSYoungGen: 32K->32K(1536K)] 7233K->7233K(9728K), 0.0002692 secs] [Times: user=0.00 sys=0.00, real=0.00 secs] 
9.468: [Full GC (Allocation Failure) [PSYoungGen: 32K->0K(1536K)] [ParOldGen: 7201K->3120K(8192K)] 7233K->3120K(9728K), [Metaspace: 3328K->3328K(1056768K)], 0.0020874 secs] [Times: user=0.01 sys=0.00, real=0.00 secs] 
9.471: [GC (Allocation Failure) [PSYoungGen: 20K->32K(1536K)] 7222K->7233K(9728K), 0.0008156 secs] [Times: user=0.00 sys=0.00, real=0.00 secs] 
9.471: [GC (Allocation Failure) [PSYoungGen: 32K->32K(1536K)] 7233K->7233K(9728K), 0.0002433 secs] [Times: user=0.00 sys=0.00, real=0.00 secs] 
9.472: [Full GC (Allocation Failure) [PSYoungGen: 32K->0K(1536K)] [ParOldGen: 7201K->3120K(8192K)] 7233K->3120K(9728K), [Metaspace: 3328K->3328K(1056768K)], 0.0022134 secs] [Times: user=0.00 sys=0.00, real=0.01 secs] 
9.474: [GC (Allocation Failure) [PSYoungGen: 20K->32K(1536K)] 7223K->7234K(9728K), 0.0008070 secs] [Times: user=0.01 sys=0.00, real=0.00 secs] 
9.475: [GC (Allocation Failure) [PSYoungGen: 32K->32K(1536K)] 7234K->7234K(9728K), 0.0002760 secs] [Times: user=0.00 sys=0.00, real=0.00 secs] 
9.475: [Full GC (Allocation Failure) [PSYoungGen: 32K->0K(1536K)] [ParOldGen: 7202K->3120K(8192K)] 7234K->3120K(9728K), [Metaspace: 3328K->3328K(1056768K)], 0.0020009 secs] [Times: user=0.00 sys=0.00, real=0.00 secs] 
9.478: [GC (Allocation Failure) [PSYoungGen: 20K->32K(1536K)] 7224K->7235K(9728K), 0.0008211 secs] [Times: user=0.00 sys=0.00, real=0.00 secs] 
9.479: [GC (Allocation Failure) [PSYoungGen: 32K->32K(1536K)] 7235K->7235K(9728K), 0.0002825 secs] [Times: user=0.00 sys=0.00, real=0.00 secs] 
9.479: [Full GC (Allocation Failure) [PSYoungGen: 32K->0K(1536K)] [ParOldGen: 7203K->3121K(8192K)] 7235K->3121K(9728K), [Metaspace: 3328K->3328K(1056768K)], 0.0025247 secs] [Times: user=0.01 sys=0.00, real=0.00 secs] 
9.482: [GC (Allocation Failure) [PSYoungGen: 20K->32K(1536K)] 7225K->7236K(9728K), 0.0008008 secs] [Times: user=0.00 sys=0.00, real=0.01 secs] 
9.483: [GC (Allocation Failure) [PSYoungGen: 32K->32K(1536K)] 7236K->7236K(9728K), 0.0002786 secs] [Times: user=0.00 sys=0.00, real=0.00 secs] 
9.483: [Full GC (Allocation Failure) [PSYoungGen: 32K->0K(1536K)] [ParOldGen: 7204K->3121K(8192K)] 7236K->3121K(9728K), [Metaspace: 3328K->3328K(1056768K)], 0.0020576 secs] [Times: user=0.01 sys=0.00, real=0.00 secs] 
9.486: [GC (Allocation Failure) [PSYoungGen: 20K->32K(1536K)] 7226K->7237K(9728K), 0.0008022 secs] [Times: user=0.00 sys=0.00, real=0.00 secs] 
9.486: [GC (Allocation Failure) [PSYoungGen: 32K->32K(1536K)] 7237K->7237K(9728K), 0.0002686 secs] [Times: user=0.00 sys=0.00, real=0.00 secs] 
9.487: [Full GC (Allocation Failure) [PSYoungGen: 32K->0K(1536K)] [ParOldGen: 7205K->3121K(8192K)] 7237K->3121K(9728K), [Metaspace: 3328K->3328K(1056768K)], 0.0021763 secs] [Times: user=0.00 sys=0.00, real=0.00 secs] 
9.489: [GC (Allocation Failure) [PSYoungGen: 20K->32K(1536K)] 7227K->7238K(9728K), 0.0008071 secs] [Times: user=0.01 sys=0.00, real=0.00 secs] 
9.490: [GC (Allocation Failure) [PSYoungGen: 32K->32K(1536K)] 7238K->7238K(9728K), 0.0002823 secs] [Times: user=0.00 sys=0.00, real=0.00 secs] 
9.490: [Full GC (Allocation Failure) [PSYoungGen: 32K->0K(1536K)] [ParOldGen: 7206K->3122K(8192K)] 7238K->3122K(9728K), [Metaspace: 3328K->3328K(1056768K)], 0.0024881 secs] [Times: user=0.00 sys=0.00, real=0.01 secs] 
9.493: [GC (Allocation Failure) [PSYoungGen: 20K->32K(1536K)] 7228K->7239K(9728K), 0.0008115 secs] [Times: user=0.00 sys=0.00, real=0.00 secs] 
9.494: [GC (Allocation Failure) [PSYoungGen: 32K->32K(1536K)] 7239K->7239K(9728K), 0.0002722 secs] [Times: user=0.01 sys=0.00, real=0.00 secs] 
9.494: [Full GC (Allocation Failure) [PSYoungGen: 32K->0K(1536K)] [ParOldGen: 7207K->3122K(8192K)] 7239K->3122K(9728K), [Metaspace: 3328K->3328K(1056768K)], 0.0021158 secs] [Times: user=0.00 sys=0.01, real=0.00 secs] 
9.497: [GC (Allocation Failure) [PSYoungGen: 20K->32K(1536K)] 7229K->7240K(9728K), 0.0008404 secs] [Times: user=0.00 sys=0.00, real=0.00 secs] 
9.498: [GC (Allocation Failure) [PSYoungGen: 32K->32K(1536K)] 7240K->7240K(9728K), 0.0003032 secs] [Times: user=0.00 sys=0.00, real=0.00 secs] 
9.498: [Full GC (Allocation Failure) [PSYoungGen: 32K->0K(1536K)] [ParOldGen: 7208K->3122K(8192K)] 7240K->3122K(9728K), [Metaspace: 3328K->3328K(1056768K)], 0.0028500 secs] [Times: user=0.01 sys=0.00, real=0.00 secs] 
9.502: [GC (Allocation Failure) [PSYoungGen: 20K->32K(1536K)] 7230K->7241K(9728K), 0.0009016 secs] [Times: user=0.00 sys=0.00, real=0.01 secs] 
9.503: [GC (Allocation Failure) [PSYoungGen: 32K->32K(1536K)] 7241K->7241K(9728K), 0.0010999 secs] [Times: user=0.00 sys=0.00, real=0.00 secs] 
9.505: [Full GC (Allocation Failure) [PSYoungGen: 32K->0K(1536K)] [ParOldGen: 7209K->3123K(8192K)] 7241K->3123K(9728K), [Metaspace: 3328K->3328K(1056768K)], 0.0028128 secs] [Times: user=0.01 sys=0.00, real=0.00 secs] 
9.508: [GC (Allocation Failure) [PSYoungGen: 20K->32K(1536K)] 7231K->7242K(9728K), 0.0008109 secs] [Times: user=0.00 sys=0.00, real=0.00 secs] 
9.509: [GC (Allocation Failure) [PSYoungGen: 32K->32K(1536K)] 7242K->7242K(9728K), 0.0007935 secs] [Times: user=0.00 sys=0.00, real=0.00 secs] 
9.510: [Full GC (Allocation Failure) [PSYoungGen: 32K->0K(1536K)] [ParOldGen: 7210K->3123K(8192K)] 7242K->3123K(9728K), [Metaspace: 3328K->3328K(1056768K)], 0.0021495 secs] [Times: user=0.01 sys=0.00, real=0.00 secs] 
9.512: [GC (Allocation Failure) [PSYoungGen: 20K->32K(1536K)] 7232K->7243K(9728K), 0.0008189 secs] [Times: user=0.00 sys=0.00, real=0.01 secs] 
9.513: [GC (Allocation Failure) [PSYoungGen: 32K->32K(1536K)] 7243K->7243K(9728K), 0.0004989 secs] [Times: user=0.00 sys=0.00, real=0.00 secs] 
9.514: [Full GC (Allocation Failure) [PSYoungGen: 32K->0K(1536K)] [ParOldGen: 7211K->3123K(8192K)] 7243K->3123K(9728K), [Metaspace: 3328K->3328K(1056768K)], 0.0027927 secs] [Times: user=0.01 sys=0.00, real=0.00 secs] 
9.518: [GC (Allocation Failure) [PSYoungGen: 20K->32K(1536K)] 7233K->7244K(9728K), 0.0004744 secs] [Times: user=0.00 sys=0.00, real=0.00 secs] 
9.518: [GC (Allocation Failure) [PSYoungGen: 32K->32K(1536K)] 7244K->7244K(9728K), 0.0006171 secs] [Times: user=0.00 sys=0.00, real=0.00 secs] 
9.519: [Full GC (Allocation Failure) [PSYoungGen: 32K->0K(1536K)] [ParOldGen: 7212K->3123K(8192K)] 7244K->3123K(9728K), [Metaspace: 3328K->3328K(1056768K)], 0.0028477 secs] [Times: user=0.01 sys=0.00, real=0.00 secs] 
9.522: [GC (Allocation Failure) [PSYoungGen: 20K->32K(1536K)] 7234K->7245K(9728K), 0.0007966 secs] [Times: user=0.00 sys=0.00, real=0.01 secs] 
9.523: [GC (Allocation Failure) [PSYoungGen: 32K->32K(1536K)] 7245K->7245K(9728K), 0.0002725 secs] [Times: user=0.00 sys=0.00, real=0.00 secs] 
9.524: [Full GC (Allocation Failure) [PSYoungGen: 32K->0K(1536K)] [ParOldGen: 7213K->3124K(8192K)] 7245K->3124K(9728K), [Metaspace: 3328K->3328K(1056768K)], 0.0021863 secs] [Times: user=0.01 sys=0.00, real=0.00 secs] 
9.526: [GC (Allocation Failure) [PSYoungGen: 20K->32K(1536K)] 7234K->7246K(9728K), 0.0008020 secs] [Times: user=0.00 sys=0.00, real=0.00 secs] 
9.527: [GC (Allocation Failure) [PSYoungGen: 32K->32K(1536K)] 7246K->7246K(9728K), 0.0002748 secs] [Times: user=0.00 sys=0.00, real=0.00 secs] 
9.527: [Full GC (Allocation Failure) [PSYoungGen: 32K->0K(1536K)] [ParOldGen: 7214K->3124K(8192K)] 7246K->3124K(9728K), [Metaspace: 3328K->3328K(1056768K)], 0.0022390 secs] [Times: user=0.00 sys=0.00, real=0.00 secs] 
9.530: [GC (Allocation Failure) [PSYoungGen: 20K->32K(1536K)] 7235K->7247K(9728K), 0.0008383 secs] [Times: user=0.01 sys=0.00, real=0.00 secs] 
9.531: [GC (Allocation Failure) [PSYoungGen: 32K->32K(1536K)] 7247K->7247K(9728K), 0.0007867 secs] [Times: user=0.00 sys=0.00, real=0.00 secs] 
9.532: [Full GC (Allocation Failure) [PSYoungGen: 32K->0K(1536K)] [ParOldGen: 7215K->3124K(8192K)] 7247K->3124K(9728K), [Metaspace: 3328K->3328K(1056768K)], 0.0025593 secs] [Times: user=0.00 sys=0.00, real=0.01 secs] 
9.535: [GC (Allocation Failure) [PSYoungGen: 20K->32K(1536K)] 7236K->7248K(9728K), 0.0008127 secs] [Times: user=0.01 sys=0.00, real=0.00 secs] 
9.535: [GC (Allocation Failure) [PSYoungGen: 32K->32K(1536K)] 7248K->7248K(9728K), 0.0002441 secs] [Times: user=0.00 sys=0.00, real=0.00 secs] 
9.536: [Full GC (Allocation Failure) [PSYoungGen: 32K->0K(1536K)] [ParOldGen: 7216K->3125K(8192K)] 7248K->3125K(9728K), [Metaspace: 3328K->3328K(1056768K)], 0.0020508 secs] [Times: user=0.00 sys=0.00, real=0.00 secs] 
9.538: [GC (Allocation Failure) [PSYoungGen: 20K->32K(1536K)] 7237K->7249K(9728K), 0.0008205 secs] [Times: user=0.00 sys=0.00, real=0.00 secs] 
9.539: [GC (Allocation Failure) [PSYoungGen: 32K->32K(1536K)] 7249K->7249K(9728K), 0.0008570 secs] [Times: user=0.01 sys=0.00, real=0.00 secs] 
9.540: [Full GC (Allocation Failure) [PSYoungGen: 32K->0K(1536K)] [ParOldGen: 7217K->3125K(8192K)] 7249K->3125K(9728K), [Metaspace: 3328K->3328K(1056768K)], 0.0024011 secs] [Times: user=0.00 sys=0.00, real=0.00 secs] 
9.543: [GC (Allocation Failure) [PSYoungGen: 20K->32K(1536K)] 7238K->7250K(9728K), 0.0008183 secs] [Times: user=0.00 sys=0.00, real=0.00 secs] 
9.544: [GC (Allocation Failure) [PSYoungGen: 32K->32K(1536K)] 7250K->7250K(9728K), 0.0002708 secs] [Times: user=0.00 sys=0.00, real=0.00 secs] 
9.544: [Full GC (Allocation Failure) [PSYoungGen: 32K->0K(1536K)] [ParOldGen: 7218K->3125K(8192K)] 7250K->3125K(9728K), [Metaspace: 3328K->3328K(1056768K)], 0.0024038 secs] [Times: user=0.01 sys=0.00, real=0.00 secs] 
9.547: [GC (Allocation Failure) [PSYoungGen: 20K->32K(1536K)] 7239K->7251K(9728K), 0.0008012 secs] [Times: user=0.00 sys=0.00, real=0.00 secs] 
9.548: [GC (Allocation Failure) [PSYoungGen: 32K->32K(1536K)] 7251K->7251K(9728K), 0.0002598 secs] [Times: user=0.00 sys=0.00, real=0.00 secs] 
9.548: [Full GC (Allocation Failure) [PSYoungGen: 32K->0K(1536K)] [ParOldGen: 7219K->3126K(8192K)] 7251K->3126K(9728K), [Metaspace: 3328K->3328K(1056768K)], 0.0025309 secs] [Times: user=0.01 sys=0.00, real=0.00 secs] 
9.551: [GC (Allocation Failure) [PSYoungGen: 20K->32K(1536K)] 7240K->7252K(9728K), 0.0008003 secs] [Times: user=0.00 sys=0.00, real=0.00 secs] 
9.552: [GC (Allocation Failure) [PSYoungGen: 32K->32K(1536K)] 7252K->7252K(9728K), 0.0002728 secs] [Times: user=0.00 sys=0.00, real=0.00 secs] 
9.552: [Full GC (Allocation Failure) [PSYoungGen: 32K->0K(1536K)] [ParOldGen: 7220K->3126K(8192K)] 7252K->3126K(9728K), [Metaspace: 3328K->3328K(1056768K)], 0.0024922 secs] [Times: user=0.01 sys=0.00, real=0.01 secs] 
9.555: [GC (Allocation Failure) [PSYoungGen: 20K->32K(1536K)] 7241K->7253K(9728K), 0.0008159 secs] [Times: user=0.00 sys=0.00, real=0.00 secs] 
9.556: [GC (Allocation Failure) [PSYoungGen: 32K->32K(1536K)] 7253K->7253K(9728K), 0.0002644 secs] [Times: user=0.00 sys=0.00, real=0.00 secs] 
9.556: [Full GC (Allocation Failure) [PSYoungGen: 32K->0K(1536K)] [ParOldGen: 7221K->3126K(8192K)] 7253K->3126K(9728K), [Metaspace: 3328K->3328K(1056768K)], 0.0025059 secs] [Times: user=0.00 sys=0.00, real=0.00 secs] 
9.559: [GC (Allocation Failure) [PSYoungGen: 20K->32K(1536K)] 7242K->7254K(9728K), 0.0008057 secs] [Times: user=0.01 sys=0.00, real=0.00 secs] 
9.560: [GC (Allocation Failure) [PSYoungGen: 32K->32K(1536K)] 7254K->7254K(9728K), 0.0002737 secs] [Times: user=0.00 sys=0.00, real=0.00 secs] 
9.560: [Full GC (Allocation Failure) [PSYoungGen: 32K->0K(1536K)] [ParOldGen: 7222K->3127K(8192K)] 7254K->3127K(9728K), [Metaspace: 3328K->3328K(1056768K)], 0.0027608 secs] [Times: user=0.00 sys=0.00, real=0.01 secs] 
9.563: [GC (Allocation Failure) [PSYoungGen: 20K->32K(1536K)] 7243K->7255K(9728K), 0.0008051 secs] [Times: user=0.01 sys=0.00, real=0.00 secs] 
9.564: [GC (Allocation Failure) [PSYoungGen: 32K->32K(1536K)] 7255K->7255K(9728K), 0.0002668 secs] [Times: user=0.00 sys=0.00, real=0.00 secs] 
9.564: [Full GC (Allocation Failure) [PSYoungGen: 32K->0K(1536K)] [ParOldGen: 7223K->3127K(8192K)] 7255K->3127K(9728K), [Metaspace: 3328K->3328K(1056768K)], 0.0021433 secs] [Times: user=0.00 sys=0.00, real=0.00 secs] 
9.567: [GC (Allocation Failure) [PSYoungGen: 20K->32K(1536K)] 7244K->7256K(9728K), 0.0008152 secs] [Times: user=0.00 sys=0.00, real=0.00 secs] 
9.568: [GC (Allocation Failure) [PSYoungGen: 32K->32K(1536K)] 7256K->7256K(9728K), 0.0002740 secs] [Times: user=0.00 sys=0.00, real=0.00 secs] 
9.568: [Full GC (Allocation Failure) [PSYoungGen: 32K->0K(1536K)] [ParOldGen: 7224K->3127K(8192K)] 7256K->3127K(9728K), [Metaspace: 3328K->3328K(1056768K)], 0.0023863 secs] [Times: user=0.01 sys=0.00, real=0.00 secs] 
9.571: [GC (Allocation Failure) [PSYoungGen: 20K->32K(1536K)] 7245K->7257K(9728K), 0.0008080 secs] [Times: user=0.00 sys=0.00, real=0.00 secs] 
9.572: [GC (Allocation Failure) [PSYoungGen: 32K->32K(1536K)] 7257K->7257K(9728K), 0.0003116 secs] [Times: user=0.00 sys=0.00, real=0.00 secs] 
9.572: [Full GC (Allocation Failure) [PSYoungGen: 32K->0K(1536K)] [ParOldGen: 7225K->3128K(8192K)] 7257K->3128K(9728K), [Metaspace: 3328K->3328K(1056768K)], 0.0021992 secs] [Times: user=0.01 sys=0.00, real=0.01 secs] 
9.575: [GC (Allocation Failure) [PSYoungGen: 20K->32K(1536K)] 7246K->7258K(9728K), 0.0007974 secs] [Times: user=0.00 sys=0.00, real=0.00 secs] 
9.576: [GC (Allocation Failure) [PSYoungGen: 32K->32K(1536K)] 7258K->7258K(9728K), 0.0002632 secs] [Times: user=0.00 sys=0.00, real=0.00 secs] 
9.576: [Full GC (Allocation Failure) [PSYoungGen: 32K->0K(1536K)] [ParOldGen: 7226K->3128K(8192K)] 7258K->3128K(9728K), [Metaspace: 3328K->3328K(1056768K)], 0.0021221 secs] [Times: user=0.00 sys=0.00, real=0.00 secs] 
9.578: [GC (Allocation Failure) [PSYoungGen: 20K->32K(1536K)] 7247K->7258K(9728K), 0.0008167 secs] [Times: user=0.01 sys=0.00, real=0.00 secs] 
9.579: [GC (Allocation Failure) [PSYoungGen: 32K->32K(1536K)] 7258K->7258K(9728K), 0.0002693 secs] [Times: user=0.00 sys=0.00, real=0.00 secs] 
9.580: [Full GC (Allocation Failure) [PSYoungGen: 32K->0K(1536K)] [ParOldGen: 7226K->3128K(8192K)] 7258K->3128K(9728K), [Metaspace: 3328K->3328K(1056768K)], 0.0025106 secs] [Times: user=0.00 sys=0.00, real=0.00 secs] 
9.582: [GC (Allocation Failure) [PSYoungGen: 20K->32K(1536K)] 7248K->7259K(9728K), 0.0005938 secs] [Times: user=0.00 sys=0.00, real=0.01 secs] 
9.583: [GC (Allocation Failure) [PSYoungGen: 32K->32K(1536K)] 7259K->7259K(9728K), 0.0002878 secs] [Times: user=0.00 sys=0.00, real=0.00 secs] 
9.583: [Full GC (Allocation Failure) [PSYoungGen: 32K->0K(1536K)] [ParOldGen: 7227K->3129K(8192K)] 7259K->3129K(9728K), [Metaspace: 3328K->3328K(1056768K)], 0.0024690 secs] [Times: user=0.01 sys=0.00, real=0.00 secs] 
9.586: [GC (Allocation Failure) [PSYoungGen: 20K->32K(1536K)] 7249K->7260K(9728K), 0.0004477 secs] [Times: user=0.00 sys=0.00, real=0.00 secs] 
9.587: [GC (Allocation Failure) [PSYoungGen: 32K->32K(1536K)] 7260K->7260K(9728K), 0.0004113 secs] [Times: user=0.00 sys=0.00, real=0.00 secs] 
9.587: [Full GC (Allocation Failure) [PSYoungGen: 32K->0K(1536K)] [ParOldGen: 7228K->3129K(8192K)] 7260K->3129K(9728K), [Metaspace: 3328K->3328K(1056768K)], 0.0030145 secs] [Times: user=0.01 sys=0.00, real=0.00 secs] 
9.591: [GC (Allocation Failure) [PSYoungGen: 20K->32K(1536K)] 7250K->7261K(9728K), 0.0008016 secs] [Times: user=0.00 sys=0.00, real=0.00 secs] 
9.592: [GC (Allocation Failure) [PSYoungGen: 32K->32K(1536K)] 7261K->7261K(9728K), 0.0003267 secs] [Times: user=0.00 sys=0.00, real=0.00 secs] 
9.592: [Full GC (Allocation Failure) [PSYoungGen: 32K->0K(1536K)] [ParOldGen: 7229K->3129K(8192K)] 7261K->3129K(9728K), [Metaspace: 3328K->3328K(1056768K)], 0.0024989 secs] [Times: user=0.01 sys=0.00, real=0.01 secs] 
9.595: [GC (Allocation Failure) [PSYoungGen: 20K->32K(1536K)] 7251K->7262K(9728K), 0.0008628 secs] [Times: user=0.00 sys=0.00, real=0.00 secs] 
9.596: [GC (Allocation Failure) [PSYoungGen: 32K->32K(1536K)] 7262K->7262K(9728K), 0.0003118 secs] [Times: user=0.00 sys=0.00, real=0.00 secs] 
9.596: [Full GC (Allocation Failure) [PSYoungGen: 32K->0K(1536K)] [ParOldGen: 7230K->3130K(8192K)] 7262K->3130K(9728K), [Metaspace: 3328K->3328K(1056768K)], 0.0026051 secs] [Times: user=0.01 sys=0.00, real=0.00 secs] 
9.599: [GC (Allocation Failure) [PSYoungGen: 20K->32K(1536K)] 7252K->7263K(9728K), 0.0008362 secs] [Times: user=0.00 sys=0.00, real=0.00 secs] 
9.600: [GC (Allocation Failure) [PSYoungGen: 32K->32K(1536K)] 7263K->7263K(9728K), 0.0002621 secs] [Times: user=0.00 sys=0.00, real=0.00 secs] 
9.600: [Full GC (Allocation Failure) [PSYoungGen: 32K->0K(1536K)] [ParOldGen: 7231K->3130K(8192K)] 7263K->3130K(9728K), [Metaspace: 3328K->3328K(1056768K)], 0.0021608 secs] [Times: user=0.00 sys=0.00, real=0.00 secs] 
9.603: [GC (Allocation Failure) [PSYoungGen: 20K->32K(1536K)] 7253K->7264K(9728K), 0.0008090 secs] [Times: user=0.01 sys=0.00, real=0.00 secs] 
9.604: [GC (Allocation Failure) [PSYoungGen: 32K->32K(1536K)] 7264K->7264K(9728K), 0.0002945 secs] [Times: user=0.00 sys=0.00, real=0.00 secs] 
9.604: [Full GC (Allocation Failure) [PSYoungGen: 32K->0K(1536K)] [ParOldGen: 7232K->3130K(8192K)] 7264K->3130K(9728K), [Metaspace: 3328K->3328K(1056768K)], 0.0021131 secs] [Times: user=0.00 sys=0.00, real=0.00 secs] 
9.607: [GC (Allocation Failure) [PSYoungGen: 20K->32K(1536K)] 7254K->7265K(9728K), 0.0006317 secs] [Times: user=0.00 sys=0.00, real=0.00 secs] 
9.607: [GC (Allocation Failure) [PSYoungGen: 32K->32K(1536K)] 7265K->7265K(9728K), 0.0002868 secs] [Times: user=0.00 sys=0.00, real=0.00 secs] 
9.608: [Full GC (Allocation Failure) [PSYoungGen: 32K->0K(1536K)] [ParOldGen: 7233K->3131K(8192K)] 7265K->3131K(9728K), [Metaspace: 3328K->3328K(1056768K)], 0.0025549 secs] [Times: user=0.01 sys=0.00, real=0.00 secs] 
9.611: [GC (Allocation Failure) [PSYoungGen: 20K->32K(1536K)] 7255K->7266K(9728K), 0.0008351 secs] [Times: user=0.00 sys=0.00, real=0.00 secs] 
9.611: [GC (Allocation Failure) [PSYoungGen: 32K->32K(1536K)] 7266K->7266K(9728K), 0.0002716 secs] [Times: user=0.00 sys=0.00, real=0.00 secs] 
9.612: [Full GC (Allocation Failure) [PSYoungGen: 32K->0K(1536K)] [ParOldGen: 7234K->3131K(8192K)] 7266K->3131K(9728K), [Metaspace: 3328K->3328K(1056768K)], 0.0019905 secs] [Times: user=0.01 sys=0.00, real=0.01 secs] 
9.614: [GC (Allocation Failure) [PSYoungGen: 20K->32K(1536K)] 7256K->7267K(9728K), 0.0008203 secs] [Times: user=0.00 sys=0.00, real=0.00 secs] 
9.615: [GC (Allocation Failure) [PSYoungGen: 32K->32K(1536K)] 7267K->7267K(9728K), 0.0003621 secs] [Times: user=0.00 sys=0.00, real=0.00 secs] 
9.615: [Full GC (Allocation Failure) [PSYoungGen: 32K->0K(1536K)] [ParOldGen: 7235K->3131K(8192K)] 7267K->3131K(9728K), [Metaspace: 3328K->3328K(1056768K)], 0.0022679 secs] [Times: user=0.00 sys=0.00, real=0.00 secs] 
9.618: [GC (Allocation Failure) [PSYoungGen: 20K->32K(1536K)] 7257K->7268K(9728K), 0.0008240 secs] [Times: user=0.01 sys=0.00, real=0.00 secs] 
9.619: [GC (Allocation Failure) [PSYoungGen: 32K->32K(1536K)] 7268K->7268K(9728K), 0.0002654 secs] [Times: user=0.00 sys=0.00, real=0.00 secs] 
9.619: [Full GC (Allocation Failure) [PSYoungGen: 32K->0K(1536K)] [ParOldGen: 7236K->3131K(8192K)] 7268K->3131K(9728K), [Metaspace: 3328K->3328K(1056768K)], 0.0021525 secs] [Times: user=0.00 sys=0.00, real=0.00 secs] 
9.622: [GC (Allocation Failure) [PSYoungGen: 20K->32K(1536K)] 7258K->7269K(9728K), 0.0003056 secs] [Times: user=0.00 sys=0.00, real=0.00 secs] 
9.622: [GC (Allocation Failure) [PSYoungGen: 32K->32K(1536K)] 7269K->7269K(9728K), 0.0002841 secs] [Times: user=0.00 sys=0.00, real=0.00 secs] 
9.622: [Full GC (Allocation Failure) [PSYoungGen: 32K->0K(1536K)] [ParOldGen: 7237K->3132K(8192K)] 7269K->3132K(9728K), [Metaspace: 3328K->3328K(1056768K)], 0.0025392 secs] [Times: user=0.01 sys=0.00, real=0.01 secs] 
9.625: [GC (Allocation Failure) [PSYoungGen: 20K->32K(1536K)] 7258K->7270K(9728K), 0.0008218 secs] [Times: user=0.00 sys=0.00, real=0.00 secs] 
9.626: [GC (Allocation Failure) [PSYoungGen: 32K->32K(1536K)] 7270K->7270K(9728K), 0.0002584 secs] [Times: user=0.00 sys=0.00, real=0.00 secs] 
9.627: [Full GC (Allocation Failure) [PSYoungGen: 32K->0K(1536K)] [ParOldGen: 7238K->3132K(8192K)] 7270K->3132K(9728K), [Metaspace: 3328K->3328K(1056768K)], 0.0020653 secs] [Times: user=0.01 sys=0.00, real=0.00 secs] 
9.629: [GC (Allocation Failure) [PSYoungGen: 20K->32K(1536K)] 7259K->7271K(9728K), 0.0008217 secs] [Times: user=0.00 sys=0.00, real=0.00 secs] 
9.630: [GC (Allocation Failure) [PSYoungGen: 32K->32K(1536K)] 7271K->7271K(9728K), 0.0002724 secs] [Times: user=0.00 sys=0.00, real=0.00 secs] 
9.630: [Full GC (Allocation Failure) [PSYoungGen: 32K->0K(1536K)] [ParOldGen: 7239K->3132K(8192K)] 7271K->3132K(9728K), [Metaspace: 3328K->3328K(1056768K)], 0.0020941 secs] [Times: user=0.00 sys=0.00, real=0.00 secs] 
9.633: [GC (Allocation Failure) [PSYoungGen: 20K->32K(1536K)] 7260K->7272K(9728K), 0.0008365 secs] [Times: user=0.01 sys=0.00, real=0.01 secs] 
9.634: [GC (Allocation Failure) [PSYoungGen: 32K->32K(1536K)] 7272K->7272K(9728K), 0.0002543 secs] [Times: user=0.00 sys=0.00, real=0.00 secs] 
9.634: [Full GC (Allocation Failure) [PSYoungGen: 32K->0K(1536K)] [ParOldGen: 7240K->3133K(8192K)] 7272K->3133K(9728K), [Metaspace: 3328K->3328K(1056768K)], 0.0025207 secs] [Times: user=0.00 sys=0.00, real=0.00 secs] 
9.637: [GC (Allocation Failure) [PSYoungGen: 20K->32K(1536K)] 7261K->7273K(9728K), 0.0008283 secs] [Times: user=0.00 sys=0.00, real=0.00 secs] 
9.638: [GC (Allocation Failure) [PSYoungGen: 32K->32K(1536K)] 7273K->7273K(9728K), 0.0002815 secs] [Times: user=0.00 sys=0.00, real=0.00 secs] 
9.638: [Full GC (Allocation Failure) [PSYoungGen: 32K->0K(1536K)] [ParOldGen: 7241K->3133K(8192K)] 7273K->3133K(9728K), [Metaspace: 3328K->3328K(1056768K)], 0.0020514 secs] [Times: user=0.01 sys=0.00, real=0.00 secs] 
9.640: [GC (Allocation Failure) [PSYoungGen: 20K->32K(1536K)] 7262K->7274K(9728K), 0.0008122 secs] [Times: user=0.00 sys=0.00, real=0.00 secs] 
9.641: [GC (Allocation Failure) [PSYoungGen: 32K->32K(1536K)] 7274K->7274K(9728K), 0.0002539 secs] [Times: user=0.00 sys=0.00, real=0.00 secs] 
9.642: [Full GC (Allocation Failure) [PSYoungGen: 32K->0K(1536K)] [ParOldGen: 7242K->3133K(8192K)] 7274K->3133K(9728K), [Metaspace: 3328K->3328K(1056768K)], 0.0024965 secs] [Times: user=0.01 sys=0.00, real=0.01 secs] 
9.644: [GC (Allocation Failure) [PSYoungGen: 20K->32K(1536K)] 7263K->7275K(9728K), 0.0008256 secs] [Times: user=0.00 sys=0.00, real=0.00 secs] 
9.645: [GC (Allocation Failure) [PSYoungGen: 32K->32K(1536K)] 7275K->7275K(9728K), 0.0002554 secs] [Times: user=0.00 sys=0.00, real=0.00 secs] 
9.646: [Full GC (Allocation Failure) [PSYoungGen: 32K->0K(1536K)] [ParOldGen: 7243K->3134K(8192K)] 7275K->3134K(9728K), [Metaspace: 3328K->3328K(1056768K)], 0.0024218 secs] [Times: user=0.01 sys=0.00, real=0.00 secs] 
9.648: [GC (Allocation Failure) [PSYoungGen: 20K->32K(1536K)] 7264K->7276K(9728K), 0.0008327 secs] [Times: user=0.00 sys=0.00, real=0.00 secs] 
9.649: [GC (Allocation Failure) [PSYoungGen: 32K->32K(1536K)] 7276K->7276K(9728K), 0.0002784 secs] [Times: user=0.00 sys=0.00, real=0.00 secs] 
9.650: [Full GC (Allocation Failure) [PSYoungGen: 32K->0K(1536K)] [ParOldGen: 7244K->3134K(8192K)] 7276K->3134K(9728K), [Metaspace: 3328K->3328K(1056768K)], 0.0025619 secs] [Times: user=0.00 sys=0.00, real=0.00 secs] 
9.653: [GC (Allocation Failure) [PSYoungGen: 20K->32K(1536K)] 7265K->7277K(9728K), 0.0008094 secs] [Times: user=0.01 sys=0.00, real=0.01 secs] 
9.653: [GC (Allocation Failure) [PSYoungGen: 32K->32K(1536K)] 7277K->7277K(9728K), 0.0002499 secs] [Times: user=0.00 sys=0.00, real=0.00 secs] 
9.654: [Full GC (Allocation Failure) [PSYoungGen: 32K->0K(1536K)] [ParOldGen: 7245K->3134K(8192K)] 7277K->3134K(9728K), [Metaspace: 3328K->3328K(1056768K)], 0.0021507 secs] [Times: user=0.00 sys=0.00, real=0.00 secs] 
9.656: [GC (Allocation Failure) [PSYoungGen: 20K->32K(1536K)] 7266K->7278K(9728K), 0.0008243 secs] [Times: user=0.00 sys=0.00, real=0.00 secs] 
9.657: [GC (Allocation Failure) [PSYoungGen: 32K->32K(1536K)] 7278K->7278K(9728K), 0.0002533 secs] [Times: user=0.00 sys=0.00, real=0.00 secs] 
9.657: [Full GC (Allocation Failure) [PSYoungGen: 32K->0K(1536K)] [ParOldGen: 7246K->3135K(8192K)] 7278K->3135K(9728K), [Metaspace: 3328K->3328K(1056768K)], 0.0020302 secs] [Times: user=0.01 sys=0.00, real=0.00 secs] 
9.660: [GC (Allocation Failure) [PSYoungGen: 20K->32K(1536K)] 7267K->7279K(9728K), 0.0008102 secs] [Times: user=0.00 sys=0.00, real=0.00 secs] 
9.661: [GC (Allocation Failure) [PSYoungGen: 32K->32K(1536K)] 7279K->7279K(9728K), 0.0002657 secs] [Times: user=0.00 sys=0.00, real=0.00 secs] 
9.661: [Full GC (Allocation Failure) [PSYoungGen: 32K->0K(1536K)] [ParOldGen: 7247K->3135K(8192K)] 7279K->3135K(9728K), [Metaspace: 3328K->3328K(1056768K)], 0.0021533 secs] [Times: user=0.01 sys=0.00, real=0.01 secs] 
9.664: [GC (Allocation Failure) [PSYoungGen: 20K->32K(1536K)] 7268K->7280K(9728K), 0.0009096 secs] [Times: user=0.00 sys=0.01, real=0.00 secs] 
9.664: [GC (Allocation Failure) [PSYoungGen: 32K->32K(1536K)] 7280K->7280K(9728K), 0.0003273 secs] [Times: user=0.00 sys=0.00, real=0.00 secs] 
9.665: [Full GC (Allocation Failure) [PSYoungGen: 32K->0K(1536K)] [ParOldGen: 7248K->3135K(8192K)] 7280K->3135K(9728K), [Metaspace: 3328K->3328K(1056768K)], 0.0021543 secs] [Times: user=0.00 sys=0.00, real=0.00 secs] 
9.667: [GC (Allocation Failure) [PSYoungGen: 20K->32K(1536K)] 7269K->7281K(9728K), 0.0008187 secs] [Times: user=0.00 sys=0.00, real=0.00 secs] 
9.668: [GC (Allocation Failure) [PSYoungGen: 32K->32K(1536K)] 7281K->7281K(9728K), 0.0002422 secs] [Times: user=0.00 sys=0.00, real=0.00 secs] 
9.669: [Full GC (Allocation Failure) [PSYoungGen: 32K->0K(1536K)] [ParOldGen: 7249K->3136K(8192K)] 7281K->3136K(9728K), [Metaspace: 3328K->3328K(1056768K)], 0.0023612 secs] [Times: user=0.00 sys=0.00, real=0.00 secs] 
9.671: [GC (Allocation Failure) [PSYoungGen: 20K->32K(1536K)] 7270K->7282K(9728K), 0.0008261 secs] [Times: user=0.01 sys=0.00, real=0.00 secs] 
9.672: [GC (Allocation Failure) [PSYoungGen: 32K->32K(1536K)] 7282K->7282K(9728K), 0.0002574 secs] [Times: user=0.00 sys=0.00, real=0.00 secs] 
9.672: [Full GC (Allocation Failure) [PSYoungGen: 32K->0K(1536K)] [ParOldGen: 7250K->3136K(8192K)] 7282K->3136K(9728K), [Metaspace: 3328K->3328K(1056768K)], 0.0025035 secs] [Times: user=0.00 sys=0.00, real=0.01 secs] 
9.675: [GC (Allocation Failure) [PSYoungGen: 20K->32K(1536K)] 7271K->7282K(9728K), 0.0008343 secs] [Times: user=0.00 sys=0.00, real=0.00 secs] 
9.676: [GC (Allocation Failure) [PSYoungGen: 32K->32K(1536K)] 7282K->7282K(9728K), 0.0002518 secs] [Times: user=0.00 sys=0.00, real=0.00 secs] 
9.677: [Full GC (Allocation Failure) [PSYoungGen: 32K->0K(1536K)] [ParOldGen: 7250K->3136K(8192K)] 7282K->3136K(9728K), [Metaspace: 3328K->3328K(1056768K)], 0.0020002 secs] [Times: user=0.01 sys=0.00, real=0.00 secs] 
9.679: [GC (Allocation Failure) [PSYoungGen: 20K->32K(1536K)] 7272K->7283K(9728K), 0.0008097 secs] [Times: user=0.00 sys=0.00, real=0.00 secs] 
9.680: [GC (Allocation Failure) [PSYoungGen: 32K->32K(1536K)] 7283K->7283K(9728K), 0.0002431 secs] [Times: user=0.00 sys=0.00, real=0.00 secs] 
9.680: [Full GC (Allocation Failure) [PSYoungGen: 32K->0K(1536K)] [ParOldGen: 7251K->3137K(8192K)] 7283K->3137K(9728K), [Metaspace: 3328K->3328K(1056768K)], 0.0024684 secs] [Times: user=0.01 sys=0.00, real=0.00 secs] 
9.683: [GC (Allocation Failure) [PSYoungGen: 20K->32K(1536K)] 7273K->7284K(9728K), 0.0008160 secs] [Times: user=0.00 sys=0.00, real=0.00 secs] 
9.684: [GC (Allocation Failure) [PSYoungGen: 32K->32K(1536K)] 7284K->7284K(9728K), 0.0003042 secs] [Times: user=0.00 sys=0.00, real=0.00 secs] 
9.684: [Full GC (Allocation Failure) [PSYoungGen: 32K->0K(1536K)] [ParOldGen: 7252K->3137K(8192K)] 7284K->3137K(9728K), [Metaspace: 3328K->3328K(1056768K)], 0.0025168 secs] [Times: user=0.01 sys=0.00, real=0.00 secs] 
9.687: [GC (Allocation Failure) [PSYoungGen: 20K->32K(1536K)] 7274K->7285K(9728K), 0.0007966 secs] [Times: user=0.00 sys=0.00, real=0.00 secs] 
9.688: [GC (Allocation Failure) [PSYoungGen: 32K->32K(1536K)] 7285K->7285K(9728K), 0.0002681 secs] [Times: user=0.00 sys=0.00, real=0.00 secs] 
9.688: [Full GC (Allocation Failure) [PSYoungGen: 32K->0K(1536K)] [ParOldGen: 7253K->3137K(8192K)] 7285K->3137K(9728K), [Metaspace: 3328K->3328K(1056768K)], 0.0024827 secs] [Times: user=0.00 sys=0.00, real=0.00 secs] 
9.691: [GC (Allocation Failure) [PSYoungGen: 20K->32K(1536K)] 7275K->7286K(9728K), 0.0008226 secs] [Times: user=0.01 sys=0.00, real=0.00 secs] 
9.692: [GC (Allocation Failure) [PSYoungGen: 32K->32K(1536K)] 7286K->7286K(9728K), 0.0002402 secs] [Times: user=0.00 sys=0.00, real=0.00 secs] 
9.692: [Full GC (Allocation Failure) [PSYoungGen: 32K->0K(1536K)] [ParOldGen: 7254K->3138K(8192K)] 7286K->3138K(9728K), [Metaspace: 3328K->3328K(1056768K)], 0.0025398 secs] [Times: user=0.00 sys=0.00, real=0.01 secs] 
9.695: [GC (Allocation Failure) [PSYoungGen: 20K->32K(1536K)] 7276K->7287K(9728K), 0.0008242 secs] [Times: user=0.00 sys=0.00, real=0.00 secs] 
9.696: [GC (Allocation Failure) [PSYoungGen: 32K->32K(1536K)] 7287K->7287K(9728K), 0.0003317 secs] [Times: user=0.01 sys=0.00, real=0.00 secs] 
9.696: [Full GC (Allocation Failure) [PSYoungGen: 32K->0K(1536K)] [ParOldGen: 7255K->3138K(8192K)] 7287K->3138K(9728K), [Metaspace: 3328K->3328K(1056768K)], 0.0041780 secs] [Times: user=0.00 sys=0.00, real=0.00 secs] 
9.701: [GC (Allocation Failure) [PSYoungGen: 20K->32K(1536K)] 7277K->7288K(9728K), 0.0004189 secs] [Times: user=0.00 sys=0.00, real=0.00 secs] 
9.702: [GC (Allocation Failure) [PSYoungGen: 32K->32K(1536K)] 7288K->7288K(9728K), 0.0005123 secs] [Times: user=0.00 sys=0.00, real=0.00 secs] 
9.703: [Full GC (Allocation Failure) [PSYoungGen: 32K->0K(1536K)] [ParOldGen: 7256K->3138K(8192K)] 7288K->3138K(9728K), [Metaspace: 3328K->3328K(1056768K)], 0.0043056 secs] [Times: user=0.01 sys=0.00, real=0.01 secs] 
9.707: [GC (Allocation Failure) [PSYoungGen: 20K->32K(1536K)] 7278K->7289K(9728K), 0.0008052 secs] [Times: user=0.00 sys=0.00, real=0.00 secs] 
9.708: [GC (Allocation Failure) [PSYoungGen: 32K->32K(1536K)] 7289K->7289K(9728K), 0.0002784 secs] [Times: user=0.00 sys=0.00, real=0.00 secs] 
9.708: [Full GC (Allocation Failure) [PSYoungGen: 32K->0K(1536K)] [ParOldGen: 7257K->3139K(8192K)] 7289K->3139K(9728K), [Metaspace: 3328K->3328K(1056768K)], 0.0021873 secs] [Times: user=0.00 sys=0.00, real=0.00 secs] 
9.711: [GC (Allocation Failure) [PSYoungGen: 20K->32K(1536K)] 7279K->7290K(9728K), 0.0008083 secs] [Times: user=0.01 sys=0.00, real=0.00 secs] 
9.712: [GC (Allocation Failure) [PSYoungGen: 32K->32K(1536K)] 7290K->7290K(9728K), 0.0002827 secs] [Times: user=0.00 sys=0.00, real=0.00 secs] 
9.712: [Full GC (Allocation Failure) [PSYoungGen: 32K->0K(1536K)] [ParOldGen: 7258K->3139K(8192K)] 7290K->3139K(9728K), [Metaspace: 3328K->3328K(1056768K)], 0.0023693 secs] [Times: user=0.00 sys=0.00, real=0.01 secs] 
9.715: [GC (Allocation Failure) [PSYoungGen: 20K->32K(1536K)] 7280K->7291K(9728K), 0.0008417 secs] [Times: user=0.00 sys=0.00, real=0.00 secs] 
9.716: [GC (Allocation Failure) [PSYoungGen: 32K->32K(1536K)] 7291K->7291K(9728K), 0.0002780 secs] [Times: user=0.00 sys=0.00, real=0.00 secs] 
9.716: [Full GC (Allocation Failure) [PSYoungGen: 32K->0K(1536K)] [ParOldGen: 7259K->3139K(8192K)] 7291K->3139K(9728K), [Metaspace: 3328K->3328K(1056768K)], 0.0025258 secs] [Times: user=0.01 sys=0.00, real=0.00 secs] 
9.719: [GC (Allocation Failure) [PSYoungGen: 20K->32K(1536K)] 7281K->7292K(9728K), 0.0008169 secs] [Times: user=0.00 sys=0.00, real=0.00 secs] 
9.720: [GC (Allocation Failure) [PSYoungGen: 32K->32K(1536K)] 7292K->7292K(9728K), 0.0002954 secs] [Times: user=0.00 sys=0.00, real=0.00 secs] 
9.720: [Full GC (Allocation Failure) [PSYoungGen: 32K->0K(1536K)] [ParOldGen: 7260K->3139K(8192K)] 7292K->3139K(9728K), [Metaspace: 3328K->3328K(1056768K)], 0.0022422 secs] [Times: user=0.01 sys=0.00, real=0.00 secs] 
9.723: [GC (Allocation Failure) [PSYoungGen: 20K->32K(1536K)] 7282K->7293K(9728K), 0.0008062 secs] [Times: user=0.00 sys=0.00, real=0.00 secs] 
9.724: [GC (Allocation Failure) [PSYoungGen: 32K->32K(1536K)] 7293K->7293K(9728K), 0.0002633 secs] [Times: user=0.00 sys=0.00, real=0.00 secs] 
9.724: [Full GC (Allocation Failure) [PSYoungGen: 32K->0K(1536K)] [ParOldGen: 7261K->3140K(8192K)] 7293K->3140K(9728K), [Metaspace: 3328K->3328K(1056768K)], 0.0021857 secs] [Times: user=0.01 sys=0.00, real=0.00 secs] 
9.727: [GC (Allocation Failure) [PSYoungGen: 20K->32K(1536K)] 7283K->7294K(9728K), 0.0008155 secs] [Times: user=0.00 sys=0.00, real=0.00 secs] 
9.728: [GC (Allocation Failure) [PSYoungGen: 32K->32K(1536K)] 7294K->7294K(9728K), 0.0002746 secs] [Times: user=0.00 sys=0.00, real=0.00 secs] 
9.728: [Full GC (Allocation Failure) [PSYoungGen: 32K->0K(1536K)] [ParOldGen: 7262K->3140K(8192K)] 7294K->3140K(9728K), [Metaspace: 3328K->3328K(1056768K)], 0.0025218 secs] [Times: user=0.00 sys=0.00, real=0.00 secs] 
9.731: [GC (Allocation Failure) [PSYoungGen: 20K->32K(1536K)] 7283K->7295K(9728K), 0.0008112 secs] [Times: user=0.01 sys=0.00, real=0.00 secs] 
9.732: [GC (Allocation Failure) [PSYoungGen: 32K->32K(1536K)] 7295K->7295K(9728K), 0.0002784 secs] [Times: user=0.00 sys=0.00, real=0.00 secs] 
9.732: [Full GC (Allocation Failure) [PSYoungGen: 32K->0K(1536K)] [ParOldGen: 7263K->3140K(8192K)] 7295K->3140K(9728K), [Metaspace: 3328K->3328K(1056768K)], 0.0025885 secs] [Times: user=0.00 sys=0.00, real=0.01 secs] 
9.735: [GC (Allocation Failure) [PSYoungGen: 20K->32K(1536K)] 7284K->7296K(9728K), 0.0008064 secs] [Times: user=0.00 sys=0.00, real=0.00 secs] 
9.736: [GC (Allocation Failure) [PSYoungGen: 32K->32K(1536K)] 7296K->7296K(9728K), 0.0002697 secs] [Times: user=0.00 sys=0.00, real=0.00 secs] 
9.736: [Full GC (Allocation Failure) [PSYoungGen: 32K->0K(1536K)] [ParOldGen: 7264K->3141K(8192K)] 7296K->3141K(9728K), [Metaspace: 3328K->3328K(1056768K)], 0.0022230 secs] [Times: user=0.01 sys=0.00, real=0.00 secs] 
9.739: [GC (Allocation Failure) [PSYoungGen: 20K->32K(1536K)] 7285K->7297K(9728K), 0.0008044 secs] [Times: user=0.00 sys=0.00, real=0.00 secs] 
9.740: [GC (Allocation Failure) [PSYoungGen: 32K->32K(1536K)] 7297K->7297K(9728K), 0.0002723 secs] [Times: user=0.00 sys=0.00, real=0.00 secs] 
9.740: [Full GC (Allocation Failure) [PSYoungGen: 32K->0K(1536K)] [ParOldGen: 7265K->3141K(8192K)] 7297K->3141K(9728K), [Metaspace: 3328K->3328K(1056768K)], 0.0019908 secs] [Times: user=0.01 sys=0.00, real=0.00 secs] 
9.742: [GC (Allocation Failure) [PSYoungGen: 20K->32K(1536K)] 7286K->7298K(9728K), 0.0008117 secs] [Times: user=0.00 sys=0.00, real=0.01 secs] 
9.743: [GC (Allocation Failure) [PSYoungGen: 32K->32K(1536K)] 7298K->7298K(9728K), 0.0007897 secs] [Times: user=0.00 sys=0.00, real=0.00 secs] 
9.744: [Full GC (Allocation Failure) [PSYoungGen: 32K->0K(1536K)] [ParOldGen: 7266K->3141K(8192K)] 7298K->3141K(9728K), [Metaspace: 3328K->3328K(1056768K)], 0.0024814 secs] [Times: user=0.01 sys=0.00, real=0.00 secs] 
9.747: [GC (Allocation Failure) [PSYoungGen: 20K->32K(1536K)] 7287K->7299K(9728K), 0.0008144 secs] [Times: user=0.00 sys=0.00, real=0.00 secs] 
9.748: [GC (Allocation Failure) [PSYoungGen: 32K->32K(1536K)] 7299K->7299K(9728K), 0.0002683 secs] [Times: user=0.00 sys=0.00, real=0.00 secs] 
9.748: [Full GC (Allocation Failure) [PSYoungGen: 32K->0K(1536K)] [ParOldGen: 7267K->3142K(8192K)] 7299K->3142K(9728K), [Metaspace: 3328K->3328K(1056768K)], 0.0025268 secs] [Times: user=0.01 sys=0.00, real=0.00 secs] 
9.751: [GC (Allocation Failure) [PSYoungGen: 20K->32K(1536K)] 7288K->7300K(9728K), 0.0008174 secs] [Times: user=0.00 sys=0.01, real=0.00 secs] 
9.752: [GC (Allocation Failure) [PSYoungGen: 32K->32K(1536K)] 7300K->7300K(9728K), 0.0002759 secs] [Times: user=0.00 sys=0.00, real=0.00 secs] 
9.752: [Full GC (Allocation Failure) [PSYoungGen: 32K->0K(1536K)] [ParOldGen: 7268K->3142K(8192K)] 7300K->3142K(9728K), [Metaspace: 3328K->3328K(1056768K)], 0.0022500 secs] [Times: user=0.00 sys=0.00, real=0.01 secs] 
9.755: [GC (Allocation Failure) [PSYoungGen: 20K->32K(1536K)] 7289K->7301K(9728K), 0.0008119 secs] [Times: user=0.01 sys=0.00, real=0.00 secs] 
9.756: [GC (Allocation Failure) [PSYoungGen: 32K->32K(1536K)] 7301K->7301K(9728K), 0.0002793 secs] [Times: user=0.00 sys=0.00, real=0.00 secs] 
9.756: [Full GC (Allocation Failure) [PSYoungGen: 32K->0K(1536K)] [ParOldGen: 7269K->3142K(8192K)] 7301K->3142K(9728K), [Metaspace: 3328K->3328K(1056768K)], 0.0023861 secs] [Times: user=0.00 sys=0.00, real=0.00 secs] 
9.759: [GC (Allocation Failure) [PSYoungGen: 20K->32K(1536K)] 7290K->7302K(9728K), 0.0008262 secs] [Times: user=0.00 sys=0.00, real=0.00 secs] 
9.760: [GC (Allocation Failure) [PSYoungGen: 32K->32K(1536K)] 7302K->7302K(9728K), 0.0002875 secs] [Times: user=0.00 sys=0.00, real=0.00 secs] 
9.760: [Full GC (Allocation Failure) [PSYoungGen: 32K->0K(1536K)] [ParOldGen: 7270K->3143K(8192K)] 7302K->3143K(9728K), [Metaspace: 3328K->3328K(1056768K)], 0.0023739 secs] [Times: user=0.01 sys=0.00, real=0.00 secs] 
9.763: [GC (Allocation Failure) [PSYoungGen: 20K->32K(1536K)] 7291K->7303K(9728K), 0.0008415 secs] [Times: user=0.00 sys=0.00, real=0.00 secs] 
9.764: [GC (Allocation Failure) [PSYoungGen: 32K->32K(1536K)] 7303K->7303K(9728K), 0.0002702 secs] [Times: user=0.00 sys=0.00, real=0.00 secs] 
9.764: [Full GC (Allocation Failure) [PSYoungGen: 32K->0K(1536K)] [ParOldGen: 7271K->3143K(8192K)] 7303K->3143K(9728K), [Metaspace: 3328K->3328K(1056768K)], 0.0024058 secs] [Times: user=0.01 sys=0.00, real=0.00 secs] 
9.767: [GC (Allocation Failure) [PSYoungGen: 20K->32K(1536K)] 7292K->7304K(9728K), 0.0008086 secs] [Times: user=0.00 sys=0.00, real=0.00 secs] 
9.768: [GC (Allocation Failure) [PSYoungGen: 32K->32K(1536K)] 7304K->7304K(9728K), 0.0002675 secs] [Times: user=0.00 sys=0.00, real=0.00 secs] 
9.768: [Full GC (Allocation Failure) [PSYoungGen: 32K->0K(1536K)] [ParOldGen: 7272K->3143K(8192K)] 7304K->3143K(9728K), [Metaspace: 3328K->3328K(1056768K)], 0.0025187 secs] [Times: user=0.01 sys=0.00, real=0.00 secs] 
9.771: [GC (Allocation Failure) [PSYoungGen: 20K->32K(1536K)] 7293K->7305K(9728K), 0.0008192 secs] [Times: user=0.00 sys=0.00, real=0.00 secs] 
9.772: [GC (Allocation Failure) [PSYoungGen: 32K->32K(1536K)] 7305K->7305K(9728K), 0.0002801 secs] [Times: user=0.00 sys=0.00, real=0.00 secs] 
9.772: [Full GC (Allocation Failure) [PSYoungGen: 32K->0K(1536K)] [ParOldGen: 7273K->3144K(8192K)] 7305K->3144K(9728K), [Metaspace: 3328K->3328K(1056768K)], 0.0025472 secs] [Times: user=0.00 sys=0.00, real=0.01 secs] 
9.775: [GC (Allocation Failure) [PSYoungGen: 20K->32K(1536K)] 7294K->7306K(9728K), 0.0004544 secs] [Times: user=0.00 sys=0.00, real=0.00 secs] 
9.775: [GC (Allocation Failure) [PSYoungGen: 32K->32K(1536K)] 7306K->7306K(9728K), 0.0002790 secs] [Times: user=0.00 sys=0.00, real=0.00 secs] 
9.776: [Full GC (Allocation Failure) [PSYoungGen: 32K->0K(1536K)] [ParOldGen: 7274K->3144K(8192K)] 7306K->3144K(9728K), [Metaspace: 3328K->3328K(1056768K)], 0.0025441 secs] [Times: user=0.00 sys=0.00, real=0.00 secs] 
9.779: [GC (Allocation Failure) [PSYoungGen: 20K->32K(1536K)] 7295K->7307K(9728K), 0.0008045 secs] [Times: user=0.00 sys=0.00, real=0.00 secs] 
9.780: [GC (Allocation Failure) [PSYoungGen: 32K->32K(1536K)] 7307K->7307K(9728K), 0.0003351 secs] [Times: user=0.00 sys=0.00, real=0.00 secs] 
9.780: [Full GC (Allocation Failure) [PSYoungGen: 32K->0K(1536K)] [ParOldGen: 7275K->3144K(8192K)] 7307K->3144K(9728K), [Metaspace: 3328K->3328K(1056768K)], 0.0025391 secs] [Times: user=0.00 sys=0.00, real=0.00 secs] 
9.783: [GC (Allocation Failure) [PSYoungGen: 20K->32K(1536K)] 7296K->7307K(9728K), 0.0008669 secs] [Times: user=0.00 sys=0.00, real=0.00 secs] 
9.784: [GC (Allocation Failure) [PSYoungGen: 32K->32K(1536K)] 7307K->7307K(9728K), 0.0002608 secs] [Times: user=0.00 sys=0.00, real=0.00 secs] 
9.784: [Full GC (Allocation Failure) [PSYoungGen: 32K->0K(1536K)] [ParOldGen: 7275K->3145K(8192K)] 7307K->3145K(9728K), [Metaspace: 3328K->3328K(1056768K)], 0.0021914 secs] [Times: user=0.01 sys=0.00, real=0.00 secs] 
9.787: [GC (Allocation Failure) [PSYoungGen: 20K->32K(1536K)] 7297K->7308K(9728K), 0.0008239 secs] [Times: user=0.00 sys=0.00, real=0.00 secs] 
9.787: [GC (Allocation Failure) [PSYoungGen: 32K->32K(1536K)] 7308K->7308K(9728K), 0.0003079 secs] [Times: user=0.00 sys=0.00, real=0.00 secs] 
9.788: [Full GC (Allocation Failure) [PSYoungGen: 32K->0K(1536K)] [ParOldGen: 7276K->3145K(8192K)] 7308K->3145K(9728K), [Metaspace: 3328K->3328K(1056768K)], 0.0021626 secs] [Times: user=0.01 sys=0.00, real=0.00 secs] 
9.790: [GC (Allocation Failure) [PSYoungGen: 20K->32K(1536K)] 7298K->7309K(9728K), 0.0008077 secs] [Times: user=0.00 sys=0.00, real=0.00 secs] 
9.791: [GC (Allocation Failure) [PSYoungGen: 32K->32K(1536K)] 7309K->7309K(9728K), 0.0002620 secs] [Times: user=0.00 sys=0.00, real=0.00 secs] 
9.792: [Full GC (Allocation Failure) [PSYoungGen: 32K->0K(1536K)] [ParOldGen: 7277K->3145K(8192K)] 7309K->3145K(9728K), [Metaspace: 3328K->3328K(1056768K)], 0.0021219 secs] [Times: user=0.00 sys=0.00, real=0.01 secs] 
9.794: [GC (Allocation Failure) [PSYoungGen: 20K->32K(1536K)] 7299K->7310K(9728K), 0.0008707 secs] [Times: user=0.01 sys=0.00, real=0.00 secs] 
9.795: [GC (Allocation Failure) [PSYoungGen: 32K->32K(1536K)] 7310K->7310K(9728K), 0.0002698 secs] [Times: user=0.00 sys=0.00, real=0.00 secs] 
9.795: [Full GC (Allocation Failure) [PSYoungGen: 32K->0K(1536K)] [ParOldGen: 7278K->3146K(8192K)] 7310K->3146K(9728K), [Metaspace: 3328K->3328K(1056768K)], 0.0021348 secs] [Times: user=0.00 sys=0.00, real=0.00 secs] 
9.798: [GC (Allocation Failure) [PSYoungGen: 20K->32K(1536K)] 7300K->7311K(9728K), 0.0008371 secs] [Times: user=0.00 sys=0.00, real=0.00 secs] 
9.799: [GC (Allocation Failure) [PSYoungGen: 32K->32K(1536K)] 7311K->7311K(9728K), 0.0003010 secs] [Times: user=0.00 sys=0.00, real=0.00 secs] 
9.799: [Full GC (Allocation Failure) [PSYoungGen: 32K->0K(1536K)] [ParOldGen: 7279K->3146K(8192K)] 7311K->3146K(9728K), [Metaspace: 3328K->3328K(1056768K)], 0.0024086 secs] [Times: user=0.01 sys=0.00, real=0.00 secs] 
9.802: [GC (Allocation Failure) [PSYoungGen: 20K->32K(1536K)] 7301K->7312K(9728K), 0.0003578 secs] [Times: user=0.00 sys=0.00, real=0.00 secs] 
9.802: [GC (Allocation Failure) [PSYoungGen: 32K->32K(1536K)] 7312K->7312K(9728K), 0.0002659 secs] [Times: user=0.00 sys=0.00, real=0.00 secs] 
9.803: [Full GC (Allocation Failure) [PSYoungGen: 32K->0K(1536K)] [ParOldGen: 7280K->3146K(8192K)] 7312K->3146K(9728K), [Metaspace: 3328K->3328K(1056768K)], 0.0026768 secs] [Times: user=0.01 sys=0.00, real=0.01 secs] 
9.806: [GC (Allocation Failure) [PSYoungGen: 20K->32K(1536K)] 7302K->7313K(9728K), 0.0008550 secs] [Times: user=0.00 sys=0.00, real=0.00 secs] 
9.807: [GC (Allocation Failure) [PSYoungGen: 32K->32K(1536K)] 7313K->7313K(9728K), 0.0002686 secs] [Times: user=0.00 sys=0.00, real=0.00 secs] 
9.807: [Full GC (Allocation Failure) [PSYoungGen: 32K->0K(1536K)] [ParOldGen: 7281K->3147K(8192K)] 7313K->3147K(9728K), [Metaspace: 3328K->3328K(1056768K)], 0.0021141 secs] [Times: user=0.01 sys=0.00, real=0.00 secs] 
9.809: [GC (Allocation Failure) [PSYoungGen: 20K->32K(1536K)] 7303K->7314K(9728K), 0.0008617 secs] [Times: user=0.00 sys=0.00, real=0.00 secs] 
9.810: [GC (Allocation Failure) [PSYoungGen: 32K->32K(1536K)] 7314K->7314K(9728K), 0.0002905 secs] [Times: user=0.00 sys=0.00, real=0.00 secs] 
9.811: [Full GC (Allocation Failure) [PSYoungGen: 32K->0K(1536K)] [ParOldGen: 7282K->3147K(8192K)] 7314K->3147K(9728K), [Metaspace: 3328K->3328K(1056768K)], 0.0022045 secs] [Times: user=0.00 sys=0.00, real=0.01 secs] 
9.813: [GC (Allocation Failure) [PSYoungGen: 20K->32K(1536K)] 7304K->7315K(9728K), 0.0008228 secs] [Times: user=0.01 sys=0.00, real=0.00 secs] 
9.814: [GC (Allocation Failure) [PSYoungGen: 32K->32K(1536K)] 7315K->7315K(9728K), 0.0002797 secs] [Times: user=0.00 sys=0.00, real=0.00 secs] 
9.814: [Full GC (Allocation Failure) [PSYoungGen: 32K->0K(1536K)] [ParOldGen: 7283K->3147K(8192K)] 7315K->3147K(9728K), [Metaspace: 3328K->3328K(1056768K)], 0.0021544 secs] [Times: user=0.00 sys=0.00, real=0.00 secs] 
9.817: [GC (Allocation Failure) [PSYoungGen: 20K->32K(1536K)] 7305K->7316K(9728K), 0.0008544 secs] [Times: user=0.00 sys=0.00, real=0.00 secs] 
9.818: [GC (Allocation Failure) [PSYoungGen: 32K->32K(1536K)] 7316K->7316K(9728K), 0.0002898 secs] [Times: user=0.00 sys=0.00, real=0.00 secs] 
9.818: [Full GC (Allocation Failure) [PSYoungGen: 32K->0K(1536K)] [ParOldGen: 7284K->3148K(8192K)] 7316K->3148K(9728K), [Metaspace: 3328K->3328K(1056768K)], 0.0022760 secs] [Times: user=0.01 sys=0.00, real=0.00 secs] 
9.821: [GC (Allocation Failure) [PSYoungGen: 20K->32K(1536K)] 7306K->7317K(9728K), 0.0008605 secs] [Times: user=0.00 sys=0.00, real=0.00 secs] 
9.822: [GC (Allocation Failure) [PSYoungGen: 32K->32K(1536K)] 7317K->7317K(9728K), 0.0003049 secs] [Times: user=0.00 sys=0.00, real=0.00 secs] 
9.822: [Full GC (Allocation Failure) [PSYoungGen: 32K->0K(1536K)] [ParOldGen: 7285K->3148K(8192K)] 7317K->3148K(9728K), [Metaspace: 3328K->3328K(1056768K)], 0.0020586 secs] [Times: user=0.01 sys=0.00, real=0.01 secs] 
9.825: [GC (Allocation Failure) [PSYoungGen: 20K->32K(1536K)] 7307K->7318K(9728K), 0.0008309 secs] [Times: user=0.00 sys=0.00, real=0.00 secs] 
9.825: [GC (Allocation Failure) [PSYoungGen: 32K->32K(1536K)] 7318K->7318K(9728K), 0.0007969 secs] [Times: user=0.00 sys=0.00, real=0.00 secs] 
9.826: [Full GC (Allocation Failure) [PSYoungGen: 32K->0K(1536K)] [ParOldGen: 7286K->3148K(8192K)] 7318K->3148K(9728K), [Metaspace: 3328K->3328K(1056768K)], 0.0024843 secs] [Times: user=0.01 sys=0.00, real=0.00 secs] 
9.829: [GC (Allocation Failure) [PSYoungGen: 20K->32K(1536K)] 7308K->7319K(9728K), 0.0008459 secs] [Times: user=0.00 sys=0.00, real=0.00 secs] 
9.830: [GC (Allocation Failure) [PSYoungGen: 32K->32K(1536K)] 7319K->7319K(9728K), 0.0002646 secs] [Times: user=0.00 sys=0.00, real=0.00 secs] 
9.830: [Full GC (Allocation Failure) [PSYoungGen: 32K->0K(1536K)] [ParOldGen: 7287K->3148K(8192K)] 7319K->3148K(9728K), [Metaspace: 3328K->3328K(1056768K)], 0.0025721 secs] [Times: user=0.00 sys=0.00, real=0.01 secs] 
9.833: [GC (Allocation Failure) [PSYoungGen: 20K->32K(1536K)] 7308K->7320K(9728K), 0.0008702 secs] [Times: user=0.01 sys=0.00, real=0.00 secs] 
9.834: [GC (Allocation Failure) [PSYoungGen: 32K->32K(1536K)] 7320K->7320K(9728K), 0.0002707 secs] [Times: user=0.00 sys=0.00, real=0.00 secs] 
9.835: [Full GC (Allocation Failure) [PSYoungGen: 32K->0K(1536K)] [ParOldGen: 7288K->3149K(8192K)] 7320K->3149K(9728K), [Metaspace: 3328K->3328K(1056768K)], 0.0022484 secs] [Times: user=0.00 sys=0.00, real=0.00 secs] 
9.837: [GC (Allocation Failure) [PSYoungGen: 20K->32K(1536K)] 7309K->7321K(9728K), 0.0003009 secs] [Times: user=0.00 sys=0.01, real=0.00 secs] 
9.838: [GC (Allocation Failure) [PSYoungGen: 32K->32K(1536K)] 7321K->7321K(9728K), 0.0002580 secs] [Times: user=0.00 sys=0.00, real=0.00 secs] 
9.838: [Full GC (Allocation Failure) [PSYoungGen: 32K->0K(1536K)] [ParOldGen: 7289K->3149K(8192K)] 7321K->3149K(9728K), [Metaspace: 3328K->3328K(1056768K)], 0.0021918 secs] [Times: user=0.01 sys=0.00, real=0.00 secs] 
9.841: [GC (Allocation Failure) [PSYoungGen: 20K->32K(1536K)] 7310K->7322K(9728K), 0.0002963 secs] [Times: user=0.00 sys=0.00, real=0.00 secs] 
9.841: [GC (Allocation Failure) [PSYoungGen: 32K->32K(1536K)] 7322K->7322K(9728K), 0.0002696 secs] [Times: user=0.00 sys=0.00, real=0.00 secs] 
9.841: [Full GC (Allocation Failure) [PSYoungGen: 32K->0K(1536K)] [ParOldGen: 7290K->3149K(8192K)] 7322K->3149K(9728K), [Metaspace: 3328K->3328K(1056768K)], 0.0021526 secs] [Times: user=0.01 sys=0.00, real=0.01 secs] 
9.844: [GC (Allocation Failure) [PSYoungGen: 20K->32K(1536K)] 7311K->7323K(9728K), 0.0003361 secs] [Times: user=0.00 sys=0.00, real=0.00 secs] 
9.844: [GC (Allocation Failure) [PSYoungGen: 32K->32K(1536K)] 7323K->7323K(9728K), 0.0002940 secs] [Times: user=0.00 sys=0.00, real=0.00 secs] 
9.844: [Full GC (Allocation Failure) [PSYoungGen: 32K->0K(1536K)] [ParOldGen: 7291K->3150K(8192K)] 7323K->3150K(9728K), [Metaspace: 3328K->3328K(1056768K)], 0.0022287 secs] [Times: user=0.00 sys=0.00, real=0.00 secs] 
9.847: [GC (Allocation Failure) [PSYoungGen: 20K->32K(1536K)] 7312K->7324K(9728K), 0.0008851 secs] [Times: user=0.00 sys=0.00, real=0.00 secs] 
9.848: [GC (Allocation Failure) [PSYoungGen: 32K->32K(1536K)] 7324K->7324K(9728K), 0.0002620 secs] [Times: user=0.00 sys=0.00, real=0.00 secs] 
9.848: [Full GC (Allocation Failure) [PSYoungGen: 32K->0K(1536K)] [ParOldGen: 7292K->3150K(8192K)] 7324K->3150K(9728K), [Metaspace: 3328K->3328K(1056768K)], 0.0021364 secs] [Times: user=0.01 sys=0.00, real=0.00 secs] 
9.851: [GC (Allocation Failure) [PSYoungGen: 20K->32K(1536K)] 7313K->7325K(9728K), 0.0003156 secs] [Times: user=0.00 sys=0.00, real=0.00 secs] 
9.851: [GC (Allocation Failure) [PSYoungGen: 32K->32K(1536K)] 7325K->7325K(9728K), 0.0002618 secs] [Times: user=0.00 sys=0.00, real=0.00 secs] 
9.852: [Full GC (Allocation Failure) [PSYoungGen: 32K->0K(1536K)] [ParOldGen: 7293K->3150K(8192K)] 7325K->3150K(9728K), [Metaspace: 3328K->3328K(1056768K)], 0.0021228 secs] [Times: user=0.00 sys=0.00, real=0.01 secs] 
9.854: [GC (Allocation Failure) [PSYoungGen: 20K->32K(1536K)] 7314K->7326K(9728K), 0.0008220 secs] [Times: user=0.01 sys=0.00, real=0.00 secs] 
9.855: [GC (Allocation Failure) [PSYoungGen: 32K->32K(1536K)] 7326K->7326K(9728K), 0.0002644 secs] [Times: user=0.00 sys=0.00, real=0.00 secs] 
9.855: [Full GC (Allocation Failure) [PSYoungGen: 32K->0K(1536K)] [ParOldGen: 7294K->3151K(8192K)] 7326K->3151K(9728K), [Metaspace: 3328K->3328K(1056768K)], 0.0020702 secs] [Times: user=0.00 sys=0.00, real=0.00 secs] 
9.858: [GC (Allocation Failure) [PSYoungGen: 20K->32K(1536K)] 7315K->7327K(9728K), 0.0003551 secs] [Times: user=0.00 sys=0.00, real=0.00 secs] 
9.858: [GC (Allocation Failure) [PSYoungGen: 32K->32K(1536K)] 7327K->7327K(9728K), 0.0002664 secs] [Times: user=0.00 sys=0.00, real=0.00 secs] 
9.858: [Full GC (Allocation Failure) [PSYoungGen: 32K->0K(1536K)] [ParOldGen: 7295K->3151K(8192K)] 7327K->3151K(9728K), [Metaspace: 3328K->3328K(1056768K)], 0.0025266 secs] [Times: user=0.01 sys=0.00, real=0.00 secs] 
9.861: [GC (Allocation Failure) [PSYoungGen: 20K->32K(1536K)] 7316K->7328K(9728K), 0.0004817 secs] [Times: user=0.00 sys=0.00, real=0.00 secs] 
9.862: [GC (Allocation Failure) [PSYoungGen: 32K->32K(1536K)] 7328K->7328K(9728K), 0.0002638 secs] [Times: user=0.00 sys=0.00, real=0.00 secs] 
9.862: [Full GC (Allocation Failure) [PSYoungGen: 32K->0K(1536K)] [ParOldGen: 7296K->3151K(8192K)] 7328K->3151K(9728K), [Metaspace: 3328K->3328K(1056768K)], 0.0020428 secs] [Times: user=0.01 sys=0.00, real=0.01 secs] 
9.865: [GC (Allocation Failure) [PSYoungGen: 20K->32K(1536K)] 7317K->7329K(9728K), 0.0008279 secs] [Times: user=0.00 sys=0.00, real=0.00 secs] 
9.865: [GC (Allocation Failure) [PSYoungGen: 32K->32K(1536K)] 7329K->7329K(9728K), 0.0002585 secs] [Times: user=0.00 sys=0.00, real=0.00 secs] 
9.866: [Full GC (Allocation Failure) [PSYoungGen: 32K->0K(1536K)] [ParOldGen: 7297K->3152K(8192K)] 7329K->3152K(9728K), [Metaspace: 3328K->3328K(1056768K)], 0.0021770 secs] [Times: user=0.00 sys=0.00, real=0.00 secs] 
9.868: [GC (Allocation Failure) [PSYoungGen: 20K->32K(1536K)] 7318K->7330K(9728K), 0.0008691 secs] [Times: user=0.01 sys=0.00, real=0.00 secs] 
9.869: [GC (Allocation Failure) [PSYoungGen: 32K->32K(1536K)] 7330K->7330K(9728K), 0.0002751 secs] [Times: user=0.00 sys=0.00, real=0.00 secs] 
9.870: [Full GC (Allocation Failure) [PSYoungGen: 32K->0K(1536K)] [ParOldGen: 7298K->3152K(8192K)] 7330K->3152K(9728K), [Metaspace: 3328K->3328K(1056768K)], 0.0020204 secs] [Times: user=0.00 sys=0.00, real=0.00 secs] 
9.872: [GC (Allocation Failure) [PSYoungGen: 20K->32K(1536K)] 7319K->7331K(9728K), 0.0004402 secs] [Times: user=0.00 sys=0.00, real=0.00 secs] 
9.872: [GC (Allocation Failure) [PSYoungGen: 32K->32K(1536K)] 7331K->7331K(9728K), 0.0002659 secs] [Times: user=0.00 sys=0.00, real=0.01 secs] 
9.873: [Full GC (Allocation Failure) [PSYoungGen: 32K->0K(1536K)] [ParOldGen: 7299K->3152K(8192K)] 7331K->3152K(9728K), [Metaspace: 3328K->3328K(1056768K)], 0.0021988 secs] [Times: user=0.01 sys=0.00, real=0.00 secs] 
9.875: [GC (Allocation Failure) [PSYoungGen: 20K->32K(1536K)] 7320K->7331K(9728K), 0.0003084 secs] [Times: user=0.00 sys=0.00, real=0.00 secs] 
9.876: [GC (Allocation Failure) [PSYoungGen: 32K->32K(1536K)] 7331K->7331K(9728K), 0.0002590 secs] [Times: user=0.00 sys=0.00, real=0.00 secs] 
9.876: [Full GC (Allocation Failure) [PSYoungGen: 32K->0K(1536K)] [ParOldGen: 7299K->3153K(8192K)] 7331K->3153K(9728K), [Metaspace: 3328K->3328K(1056768K)], 0.0021917 secs] [Times: user=0.00 sys=0.00, real=0.00 secs] 
9.879: [GC (Allocation Failure) [PSYoungGen: 20K->32K(1536K)] 7321K->7332K(9728K), 0.0002946 secs] [Times: user=0.00 sys=0.00, real=0.00 secs] 
9.879: [GC (Allocation Failure) [PSYoungGen: 32K->32K(1536K)] 7332K->7332K(9728K), 0.0002717 secs] [Times: user=0.00 sys=0.00, real=0.00 secs] 
9.879: [Full GC (Allocation Failure) [PSYoungGen: 32K->0K(1536K)] [ParOldGen: 7300K->3153K(8192K)] 7332K->3153K(9728K), [Metaspace: 3328K->3328K(1056768K)], 0.0021368 secs] [Times: user=0.01 sys=0.00, real=0.00 secs] 
9.882: [GC (Allocation Failure) [PSYoungGen: 20K->32K(1536K)] 7322K->7333K(9728K), 0.0003381 secs] [Times: user=0.00 sys=0.00, real=0.00 secs] 
9.882: [GC (Allocation Failure) [PSYoungGen: 32K->32K(1536K)] 7333K->7333K(9728K), 0.0002676 secs] [Times: user=0.00 sys=0.00, real=0.00 secs] 
9.883: [Full GC (Allocation Failure) [PSYoungGen: 32K->0K(1536K)] [ParOldGen: 7301K->3153K(8192K)] 7333K->3153K(9728K), [Metaspace: 3328K->3328K(1056768K)], 0.0020813 secs] [Times: user=0.01 sys=0.00, real=0.01 secs] 
9.885: [GC (Allocation Failure) [PSYoungGen: 20K->32K(1536K)] 7323K->7334K(9728K), 0.0003327 secs] [Times: user=0.00 sys=0.00, real=0.00 secs] 
9.885: [GC (Allocation Failure) [PSYoungGen: 32K->32K(1536K)] 7334K->7334K(9728K), 0.0008168 secs] [Times: user=0.00 sys=0.00, real=0.00 secs] 
9.886: [Full GC (Allocation Failure) [PSYoungGen: 32K->0K(1536K)] [ParOldGen: 7302K->3154K(8192K)] 7334K->3154K(9728K), [Metaspace: 3328K->3328K(1056768K)], 0.0020345 secs] [Times: user=0.00 sys=0.00, real=0.00 secs] 
9.889: [GC (Allocation Failure) [PSYoungGen: 20K->32K(1536K)] 7324K->7335K(9728K), 0.0002881 secs] [Times: user=0.00 sys=0.00, real=0.00 secs] 
9.889: [GC (Allocation Failure) [PSYoungGen: 32K->32K(1536K)] 7335K->7335K(9728K), 0.0003035 secs] [Times: user=0.00 sys=0.00, real=0.00 secs] 
9.889: [Full GC (Allocation Failure) [PSYoungGen: 32K->0K(1536K)] [ParOldGen: 7303K->3154K(8192K)] 7335K->3154K(9728K), [Metaspace: 3328K->3328K(1056768K)], 0.0021712 secs] [Times: user=0.01 sys=0.00, real=0.00 secs] 
9.892: [GC (Allocation Failure) [PSYoungGen: 20K->32K(1536K)] 7325K->7336K(9728K), 0.0003158 secs] [Times: user=0.00 sys=0.00, real=0.00 secs] 
9.892: [GC (Allocation Failure) [PSYoungGen: 32K->32K(1536K)] 7336K->7336K(9728K), 0.0002652 secs] [Times: user=0.00 sys=0.00, real=0.01 secs] 
9.893: [Full GC (Allocation Failure) [PSYoungGen: 32K->0K(1536K)] [ParOldGen: 7304K->3154K(8192K)] 7336K->3154K(9728K), [Metaspace: 3328K->3328K(1056768K)], 0.0024579 secs] [Times: user=0.01 sys=0.00, real=0.00 secs] 
9.896: [GC (Allocation Failure) [PSYoungGen: 20K->32K(1536K)] 7326K->7337K(9728K), 0.0002959 secs] [Times: user=0.00 sys=0.00, real=0.00 secs] 
9.896: [GC (Allocation Failure) [PSYoungGen: 32K->32K(1536K)] 7337K->7337K(9728K), 0.0002722 secs] [Times: user=0.00 sys=0.00, real=0.00 secs] 
9.896: [Full GC (Allocation Failure) [PSYoungGen: 32K->0K(1536K)] [ParOldGen: 7305K->3155K(8192K)] 7337K->3155K(9728K), [Metaspace: 3328K->3328K(1056768K)], 0.0026459 secs] [Times: user=0.00 sys=0.00, real=0.00 secs] 
9.899: [GC (Allocation Failure) [PSYoungGen: 20K->32K(1536K)] 7327K->7338K(9728K), 0.0003015 secs] [Times: user=0.00 sys=0.00, real=0.00 secs] 
9.900: [GC (Allocation Failure) [PSYoungGen: 32K->32K(1536K)] 7338K->7338K(9728K), 0.0002826 secs] [Times: user=0.00 sys=0.00, real=0.00 secs] 
9.900: [Full GC (Allocation Failure) [PSYoungGen: 32K->0K(1536K)] [ParOldGen: 7306K->3155K(8192K)] 7338K->3155K(9728K), [Metaspace: 3328K->3328K(1056768K)], 0.0021927 secs] [Times: user=0.01 sys=0.00, real=0.00 secs] 
9.903: [GC (Allocation Failure) [PSYoungGen: 20K->32K(1536K)] 7328K->7339K(9728K), 0.0008476 secs] [Times: user=0.00 sys=0.00, real=0.00 secs] 
9.904: [GC (Allocation Failure) [PSYoungGen: 32K->32K(1536K)] 7339K->7339K(9728K), 0.0005848 secs] [Times: user=0.00 sys=0.00, real=0.00 secs] 
9.904: [Full GC (Allocation Failure) [PSYoungGen: 32K->0K(1536K)] [ParOldGen: 7307K->3155K(8192K)] 7339K->3155K(9728K), [Metaspace: 3328K->3328K(1056768K)], 0.0029890 secs] [Times: user=0.01 sys=0.00, real=0.00 secs] 
9.908: [GC (Allocation Failure) [PSYoungGen: 20K->32K(1536K)] 7329K->7340K(9728K), 0.0008131 secs] [Times: user=0.00 sys=0.00, real=0.00 secs] 
9.909: [GC (Allocation Failure) [PSYoungGen: 32K->32K(1536K)] 7340K->7340K(9728K), 0.0002690 secs] [Times: user=0.00 sys=0.00, real=0.00 secs] 
9.909: [Full GC (Allocation Failure) [PSYoungGen: 32K->0K(1536K)] [ParOldGen: 7308K->3156K(8192K)] 7340K->3156K(9728K), [Metaspace: 3328K->3328K(1056768K)], 0.0021468 secs] [Times: user=0.01 sys=0.00, real=0.00 secs] 
9.912: [GC (Allocation Failure) [PSYoungGen: 20K->32K(1536K)] 7330K->7341K(9728K), 0.0008688 secs] [Times: user=0.00 sys=0.00, real=0.00 secs] 
9.913: [GC (Allocation Failure) [PSYoungGen: 32K->32K(1536K)] 7341K->7341K(9728K), 0.0003274 secs] [Times: user=0.00 sys=0.00, real=0.01 secs] 
9.913: [Full GC (Allocation Failure) [PSYoungGen: 32K->0K(1536K)] [ParOldGen: 7309K->3156K(8192K)] 7341K->3156K(9728K), [Metaspace: 3328K->3328K(1056768K)], 0.0025827 secs] [Times: user=0.01 sys=0.00, real=0.00 secs] 
9.916: [GC (Allocation Failure) [PSYoungGen: 20K->32K(1536K)] 7331K->7342K(9728K), 0.0008753 secs] [Times: user=0.00 sys=0.00, real=0.00 secs] 
9.917: [GC (Allocation Failure) [PSYoungGen: 32K->32K(1536K)] 7342K->7342K(9728K), 0.0002693 secs] [Times: user=0.00 sys=0.00, real=0.00 secs] 
9.917: [Full GC (Allocation Failure) [PSYoungGen: 32K->0K(1536K)] [ParOldGen: 7310K->3156K(8192K)] 7342K->3156K(9728K), [Metaspace: 3328K->3328K(1056768K)], 0.0025670 secs] [Times: user=0.00 sys=0.00, real=0.00 secs] 
9.920: [GC (Allocation Failure) [PSYoungGen: 20K->32K(1536K)] 7332K->7343K(9728K), 0.0008179 secs] [Times: user=0.01 sys=0.00, real=0.00 secs] 
9.921: [GC (Allocation Failure) [PSYoungGen: 32K->32K(1536K)] 7343K->7343K(9728K), 0.0011598 secs] [Times: user=0.00 sys=0.00, real=0.00 secs] 
9.922: [Full GC (Allocation Failure) [PSYoungGen: 32K->0K(1536K)] [ParOldGen: 7311K->3156K(8192K)] 7343K->3156K(9728K), [Metaspace: 3328K->3328K(1056768K)], 0.0031395 secs] [Times: user=0.00 sys=0.00, real=0.01 secs] 
9.926: [GC (Allocation Failure) [PSYoungGen: 20K->32K(1536K)] 7332K->7344K(9728K), 0.0003071 secs] [Times: user=0.00 sys=0.00, real=0.00 secs] 
9.926: [GC (Allocation Failure) [PSYoungGen: 32K->32K(1536K)] 7344K->7344K(9728K), 0.0002706 secs] [Times: user=0.00 sys=0.00, real=0.00 secs] 
9.926: [Full GC (Allocation Failure) [PSYoungGen: 32K->0K(1536K)] [ParOldGen: 7312K->3157K(8192K)] 7344K->3157K(9728K), [Metaspace: 3328K->3328K(1056768K)], 0.0028963 secs] [Times: user=0.01 sys=0.00, real=0.00 secs] 
9.930: [GC (Allocation Failure) [PSYoungGen: 20K->32K(1536K)] 7333K->7345K(9728K), 0.0003040 secs] [Times: user=0.00 sys=0.00, real=0.00 secs] 
9.930: [GC (Allocation Failure) [PSYoungGen: 32K->32K(1536K)] 7345K->7345K(9728K), 0.0002798 secs] [Times: user=0.00 sys=0.00, real=0.00 secs] 
9.930: [Full GC (Allocation Failure) [PSYoungGen: 32K->0K(1536K)] [ParOldGen: 7313K->3157K(8192K)] 7345K->3157K(9728K), [Metaspace: 3328K->3328K(1056768K)], 0.0021869 secs] [Times: user=0.01 sys=0.00, real=0.01 secs] 
9.933: [GC (Allocation Failure) [PSYoungGen: 20K->32K(1536K)] 7334K->7346K(9728K), 0.0002955 secs] [Times: user=0.00 sys=0.00, real=0.00 secs] 
9.933: [GC (Allocation Failure) [PSYoungGen: 32K->32K(1536K)] 7346K->7346K(9728K), 0.0002561 secs] [Times: user=0.00 sys=0.00, real=0.00 secs] 
9.934: [Full GC (Allocation Failure) [PSYoungGen: 32K->0K(1536K)] [ParOldGen: 7314K->3157K(8192K)] 7346K->3157K(9728K), [Metaspace: 3328K->3328K(1056768K)], 0.0021951 secs] [Times: user=0.00 sys=0.00, real=0.00 secs] 
9.936: [GC (Allocation Failure) [PSYoungGen: 20K->32K(1536K)] 7335K->7347K(9728K), 0.0003320 secs] [Times: user=0.00 sys=0.00, real=0.00 secs] 
9.937: [GC (Allocation Failure) [PSYoungGen: 32K->32K(1536K)] 7347K->7347K(9728K), 0.0002733 secs] [Times: user=0.00 sys=0.00, real=0.00 secs] 
9.937: [Full GC (Allocation Failure) [PSYoungGen: 32K->0K(1536K)] [ParOldGen: 7315K->3158K(8192K)] 7347K->3158K(9728K), [Metaspace: 3328K->3328K(1056768K)], 0.0022745 secs] [Times: user=0.01 sys=0.00, real=0.00 secs] 
9.940: [GC (Allocation Failure) [PSYoungGen: 20K->32K(1536K)] 7336K->7348K(9728K), 0.0002985 secs] [Times: user=0.00 sys=0.00, real=0.00 secs] 
9.940: [GC (Allocation Failure) [PSYoungGen: 32K->32K(1536K)] 7348K->7348K(9728K), 0.0002746 secs] [Times: user=0.00 sys=0.00, real=0.00 secs] 
9.940: [Full GC (Allocation Failure) [PSYoungGen: 32K->0K(1536K)] [ParOldGen: 7316K->3158K(8192K)] 7348K->3158K(9728K), [Metaspace: 3328K->3328K(1056768K)], 0.0021954 secs] [Times: user=0.01 sys=0.00, real=0.00 secs] 
9.943: [GC (Allocation Failure) [PSYoungGen: 20K->32K(1536K)] 7337K->7349K(9728K), 0.0003063 secs] [Times: user=0.00 sys=0.00, real=0.00 secs] 
9.943: [GC (Allocation Failure) [PSYoungGen: 32K->32K(1536K)] 7349K->7349K(9728K), 0.0002876 secs] [Times: user=0.00 sys=0.00, real=0.00 secs] 
9.944: [Full GC (Allocation Failure) [PSYoungGen: 32K->0K(1536K)] [ParOldGen: 7317K->3158K(8192K)] 7349K->3158K(9728K), [Metaspace: 3328K->3328K(1056768K)], 0.0022854 secs] [Times: user=0.00 sys=0.00, real=0.00 secs] 
9.946: [GC (Allocation Failure) [PSYoungGen: 20K->32K(1536K)] 7338K->7350K(9728K), 0.0002938 secs] [Times: user=0.00 sys=0.00, real=0.00 secs] 
9.947: [GC (Allocation Failure) [PSYoungGen: 32K->32K(1536K)] 7350K->7350K(9728K), 0.0002675 secs] [Times: user=0.00 sys=0.00, real=0.00 secs] 
9.947: [Full GC (Allocation Failure) [PSYoungGen: 32K->0K(1536K)] [ParOldGen: 7318K->3159K(8192K)] 7350K->3159K(9728K), [Metaspace: 3328K->3328K(1056768K)], 0.0022060 secs] [Times: user=0.01 sys=0.00, real=0.00 secs] 
9.950: [GC (Allocation Failure) [PSYoungGen: 20K->32K(1536K)] 7339K->7351K(9728K), 0.0003084 secs] [Times: user=0.00 sys=0.00, real=0.00 secs] 
9.950: [GC (Allocation Failure) [PSYoungGen: 32K->32K(1536K)] 7351K->7351K(9728K), 0.0002692 secs] [Times: user=0.00 sys=0.00, real=0.00 secs] 
9.950: [Full GC (Allocation Failure) [PSYoungGen: 32K->0K(1536K)] [ParOldGen: 7319K->3159K(8192K)] 7351K->3159K(9728K), [Metaspace: 3328K->3328K(1056768K)], 0.0021378 secs] [Times: user=0.01 sys=0.00, real=0.00 secs] 
9.953: [GC (Allocation Failure) [PSYoungGen: 20K->32K(1536K)] 7340K->7352K(9728K), 0.0008447 secs] [Times: user=0.00 sys=0.00, real=0.00 secs] 
9.954: [GC (Allocation Failure) [PSYoungGen: 32K->32K(1536K)] 7352K->7352K(9728K), 0.0002834 secs] [Times: user=0.00 sys=0.00, real=0.00 secs] 
9.954: [Full GC (Allocation Failure) [PSYoungGen: 32K->0K(1536K)] [ParOldGen: 7320K->3159K(8192K)] 7352K->3159K(9728K), [Metaspace: 3328K->3328K(1056768K)], 0.0020335 secs] [Times: user=0.00 sys=0.00, real=0.00 secs] 
9.957: [GC (Allocation Failure) [PSYoungGen: 20K->32K(1536K)] 7341K->7353K(9728K), 0.0008224 secs] [Times: user=0.01 sys=0.00, real=0.00 secs] 
9.957: [GC (Allocation Failure) [PSYoungGen: 32K->32K(1536K)] 7353K->7353K(9728K), 0.0002521 secs] [Times: user=0.00 sys=0.00, real=0.00 secs] 
9.958: [Full GC (Allocation Failure) [PSYoungGen: 32K->0K(1536K)] [ParOldGen: 7321K->3160K(8192K)] 7353K->3160K(9728K), [Metaspace: 3328K->3328K(1056768K)], 0.0023786 secs] [Times: user=0.00 sys=0.00, real=0.00 secs] 
9.961: [GC (Allocation Failure) [PSYoungGen: 20K->32K(1536K)] 7342K->7354K(9728K), 0.0008121 secs] [Times: user=0.00 sys=0.00, real=0.00 secs] 
9.961: [GC (Allocation Failure) [PSYoungGen: 32K->32K(1536K)] 7354K->7354K(9728K), 0.0002618 secs] [Times: user=0.00 sys=0.00, real=0.00 secs] 
9.962: [Full GC (Allocation Failure) [PSYoungGen: 32K->0K(1536K)] [ParOldGen: 7322K->3160K(8192K)] 7354K->3160K(9728K), [Metaspace: 3328K->3328K(1056768K)], 0.0025002 secs] [Times: user=0.01 sys=0.00, real=0.01 secs] 
9.965: [GC (Allocation Failure) [PSYoungGen: 20K->32K(1536K)] 7343K->7355K(9728K), 0.0008390 secs] [Times: user=0.00 sys=0.00, real=0.00 secs] 
9.965: [GC (Allocation Failure) [PSYoungGen: 32K->32K(1536K)] 7355K->7355K(9728K), 0.0002747 secs] [Times: user=0.00 sys=0.00, real=0.00 secs] 
9.966: [Full GC (Allocation Failure) [PSYoungGen: 32K->0K(1536K)] [ParOldGen: 7323K->3160K(8192K)] 7355K->3160K(9728K), [Metaspace: 3328K->3328K(1056768K)], 0.0030398 secs] [Times: user=0.01 sys=0.00, real=0.00 secs] 
9.969: [GC (Allocation Failure) [PSYoungGen: 20K->32K(1536K)] 7344K->7356K(9728K), 0.0008118 secs] [Times: user=0.00 sys=0.00, real=0.00 secs] 
9.970: [GC (Allocation Failure) [PSYoungGen: 32K->32K(1536K)] 7356K->7356K(9728K), 0.0002771 secs] [Times: user=0.00 sys=0.00, real=0.00 secs] 
9.970: [Full GC (Allocation Failure) [PSYoungGen: 32K->0K(1536K)] [ParOldGen: 7324K->3161K(8192K)] 7356K->3161K(9728K), [Metaspace: 3328K->3328K(1056768K)], 0.0022080 secs] [Times: user=0.01 sys=0.00, real=0.00 secs] 
9.973: [GC (Allocation Failure) [PSYoungGen: 20K->32K(1536K)] 7345K->7356K(9728K), 0.0003210 secs] [Times: user=0.00 sys=0.00, real=0.00 secs] 
9.973: [GC (Allocation Failure) [PSYoungGen: 32K->32K(1536K)] 7356K->7356K(9728K), 0.0002569 secs] [Times: user=0.00 sys=0.00, real=0.00 secs] 
9.974: [Full GC (Allocation Failure) [PSYoungGen: 32K->0K(1536K)] [ParOldGen: 7324K->3161K(8192K)] 7356K->3161K(9728K), [Metaspace: 3328K->3328K(1056768K)], 0.0023213 secs] [Times: user=0.00 sys=0.00, real=0.00 secs] 
9.977: [GC (Allocation Failure) [PSYoungGen: 20K->32K(1536K)] 7346K->7357K(9728K), 0.0008456 secs] [Times: user=0.01 sys=0.00, real=0.00 secs] 
9.977: [GC (Allocation Failure) [PSYoungGen: 32K->32K(1536K)] 7357K->7357K(9728K), 0.0004055 secs] [Times: user=0.00 sys=0.00, real=0.00 secs] 
9.978: [Full GC (Allocation Failure) [PSYoungGen: 32K->0K(1536K)] [ParOldGen: 7325K->3161K(8192K)] 7357K->3161K(9728K), [Metaspace: 3328K->3328K(1056768K)], 0.0021280 secs] [Times: user=0.00 sys=0.00, real=0.00 secs] 
9.980: [GC (Allocation Failure) [PSYoungGen: 20K->32K(1536K)] 7347K->7358K(9728K), 0.0008077 secs] [Times: user=0.00 sys=0.00, real=0.00 secs] 
9.981: [GC (Allocation Failure) [PSYoungGen: 32K->32K(1536K)] 7358K->7358K(9728K), 0.0007984 secs] [Times: user=0.00 sys=0.00, real=0.00 secs] 
9.982: [Full GC (Allocation Failure) [PSYoungGen: 32K->0K(1536K)] [ParOldGen: 7326K->3162K(8192K)] 7358K->3162K(9728K), [Metaspace: 3328K->3328K(1056768K)], 0.0024108 secs] [Times: user=0.01 sys=0.00, real=0.01 secs] 
9.985: [GC (Allocation Failure) [PSYoungGen: 20K->32K(1536K)] 7348K->7359K(9728K), 0.0003457 secs] [Times: user=0.00 sys=0.00, real=0.00 secs] 
9.985: [GC (Allocation Failure) [PSYoungGen: 32K->32K(1536K)] 7359K->7359K(9728K), 0.0003045 secs] [Times: user=0.00 sys=0.00, real=0.00 secs] 
9.986: [Full GC (Allocation Failure) [PSYoungGen: 32K->0K(1536K)] [ParOldGen: 7327K->3162K(8192K)] 7359K->3162K(9728K), [Metaspace: 3328K->3328K(1056768K)], 0.0022608 secs] [Times: user=0.01 sys=0.00, real=0.00 secs] 
9.989: [GC (Allocation Failure) [PSYoungGen: 20K->32K(1536K)] 7349K->7360K(9728K), 0.0008083 secs] [Times: user=0.00 sys=0.00, real=0.00 secs] 
9.989: [GC (Allocation Failure) [PSYoungGen: 32K->32K(1536K)] 7360K->7360K(9728K), 0.0002714 secs] [Times: user=0.00 sys=0.00, real=0.00 secs] 
9.990: [Full GC (Allocation Failure) [PSYoungGen: 32K->0K(1536K)] [ParOldGen: 7328K->3162K(8192K)] 7360K->3162K(9728K), [Metaspace: 3328K->3328K(1056768K)], 0.0025688 secs] [Times: user=0.01 sys=0.00, real=0.00 secs] 
9.993: [GC (Allocation Failure) [PSYoungGen: 20K->32K(1536K)] 7350K->7361K(9728K), 0.0006565 secs] [Times: user=0.00 sys=0.00, real=0.00 secs] 
9.993: [GC (Allocation Failure) [PSYoungGen: 32K->32K(1536K)] 7361K->7361K(9728K), 0.0002670 secs] [Times: user=0.00 sys=0.00, real=0.00 secs] 
9.994: [Full GC (Allocation Failure) [PSYoungGen: 32K->0K(1536K)] [ParOldGen: 7329K->3163K(8192K)] 7361K->3163K(9728K), [Metaspace: 3328K->3328K(1056768K)], 0.0022993 secs] [Times: user=0.00 sys=0.00, real=0.00 secs] 
9.996: [GC (Allocation Failure) [PSYoungGen: 20K->32K(1536K)] 7351K->7362K(9728K), 0.0008214 secs] [Times: user=0.01 sys=0.01, real=0.00 secs] 
9.997: [GC (Allocation Failure) [PSYoungGen: 32K->32K(1536K)] 7362K->7362K(9728K), 0.0008047 secs] [Times: user=0.00 sys=0.00, real=0.00 secs] 
9.998: [Full GC (Allocation Failure) [PSYoungGen: 32K->0K(1536K)] [ParOldGen: 7330K->3163K(8192K)] 7362K->3163K(9728K), [Metaspace: 3328K->3328K(1056768K)], 0.0030619 secs] [Times: user=0.00 sys=0.00, real=0.00 secs] 
10.002: [GC (Allocation Failure) [PSYoungGen: 20K->32K(1536K)] 7352K->7363K(9728K), 0.0008477 secs] [Times: user=0.01 sys=0.00, real=0.01 secs] 
10.003: [GC (Allocation Failure) [PSYoungGen: 32K->32K(1536K)] 7363K->7363K(9728K), 0.0002518 secs] [Times: user=0.00 sys=0.00, real=0.00 secs] 
10.003: [Full GC (Allocation Failure) [PSYoungGen: 32K->0K(1536K)] [ParOldGen: 7331K->3163K(8192K)] 7363K->3163K(9728K), [Metaspace: 3328K->3328K(1056768K)], 0.0033427 secs] [Times: user=0.00 sys=0.00, real=0.00 secs] 
10.007: [GC (Allocation Failure) [PSYoungGen: 20K->32K(1536K)] 7353K->7364K(9728K), 0.0003806 secs] [Times: user=0.01 sys=0.00, real=0.00 secs] 
10.008: [GC (Allocation Failure) [PSYoungGen: 32K->32K(1536K)] 7364K->7364K(9728K), 0.0007279 secs] [Times: user=0.00 sys=0.00, real=0.00 secs] 
10.009: [Full GC (Allocation Failure) [PSYoungGen: 32K->0K(1536K)] [ParOldGen: 7332K->3164K(8192K)] 7364K->3164K(9728K), [Metaspace: 3328K->3328K(1056768K)], 0.0022268 secs] [Times: user=0.00 sys=0.00, real=0.00 secs] 
10.011: [GC (Allocation Failure) [PSYoungGen: 20K->32K(1536K)] 7354K->7365K(9728K), 0.0003145 secs] [Times: user=0.00 sys=0.00, real=0.00 secs] 
10.012: [GC (Allocation Failure) [PSYoungGen: 32K->32K(1536K)] 7365K->7365K(9728K), 0.0002477 secs] [Times: user=0.00 sys=0.00, real=0.00 secs] 
10.012: [Full GC (Allocation Failure) [PSYoungGen: 32K->0K(1536K)] [ParOldGen: 7333K->3164K(8192K)] 7365K->3164K(9728K), [Metaspace: 3328K->3328K(1056768K)], 0.0025321 secs] [Times: user=0.01 sys=0.00, real=0.01 secs] 
10.015: [GC (Allocation Failure) [PSYoungGen: 20K->32K(1536K)] 7355K->7366K(9728K), 0.0008304 secs] [Times: user=0.00 sys=0.00, real=0.00 secs] 
10.016: [GC (Allocation Failure) [PSYoungGen: 32K->32K(1536K)] 7366K->7366K(9728K), 0.0002392 secs] [Times: user=0.00 sys=0.00, real=0.00 secs] 
10.016: [Full GC (Allocation Failure) [PSYoungGen: 32K->0K(1536K)] [ParOldGen: 7334K->3164K(8192K)] 7366K->3164K(9728K), [Metaspace: 3328K->3328K(1056768K)], 0.0024320 secs] [Times: user=0.01 sys=0.00, real=0.00 secs] 
10.019: [GC (Allocation Failure) [PSYoungGen: 20K->32K(1536K)] 7356K->7367K(9728K), 0.0008259 secs] [Times: user=0.00 sys=0.00, real=0.00 secs] 
10.020: [GC (Allocation Failure) [PSYoungGen: 32K->32K(1536K)] 7367K->7367K(9728K), 0.0002411 secs] [Times: user=0.00 sys=0.00, real=0.00 secs] 
10.020: [Full GC (Allocation Failure) [PSYoungGen: 32K->0K(1536K)] [ParOldGen: 7335K->3164K(8192K)] 7367K->3164K(9728K), [Metaspace: 3328K->3328K(1056768K)], 0.0021770 secs] [Times: user=0.00 sys=0.00, real=0.00 secs] 
10.023: [GC (Allocation Failure) [PSYoungGen: 20K->32K(1536K)] 7357K->7368K(9728K), 0.0004187 secs] [Times: user=0.00 sys=0.00, real=0.00 secs] 
10.023: [GC (Allocation Failure) [PSYoungGen: 32K->32K(1536K)] 7368K->7368K(9728K), 0.0003068 secs] [Times: user=0.00 sys=0.00, real=0.00 secs] 
10.024: [Full GC (Allocation Failure) [PSYoungGen: 32K->0K(1536K)] [ParOldGen: 7336K->3165K(8192K)] 7368K->3165K(9728K), [Metaspace: 3328K->3328K(1056768K)], 0.0022841 secs] [Times: user=0.00 sys=0.00, real=0.00 secs] 
10.026: [GC (Allocation Failure) [PSYoungGen: 20K->32K(1536K)] 7357K->7369K(9728K), 0.0008202 secs] [Times: user=0.00 sys=0.00, real=0.00 secs] 
10.027: [GC (Allocation Failure) [PSYoungGen: 32K->32K(1536K)] 7369K->7369K(9728K), 0.0003095 secs] [Times: user=0.00 sys=0.00, real=0.00 secs] 
10.027: [Full GC (Allocation Failure) [PSYoungGen: 32K->0K(1536K)] [ParOldGen: 7337K->3165K(8192K)] 7369K->3165K(9728K), [Metaspace: 3328K->3328K(1056768K)], 0.0022644 secs] [Times: user=0.01 sys=0.00, real=0.00 secs] 
10.030: [GC (Allocation Failure) [PSYoungGen: 20K->32K(1536K)] 7358K->7370K(9728K), 0.0008247 secs] [Times: user=0.00 sys=0.00, real=0.00 secs] 
10.031: [GC (Allocation Failure) [PSYoungGen: 32K->32K(1536K)] 7370K->7370K(9728K), 0.0002394 secs] [Times: user=0.00 sys=0.00, real=0.00 secs] 
10.031: [Full GC (Allocation Failure) [PSYoungGen: 32K->0K(1536K)] [ParOldGen: 7338K->3165K(8192K)] 7370K->3165K(9728K), [Metaspace: 3328K->3328K(1056768K)], 0.0020304 secs] [Times: user=0.01 sys=0.00, real=0.01 secs] 
10.034: [GC (Allocation Failure) [PSYoungGen: 20K->32K(1536K)] 7359K->7371K(9728K), 0.0008181 secs] [Times: user=0.00 sys=0.00, real=0.00 secs] 
10.035: [GC (Allocation Failure) [PSYoungGen: 32K->32K(1536K)] 7371K->7371K(9728K), 0.0002645 secs] [Times: user=0.00 sys=0.00, real=0.00 secs] 
10.035: [Full GC (Allocation Failure) [PSYoungGen: 32K->0K(1536K)] [ParOldGen: 7339K->3166K(8192K)] 7371K->3166K(9728K), [Metaspace: 3328K->3328K(1056768K)], 0.0021122 secs] [Times: user=0.00 sys=0.00, real=0.00 secs] 
10.037: [GC (Allocation Failure) [PSYoungGen: 20K->32K(1536K)] 7360K->7372K(9728K), 0.0008237 secs] [Times: user=0.01 sys=0.00, real=0.00 secs] 
10.038: [GC (Allocation Failure) [PSYoungGen: 32K->32K(1536K)] 7372K->7372K(9728K), 0.0002781 secs] [Times: user=0.00 sys=0.00, real=0.00 secs] 
10.039: [Full GC (Allocation Failure) [PSYoungGen: 32K->0K(1536K)] [ParOldGen: 7340K->3166K(8192K)] 7372K->3166K(9728K), [Metaspace: 3328K->3328K(1056768K)], 0.0027284 secs] [Times: user=0.00 sys=0.00, real=0.00 secs] 
10.042: [GC (Allocation Failure) [PSYoungGen: 20K->32K(1536K)] 7361K->7373K(9728K), 0.0008085 secs] [Times: user=0.01 sys=0.00, real=0.00 secs] 
10.043: [GC (Allocation Failure) [PSYoungGen: 32K->32K(1536K)] 7373K->7373K(9728K), 0.0002783 secs] [Times: user=0.00 sys=0.00, real=0.01 secs] 
10.043: [Full GC (Allocation Failure) [PSYoungGen: 32K->0K(1536K)] [ParOldGen: 7341K->3166K(8192K)] 7373K->3166K(9728K), [Metaspace: 3328K->3328K(1056768K)], 0.0023730 secs] [Times: user=0.00 sys=0.00, real=0.00 secs] 
10.046: [GC (Allocation Failure) [PSYoungGen: 20K->32K(1536K)] 7362K->7374K(9728K), 0.0003554 secs] [Times: user=0.00 sys=0.00, real=0.00 secs] 
10.046: [GC (Allocation Failure) [PSYoungGen: 32K->32K(1536K)] 7374K->7374K(9728K), 0.0002745 secs] [Times: user=0.00 sys=0.00, real=0.00 secs] 
10.047: [Full GC (Allocation Failure) [PSYoungGen: 32K->0K(1536K)] [ParOldGen: 7342K->3167K(8192K)] 7374K->3167K(9728K), [Metaspace: 3328K->3328K(1056768K)], 0.0021047 secs] [Times: user=0.01 sys=0.00, real=0.00 secs] 
10.049: [GC (Allocation Failure) [PSYoungGen: 20K->32K(1536K)] 7363K->7375K(9728K), 0.0008326 secs] [Times: user=0.00 sys=0.00, real=0.00 secs] 
10.050: [GC (Allocation Failure) [PSYoungGen: 32K->32K(1536K)] 7375K->7375K(9728K), 0.0002626 secs] [Times: user=0.00 sys=0.00, real=0.00 secs] 
10.050: [Full GC (Allocation Failure) [PSYoungGen: 32K->0K(1536K)] [ParOldGen: 7343K->3167K(8192K)] 7375K->3167K(9728K), [Metaspace: 3328K->3328K(1056768K)], 0.0021343 secs] [Times: user=0.01 sys=0.00, real=0.00 secs] 
10.053: [GC (Allocation Failure) [PSYoungGen: 20K->32K(1536K)] 7364K->7376K(9728K), 0.0008211 secs] [Times: user=0.00 sys=0.00, real=0.00 secs] 
10.054: [GC (Allocation Failure) [PSYoungGen: 32K->32K(1536K)] 7376K->7376K(9728K), 0.0002662 secs] [Times: user=0.00 sys=0.00, real=0.00 secs] 
10.054: [Full GC (Allocation Failure) [PSYoungGen: 32K->0K(1536K)] [ParOldGen: 7344K->3167K(8192K)] 7376K->3167K(9728K), [Metaspace: 3328K->3328K(1056768K)], 0.0020408 secs] [Times: user=0.00 sys=0.00, real=0.00 secs] 
10.056: [GC (Allocation Failure) [PSYoungGen: 20K->32K(1536K)] 7365K->7377K(9728K), 0.0008289 secs] [Times: user=0.00 sys=0.00, real=0.00 secs] 
10.057: [GC (Allocation Failure) [PSYoungGen: 32K->32K(1536K)] 7377K->7377K(9728K), 0.0004741 secs] [Times: user=0.01 sys=0.00, real=0.00 secs] 
10.058: [Full GC (Allocation Failure) [PSYoungGen: 32K->0K(1536K)] [ParOldGen: 7345K->3168K(8192K)] 7377K->3168K(9728K), [Metaspace: 3328K->3328K(1056768K)], 0.0025219 secs] [Times: user=0.00 sys=0.00, real=0.00 secs] 
10.061: [GC (Allocation Failure) [PSYoungGen: 20K->32K(1536K)] 7366K->7378K(9728K), 0.0008361 secs] [Times: user=0.00 sys=0.00, real=0.00 secs] 
10.062: [GC (Allocation Failure) [PSYoungGen: 32K->32K(1536K)] 7378K->7378K(9728K), 0.0007945 secs] [Times: user=0.01 sys=0.00, real=0.00 secs] 
10.062: [Full GC (Allocation Failure) [PSYoungGen: 32K->0K(1536K)] [ParOldGen: 7346K->3168K(8192K)] 7378K->3168K(9728K), [Metaspace: 3328K->3328K(1056768K)], 0.0025141 secs] [Times: user=0.00 sys=0.00, real=0.01 secs] 
10.065: [GC (Allocation Failure) [PSYoungGen: 20K->32K(1536K)] 7367K->7379K(9728K), 0.0008259 secs] [Times: user=0.00 sys=0.00, real=0.00 secs] 
10.066: [GC (Allocation Failure) [PSYoungGen: 32K->32K(1536K)] 7379K->7379K(9728K), 0.0002706 secs] [Times: user=0.00 sys=0.00, real=0.00 secs] 
10.067: [Full GC (Allocation Failure) [PSYoungGen: 32K->0K(1536K)] [ParOldGen: 7347K->3168K(8192K)] 7379K->3168K(9728K), [Metaspace: 3328K->3328K(1056768K)], 0.0021579 secs] [Times: user=0.01 sys=0.00, real=0.00 secs] 
10.069: [GC (Allocation Failure) [PSYoungGen: 20K->32K(1536K)] 7368K->7380K(9728K), 0.0008198 secs] [Times: user=0.00 sys=0.00, real=0.00 secs] 
10.070: [GC (Allocation Failure) [PSYoungGen: 32K->32K(1536K)] 7380K->7380K(9728K), 0.0002562 secs] [Times: user=0.00 sys=0.00, real=0.00 secs] 
10.070: [Full GC (Allocation Failure) [PSYoungGen: 32K->0K(1536K)] [ParOldGen: 7348K->3169K(8192K)] 7380K->3169K(9728K), [Metaspace: 3328K->3328K(1056768K)], 0.0021459 secs] [Times: user=0.01 sys=0.00, real=0.00 secs] 
10.073: [GC (Allocation Failure) [PSYoungGen: 20K->32K(1536K)] 7369K->7381K(9728K), 0.0003529 secs] [Times: user=0.00 sys=0.00, real=0.00 secs] 
10.073: [GC (Allocation Failure) [PSYoungGen: 32K->32K(1536K)] 7381K->7381K(9728K), 0.0004804 secs] [Times: user=0.00 sys=0.01, real=0.00 secs] 
10.074: [Full GC (Allocation Failure) [PSYoungGen: 32K->0K(1536K)] [ParOldGen: 7349K->3169K(8192K)] 7381K->3169K(9728K), [Metaspace: 3328K->3328K(1056768K)], 0.0025156 secs] [Times: user=0.00 sys=0.00, real=0.00 secs] 
10.077: [GC (Allocation Failure) [PSYoungGen: 20K->32K(1536K)] 7370K->7381K(9728K), 0.0007948 secs] [Times: user=0.01 sys=0.00, real=0.00 secs] 
10.078: [GC (Allocation Failure) [PSYoungGen: 32K->32K(1536K)] 7381K->7381K(9728K), 0.0002713 secs] [Times: user=0.00 sys=0.00, real=0.00 secs] 
10.078: [Full GC (Allocation Failure) [PSYoungGen: 32K->0K(1536K)] [ParOldGen: 7349K->3169K(8192K)] 7381K->3169K(9728K), [Metaspace: 3328K->3328K(1056768K)], 0.0024255 secs] [Times: user=0.00 sys=0.00, real=0.00 secs] 
10.081: [GC (Allocation Failure) [PSYoungGen: 20K->32K(1536K)] 7371K->7382K(9728K), 0.0008208 secs] [Times: user=0.00 sys=0.00, real=0.00 secs] 
10.082: [GC (Allocation Failure) [PSYoungGen: 32K->32K(1536K)] 7382K->7382K(9728K), 0.0002858 secs] [Times: user=0.01 sys=0.00, real=0.00 secs] 
10.082: [Full GC (Allocation Failure) [PSYoungGen: 32K->0K(1536K)] [ParOldGen: 7350K->3170K(8192K)] 7382K->3170K(9728K), [Metaspace: 3328K->3328K(1056768K)], 0.0022433 secs] [Times: user=0.00 sys=0.00, real=0.01 secs] 
10.085: [GC (Allocation Failure) [PSYoungGen: 20K->32K(1536K)] 7372K->7383K(9728K), 0.0008207 secs] [Times: user=0.00 sys=0.00, real=0.00 secs] 
10.086: [GC (Allocation Failure) [PSYoungGen: 32K->32K(1536K)] 7383K->7383K(9728K), 0.0002770 secs] [Times: user=0.00 sys=0.00, real=0.00 secs] 
10.086: [Full GC (Allocation Failure) [PSYoungGen: 32K->0K(1536K)] [ParOldGen: 7351K->3170K(8192K)] 7383K->3170K(9728K), [Metaspace: 3328K->3328K(1056768K)], 0.0025598 secs] [Times: user=0.01 sys=0.00, real=0.00 secs] 
10.089: [GC (Allocation Failure) [PSYoungGen: 20K->32K(1536K)] 7373K->7384K(9728K), 0.0008468 secs] [Times: user=0.00 sys=0.00, real=0.00 secs] 
10.090: [GC (Allocation Failure) [PSYoungGen: 32K->32K(1536K)] 7384K->7384K(9728K), 0.0003054 secs] [Times: user=0.00 sys=0.00, real=0.00 secs] 
10.090: [Full GC (Allocation Failure) [PSYoungGen: 32K->0K(1536K)] [ParOldGen: 7352K->3170K(8192K)] 7384K->3170K(9728K), [Metaspace: 3328K->3328K(1056768K)], 0.0021620 secs] [Times: user=0.01 sys=0.00, real=0.00 secs] 
10.093: [GC (Allocation Failure) [PSYoungGen: 20K->32K(1536K)] 7374K->7385K(9728K), 0.0008361 secs] [Times: user=0.00 sys=0.00, real=0.00 secs] 
10.094: [GC (Allocation Failure) [PSYoungGen: 32K->32K(1536K)] 7385K->7385K(9728K), 0.0002483 secs] [Times: user=0.00 sys=0.00, real=0.00 secs] 
10.094: [Full GC (Allocation Failure) [PSYoungGen: 32K->0K(1536K)] [ParOldGen: 7353K->3171K(8192K)] 7385K->3171K(9728K), [Metaspace: 3328K->3328K(1056768K)], 0.0021604 secs] [Times: user=0.00 sys=0.00, real=0.00 secs] 
10.096: [GC (Allocation Failure) [PSYoungGen: 20K->32K(1536K)] 7375K->7386K(9728K), 0.0008316 secs] [Times: user=0.01 sys=0.00, real=0.00 secs] 
10.097: [GC (Allocation Failure) [PSYoungGen: 32K->32K(1536K)] 7386K->7386K(9728K), 0.0002366 secs] [Times: user=0.00 sys=0.00, real=0.00 secs] 
10.098: [Full GC (Allocation Failure) [PSYoungGen: 32K->0K(1536K)] [ParOldGen: 7354K->3171K(8192K)] 7386K->3171K(9728K), [Metaspace: 3328K->3328K(1056768K)], 0.0025222 secs] [Times: user=0.00 sys=0.00, real=0.00 secs] 
10.100: [GC (Allocation Failure) [PSYoungGen: 20K->32K(1536K)] 7376K->7387K(9728K), 0.0008197 secs] [Times: user=0.00 sys=0.00, real=0.00 secs] 
10.101: [GC (Allocation Failure) [PSYoungGen: 32K->32K(1536K)] 7387K->7387K(9728K), 0.0002403 secs] [Times: user=0.01 sys=0.00, real=0.00 secs] 
10.102: [Full GC (Allocation Failure) [PSYoungGen: 32K->0K(1536K)] [ParOldGen: 7355K->3171K(8192K)] 7387K->3171K(9728K), [Metaspace: 3328K->3328K(1056768K)], 0.0021775 secs] [Times: user=0.00 sys=0.00, real=0.01 secs] 
10.104: [GC (Allocation Failure) [PSYoungGen: 20K->32K(1536K)] 7377K->7388K(9728K), 0.0008245 secs] [Times: user=0.00 sys=0.00, real=0.00 secs] 
10.105: [GC (Allocation Failure) [PSYoungGen: 32K->32K(1536K)] 7388K->7388K(9728K), 0.0002747 secs] [Times: user=0.00 sys=0.00, real=0.00 secs] 
10.105: [Full GC (Allocation Failure) [PSYoungGen: 32K->0K(1536K)] [ParOldGen: 7356K->3172K(8192K)] 7388K->3172K(9728K), [Metaspace: 3328K->3328K(1056768K)], 0.0025860 secs] [Times: user=0.01 sys=0.00, real=0.00 secs] 
10.108: [GC (Allocation Failure) [PSYoungGen: 20K->32K(1536K)] 7378K->7389K(9728K), 0.0008174 secs] [Times: user=0.00 sys=0.00, real=0.00 secs] 
10.109: [GC (Allocation Failure) [PSYoungGen: 32K->32K(1536K)] 7389K->7389K(9728K), 0.0002836 secs] [Times: user=0.00 sys=0.00, real=0.00 secs] 
10.110: [Full GC (Allocation Failure) [PSYoungGen: 32K->0K(1536K)] [ParOldGen: 7357K->3172K(8192K)] 7389K->3172K(9728K), [Metaspace: 3328K->3328K(1056768K)], 0.0023852 secs] [Times: user=0.01 sys=0.00, real=0.00 secs] 
10.112: [GC (Allocation Failure) [PSYoungGen: 20K->32K(1536K)] 7379K->7390K(9728K), 0.0008262 secs] [Times: user=0.00 sys=0.00, real=0.01 secs] 
10.113: [GC (Allocation Failure) [PSYoungGen: 32K->32K(1536K)] 7390K->7390K(9728K), 0.0002769 secs] [Times: user=0.00 sys=0.00, real=0.00 secs] 
10.113: [Full GC (Allocation Failure) [PSYoungGen: 32K->0K(1536K)] [ParOldGen: 7358K->3172K(8192K)] 7390K->3172K(9728K), [Metaspace: 3328K->3328K(1056768K)], 0.0020598 secs] [Times: user=0.00 sys=0.00, real=0.00 secs] 
10.116: [GC (Allocation Failure) [PSYoungGen: 20K->32K(1536K)] 7380K->7391K(9728K), 0.0008144 secs] [Times: user=0.01 sys=0.00, real=0.00 secs] 
10.117: [GC (Allocation Failure) [PSYoungGen: 32K->32K(1536K)] 7391K->7391K(9728K), 0.0002811 secs] [Times: user=0.00 sys=0.00, real=0.00 secs] 
10.117: [Full GC (Allocation Failure) [PSYoungGen: 32K->0K(1536K)] [ParOldGen: 7359K->3172K(8192K)] 7391K->3172K(9728K), [Metaspace: 3328K->3328K(1056768K)], 0.0023453 secs] [Times: user=0.00 sys=0.00, real=0.00 secs] 
10.120: [GC (Allocation Failure) [PSYoungGen: 20K->32K(1536K)] 7381K->7392K(9728K), 0.0008159 secs] [Times: user=0.00 sys=0.00, real=0.00 secs] 
10.121: [GC (Allocation Failure) [PSYoungGen: 32K->32K(1536K)] 7392K->7392K(9728K), 0.0002448 secs] [Times: user=0.01 sys=0.00, real=0.00 secs] 
10.121: [Full GC (Allocation Failure) [PSYoungGen: 32K->0K(1536K)] [ParOldGen: 7360K->3173K(8192K)] 7392K->3173K(9728K), [Metaspace: 3328K->3328K(1056768K)], 0.0022077 secs] [Times: user=0.00 sys=0.00, real=0.01 secs] 
10.124: [GC (Allocation Failure) [PSYoungGen: 20K->32K(1536K)] 7381K->7393K(9728K), 0.0008135 secs] [Times: user=0.00 sys=0.00, real=0.00 secs] 
10.124: [GC (Allocation Failure) [PSYoungGen: 32K->32K(1536K)] 7393K->7393K(9728K), 0.0002804 secs] [Times: user=0.00 sys=0.00, real=0.00 secs] 
10.125: [Full GC (Allocation Failure) [PSYoungGen: 32K->0K(1536K)] [ParOldGen: 7361K->3173K(8192K)] 7393K->3173K(9728K), [Metaspace: 3328K->3328K(1056768K)], 0.0025747 secs] [Times: user=0.01 sys=0.00, real=0.00 secs] 
10.128: [GC (Allocation Failure) [PSYoungGen: 20K->32K(1536K)] 7382K->7394K(9728K), 0.0008166 secs] [Times: user=0.00 sys=0.00, real=0.00 secs] 
10.129: [GC (Allocation Failure) [PSYoungGen: 32K->32K(1536K)] 7394K->7394K(9728K), 0.0002470 secs] [Times: user=0.00 sys=0.00, real=0.00 secs] 
10.129: [Full GC (Allocation Failure) [PSYoungGen: 32K->0K(1536K)] [ParOldGen: 7362K->3173K(8192K)] 7394K->3173K(9728K), [Metaspace: 3328K->3328K(1056768K)], 0.0025315 secs] [Times: user=0.01 sys=0.00, real=0.00 secs] 
10.132: [GC (Allocation Failure) [PSYoungGen: 20K->32K(1536K)] 7383K->7395K(9728K), 0.0008355 secs] [Times: user=0.00 sys=0.00, real=0.00 secs] 
10.133: [GC (Allocation Failure) [PSYoungGen: 32K->32K(1536K)] 7395K->7395K(9728K), 0.0002711 secs] [Times: user=0.00 sys=0.00, real=0.01 secs] 
10.133: [Full GC (Allocation Failure) [PSYoungGen: 32K->0K(1536K)] [ParOldGen: 7363K->3174K(8192K)] 7395K->3174K(9728K), [Metaspace: 3328K->3328K(1056768K)], 0.0022155 secs] [Times: user=0.00 sys=0.00, real=0.00 secs] 
10.136: [GC (Allocation Failure) [PSYoungGen: 20K->32K(1536K)] 7384K->7396K(9728K), 0.0008205 secs] [Times: user=0.00 sys=0.00, real=0.00 secs] 
10.136: [GC (Allocation Failure) [PSYoungGen: 32K->32K(1536K)] 7396K->7396K(9728K), 0.0007717 secs] [Times: user=0.00 sys=0.00, real=0.00 secs] 
10.137: [Full GC (Allocation Failure) [PSYoungGen: 32K->0K(1536K)] [ParOldGen: 7364K->3174K(8192K)] 7396K->3174K(9728K), [Metaspace: 3328K->3328K(1056768K)], 0.0020996 secs] [Times: user=0.00 sys=0.00, real=0.00 secs] 
10.140: [GC (Allocation Failure) [PSYoungGen: 20K->32K(1536K)] 7385K->7397K(9728K), 0.0008447 secs] [Times: user=0.01 sys=0.00, real=0.00 secs] 
10.141: [GC (Allocation Failure) [PSYoungGen: 32K->32K(1536K)] 7397K->7397K(9728K), 0.0002700 secs] [Times: user=0.00 sys=0.00, real=0.00 secs] 
10.141: [Full GC (Allocation Failure) [PSYoungGen: 32K->0K(1536K)] [ParOldGen: 7365K->3174K(8192K)] 7397K->3174K(9728K), [Metaspace: 3328K->3328K(1056768K)], 0.0023835 secs] [Times: user=0.00 sys=0.00, real=0.01 secs] 
10.144: [GC (Allocation Failure) [PSYoungGen: 20K->32K(1536K)] 7386K->7398K(9728K), 0.0008272 secs] [Times: user=0.00 sys=0.00, real=0.00 secs] 
10.145: [GC (Allocation Failure) [PSYoungGen: 32K->32K(1536K)] 7398K->7398K(9728K), 0.0002770 secs] [Times: user=0.00 sys=0.00, real=0.00 secs] 
10.145: [Full GC (Allocation Failure) [PSYoungGen: 32K->0K(1536K)] [ParOldGen: 7366K->3175K(8192K)] 7398K->3175K(9728K), [Metaspace: 3328K->3328K(1056768K)], 0.0022530 secs] [Times: user=0.01 sys=0.00, real=0.00 secs] 
10.148: [GC (Allocation Failure) [PSYoungGen: 20K->32K(1536K)] 7387K->7399K(9728K), 0.0003599 secs] [Times: user=0.00 sys=0.00, real=0.00 secs] 
10.148: [GC (Allocation Failure) [PSYoungGen: 32K->32K(1536K)] 7399K->7399K(9728K), 0.0002438 secs] [Times: user=0.00 sys=0.00, real=0.00 secs] 
10.148: [Full GC (Allocation Failure) [PSYoungGen: 32K->0K(1536K)] [ParOldGen: 7367K->3175K(8192K)] 7399K->3175K(9728K), [Metaspace: 3328K->3328K(1056768K)], 0.0021561 secs] [Times: user=0.01 sys=0.00, real=0.00 secs] 
10.151: [GC (Allocation Failure) [PSYoungGen: 20K->32K(1536K)] 7388K->7400K(9728K), 0.0008235 secs] [Times: user=0.00 sys=0.00, real=0.00 secs] 
10.152: [GC (Allocation Failure) [PSYoungGen: 32K->32K(1536K)] 7400K->7400K(9728K), 0.0002480 secs] [Times: user=0.00 sys=0.00, real=0.00 secs] 
10.152: [Full GC (Allocation Failure) [PSYoungGen: 32K->0K(1536K)] [ParOldGen: 7368K->3175K(8192K)] 7400K->3175K(9728K), [Metaspace: 3328K->3328K(1056768K)], 0.0025306 secs] [Times: user=0.00 sys=0.00, real=0.01 secs] 
10.155: [GC (Allocation Failure) [PSYoungGen: 20K->32K(1536K)] 7389K->7401K(9728K), 0.0029534 secs] [Times: user=0.01 sys=0.00, real=0.00 secs] 
10.158: [GC (Allocation Failure) [PSYoungGen: 32K->32K(1536K)] 7401K->7401K(9728K), 0.0009210 secs] [Times: user=0.00 sys=0.00, real=0.00 secs] 
10.159: [Full GC (Allocation Failure) [PSYoungGen: 32K->0K(1536K)] [ParOldGen: 7369K->3176K(8192K)] 7401K->3176K(9728K), [Metaspace: 3328K->3328K(1056768K)], 0.0033069 secs] [Times: user=0.00 sys=0.00, real=0.00 secs] 
10.163: [GC (Allocation Failure) [PSYoungGen: 20K->32K(1536K)] 7390K->7402K(9728K), 0.0008576 secs] [Times: user=0.01 sys=0.00, real=0.00 secs] 
10.164: [GC (Allocation Failure) [PSYoungGen: 32K->32K(1536K)] 7402K->7402K(9728K), 0.0002776 secs] [Times: user=0.00 sys=0.00, real=0.00 secs] 
10.164: [Full GC (Allocation Failure) [PSYoungGen: 32K->0K(1536K)] [ParOldGen: 7370K->3176K(8192K)] 7402K->3176K(9728K), [Metaspace: 3328K->3328K(1056768K)], 0.0025208 secs] [Times: user=0.00 sys=0.01, real=0.00 secs] 
10.167: [GC (Allocation Failure) [PSYoungGen: 20K->32K(1536K)] 7391K->7403K(9728K), 0.0008284 secs] [Times: user=0.01 sys=0.00, real=0.00 secs] 
10.168: [GC (Allocation Failure) [PSYoungGen: 32K->32K(1536K)] 7403K->7403K(9728K), 0.0002525 secs] [Times: user=0.00 sys=0.00, real=0.00 secs] 
10.168: [Full GC (Allocation Failure) [PSYoungGen: 32K->0K(1536K)] [ParOldGen: 7371K->3176K(8192K)] 7403K->3176K(9728K), [Metaspace: 3328K->3328K(1056768K)], 0.0020229 secs] [Times: user=0.00 sys=0.00, real=0.00 secs] 
10.170: [GC (Allocation Failure) [PSYoungGen: 20K->32K(1536K)] 7392K->7404K(9728K), 0.0008239 secs] [Times: user=0.00 sys=0.00, real=0.00 secs] 
10.171: [GC (Allocation Failure) [PSYoungGen: 32K->32K(1536K)] 7404K->7404K(9728K), 0.0002519 secs] [Times: user=0.00 sys=0.00, real=0.00 secs] 
10.172: [Full GC (Allocation Failure) [PSYoungGen: 32K->0K(1536K)] [ParOldGen: 7372K->3177K(8192K)] 7404K->3177K(9728K), [Metaspace: 3328K->3328K(1056768K)], 0.0022514 secs] [Times: user=0.01 sys=0.00, real=0.01 secs] 
10.174: [GC (Allocation Failure) [PSYoungGen: 20K->32K(1536K)] 7393K->7405K(9728K), 0.0008284 secs] [Times: user=0.00 sys=0.00, real=0.00 secs] 
10.175: [GC (Allocation Failure) [PSYoungGen: 32K->32K(1536K)] 7405K->7405K(9728K), 0.0002589 secs] [Times: user=0.00 sys=0.00, real=0.00 secs] 
10.175: [Full GC (Allocation Failure) [PSYoungGen: 32K->0K(1536K)] [ParOldGen: 7373K->3177K(8192K)] 7405K->3177K(9728K), [Metaspace: 3328K->3328K(1056768K)], 0.0025066 secs] [Times: user=0.01 sys=0.00, real=0.00 secs] 
10.178: [GC (Allocation Failure) [PSYoungGen: 20K->32K(1536K)] 7394K->7405K(9728K), 0.0008567 secs] [Times: user=0.00 sys=0.00, real=0.00 secs] 
10.179: [GC (Allocation Failure) [PSYoungGen: 32K->32K(1536K)] 7405K->7405K(9728K), 0.0002578 secs] [Times: user=0.00 sys=0.00, real=0.00 secs] 
10.179: [Full GC (Allocation Failure) [PSYoungGen: 32K->0K(1536K)] [ParOldGen: 7373K->3177K(8192K)] 7405K->3177K(9728K), [Metaspace: 3328K->3328K(1056768K)], 0.0025028 secs] [Times: user=0.00 sys=0.00, real=0.00 secs] 
10.182: [GC (Allocation Failure) [PSYoungGen: 20K->32K(1536K)] 7395K->7406K(9728K), 0.0008119 secs] [Times: user=0.00 sys=0.00, real=0.01 secs] 
10.183: [GC (Allocation Failure) [PSYoungGen: 32K->32K(1536K)] 7406K->7406K(9728K), 0.0002530 secs] [Times: user=0.00 sys=0.00, real=0.00 secs] 
10.184: [Full GC (Allocation Failure) [PSYoungGen: 32K->0K(1536K)] [ParOldGen: 7374K->3178K(8192K)] 7406K->3178K(9728K), [Metaspace: 3328K->3328K(1056768K)], 0.0025426 secs] [Times: user=0.00 sys=0.00, real=0.00 secs] 
10.186: [GC (Allocation Failure) [PSYoungGen: 20K->32K(1536K)] 7396K->7407K(9728K), 0.0008300 secs] [Times: user=0.01 sys=0.00, real=0.00 secs] 
10.187: [GC (Allocation Failure) [PSYoungGen: 32K->32K(1536K)] 7407K->7407K(9728K), 0.0002423 secs] [Times: user=0.00 sys=0.00, real=0.00 secs] 
10.188: [Full GC (Allocation Failure) [PSYoungGen: 32K->0K(1536K)] [ParOldGen: 7375K->3178K(8192K)] 7407K->3178K(9728K), [Metaspace: 3328K->3328K(1056768K)], 0.0022068 secs] [Times: user=0.00 sys=0.00, real=0.00 secs] 
10.190: [GC (Allocation Failure) [PSYoungGen: 20K->32K(1536K)] 7397K->7408K(9728K), 0.0008332 secs] [Times: user=0.00 sys=0.00, real=0.00 secs] 
10.191: [GC (Allocation Failure) [PSYoungGen: 32K->32K(1536K)] 7408K->7408K(9728K), 0.0002499 secs] [Times: user=0.00 sys=0.00, real=0.00 secs] 
10.191: [Full GC (Allocation Failure) [PSYoungGen: 32K->0K(1536K)] [ParOldGen: 7376K->3178K(8192K)] 7408K->3178K(9728K), [Metaspace: 3328K->3328K(1056768K)], 0.0023753 secs] [Times: user=0.01 sys=0.00, real=0.01 secs] 
10.194: [GC (Allocation Failure) [PSYoungGen: 20K->32K(1536K)] 7398K->7409K(9728K), 0.0003176 secs] [Times: user=0.00 sys=0.00, real=0.00 secs] 
10.195: [GC (Allocation Failure) [PSYoungGen: 32K->32K(1536K)] 7409K->7409K(9728K), 0.0002612 secs] [Times: user=0.00 sys=0.00, real=0.00 secs] 
10.195: [Full GC (Allocation Failure) [PSYoungGen: 32K->0K(1536K)] [ParOldGen: 7377K->3179K(8192K)] 7409K->3179K(9728K), [Metaspace: 3328K->3328K(1056768K)], 0.0023670 secs] [Times: user=0.01 sys=0.00, real=0.00 secs] 
10.199: [GC (Allocation Failure) [PSYoungGen: 20K->32K(1536K)] 7399K->7410K(9728K), 0.0010789 secs] [Times: user=0.00 sys=0.00, real=0.00 secs] 
10.200: [GC (Allocation Failure) [PSYoungGen: 32K->32K(1536K)] 7410K->7410K(9728K), 0.0003896 secs] [Times: user=0.00 sys=0.00, real=0.00 secs] 
10.201: [Full GC (Allocation Failure) [PSYoungGen: 32K->0K(1536K)] [ParOldGen: 7378K->3179K(8192K)] 7410K->3179K(9728K), [Metaspace: 3328K->3328K(1056768K)], 0.0037938 secs] [Times: user=0.01 sys=0.00, real=0.01 secs] 
10.206: [GC (Allocation Failure) [PSYoungGen: 20K->32K(1536K)] 7400K->7411K(9728K), 0.0009562 secs] [Times: user=0.00 sys=0.00, real=0.00 secs] 
10.207: [GC (Allocation Failure) [PSYoungGen: 32K->32K(1536K)] 7411K->7411K(9728K), 0.0004421 secs] [Times: user=0.00 sys=0.00, real=0.00 secs] 
10.207: [Full GC (Allocation Failure) [PSYoungGen: 32K->0K(1536K)] [ParOldGen: 7379K->3179K(8192K)] 7411K->3179K(9728K), [Metaspace: 3328K->3328K(1056768K)], 0.0023192 secs] [Times: user=0.01 sys=0.00, real=0.00 secs] 
10.210: [GC (Allocation Failure) [PSYoungGen: 20K->32K(1536K)] 7401K->7412K(9728K), 0.0008231 secs] [Times: user=0.00 sys=0.00, real=0.00 secs] 
10.211: [GC (Allocation Failure) [PSYoungGen: 32K->32K(1536K)] 7412K->7412K(9728K), 0.0002531 secs] [Times: user=0.00 sys=0.00, real=0.00 secs] 
10.211: [Full GC (Allocation Failure) [PSYoungGen: 32K->0K(1536K)] [ParOldGen: 7380K->3180K(8192K)] 7412K->3180K(9728K), [Metaspace: 3328K->3328K(1056768K)], 0.0025411 secs] [Times: user=0.01 sys=0.00, real=0.01 secs] 
10.214: [GC (Allocation Failure) [PSYoungGen: 20K->32K(1536K)] 7402K->7413K(9728K), 0.0008284 secs] [Times: user=0.00 sys=0.00, real=0.00 secs] 
10.215: [GC (Allocation Failure) [PSYoungGen: 32K->32K(1536K)] 7413K->7413K(9728K), 0.0002570 secs] [Times: user=0.00 sys=0.00, real=0.00 secs] 
10.215: [Full GC (Allocation Failure) [PSYoungGen: 32K->0K(1536K)] [ParOldGen: 7381K->3180K(8192K)] 7413K->3180K(9728K), [Metaspace: 3328K->3328K(1056768K)], 0.0025373 secs] [Times: user=0.00 sys=0.00, real=0.00 secs] 
10.218: [GC (Allocation Failure) [PSYoungGen: 20K->32K(1536K)] 7403K->7414K(9728K), 0.0008169 secs] [Times: user=0.01 sys=0.00, real=0.00 secs] 
10.219: [GC (Allocation Failure) [PSYoungGen: 32K->32K(1536K)] 7414K->7414K(9728K), 0.0008093 secs] [Times: user=0.00 sys=0.00, real=0.00 secs] 
10.220: [Full GC (Allocation Failure) [PSYoungGen: 32K->0K(1536K)] [ParOldGen: 7382K->3180K(8192K)] 7414K->3180K(9728K), [Metaspace: 3328K->3328K(1056768K)], 0.0023765 secs] [Times: user=0.00 sys=0.00, real=0.00 secs] 
10.223: [GC (Allocation Failure) [PSYoungGen: 20K->32K(1536K)] 7404K->7415K(9728K), 0.0008208 secs] [Times: user=0.01 sys=0.00, real=0.00 secs] 
10.224: [GC (Allocation Failure) [PSYoungGen: 32K->32K(1536K)] 7415K->7415K(9728K), 0.0002586 secs] [Times: user=0.00 sys=0.00, real=0.00 secs] 
10.224: [Full GC (Allocation Failure) [PSYoungGen: 32K->0K(1536K)] [ParOldGen: 7383K->3180K(8192K)] 7415K->3180K(9728K), [Metaspace: 3328K->3328K(1056768K)], 0.0020392 secs] [Times: user=0.00 sys=0.00, real=0.00 secs] 
10.226: [GC (Allocation Failure) [PSYoungGen: 20K->32K(1536K)] 7405K->7416K(9728K), 0.0008351 secs] [Times: user=0.00 sys=0.00, real=0.00 secs] 
10.227: [GC (Allocation Failure) [PSYoungGen: 32K->32K(1536K)] 7416K->7416K(9728K), 0.0002772 secs] [Times: user=0.00 sys=0.00, real=0.00 secs] 
10.227: [Full GC (Allocation Failure) [PSYoungGen: 32K->0K(1536K)] [ParOldGen: 7384K->3181K(8192K)] 7416K->3181K(9728K), [Metaspace: 3328K->3328K(1056768K)], 0.0021503 secs] [Times: user=0.01 sys=0.00, real=0.00 secs] 
10.230: [GC (Allocation Failure) [PSYoungGen: 20K->32K(1536K)] 7406K->7417K(9728K), 0.0008345 secs] [Times: user=0.00 sys=0.00, real=0.00 secs] 
10.231: [GC (Allocation Failure) [PSYoungGen: 32K->32K(1536K)] 7417K->7417K(9728K), 0.0002811 secs] [Times: user=0.00 sys=0.00, real=0.00 secs] 
10.231: [Full GC (Allocation Failure) [PSYoungGen: 32K->0K(1536K)] [ParOldGen: 7385K->3181K(8192K)] 7417K->3181K(9728K), [Metaspace: 3328K->3328K(1056768K)], 0.0020524 secs] [Times: user=0.01 sys=0.00, real=0.01 secs] 
10.234: [GC (Allocation Failure) [PSYoungGen: 20K->32K(1536K)] 7406K->7418K(9728K), 0.0008134 secs] [Times: user=0.00 sys=0.00, real=0.00 secs] 
10.235: [GC (Allocation Failure) [PSYoungGen: 32K->32K(1536K)] 7418K->7418K(9728K), 0.0002724 secs] [Times: user=0.00 sys=0.00, real=0.00 secs] 
10.235: [Full GC (Allocation Failure) [PSYoungGen: 32K->0K(1536K)] [ParOldGen: 7386K->3181K(8192K)] 7418K->3181K(9728K), [Metaspace: 3328K->3328K(1056768K)], 0.0025325 secs] [Times: user=0.00 sys=0.00, real=0.00 secs] 
10.238: [GC (Allocation Failure) [PSYoungGen: 20K->32K(1536K)] 7407K->7419K(9728K), 0.0008427 secs] [Times: user=0.00 sys=0.00, real=0.00 secs] 
10.239: [GC (Allocation Failure) [PSYoungGen: 32K->32K(1536K)] 7419K->7419K(9728K), 0.0002761 secs] [Times: user=0.00 sys=0.00, real=0.00 secs] 
10.239: [Full GC (Allocation Failure) [PSYoungGen: 32K->0K(1536K)] [ParOldGen: 7387K->3182K(8192K)] 7419K->3182K(9728K), [Metaspace: 3328K->3328K(1056768K)], 0.0022018 secs] [Times: user=0.00 sys=0.00, real=0.00 secs] 
10.242: [GC (Allocation Failure) [PSYoungGen: 20K->32K(1536K)] 7408K->7420K(9728K), 0.0008432 secs] [Times: user=0.01 sys=0.00, real=0.00 secs] 
10.242: [GC (Allocation Failure) [PSYoungGen: 32K->32K(1536K)] 7420K->7420K(9728K), 0.0007794 secs] [Times: user=0.00 sys=0.00, real=0.01 secs] 
10.243: [Full GC (Allocation Failure) [PSYoungGen: 32K->0K(1536K)] [ParOldGen: 7388K->3182K(8192K)] 7420K->3182K(9728K), [Metaspace: 3328K->3328K(1056768K)], 0.0025193 secs] [Times: user=0.00 sys=0.00, real=0.00 secs] 
10.246: [GC (Allocation Failure) [PSYoungGen: 20K->32K(1536K)] 7409K->7421K(9728K), 0.0008251 secs] [Times: user=0.00 sys=0.00, real=0.00 secs] 
10.247: [GC (Allocation Failure) [PSYoungGen: 32K->32K(1536K)] 7421K->7421K(9728K), 0.0002870 secs] [Times: user=0.01 sys=0.00, real=0.00 secs] 
10.247: [Full GC (Allocation Failure) [PSYoungGen: 32K->0K(1536K)] [ParOldGen: 7389K->3182K(8192K)] 7421K->3182K(9728K), [Metaspace: 3328K->3328K(1056768K)], 0.0025356 secs] [Times: user=0.00 sys=0.00, real=0.00 secs] 
10.250: [GC (Allocation Failure) [PSYoungGen: 20K->32K(1536K)] 7410K->7422K(9728K), 0.0008184 secs] [Times: user=0.00 sys=0.00, real=0.00 secs] 
10.251: [GC (Allocation Failure) [PSYoungGen: 32K->32K(1536K)] 7422K->7422K(9728K), 0.0002564 secs] [Times: user=0.00 sys=0.00, real=0.00 secs] 
10.252: [Full GC (Allocation Failure) [PSYoungGen: 32K->0K(1536K)] [ParOldGen: 7390K->3183K(8192K)] 7422K->3183K(9728K), [Metaspace: 3328K->3328K(1056768K)], 0.0025316 secs] [Times: user=0.01 sys=0.00, real=0.01 secs] 
10.254: [GC (Allocation Failure) [PSYoungGen: 20K->32K(1536K)] 7411K->7423K(9728K), 0.0008298 secs] [Times: user=0.00 sys=0.00, real=0.00 secs] 
10.255: [GC (Allocation Failure) [PSYoungGen: 32K->32K(1536K)] 7423K->7423K(9728K), 0.0002556 secs] [Times: user=0.00 sys=0.00, real=0.00 secs] 
10.256: [Full GC (Allocation Failure) [PSYoungGen: 32K->0K(1536K)] [ParOldGen: 7391K->3183K(8192K)] 7423K->3183K(9728K), [Metaspace: 3328K->3328K(1056768K)], 0.0020300 secs] [Times: user=0.01 sys=0.00, real=0.00 secs] 
10.258: [GC (Allocation Failure) [PSYoungGen: 20K->32K(1536K)] 7412K->7424K(9728K), 0.0008344 secs] [Times: user=0.00 sys=0.00, real=0.00 secs] 
10.259: [GC (Allocation Failure) [PSYoungGen: 32K->32K(1536K)] 7424K->7424K(9728K), 0.0003242 secs] [Times: user=0.00 sys=0.00, real=0.00 secs] 
10.259: [Full GC (Allocation Failure) [PSYoungGen: 32K->0K(1536K)] [ParOldGen: 7392K->3183K(8192K)] 7424K->3183K(9728K), [Metaspace: 3328K->3328K(1056768K)], 0.0022368 secs] [Times: user=0.00 sys=0.00, real=0.00 secs] 
10.262: [GC (Allocation Failure) [PSYoungGen: 20K->32K(1536K)] 7413K->7425K(9728K), 0.0008161 secs] [Times: user=0.01 sys=0.00, real=0.01 secs] 
10.263: [GC (Allocation Failure) [PSYoungGen: 32K->32K(1536K)] 7425K->7425K(9728K), 0.0007986 secs] [Times: user=0.00 sys=0.00, real=0.00 secs] 
10.264: [Full GC (Allocation Failure) [PSYoungGen: 32K->0K(1536K)] [ParOldGen: 7393K->3184K(8192K)] 7425K->3184K(9728K), [Metaspace: 3328K->3328K(1056768K)], 0.0025269 secs] [Times: user=0.00 sys=0.00, real=0.00 secs] 
10.267: [GC (Allocation Failure) [PSYoungGen: 20K->32K(1536K)] 7414K->7426K(9728K), 0.0008165 secs] [Times: user=0.01 sys=0.00, real=0.00 secs] 
10.267: [GC (Allocation Failure) [PSYoungGen: 32K->32K(1536K)] 7426K->7426K(9728K), 0.0002498 secs] [Times: user=0.00 sys=0.00, real=0.00 secs] 
10.268: [Full GC (Allocation Failure) [PSYoungGen: 32K->0K(1536K)] [ParOldGen: 7394K->3184K(8192K)] 7426K->3184K(9728K), [Metaspace: 3328K->3328K(1056768K)], 0.0023979 secs] [Times: user=0.00 sys=0.00, real=0.00 secs] 
10.271: [GC (Allocation Failure) [PSYoungGen: 20K->32K(1536K)] 7415K->7427K(9728K), 0.0008848 secs] [Times: user=0.00 sys=0.00, real=0.00 secs] 
10.271: [GC (Allocation Failure) [PSYoungGen: 32K->32K(1536K)] 7427K->7427K(9728K), 0.0002546 secs] [Times: user=0.01 sys=0.00, real=0.00 secs] 
10.272: [Full GC (Allocation Failure) [PSYoungGen: 32K->0K(1536K)] [ParOldGen: 7395K->3184K(8192K)] 7427K->3184K(9728K), [Metaspace: 3328K->3328K(1056768K)], 0.0031491 secs] [Times: user=0.00 sys=0.00, real=0.01 secs] 
10.275: [GC (Allocation Failure) [PSYoungGen: 20K->32K(1536K)] 7416K->7428K(9728K), 0.0008311 secs] [Times: user=0.00 sys=0.00, real=0.00 secs] 
10.276: [GC (Allocation Failure) [PSYoungGen: 32K->32K(1536K)] 7428K->7428K(9728K), 0.0002606 secs] [Times: user=0.01 sys=0.00, real=0.00 secs] 
10.277: [Full GC (Allocation Failure) [PSYoungGen: 32K->0K(1536K)] [ParOldGen: 7396K->3185K(8192K)] 7428K->3185K(9728K), [Metaspace: 3328K->3328K(1056768K)], 0.0020118 secs] [Times: user=0.00 sys=0.00, real=0.00 secs] 
10.279: [GC (Allocation Failure) [PSYoungGen: 20K->32K(1536K)] 7417K->7429K(9728K), 0.0008289 secs] [Times: user=0.00 sys=0.00, real=0.00 secs] 
10.280: [GC (Allocation Failure) [PSYoungGen: 32K->32K(1536K)] 7429K->7429K(9728K), 0.0003149 secs] [Times: user=0.00 sys=0.00, real=0.00 secs] 
10.280: [Full GC (Allocation Failure) [PSYoungGen: 32K->0K(1536K)] [ParOldGen: 7397K->3185K(8192K)] 7429K->3185K(9728K), [Metaspace: 3328K->3328K(1056768K)], 0.0020450 secs] [Times: user=0.01 sys=0.00, real=0.00 secs] 
10.283: [GC (Allocation Failure) [PSYoungGen: 20K->32K(1536K)] 7418K->7430K(9728K), 0.0008370 secs] [Times: user=0.00 sys=0.00, real=0.01 secs] 
10.283: [GC (Allocation Failure) [PSYoungGen: 32K->32K(1536K)] 7430K->7430K(9728K), 0.0002645 secs] [Times: user=0.00 sys=0.00, real=0.00 secs] 
10.284: [Full GC (Allocation Failure) [PSYoungGen: 32K->0K(1536K)] [ParOldGen: 7398K->3185K(8192K)] 7430K->3185K(9728K), [Metaspace: 3328K->3328K(1056768K)], 0.0020085 secs] [Times: user=0.00 sys=0.00, real=0.00 secs] 
10.286: [GC (Allocation Failure) [PSYoungGen: 20K->32K(1536K)] 7419K->7430K(9728K), 0.0008312 secs] [Times: user=0.00 sys=0.00, real=0.00 secs] 
10.287: [GC (Allocation Failure) [PSYoungGen: 32K->32K(1536K)] 7430K->7430K(9728K), 0.0008118 secs] [Times: user=0.00 sys=0.00, real=0.00 secs] 
10.288: [Full GC (Allocation Failure) [PSYoungGen: 32K->0K(1536K)] [ParOldGen: 7398K->3186K(8192K)] 7430K->3186K(9728K), [Metaspace: 3328K->3328K(1056768K)], 0.0025043 secs] [Times: user=0.00 sys=0.00, real=0.00 secs] 
10.291: [GC (Allocation Failure) [PSYoungGen: 20K->32K(1536K)] 7420K->7431K(9728K), 0.0008218 secs] [Times: user=0.00 sys=0.00, real=0.00 secs] 
10.292: [GC (Allocation Failure) [PSYoungGen: 32K->32K(1536K)] 7431K->7431K(9728K), 0.0002502 secs] [Times: user=0.00 sys=0.00, real=0.00 secs] 
10.292: [Full GC (Allocation Failure) [PSYoungGen: 32K->0K(1536K)] [ParOldGen: 7399K->3186K(8192K)] 7431K->3186K(9728K), [Metaspace: 3328K->3328K(1056768K)], 0.0020290 secs] [Times: user=0.00 sys=0.00, real=0.01 secs] 
10.294: [GC (Allocation Failure) [PSYoungGen: 20K->32K(1536K)] 7421K->7432K(9728K), 0.0008159 secs] [Times: user=0.00 sys=0.00, real=0.00 secs] 
10.295: [GC (Allocation Failure) [PSYoungGen: 32K->32K(1536K)] 7432K->7432K(9728K), 0.0002472 secs] [Times: user=0.00 sys=0.00, real=0.00 secs] 
10.296: [Full GC (Allocation Failure) [PSYoungGen: 32K->0K(1536K)] [ParOldGen: 7400K->3186K(8192K)] 7432K->3186K(9728K), [Metaspace: 3328K->3328K(1056768K)], 0.0019915 secs] [Times: user=0.01 sys=0.00, real=0.00 secs] 
10.298: [GC (Allocation Failure) [PSYoungGen: 20K->32K(1536K)] 7422K->7433K(9728K), 0.0003090 secs] [Times: user=0.00 sys=0.00, real=0.00 secs] 
10.298: [GC (Allocation Failure) [PSYoungGen: 32K->32K(1536K)] 7433K->7433K(9728K), 0.0002576 secs] [Times: user=0.00 sys=0.00, real=0.00 secs] 
10.299: [Full GC (Allocation Failure) [PSYoungGen: 32K->0K(1536K)] [ParOldGen: 7401K->3187K(8192K)] 7433K->3187K(9728K), [Metaspace: 3328K->3328K(1056768K)], 0.0025774 secs] [Times: user=0.01 sys=0.00, real=0.00 secs] 
10.302: [GC (Allocation Failure) [PSYoungGen: 20K->32K(1536K)] 7423K->7434K(9728K), 0.0008217 secs] [Times: user=0.00 sys=0.00, real=0.00 secs] 
10.302: [GC (Allocation Failure) [PSYoungGen: 32K->32K(1536K)] 7434K->7434K(9728K), 0.0002519 secs] [Times: user=0.00 sys=0.00, real=0.01 secs] 
10.303: [Full GC (Allocation Failure) [PSYoungGen: 32K->0K(1536K)] [ParOldGen: 7402K->3187K(8192K)] 7434K->3187K(9728K), [Metaspace: 3328K->3328K(1056768K)], 0.0024355 secs] [Times: user=0.00 sys=0.00, real=0.00 secs] 
10.306: [GC (Allocation Failure) [PSYoungGen: 20K->32K(1536K)] 7424K->7435K(9728K), 0.0008300 secs] [Times: user=0.00 sys=0.00, real=0.00 secs] 
10.307: [GC (Allocation Failure) [PSYoungGen: 32K->32K(1536K)] 7435K->7435K(9728K), 0.0002835 secs] [Times: user=0.00 sys=0.00, real=0.00 secs] 
10.307: [Full GC (Allocation Failure) [PSYoungGen: 32K->0K(1536K)] [ParOldGen: 7403K->3187K(8192K)] 7435K->3187K(9728K), [Metaspace: 3328K->3328K(1056768K)], 0.0020688 secs] [Times: user=0.00 sys=0.00, real=0.00 secs] 
10.309: [GC (Allocation Failure) [PSYoungGen: 20K->32K(1536K)] 7425K->7436K(9728K), 0.0008239 secs] [Times: user=0.00 sys=0.00, real=0.00 secs] 
10.310: [GC (Allocation Failure) [PSYoungGen: 32K->32K(1536K)] 7436K->7436K(9728K), 0.0002733 secs] [Times: user=0.00 sys=0.00, real=0.00 secs] 
10.310: [Full GC (Allocation Failure) [PSYoungGen: 32K->0K(1536K)] [ParOldGen: 7404K->3188K(8192K)] 7436K->3188K(9728K), [Metaspace: 3328K->3328K(1056768K)], 0.0025116 secs] [Times: user=0.01 sys=0.00, real=0.01 secs] 
10.313: [GC (Allocation Failure) [PSYoungGen: 20K->32K(1536K)] 7426K->7437K(9728K), 0.0008218 secs] [Times: user=0.00 sys=0.00, real=0.00 secs] 
10.314: [GC (Allocation Failure) [PSYoungGen: 32K->32K(1536K)] 7437K->7437K(9728K), 0.0002536 secs] [Times: user=0.00 sys=0.00, real=0.00 secs] 
10.315: [Full GC (Allocation Failure) [PSYoungGen: 32K->0K(1536K)] [ParOldGen: 7405K->3188K(8192K)] 7437K->3188K(9728K), [Metaspace: 3328K->3328K(1056768K)], 0.0031307 secs] [Times: user=0.01 sys=0.00, real=0.00 secs] 
10.318: [GC (Allocation Failure) [PSYoungGen: 20K->32K(1536K)] 7427K->7438K(9728K), 0.0008293 secs] [Times: user=0.00 sys=0.00, real=0.00 secs] 
10.319: [GC (Allocation Failure) [PSYoungGen: 32K->32K(1536K)] 7438K->7438K(9728K), 0.0002623 secs] [Times: user=0.00 sys=0.00, real=0.00 secs] 
10.319: [Full GC (Allocation Failure) [PSYoungGen: 32K->0K(1536K)] [ParOldGen: 7406K->3188K(8192K)] 7438K->3188K(9728K), [Metaspace: 3328K->3328K(1056768K)], 0.0022461 secs] [Times: user=0.01 sys=0.00, real=0.00 secs] 
10.322: [GC (Allocation Failure) [PSYoungGen: 20K->32K(1536K)] 7428K->7439K(9728K), 0.0003061 secs] [Times: user=0.00 sys=0.00, real=0.00 secs] 
10.322: [GC (Allocation Failure) [PSYoungGen: 32K->32K(1536K)] 7439K->7439K(9728K), 0.0002573 secs] [Times: user=0.00 sys=0.00, real=0.00 secs] 
10.323: [Full GC (Allocation Failure) [PSYoungGen: 32K->0K(1536K)] [ParOldGen: 7407K->3189K(8192K)] 7439K->3189K(9728K), [Metaspace: 3328K->3328K(1056768K)], 0.0020329 secs] [Times: user=0.00 sys=0.00, real=0.01 secs] 
10.325: [GC (Allocation Failure) [PSYoungGen: 20K->32K(1536K)] 7429K->7440K(9728K), 0.0008225 secs] [Times: user=0.01 sys=0.00, real=0.00 secs] 
10.326: [GC (Allocation Failure) [PSYoungGen: 32K->32K(1536K)] 7440K->7440K(9728K), 0.0003188 secs] [Times: user=0.00 sys=0.00, real=0.00 secs] 
10.326: [Full GC (Allocation Failure) [PSYoungGen: 32K->0K(1536K)] [ParOldGen: 7408K->3189K(8192K)] 7440K->3189K(9728K), [Metaspace: 3328K->3328K(1056768K)], 0.0021749 secs] [Times: user=0.00 sys=0.00, real=0.00 secs] 
10.329: [GC (Allocation Failure) [PSYoungGen: 20K->32K(1536K)] 7430K->7441K(9728K), 0.0008232 secs] [Times: user=0.00 sys=0.00, real=0.00 secs] 
10.330: [GC (Allocation Failure) [PSYoungGen: 32K->32K(1536K)] 7441K->7441K(9728K), 0.0002871 secs] [Times: user=0.00 sys=0.00, real=0.00 secs] 
10.330: [Full GC (Allocation Failure) [PSYoungGen: 32K->0K(1536K)] [ParOldGen: 7409K->3189K(8192K)] 7441K->3189K(9728K), [Metaspace: 3328K->3328K(1056768K)], 0.0023739 secs] [Times: user=0.01 sys=0.00, real=0.00 secs] 
10.333: [GC (Allocation Failure) [PSYoungGen: 20K->32K(1536K)] 7431K->7442K(9728K), 0.0008172 secs] [Times: user=0.00 sys=0.00, real=0.00 secs] 
10.334: [GC (Allocation Failure) [PSYoungGen: 32K->32K(1536K)] 7442K->7442K(9728K), 0.0002738 secs] [Times: user=0.00 sys=0.00, real=0.00 secs] 
10.334: [Full GC (Allocation Failure) [PSYoungGen: 32K->0K(1536K)] [ParOldGen: 7410K->3189K(8192K)] 7442K->3189K(9728K), [Metaspace: 3328K->3328K(1056768K)], 0.0020662 secs] [Times: user=0.01 sys=0.00, real=0.00 secs] 
10.336: [GC (Allocation Failure) [PSYoungGen: 20K->32K(1536K)] 7431K->7443K(9728K), 0.0008222 secs] [Times: user=0.00 sys=0.00, real=0.00 secs] 
10.337: [GC (Allocation Failure) [PSYoungGen: 32K->32K(1536K)] 7443K->7443K(9728K), 0.0002907 secs] [Times: user=0.00 sys=0.00, real=0.00 secs] 
10.338: [Full GC (Allocation Failure) [PSYoungGen: 32K->0K(1536K)] [ParOldGen: 7411K->3190K(8192K)] 7443K->3190K(9728K), [Metaspace: 3328K->3328K(1056768K)], 0.0024688 secs] [Times: user=0.01 sys=0.01, real=0.00 secs] 
10.340: [GC (Allocation Failure) [PSYoungGen: 20K->32K(1536K)] 7432K->7444K(9728K), 0.0008100 secs] [Times: user=0.00 sys=0.00, real=0.00 secs] 
10.341: [GC (Allocation Failure) [PSYoungGen: 32K->32K(1536K)] 7444K->7444K(9728K), 0.0002690 secs] [Times: user=0.00 sys=0.00, real=0.00 secs] 
10.342: [Full GC (Allocation Failure) [PSYoungGen: 32K->0K(1536K)] [ParOldGen: 7412K->3190K(8192K)] 7444K->3190K(9728K), [Metaspace: 3328K->3328K(1056768K)], 0.0020369 secs] [Times: user=0.00 sys=0.00, real=0.01 secs] 
10.344: [GC (Allocation Failure) [PSYoungGen: 20K->32K(1536K)] 7433K->7445K(9728K), 0.0008212 secs] [Times: user=0.01 sys=0.00, real=0.00 secs] 
10.345: [GC (Allocation Failure) [PSYoungGen: 32K->32K(1536K)] 7445K->7445K(9728K), 0.0002576 secs] [Times: user=0.00 sys=0.00, real=0.00 secs] 
10.345: [Full GC (Allocation Failure) [PSYoungGen: 32K->0K(1536K)] [ParOldGen: 7413K->3190K(8192K)] 7445K->3190K(9728K), [Metaspace: 3328K->3328K(1056768K)], 0.0020315 secs] [Times: user=0.00 sys=0.00, real=0.00 secs] 
10.348: [GC (Allocation Failure) [PSYoungGen: 20K->32K(1536K)] 7434K->7446K(9728K), 0.0008221 secs] [Times: user=0.00 sys=0.00, real=0.00 secs] 
10.349: [GC (Allocation Failure) [PSYoungGen: 32K->32K(1536K)] 7446K->7446K(9728K), 0.0002626 secs] [Times: user=0.00 sys=0.00, real=0.00 secs] 
10.349: [Full GC (Allocation Failure) [PSYoungGen: 32K->0K(1536K)] [ParOldGen: 7414K->3191K(8192K)] 7446K->3191K(9728K), [Metaspace: 3328K->3328K(1056768K)], 0.0023873 secs] [Times: user=0.01 sys=0.00, real=0.00 secs] 
10.352: [GC (Allocation Failure) [PSYoungGen: 20K->32K(1536K)] 7435K->7447K(9728K), 0.0006815 secs] [Times: user=0.00 sys=0.00, real=0.00 secs] 
10.352: [GC (Allocation Failure) [PSYoungGen: 32K->32K(1536K)] 7447K->7447K(9728K), 0.0007932 secs] [Times: user=0.00 sys=0.00, real=0.01 secs] 
10.353: [Full GC (Allocation Failure) [PSYoungGen: 32K->0K(1536K)] [ParOldGen: 7415K->3191K(8192K)] 7447K->3191K(9728K), [Metaspace: 3328K->3328K(1056768K)], 0.0025372 secs] [Times: user=0.01 sys=0.00, real=0.00 secs] 
10.356: [GC (Allocation Failure) [PSYoungGen: 20K->32K(1536K)] 7436K->7448K(9728K), 0.0008257 secs] [Times: user=0.00 sys=0.00, real=0.00 secs] 
10.357: [GC (Allocation Failure) [PSYoungGen: 32K->32K(1536K)] 7448K->7448K(9728K), 0.0002572 secs] [Times: user=0.00 sys=0.00, real=0.00 secs] 
10.357: [Full GC (Allocation Failure) [PSYoungGen: 32K->0K(1536K)] [ParOldGen: 7416K->3191K(8192K)] 7448K->3191K(9728K), [Metaspace: 3328K->3328K(1056768K)], 0.0024101 secs] [Times: user=0.01 sys=0.00, real=0.00 secs] 
10.360: [GC (Allocation Failure) [PSYoungGen: 20K->32K(1536K)] 7437K->7449K(9728K), 0.0008279 secs] [Times: user=0.00 sys=0.00, real=0.00 secs] 
10.361: [GC (Allocation Failure) [PSYoungGen: 32K->32K(1536K)] 7449K->7449K(9728K), 0.0002772 secs] [Times: user=0.00 sys=0.00, real=0.00 secs] 
10.361: [Full GC (Allocation Failure) [PSYoungGen: 32K->0K(1536K)] [ParOldGen: 7417K->3192K(8192K)] 7449K->3192K(9728K), [Metaspace: 3328K->3328K(1056768K)], 0.0025623 secs] [Times: user=0.01 sys=0.00, real=0.01 secs] 
10.364: [GC (Allocation Failure) [PSYoungGen: 20K->32K(1536K)] 7438K->7450K(9728K), 0.0008348 secs] [Times: user=0.00 sys=0.00, real=0.00 secs] 
10.365: [GC (Allocation Failure) [PSYoungGen: 32K->32K(1536K)] 7450K->7450K(9728K), 0.0002758 secs] [Times: user=0.00 sys=0.00, real=0.00 secs] 
10.365: [Full GC (Allocation Failure) [PSYoungGen: 32K->0K(1536K)] [ParOldGen: 7418K->3192K(8192K)] 7450K->3192K(9728K), [Metaspace: 3328K->3328K(1056768K)], 0.0024777 secs] [Times: user=0.00 sys=0.00, real=0.00 secs] 
10.368: [GC (Allocation Failure) [PSYoungGen: 20K->32K(1536K)] 7439K->7451K(9728K), 0.0004944 secs] [Times: user=0.00 sys=0.00, real=0.00 secs] 
10.369: [GC (Allocation Failure) [PSYoungGen: 32K->32K(1536K)] 7451K->7451K(9728K), 0.0003034 secs] [Times: user=0.01 sys=0.00, real=0.00 secs] 
10.369: [Full GC (Allocation Failure) [PSYoungGen: 32K->0K(1536K)] [ParOldGen: 7419K->3192K(8192K)] 7451K->3192K(9728K), [Metaspace: 3328K->3328K(1056768K)], 0.0021187 secs] [Times: user=0.00 sys=0.00, real=0.00 secs] 
10.372: [GC (Allocation Failure) [PSYoungGen: 20K->32K(1536K)] 7440K->7452K(9728K), 0.0003112 secs] [Times: user=0.00 sys=0.00, real=0.00 secs] 
10.372: [GC (Allocation Failure) [PSYoungGen: 32K->32K(1536K)] 7452K->7452K(9728K), 0.0004239 secs] [Times: user=0.00 sys=0.00, real=0.00 secs] 
10.372: [Full GC (Allocation Failure) [PSYoungGen: 32K->0K(1536K)] [ParOldGen: 7420K->3193K(8192K)] 7452K->3193K(9728K), [Metaspace: 3328K->3328K(1056768K)], 0.0023989 secs] [Times: user=0.01 sys=0.00, real=0.01 secs] 
10.375: [GC (Allocation Failure) [PSYoungGen: 20K->32K(1536K)] 7441K->7453K(9728K), 0.0008193 secs] [Times: user=0.00 sys=0.00, real=0.00 secs] 
10.376: [GC (Allocation Failure) [PSYoungGen: 32K->32K(1536K)] 7453K->7453K(9728K), 0.0002622 secs] [Times: user=0.00 sys=0.00, real=0.00 secs] 
10.376: [Full GC (Allocation Failure) [PSYoungGen: 32K->0K(1536K)] [ParOldGen: 7421K->3193K(8192K)] 7453K->3193K(9728K), [Metaspace: 3328K->3328K(1056768K)], 0.0024383 secs] [Times: user=0.01 sys=0.00, real=0.00 secs] 
10.379: [GC (Allocation Failure) [PSYoungGen: 20K->32K(1536K)] 7442K->7454K(9728K), 0.0008246 secs] [Times: user=0.00 sys=0.00, real=0.00 secs] 
10.380: [GC (Allocation Failure) [PSYoungGen: 32K->32K(1536K)] 7454K->7454K(9728K), 0.0002738 secs] [Times: user=0.00 sys=0.00, real=0.00 secs] 
10.380: [Full GC (Allocation Failure) [PSYoungGen: 32K->0K(1536K)] [ParOldGen: 7422K->3193K(8192K)] 7454K->3193K(9728K), [Metaspace: 3328K->3328K(1056768K)], 0.0021645 secs] [Times: user=0.00 sys=0.00, real=0.00 secs] 
10.383: [GC (Allocation Failure) [PSYoungGen: 20K->32K(1536K)] 7443K->7454K(9728K), 0.0008229 secs] [Times: user=0.01 sys=0.00, real=0.00 secs] 
10.384: [GC (Allocation Failure) [PSYoungGen: 32K->32K(1536K)] 7454K->7454K(9728K), 0.0002669 secs] [Times: user=0.00 sys=0.00, real=0.00 secs] 
10.384: [Full GC (Allocation Failure) [PSYoungGen: 32K->0K(1536K)] [ParOldGen: 7422K->3194K(8192K)] 7454K->3194K(9728K), [Metaspace: 3328K->3328K(1056768K)], 0.0021549 secs] [Times: user=0.00 sys=0.00, real=0.00 secs] 
10.387: [GC (Allocation Failure) [PSYoungGen: 20K->32K(1536K)] 7444K->7455K(9728K), 0.0003579 secs] [Times: user=0.00 sys=0.00, real=0.00 secs] 
10.387: [GC (Allocation Failure) [PSYoungGen: 32K->32K(1536K)] 7455K->7455K(9728K), 0.0002751 secs] [Times: user=0.00 sys=0.00, real=0.00 secs] 
10.388: [Full GC (Allocation Failure) [PSYoungGen: 32K->0K(1536K)] [ParOldGen: 7423K->3194K(8192K)] 7455K->3194K(9728K), [Metaspace: 3328K->3328K(1056768K)], 0.0020534 secs] [Times: user=0.01 sys=0.00, real=0.00 secs] 
10.390: [GC (Allocation Failure) [PSYoungGen: 20K->32K(1536K)] 7445K->7456K(9728K), 0.0003011 secs] [Times: user=0.00 sys=0.00, real=0.00 secs] 
10.390: [GC (Allocation Failure) [PSYoungGen: 32K->32K(1536K)] 7456K->7456K(9728K), 0.0002605 secs] [Times: user=0.00 sys=0.00, real=0.00 secs] 
10.391: [Full GC (Allocation Failure) [PSYoungGen: 32K->0K(1536K)] [ParOldGen: 7424K->3194K(8192K)] 7456K->3194K(9728K), [Metaspace: 3328K->3328K(1056768K)], 0.0025608 secs] [Times: user=0.00 sys=0.00, real=0.01 secs] 
10.394: [GC (Allocation Failure) [PSYoungGen: 20K->32K(1536K)] 7446K->7457K(9728K), 0.0008224 secs] [Times: user=0.01 sys=0.00, real=0.00 secs] 
10.394: [GC (Allocation Failure) [PSYoungGen: 32K->32K(1536K)] 7457K->7457K(9728K), 0.0002542 secs] [Times: user=0.00 sys=0.00, real=0.00 secs] 
10.395: [Full GC (Allocation Failure) [PSYoungGen: 32K->0K(1536K)] [ParOldGen: 7425K->3195K(8192K)] 7457K->3195K(9728K), [Metaspace: 3328K->3328K(1056768K)], 0.0021735 secs] [Times: user=0.00 sys=0.00, real=0.00 secs] 
10.397: [GC (Allocation Failure) [PSYoungGen: 20K->32K(1536K)] 7447K->7458K(9728K), 0.0008251 secs] [Times: user=0.00 sys=0.00, real=0.00 secs] 
10.398: [GC (Allocation Failure) [PSYoungGen: 32K->32K(1536K)] 7458K->7458K(9728K), 0.0002998 secs] [Times: user=0.00 sys=0.00, real=0.00 secs] 
10.399: [Full GC (Allocation Failure) [PSYoungGen: 32K->0K(1536K)] [ParOldGen: 7426K->3195K(8192K)] 7458K->3195K(9728K), [Metaspace: 3328K->3328K(1056768K)], 0.0025135 secs] [Times: user=0.01 sys=0.00, real=0.00 secs] 
10.401: [GC (Allocation Failure) [PSYoungGen: 20K->32K(1536K)] 7448K->7459K(9728K), 0.0008273 secs] [Times: user=0.00 sys=0.00, real=0.00 secs] 
10.402: [GC (Allocation Failure) [PSYoungGen: 32K->32K(1536K)] 7459K->7459K(9728K), 0.0002712 secs] [Times: user=0.00 sys=0.00, real=0.00 secs] 
10.403: [Full GC (Allocation Failure) [PSYoungGen: 32K->0K(1536K)] [ParOldGen: 7427K->3195K(8192K)] 7459K->3195K(9728K), [Metaspace: 3328K->3328K(1056768K)], 0.0020442 secs] [Times: user=0.01 sys=0.00, real=0.01 secs] 
10.405: [GC (Allocation Failure) [PSYoungGen: 20K->32K(1536K)] 7449K->7460K(9728K), 0.0008485 secs] [Times: user=0.00 sys=0.00, real=0.00 secs] 
10.406: [GC (Allocation Failure) [PSYoungGen: 32K->32K(1536K)] 7460K->7460K(9728K), 0.0007938 secs] [Times: user=0.00 sys=0.00, real=0.00 secs] 
10.407: [Full GC (Allocation Failure) [PSYoungGen: 32K->0K(1536K)] [ParOldGen: 7428K->3196K(8192K)] 7460K->3196K(9728K), [Metaspace: 3328K->3328K(1056768K)], 0.0024006 secs] [Times: user=0.01 sys=0.00, real=0.00 secs] 
10.410: [GC (Allocation Failure) [PSYoungGen: 20K->32K(1536K)] 7450K->7461K(9728K), 0.0003063 secs] [Times: user=0.00 sys=0.00, real=0.00 secs] 
10.410: [GC (Allocation Failure) [PSYoungGen: 32K->32K(1536K)] 7461K->7461K(9728K), 0.0007935 secs] [Times: user=0.00 sys=0.00, real=0.00 secs] 
10.411: [Full GC (Allocation Failure) [PSYoungGen: 32K->0K(1536K)] [ParOldGen: 7429K->3196K(8192K)] 7461K->3196K(9728K), [Metaspace: 3328K->3328K(1056768K)], 0.0025243 secs] [Times: user=0.01 sys=0.00, real=0.01 secs] 
10.414: [GC (Allocation Failure) [PSYoungGen: 20K->32K(1536K)] 7451K->7462K(9728K), 0.0008347 secs] [Times: user=0.00 sys=0.00, real=0.00 secs] 
10.415: [GC (Allocation Failure) [PSYoungGen: 32K->32K(1536K)] 7462K->7462K(9728K), 0.0002440 secs] [Times: user=0.00 sys=0.00, real=0.00 secs] 
10.415: [Full GC (Allocation Failure) [PSYoungGen: 32K->0K(1536K)] [ParOldGen: 7430K->3196K(8192K)] 7462K->3196K(9728K), [Metaspace: 3328K->3328K(1056768K)], 0.0024055 secs] [Times: user=0.00 sys=0.00, real=0.00 secs] 
10.418: [GC (Allocation Failure) [PSYoungGen: 20K->32K(1536K)] 7452K->7463K(9728K), 0.0008304 secs] [Times: user=0.01 sys=0.00, real=0.00 secs] 
10.419: [GC (Allocation Failure) [PSYoungGen: 32K->32K(1536K)] 7463K->7463K(9728K), 0.0002601 secs] [Times: user=0.00 sys=0.00, real=0.00 secs] 
10.419: [Full GC (Allocation Failure) [PSYoungGen: 32K->0K(1536K)] [ParOldGen: 7431K->3197K(8192K)] 7463K->3197K(9728K), [Metaspace: 3328K->3328K(1056768K)], 0.0022668 secs] [Times: user=0.00 sys=0.00, real=0.00 secs] 
10.422: [GC (Allocation Failure) [PSYoungGen: 20K->32K(1536K)] 7453K->7464K(9728K), 0.0003078 secs] [Times: user=0.00 sys=0.00, real=0.00 secs] 
10.422: [GC (Allocation Failure) [PSYoungGen: 32K->32K(1536K)] 7464K->7464K(9728K), 0.0002590 secs] [Times: user=0.00 sys=0.00, real=0.00 secs] 
10.422: [Full GC (Allocation Failure) [PSYoungGen: 32K->0K(1536K)] [ParOldGen: 7432K->3197K(8192K)] 7464K->3197K(9728K), [Metaspace: 3328K->3328K(1056768K)], 0.0025084 secs] [Times: user=0.01 sys=0.00, real=0.01 secs] 
10.425: [GC (Allocation Failure) [PSYoungGen: 20K->32K(1536K)] 7454K->7465K(9728K), 0.0008299 secs] [Times: user=0.00 sys=0.01, real=0.00 secs] 
10.426: [GC (Allocation Failure) [PSYoungGen: 32K->32K(1536K)] 7465K->7465K(9728K), 0.0002794 secs] [Times: user=0.00 sys=0.00, real=0.00 secs] 
10.426: [Full GC (Allocation Failure) [PSYoungGen: 32K->0K(1536K)] [ParOldGen: 7433K->3197K(8192K)] 7465K->3197K(9728K), [Metaspace: 3328K->3328K(1056768K)], 0.0021539 secs] [Times: user=0.01 sys=0.00, real=0.00 secs] 
10.429: [GC (Allocation Failure) [PSYoungGen: 20K->32K(1536K)] 7455K->7466K(9728K), 0.0008344 secs] [Times: user=0.00 sys=0.00, real=0.00 secs] 
10.430: [GC (Allocation Failure) [PSYoungGen: 32K->32K(1536K)] 7466K->7466K(9728K), 0.0002908 secs] [Times: user=0.00 sys=0.00, real=0.00 secs] 
10.430: [Full GC (Allocation Failure) [PSYoungGen: 32K->0K(1536K)] [ParOldGen: 7434K->3197K(8192K)] 7466K->3197K(9728K), [Metaspace: 3328K->3328K(1056768K)], 0.0024260 secs] [Times: user=0.00 sys=0.00, real=0.00 secs] 
10.433: [GC (Allocation Failure) [PSYoungGen: 20K->32K(1536K)] 7455K->7467K(9728K), 0.0008267 secs] [Times: user=0.01 sys=0.00, real=0.00 secs] 
10.434: [GC (Allocation Failure) [PSYoungGen: 32K->32K(1536K)] 7467K->7467K(9728K), 0.0008029 secs] [Times: user=0.00 sys=0.00, real=0.00 secs] 
10.435: [Full GC (Allocation Failure) [PSYoungGen: 32K->0K(1536K)] [ParOldGen: 7435K->3198K(8192K)] 7467K->3198K(9728K), [Metaspace: 3328K->3328K(1056768K)], 0.0020579 secs] [Times: user=0.00 sys=0.00, real=0.00 secs] 
10.437: [GC (Allocation Failure) [PSYoungGen: 20K->32K(1536K)] 7456K->7468K(9728K), 0.0008376 secs] [Times: user=0.01 sys=0.00, real=0.00 secs] 
10.438: [GC (Allocation Failure) [PSYoungGen: 32K->32K(1536K)] 7468K->7468K(9728K), 0.0002441 secs] [Times: user=0.00 sys=0.00, real=0.00 secs] 
10.438: [Full GC (Allocation Failure) [PSYoungGen: 32K->0K(1536K)] [ParOldGen: 7436K->3198K(8192K)] 7468K->3198K(9728K), [Metaspace: 3328K->3328K(1056768K)], 0.0025247 secs] [Times: user=0.00 sys=0.00, real=0.00 secs] 
10.441: [GC (Allocation Failure) [PSYoungGen: 20K->32K(1536K)] 7457K->7469K(9728K), 0.0008302 secs] [Times: user=0.00 sys=0.00, real=0.00 secs] 
10.442: [GC (Allocation Failure) [PSYoungGen: 32K->32K(1536K)] 7469K->7469K(9728K), 0.0002672 secs] [Times: user=0.00 sys=0.00, real=0.00 secs] 
10.442: [Full GC (Allocation Failure) [PSYoungGen: 32K->0K(1536K)] [ParOldGen: 7437K->3198K(8192K)] 7469K->3198K(9728K), [Metaspace: 3328K->3328K(1056768K)], 0.0025419 secs] [Times: user=0.01 sys=0.00, real=0.01 secs] 
10.445: [GC (Allocation Failure) [PSYoungGen: 20K->32K(1536K)] 7458K->7470K(9728K), 0.0008205 secs] [Times: user=0.00 sys=0.00, real=0.00 secs] 
10.446: [GC (Allocation Failure) [PSYoungGen: 32K->32K(1536K)] 7470K->7470K(9728K), 0.0002498 secs] [Times: user=0.00 sys=0.00, real=0.00 secs] 
10.447: [Full GC (Allocation Failure) [PSYoungGen: 32K->0K(1536K)] [ParOldGen: 7438K->3199K(8192K)] 7470K->3199K(9728K), [Metaspace: 3328K->3328K(1056768K)], 0.0021568 secs] [Times: user=0.01 sys=0.00, real=0.00 secs] 
10.449: [GC (Allocation Failure) [PSYoungGen: 20K->32K(1536K)] 7459K->7471K(9728K), 0.0008407 secs] [Times: user=0.00 sys=0.00, real=0.00 secs] 
10.450: [GC (Allocation Failure) [PSYoungGen: 32K->32K(1536K)] 7471K->7471K(9728K), 0.0003377 secs] [Times: user=0.00 sys=0.00, real=0.00 secs] 
10.450: [Full GC (Allocation Failure) [PSYoungGen: 32K->0K(1536K)] [ParOldGen: 7439K->3199K(8192K)] 7471K->3199K(9728K), [Metaspace: 3328K->3328K(1056768K)], 0.0021383 secs] [Times: user=0.01 sys=0.00, real=0.00 secs] 
10.453: [GC (Allocation Failure) [PSYoungGen: 20K->32K(1536K)] 7460K->7472K(9728K), 0.0008234 secs] [Times: user=0.00 sys=0.00, real=0.00 secs] 
10.454: [GC (Allocation Failure) [PSYoungGen: 32K->32K(1536K)] 7472K->7472K(9728K), 0.0002691 secs] [Times: user=0.00 sys=0.00, real=0.00 secs] 
10.454: [Full GC (Allocation Failure) [PSYoungGen: 32K->0K(1536K)] [ParOldGen: 7440K->3199K(8192K)] 7472K->3199K(9728K), [Metaspace: 3328K->3328K(1056768K)], 0.0023770 secs] [Times: user=0.00 sys=0.00, real=0.00 secs] 
10.457: [GC (Allocation Failure) [PSYoungGen: 20K->32K(1536K)] 7461K->7473K(9728K), 0.0008274 secs] [Times: user=0.01 sys=0.00, real=0.00 secs] 
10.458: [GC (Allocation Failure) [PSYoungGen: 32K->32K(1536K)] 7473K->7473K(9728K), 0.0003066 secs] [Times: user=0.00 sys=0.00, real=0.00 secs] 
10.458: [Full GC (Allocation Failure) [PSYoungGen: 32K->0K(1536K)] [ParOldGen: 7441K->3200K(8192K)] 7473K->3200K(9728K), [Metaspace: 3328K->3328K(1056768K)], 0.0021006 secs] [Times: user=0.00 sys=0.00, real=0.00 secs] 
10.461: [GC (Allocation Failure) [PSYoungGen: 20K->32K(1536K)] 7462K->7474K(9728K), 0.0008352 secs] [Times: user=0.00 sys=0.00, real=0.00 secs] 
10.461: [GC (Allocation Failure) [PSYoungGen: 32K->32K(1536K)] 7474K->7474K(9728K), 0.0002760 secs] [Times: user=0.00 sys=0.00, real=0.00 secs] 
10.462: [Full GC (Allocation Failure) [PSYoungGen: 32K->0K(1536K)] [ParOldGen: 7442K->3200K(8192K)] 7474K->3200K(9728K), [Metaspace: 3328K->3328K(1056768K)], 0.0022390 secs] [Times: user=0.01 sys=0.00, real=0.01 secs] 
10.464: [GC (Allocation Failure) [PSYoungGen: 20K->32K(1536K)] 7463K->7475K(9728K), 0.0008401 secs] [Times: user=0.00 sys=0.00, real=0.00 secs] 
10.465: [GC (Allocation Failure) [PSYoungGen: 32K->32K(1536K)] 7475K->7475K(9728K), 0.0002871 secs] [Times: user=0.00 sys=0.00, real=0.00 secs] 
10.466: [Full GC (Allocation Failure) [PSYoungGen: 32K->0K(1536K)] [ParOldGen: 7443K->3200K(8192K)] 7475K->3200K(9728K), [Metaspace: 3328K->3328K(1056768K)], 0.0022718 secs] [Times: user=0.01 sys=0.00, real=0.00 secs] 
10.468: [GC (Allocation Failure) [PSYoungGen: 20K->32K(1536K)] 7464K->7476K(9728K), 0.0008222 secs] [Times: user=0.00 sys=0.00, real=0.00 secs] 
10.469: [GC (Allocation Failure) [PSYoungGen: 32K->32K(1536K)] 7476K->7476K(9728K), 0.0007871 secs] [Times: user=0.00 sys=0.00, real=0.00 secs] 
10.470: [Full GC (Allocation Failure) [PSYoungGen: 32K->0K(1536K)] [ParOldGen: 7444K->3201K(8192K)] 7476K->3201K(9728K), [Metaspace: 3328K->3328K(1056768K)], 0.0025277 secs] [Times: user=0.01 sys=0.00, real=0.00 secs] 
10.473: [GC (Allocation Failure) [PSYoungGen: 20K->32K(1536K)] 7465K->7477K(9728K), 0.0008190 secs] [Times: user=0.00 sys=0.00, real=0.00 secs] 
10.474: [GC (Allocation Failure) [PSYoungGen: 32K->32K(1536K)] 7477K->7477K(9728K), 0.0002837 secs] [Times: user=0.00 sys=0.00, real=0.00 secs] 
10.474: [Full GC (Allocation Failure) [PSYoungGen: 32K->0K(1536K)] [ParOldGen: 7445K->3201K(8192K)] 7477K->3201K(9728K), [Metaspace: 3328K->3328K(1056768K)], 0.0022006 secs] [Times: user=0.00 sys=0.00, real=0.00 secs] 
10.477: [GC (Allocation Failure) [PSYoungGen: 20K->32K(1536K)] 7466K->7478K(9728K), 0.0008170 secs] [Times: user=0.01 sys=0.00, real=0.00 secs] 
10.478: [GC (Allocation Failure) [PSYoungGen: 32K->32K(1536K)] 7478K->7478K(9728K), 0.0002455 secs] [Times: user=0.00 sys=0.00, real=0.00 secs] 
10.478: [Full GC (Allocation Failure) [PSYoungGen: 32K->0K(1536K)] [ParOldGen: 7446K->3201K(8192K)] 7478K->3201K(9728K), [Metaspace: 3328K->3328K(1056768K)], 0.0024066 secs] [Times: user=0.00 sys=0.00, real=0.00 secs] 
10.481: [GC (Allocation Failure) [PSYoungGen: 20K->32K(1536K)] 7467K->7479K(9728K), 0.0008206 secs] [Times: user=0.00 sys=0.00, real=0.00 secs] 
10.481: [GC (Allocation Failure) [PSYoungGen: 32K->32K(1536K)] 7479K->7479K(9728K), 0.0002580 secs] [Times: user=0.00 sys=0.00, real=0.00 secs] 
10.482: [Full GC (Allocation Failure) [PSYoungGen: 32K->0K(1536K)] [ParOldGen: 7447K->3202K(8192K)] 7479K->3202K(9728K), [Metaspace: 3328K->3328K(1056768K)], 0.0025569 secs] [Times: user=0.00 sys=0.00, real=0.01 secs] 
10.485: [GC (Allocation Failure) [PSYoungGen: 20K->32K(1536K)] 7468K->7479K(9728K), 0.0003638 secs] [Times: user=0.00 sys=0.00, real=0.00 secs] 
10.485: [GC (Allocation Failure) [PSYoungGen: 32K->32K(1536K)] 7479K->7479K(9728K), 0.0003319 secs] [Times: user=0.00 sys=0.00, real=0.00 secs] 
10.486: [Full GC (Allocation Failure) [PSYoungGen: 32K->0K(1536K)] [ParOldGen: 7447K->3202K(8192K)] 7479K->3202K(9728K), [Metaspace: 3328K->3328K(1056768K)], 0.0027130 secs] [Times: user=0.01 sys=0.00, real=0.00 secs] 
10.489: [GC (Allocation Failure) [PSYoungGen: 20K->32K(1536K)] 7469K->7480K(9728K), 0.0008122 secs] [Times: user=0.00 sys=0.00, real=0.00 secs] 
10.490: [GC (Allocation Failure) [PSYoungGen: 32K->32K(1536K)] 7480K->7480K(9728K), 0.0002375 secs] [Times: user=0.00 sys=0.00, real=0.00 secs] 
10.490: [Full GC (Allocation Failure) [PSYoungGen: 32K->0K(1536K)] [ParOldGen: 7448K->3202K(8192K)] 7480K->3202K(9728K), [Metaspace: 3328K->3328K(1056768K)], 0.0024078 secs] [Times: user=0.01 sys=0.00, real=0.00 secs] 
10.493: [GC (Allocation Failure) [PSYoungGen: 20K->32K(1536K)] 7470K->7481K(9728K), 0.0008309 secs] [Times: user=0.00 sys=0.00, real=0.01 secs] 
10.493: [GC (Allocation Failure) [PSYoungGen: 32K->32K(1536K)] 7481K->7481K(9728K), 0.0002731 secs] [Times: user=0.00 sys=0.00, real=0.00 secs] 
10.494: [Full GC (Allocation Failure) [PSYoungGen: 32K->0K(1536K)] [ParOldGen: 7449K->3203K(8192K)] 7481K->3203K(9728K), [Metaspace: 3328K->3328K(1056768K)], 0.0020356 secs] [Times: user=0.00 sys=0.00, real=0.00 secs] 
10.496: [GC (Allocation Failure) [PSYoungGen: 20K->32K(1536K)] 7471K->7482K(9728K), 0.0008104 secs] [Times: user=0.01 sys=0.00, real=0.00 secs] 
10.497: [GC (Allocation Failure) [PSYoungGen: 32K->32K(1536K)] 7482K->7482K(9728K), 0.0002778 secs] [Times: user=0.00 sys=0.00, real=0.00 secs] 
10.497: [Full GC (Allocation Failure) [PSYoungGen: 32K->0K(1536K)] [ParOldGen: 7450K->3203K(8192K)] 7482K->3203K(9728K), [Metaspace: 3328K->3328K(1056768K)], 0.0023286 secs] [Times: user=0.00 sys=0.00, real=0.00 secs] 
10.500: [GC (Allocation Failure) [PSYoungGen: 20K->32K(1536K)] 7472K->7483K(9728K), 0.0003388 secs] [Times: user=0.00 sys=0.00, real=0.00 secs] 
10.500: [GC (Allocation Failure) [PSYoungGen: 32K->32K(1536K)] 7483K->7483K(9728K), 0.0005400 secs] [Times: user=0.00 sys=0.00, real=0.00 secs] 
10.501: [Full GC (Allocation Failure) [PSYoungGen: 32K->0K(1536K)] [ParOldGen: 7451K->3203K(8192K)] 7483K->3203K(9728K), [Metaspace: 3328K->3328K(1056768K)], 0.0031331 secs] [Times: user=0.01 sys=0.00, real=0.01 secs] 
10.505: [GC (Allocation Failure) [PSYoungGen: 20K->32K(1536K)] 7473K->7484K(9728K), 0.0008356 secs] [Times: user=0.00 sys=0.00, real=0.00 secs] 
10.506: [GC (Allocation Failure) [PSYoungGen: 32K->32K(1536K)] 7484K->7484K(9728K), 0.0004481 secs] [Times: user=0.00 sys=0.00, real=0.00 secs] 
10.506: [Full GC (Allocation Failure) [PSYoungGen: 32K->0K(1536K)] [ParOldGen: 7452K->3204K(8192K)] 7484K->3204K(9728K), [Metaspace: 3328K->3328K(1056768K)], 0.0027680 secs] [Times: user=0.01 sys=0.00, real=0.00 secs] 
10.509: [GC (Allocation Failure) [PSYoungGen: 20K->32K(1536K)] 7474K->7485K(9728K), 0.0008309 secs] [Times: user=0.00 sys=0.00, real=0.00 secs] 
10.510: [GC (Allocation Failure) [PSYoungGen: 32K->32K(1536K)] 7485K->7485K(9728K), 0.0002527 secs] [Times: user=0.00 sys=0.00, real=0.00 secs] 
10.511: [Full GC (Allocation Failure) [PSYoungGen: 32K->0K(1536K)] [ParOldGen: 7453K->3204K(8192K)] 7485K->3204K(9728K), [Metaspace: 3328K->3328K(1056768K)], 0.0025499 secs] [Times: user=0.01 sys=0.01, real=0.01 secs] 
10.514: [GC (Allocation Failure) [PSYoungGen: 20K->32K(1536K)] 7475K->7486K(9728K), 0.0008277 secs] [Times: user=0.00 sys=0.00, real=0.00 secs] 
10.514: [GC (Allocation Failure) [PSYoungGen: 32K->32K(1536K)] 7486K->7486K(9728K), 0.0002816 secs] [Times: user=0.00 sys=0.00, real=0.00 secs] 
10.515: [Full GC (Allocation Failure) [PSYoungGen: 32K->0K(1536K)] [ParOldGen: 7454K->3204K(8192K)] 7486K->3204K(9728K), [Metaspace: 3328K->3328K(1056768K)], 0.0022405 secs] [Times: user=0.01 sys=0.00, real=0.00 secs] 
10.517: [GC (Allocation Failure) [PSYoungGen: 20K->32K(1536K)] 7476K->7487K(9728K), 0.0008551 secs] [Times: user=0.00 sys=0.00, real=0.00 secs] 
10.518: [GC (Allocation Failure) [PSYoungGen: 32K->32K(1536K)] 7487K->7487K(9728K), 0.0002514 secs] [Times: user=0.00 sys=0.00, real=0.00 secs] 
10.519: [Full GC (Allocation Failure) [PSYoungGen: 32K->0K(1536K)] [ParOldGen: 7455K->3205K(8192K)] 7487K->3205K(9728K), [Metaspace: 3328K->3328K(1056768K)], 0.0023776 secs] [Times: user=0.00 sys=0.00, real=0.00 secs] 
10.521: [GC (Allocation Failure) [PSYoungGen: 20K->32K(1536K)] 7477K->7488K(9728K), 0.0008268 secs] [Times: user=0.00 sys=0.00, real=0.00 secs] 
10.522: [GC (Allocation Failure) [PSYoungGen: 32K->32K(1536K)] 7488K->7488K(9728K), 0.0002502 secs] [Times: user=0.00 sys=0.00, real=0.00 secs] 
10.523: [Full GC (Allocation Failure) [PSYoungGen: 32K->0K(1536K)] [ParOldGen: 7456K->3205K(8192K)] 7488K->3205K(9728K), [Metaspace: 3328K->3328K(1056768K)], 0.0023452 secs] [Times: user=0.00 sys=0.00, real=0.01 secs] 
10.525: [GC (Allocation Failure) [PSYoungGen: 20K->32K(1536K)] 7478K->7489K(9728K), 0.0008169 secs] [Times: user=0.00 sys=0.00, real=0.00 secs] 
10.526: [GC (Allocation Failure) [PSYoungGen: 32K->32K(1536K)] 7489K->7489K(9728K), 0.0002776 secs] [Times: user=0.01 sys=0.00, real=0.00 secs] 
10.526: [Full GC (Allocation Failure) [PSYoungGen: 32K->0K(1536K)] [ParOldGen: 7457K->3205K(8192K)] 7489K->3205K(9728K), [Metaspace: 3328K->3328K(1056768K)], 0.0025423 secs] [Times: user=0.00 sys=0.00, real=0.00 secs] 
10.529: [GC (Allocation Failure) [PSYoungGen: 20K->32K(1536K)] 7479K->7490K(9728K), 0.0008297 secs] [Times: user=0.00 sys=0.00, real=0.00 secs] 
10.530: [GC (Allocation Failure) [PSYoungGen: 32K->32K(1536K)] 7490K->7490K(9728K), 0.0002421 secs] [Times: user=0.00 sys=0.00, real=0.00 secs] 
10.531: [Full GC (Allocation Failure) [PSYoungGen: 32K->0K(1536K)] [ParOldGen: 7458K->3205K(8192K)] 7490K->3205K(9728K), [Metaspace: 3328K->3328K(1056768K)], 0.0025640 secs] [Times: user=0.01 sys=0.00, real=0.01 secs] 
10.534: [GC (Allocation Failure) [PSYoungGen: 20K->32K(1536K)] 7480K->7491K(9728K), 0.0008371 secs] [Times: user=0.00 sys=0.00, real=0.00 secs] 
10.534: [GC (Allocation Failure) [PSYoungGen: 32K->32K(1536K)] 7491K->7491K(9728K), 0.0002493 secs] [Times: user=0.00 sys=0.00, real=0.00 secs] 
10.535: [Full GC (Allocation Failure) [PSYoungGen: 32K->0K(1536K)] [ParOldGen: 7459K->3206K(8192K)] 7491K->3206K(9728K), [Metaspace: 3328K->3328K(1056768K)], 0.0025481 secs] [Times: user=0.01 sys=0.00, real=0.00 secs] 
10.538: [GC (Allocation Failure) [PSYoungGen: 20K->32K(1536K)] 7480K->7492K(9728K), 0.0008358 secs] [Times: user=0.00 sys=0.00, real=0.00 secs] 
10.539: [GC (Allocation Failure) [PSYoungGen: 32K->32K(1536K)] 7492K->7492K(9728K), 0.0003047 secs] [Times: user=0.00 sys=0.00, real=0.00 secs] 
10.539: [Full GC (Allocation Failure) [PSYoungGen: 32K->0K(1536K)] [ParOldGen: 7460K->3206K(8192K)] 7492K->3206K(9728K), [Metaspace: 3328K->3328K(1056768K)], 0.0020316 secs] [Times: user=0.01 sys=0.00, real=0.00 secs] 
10.541: [GC (Allocation Failure) [PSYoungGen: 20K->32K(1536K)] 7481K->7493K(9728K), 0.0008105 secs] [Times: user=0.00 sys=0.00, real=0.00 secs] 
10.542: [GC (Allocation Failure) [PSYoungGen: 32K->32K(1536K)] 7493K->7493K(9728K), 0.0002588 secs] [Times: user=0.00 sys=0.00, real=0.00 secs] 
10.543: [Full GC (Allocation Failure) [PSYoungGen: 32K->0K(1536K)] [ParOldGen: 7461K->3206K(8192K)] 7493K->3206K(9728K), [Metaspace: 3328K->3328K(1056768K)], 0.0021166 secs] [Times: user=0.00 sys=0.00, real=0.01 secs] 
10.545: [GC (Allocation Failure) [PSYoungGen: 20K->32K(1536K)] 7482K->7494K(9728K), 0.0003065 secs] [Times: user=0.00 sys=0.00, real=0.00 secs] 
10.545: [GC (Allocation Failure) [PSYoungGen: 32K->32K(1536K)] 7494K->7494K(9728K), 0.0002606 secs] [Times: user=0.00 sys=0.00, real=0.00 secs] 
10.546: [Full GC (Allocation Failure) [PSYoungGen: 32K->0K(1536K)] [ParOldGen: 7462K->3207K(8192K)] 7494K->3207K(9728K), [Metaspace: 3328K->3328K(1056768K)], 0.0023796 secs] [Times: user=0.01 sys=0.00, real=0.00 secs] 
10.548: [GC (Allocation Failure) [PSYoungGen: 20K->32K(1536K)] 7483K->7495K(9728K), 0.0008347 secs] [Times: user=0.00 sys=0.00, real=0.00 secs] 
10.549: [GC (Allocation Failure) [PSYoungGen: 32K->32K(1536K)] 7495K->7495K(9728K), 0.0002785 secs] [Times: user=0.00 sys=0.00, real=0.00 secs] 
10.550: [Full GC (Allocation Failure) [PSYoungGen: 32K->0K(1536K)] [ParOldGen: 7463K->3207K(8192K)] 7495K->3207K(9728K), [Metaspace: 3328K->3328K(1056768K)], 0.0021594 secs] [Times: user=0.01 sys=0.00, real=0.00 secs] 
10.552: [GC (Allocation Failure) [PSYoungGen: 20K->32K(1536K)] 7484K->7496K(9728K), 0.0008225 secs] [Times: user=0.00 sys=0.00, real=0.01 secs] 
10.553: [GC (Allocation Failure) [PSYoungGen: 32K->32K(1536K)] 7496K->7496K(9728K), 0.0002735 secs] [Times: user=0.00 sys=0.00, real=0.00 secs] 
10.553: [Full GC (Allocation Failure) [PSYoungGen: 32K->0K(1536K)] [ParOldGen: 7464K->3207K(8192K)] 7496K->3207K(9728K), [Metaspace: 3328K->3328K(1056768K)], 0.0024097 secs] [Times: user=0.01 sys=0.00, real=0.00 secs] 
10.556: [GC (Allocation Failure) [PSYoungGen: 20K->32K(1536K)] 7485K->7497K(9728K), 0.0008730 secs] [Times: user=0.00 sys=0.00, real=0.00 secs] 
10.557: [GC (Allocation Failure) [PSYoungGen: 32K->32K(1536K)] 7497K->7497K(9728K), 0.0002729 secs] [Times: user=0.00 sys=0.00, real=0.00 secs] 
10.557: [Full GC (Allocation Failure) [PSYoungGen: 32K->0K(1536K)] [ParOldGen: 7465K->3208K(8192K)] 7497K->3208K(9728K), [Metaspace: 3328K->3328K(1056768K)], 0.0025598 secs] [Times: user=0.00 sys=0.00, real=0.00 secs] 
10.560: [GC (Allocation Failure) [PSYoungGen: 20K->32K(1536K)] 7486K->7498K(9728K), 0.0008415 secs] [Times: user=0.01 sys=0.00, real=0.00 secs] 
10.561: [GC (Allocation Failure) [PSYoungGen: 32K->32K(1536K)] 7498K->7498K(9728K), 0.0002582 secs] [Times: user=0.00 sys=0.00, real=0.00 secs] 
10.562: [Full GC (Allocation Failure) [PSYoungGen: 32K->0K(1536K)] [ParOldGen: 7466K->3208K(8192K)] 7498K->3208K(9728K), [Metaspace: 3328K->3328K(1056768K)], 0.0020118 secs] [Times: user=0.00 sys=0.00, real=0.01 secs] 
10.564: [GC (Allocation Failure) [PSYoungGen: 20K->32K(1536K)] 7487K->7499K(9728K), 0.0003683 secs] [Times: user=0.00 sys=0.00, real=0.00 secs] 
10.564: [GC (Allocation Failure) [PSYoungGen: 32K->32K(1536K)] 7499K->7499K(9728K), 0.0003031 secs] [Times: user=0.00 sys=0.00, real=0.00 secs] 
10.565: [Full GC (Allocation Failure) [PSYoungGen: 32K->0K(1536K)] [ParOldGen: 7467K->3208K(8192K)] 7499K->3208K(9728K), [Metaspace: 3328K->3328K(1056768K)], 0.0021751 secs] [Times: user=0.01 sys=0.00, real=0.00 secs] 
10.567: [GC (Allocation Failure) [PSYoungGen: 20K->32K(1536K)] 7488K->7500K(9728K), 0.0008301 secs] [Times: user=0.00 sys=0.00, real=0.00 secs] 
10.568: [GC (Allocation Failure) [PSYoungGen: 32K->32K(1536K)] 7500K->7500K(9728K), 0.0002730 secs] [Times: user=0.00 sys=0.00, real=0.00 secs] 
10.569: [Full GC (Allocation Failure) [PSYoungGen: 32K->0K(1536K)] [ParOldGen: 7468K->3209K(8192K)] 7500K->3209K(9728K), [Metaspace: 3328K->3328K(1056768K)], 0.0020421 secs] [Times: user=0.01 sys=0.00, real=0.00 secs] 
10.571: [GC (Allocation Failure) [PSYoungGen: 20K->32K(1536K)] 7489K->7501K(9728K), 0.0008202 secs] [Times: user=0.00 sys=0.00, real=0.00 secs] 
10.572: [GC (Allocation Failure) [PSYoungGen: 32K->32K(1536K)] 7501K->7501K(9728K), 0.0002378 secs] [Times: user=0.00 sys=0.00, real=0.00 secs] 
10.572: [Full GC (Allocation Failure) [PSYoungGen: 32K->0K(1536K)] [ParOldGen: 7469K->3209K(8192K)] 7501K->3209K(9728K), [Metaspace: 3328K->3328K(1056768K)], 0.0023782 secs] [Times: user=0.00 sys=0.00, real=0.01 secs] 
10.575: [GC (Allocation Failure) [PSYoungGen: 20K->32K(1536K)] 7490K->7502K(9728K), 0.0008250 secs] [Times: user=0.01 sys=0.00, real=0.00 secs] 
10.576: [GC (Allocation Failure) [PSYoungGen: 32K->32K(1536K)] 7502K->7502K(9728K), 0.0007829 secs] [Times: user=0.00 sys=0.00, real=0.00 secs] 
10.577: [Full GC (Allocation Failure) [PSYoungGen: 32K->0K(1536K)] [ParOldGen: 7470K->3209K(8192K)] 7502K->3209K(9728K), [Metaspace: 3328K->3328K(1056768K)], 0.0021696 secs] [Times: user=0.00 sys=0.00, real=0.00 secs] 
10.579: [GC (Allocation Failure) [PSYoungGen: 20K->32K(1536K)] 7491K->7503K(9728K), 0.0008240 secs] [Times: user=0.00 sys=0.00, real=0.00 secs] 
10.580: [GC (Allocation Failure) [PSYoungGen: 32K->32K(1536K)] 7503K->7503K(9728K), 0.0002636 secs] [Times: user=0.00 sys=0.00, real=0.00 secs] 
10.580: [Full GC (Allocation Failure) [PSYoungGen: 32K->0K(1536K)] [ParOldGen: 7471K->3210K(8192K)] 7503K->3210K(9728K), [Metaspace: 3328K->3328K(1056768K)], 0.0029625 secs] [Times: user=0.01 sys=0.00, real=0.01 secs] 
10.584: [GC (Allocation Failure) [PSYoungGen: 20K->32K(1536K)] 7492K->7504K(9728K), 0.0003031 secs] [Times: user=0.00 sys=0.00, real=0.00 secs] 
10.584: [GC (Allocation Failure) [PSYoungGen: 32K->32K(1536K)] 7504K->7504K(9728K), 0.0002680 secs] [Times: user=0.00 sys=0.00, real=0.00 secs] 
10.584: [Full GC (Allocation Failure) [PSYoungGen: 32K->0K(1536K)] [ParOldGen: 7472K->3210K(8192K)] 7504K->3210K(9728K), [Metaspace: 3328K->3328K(1056768K)], 0.0021686 secs] [Times: user=0.01 sys=0.00, real=0.00 secs] 
10.587: [GC (Allocation Failure) [PSYoungGen: 20K->32K(1536K)] 7493K->7504K(9728K), 0.0004253 secs] [Times: user=0.00 sys=0.00, real=0.00 secs] 
10.588: [GC (Allocation Failure) [PSYoungGen: 32K->32K(1536K)] 7504K->7504K(9728K), 0.0003705 secs] [Times: user=0.00 sys=0.00, real=0.00 secs] 
10.588: [Full GC (Allocation Failure) [PSYoungGen: 32K->0K(1536K)] [ParOldGen: 7472K->3210K(8192K)] 7504K->3210K(9728K), [Metaspace: 3328K->3328K(1056768K)], 0.0028992 secs] [Times: user=0.01 sys=0.00, real=0.00 secs] 
10.591: [GC (Allocation Failure) [PSYoungGen: 20K->32K(1536K)] 7494K->7505K(9728K), 0.0008326 secs] [Times: user=0.00 sys=0.00, real=0.00 secs] 
10.592: [GC (Allocation Failure) [PSYoungGen: 32K->32K(1536K)] 7505K->7505K(9728K), 0.0002715 secs] [Times: user=0.00 sys=0.00, real=0.00 secs] 
10.592: [Full GC (Allocation Failure) [PSYoungGen: 32K->0K(1536K)] [ParOldGen: 7473K->3211K(8192K)] 7505K->3211K(9728K), [Metaspace: 3328K->3328K(1056768K)], 0.0025386 secs] [Times: user=0.00 sys=0.00, real=0.01 secs] 
10.595: [GC (Allocation Failure) [PSYoungGen: 20K->32K(1536K)] 7495K->7506K(9728K), 0.0008404 secs] [Times: user=0.01 sys=0.00, real=0.00 secs] 
10.596: [GC (Allocation Failure) [PSYoungGen: 32K->32K(1536K)] 7506K->7506K(9728K), 0.0004846 secs] [Times: user=0.00 sys=0.01, real=0.00 secs] 
10.597: [Full GC (Allocation Failure) [PSYoungGen: 32K->0K(1536K)] [ParOldGen: 7474K->3211K(8192K)] 7506K->3211K(9728K), [Metaspace: 3328K->3328K(1056768K)], 0.0020845 secs] [Times: user=0.00 sys=0.00, real=0.00 secs] 
10.599: [GC (Allocation Failure) [PSYoungGen: 20K->32K(1536K)] 7496K->7507K(9728K), 0.0003167 secs] [Times: user=0.00 sys=0.00, real=0.00 secs] 
10.600: [GC (Allocation Failure) [PSYoungGen: 32K->32K(1536K)] 7507K->7507K(9728K), 0.0002556 secs] [Times: user=0.00 sys=0.00, real=0.00 secs] 
10.600: [Full GC (Allocation Failure) [PSYoungGen: 32K->0K(1536K)] [ParOldGen: 7475K->3211K(8192K)] 7507K->3211K(9728K), [Metaspace: 3328K->3328K(1056768K)], 0.0021846 secs] [Times: user=0.01 sys=0.00, real=0.00 secs] 
10.603: [GC (Allocation Failure) [PSYoungGen: 20K->32K(1536K)] 7497K->7508K(9728K), 0.0008193 secs] [Times: user=0.00 sys=0.00, real=0.01 secs] 
10.603: [GC (Allocation Failure) [PSYoungGen: 32K->32K(1536K)] 7508K->7508K(9728K), 0.0002521 secs] [Times: user=0.00 sys=0.00, real=0.00 secs] 
10.604: [Full GC (Allocation Failure) [PSYoungGen: 32K->0K(1536K)] [ParOldGen: 7476K->3212K(8192K)] 7508K->3212K(9728K), [Metaspace: 3328K->3328K(1056768K)], 0.0025287 secs] [Times: user=0.01 sys=0.00, real=0.00 secs] 
10.607: [GC (Allocation Failure) [PSYoungGen: 20K->32K(1536K)] 7498K->7509K(9728K), 0.0008248 secs] [Times: user=0.00 sys=0.00, real=0.00 secs] 
10.607: [GC (Allocation Failure) [PSYoungGen: 32K->32K(1536K)] 7509K->7509K(9728K), 0.0002551 secs] [Times: user=0.00 sys=0.00, real=0.00 secs] 
10.608: [Full GC (Allocation Failure) [PSYoungGen: 32K->0K(1536K)] [ParOldGen: 7477K->3212K(8192K)] 7509K->3212K(9728K), [Metaspace: 3328K->3328K(1056768K)], 0.0025607 secs] [Times: user=0.01 sys=0.00, real=0.00 secs] 
10.611: [GC (Allocation Failure) [PSYoungGen: 20K->32K(1536K)] 7499K->7510K(9728K), 0.0008421 secs] [Times: user=0.00 sys=0.00, real=0.00 secs] 
10.612: [GC (Allocation Failure) [PSYoungGen: 32K->32K(1536K)] 7510K->7510K(9728K), 0.0007809 secs] [Times: user=0.00 sys=0.00, real=0.00 secs] 
10.612: [Full GC (Allocation Failure) [PSYoungGen: 32K->0K(1536K)] [ParOldGen: 7478K->3212K(8192K)] 7510K->3212K(9728K), [Metaspace: 3328K->3328K(1056768K)], 0.0021217 secs] [Times: user=0.00 sys=0.00, real=0.01 secs] 
10.615: [GC (Allocation Failure) [PSYoungGen: 20K->32K(1536K)] 7500K->7511K(9728K), 0.0003090 secs] [Times: user=0.01 sys=0.00, real=0.00 secs] 
10.615: [GC (Allocation Failure) [PSYoungGen: 32K->32K(1536K)] 7511K->7511K(9728K), 0.0007884 secs] [Times: user=0.00 sys=0.00, real=0.00 secs] 
10.616: [Full GC (Allocation Failure) [PSYoungGen: 32K->0K(1536K)] [ParOldGen: 7479K->3213K(8192K)] 7511K->3213K(9728K), [Metaspace: 3328K->3328K(1056768K)], 0.0020413 secs] [Times: user=0.00 sys=0.00, real=0.00 secs] 
10.619: [GC (Allocation Failure) [PSYoungGen: 20K->32K(1536K)] 7501K->7512K(9728K), 0.0008311 secs] [Times: user=0.00 sys=0.00, real=0.00 secs] 
10.619: [GC (Allocation Failure) [PSYoungGen: 32K->32K(1536K)] 7512K->7512K(9728K), 0.0002889 secs] [Times: user=0.00 sys=0.00, real=0.00 secs] 
10.620: [Full GC (Allocation Failure) [PSYoungGen: 32K->0K(1536K)] [ParOldGen: 7480K->3213K(8192K)] 7512K->3213K(9728K), [Metaspace: 3328K->3328K(1056768K)], 0.0022633 secs] [Times: user=0.01 sys=0.00, real=0.00 secs] 
10.622: [GC (Allocation Failure) [PSYoungGen: 20K->32K(1536K)] 7502K->7513K(9728K), 0.0006692 secs] [Times: user=0.00 sys=0.00, real=0.01 secs] 
10.623: [GC (Allocation Failure) [PSYoungGen: 32K->32K(1536K)] 7513K->7513K(9728K), 0.0002738 secs] [Times: user=0.00 sys=0.00, real=0.00 secs] 
10.623: [Full GC (Allocation Failure) [PSYoungGen: 32K->0K(1536K)] [ParOldGen: 7481K->3213K(8192K)] 7513K->3213K(9728K), [Metaspace: 3328K->3328K(1056768K)], 0.0025474 secs] [Times: user=0.01 sys=0.00, real=0.00 secs] 
10.626: [GC (Allocation Failure) [PSYoungGen: 20K->32K(1536K)] 7503K->7514K(9728K), 0.0008387 secs] [Times: user=0.00 sys=0.00, real=0.00 secs] 
10.627: [GC (Allocation Failure) [PSYoungGen: 32K->32K(1536K)] 7514K->7514K(9728K), 0.0002620 secs] [Times: user=0.00 sys=0.00, real=0.00 secs] 
10.628: [Full GC (Allocation Failure) [PSYoungGen: 32K->0K(1536K)] [ParOldGen: 7482K->3213K(8192K)] 7514K->3213K(9728K), [Metaspace: 3328K->3328K(1056768K)], 0.0021502 secs] [Times: user=0.01 sys=0.00, real=0.00 secs] 
10.630: [GC (Allocation Failure) [PSYoungGen: 20K->32K(1536K)] 7504K->7515K(9728K), 0.0008182 secs] [Times: user=0.00 sys=0.00, real=0.00 secs] 
10.631: [GC (Allocation Failure) [PSYoungGen: 32K->32K(1536K)] 7515K->7515K(9728K), 0.0002420 secs] [Times: user=0.00 sys=0.00, real=0.00 secs] 
10.631: [Full GC (Allocation Failure) [PSYoungGen: 32K->0K(1536K)] [ParOldGen: 7483K->3214K(8192K)] 7515K->3214K(9728K), [Metaspace: 3328K->3328K(1056768K)], 0.0021517 secs] [Times: user=0.00 sys=0.00, real=0.01 secs] 
10.634: [GC (Allocation Failure) [PSYoungGen: 20K->32K(1536K)] 7504K->7516K(9728K), 0.0008462 secs] [Times: user=0.00 sys=0.00, real=0.00 secs] 
10.635: [GC (Allocation Failure) [PSYoungGen: 32K->32K(1536K)] 7516K->7516K(9728K), 0.0002544 secs] [Times: user=0.01 sys=0.00, real=0.00 secs] 
10.635: [Full GC (Allocation Failure) [PSYoungGen: 32K->0K(1536K)] [ParOldGen: 7484K->3214K(8192K)] 7516K->3214K(9728K), [Metaspace: 3328K->3328K(1056768K)], 0.0025179 secs] [Times: user=0.00 sys=0.00, real=0.00 secs] 
10.638: [GC (Allocation Failure) [PSYoungGen: 20K->32K(1536K)] 7505K->7517K(9728K), 0.0003078 secs] [Times: user=0.00 sys=0.00, real=0.00 secs] 
10.638: [GC (Allocation Failure) [PSYoungGen: 32K->32K(1536K)] 7517K->7517K(9728K), 0.0002486 secs] [Times: user=0.00 sys=0.00, real=0.00 secs] 
10.639: [Full GC (Allocation Failure) [PSYoungGen: 32K->0K(1536K)] [ParOldGen: 7485K->3214K(8192K)] 7517K->3214K(9728K), [Metaspace: 3328K->3328K(1056768K)], 0.0021466 secs] [Times: user=0.01 sys=0.00, real=0.00 secs] 
10.641: [GC (Allocation Failure) [PSYoungGen: 20K->32K(1536K)] 7506K->7518K(9728K), 0.0003306 secs] [Times: user=0.00 sys=0.00, real=0.00 secs] 
10.642: [GC (Allocation Failure) [PSYoungGen: 32K->32K(1536K)] 7518K->7518K(9728K), 0.0002665 secs] [Times: user=0.00 sys=0.00, real=0.00 secs] 
10.642: [Full GC (Allocation Failure) [PSYoungGen: 32K->0K(1536K)] [ParOldGen: 7486K->3215K(8192K)] 7518K->3215K(9728K), [Metaspace: 3328K->3328K(1056768K)], 0.0021761 secs] [Times: user=0.00 sys=0.00, real=0.01 secs] 
10.644: [GC (Allocation Failure) [PSYoungGen: 20K->32K(1536K)] 7507K->7519K(9728K), 0.0003148 secs] [Times: user=0.00 sys=0.00, real=0.00 secs] 
10.645: [GC (Allocation Failure) [PSYoungGen: 32K->32K(1536K)] 7519K->7519K(9728K), 0.0002475 secs] [Times: user=0.00 sys=0.00, real=0.00 secs] 
10.645: [Full GC (Allocation Failure) [PSYoungGen: 32K->0K(1536K)] [ParOldGen: 7487K->3215K(8192K)] 7519K->3215K(9728K), [Metaspace: 3328K->3328K(1056768K)], 0.0021390 secs] [Times: user=0.01 sys=0.00, real=0.00 secs] 
10.648: [GC (Allocation Failure) [PSYoungGen: 20K->32K(1536K)] 7508K->7520K(9728K), 0.0003236 secs] [Times: user=0.00 sys=0.00, real=0.00 secs] 
10.648: [GC (Allocation Failure) [PSYoungGen: 32K->32K(1536K)] 7520K->7520K(9728K), 0.0002994 secs] [Times: user=0.00 sys=0.00, real=0.00 secs] 
10.648: [Full GC (Allocation Failure) [PSYoungGen: 32K->0K(1536K)] [ParOldGen: 7488K->3215K(8192K)] 7520K->3215K(9728K), [Metaspace: 3328K->3328K(1056768K)], 0.0021229 secs] [Times: user=0.01 sys=0.00, real=0.00 secs] 
10.651: [GC (Allocation Failure) [PSYoungGen: 20K->32K(1536K)] 7509K->7521K(9728K), 0.0003185 secs] [Times: user=0.00 sys=0.00, real=0.00 secs] 
10.651: [GC (Allocation Failure) [PSYoungGen: 32K->32K(1536K)] 7521K->7521K(9728K), 0.0002522 secs] [Times: user=0.00 sys=0.00, real=0.00 secs] 
10.652: [Full GC (Allocation Failure) [PSYoungGen: 32K->0K(1536K)] [ParOldGen: 7489K->3216K(8192K)] 7521K->3216K(9728K), [Metaspace: 3328K->3328K(1056768K)], 0.0023100 secs] [Times: user=0.00 sys=0.00, real=0.01 secs] 
10.654: [GC (Allocation Failure) [PSYoungGen: 20K->32K(1536K)] 7510K->7522K(9728K), 0.0003136 secs] [Times: user=0.00 sys=0.00, real=0.00 secs] 
10.655: [GC (Allocation Failure) [PSYoungGen: 32K->32K(1536K)] 7522K->7522K(9728K), 0.0003258 secs] [Times: user=0.00 sys=0.00, real=0.00 secs] 
10.655: [Full GC (Allocation Failure) [PSYoungGen: 32K->0K(1536K)] [ParOldGen: 7490K->3216K(8192K)] 7522K->3216K(9728K), [Metaspace: 3328K->3328K(1056768K)], 0.0021958 secs] [Times: user=0.01 sys=0.00, real=0.00 secs] 
10.658: [GC (Allocation Failure) [PSYoungGen: 20K->32K(1536K)] 7511K->7523K(9728K), 0.0003130 secs] [Times: user=0.00 sys=0.00, real=0.00 secs] 
10.658: [GC (Allocation Failure) [PSYoungGen: 32K->32K(1536K)] 7523K->7523K(9728K), 0.0002585 secs] [Times: user=0.00 sys=0.00, real=0.00 secs] 
10.658: [Full GC (Allocation Failure) [PSYoungGen: 32K->0K(1536K)] [ParOldGen: 7491K->3216K(8192K)] 7523K->3216K(9728K), [Metaspace: 3328K->3328K(1056768K)], 0.0020341 secs] [Times: user=0.00 sys=0.00, real=0.00 secs] 
10.661: [GC (Allocation Failure) [PSYoungGen: 20K->32K(1536K)] 7512K->7524K(9728K), 0.0003110 secs] [Times: user=0.00 sys=0.00, real=0.00 secs] 
10.661: [GC (Allocation Failure) [PSYoungGen: 32K->32K(1536K)] 7524K->7524K(9728K), 0.0002977 secs] [Times: user=0.00 sys=0.00, real=0.00 secs] 
10.661: [Full GC (Allocation Failure) [PSYoungGen: 32K->0K(1536K)] [ParOldGen: 7492K->3217K(8192K)] 7524K->3217K(9728K), [Metaspace: 3328K->3328K(1056768K)], 0.0021763 secs] [Times: user=0.00 sys=0.00, real=0.01 secs] 
10.664: [GC (Allocation Failure) [PSYoungGen: 20K->32K(1536K)] 7513K->7525K(9728K), 0.0003152 secs] [Times: user=0.00 sys=0.00, real=0.00 secs] 
10.664: [GC (Allocation Failure) [PSYoungGen: 32K->32K(1536K)] 7525K->7525K(9728K), 0.0002448 secs] [Times: user=0.00 sys=0.00, real=0.00 secs] 
10.665: [Full GC (Allocation Failure) [PSYoungGen: 32K->0K(1536K)] [ParOldGen: 7493K->3217K(8192K)] 7525K->3217K(9728K), [Metaspace: 3328K->3328K(1056768K)], 0.0021348 secs] [Times: user=0.01 sys=0.00, real=0.00 secs] 
10.667: [GC (Allocation Failure) [PSYoungGen: 20K->32K(1536K)] 7514K->7526K(9728K), 0.0002931 secs] [Times: user=0.00 sys=0.00, real=0.00 secs] 
10.668: [GC (Allocation Failure) [PSYoungGen: 32K->32K(1536K)] 7526K->7526K(9728K), 0.0002467 secs] [Times: user=0.00 sys=0.00, real=0.00 secs] 
10.668: [Full GC (Allocation Failure) [PSYoungGen: 32K->0K(1536K)] [ParOldGen: 7494K->3217K(8192K)] 7526K->3217K(9728K), [Metaspace: 3328K->3328K(1056768K)], 0.0021715 secs] [Times: user=0.00 sys=0.00, real=0.00 secs] 
10.670: [GC (Allocation Failure) [PSYoungGen: 20K->32K(1536K)] 7515K->7527K(9728K), 0.0003120 secs] [Times: user=0.00 sys=0.00, real=0.00 secs] 
10.671: [GC (Allocation Failure) [PSYoungGen: 32K->32K(1536K)] 7527K->7527K(9728K), 0.0002903 secs] [Times: user=0.01 sys=0.00, real=0.00 secs] 
10.671: [Full GC (Allocation Failure) [PSYoungGen: 32K->0K(1536K)] [ParOldGen: 7495K->3218K(8192K)] 7527K->3218K(9728K), [Metaspace: 3328K->3328K(1056768K)], 0.0021429 secs] [Times: user=0.00 sys=0.00, real=0.01 secs] 
10.674: [GC (Allocation Failure) [PSYoungGen: 20K->32K(1536K)] 7516K->7528K(9728K), 0.0003579 secs] [Times: user=0.00 sys=0.00, real=0.00 secs] 
10.674: [GC (Allocation Failure) [PSYoungGen: 32K->32K(1536K)] 7528K->7528K(9728K), 0.0002441 secs] [Times: user=0.00 sys=0.00, real=0.00 secs] 
10.674: [Full GC (Allocation Failure) [PSYoungGen: 32K->0K(1536K)] [ParOldGen: 7496K->3218K(8192K)] 7528K->3218K(9728K), [Metaspace: 3328K->3328K(1056768K)], 0.0020195 secs] [Times: user=0.01 sys=0.00, real=0.00 secs] 
10.677: [GC (Allocation Failure) [PSYoungGen: 20K->32K(1536K)] 7517K->7528K(9728K), 0.0003153 secs] [Times: user=0.00 sys=0.00, real=0.00 secs] 
10.677: [GC (Allocation Failure) [PSYoungGen: 32K->32K(1536K)] 7528K->7528K(9728K), 0.0002688 secs] [Times: user=0.00 sys=0.00, real=0.00 secs] 
10.678: [Full GC (Allocation Failure) [PSYoungGen: 32K->0K(1536K)] [ParOldGen: 7496K->3218K(8192K)] 7528K->3218K(9728K), [Metaspace: 3328K->3328K(1056768K)], 0.0022609 secs] [Times: user=0.00 sys=0.00, real=0.00 secs] 
10.680: [GC (Allocation Failure) [PSYoungGen: 20K->32K(1536K)] 7518K->7529K(9728K), 0.0003037 secs] [Times: user=0.00 sys=0.00, real=0.00 secs] 
10.681: [GC (Allocation Failure) [PSYoungGen: 32K->32K(1536K)] 7529K->7529K(9728K), 0.0002625 secs] [Times: user=0.00 sys=0.00, real=0.00 secs] 
10.681: [Full GC (Allocation Failure) [PSYoungGen: 32K->0K(1536K)] [ParOldGen: 7497K->3219K(8192K)] 7529K->3219K(9728K), [Metaspace: 3328K->3328K(1056768K)], 0.0020233 secs] [Times: user=0.01 sys=0.00, real=0.01 secs] 
10.683: [GC (Allocation Failure) [PSYoungGen: 20K->32K(1536K)] 7519K->7530K(9728K), 0.0003251 secs] [Times: user=0.00 sys=0.01, real=0.00 secs] 
10.684: [GC (Allocation Failure) [PSYoungGen: 32K->32K(1536K)] 7530K->7530K(9728K), 0.0002521 secs] [Times: user=0.00 sys=0.00, real=0.00 secs] 
10.684: [Full GC (Allocation Failure) [PSYoungGen: 32K->0K(1536K)] [ParOldGen: 7498K->3219K(8192K)] 7530K->3219K(9728K), [Metaspace: 3328K->3328K(1056768K)], 0.0021113 secs] [Times: user=0.00 sys=0.00, real=0.00 secs] 
10.687: [GC (Allocation Failure) [PSYoungGen: 20K->32K(1536K)] 7520K->7531K(9728K), 0.0003140 secs] [Times: user=0.00 sys=0.00, real=0.00 secs] 
10.687: [GC (Allocation Failure) [PSYoungGen: 32K->32K(1536K)] 7531K->7531K(9728K), 0.0002577 secs] [Times: user=0.00 sys=0.00, real=0.00 secs] 
10.687: [Full GC (Allocation Failure) [PSYoungGen: 32K->0K(1536K)] [ParOldGen: 7499K->3219K(8192K)] 7531K->3219K(9728K), [Metaspace: 3328K->3328K(1056768K)], 0.0020316 secs] [Times: user=0.00 sys=0.00, real=0.00 secs] 
10.690: [GC (Allocation Failure) [PSYoungGen: 20K->32K(1536K)] 7521K->7532K(9728K), 0.0003133 secs] [Times: user=0.00 sys=0.00, real=0.00 secs] 
10.690: [GC (Allocation Failure) [PSYoungGen: 32K->32K(1536K)] 7532K->7532K(9728K), 0.0002643 secs] [Times: user=0.00 sys=0.00, real=0.00 secs] 
10.690: [Full GC (Allocation Failure) [PSYoungGen: 32K->0K(1536K)] [ParOldGen: 7500K->3220K(8192K)] 7532K->3220K(9728K), [Metaspace: 3328K->3328K(1056768K)], 0.0020318 secs] [Times: user=0.01 sys=0.00, real=0.00 secs] 
10.693: [GC (Allocation Failure) [PSYoungGen: 20K->32K(1536K)] 7522K->7533K(9728K), 0.0003079 secs] [Times: user=0.00 sys=0.00, real=0.00 secs] 
10.693: [GC (Allocation Failure) [PSYoungGen: 32K->32K(1536K)] 7533K->7533K(9728K), 0.0002450 secs] [Times: user=0.00 sys=0.00, real=0.00 secs] 
10.693: [Full GC (Allocation Failure) [PSYoungGen: 32K->0K(1536K)] [ParOldGen: 7501K->3220K(8192K)] 7533K->3220K(9728K), [Metaspace: 3328K->3328K(1056768K)], 0.0023937 secs] [Times: user=0.00 sys=0.00, real=0.00 secs] 
10.696: [GC (Allocation Failure) [PSYoungGen: 20K->32K(1536K)] 7523K->7534K(9728K), 0.0003589 secs] [Times: user=0.00 sys=0.00, real=0.00 secs] 
10.697: [GC (Allocation Failure) [PSYoungGen: 32K->32K(1536K)] 7534K->7534K(9728K), 0.0002615 secs] [Times: user=0.00 sys=0.00, real=0.00 secs] 
10.697: [Full GC (Allocation Failure) [PSYoungGen: 32K->0K(1536K)] [ParOldGen: 7502K->3220K(8192K)] 7534K->3220K(9728K), [Metaspace: 3328K->3328K(1056768K)], 0.0030751 secs] [Times: user=0.01 sys=0.00, real=0.00 secs] 
10.701: [GC (Allocation Failure) [PSYoungGen: 20K->32K(1536K)] 7524K->7535K(9728K), 0.0004902 secs] [Times: user=0.00 sys=0.00, real=0.00 secs] 
10.702: [GC (Allocation Failure) [PSYoungGen: 32K->32K(1536K)] 7535K->7535K(9728K), 0.0004095 secs] [Times: user=0.00 sys=0.00, real=0.00 secs] 
10.702: [Full GC (Allocation Failure) [PSYoungGen: 32K->0K(1536K)] [ParOldGen: 7503K->3221K(8192K)] 7535K->3221K(9728K), [Metaspace: 3328K->3328K(1056768K)], 0.0029210 secs] [Times: user=0.01 sys=0.00, real=0.01 secs] 
10.707: [GC (Allocation Failure) [PSYoungGen: 20K->32K(1536K)] 7525K->7536K(9728K), 0.0008550 secs] [Times: user=0.00 sys=0.00, real=0.00 secs] 
10.708: [GC (Allocation Failure) [PSYoungGen: 32K->32K(1536K)] 7536K->7536K(9728K), 0.0004027 secs] [Times: user=0.00 sys=0.00, real=0.00 secs] 
10.708: [Full GC (Allocation Failure) [PSYoungGen: 32K->0K(1536K)] [ParOldGen: 7504K->3221K(8192K)] 7536K->3221K(9728K), [Metaspace: 3328K->3328K(1056768K)], 0.0020927 secs] [Times: user=0.01 sys=0.00, real=0.00 secs] 
10.711: [GC (Allocation Failure) [PSYoungGen: 20K->32K(1536K)] 7526K->7537K(9728K), 0.0003370 secs] [Times: user=0.00 sys=0.00, real=0.00 secs] 
10.711: [GC (Allocation Failure) [PSYoungGen: 32K->32K(1536K)] 7537K->7537K(9728K), 0.0002473 secs] [Times: user=0.00 sys=0.00, real=0.00 secs] 
10.711: [Full GC (Allocation Failure) [PSYoungGen: 32K->0K(1536K)] [ParOldGen: 7505K->3221K(8192K)] 7537K->3221K(9728K), [Metaspace: 3328K->3328K(1056768K)], 0.0022478 secs] [Times: user=0.00 sys=0.00, real=0.01 secs] 
10.714: [GC (Allocation Failure) [PSYoungGen: 20K->32K(1536K)] 7527K->7538K(9728K), 0.0003203 secs] [Times: user=0.01 sys=0.00, real=0.00 secs] 
10.714: [GC (Allocation Failure) [PSYoungGen: 32K->32K(1536K)] 7538K->7538K(9728K), 0.0002545 secs] [Times: user=0.00 sys=0.00, real=0.00 secs] 
10.715: [Full GC (Allocation Failure) [PSYoungGen: 32K->0K(1536K)] [ParOldGen: 7506K->3221K(8192K)] 7538K->3221K(9728K), [Metaspace: 3328K->3328K(1056768K)], 0.0021318 secs] [Times: user=0.00 sys=0.00, real=0.00 secs] 
10.717: [GC (Allocation Failure) [PSYoungGen: 20K->32K(1536K)] 7528K->7539K(9728K), 0.0003230 secs] [Times: user=0.00 sys=0.00, real=0.00 secs] 
10.717: [GC (Allocation Failure) [PSYoungGen: 32K->32K(1536K)] 7539K->7539K(9728K), 0.0002492 secs] [Times: user=0.00 sys=0.00, real=0.00 secs] 
10.718: [Full GC (Allocation Failure) [PSYoungGen: 32K->0K(1536K)] [ParOldGen: 7507K->3222K(8192K)] 7539K->3222K(9728K), [Metaspace: 3328K->3328K(1056768K)], 0.0022022 secs] [Times: user=0.01 sys=0.00, real=0.00 secs] 
10.720: [GC (Allocation Failure) [PSYoungGen: 20K->32K(1536K)] 7529K->7540K(9728K), 0.0008218 secs] [Times: user=0.00 sys=0.00, real=0.00 secs] 
10.721: [GC (Allocation Failure) [PSYoungGen: 32K->32K(1536K)] 7540K->7540K(9728K), 0.0002653 secs] [Times: user=0.00 sys=0.00, real=0.00 secs] 
10.722: [Full GC (Allocation Failure) [PSYoungGen: 32K->0K(1536K)] [ParOldGen: 7508K->3222K(8192K)] 7540K->3222K(9728K), [Metaspace: 3328K->3328K(1056768K)], 0.0023570 secs] [Times: user=0.01 sys=0.00, real=0.01 secs] 
10.724: [GC (Allocation Failure) [PSYoungGen: 20K->32K(1536K)] 7529K->7541K(9728K), 0.0003162 secs] [Times: user=0.00 sys=0.00, real=0.00 secs] 
10.725: [GC (Allocation Failure) [PSYoungGen: 32K->32K(1536K)] 7541K->7541K(9728K), 0.0002545 secs] [Times: user=0.00 sys=0.00, real=0.00 secs] 
10.725: [Full GC (Allocation Failure) [PSYoungGen: 32K->0K(1536K)] [ParOldGen: 7509K->3222K(8192K)] 7541K->3222K(9728K), [Metaspace: 3328K->3328K(1056768K)], 0.0021994 secs] [Times: user=0.00 sys=0.00, real=0.00 secs] 
10.728: [GC (Allocation Failure) [PSYoungGen: 20K->32K(1536K)] 7530K->7542K(9728K), 0.0003683 secs] [Times: user=0.00 sys=0.00, real=0.00 secs] 
10.728: [GC (Allocation Failure) [PSYoungGen: 32K->32K(1536K)] 7542K->7542K(9728K), 0.0002855 secs] [Times: user=0.00 sys=0.00, real=0.00 secs] 
10.728: [Full GC (Allocation Failure) [PSYoungGen: 32K->0K(1536K)] [ParOldGen: 7510K->3223K(8192K)] 7542K->3223K(9728K), [Metaspace: 3328K->3328K(1056768K)], 0.0020092 secs] [Times: user=0.01 sys=0.00, real=0.00 secs] 
10.731: [GC (Allocation Failure) [PSYoungGen: 20K->32K(1536K)] 7531K->7543K(9728K), 0.0003092 secs] [Times: user=0.00 sys=0.00, real=0.00 secs] 
10.731: [GC (Allocation Failure) [PSYoungGen: 32K->32K(1536K)] 7543K->7543K(9728K), 0.0002460 secs] [Times: user=0.00 sys=0.00, real=0.00 secs] 
10.731: [Full GC (Allocation Failure) [PSYoungGen: 32K->0K(1536K)] [ParOldGen: 7511K->3223K(8192K)] 7543K->3223K(9728K), [Metaspace: 3328K->3328K(1056768K)], 0.0020973 secs] [Times: user=0.00 sys=0.00, real=0.01 secs] 
10.734: [GC (Allocation Failure) [PSYoungGen: 20K->32K(1536K)] 7532K->7544K(9728K), 0.0003070 secs] [Times: user=0.01 sys=0.00, real=0.00 secs] 
10.734: [GC (Allocation Failure) [PSYoungGen: 32K->32K(1536K)] 7544K->7544K(9728K), 0.0002544 secs] [Times: user=0.00 sys=0.00, real=0.00 secs] 
10.735: [Full GC (Allocation Failure) [PSYoungGen: 32K->0K(1536K)] [ParOldGen: 7512K->3223K(8192K)] 7544K->3223K(9728K), [Metaspace: 3328K->3328K(1056768K)], 0.0020497 secs] [Times: user=0.00 sys=0.00, real=0.00 secs] 
10.737: [GC (Allocation Failure) [PSYoungGen: 20K->32K(1536K)] 7533K->7545K(9728K), 0.0003160 secs] [Times: user=0.00 sys=0.00, real=0.00 secs] 
10.738: [GC (Allocation Failure) [PSYoungGen: 32K->32K(1536K)] 7545K->7545K(9728K), 0.0002693 secs] [Times: user=0.00 sys=0.00, real=0.00 secs] 
10.738: [Full GC (Allocation Failure) [PSYoungGen: 32K->0K(1536K)] [ParOldGen: 7513K->3224K(8192K)] 7545K->3224K(9728K), [Metaspace: 3328K->3328K(1056768K)], 0.0021786 secs] [Times: user=0.01 sys=0.00, real=0.00 secs] 
10.740: [GC (Allocation Failure) [PSYoungGen: 20K->32K(1536K)] 7534K->7546K(9728K), 0.0003050 secs] [Times: user=0.00 sys=0.00, real=0.00 secs] 
10.741: [GC (Allocation Failure) [PSYoungGen: 32K->32K(1536K)] 7546K->7546K(9728K), 0.0002492 secs] [Times: user=0.00 sys=0.00, real=0.00 secs] 
10.741: [Full GC (Allocation Failure) [PSYoungGen: 32K->0K(1536K)] [ParOldGen: 7514K->3224K(8192K)] 7546K->3224K(9728K), [Metaspace: 3328K->3328K(1056768K)], 0.0020780 secs] [Times: user=0.00 sys=0.00, real=0.01 secs] 
10.744: [GC (Allocation Failure) [PSYoungGen: 20K->32K(1536K)] 7535K->7547K(9728K), 0.0005018 secs] [Times: user=0.00 sys=0.00, real=0.00 secs] 
10.744: [GC (Allocation Failure) [PSYoungGen: 32K->32K(1536K)] 7547K->7547K(9728K), 0.0002823 secs] [Times: user=0.00 sys=0.00, real=0.00 secs] 
10.744: [Full GC (Allocation Failure) [PSYoungGen: 32K->0K(1536K)] [ParOldGen: 7515K->3224K(8192K)] 7547K->3224K(9728K), [Metaspace: 3328K->3328K(1056768K)], 0.0021858 secs] [Times: user=0.01 sys=0.00, real=0.00 secs] 
10.747: [GC (Allocation Failure) [PSYoungGen: 20K->32K(1536K)] 7536K->7548K(9728K), 0.0003127 secs] [Times: user=0.00 sys=0.00, real=0.00 secs] 
10.747: [GC (Allocation Failure) [PSYoungGen: 32K->32K(1536K)] 7548K->7548K(9728K), 0.0002429 secs] [Times: user=0.00 sys=0.00, real=0.00 secs] 
10.748: [Full GC (Allocation Failure) [PSYoungGen: 32K->0K(1536K)] [ParOldGen: 7516K->3225K(8192K)] 7548K->3225K(9728K), [Metaspace: 3328K->3328K(1056768K)], 0.0021343 secs] [Times: user=0.01 sys=0.00, real=0.00 secs] 
10.750: [GC (Allocation Failure) [PSYoungGen: 20K->32K(1536K)] 7537K->7549K(9728K), 0.0003172 secs] [Times: user=0.00 sys=0.00, real=0.00 secs] 
10.751: [GC (Allocation Failure) [PSYoungGen: 32K->32K(1536K)] 7549K->7549K(9728K), 0.0002515 secs] [Times: user=0.00 sys=0.00, real=0.00 secs] 
10.751: [Full GC (Allocation Failure) [PSYoungGen: 32K->0K(1536K)] [ParOldGen: 7517K->3225K(8192K)] 7549K->3225K(9728K), [Metaspace: 3328K->3328K(1056768K)], 0.0021536 secs] [Times: user=0.00 sys=0.00, real=0.01 secs] 
10.753: [GC (Allocation Failure) [PSYoungGen: 20K->32K(1536K)] 7538K->7550K(9728K), 0.0003375 secs] [Times: user=0.00 sys=0.00, real=0.00 secs] 
10.754: [GC (Allocation Failure) [PSYoungGen: 32K->32K(1536K)] 7550K->7550K(9728K), 0.0002809 secs] [Times: user=0.00 sys=0.00, real=0.00 secs] 
10.754: [Full GC (Allocation Failure) [PSYoungGen: 32K->0K(1536K)] [ParOldGen: 7518K->3225K(8192K)] 7550K->3225K(9728K), [Metaspace: 3328K->3328K(1056768K)], 0.0021637 secs] [Times: user=0.01 sys=0.00, real=0.00 secs] 
10.757: [GC (Allocation Failure) [PSYoungGen: 20K->32K(1536K)] 7539K->7551K(9728K), 0.0003174 secs] [Times: user=0.00 sys=0.00, real=0.00 secs] 
10.757: [GC (Allocation Failure) [PSYoungGen: 32K->32K(1536K)] 7551K->7551K(9728K), 0.0002591 secs] [Times: user=0.00 sys=0.00, real=0.00 secs] 
10.757: [Full GC (Allocation Failure) [PSYoungGen: 32K->0K(1536K)] [ParOldGen: 7519K->3226K(8192K)] 7551K->3226K(9728K), [Metaspace: 3328K->3328K(1056768K)], 0.0020182 secs] [Times: user=0.00 sys=0.00, real=0.00 secs] 
10.760: [GC (Allocation Failure) [PSYoungGen: 20K->32K(1536K)] 7540K->7552K(9728K), 0.0003649 secs] [Times: user=0.00 sys=0.00, real=0.00 secs] 
10.760: [GC (Allocation Failure) [PSYoungGen: 32K->32K(1536K)] 7552K->7552K(9728K), 0.0002766 secs] [Times: user=0.00 sys=0.00, real=0.00 secs] 
10.760: [Full GC (Allocation Failure) [PSYoungGen: 32K->0K(1536K)] [ParOldGen: 7520K->3226K(8192K)] 7552K->3226K(9728K), [Metaspace: 3328K->3328K(1056768K)], 0.0021125 secs] [Times: user=0.00 sys=0.00, real=0.00 secs] 
10.763: [GC (Allocation Failure) [PSYoungGen: 20K->32K(1536K)] 7541K->7553K(9728K), 0.0003233 secs] [Times: user=0.00 sys=0.00, real=0.00 secs] 
10.763: [GC (Allocation Failure) [PSYoungGen: 32K->32K(1536K)] 7553K->7553K(9728K), 0.0002619 secs] [Times: user=0.00 sys=0.00, real=0.00 secs] 
10.764: [Full GC (Allocation Failure) [PSYoungGen: 32K->0K(1536K)] [ParOldGen: 7521K->3226K(8192K)] 7553K->3226K(9728K), [Metaspace: 3328K->3328K(1056768K)], 0.0020345 secs] [Times: user=0.01 sys=0.00, real=0.00 secs] 
10.766: [GC (Allocation Failure) [PSYoungGen: 20K->32K(1536K)] 7542K->7553K(9728K), 0.0003036 secs] [Times: user=0.00 sys=0.01, real=0.00 secs] 
10.766: [GC (Allocation Failure) [PSYoungGen: 32K->32K(1536K)] 7553K->7553K(9728K), 0.0002457 secs] [Times: user=0.00 sys=0.00, real=0.00 secs] 
10.767: [Full GC (Allocation Failure) [PSYoungGen: 32K->0K(1536K)] [ParOldGen: 7521K->3227K(8192K)] 7553K->3227K(9728K), [Metaspace: 3328K->3328K(1056768K)], 0.0021679 secs] [Times: user=0.00 sys=0.00, real=0.00 secs] 
10.769: [GC (Allocation Failure) [PSYoungGen: 20K->32K(1536K)] 7543K->7554K(9728K), 0.0003209 secs] [Times: user=0.00 sys=0.00, real=0.00 secs] 
10.770: [GC (Allocation Failure) [PSYoungGen: 32K->32K(1536K)] 7554K->7554K(9728K), 0.0002709 secs] [Times: user=0.00 sys=0.00, real=0.00 secs] 
10.770: [Full GC (Allocation Failure) [PSYoungGen: 32K->0K(1536K)] [ParOldGen: 7522K->3227K(8192K)] 7554K->3227K(9728K), [Metaspace: 3328K->3328K(1056768K)], 0.0021876 secs] [Times: user=0.00 sys=0.00, real=0.00 secs] 
10.773: [GC (Allocation Failure) [PSYoungGen: 20K->32K(1536K)] 7544K->7555K(9728K), 0.0003012 secs] [Times: user=0.00 sys=0.00, real=0.00 secs] 
10.773: [GC (Allocation Failure) [PSYoungGen: 32K->32K(1536K)] 7555K->7555K(9728K), 0.0002464 secs] [Times: user=0.00 sys=0.00, real=0.00 secs] 
10.773: [Full GC (Allocation Failure) [PSYoungGen: 32K->0K(1536K)] [ParOldGen: 7523K->3227K(8192K)] 7555K->3227K(9728K), [Metaspace: 3328K->3328K(1056768K)], 0.0020553 secs] [Times: user=0.01 sys=0.00, real=0.00 secs] 
10.776: [GC (Allocation Failure) [PSYoungGen: 20K->32K(1536K)] 7545K->7556K(9728K), 0.0008309 secs] [Times: user=0.00 sys=0.00, real=0.00 secs] 
10.777: [GC (Allocation Failure) [PSYoungGen: 32K->32K(1536K)] 7556K->7556K(9728K), 0.0004232 secs] [Times: user=0.00 sys=0.00, real=0.00 secs] 
10.777: [Full GC (Allocation Failure) [PSYoungGen: 32K->0K(1536K)] [ParOldGen: 7524K->3228K(8192K)] 7556K->3228K(9728K), [Metaspace: 3328K->3328K(1056768K)], 0.0020411 secs] [Times: user=0.00 sys=0.00, real=0.00 secs] 
10.780: [GC (Allocation Failure) [PSYoungGen: 20K->32K(1536K)] 7546K->7557K(9728K), 0.0003118 secs] [Times: user=0.00 sys=0.00, real=0.00 secs] 
10.780: [GC (Allocation Failure) [PSYoungGen: 32K->32K(1536K)] 7557K->7557K(9728K), 0.0002546 secs] [Times: user=0.01 sys=0.00, real=0.00 secs] 
10.780: [Full GC (Allocation Failure) [PSYoungGen: 32K->0K(1536K)] [ParOldGen: 7525K->3228K(8192K)] 7557K->3228K(9728K), [Metaspace: 3328K->3328K(1056768K)], 0.0026251 secs] [Times: user=0.00 sys=0.00, real=0.01 secs] 
10.783: [GC (Allocation Failure) [PSYoungGen: 20K->32K(1536K)] 7547K->7558K(9728K), 0.0004799 secs] [Times: user=0.00 sys=0.00, real=0.00 secs] 
10.784: [GC (Allocation Failure) [PSYoungGen: 32K->32K(1536K)] 7558K->7558K(9728K), 0.0013389 secs] [Times: user=0.00 sys=0.00, real=0.00 secs] 
10.785: [Full GC (Allocation Failure) [PSYoungGen: 32K->0K(1536K)] [ParOldGen: 7526K->3228K(8192K)] 7558K->3228K(9728K), [Metaspace: 3328K->3328K(1056768K)], 0.0037441 secs] [Times: user=0.01 sys=0.00, real=0.00 secs] 
10.789: [GC (Allocation Failure) [PSYoungGen: 20K->32K(1536K)] 7548K->7559K(9728K), 0.0003107 secs] [Times: user=0.00 sys=0.00, real=0.00 secs] 
10.790: [GC (Allocation Failure) [PSYoungGen: 32K->32K(1536K)] 7559K->7559K(9728K), 0.0002450 secs] [Times: user=0.00 sys=0.00, real=0.00 secs] 
10.790: [Full GC (Allocation Failure) [PSYoungGen: 32K->0K(1536K)] [ParOldGen: 7527K->3229K(8192K)] 7559K->3229K(9728K), [Metaspace: 3328K->3328K(1056768K)], 0.0021295 secs] [Times: user=0.01 sys=0.00, real=0.00 secs] 
10.793: [GC (Allocation Failure) [PSYoungGen: 20K->32K(1536K)] 7549K->7560K(9728K), 0.0003672 secs] [Times: user=0.00 sys=0.00, real=0.01 secs] 
10.793: [GC (Allocation Failure) [PSYoungGen: 32K->32K(1536K)] 7560K->7560K(9728K), 0.0003034 secs] [Times: user=0.00 sys=0.00, real=0.00 secs] 
10.793: [Full GC (Allocation Failure) [PSYoungGen: 32K->0K(1536K)] [ParOldGen: 7528K->3229K(8192K)] 7560K->3229K(9728K), [Metaspace: 3328K->3328K(1056768K)], 0.0021941 secs] [Times: user=0.00 sys=0.00, real=0.00 secs] 
10.796: [GC (Allocation Failure) [PSYoungGen: 20K->32K(1536K)] 7550K->7561K(9728K), 0.0003121 secs] [Times: user=0.00 sys=0.00, real=0.00 secs] 
10.796: [GC (Allocation Failure) [PSYoungGen: 32K->32K(1536K)] 7561K->7561K(9728K), 0.0002557 secs] [Times: user=0.00 sys=0.00, real=0.00 secs] 
10.797: [Full GC (Allocation Failure) [PSYoungGen: 32K->0K(1536K)] [ParOldGen: 7529K->3229K(8192K)] 7561K->3229K(9728K), [Metaspace: 3328K->3328K(1056768K)], 0.0021570 secs] [Times: user=0.01 sys=0.00, real=0.00 secs] 
10.799: [GC (Allocation Failure) [PSYoungGen: 20K->32K(1536K)] 7551K->7562K(9728K), 0.0003158 secs] [Times: user=0.00 sys=0.00, real=0.00 secs] 
10.799: [GC (Allocation Failure) [PSYoungGen: 32K->32K(1536K)] 7562K->7562K(9728K), 0.0002482 secs] [Times: user=0.00 sys=0.00, real=0.00 secs] 
10.800: [Full GC (Allocation Failure) [PSYoungGen: 32K->0K(1536K)] [ParOldGen: 7530K->3230K(8192K)] 7562K->3230K(9728K), [Metaspace: 3328K->3328K(1056768K)], 0.0021650 secs] [Times: user=0.00 sys=0.00, real=0.00 secs] 
10.802: [GC (Allocation Failure) [PSYoungGen: 20K->32K(1536K)] 7552K->7563K(9728K), 0.0003260 secs] [Times: user=0.01 sys=0.00, real=0.01 secs] 
10.803: [GC (Allocation Failure) [PSYoungGen: 32K->32K(1536K)] 7563K->7563K(9728K), 0.0002793 secs] [Times: user=0.00 sys=0.00, real=0.00 secs] 
10.803: [Full GC (Allocation Failure) [PSYoungGen: 32K->0K(1536K)] [ParOldGen: 7531K->3230K(8192K)] 7563K->3230K(9728K), [Metaspace: 3328K->3328K(1056768K)], 0.0023994 secs] [Times: user=0.00 sys=0.00, real=0.00 secs] 
10.806: [GC (Allocation Failure) [PSYoungGen: 20K->32K(1536K)] 7553K->7564K(9728K), 0.0003095 secs] [Times: user=0.00 sys=0.00, real=0.00 secs] 
10.806: [GC (Allocation Failure) [PSYoungGen: 32K->32K(1536K)] 7564K->7564K(9728K), 0.0002649 secs] [Times: user=0.00 sys=0.00, real=0.00 secs] 
10.807: [Full GC (Allocation Failure) [PSYoungGen: 32K->0K(1536K)] [ParOldGen: 7532K->3230K(8192K)] 7564K->3230K(9728K), [Metaspace: 3328K->3328K(1056768K)], 0.0021692 secs] [Times: user=0.01 sys=0.00, real=0.00 secs] 
10.809: [GC (Allocation Failure) [PSYoungGen: 20K->32K(1536K)] 7554K->7565K(9728K), 0.0003138 secs] [Times: user=0.00 sys=0.00, real=0.00 secs] 
10.810: [GC (Allocation Failure) [PSYoungGen: 32K->32K(1536K)] 7565K->7565K(9728K), 0.0002738 secs] [Times: user=0.00 sys=0.00, real=0.00 secs] 
10.810: [Full GC (Allocation Failure) [PSYoungGen: 32K->0K(1536K)] [ParOldGen: 7533K->3230K(8192K)] 7565K->3230K(9728K), [Metaspace: 3328K->3328K(1056768K)], 0.0021503 secs] [Times: user=0.00 sys=0.00, real=0.00 secs] 
10.812: [GC (Allocation Failure) [PSYoungGen: 20K->32K(1536K)] 7554K->7566K(9728K), 0.0003241 secs] [Times: user=0.00 sys=0.00, real=0.01 secs] 
10.813: [GC (Allocation Failure) [PSYoungGen: 32K->32K(1536K)] 7566K->7566K(9728K), 0.0002522 secs] [Times: user=0.00 sys=0.00, real=0.00 secs] 
10.813: [Full GC (Allocation Failure) [PSYoungGen: 32K->0K(1536K)] [ParOldGen: 7534K->3231K(8192K)] 7566K->3231K(9728K), [Metaspace: 3328K->3328K(1056768K)], 0.0021977 secs] [Times: user=0.01 sys=0.00, real=0.00 secs] 
10.816: [GC (Allocation Failure) [PSYoungGen: 20K->32K(1536K)] 7555K->7567K(9728K), 0.0003132 secs] [Times: user=0.00 sys=0.00, real=0.00 secs] 
10.816: [GC (Allocation Failure) [PSYoungGen: 32K->32K(1536K)] 7567K->7567K(9728K), 0.0002815 secs] [Times: user=0.00 sys=0.00, real=0.00 secs] 
10.816: [Full GC (Allocation Failure) [PSYoungGen: 32K->0K(1536K)] [ParOldGen: 7535K->3231K(8192K)] 7567K->3231K(9728K), [Metaspace: 3328K->3328K(1056768K)], 0.0020196 secs] [Times: user=0.01 sys=0.00, real=0.00 secs] 
10.819: [GC (Allocation Failure) [PSYoungGen: 20K->32K(1536K)] 7556K->7568K(9728K), 0.0003317 secs] [Times: user=0.00 sys=0.00, real=0.00 secs] 
10.819: [GC (Allocation Failure) [PSYoungGen: 32K->32K(1536K)] 7568K->7568K(9728K), 0.0002802 secs] [Times: user=0.00 sys=0.00, real=0.00 secs] 
10.819: [Full GC (Allocation Failure) [PSYoungGen: 32K->0K(1536K)] [ParOldGen: 7536K->3231K(8192K)] 7568K->3231K(9728K), [Metaspace: 3328K->3328K(1056768K)], 0.0020384 secs] [Times: user=0.00 sys=0.00, real=0.00 secs] 
10.822: [GC (Allocation Failure) [PSYoungGen: 20K->32K(1536K)] 7557K->7569K(9728K), 0.0003003 secs] [Times: user=0.00 sys=0.00, real=0.00 secs] 
10.822: [GC (Allocation Failure) [PSYoungGen: 32K->32K(1536K)] 7569K->7569K(9728K), 0.0002593 secs] [Times: user=0.00 sys=0.00, real=0.00 secs] 
10.823: [Full GC (Allocation Failure) [PSYoungGen: 32K->0K(1536K)] [ParOldGen: 7537K->3232K(8192K)] 7569K->3232K(9728K), [Metaspace: 3328K->3328K(1056768K)], 0.0022344 secs] [Times: user=0.01 sys=0.00, real=0.01 secs] 
10.825: [GC (Allocation Failure) [PSYoungGen: 20K->32K(1536K)] 7558K->7570K(9728K), 0.0003132 secs] [Times: user=0.00 sys=0.00, real=0.00 secs] 
10.826: [GC (Allocation Failure) [PSYoungGen: 32K->32K(1536K)] 7570K->7570K(9728K), 0.0002569 secs] [Times: user=0.00 sys=0.00, real=0.00 secs] 
10.826: [Full GC (Allocation Failure) [PSYoungGen: 32K->0K(1536K)] [ParOldGen: 7538K->3232K(8192K)] 7570K->3232K(9728K), [Metaspace: 3328K->3328K(1056768K)], 0.0021027 secs] [Times: user=0.01 sys=0.00, real=0.00 secs] 
10.828: [GC (Allocation Failure) [PSYoungGen: 20K->32K(1536K)] 7559K->7571K(9728K), 0.0003106 secs] [Times: user=0.00 sys=0.00, real=0.00 secs] 
10.829: [GC (Allocation Failure) [PSYoungGen: 32K->32K(1536K)] 7571K->7571K(9728K), 0.0002805 secs] [Times: user=0.00 sys=0.00, real=0.00 secs] 
10.829: [Full GC (Allocation Failure) [PSYoungGen: 32K->0K(1536K)] [ParOldGen: 7539K->3232K(8192K)] 7571K->3232K(9728K), [Metaspace: 3328K->3328K(1056768K)], 0.0021420 secs] [Times: user=0.00 sys=0.00, real=0.00 secs] 
10.832: [GC (Allocation Failure) [PSYoungGen: 20K->32K(1536K)] 7560K->7572K(9728K), 0.0003086 secs] [Times: user=0.00 sys=0.00, real=0.00 secs] 
10.832: [GC (Allocation Failure) [PSYoungGen: 32K->32K(1536K)] 7572K->7572K(9728K), 0.0002444 secs] [Times: user=0.00 sys=0.00, real=0.00 secs] 
10.832: [Full GC (Allocation Failure) [PSYoungGen: 32K->0K(1536K)] [ParOldGen: 7540K->3233K(8192K)] 7572K->3233K(9728K), [Metaspace: 3328K->3328K(1056768K)], 0.0020306 secs] [Times: user=0.01 sys=0.00, real=0.01 secs] 
10.835: [GC (Allocation Failure) [PSYoungGen: 20K->32K(1536K)] 7561K->7573K(9728K), 0.0003073 secs] [Times: user=0.00 sys=0.00, real=0.00 secs] 
10.835: [GC (Allocation Failure) [PSYoungGen: 32K->32K(1536K)] 7573K->7573K(9728K), 0.0002776 secs] [Times: user=0.00 sys=0.00, real=0.00 secs] 
10.835: [Full GC (Allocation Failure) [PSYoungGen: 32K->0K(1536K)] [ParOldGen: 7541K->3233K(8192K)] 7573K->3233K(9728K), [Metaspace: 3328K->3328K(1056768K)], 0.0021090 secs] [Times: user=0.00 sys=0.00, real=0.00 secs] 
10.838: [GC (Allocation Failure) [PSYoungGen: 20K->32K(1536K)] 7562K->7574K(9728K), 0.0003104 secs] [Times: user=0.00 sys=0.00, real=0.00 secs] 
10.838: [GC (Allocation Failure) [PSYoungGen: 32K->32K(1536K)] 7574K->7574K(9728K), 0.0002530 secs] [Times: user=0.00 sys=0.00, real=0.00 secs] 
10.839: [Full GC (Allocation Failure) [PSYoungGen: 32K->0K(1536K)] [ParOldGen: 7542K->3233K(8192K)] 7574K->3233K(9728K), [Metaspace: 3328K->3328K(1056768K)], 0.0020725 secs] [Times: user=0.01 sys=0.00, real=0.00 secs] 
10.841: [GC (Allocation Failure) [PSYoungGen: 20K->32K(1536K)] 7563K->7575K(9728K), 0.0003322 secs] [Times: user=0.00 sys=0.00, real=0.00 secs] 
10.841: [GC (Allocation Failure) [PSYoungGen: 32K->32K(1536K)] 7575K->7575K(9728K), 0.0002859 secs] [Times: user=0.00 sys=0.00, real=0.00 secs] 
10.842: [Full GC (Allocation Failure) [PSYoungGen: 32K->0K(1536K)] [ParOldGen: 7543K->3234K(8192K)] 7575K->3234K(9728K), [Metaspace: 3328K->3328K(1056768K)], 0.0021612 secs] [Times: user=0.01 sys=0.00, real=0.01 secs] 
10.844: [GC (Allocation Failure) [PSYoungGen: 20K->32K(1536K)] 7564K->7576K(9728K), 0.0003089 secs] [Times: user=0.00 sys=0.00, real=0.00 secs] 
10.845: [GC (Allocation Failure) [PSYoungGen: 32K->32K(1536K)] 7576K->7576K(9728K), 0.0002559 secs] [Times: user=0.00 sys=0.00, real=0.00 secs] 
10.845: [Full GC (Allocation Failure) [PSYoungGen: 32K->0K(1536K)] [ParOldGen: 7544K->3234K(8192K)] 7576K->3234K(9728K), [Metaspace: 3328K->3328K(1056768K)], 0.0020589 secs] [Times: user=0.00 sys=0.00, real=0.00 secs] 
10.847: [GC (Allocation Failure) [PSYoungGen: 20K->32K(1536K)] 7565K->7577K(9728K), 0.0003101 secs] [Times: user=0.00 sys=0.00, real=0.00 secs] 
10.848: [GC (Allocation Failure) [PSYoungGen: 32K->32K(1536K)] 7577K->7577K(9728K), 0.0002468 secs] [Times: user=0.00 sys=0.00, real=0.00 secs] 
10.848: [Full GC (Allocation Failure) [PSYoungGen: 32K->0K(1536K)] [ParOldGen: 7545K->3234K(8192K)] 7577K->3234K(9728K), [Metaspace: 3328K->3328K(1056768K)], 0.0021874 secs] [Times: user=0.01 sys=0.00, real=0.00 secs] 
10.851: [GC (Allocation Failure) [PSYoungGen: 20K->32K(1536K)] 7566K->7577K(9728K), 0.0003046 secs] [Times: user=0.00 sys=0.00, real=0.00 secs] 
10.851: [GC (Allocation Failure) [PSYoungGen: 32K->32K(1536K)] 7577K->7577K(9728K), 0.0002498 secs] [Times: user=0.00 sys=0.00, real=0.00 secs] 
10.851: [Full GC (Allocation Failure) [PSYoungGen: 32K->0K(1536K)] [ParOldGen: 7545K->3235K(8192K)] 7577K->3235K(9728K), [Metaspace: 3328K->3328K(1056768K)], 0.0021342 secs] [Times: user=0.01 sys=0.00, real=0.01 secs] 
10.854: [GC (Allocation Failure) [PSYoungGen: 20K->32K(1536K)] 7567K->7578K(9728K), 0.0003023 secs] [Times: user=0.00 sys=0.00, real=0.00 secs] 
10.854: [GC (Allocation Failure) [PSYoungGen: 32K->32K(1536K)] 7578K->7578K(9728K), 0.0002849 secs] [Times: user=0.00 sys=0.00, real=0.00 secs] 
10.855: [Full GC (Allocation Failure) [PSYoungGen: 32K->0K(1536K)] [ParOldGen: 7546K->3235K(8192K)] 7578K->3235K(9728K), [Metaspace: 3328K->3328K(1056768K)], 0.0022007 secs] [Times: user=0.00 sys=0.01, real=0.00 secs] 
10.857: [GC (Allocation Failure) [PSYoungGen: 20K->32K(1536K)] 7568K->7579K(9728K), 0.0003609 secs] [Times: user=0.00 sys=0.00, real=0.00 secs] 
10.858: [GC (Allocation Failure) [PSYoungGen: 32K->32K(1536K)] 7579K->7579K(9728K), 0.0002928 secs] [Times: user=0.00 sys=0.00, real=0.00 secs] 
10.858: [Full GC (Allocation Failure) [PSYoungGen: 32K->0K(1536K)] [ParOldGen: 7547K->3235K(8192K)] 7579K->3235K(9728K), [Metaspace: 3328K->3328K(1056768K)], 0.0021028 secs] [Times: user=0.01 sys=0.00, real=0.00 secs] 
10.860: [GC (Allocation Failure) [PSYoungGen: 20K->32K(1536K)] 7569K->7580K(9728K), 0.0003089 secs] [Times: user=0.00 sys=0.00, real=0.00 secs] 
10.861: [GC (Allocation Failure) [PSYoungGen: 32K->32K(1536K)] 7580K->7580K(9728K), 0.0002385 secs] [Times: user=0.00 sys=0.00, real=0.00 secs] 
10.861: [Full GC (Allocation Failure) [PSYoungGen: 32K->0K(1536K)] [ParOldGen: 7548K->3236K(8192K)] 7580K->3236K(9728K), [Metaspace: 3328K->3328K(1056768K)], 0.0022239 secs] [Times: user=0.00 sys=0.00, real=0.01 secs] 
10.864: [GC (Allocation Failure) [PSYoungGen: 20K->32K(1536K)] 7570K->7581K(9728K), 0.0003168 secs] [Times: user=0.01 sys=0.00, real=0.00 secs] 
10.864: [GC (Allocation Failure) [PSYoungGen: 32K->32K(1536K)] 7581K->7581K(9728K), 0.0002596 secs] [Times: user=0.00 sys=0.00, real=0.00 secs] 
10.864: [Full GC (Allocation Failure) [PSYoungGen: 32K->0K(1536K)] [ParOldGen: 7549K->3236K(8192K)] 7581K->3236K(9728K), [Metaspace: 3328K->3328K(1056768K)], 0.0021775 secs] [Times: user=0.00 sys=0.00, real=0.00 secs] 
10.867: [GC (Allocation Failure) [PSYoungGen: 20K->32K(1536K)] 7571K->7582K(9728K), 0.0003151 secs] [Times: user=0.00 sys=0.00, real=0.00 secs] 
10.867: [GC (Allocation Failure) [PSYoungGen: 32K->32K(1536K)] 7582K->7582K(9728K), 0.0002613 secs] [Times: user=0.00 sys=0.00, real=0.00 secs] 
10.868: [Full GC (Allocation Failure) [PSYoungGen: 32K->0K(1536K)] [ParOldGen: 7550K->3236K(8192K)] 7582K->3236K(9728K), [Metaspace: 3328K->3328K(1056768K)], 0.0021422 secs] [Times: user=0.01 sys=0.00, real=0.00 secs] 
10.870: [GC (Allocation Failure) [PSYoungGen: 20K->32K(1536K)] 7572K->7583K(9728K), 0.0003157 secs] [Times: user=0.00 sys=0.00, real=0.00 secs] 
10.871: [GC (Allocation Failure) [PSYoungGen: 32K->32K(1536K)] 7583K->7583K(9728K), 0.0002515 secs] [Times: user=0.00 sys=0.00, real=0.00 secs] 
10.871: [Full GC (Allocation Failure) [PSYoungGen: 32K->0K(1536K)] [ParOldGen: 7551K->3237K(8192K)] 7583K->3237K(9728K), [Metaspace: 3328K->3328K(1056768K)], 0.0021867 secs] [Times: user=0.00 sys=0.00, real=0.01 secs] 
10.873: [GC (Allocation Failure) [PSYoungGen: 20K->32K(1536K)] 7573K->7584K(9728K), 0.0004856 secs] [Times: user=0.00 sys=0.00, real=0.00 secs] 
10.874: [GC (Allocation Failure) [PSYoungGen: 32K->32K(1536K)] 7584K->7584K(9728K), 0.0002475 secs] [Times: user=0.01 sys=0.00, real=0.00 secs] 
10.874: [Full GC (Allocation Failure) [PSYoungGen: 32K->0K(1536K)] [ParOldGen: 7552K->3237K(8192K)] 7584K->3237K(9728K), [Metaspace: 3328K->3328K(1056768K)], 0.0021233 secs] [Times: user=0.00 sys=0.00, real=0.00 secs] 
10.877: [GC (Allocation Failure) [PSYoungGen: 20K->32K(1536K)] 7574K->7585K(9728K), 0.0003023 secs] [Times: user=0.00 sys=0.00, real=0.00 secs] 
10.877: [GC (Allocation Failure) [PSYoungGen: 32K->32K(1536K)] 7585K->7585K(9728K), 0.0002510 secs] [Times: user=0.00 sys=0.00, real=0.00 secs] 
10.877: [Full GC (Allocation Failure) [PSYoungGen: 32K->0K(1536K)] [ParOldGen: 7553K->3237K(8192K)] 7585K->3237K(9728K), [Metaspace: 3328K->3328K(1056768K)], 0.0021994 secs] [Times: user=0.01 sys=0.00, real=0.00 secs] 
10.880: [GC (Allocation Failure) [PSYoungGen: 20K->32K(1536K)] 7575K->7586K(9728K), 0.0003049 secs] [Times: user=0.00 sys=0.00, real=0.00 secs] 
10.880: [GC (Allocation Failure) [PSYoungGen: 32K->32K(1536K)] 7586K->7586K(9728K), 0.0002440 secs] [Times: user=0.00 sys=0.00, real=0.00 secs] 
10.881: [Full GC (Allocation Failure) [PSYoungGen: 32K->0K(1536K)] [ParOldGen: 7554K->3238K(8192K)] 7586K->3238K(9728K), [Metaspace: 3328K->3328K(1056768K)], 0.0020893 secs] [Times: user=0.00 sys=0.00, real=0.01 secs] 
10.883: [GC (Allocation Failure) [PSYoungGen: 20K->32K(1536K)] 7576K->7587K(9728K), 0.0003104 secs] [Times: user=0.00 sys=0.00, real=0.00 secs] 
10.884: [GC (Allocation Failure) [PSYoungGen: 32K->32K(1536K)] 7587K->7587K(9728K), 0.0002540 secs] [Times: user=0.00 sys=0.00, real=0.00 secs] 
10.884: [Full GC (Allocation Failure) [PSYoungGen: 32K->0K(1536K)] [ParOldGen: 7555K->3238K(8192K)] 7587K->3238K(9728K), [Metaspace: 3328K->3328K(1056768K)], 0.0021440 secs] [Times: user=0.01 sys=0.00, real=0.00 secs] 
10.886: [GC (Allocation Failure) [PSYoungGen: 20K->32K(1536K)] 7577K->7588K(9728K), 0.0003075 secs] [Times: user=0.00 sys=0.00, real=0.00 secs] 
10.887: [GC (Allocation Failure) [PSYoungGen: 32K->32K(1536K)] 7588K->7588K(9728K), 0.0002490 secs] [Times: user=0.00 sys=0.00, real=0.00 secs] 
10.887: [Full GC (Allocation Failure) [PSYoungGen: 32K->0K(1536K)] [ParOldGen: 7556K->3238K(8192K)] 7588K->3238K(9728K), [Metaspace: 3328K->3328K(1056768K)], 0.0021456 secs] [Times: user=0.01 sys=0.00, real=0.00 secs] 
10.890: [GC (Allocation Failure) [PSYoungGen: 20K->32K(1536K)] 7578K->7589K(9728K), 0.0003210 secs] [Times: user=0.00 sys=0.00, real=0.00 secs] 
10.890: [GC (Allocation Failure) [PSYoungGen: 32K->32K(1536K)] 7589K->7589K(9728K), 0.0007774 secs] [Times: user=0.00 sys=0.00, real=0.00 secs] 
10.891: [Full GC (Allocation Failure) [PSYoungGen: 32K->0K(1536K)] [ParOldGen: 7557K->3238K(8192K)] 7589K->3238K(9728K), [Metaspace: 3328K->3328K(1056768K)], 0.0024985 secs] [Times: user=0.00 sys=0.00, real=0.01 secs] 
10.894: [GC (Allocation Failure) [PSYoungGen: 20K->32K(1536K)] 7578K->7590K(9728K), 0.0008326 secs] [Times: user=0.01 sys=0.00, real=0.00 secs] 
10.895: [GC (Allocation Failure) [PSYoungGen: 32K->32K(1536K)] 7590K->7590K(9728K), 0.0007614 secs] [Times: user=0.00 sys=0.00, real=0.00 secs] 
10.895: [Full GC (Allocation Failure) [PSYoungGen: 32K->0K(1536K)] [ParOldGen: 7558K->3239K(8192K)] 7590K->3239K(9728K), [Metaspace: 3328K->3328K(1056768K)], 0.0033166 secs] [Times: user=0.00 sys=0.00, real=0.00 secs] 
10.899: [GC (Allocation Failure) [PSYoungGen: 20K->32K(1536K)] 7579K->7591K(9728K), 0.0008440 secs] [Times: user=0.01 sys=0.00, real=0.00 secs] 
10.900: [GC (Allocation Failure) [PSYoungGen: 32K->32K(1536K)] 7591K->7591K(9728K), 0.0002447 secs] [Times: user=0.00 sys=0.00, real=0.00 secs] 
10.900: [Full GC (Allocation Failure) [PSYoungGen: 32K->0K(1536K)] [ParOldGen: 7559K->3239K(8192K)] 7591K->3239K(9728K), [Metaspace: 3328K->3328K(1056768K)], 0.0021414 secs] [Times: user=0.00 sys=0.00, real=0.00 secs] 
10.903: [GC (Allocation Failure) [PSYoungGen: 20K->32K(1536K)] 7580K->7592K(9728K), 0.0008203 secs] [Times: user=0.00 sys=0.00, real=0.00 secs] 
10.904: [GC (Allocation Failure) [PSYoungGen: 32K->32K(1536K)] 7592K->7592K(9728K), 0.0007680 secs] [Times: user=0.00 sys=0.00, real=0.00 secs] 
10.905: [Full GC (Allocation Failure) [PSYoungGen: 32K->0K(1536K)] [ParOldGen: 7560K->3239K(8192K)] 7592K->3239K(9728K), [Metaspace: 3328K->3328K(1056768K)], 0.0031057 secs] [Times: user=0.01 sys=0.00, real=0.00 secs] 
10.908: [GC (Allocation Failure) [PSYoungGen: 20K->32K(1536K)] 7581K->7593K(9728K), 0.0011128 secs] [Times: user=0.00 sys=0.00, real=0.00 secs] 
10.909: [GC (Allocation Failure) [PSYoungGen: 32K->32K(1536K)] 7593K->7593K(9728K), 0.0011032 secs] [Times: user=0.00 sys=0.00, real=0.00 secs] 
10.910: [Full GC (Allocation Failure) [PSYoungGen: 32K->0K(1536K)] [ParOldGen: 7561K->3240K(8192K)] 7593K->3240K(9728K), [Metaspace: 3328K->3328K(1056768K)], 0.0028087 secs] [Times: user=0.01 sys=0.00, real=0.01 secs] 
10.914: [GC (Allocation Failure) [PSYoungGen: 20K->32K(1536K)] 7582K->7594K(9728K), 0.0003053 secs] [Times: user=0.00 sys=0.00, real=0.00 secs] 
10.914: [GC (Allocation Failure) [PSYoungGen: 32K->32K(1536K)] 7594K->7594K(9728K), 0.0002403 secs] [Times: user=0.00 sys=0.00, real=0.00 secs] 
10.914: [Full GC (Allocation Failure) [PSYoungGen: 32K->0K(1536K)] [ParOldGen: 7562K->3240K(8192K)] 7594K->3240K(9728K), [Metaspace: 3328K->3328K(1056768K)], 0.0022272 secs] [Times: user=0.01 sys=0.00, real=0.00 secs] 
10.917: [GC (Allocation Failure) [PSYoungGen: 20K->32K(1536K)] 7583K->7595K(9728K), 0.0003131 secs] [Times: user=0.00 sys=0.00, real=0.00 secs] 
10.917: [GC (Allocation Failure) [PSYoungGen: 32K->32K(1536K)] 7595K->7595K(9728K), 0.0002860 secs] [Times: user=0.00 sys=0.00, real=0.00 secs] 
10.918: [Full GC (Allocation Failure) [PSYoungGen: 32K->0K(1536K)] [ParOldGen: 7563K->3240K(8192K)] 7595K->3240K(9728K), [Metaspace: 3328K->3328K(1056768K)], 0.0032201 secs] [Times: user=0.00 sys=0.00, real=0.00 secs] 
10.921: [GC (Allocation Failure) [PSYoungGen: 20K->32K(1536K)] 7584K->7596K(9728K), 0.0008566 secs] [Times: user=0.01 sys=0.00, real=0.00 secs] 
10.922: [GC (Allocation Failure) [PSYoungGen: 32K->32K(1536K)] 7596K->7596K(9728K), 0.0013161 secs] [Times: user=0.00 sys=0.00, real=0.01 secs] 
10.924: [Full GC (Allocation Failure) [PSYoungGen: 32K->0K(1536K)] [ParOldGen: 7564K->3241K(8192K)] 7596K->3241K(9728K), [Metaspace: 3328K->3328K(1056768K)], 0.0033703 secs] [Times: user=0.01 sys=0.00, real=0.00 secs] 
10.927: [GC (Allocation Failure) [PSYoungGen: 20K->32K(1536K)] 7585K->7597K(9728K), 0.0003192 secs] [Times: user=0.00 sys=0.00, real=0.00 secs] 
10.928: [GC (Allocation Failure) [PSYoungGen: 32K->32K(1536K)] 7597K->7597K(9728K), 0.0008202 secs] [Times: user=0.00 sys=0.00, real=0.00 secs] 
10.929: [Full GC (Allocation Failure) [PSYoungGen: 32K->0K(1536K)] [ParOldGen: 7565K->3241K(8192K)] 7597K->3241K(9728K), [Metaspace: 3328K->3328K(1056768K)], 0.0021929 secs] [Times: user=0.00 sys=0.00, real=0.00 secs] 
10.931: [GC (Allocation Failure) [PSYoungGen: 20K->32K(1536K)] 7586K->7598K(9728K), 0.0003162 secs] [Times: user=0.00 sys=0.00, real=0.00 secs] 
10.932: [GC (Allocation Failure) [PSYoungGen: 32K->32K(1536K)] 7598K->7598K(9728K), 0.0008037 secs] [Times: user=0.00 sys=0.00, real=0.00 secs] 
10.933: [Full GC (Allocation Failure) [PSYoungGen: 32K->0K(1536K)] [ParOldGen: 7566K->3241K(8192K)] 7598K->3241K(9728K), [Metaspace: 3328K->3328K(1056768K)], 0.0028869 secs] [Times: user=0.01 sys=0.00, real=0.01 secs] 
10.936: [GC (Allocation Failure) [PSYoungGen: 20K->32K(1536K)] 7587K->7599K(9728K), 0.0003101 secs] [Times: user=0.00 sys=0.00, real=0.00 secs] 
10.936: [GC (Allocation Failure) [PSYoungGen: 32K->32K(1536K)] 7599K->7599K(9728K), 0.0002411 secs] [Times: user=0.00 sys=0.00, real=0.00 secs] 
10.936: [Full GC (Allocation Failure) [PSYoungGen: 32K->0K(1536K)] [ParOldGen: 7567K->3242K(8192K)] 7599K->3242K(9728K), [Metaspace: 3328K->3328K(1056768K)], 0.0022238 secs] [Times: user=0.01 sys=0.00, real=0.00 secs] 
10.939: [GC (Allocation Failure) [PSYoungGen: 20K->32K(1536K)] 7588K->7600K(9728K), 0.0003604 secs] [Times: user=0.00 sys=0.00, real=0.00 secs] 
10.940: [GC (Allocation Failure) [PSYoungGen: 32K->32K(1536K)] 7600K->7600K(9728K), 0.0003291 secs] [Times: user=0.00 sys=0.00, real=0.00 secs] 
10.940: [Full GC (Allocation Failure) [PSYoungGen: 32K->0K(1536K)] [ParOldGen: 7568K->3242K(8192K)] 7600K->3242K(9728K), [Metaspace: 3328K->3328K(1056768K)], 0.0024632 secs] [Times: user=0.00 sys=0.00, real=0.00 secs] 
10.943: [GC (Allocation Failure) [PSYoungGen: 20K->32K(1536K)] 7589K->7601K(9728K), 0.0008198 secs] [Times: user=0.00 sys=0.00, real=0.00 secs] 
10.944: [GC (Allocation Failure) [PSYoungGen: 32K->32K(1536K)] 7601K->7601K(9728K), 0.0002688 secs] [Times: user=0.00 sys=0.00, real=0.00 secs] 
10.944: [Full GC (Allocation Failure) [PSYoungGen: 32K->0K(1536K)] [ParOldGen: 7569K->3242K(8192K)] 7601K->3242K(9728K), [Metaspace: 3328K->3328K(1056768K)], 0.0025837 secs] [Times: user=0.01 sys=0.00, real=0.00 secs] 
10.947: [GC (Allocation Failure) [PSYoungGen: 20K->32K(1536K)] 7590K->7602K(9728K), 0.0003394 secs] [Times: user=0.00 sys=0.00, real=0.00 secs] 
10.947: [GC (Allocation Failure) [PSYoungGen: 32K->32K(1536K)] 7602K->7602K(9728K), 0.0007701 secs] [Times: user=0.00 sys=0.00, real=0.00 secs] 
10.948: [Full GC (Allocation Failure) [PSYoungGen: 32K->0K(1536K)] [ParOldGen: 7570K->3243K(8192K)] 7602K->3243K(9728K), [Metaspace: 3328K->3328K(1056768K)], 0.0021884 secs] [Times: user=0.01 sys=0.00, real=0.00 secs] 
10.951: [GC (Allocation Failure) [PSYoungGen: 20K->32K(1536K)] 7591K->7602K(9728K), 0.0008252 secs] [Times: user=0.00 sys=0.00, real=0.00 secs] 
10.952: [GC (Allocation Failure) [PSYoungGen: 32K->32K(1536K)] 7602K->7602K(9728K), 0.0002966 secs] [Times: user=0.00 sys=0.01, real=0.00 secs] 
10.952: [Full GC (Allocation Failure) [PSYoungGen: 32K->0K(1536K)] [ParOldGen: 7570K->3243K(8192K)] 7602K->3243K(9728K), [Metaspace: 3328K->3328K(1056768K)], 0.0037448 secs] [Times: user=0.01 sys=0.00, real=0.01 secs] 
10.956: [GC (Allocation Failure) [PSYoungGen: 20K->32K(1536K)] 7592K->7603K(9728K), 0.0003178 secs] [Times: user=0.00 sys=0.00, real=0.00 secs] 
10.957: [GC (Allocation Failure) [PSYoungGen: 32K->32K(1536K)] 7603K->7603K(9728K), 0.0007595 secs] [Times: user=0.00 sys=0.00, real=0.00 secs] 
10.957: [Full GC (Allocation Failure) [PSYoungGen: 32K->0K(1536K)] [ParOldGen: 7571K->3243K(8192K)] 7603K->3243K(9728K), [Metaspace: 3328K->3328K(1056768K)], 0.0025687 secs] [Times: user=0.00 sys=0.00, real=0.00 secs] 
10.960: [GC (Allocation Failure) [PSYoungGen: 20K->32K(1536K)] 7593K->7604K(9728K), 0.0003146 secs] [Times: user=0.00 sys=0.00, real=0.00 secs] 
10.961: [GC (Allocation Failure) [PSYoungGen: 32K->32K(1536K)] 7604K->7604K(9728K), 0.0007945 secs] [Times: user=0.01 sys=0.00, real=0.00 secs] 
10.962: [Full GC (Allocation Failure) [PSYoungGen: 32K->0K(1536K)] [ParOldGen: 7572K->3244K(8192K)] 7604K->3244K(9728K), [Metaspace: 3328K->3328K(1056768K)], 0.0037102 secs] [Times: user=0.00 sys=0.00, real=0.01 secs] 
10.966: [GC (Allocation Failure) [PSYoungGen: 20K->32K(1536K)] 7594K->7605K(9728K), 0.0003173 secs] [Times: user=0.00 sys=0.00, real=0.00 secs] 
10.966: [GC (Allocation Failure) [PSYoungGen: 32K->32K(1536K)] 7605K->7605K(9728K), 0.0002442 secs] [Times: user=0.00 sys=0.00, real=0.00 secs] 
10.966: [Full GC (Allocation Failure) [PSYoungGen: 32K->0K(1536K)] [ParOldGen: 7573K->3244K(8192K)] 7605K->3244K(9728K), [Metaspace: 3328K->3328K(1056768K)], 0.0023983 secs] [Times: user=0.01 sys=0.00, real=0.00 secs] 
10.969: [GC (Allocation Failure) [PSYoungGen: 20K->32K(1536K)] 7595K->7606K(9728K), 0.0008170 secs] [Times: user=0.00 sys=0.00, real=0.00 secs] 
10.970: [GC (Allocation Failure) [PSYoungGen: 32K->32K(1536K)] 7606K->7606K(9728K), 0.0002511 secs] [Times: user=0.00 sys=0.00, real=0.00 secs] 
10.970: [Full GC (Allocation Failure) [PSYoungGen: 32K->0K(1536K)] [ParOldGen: 7574K->3244K(8192K)] 7606K->3244K(9728K), [Metaspace: 3328K->3328K(1056768K)], 0.0027067 secs] [Times: user=0.01 sys=0.00, real=0.01 secs] 
10.973: [GC (Allocation Failure) [PSYoungGen: 20K->32K(1536K)] 7596K->7607K(9728K), 0.0008233 secs] [Times: user=0.00 sys=0.00, real=0.00 secs] 
10.974: [GC (Allocation Failure) [PSYoungGen: 32K->32K(1536K)] 7607K->7607K(9728K), 0.0002969 secs] [Times: user=0.00 sys=0.00, real=0.00 secs] 
10.975: [Full GC (Allocation Failure) [PSYoungGen: 32K->0K(1536K)] [ParOldGen: 7575K->3245K(8192K)] 7607K->3245K(9728K), [Metaspace: 3328K->3328K(1056768K)], 0.0027727 secs] [Times: user=0.01 sys=0.00, real=0.00 secs] 
10.978: [GC (Allocation Failure) [PSYoungGen: 20K->32K(1536K)] 7597K->7608K(9728K), 0.0003279 secs] [Times: user=0.00 sys=0.00, real=0.00 secs] 
10.978: [GC (Allocation Failure) [PSYoungGen: 32K->32K(1536K)] 7608K->7608K(9728K), 0.0007913 secs] [Times: user=0.00 sys=0.00, real=0.00 secs] 
10.979: [Full GC (Allocation Failure) [PSYoungGen: 32K->0K(1536K)] [ParOldGen: 7576K->3245K(8192K)] 7608K->3245K(9728K), [Metaspace: 3328K->3328K(1056768K)], 0.0025024 secs] [Times: user=0.00 sys=0.00, real=0.00 secs] 
10.982: [GC (Allocation Failure) [PSYoungGen: 20K->32K(1536K)] 7598K->7609K(9728K), 0.0008445 secs] [Times: user=0.01 sys=0.00, real=0.01 secs] 
10.983: [GC (Allocation Failure) [PSYoungGen: 32K->32K(1536K)] 7609K->7609K(9728K), 0.0007826 secs] [Times: user=0.00 sys=0.00, real=0.00 secs] 
10.984: [Full GC (Allocation Failure) [PSYoungGen: 32K->0K(1536K)] [ParOldGen: 7577K->3245K(8192K)] 7609K->3245K(9728K), [Metaspace: 3328K->3328K(1056768K)], 0.0027384 secs] [Times: user=0.00 sys=0.00, real=0.00 secs] 
10.987: [GC (Allocation Failure) [PSYoungGen: 20K->32K(1536K)] 7599K->7610K(9728K), 0.0003150 secs] [Times: user=0.00 sys=0.00, real=0.00 secs] 
10.987: [GC (Allocation Failure) [PSYoungGen: 32K->32K(1536K)] 7610K->7610K(9728K), 0.0008137 secs] [Times: user=0.00 sys=0.00, real=0.00 secs] 
10.988: [Full GC (Allocation Failure) [PSYoungGen: 32K->0K(1536K)] [ParOldGen: 7578K->3246K(8192K)] 7610K->3246K(9728K), [Metaspace: 3328K->3328K(1056768K)], 0.0028777 secs] [Times: user=0.01 sys=0.00, real=0.00 secs] 
10.991: [GC (Allocation Failure) [PSYoungGen: 20K->32K(1536K)] 7600K->7611K(9728K), 0.0008601 secs] [Times: user=0.00 sys=0.00, real=0.00 secs] 
10.992: [GC (Allocation Failure) [PSYoungGen: 32K->32K(1536K)] 7611K->7611K(9728K), 0.0007869 secs] [Times: user=0.00 sys=0.00, real=0.01 secs] 
10.993: [Full GC (Allocation Failure) [PSYoungGen: 32K->0K(1536K)] [ParOldGen: 7579K->3246K(8192K)] 7611K->3246K(9728K), [Metaspace: 3328K->3328K(1056768K)], 0.0022252 secs] [Times: user=0.01 sys=0.00, real=0.00 secs] 
10.996: [GC (Allocation Failure) [PSYoungGen: 20K->32K(1536K)] 7601K->7612K(9728K), 0.0003147 secs] [Times: user=0.00 sys=0.00, real=0.00 secs] 
10.996: [GC (Allocation Failure) [PSYoungGen: 32K->32K(1536K)] 7612K->7612K(9728K), 0.0007523 secs] [Times: user=0.00 sys=0.00, real=0.00 secs] 
10.997: [Full GC (Allocation Failure) [PSYoungGen: 32K->0K(1536K)] [ParOldGen: 7580K->3246K(8192K)] 7612K->3246K(9728K), [Metaspace: 3328K->3328K(1056768K)], 0.0030266 secs] [Times: user=0.01 sys=0.00, real=0.00 secs] 
11.000: [GC (Allocation Failure) [PSYoungGen: 20K->32K(1536K)] 7602K->7613K(9728K), 0.0003243 secs] [Times: user=0.00 sys=0.00, real=0.00 secs] 
11.001: [GC (Allocation Failure) [PSYoungGen: 32K->32K(1536K)] 7613K->7613K(9728K), 0.0008294 secs] [Times: user=0.00 sys=0.00, real=0.00 secs] 
11.002: [Full GC (Allocation Failure) [PSYoungGen: 32K->0K(1536K)] [ParOldGen: 7581K->3246K(8192K)] 7613K->3246K(9728K), [Metaspace: 3328K->3328K(1056768K)], 0.0035050 secs] [Times: user=0.01 sys=0.00, real=0.01 secs] 
11.006: [GC (Allocation Failure) [PSYoungGen: 20K->32K(1536K)] 7603K->7614K(9728K), 0.0011946 secs] [Times: user=0.00 sys=0.00, real=0.00 secs] 
11.007: [GC (Allocation Failure) [PSYoungGen: 32K->32K(1536K)] 7614K->7614K(9728K), 0.0009830 secs] [Times: user=0.00 sys=0.00, real=0.00 secs] 
11.008: [Full GC (Allocation Failure) [PSYoungGen: 32K->0K(1536K)] [ParOldGen: 7582K->3247K(8192K)] 7614K->3247K(9728K), [Metaspace: 3328K->3328K(1056768K)], 0.0024179 secs] [Times: user=0.00 sys=0.00, real=0.00 secs] 
11.011: [GC (Allocation Failure) [PSYoungGen: 20K->32K(1536K)] 7603K->7615K(9728K), 0.0003185 secs] [Times: user=0.01 sys=0.00, real=0.00 secs] 
11.011: [GC (Allocation Failure) [PSYoungGen: 32K->32K(1536K)] 7615K->7615K(9728K), 0.0007577 secs] [Times: user=0.00 sys=0.00, real=0.00 secs] 
11.012: [Full GC (Allocation Failure) [PSYoungGen: 32K->0K(1536K)] [ParOldGen: 7583K->3247K(8192K)] 7615K->3247K(9728K), [Metaspace: 3328K->3328K(1056768K)], 0.0032628 secs] [Times: user=0.00 sys=0.00, real=0.01 secs] 
11.016: [GC (Allocation Failure) [PSYoungGen: 20K->32K(1536K)] 7604K->7616K(9728K), 0.0011285 secs] [Times: user=0.00 sys=0.00, real=0.00 secs] 
11.017: [GC (Allocation Failure) [PSYoungGen: 32K->32K(1536K)] 7616K->7616K(9728K), 0.0003997 secs] [Times: user=0.01 sys=0.00, real=0.00 secs] 
11.017: [Full GC (Allocation Failure) [PSYoungGen: 32K->0K(1536K)] [ParOldGen: 7584K->3247K(8192K)] 7616K->3247K(9728K), [Metaspace: 3328K->3328K(1056768K)], 0.0039743 secs] [Times: user=0.00 sys=0.00, real=0.00 secs] 
11.022: [GC (Allocation Failure) [PSYoungGen: 20K->32K(1536K)] 7605K->7617K(9728K), 0.0004122 secs] [Times: user=0.00 sys=0.00, real=0.01 secs] 
11.023: [GC (Allocation Failure) [PSYoungGen: 32K->32K(1536K)] 7617K->7617K(9728K), 0.0002742 secs] [Times: user=0.01 sys=0.00, real=0.00 secs] 
11.023: [Full GC (Allocation Failure) [PSYoungGen: 32K->0K(1536K)] [ParOldGen: 7585K->3248K(8192K)] 7617K->3248K(9728K), [Metaspace: 3328K->3328K(1056768K)], 0.0022293 secs] [Times: user=0.00 sys=0.00, real=0.00 secs] 
11.026: [GC (Allocation Failure) [PSYoungGen: 20K->32K(1536K)] 7606K->7618K(9728K), 0.0003184 secs] [Times: user=0.00 sys=0.00, real=0.00 secs] 
11.026: [GC (Allocation Failure) [PSYoungGen: 32K->32K(1536K)] 7618K->7618K(9728K), 0.0002686 secs] [Times: user=0.00 sys=0.00, real=0.00 secs] 
11.026: [Full GC (Allocation Failure) [PSYoungGen: 32K->0K(1536K)] [ParOldGen: 7586K->3248K(8192K)] 7618K->3248K(9728K), [Metaspace: 3328K->3328K(1056768K)], 0.0021798 secs] [Times: user=0.01 sys=0.00, real=0.00 secs] 
11.029: [GC (Allocation Failure) [PSYoungGen: 20K->32K(1536K)] 7607K->7619K(9728K), 0.0003102 secs] [Times: user=0.00 sys=0.00, real=0.00 secs] 
11.029: [GC (Allocation Failure) [PSYoungGen: 32K->32K(1536K)] 7619K->7619K(9728K), 0.0002789 secs] [Times: user=0.00 sys=0.00, real=0.00 secs] 
11.030: [Full GC (Allocation Failure) [PSYoungGen: 32K->0K(1536K)] [ParOldGen: 7587K->3248K(8192K)] 7619K->3248K(9728K), [Metaspace: 3328K->3328K(1056768K)], 0.0022162 secs] [Times: user=0.00 sys=0.00, real=0.00 secs] 
11.032: [GC (Allocation Failure) [PSYoungGen: 20K->32K(1536K)] 7608K->7620K(9728K), 0.0003167 secs] [Times: user=0.00 sys=0.00, real=0.01 secs] 
11.033: [GC (Allocation Failure) [PSYoungGen: 32K->32K(1536K)] 7620K->7620K(9728K), 0.0002525 secs] [Times: user=0.00 sys=0.00, real=0.00 secs] 
11.033: [Full GC (Allocation Failure) [PSYoungGen: 32K->0K(1536K)] [ParOldGen: 7588K->3249K(8192K)] 7620K->3249K(9728K), [Metaspace: 3328K->3328K(1056768K)], 0.0021734 secs] [Times: user=0.01 sys=0.00, real=0.00 secs] 
11.036: [GC (Allocation Failure) [PSYoungGen: 20K->32K(1536K)] 7609K->7621K(9728K), 0.0003121 secs] [Times: user=0.00 sys=0.00, real=0.00 secs] 
11.036: [GC (Allocation Failure) [PSYoungGen: 32K->32K(1536K)] 7621K->7621K(9728K), 0.0002753 secs] [Times: user=0.00 sys=0.00, real=0.00 secs] 
11.036: [Full GC (Allocation Failure) [PSYoungGen: 32K->0K(1536K)] [ParOldGen: 7589K->3249K(8192K)] 7621K->3249K(9728K), [Metaspace: 3328K->3328K(1056768K)], 0.0024300 secs] [Times: user=0.01 sys=0.00, real=0.00 secs] 
11.039: [GC (Allocation Failure) [PSYoungGen: 20K->32K(1536K)] 7610K->7622K(9728K), 0.0003180 secs] [Times: user=0.00 sys=0.00, real=0.00 secs] 
11.040: [GC (Allocation Failure) [PSYoungGen: 32K->32K(1536K)] 7622K->7622K(9728K), 0.0002771 secs] [Times: user=0.00 sys=0.00, real=0.00 secs] 
11.040: [Full GC (Allocation Failure) [PSYoungGen: 32K->0K(1536K)] [ParOldGen: 7590K->3249K(8192K)] 7622K->3249K(9728K), [Metaspace: 3328K->3328K(1056768K)], 0.0023208 secs] [Times: user=0.00 sys=0.00, real=0.00 secs] 
11.043: [GC (Allocation Failure) [PSYoungGen: 20K->32K(1536K)] 7611K->7623K(9728K), 0.0003095 secs] [Times: user=0.00 sys=0.00, real=0.01 secs] 
11.043: [GC (Allocation Failure) [PSYoungGen: 32K->32K(1536K)] 7623K->7623K(9728K), 0.0002848 secs] [Times: user=0.01 sys=0.00, real=0.00 secs] 
11.043: [Full GC (Allocation Failure) [PSYoungGen: 32K->0K(1536K)] [ParOldGen: 7591K->3250K(8192K)] 7623K->3250K(9728K), [Metaspace: 3328K->3328K(1056768K)], 0.0021454 secs] [Times: user=0.00 sys=0.00, real=0.00 secs] 
11.046: [GC (Allocation Failure) [PSYoungGen: 20K->32K(1536K)] 7612K->7624K(9728K), 0.0003035 secs] [Times: user=0.00 sys=0.00, real=0.00 secs] 
11.046: [GC (Allocation Failure) [PSYoungGen: 32K->32K(1536K)] 7624K->7624K(9728K), 0.0002807 secs] [Times: user=0.00 sys=0.00, real=0.00 secs] 
11.047: [Full GC (Allocation Failure) [PSYoungGen: 32K->0K(1536K)] [ParOldGen: 7592K->3250K(8192K)] 7624K->3250K(9728K), [Metaspace: 3328K->3328K(1056768K)], 0.0021510 secs] [Times: user=0.01 sys=0.00, real=0.00 secs] 
11.049: [GC (Allocation Failure) [PSYoungGen: 20K->32K(1536K)] 7613K->7625K(9728K), 0.0003185 secs] [Times: user=0.00 sys=0.00, real=0.00 secs] 
11.050: [GC (Allocation Failure) [PSYoungGen: 32K->32K(1536K)] 7625K->7625K(9728K), 0.0002941 secs] [Times: user=0.00 sys=0.00, real=0.00 secs] 
11.050: [Full GC (Allocation Failure) [PSYoungGen: 32K->0K(1536K)] [ParOldGen: 7593K->3250K(8192K)] 7625K->3250K(9728K), [Metaspace: 3328K->3328K(1056768K)], 0.0021518 secs] [Times: user=0.00 sys=0.00, real=0.00 secs] 
11.052: [GC (Allocation Failure) [PSYoungGen: 20K->32K(1536K)] 7614K->7626K(9728K), 0.0003323 secs] [Times: user=0.00 sys=0.00, real=0.01 secs] 
11.053: [GC (Allocation Failure) [PSYoungGen: 32K->32K(1536K)] 7626K->7626K(9728K), 0.0002766 secs] [Times: user=0.00 sys=0.01, real=0.00 secs] 
11.053: [Full GC (Allocation Failure) [PSYoungGen: 32K->0K(1536K)] [ParOldGen: 7594K->3251K(8192K)] 7626K->3251K(9728K), [Metaspace: 3328K->3328K(1056768K)], 0.0023750 secs] [Times: user=0.01 sys=0.00, real=0.00 secs] 
11.056: [GC (Allocation Failure) [PSYoungGen: 20K->32K(1536K)] 7615K->7627K(9728K), 0.0002998 secs] [Times: user=0.00 sys=0.00, real=0.00 secs] 
11.056: [GC (Allocation Failure) [PSYoungGen: 32K->32K(1536K)] 7627K->7627K(9728K), 0.0002816 secs] [Times: user=0.00 sys=0.00, real=0.00 secs] 
11.057: [Full GC (Allocation Failure) [PSYoungGen: 32K->0K(1536K)] [ParOldGen: 7595K->3251K(8192K)] 7627K->3251K(9728K), [Metaspace: 3328K->3328K(1056768K)], 0.0021599 secs] [Times: user=0.01 sys=0.00, real=0.00 secs] 
11.059: [GC (Allocation Failure) [PSYoungGen: 20K->32K(1536K)] 7616K->7627K(9728K), 0.0003247 secs] [Times: user=0.00 sys=0.00, real=0.00 secs] 
11.060: [GC (Allocation Failure) [PSYoungGen: 32K->32K(1536K)] 7627K->7627K(9728K), 0.0002677 secs] [Times: user=0.00 sys=0.00, real=0.00 secs] 
11.060: [Full GC (Allocation Failure) [PSYoungGen: 32K->0K(1536K)] [ParOldGen: 7595K->3251K(8192K)] 7627K->3251K(9728K), [Metaspace: 3328K->3328K(1056768K)], 0.0021392 secs] [Times: user=0.00 sys=0.00, real=0.00 secs] 
11.062: [GC (Allocation Failure) [PSYoungGen: 20K->32K(1536K)] 7617K->7628K(9728K), 0.0003527 secs] [Times: user=0.00 sys=0.00, real=0.01 secs] 
11.063: [GC (Allocation Failure) [PSYoungGen: 32K->32K(1536K)] 7628K->7628K(9728K), 0.0003536 secs] [Times: user=0.00 sys=0.00, real=0.00 secs] 
11.063: [Full GC (Allocation Failure) [PSYoungGen: 32K->0K(1536K)] [ParOldGen: 7596K->3252K(8192K)] 7628K->3252K(9728K), [Metaspace: 3328K->3328K(1056768K)], 0.0022275 secs] [Times: user=0.01 sys=0.00, real=0.00 secs] 
11.066: [GC (Allocation Failure) [PSYoungGen: 20K->32K(1536K)] 7618K->7629K(9728K), 0.0003045 secs] [Times: user=0.00 sys=0.00, real=0.00 secs] 
11.066: [GC (Allocation Failure) [PSYoungGen: 32K->32K(1536K)] 7629K->7629K(9728K), 0.0002561 secs] [Times: user=0.00 sys=0.00, real=0.00 secs] 
11.067: [Full GC (Allocation Failure) [PSYoungGen: 32K->0K(1536K)] [ParOldGen: 7597K->3252K(8192K)] 7629K->3252K(9728K), [Metaspace: 3328K->3328K(1056768K)], 0.0020242 secs] [Times: user=0.00 sys=0.00, real=0.00 secs] 
11.069: [GC (Allocation Failure) [PSYoungGen: 20K->32K(1536K)] 7619K->7630K(9728K), 0.0003238 secs] [Times: user=0.00 sys=0.00, real=0.00 secs] 
11.069: [GC (Allocation Failure) [PSYoungGen: 32K->32K(1536K)] 7630K->7630K(9728K), 0.0002650 secs] [Times: user=0.00 sys=0.00, real=0.00 secs] 
11.070: [Full GC (Allocation Failure) [PSYoungGen: 32K->0K(1536K)] [ParOldGen: 7598K->3252K(8192K)] 7630K->3252K(9728K), [Metaspace: 3328K->3328K(1056768K)], 0.0021415 secs] [Times: user=0.00 sys=0.00, real=0.00 secs] 
11.072: [GC (Allocation Failure) [PSYoungGen: 20K->32K(1536K)] 7620K->7631K(9728K), 0.0003234 secs] [Times: user=0.00 sys=0.00, real=0.00 secs] 
11.073: [GC (Allocation Failure) [PSYoungGen: 32K->32K(1536K)] 7631K->7631K(9728K), 0.0002472 secs] [Times: user=0.00 sys=0.00, real=0.01 secs] 
11.073: [Full GC (Allocation Failure) [PSYoungGen: 32K->0K(1536K)] [ParOldGen: 7599K->3253K(8192K)] 7631K->3253K(9728K), [Metaspace: 3328K->3328K(1056768K)], 0.0020582 secs] [Times: user=0.01 sys=0.00, real=0.00 secs] 
11.075: [GC (Allocation Failure) [PSYoungGen: 20K->32K(1536K)] 7621K->7632K(9728K), 0.0003229 secs] [Times: user=0.00 sys=0.00, real=0.00 secs] 
11.076: [GC (Allocation Failure) [PSYoungGen: 32K->32K(1536K)] 7632K->7632K(9728K), 0.0007696 secs] [Times: user=0.00 sys=0.00, real=0.00 secs] 
11.077: [Full GC (Allocation Failure) [PSYoungGen: 32K->0K(1536K)] [ParOldGen: 7600K->3253K(8192K)] 7632K->3253K(9728K), [Metaspace: 3328K->3328K(1056768K)], 0.0020798 secs] [Times: user=0.00 sys=0.00, real=0.00 secs] 
11.079: [GC (Allocation Failure) [PSYoungGen: 20K->32K(1536K)] 7622K->7633K(9728K), 0.0003116 secs] [Times: user=0.01 sys=0.00, real=0.00 secs] 
11.079: [GC (Allocation Failure) [PSYoungGen: 32K->32K(1536K)] 7633K->7633K(9728K), 0.0002799 secs] [Times: user=0.00 sys=0.00, real=0.00 secs] 
11.080: [Full GC (Allocation Failure) [PSYoungGen: 32K->0K(1536K)] [ParOldGen: 7601K->3253K(8192K)] 7633K->3253K(9728K), [Metaspace: 3328K->3328K(1056768K)], 0.0021453 secs] [Times: user=0.00 sys=0.00, real=0.00 secs] 
11.082: [GC (Allocation Failure) [PSYoungGen: 20K->32K(1536K)] 7623K->7634K(9728K), 0.0003163 secs] [Times: user=0.00 sys=0.00, real=0.00 secs] 
11.083: [GC (Allocation Failure) [PSYoungGen: 32K->32K(1536K)] 7634K->7634K(9728K), 0.0002568 secs] [Times: user=0.00 sys=0.00, real=0.01 secs] 
11.083: [Full GC (Allocation Failure) [PSYoungGen: 32K->0K(1536K)] [ParOldGen: 7602K->3254K(8192K)] 7634K->3254K(9728K), [Metaspace: 3328K->3328K(1056768K)], 0.0021084 secs] [Times: user=0.01 sys=0.00, real=0.00 secs] 
11.085: [GC (Allocation Failure) [PSYoungGen: 20K->32K(1536K)] 7624K->7635K(9728K), 0.0003038 secs] [Times: user=0.00 sys=0.00, real=0.00 secs] 
11.086: [GC (Allocation Failure) [PSYoungGen: 32K->32K(1536K)] 7635K->7635K(9728K), 0.0002490 secs] [Times: user=0.00 sys=0.00, real=0.00 secs] 
11.086: [Full GC (Allocation Failure) [PSYoungGen: 32K->0K(1536K)] [ParOldGen: 7603K->3254K(8192K)] 7635K->3254K(9728K), [Metaspace: 3328K->3328K(1056768K)], 0.0020847 secs] [Times: user=0.00 sys=0.00, real=0.00 secs] 
11.089: [GC (Allocation Failure) [PSYoungGen: 20K->32K(1536K)] 7625K->7636K(9728K), 0.0003081 secs] [Times: user=0.00 sys=0.00, real=0.00 secs] 
11.089: [GC (Allocation Failure) [PSYoungGen: 32K->32K(1536K)] 7636K->7636K(9728K), 0.0002495 secs] [Times: user=0.00 sys=0.00, real=0.00 secs] 
11.089: [Full GC (Allocation Failure) [PSYoungGen: 32K->0K(1536K)] [ParOldGen: 7604K->3254K(8192K)] 7636K->3254K(9728K), [Metaspace: 3328K->3328K(1056768K)], 0.0021154 secs] [Times: user=0.01 sys=0.00, real=0.00 secs] 
11.092: [GC (Allocation Failure) [PSYoungGen: 20K->32K(1536K)] 7626K->7637K(9728K), 0.0003649 secs] [Times: user=0.00 sys=0.00, real=0.00 secs] 
11.092: [GC (Allocation Failure) [PSYoungGen: 32K->32K(1536K)] 7637K->7637K(9728K), 0.0002722 secs] [Times: user=0.00 sys=0.00, real=0.00 secs] 
11.093: [Full GC (Allocation Failure) [PSYoungGen: 32K->0K(1536K)] [ParOldGen: 7605K->3254K(8192K)] 7637K->3254K(9728K), [Metaspace: 3328K->3328K(1056768K)], 0.0020859 secs] [Times: user=0.00 sys=0.00, real=0.01 secs] 
11.095: [GC (Allocation Failure) [PSYoungGen: 20K->32K(1536K)] 7627K->7638K(9728K), 0.0003129 secs] [Times: user=0.01 sys=0.00, real=0.00 secs] 
11.095: [GC (Allocation Failure) [PSYoungGen: 32K->32K(1536K)] 7638K->7638K(9728K), 0.0002586 secs] [Times: user=0.00 sys=0.00, real=0.00 secs] 
11.096: [Full GC (Allocation Failure) [PSYoungGen: 32K->0K(1536K)] [ParOldGen: 7606K->3255K(8192K)] 7638K->3255K(9728K), [Metaspace: 3328K->3328K(1056768K)], 0.0024402 secs] [Times: user=0.00 sys=0.00, real=0.00 secs] 
11.099: [GC (Allocation Failure) [PSYoungGen: 20K->32K(1536K)] 7627K->7639K(9728K), 0.0003848 secs] [Times: user=0.00 sys=0.00, real=0.00 secs] 
11.099: [GC (Allocation Failure) [PSYoungGen: 32K->32K(1536K)] 7639K->7639K(9728K), 0.0003435 secs] [Times: user=0.00 sys=0.00, real=0.00 secs] 
11.100: [Full GC (Allocation Failure) [PSYoungGen: 32K->0K(1536K)] [ParOldGen: 7607K->3255K(8192K)] 7639K->3255K(9728K), [Metaspace: 3328K->3328K(1056768K)], 0.0022795 secs] [Times: user=0.01 sys=0.00, real=0.00 secs] 
11.102: [GC (Allocation Failure) [PSYoungGen: 20K->32K(1536K)] 7628K->7640K(9728K), 0.0003149 secs] [Times: user=0.00 sys=0.00, real=0.00 secs] 
11.103: [GC (Allocation Failure) [PSYoungGen: 32K->32K(1536K)] 7640K->7640K(9728K), 0.0003309 secs] [Times: user=0.00 sys=0.00, real=0.01 secs] 
11.103: [Full GC (Allocation Failure) [PSYoungGen: 32K->0K(1536K)] [ParOldGen: 7608K->3255K(8192K)] 7640K->3255K(9728K), [Metaspace: 3328K->3328K(1056768K)], 0.0022319 secs] [Times: user=0.01 sys=0.00, real=0.00 secs] 
11.106: [GC (Allocation Failure) [PSYoungGen: 20K->32K(1536K)] 7629K->7641K(9728K), 0.0003101 secs] [Times: user=0.00 sys=0.00, real=0.00 secs] 
11.106: [GC (Allocation Failure) [PSYoungGen: 32K->32K(1536K)] 7641K->7641K(9728K), 0.0002557 secs] [Times: user=0.00 sys=0.00, real=0.00 secs] 
11.106: [Full GC (Allocation Failure) [PSYoungGen: 32K->0K(1536K)] [ParOldGen: 7609K->3256K(8192K)] 7641K->3256K(9728K), [Metaspace: 3328K->3328K(1056768K)], 0.0021890 secs] [Times: user=0.00 sys=0.00, real=0.00 secs] 
11.109: [GC (Allocation Failure) [PSYoungGen: 20K->32K(1536K)] 7630K->7642K(9728K), 0.0003067 secs] [Times: user=0.00 sys=0.00, real=0.00 secs] 
11.109: [GC (Allocation Failure) [PSYoungGen: 32K->32K(1536K)] 7642K->7642K(9728K), 0.0002557 secs] [Times: user=0.00 sys=0.00, real=0.00 secs] 
11.110: [Full GC (Allocation Failure) [PSYoungGen: 32K->0K(1536K)] [ParOldGen: 7610K->3256K(8192K)] 7642K->3256K(9728K), [Metaspace: 3328K->3328K(1056768K)], 0.0021105 secs] [Times: user=0.01 sys=0.00, real=0.00 secs] 
11.112: [GC (Allocation Failure) [PSYoungGen: 20K->32K(1536K)] 7631K->7643K(9728K), 0.0003413 secs] [Times: user=0.00 sys=0.00, real=0.00 secs] 
11.113: [GC (Allocation Failure) [PSYoungGen: 32K->32K(1536K)] 7643K->7643K(9728K), 0.0002582 secs] [Times: user=0.00 sys=0.00, real=0.01 secs] 
11.113: [Full GC (Allocation Failure) [PSYoungGen: 32K->0K(1536K)] [ParOldGen: 7611K->3256K(8192K)] 7643K->3256K(9728K), [Metaspace: 3328K->3328K(1056768K)], 0.0021144 secs] [Times: user=0.00 sys=0.00, real=0.00 secs] 
11.115: [GC (Allocation Failure) [PSYoungGen: 20K->32K(1536K)] 7632K->7644K(9728K), 0.0003162 secs] [Times: user=0.00 sys=0.00, real=0.00 secs] 
11.116: [GC (Allocation Failure) [PSYoungGen: 32K->32K(1536K)] 7644K->7644K(9728K), 0.0002380 secs] [Times: user=0.01 sys=0.00, real=0.00 secs] 
11.116: [Full GC (Allocation Failure) [PSYoungGen: 32K->0K(1536K)] [ParOldGen: 7612K->3257K(8192K)] 7644K->3257K(9728K), [Metaspace: 3328K->3328K(1056768K)], 0.0021279 secs] [Times: user=0.00 sys=0.00, real=0.00 secs] 
11.119: [GC (Allocation Failure) [PSYoungGen: 20K->32K(1536K)] 7633K->7645K(9728K), 0.0003427 secs] [Times: user=0.00 sys=0.00, real=0.00 secs] 
11.119: [GC (Allocation Failure) [PSYoungGen: 32K->32K(1536K)] 7645K->7645K(9728K), 0.0002889 secs] [Times: user=0.00 sys=0.00, real=0.00 secs] 
11.119: [Full GC (Allocation Failure) [PSYoungGen: 32K->0K(1536K)] [ParOldGen: 7613K->3257K(8192K)] 7645K->3257K(9728K), [Metaspace: 3328K->3328K(1056768K)], 0.0021481 secs] [Times: user=0.01 sys=0.00, real=0.00 secs] 
11.122: [GC (Allocation Failure) [PSYoungGen: 20K->32K(1536K)] 7634K->7646K(9728K), 0.0003099 secs] [Times: user=0.00 sys=0.00, real=0.00 secs] 
11.122: [GC (Allocation Failure) [PSYoungGen: 32K->32K(1536K)] 7646K->7646K(9728K), 0.0002643 secs] [Times: user=0.00 sys=0.00, real=0.00 secs] 
11.122: [Full GC (Allocation Failure) [PSYoungGen: 32K->0K(1536K)] [ParOldGen: 7614K->3257K(8192K)] 7646K->3257K(9728K), [Metaspace: 3328K->3328K(1056768K)], 0.0021989 secs] [Times: user=0.00 sys=0.00, real=0.01 secs] 
11.125: [GC (Allocation Failure) [PSYoungGen: 20K->32K(1536K)] 7635K->7647K(9728K), 0.0003168 secs] [Times: user=0.00 sys=0.00, real=0.00 secs] 
11.125: [GC (Allocation Failure) [PSYoungGen: 32K->32K(1536K)] 7647K->7647K(9728K), 0.0002593 secs] [Times: user=0.00 sys=0.00, real=0.00 secs] 
11.126: [Full GC (Allocation Failure) [PSYoungGen: 32K->0K(1536K)] [ParOldGen: 7615K->3258K(8192K)] 7647K->3258K(9728K), [Metaspace: 3328K->3328K(1056768K)], 0.0021824 secs] [Times: user=0.01 sys=0.00, real=0.00 secs] 
11.128: [GC (Allocation Failure) [PSYoungGen: 20K->32K(1536K)] 7636K->7648K(9728K), 0.0003430 secs] [Times: user=0.00 sys=0.00, real=0.00 secs] 
11.129: [GC (Allocation Failure) [PSYoungGen: 32K->32K(1536K)] 7648K->7648K(9728K), 0.0002965 secs] [Times: user=0.00 sys=0.00, real=0.00 secs] 
11.129: [Full GC (Allocation Failure) [PSYoungGen: 32K->0K(1536K)] [ParOldGen: 7616K->3258K(8192K)] 7648K->3258K(9728K), [Metaspace: 3328K->3328K(1056768K)], 0.0020763 secs] [Times: user=0.01 sys=0.00, real=0.00 secs] 
11.132: [GC (Allocation Failure) [PSYoungGen: 20K->32K(1536K)] 7637K->7649K(9728K), 0.0003085 secs] [Times: user=0.00 sys=0.00, real=0.00 secs] 
11.132: [GC (Allocation Failure) [PSYoungGen: 32K->32K(1536K)] 7649K->7649K(9728K), 0.0002581 secs] [Times: user=0.00 sys=0.00, real=0.00 secs] 
11.132: [Full GC (Allocation Failure) [PSYoungGen: 32K->0K(1536K)] [ParOldGen: 7617K->3258K(8192K)] 7649K->3258K(9728K), [Metaspace: 3328K->3328K(1056768K)], 0.0021413 secs] [Times: user=0.00 sys=0.00, real=0.01 secs] 
11.135: [GC (Allocation Failure) [PSYoungGen: 20K->32K(1536K)] 7638K->7650K(9728K), 0.0003160 secs] [Times: user=0.00 sys=0.00, real=0.00 secs] 
11.135: [GC (Allocation Failure) [PSYoungGen: 32K->32K(1536K)] 7650K->7650K(9728K), 0.0003117 secs] [Times: user=0.00 sys=0.00, real=0.00 secs] 
11.135: [Full GC (Allocation Failure) [PSYoungGen: 32K->0K(1536K)] [ParOldGen: 7618K->3259K(8192K)] 7650K->3259K(9728K), [Metaspace: 3328K->3328K(1056768K)], 0.0020683 secs] [Times: user=0.01 sys=0.00, real=0.00 secs] 
11.138: [GC (Allocation Failure) [PSYoungGen: 20K->32K(1536K)] 7639K->7651K(9728K), 0.0003275 secs] [Times: user=0.00 sys=0.01, real=0.00 secs] 
11.138: [GC (Allocation Failure) [PSYoungGen: 32K->32K(1536K)] 7651K->7651K(9728K), 0.0002645 secs] [Times: user=0.00 sys=0.00, real=0.00 secs] 
11.139: [Full GC (Allocation Failure) [PSYoungGen: 32K->0K(1536K)] [ParOldGen: 7619K->3259K(8192K)] 7651K->3259K(9728K), [Metaspace: 3328K->3328K(1056768K)], 0.0022021 secs] [Times: user=0.00 sys=0.00, real=0.00 secs] 
11.141: [GC (Allocation Failure) [PSYoungGen: 20K->32K(1536K)] 7640K->7651K(9728K), 0.0003256 secs] [Times: user=0.01 sys=0.00, real=0.00 secs] 
11.142: [GC (Allocation Failure) [PSYoungGen: 32K->32K(1536K)] 7651K->7651K(9728K), 0.0002529 secs] [Times: user=0.00 sys=0.00, real=0.00 secs] 
11.142: [Full GC (Allocation Failure) [PSYoungGen: 32K->0K(1536K)] [ParOldGen: 7619K->3259K(8192K)] 7651K->3259K(9728K), [Metaspace: 3328K->3328K(1056768K)], 0.0020999 secs] [Times: user=0.00 sys=0.00, real=0.01 secs] 
11.144: [GC (Allocation Failure) [PSYoungGen: 20K->32K(1536K)] 7641K->7652K(9728K), 0.0003172 secs] [Times: user=0.00 sys=0.00, real=0.00 secs] 
11.145: [GC (Allocation Failure) [PSYoungGen: 32K->32K(1536K)] 7652K->7652K(9728K), 0.0002490 secs] [Times: user=0.00 sys=0.00, real=0.00 secs] 
11.145: [Full GC (Allocation Failure) [PSYoungGen: 32K->0K(1536K)] [ParOldGen: 7620K->3260K(8192K)] 7652K->3260K(9728K), [Metaspace: 3328K->3328K(1056768K)], 0.0020622 secs] [Times: user=0.01 sys=0.00, real=0.00 secs] 
11.148: [GC (Allocation Failure) [PSYoungGen: 20K->32K(1536K)] 7642K->7653K(9728K), 0.0003137 secs] [Times: user=0.00 sys=0.00, real=0.00 secs] 
11.148: [GC (Allocation Failure) [PSYoungGen: 32K->32K(1536K)] 7653K->7653K(9728K), 0.0002634 secs] [Times: user=0.00 sys=0.00, real=0.00 secs] 
11.148: [Full GC (Allocation Failure) [PSYoungGen: 32K->0K(1536K)] [ParOldGen: 7621K->3260K(8192K)] 7653K->3260K(9728K), [Metaspace: 3328K->3328K(1056768K)], 0.0020120 secs] [Times: user=0.00 sys=0.00, real=0.00 secs] 
11.151: [GC (Allocation Failure) [PSYoungGen: 20K->32K(1536K)] 7643K->7654K(9728K), 0.0003398 secs] [Times: user=0.00 sys=0.00, real=0.00 secs] 
11.151: [GC (Allocation Failure) [PSYoungGen: 32K->32K(1536K)] 7654K->7654K(9728K), 0.0002638 secs] [Times: user=0.00 sys=0.00, real=0.00 secs] 
11.151: [Full GC (Allocation Failure) [PSYoungGen: 32K->0K(1536K)] [ParOldGen: 7622K->3260K(8192K)] 7654K->3260K(9728K), [Metaspace: 3328K->3328K(1056768K)], 0.0023731 secs] [Times: user=0.01 sys=0.00, real=0.01 secs] 
11.154: [GC (Allocation Failure) [PSYoungGen: 20K->32K(1536K)] 7644K->7655K(9728K), 0.0008234 secs] [Times: user=0.00 sys=0.00, real=0.00 secs] 
11.155: [GC (Allocation Failure) [PSYoungGen: 32K->32K(1536K)] 7655K->7655K(9728K), 0.0007981 secs] [Times: user=0.00 sys=0.00, real=0.00 secs] 
11.156: [Full GC (Allocation Failure) [PSYoungGen: 32K->0K(1536K)] [ParOldGen: 7623K->3261K(8192K)] 7655K->3261K(9728K), [Metaspace: 3328K->3328K(1056768K)], 0.0033549 secs] [Times: user=0.01 sys=0.00, real=0.00 secs] 
11.160: [GC (Allocation Failure) [PSYoungGen: 20K->32K(1536K)] 7645K->7656K(9728K), 0.0003142 secs] [Times: user=0.00 sys=0.00, real=0.00 secs] 
11.160: [GC (Allocation Failure) [PSYoungGen: 32K->32K(1536K)] 7656K->7656K(9728K), 0.0002770 secs] [Times: user=0.00 sys=0.00, real=0.00 secs] 
11.160: [Full GC (Allocation Failure) [PSYoungGen: 32K->0K(1536K)] [ParOldGen: 7624K->3261K(8192K)] 7656K->3261K(9728K), [Metaspace: 3328K->3328K(1056768K)], 0.0021913 secs] [Times: user=0.01 sys=0.00, real=0.01 secs] 
11.163: [GC (Allocation Failure) [PSYoungGen: 20K->32K(1536K)] 7646K->7657K(9728K), 0.0003089 secs] [Times: user=0.00 sys=0.00, real=0.00 secs] 
11.163: [GC (Allocation Failure) [PSYoungGen: 32K->32K(1536K)] 7657K->7657K(9728K), 0.0002597 secs] [Times: user=0.00 sys=0.00, real=0.00 secs] 
11.164: [Full GC (Allocation Failure) [PSYoungGen: 32K->0K(1536K)] [ParOldGen: 7625K->3261K(8192K)] 7657K->3261K(9728K), [Metaspace: 3328K->3328K(1056768K)], 0.0020085 secs] [Times: user=0.00 sys=0.00, real=0.00 secs] 
11.166: [GC (Allocation Failure) [PSYoungGen: 20K->32K(1536K)] 7647K->7658K(9728K), 0.0003178 secs] [Times: user=0.00 sys=0.00, real=0.00 secs] 
11.167: [GC (Allocation Failure) [PSYoungGen: 32K->32K(1536K)] 7658K->7658K(9728K), 0.0002904 secs] [Times: user=0.00 sys=0.00, real=0.00 secs] 
11.167: [Full GC (Allocation Failure) [PSYoungGen: 32K->0K(1536K)] [ParOldGen: 7626K->3262K(8192K)] 7658K->3262K(9728K), [Metaspace: 3328K->3328K(1056768K)], 0.0021615 secs] [Times: user=0.01 sys=0.00, real=0.00 secs] 
11.169: [GC (Allocation Failure) [PSYoungGen: 20K->32K(1536K)] 7648K->7659K(9728K), 0.0003308 secs] [Times: user=0.00 sys=0.00, real=0.00 secs] 
11.170: [GC (Allocation Failure) [PSYoungGen: 32K->32K(1536K)] 7659K->7659K(9728K), 0.0003053 secs] [Times: user=0.00 sys=0.00, real=0.00 secs] 
11.170: [Full GC (Allocation Failure) [PSYoungGen: 32K->0K(1536K)] [ParOldGen: 7627K->3262K(8192K)] 7659K->3262K(9728K), [Metaspace: 3328K->3328K(1056768K)], 0.0020714 secs] [Times: user=0.01 sys=0.00, real=0.00 secs] 
11.173: [GC (Allocation Failure) [PSYoungGen: 20K->32K(1536K)] 7649K->7660K(9728K), 0.0003066 secs] [Times: user=0.00 sys=0.00, real=0.00 secs] 
11.173: [GC (Allocation Failure) [PSYoungGen: 32K->32K(1536K)] 7660K->7660K(9728K), 0.0002266 secs] [Times: user=0.00 sys=0.00, real=0.00 secs] 
11.173: [Full GC (Allocation Failure) [PSYoungGen: 32K->0K(1536K)] [ParOldGen: 7628K->3262K(8192K)] 7660K->3262K(9728K), [Metaspace: 3328K->3328K(1056768K)], 0.0020459 secs] [Times: user=0.00 sys=0.00, real=0.00 secs] 
11.176: [GC (Allocation Failure) [PSYoungGen: 20K->32K(1536K)] 7650K->7661K(9728K), 0.0003109 secs] [Times: user=0.00 sys=0.00, real=0.00 secs] 
11.176: [GC (Allocation Failure) [PSYoungGen: 32K->32K(1536K)] 7661K->7661K(9728K), 0.0002566 secs] [Times: user=0.00 sys=0.00, real=0.00 secs] 
11.176: [Full GC (Allocation Failure) [PSYoungGen: 32K->0K(1536K)] [ParOldGen: 7629K->3262K(8192K)] 7661K->3262K(9728K), [Metaspace: 3328K->3328K(1056768K)], 0.0031963 secs] [Times: user=0.01 sys=0.00, real=0.00 secs] 
11.180: [GC (Allocation Failure) [PSYoungGen: 20K->32K(1536K)] 7651K->7662K(9728K), 0.0003061 secs] [Times: user=0.00 sys=0.00, real=0.00 secs] 
11.180: [GC (Allocation Failure) [PSYoungGen: 32K->32K(1536K)] 7662K->7662K(9728K), 0.0002662 secs] [Times: user=0.00 sys=0.00, real=0.00 secs] 
11.181: [Full GC (Allocation Failure) [PSYoungGen: 32K->0K(1536K)] [ParOldGen: 7630K->3263K(8192K)] 7662K->3263K(9728K), [Metaspace: 3328K->3328K(1056768K)], 0.0022220 secs] [Times: user=0.00 sys=0.00, real=0.01 secs] 
11.183: [GC (Allocation Failure) [PSYoungGen: 20K->32K(1536K)] 7652K->7663K(9728K), 0.0003429 secs] [Times: user=0.01 sys=0.00, real=0.00 secs] 
11.184: [GC (Allocation Failure) [PSYoungGen: 32K->32K(1536K)] 7663K->7663K(9728K), 0.0002529 secs] [Times: user=0.00 sys=0.00, real=0.00 secs] 
11.184: [Full GC (Allocation Failure) [PSYoungGen: 32K->0K(1536K)] [ParOldGen: 7631K->3263K(8192K)] 7663K->3263K(9728K), [Metaspace: 3328K->3328K(1056768K)], 0.0020526 secs] [Times: user=0.00 sys=0.00, real=0.00 secs] 
11.186: [GC (Allocation Failure) [PSYoungGen: 20K->32K(1536K)] 7652K->7664K(9728K), 0.0003112 secs] [Times: user=0.00 sys=0.00, real=0.00 secs] 
11.187: [GC (Allocation Failure) [PSYoungGen: 32K->32K(1536K)] 7664K->7664K(9728K), 0.0002643 secs] [Times: user=0.00 sys=0.00, real=0.00 secs] 
11.187: [Full GC (Allocation Failure) [PSYoungGen: 32K->0K(1536K)] [ParOldGen: 7632K->3263K(8192K)] 7664K->3263K(9728K), [Metaspace: 3328K->3328K(1056768K)], 0.0021858 secs] [Times: user=0.01 sys=0.00, real=0.00 secs] 
11.190: [GC (Allocation Failure) [PSYoungGen: 20K->32K(1536K)] 7653K->7665K(9728K), 0.0003211 secs] [Times: user=0.00 sys=0.00, real=0.00 secs] 
11.190: [GC (Allocation Failure) [PSYoungGen: 32K->32K(1536K)] 7665K->7665K(9728K), 0.0002772 secs] [Times: user=0.00 sys=0.00, real=0.00 secs] 
11.190: [Full GC (Allocation Failure) [PSYoungGen: 32K->0K(1536K)] [ParOldGen: 7633K->3264K(8192K)] 7665K->3264K(9728K), [Metaspace: 3328K->3328K(1056768K)], 0.0020094 secs] [Times: user=0.00 sys=0.00, real=0.00 secs] 
11.193: [GC (Allocation Failure) [PSYoungGen: 20K->32K(1536K)] 7654K->7666K(9728K), 0.0003142 secs] [Times: user=0.00 sys=0.00, real=0.00 secs] 
11.193: [GC (Allocation Failure) [PSYoungGen: 32K->32K(1536K)] 7666K->7666K(9728K), 0.0002825 secs] [Times: user=0.00 sys=0.00, real=0.00 secs] 
11.194: [Full GC (Allocation Failure) [PSYoungGen: 32K->0K(1536K)] [ParOldGen: 7634K->3264K(8192K)] 7666K->3264K(9728K), [Metaspace: 3328K->3328K(1056768K)], 0.0022049 secs] [Times: user=0.01 sys=0.00, real=0.00 secs] 
11.196: [GC (Allocation Failure) [PSYoungGen: 20K->32K(1536K)] 7655K->7667K(9728K), 0.0008538 secs] [Times: user=0.00 sys=0.00, real=0.00 secs] 
11.197: [GC (Allocation Failure) [PSYoungGen: 32K->32K(1536K)] 7667K->7667K(9728K), 0.0002943 secs] [Times: user=0.00 sys=0.00, real=0.00 secs] 
11.197: [Full GC (Allocation Failure) [PSYoungGen: 32K->0K(1536K)] [ParOldGen: 7635K->3264K(8192K)] 7667K->3264K(9728K), [Metaspace: 3328K->3328K(1056768K)], 0.0047126 secs] [Times: user=0.01 sys=0.00, real=0.00 secs] 
11.204: [GC (Allocation Failure) [PSYoungGen: 20K->32K(1536K)] 7656K->7668K(9728K), 0.0004009 secs] [Times: user=0.00 sys=0.00, real=0.00 secs] 
11.204: [GC (Allocation Failure) [PSYoungGen: 32K->32K(1536K)] 7668K->7668K(9728K), 0.0003440 secs] [Times: user=0.00 sys=0.00, real=0.00 secs] 
11.205: [Full GC (Allocation Failure) [PSYoungGen: 32K->0K(1536K)] [ParOldGen: 7636K->3265K(8192K)] 7668K->3265K(9728K), [Metaspace: 3328K->3328K(1056768K)], 0.0046485 secs] [Times: user=0.01 sys=0.00, real=0.00 secs] 
11.210: [GC (Allocation Failure) [PSYoungGen: 20K->32K(1536K)] 7657K->7669K(9728K), 0.0003631 secs] [Times: user=0.00 sys=0.00, real=0.00 secs] 
11.210: [GC (Allocation Failure) [PSYoungGen: 32K->32K(1536K)] 7669K->7669K(9728K), 0.0003853 secs] [Times: user=0.00 sys=0.00, real=0.00 secs] 
11.211: [Full GC (Allocation Failure) [PSYoungGen: 32K->0K(1536K)] [ParOldGen: 7637K->3265K(8192K)] 7669K->3265K(9728K), [Metaspace: 3328K->3328K(1056768K)], 0.0022108 secs] [Times: user=0.01 sys=0.00, real=0.01 secs] 
11.213: [GC (Allocation Failure) [PSYoungGen: 20K->32K(1536K)] 7658K->7670K(9728K), 0.0003224 secs] [Times: user=0.00 sys=0.00, real=0.00 secs] 
11.214: [GC (Allocation Failure) [PSYoungGen: 32K->32K(1536K)] 7670K->7670K(9728K), 0.0002436 secs] [Times: user=0.00 sys=0.00, real=0.00 secs] 
11.214: [Full GC (Allocation Failure) [PSYoungGen: 32K->0K(1536K)] [ParOldGen: 7638K->3265K(8192K)] 7670K->3265K(9728K), [Metaspace: 3328K->3328K(1056768K)], 0.0020803 secs] [Times: user=0.01 sys=0.00, real=0.00 secs] 
11.217: [GC (Allocation Failure) [PSYoungGen: 20K->32K(1536K)] 7659K->7671K(9728K), 0.0003090 secs] [Times: user=0.00 sys=0.00, real=0.00 secs] 
11.217: [GC (Allocation Failure) [PSYoungGen: 32K->32K(1536K)] 7671K->7671K(9728K), 0.0002646 secs] [Times: user=0.00 sys=0.00, real=0.00 secs] 
11.217: [Full GC (Allocation Failure) [PSYoungGen: 32K->0K(1536K)] [ParOldGen: 7639K->3266K(8192K)] 7671K->3266K(9728K), [Metaspace: 3328K->3328K(1056768K)], 0.0021343 secs] [Times: user=0.00 sys=0.00, real=0.00 secs] 
11.220: [GC (Allocation Failure) [PSYoungGen: 20K->32K(1536K)] 7660K->7672K(9728K), 0.0003159 secs] [Times: user=0.00 sys=0.00, real=0.00 secs] 
11.220: [GC (Allocation Failure) [PSYoungGen: 32K->32K(1536K)] 7672K->7672K(9728K), 0.0002730 secs] [Times: user=0.00 sys=0.00, real=0.00 secs] 
11.220: [Full GC (Allocation Failure) [PSYoungGen: 32K->0K(1536K)] [ParOldGen: 7640K->3266K(8192K)] 7672K->3266K(9728K), [Metaspace: 3328K->3328K(1056768K)], 0.0021498 secs] [Times: user=0.01 sys=0.00, real=0.00 secs] 
11.223: [GC (Allocation Failure) [PSYoungGen: 20K->32K(1536K)] 7661K->7673K(9728K), 0.0003119 secs] [Times: user=0.00 sys=0.00, real=0.00 secs] 
11.223: [GC (Allocation Failure) [PSYoungGen: 32K->32K(1536K)] 7673K->7673K(9728K), 0.0002713 secs] [Times: user=0.00 sys=0.00, real=0.00 secs] 
11.224: [Full GC (Allocation Failure) [PSYoungGen: 32K->0K(1536K)] [ParOldGen: 7641K->3266K(8192K)] 7673K->3266K(9728K), [Metaspace: 3328K->3328K(1056768K)], 0.0027424 secs] [Times: user=0.01 sys=0.00, real=0.00 secs] 
11.227: [GC (Allocation Failure) [PSYoungGen: 20K->32K(1536K)] 7662K->7674K(9728K), 0.0003163 secs] [Times: user=0.00 sys=0.00, real=0.00 secs] 
11.227: [GC (Allocation Failure) [PSYoungGen: 32K->32K(1536K)] 7674K->7674K(9728K), 0.0002453 secs] [Times: user=0.00 sys=0.00, real=0.00 secs] 
11.228: [Full GC (Allocation Failure) [PSYoungGen: 32K->0K(1536K)] [ParOldGen: 7642K->3267K(8192K)] 7674K->3267K(9728K), [Metaspace: 3328K->3328K(1056768K)], 0.0022182 secs] [Times: user=0.00 sys=0.00, real=0.00 secs] 
11.230: [GC (Allocation Failure) [PSYoungGen: 20K->32K(1536K)] 7663K->7675K(9728K), 0.0003154 secs] [Times: user=0.00 sys=0.00, real=0.00 secs] 
11.231: [GC (Allocation Failure) [PSYoungGen: 32K->32K(1536K)] 7675K->7675K(9728K), 0.0002671 secs] [Times: user=0.00 sys=0.00, real=0.00 secs] 
11.231: [Full GC (Allocation Failure) [PSYoungGen: 32K->0K(1536K)] [ParOldGen: 7643K->3267K(8192K)] 7675K->3267K(9728K), [Metaspace: 3328K->3328K(1056768K)], 0.0021578 secs] [Times: user=0.01 sys=0.00, real=0.01 secs] 
11.233: [GC (Allocation Failure) [PSYoungGen: 20K->32K(1536K)] 7664K->7676K(9728K), 0.0003428 secs] [Times: user=0.00 sys=0.00, real=0.00 secs] 
11.234: [GC (Allocation Failure) [PSYoungGen: 32K->32K(1536K)] 7676K->7676K(9728K), 0.0002426 secs] [Times: user=0.00 sys=0.00, real=0.00 secs] 
11.234: [Full GC (Allocation Failure) [PSYoungGen: 32K->0K(1536K)] [ParOldGen: 7644K->3267K(8192K)] 7676K->3267K(9728K), [Metaspace: 3328K->3328K(1056768K)], 0.0024010 secs] [Times: user=0.01 sys=0.00, real=0.00 secs] 
11.237: [GC (Allocation Failure) [PSYoungGen: 20K->32K(1536K)] 7665K->7676K(9728K), 0.0003095 secs] [Times: user=0.00 sys=0.00, real=0.00 secs] 
11.237: [GC (Allocation Failure) [PSYoungGen: 32K->32K(1536K)] 7676K->7676K(9728K), 0.0002607 secs] [Times: user=0.00 sys=0.00, real=0.00 secs] 
11.238: [Full GC (Allocation Failure) [PSYoungGen: 32K->0K(1536K)] [ParOldGen: 7644K->3268K(8192K)] 7676K->3268K(9728K), [Metaspace: 3328K->3328K(1056768K)], 0.0031157 secs] [Times: user=0.00 sys=0.00, real=0.00 secs] 
11.241: [GC (Allocation Failure) [PSYoungGen: 20K->32K(1536K)] 7666K->7677K(9728K), 0.0003109 secs] [Times: user=0.00 sys=0.00, real=0.00 secs] 
11.241: [GC (Allocation Failure) [PSYoungGen: 32K->32K(1536K)] 7677K->7677K(9728K), 0.0003089 secs] [Times: user=0.00 sys=0.00, real=0.00 secs] 
11.242: [Full GC (Allocation Failure) [PSYoungGen: 32K->0K(1536K)] [ParOldGen: 7645K->3268K(8192K)] 7677K->3268K(9728K), [Metaspace: 3328K->3328K(1056768K)], 0.0022943 secs] [Times: user=0.01 sys=0.00, real=0.01 secs] 
11.245: [GC (Allocation Failure) [PSYoungGen: 20K->32K(1536K)] 7667K->7678K(9728K), 0.0003102 secs] [Times: user=0.00 sys=0.00, real=0.00 secs] 
11.245: [GC (Allocation Failure) [PSYoungGen: 32K->32K(1536K)] 7678K->7678K(9728K), 0.0002748 secs] [Times: user=0.00 sys=0.00, real=0.00 secs] 
11.245: [Full GC (Allocation Failure) [PSYoungGen: 32K->0K(1536K)] [ParOldGen: 7646K->3268K(8192K)] 7678K->3268K(9728K), [Metaspace: 3328K->3328K(1056768K)], 0.0021820 secs] [Times: user=0.01 sys=0.00, real=0.00 secs] 
11.248: [GC (Allocation Failure) [PSYoungGen: 20K->32K(1536K)] 7668K->7679K(9728K), 0.0003043 secs] [Times: user=0.00 sys=0.00, real=0.00 secs] 
11.248: [GC (Allocation Failure) [PSYoungGen: 32K->32K(1536K)] 7679K->7679K(9728K), 0.0002638 secs] [Times: user=0.00 sys=0.00, real=0.00 secs] 
11.248: [Full GC (Allocation Failure) [PSYoungGen: 32K->0K(1536K)] [ParOldGen: 7647K->3269K(8192K)] 7679K->3269K(9728K), [Metaspace: 3328K->3328K(1056768K)], 0.0021893 secs] [Times: user=0.00 sys=0.00, real=0.00 secs] 
11.251: [GC (Allocation Failure) [PSYoungGen: 20K->32K(1536K)] 7669K->7680K(9728K), 0.0003164 secs] [Times: user=0.00 sys=0.00, real=0.00 secs] 
11.251: [GC (Allocation Failure) [PSYoungGen: 32K->32K(1536K)] 7680K->7680K(9728K), 0.0006463 secs] [Times: user=0.00 sys=0.00, real=0.00 secs] 
11.252: [Full GC (Allocation Failure) [PSYoungGen: 32K->0K(1536K)] [ParOldGen: 7648K->3269K(8192K)] 7680K->3269K(9728K), [Metaspace: 3328K->3328K(1056768K)], 0.0022641 secs] [Times: user=0.01 sys=0.00, real=0.01 secs] 
11.255: [GC (Allocation Failure) [PSYoungGen: 20K->32K(1536K)] 7670K->7681K(9728K), 0.0003097 secs] [Times: user=0.00 sys=0.00, real=0.00 secs] 
11.255: [GC (Allocation Failure) [PSYoungGen: 32K->32K(1536K)] 7681K->7681K(9728K), 0.0002583 secs] [Times: user=0.00 sys=0.00, real=0.00 secs] 
11.256: [Full GC (Allocation Failure) [PSYoungGen: 32K->0K(1536K)] [ParOldGen: 7649K->3269K(8192K)] 7681K->3269K(9728K), [Metaspace: 3328K->3328K(1056768K)], 0.0021401 secs] [Times: user=0.01 sys=0.00, real=0.00 secs] 
11.258: [GC (Allocation Failure) [PSYoungGen: 20K->32K(1536K)] 7671K->7682K(9728K), 0.0003257 secs] [Times: user=0.00 sys=0.00, real=0.00 secs] 
11.258: [GC (Allocation Failure) [PSYoungGen: 32K->32K(1536K)] 7682K->7682K(9728K), 0.0002736 secs] [Times: user=0.00 sys=0.00, real=0.00 secs] 
11.259: [Full GC (Allocation Failure) [PSYoungGen: 32K->0K(1536K)] [ParOldGen: 7650K->3270K(8192K)] 7682K->3270K(9728K), [Metaspace: 3328K->3328K(1056768K)], 0.0021092 secs] [Times: user=0.00 sys=0.00, real=0.00 secs] 
11.261: [GC (Allocation Failure) [PSYoungGen: 20K->32K(1536K)] 7672K->7683K(9728K), 0.0002985 secs] [Times: user=0.00 sys=0.00, real=0.00 secs] 
11.262: [GC (Allocation Failure) [PSYoungGen: 32K->32K(1536K)] 7683K->7683K(9728K), 0.0002465 secs] [Times: user=0.00 sys=0.00, real=0.00 secs] 
11.262: [Full GC (Allocation Failure) [PSYoungGen: 32K->0K(1536K)] [ParOldGen: 7651K->3270K(8192K)] 7683K->3270K(9728K), [Metaspace: 3328K->3328K(1056768K)], 0.0021577 secs] [Times: user=0.01 sys=0.00, real=0.01 secs] 
11.264: [GC (Allocation Failure) [PSYoungGen: 20K->32K(1536K)] 7673K->7684K(9728K), 0.0003102 secs] [Times: user=0.00 sys=0.00, real=0.00 secs] 
11.265: [GC (Allocation Failure) [PSYoungGen: 32K->32K(1536K)] 7684K->7684K(9728K), 0.0002722 secs] [Times: user=0.00 sys=0.00, real=0.00 secs] 
11.265: [Full GC (Allocation Failure) [PSYoungGen: 32K->0K(1536K)] [ParOldGen: 7652K->3270K(8192K)] 7684K->3270K(9728K), [Metaspace: 3328K->3328K(1056768K)], 0.0021443 secs] [Times: user=0.00 sys=0.00, real=0.00 secs] 
11.268: [GC (Allocation Failure) [PSYoungGen: 20K->32K(1536K)] 7674K->7685K(9728K), 0.0003077 secs] [Times: user=0.01 sys=0.00, real=0.00 secs] 
11.268: [GC (Allocation Failure) [PSYoungGen: 32K->32K(1536K)] 7685K->7685K(9728K), 0.0006269 secs] [Times: user=0.00 sys=0.00, real=0.00 secs] 
11.269: [Full GC (Allocation Failure) [PSYoungGen: 32K->0K(1536K)] [ParOldGen: 7653K->3271K(8192K)] 7685K->3271K(9728K), [Metaspace: 3328K->3328K(1056768K)], 0.0021675 secs] [Times: user=0.00 sys=0.00, real=0.00 secs] 
11.271: [GC (Allocation Failure) [PSYoungGen: 20K->32K(1536K)] 7675K->7686K(9728K), 0.0003198 secs] [Times: user=0.00 sys=0.00, real=0.00 secs] 
11.272: [GC (Allocation Failure) [PSYoungGen: 32K->32K(1536K)] 7686K->7686K(9728K), 0.0002958 secs] [Times: user=0.00 sys=0.00, real=0.00 secs] 
11.272: [Full GC (Allocation Failure) [PSYoungGen: 32K->0K(1536K)] [ParOldGen: 7654K->3271K(8192K)] 7686K->3271K(9728K), [Metaspace: 3328K->3328K(1056768K)], 0.0024124 secs] [Times: user=0.01 sys=0.00, real=0.01 secs] 
11.275: [GC (Allocation Failure) [PSYoungGen: 20K->32K(1536K)] 7676K->7687K(9728K), 0.0003124 secs] [Times: user=0.00 sys=0.00, real=0.00 secs] 
11.275: [GC (Allocation Failure) [PSYoungGen: 32K->32K(1536K)] 7687K->7687K(9728K), 0.0002529 secs] [Times: user=0.00 sys=0.00, real=0.00 secs] 
11.276: [Full GC (Allocation Failure) [PSYoungGen: 32K->0K(1536K)] [ParOldGen: 7655K->3271K(8192K)] 7687K->3271K(9728K), [Metaspace: 3328K->3328K(1056768K)], 0.0022487 secs] [Times: user=0.00 sys=0.00, real=0.00 secs] 
11.278: [GC (Allocation Failure) [PSYoungGen: 20K->32K(1536K)] 7677K->7688K(9728K), 0.0003217 secs] [Times: user=0.00 sys=0.00, real=0.00 secs] 
11.279: [GC (Allocation Failure) [PSYoungGen: 32K->32K(1536K)] 7688K->7688K(9728K), 0.0003178 secs] [Times: user=0.00 sys=0.00, real=0.00 secs] 
11.279: [Full GC (Allocation Failure) [PSYoungGen: 32K->0K(1536K)] [ParOldGen: 7656K->3271K(8192K)] 7688K->3271K(9728K), [Metaspace: 3328K->3328K(1056768K)], 0.0025078 secs] [Times: user=0.00 sys=0.00, real=0.00 secs] 
11.282: [GC (Allocation Failure) [PSYoungGen: 20K->32K(1536K)] 7677K->7689K(9728K), 0.0003069 secs] [Times: user=0.00 sys=0.00, real=0.00 secs] 
11.282: [GC (Allocation Failure) [PSYoungGen: 32K->32K(1536K)] 7689K->7689K(9728K), 0.0002522 secs] [Times: user=0.00 sys=0.00, real=0.00 secs] 
11.283: [Full GC (Allocation Failure) [PSYoungGen: 32K->0K(1536K)] [ParOldGen: 7657K->3272K(8192K)] 7689K->3272K(9728K), [Metaspace: 3328K->3328K(1056768K)], 0.0026807 secs] [Times: user=0.01 sys=0.00, real=0.01 secs] 
11.286: [GC (Allocation Failure) [PSYoungGen: 20K->32K(1536K)] 7678K->7690K(9728K), 0.0003137 secs] [Times: user=0.00 sys=0.00, real=0.00 secs] 
11.286: [GC (Allocation Failure) [PSYoungGen: 32K->32K(1536K)] 7690K->7690K(9728K), 0.0002470 secs] [Times: user=0.00 sys=0.00, real=0.00 secs] 
11.286: [Full GC (Allocation Failure) [PSYoungGen: 32K->0K(1536K)] [ParOldGen: 7658K->3272K(8192K)] 7690K->3272K(9728K), [Metaspace: 3328K->3328K(1056768K)], 0.0020905 secs] [Times: user=0.01 sys=0.00, real=0.00 secs] 
11.289: [GC (Allocation Failure) [PSYoungGen: 20K->32K(1536K)] 7679K->7691K(9728K), 0.0003212 secs] [Times: user=0.00 sys=0.00, real=0.00 secs] 
11.289: [GC (Allocation Failure) [PSYoungGen: 32K->32K(1536K)] 7691K->7691K(9728K), 0.0002638 secs] [Times: user=0.00 sys=0.00, real=0.00 secs] 
11.290: [Full GC (Allocation Failure) [PSYoungGen: 32K->0K(1536K)] [ParOldGen: 7659K->3272K(8192K)] 7691K->3272K(9728K), [Metaspace: 3328K->3328K(1056768K)], 0.0024110 secs] [Times: user=0.00 sys=0.00, real=0.00 secs] 
11.292: [GC (Allocation Failure) [PSYoungGen: 20K->32K(1536K)] 7680K->7692K(9728K), 0.0003070 secs] [Times: user=0.00 sys=0.00, real=0.01 secs] 
11.293: [GC (Allocation Failure) [PSYoungGen: 32K->32K(1536K)] 7692K->7692K(9728K), 0.0002556 secs] [Times: user=0.00 sys=0.00, real=0.00 secs] 
11.293: [Full GC (Allocation Failure) [PSYoungGen: 32K->0K(1536K)] [ParOldGen: 7660K->3273K(8192K)] 7692K->3273K(9728K), [Metaspace: 3328K->3328K(1056768K)], 0.0021282 secs] [Times: user=0.01 sys=0.00, real=0.00 secs] 
11.296: [GC (Allocation Failure) [PSYoungGen: 20K->32K(1536K)] 7681K->7693K(9728K), 0.0003146 secs] [Times: user=0.00 sys=0.00, real=0.00 secs] 
11.296: [GC (Allocation Failure) [PSYoungGen: 32K->32K(1536K)] 7693K->7693K(9728K), 0.0002769 secs] [Times: user=0.00 sys=0.00, real=0.00 secs] 
11.296: [Full GC (Allocation Failure) [PSYoungGen: 32K->0K(1536K)] [ParOldGen: 7661K->3273K(8192K)] 7693K->3273K(9728K), [Metaspace: 3328K->3328K(1056768K)], 0.0022123 secs] [Times: user=0.00 sys=0.00, real=0.00 secs] 
11.299: [GC (Allocation Failure) [PSYoungGen: 20K->32K(1536K)] 7682K->7694K(9728K), 0.0003341 secs] [Times: user=0.00 sys=0.00, real=0.00 secs] 
11.299: [GC (Allocation Failure) [PSYoungGen: 32K->32K(1536K)] 7694K->7694K(9728K), 0.0003161 secs] [Times: user=0.00 sys=0.00, real=0.00 secs] 
11.300: [Full GC (Allocation Failure) [PSYoungGen: 32K->0K(1536K)] [ParOldGen: 7662K->3273K(8192K)] 7694K->3273K(9728K), [Metaspace: 3328K->3328K(1056768K)], 0.0019593 secs] [Times: user=0.00 sys=0.00, real=0.00 secs] 
11.302: [GC (Allocation Failure) [PSYoungGen: 20K->32K(1536K)] 7683K->7695K(9728K), 0.0003076 secs] [Times: user=0.00 sys=0.00, real=0.00 secs] 
11.302: [GC (Allocation Failure) [PSYoungGen: 32K->32K(1536K)] 7695K->7695K(9728K), 0.0002374 secs] [Times: user=0.00 sys=0.00, real=0.00 secs] 
11.303: [Full GC (Allocation Failure) [PSYoungGen: 32K->0K(1536K)] [ParOldGen: 7663K->3274K(8192K)] 7695K->3274K(9728K), [Metaspace: 3328K->3328K(1056768K)], 0.0023565 secs] [Times: user=0.01 sys=0.00, real=0.00 secs] 
11.305: [GC (Allocation Failure) [PSYoungGen: 20K->32K(1536K)] 7684K->7696K(9728K), 0.0003156 secs] [Times: user=0.00 sys=0.00, real=0.00 secs] 
11.306: [GC (Allocation Failure) [PSYoungGen: 32K->32K(1536K)] 7696K->7696K(9728K), 0.0002570 secs] [Times: user=0.00 sys=0.00, real=0.00 secs] 
11.306: [Full GC (Allocation Failure) [PSYoungGen: 32K->0K(1536K)] [ParOldGen: 7664K->3274K(8192K)] 7696K->3274K(9728K), [Metaspace: 3328K->3328K(1056768K)], 0.0021110 secs] [Times: user=0.00 sys=0.00, real=0.00 secs] 
11.309: [GC (Allocation Failure) [PSYoungGen: 20K->32K(1536K)] 7685K->7697K(9728K), 0.0003129 secs] [Times: user=0.00 sys=0.00, real=0.00 secs] 
11.309: [GC (Allocation Failure) [PSYoungGen: 32K->32K(1536K)] 7697K->7697K(9728K), 0.0002642 secs] [Times: user=0.01 sys=0.00, real=0.00 secs] 
11.309: [Full GC (Allocation Failure) [PSYoungGen: 32K->0K(1536K)] [ParOldGen: 7665K->3274K(8192K)] 7697K->3274K(9728K), [Metaspace: 3328K->3328K(1056768K)], 0.0021200 secs] [Times: user=0.00 sys=0.00, real=0.00 secs] 
11.312: [GC (Allocation Failure) [PSYoungGen: 20K->32K(1536K)] 7686K->7698K(9728K), 0.0003113 secs] [Times: user=0.00 sys=0.00, real=0.00 secs] 
11.312: [GC (Allocation Failure) [PSYoungGen: 32K->32K(1536K)] 7698K->7698K(9728K), 0.0002641 secs] [Times: user=0.00 sys=0.00, real=0.00 secs] 
11.312: [Full GC (Allocation Failure) [PSYoungGen: 32K->0K(1536K)] [ParOldGen: 7666K->3275K(8192K)] 7698K->3275K(9728K), [Metaspace: 3328K->3328K(1056768K)], 0.0021268 secs] [Times: user=0.01 sys=0.00, real=0.01 secs] 
11.315: [GC (Allocation Failure) [PSYoungGen: 20K->32K(1536K)] 7687K->7699K(9728K), 0.0003278 secs] [Times: user=0.00 sys=0.00, real=0.00 secs] 
11.315: [GC (Allocation Failure) [PSYoungGen: 32K->32K(1536K)] 7699K->7699K(9728K), 0.0002590 secs] [Times: user=0.00 sys=0.00, real=0.00 secs] 
11.316: [Full GC (Allocation Failure) [PSYoungGen: 32K->0K(1536K)] [ParOldGen: 7667K->3275K(8192K)] 7699K->3275K(9728K), [Metaspace: 3328K->3328K(1056768K)], 0.0020641 secs] [Times: user=0.00 sys=0.00, real=0.00 secs] 
11.318: [GC (Allocation Failure) [PSYoungGen: 20K->32K(1536K)] 7688K->7700K(9728K), 0.0003061 secs] [Times: user=0.00 sys=0.00, real=0.00 secs] 
11.319: [GC (Allocation Failure) [PSYoungGen: 32K->32K(1536K)] 7700K->7700K(9728K), 0.0002610 secs] [Times: user=0.00 sys=0.00, real=0.00 secs] 
11.319: [Full GC (Allocation Failure) [PSYoungGen: 32K->0K(1536K)] [ParOldGen: 7668K->3275K(8192K)] 7700K->3275K(9728K), [Metaspace: 3328K->3328K(1056768K)], 0.0021595 secs] [Times: user=0.01 sys=0.01, real=0.00 secs] 
11.322: [GC (Allocation Failure) [PSYoungGen: 20K->32K(1536K)] 7689K->7700K(9728K), 0.0003209 secs] [Times: user=0.00 sys=0.00, real=0.00 secs] 
11.322: [GC (Allocation Failure) [PSYoungGen: 32K->32K(1536K)] 7700K->7700K(9728K), 0.0002625 secs] [Times: user=0.00 sys=0.00, real=0.00 secs] 
11.322: [Full GC (Allocation Failure) [PSYoungGen: 32K->0K(1536K)] [ParOldGen: 7668K->3276K(8192K)] 7700K->3276K(9728K), [Metaspace: 3328K->3328K(1056768K)], 0.0022266 secs] [Times: user=0.01 sys=0.00, real=0.01 secs] 
11.325: [GC (Allocation Failure) [PSYoungGen: 20K->32K(1536K)] 7690K->7701K(9728K), 0.0003150 secs] [Times: user=0.00 sys=0.00, real=0.00 secs] 
11.325: [GC (Allocation Failure) [PSYoungGen: 32K->32K(1536K)] 7701K->7701K(9728K), 0.0002525 secs] [Times: user=0.00 sys=0.00, real=0.00 secs] 
11.326: [Full GC (Allocation Failure) [PSYoungGen: 32K->0K(1536K)] [ParOldGen: 7669K->3276K(8192K)] 7701K->3276K(9728K), [Metaspace: 3328K->3328K(1056768K)], 0.0021662 secs] [Times: user=0.00 sys=0.00, real=0.00 secs] 
11.328: [GC (Allocation Failure) [PSYoungGen: 20K->32K(1536K)] 7691K->7702K(9728K), 0.0003137 secs] [Times: user=0.00 sys=0.00, real=0.00 secs] 
11.328: [GC (Allocation Failure) [PSYoungGen: 32K->32K(1536K)] 7702K->7702K(9728K), 0.0002757 secs] [Times: user=0.00 sys=0.00, real=0.00 secs] 
11.329: [Full GC (Allocation Failure) [PSYoungGen: 32K->0K(1536K)] [ParOldGen: 7670K->3276K(8192K)] 7702K->3276K(9728K), [Metaspace: 3328K->3328K(1056768K)], 0.0021218 secs] [Times: user=0.01 sys=0.00, real=0.00 secs] 
11.331: [GC (Allocation Failure) [PSYoungGen: 20K->32K(1536K)] 7692K->7703K(9728K), 0.0003073 secs] [Times: user=0.00 sys=0.00, real=0.00 secs] 
11.332: [GC (Allocation Failure) [PSYoungGen: 32K->32K(1536K)] 7703K->7703K(9728K), 0.0002717 secs] [Times: user=0.00 sys=0.00, real=0.00 secs] 
11.332: [Full GC (Allocation Failure) [PSYoungGen: 32K->0K(1536K)] [ParOldGen: 7671K->3277K(8192K)] 7703K->3277K(9728K), [Metaspace: 3328K->3328K(1056768K)], 0.0020752 secs] [Times: user=0.00 sys=0.00, real=0.01 secs] 
11.335: [GC (Allocation Failure) [PSYoungGen: 20K->32K(1536K)] 7693K->7704K(9728K), 0.0003081 secs] [Times: user=0.00 sys=0.00, real=0.00 secs] 
11.335: [GC (Allocation Failure) [PSYoungGen: 32K->32K(1536K)] 7704K->7704K(9728K), 0.0002563 secs] [Times: user=0.01 sys=0.00, real=0.00 secs] 
11.335: [Full GC (Allocation Failure) [PSYoungGen: 32K->0K(1536K)] [ParOldGen: 7672K->3277K(8192K)] 7704K->3277K(9728K), [Metaspace: 3328K->3328K(1056768K)], 0.0021550 secs] [Times: user=0.00 sys=0.00, real=0.00 secs] 
11.338: [GC (Allocation Failure) [PSYoungGen: 20K->32K(1536K)] 7694K->7705K(9728K), 0.0003136 secs] [Times: user=0.00 sys=0.00, real=0.00 secs] 
11.338: [GC (Allocation Failure) [PSYoungGen: 32K->32K(1536K)] 7705K->7705K(9728K), 0.0002502 secs] [Times: user=0.00 sys=0.00, real=0.00 secs] 
11.338: [Full GC (Allocation Failure) [PSYoungGen: 32K->0K(1536K)] [ParOldGen: 7673K->3277K(8192K)] 7705K->3277K(9728K), [Metaspace: 3328K->3328K(1056768K)], 0.0020333 secs] [Times: user=0.01 sys=0.00, real=0.00 secs] 
11.341: [GC (Allocation Failure) [PSYoungGen: 20K->32K(1536K)] 7695K->7706K(9728K), 0.0003233 secs] [Times: user=0.00 sys=0.00, real=0.00 secs] 
11.341: [GC (Allocation Failure) [PSYoungGen: 32K->32K(1536K)] 7706K->7706K(9728K), 0.0002791 secs] [Times: user=0.00 sys=0.00, real=0.00 secs] 
11.342: [Full GC (Allocation Failure) [PSYoungGen: 32K->0K(1536K)] [ParOldGen: 7674K->3278K(8192K)] 7706K->3278K(9728K), [Metaspace: 3328K->3328K(1056768K)], 0.0021558 secs] [Times: user=0.00 sys=0.00, real=0.01 secs] 
11.344: [GC (Allocation Failure) [PSYoungGen: 20K->32K(1536K)] 7696K->7707K(9728K), 0.0003088 secs] [Times: user=0.00 sys=0.00, real=0.00 secs] 
11.344: [GC (Allocation Failure) [PSYoungGen: 32K->32K(1536K)] 7707K->7707K(9728K), 0.0002710 secs] [Times: user=0.00 sys=0.00, real=0.00 secs] 
11.345: [Full GC (Allocation Failure) [PSYoungGen: 32K->0K(1536K)] [ParOldGen: 7675K->3278K(8192K)] 7707K->3278K(9728K), [Metaspace: 3328K->3328K(1056768K)], 0.0020274 secs] [Times: user=0.01 sys=0.00, real=0.00 secs] 
11.347: [GC (Allocation Failure) [PSYoungGen: 20K->32K(1536K)] 7697K->7708K(9728K), 0.0003234 secs] [Times: user=0.00 sys=0.00, real=0.00 secs] 
11.348: [GC (Allocation Failure) [PSYoungGen: 32K->32K(1536K)] 7708K->7708K(9728K), 0.0002600 secs] [Times: user=0.00 sys=0.00, real=0.00 secs] 
11.348: [Full GC (Allocation Failure) [PSYoungGen: 32K->0K(1536K)] [ParOldGen: 7676K->3278K(8192K)] 7708K->3278K(9728K), [Metaspace: 3328K->3328K(1056768K)], 0.0027725 secs] [Times: user=0.01 sys=0.00, real=0.00 secs] 
11.351: [GC (Allocation Failure) [PSYoungGen: 20K->32K(1536K)] 7698K->7709K(9728K), 0.0003126 secs] [Times: user=0.00 sys=0.00, real=0.00 secs] 
11.351: [GC (Allocation Failure) [PSYoungGen: 32K->32K(1536K)] 7709K->7709K(9728K), 0.0002505 secs] [Times: user=0.00 sys=0.00, real=0.00 secs] 
11.352: [Full GC (Allocation Failure) [PSYoungGen: 32K->0K(1536K)] [ParOldGen: 7677K->3279K(8192K)] 7709K->3279K(9728K), [Metaspace: 3328K->3328K(1056768K)], 0.0021589 secs] [Times: user=0.00 sys=0.00, real=0.01 secs] 
11.354: [GC (Allocation Failure) [PSYoungGen: 20K->32K(1536K)] 7699K->7710K(9728K), 0.0003132 secs] [Times: user=0.00 sys=0.00, real=0.00 secs] 
11.355: [GC (Allocation Failure) [PSYoungGen: 32K->32K(1536K)] 7710K->7710K(9728K), 0.0002956 secs] [Times: user=0.00 sys=0.00, real=0.00 secs] 
11.355: [Full GC (Allocation Failure) [PSYoungGen: 32K->0K(1536K)] [ParOldGen: 7678K->3279K(8192K)] 7710K->3279K(9728K), [Metaspace: 3328K->3328K(1056768K)], 0.0024026 secs] [Times: user=0.01 sys=0.00, real=0.00 secs] 
11.358: [GC (Allocation Failure) [PSYoungGen: 20K->32K(1536K)] 7700K->7711K(9728K), 0.0003290 secs] [Times: user=0.00 sys=0.00, real=0.00 secs] 
11.358: [GC (Allocation Failure) [PSYoungGen: 32K->32K(1536K)] 7711K->7711K(9728K), 0.0002580 secs] [Times: user=0.00 sys=0.00, real=0.00 secs] 
11.359: [Full GC (Allocation Failure) [PSYoungGen: 32K->0K(1536K)] [ParOldGen: 7679K->3279K(8192K)] 7711K->3279K(9728K), [Metaspace: 3328K->3328K(1056768K)], 0.0021496 secs] [Times: user=0.01 sys=0.00, real=0.00 secs] 
11.361: [GC (Allocation Failure) [PSYoungGen: 20K->32K(1536K)] 7701K->7712K(9728K), 0.0003177 secs] [Times: user=0.00 sys=0.00, real=0.00 secs] 
11.362: [GC (Allocation Failure) [PSYoungGen: 32K->32K(1536K)] 7712K->7712K(9728K), 0.0002926 secs] [Times: user=0.00 sys=0.00, real=0.00 secs] 
11.362: [Full GC (Allocation Failure) [PSYoungGen: 32K->0K(1536K)] [ParOldGen: 7680K->3279K(8192K)] 7712K->3279K(9728K), [Metaspace: 3328K->3328K(1056768K)], 0.0021479 secs] [Times: user=0.00 sys=0.00, real=0.01 secs] 
11.364: [GC (Allocation Failure) [PSYoungGen: 20K->32K(1536K)] 7701K->7713K(9728K), 0.0003484 secs] [Times: user=0.00 sys=0.00, real=0.00 secs] 
11.365: [GC (Allocation Failure) [PSYoungGen: 32K->32K(1536K)] 7713K->7713K(9728K), 0.0002767 secs] [Times: user=0.00 sys=0.00, real=0.00 secs] 
11.365: [Full GC (Allocation Failure) [PSYoungGen: 32K->0K(1536K)] [ParOldGen: 7681K->3280K(8192K)] 7713K->3280K(9728K), [Metaspace: 3328K->3328K(1056768K)], 0.0021759 secs] [Times: user=0.01 sys=0.00, real=0.00 secs] 
11.368: [GC (Allocation Failure) [PSYoungGen: 20K->32K(1536K)] 7702K->7714K(9728K), 0.0003175 secs] [Times: user=0.00 sys=0.00, real=0.00 secs] 
11.368: [GC (Allocation Failure) [PSYoungGen: 32K->32K(1536K)] 7714K->7714K(9728K), 0.0002777 secs] [Times: user=0.00 sys=0.00, real=0.00 secs] 
11.368: [Full GC (Allocation Failure) [PSYoungGen: 32K->0K(1536K)] [ParOldGen: 7682K->3280K(8192K)] 7714K->3280K(9728K), [Metaspace: 3328K->3328K(1056768K)], 0.0021550 secs] [Times: user=0.00 sys=0.00, real=0.00 secs] 
11.371: [GC (Allocation Failure) [PSYoungGen: 20K->32K(1536K)] 7703K->7715K(9728K), 0.0003114 secs] [Times: user=0.01 sys=0.00, real=0.00 secs] 
11.371: [GC (Allocation Failure) [PSYoungGen: 32K->32K(1536K)] 7715K->7715K(9728K), 0.0002502 secs] [Times: user=0.00 sys=0.00, real=0.00 secs] 
11.372: [Full GC (Allocation Failure) [PSYoungGen: 32K->0K(1536K)] [ParOldGen: 7683K->3280K(8192K)] 7715K->3280K(9728K), [Metaspace: 3328K->3328K(1056768K)], 0.0022464 secs] [Times: user=0.00 sys=0.00, real=0.01 secs] 
11.374: [GC (Allocation Failure) [PSYoungGen: 20K->32K(1536K)] 7704K->7716K(9728K), 0.0003146 secs] [Times: user=0.00 sys=0.00, real=0.00 secs] 
11.375: [GC (Allocation Failure) [PSYoungGen: 32K->32K(1536K)] 7716K->7716K(9728K), 0.0002467 secs] [Times: user=0.00 sys=0.00, real=0.00 secs] 
11.375: [Full GC (Allocation Failure) [PSYoungGen: 32K->0K(1536K)] [ParOldGen: 7684K->3281K(8192K)] 7716K->3281K(9728K), [Metaspace: 3328K->3328K(1056768K)], 0.0021621 secs] [Times: user=0.01 sys=0.00, real=0.00 secs] 
11.378: [GC (Allocation Failure) [PSYoungGen: 20K->32K(1536K)] 7705K->7717K(9728K), 0.0003068 secs] [Times: user=0.00 sys=0.00, real=0.00 secs] 
11.378: [GC (Allocation Failure) [PSYoungGen: 32K->32K(1536K)] 7717K->7717K(9728K), 0.0002540 secs] [Times: user=0.00 sys=0.00, real=0.00 secs] 
11.378: [Full GC (Allocation Failure) [PSYoungGen: 32K->0K(1536K)] [ParOldGen: 7685K->3281K(8192K)] 7717K->3281K(9728K), [Metaspace: 3328K->3328K(1056768K)], 0.0020721 secs] [Times: user=0.00 sys=0.00, real=0.00 secs] 
11.381: [GC (Allocation Failure) [PSYoungGen: 20K->32K(1536K)] 7706K->7718K(9728K), 0.0003259 secs] [Times: user=0.00 sys=0.00, real=0.00 secs] 
11.381: [GC (Allocation Failure) [PSYoungGen: 32K->32K(1536K)] 7718K->7718K(9728K), 0.0002580 secs] [Times: user=0.00 sys=0.00, real=0.00 secs] 
11.381: [Full GC (Allocation Failure) [PSYoungGen: 32K->0K(1536K)] [ParOldGen: 7686K->3281K(8192K)] 7718K->3281K(9728K), [Metaspace: 3328K->3328K(1056768K)], 0.0021312 secs] [Times: user=0.01 sys=0.00, real=0.01 secs] 
11.384: [GC (Allocation Failure) [PSYoungGen: 20K->32K(1536K)] 7707K->7719K(9728K), 0.0003172 secs] [Times: user=0.00 sys=0.00, real=0.00 secs] 
11.384: [GC (Allocation Failure) [PSYoungGen: 32K->32K(1536K)] 7719K->7719K(9728K), 0.0002659 secs] [Times: user=0.00 sys=0.00, real=0.00 secs] 
11.385: [Full GC (Allocation Failure) [PSYoungGen: 32K->0K(1536K)] [ParOldGen: 7687K->3282K(8192K)] 7719K->3282K(9728K), [Metaspace: 3328K->3328K(1056768K)], 0.0020536 secs] [Times: user=0.01 sys=0.00, real=0.00 secs] 
11.387: [GC (Allocation Failure) [PSYoungGen: 20K->32K(1536K)] 7708K->7720K(9728K), 0.0005103 secs] [Times: user=0.00 sys=0.00, real=0.00 secs] 
11.388: [GC (Allocation Failure) [PSYoungGen: 32K->32K(1536K)] 7720K->7720K(9728K), 0.0003185 secs] [Times: user=0.00 sys=0.00, real=0.00 secs] 
11.388: [Full GC (Allocation Failure) [PSYoungGen: 32K->0K(1536K)] [ParOldGen: 7688K->3282K(8192K)] 7720K->3282K(9728K), [Metaspace: 3328K->3328K(1056768K)], 0.0021452 secs] [Times: user=0.00 sys=0.00, real=0.00 secs] 
11.391: [GC (Allocation Failure) [PSYoungGen: 20K->32K(1536K)] 7709K->7721K(9728K), 0.0008296 secs] [Times: user=0.00 sys=0.00, real=0.00 secs] 
11.392: [GC (Allocation Failure) [PSYoungGen: 32K->32K(1536K)] 7721K->7721K(9728K), 0.0002554 secs] [Times: user=0.01 sys=0.00, real=0.00 secs] 
11.392: [Full GC (Allocation Failure) [PSYoungGen: 32K->0K(1536K)] [ParOldGen: 7689K->3282K(8192K)] 7721K->3282K(9728K), [Metaspace: 3328K->3328K(1056768K)], 0.0020386 secs] [Times: user=0.00 sys=0.00, real=0.01 secs] 
11.394: [GC (Allocation Failure) [PSYoungGen: 20K->32K(1536K)] 7710K->7722K(9728K), 0.0008357 secs] [Times: user=0.00 sys=0.00, real=0.00 secs] 
11.395: [GC (Allocation Failure) [PSYoungGen: 32K->32K(1536K)] 7722K->7722K(9728K), 0.0008023 secs] [Times: user=0.00 sys=0.00, real=0.00 secs] 
11.396: [Full GC (Allocation Failure) [PSYoungGen: 32K->0K(1536K)] [ParOldGen: 7690K->3283K(8192K)] 7722K->3283K(9728K), [Metaspace: 3328K->3328K(1056768K)], 0.0021011 secs] [Times: user=0.01 sys=0.00, real=0.00 secs] 
11.399: [GC (Allocation Failure) [PSYoungGen: 20K->32K(1536K)] 7711K->7723K(9728K), 0.0008278 secs] [Times: user=0.00 sys=0.00, real=0.00 secs] 
11.399: [GC (Allocation Failure) [PSYoungGen: 32K->32K(1536K)] 7723K->7723K(9728K), 0.0002902 secs] [Times: user=0.00 sys=0.00, real=0.00 secs] 
11.400: [Full GC (Allocation Failure) [PSYoungGen: 32K->0K(1536K)] [ParOldGen: 7691K->3283K(8192K)] 7723K->3283K(9728K), [Metaspace: 3328K->3328K(1056768K)], 0.0024208 secs] [Times: user=0.01 sys=0.00, real=0.00 secs] 
11.403: [GC (Allocation Failure) [PSYoungGen: 20K->32K(1536K)] 7712K->7724K(9728K), 0.0008415 secs] [Times: user=0.00 sys=0.00, real=0.01 secs] 
11.403: [GC (Allocation Failure) [PSYoungGen: 32K->32K(1536K)] 7724K->7724K(9728K), 0.0002583 secs] [Times: user=0.00 sys=0.00, real=0.00 secs] 
11.404: [Full GC (Allocation Failure) [PSYoungGen: 32K->0K(1536K)] [ParOldGen: 7692K->3283K(8192K)] 7724K->3283K(9728K), [Metaspace: 3328K->3328K(1056768K)], 0.0021494 secs] [Times: user=0.00 sys=0.00, real=0.00 secs] 
11.406: [GC (Allocation Failure) [PSYoungGen: 20K->32K(1536K)] 7713K->7725K(9728K), 0.0008116 secs] [Times: user=0.00 sys=0.00, real=0.00 secs] 
11.407: [GC (Allocation Failure) [PSYoungGen: 32K->32K(1536K)] 7725K->7725K(9728K), 0.0002532 secs] [Times: user=0.00 sys=0.00, real=0.00 secs] 
11.407: [Full GC (Allocation Failure) [PSYoungGen: 32K->0K(1536K)] [ParOldGen: 7693K->3284K(8192K)] 7725K->3284K(9728K), [Metaspace: 3328K->3328K(1056768K)], 0.0022643 secs] [Times: user=0.00 sys=0.00, real=0.00 secs] 
11.410: [GC (Allocation Failure) [PSYoungGen: 20K->32K(1536K)] 7714K->7725K(9728K), 0.0008237 secs] [Times: user=0.00 sys=0.00, real=0.00 secs] 
11.411: [GC (Allocation Failure) [PSYoungGen: 32K->32K(1536K)] 7725K->7725K(9728K), 0.0002510 secs] [Times: user=0.01 sys=0.00, real=0.00 secs] 
11.411: [Full GC (Allocation Failure) [PSYoungGen: 32K->0K(1536K)] [ParOldGen: 7693K->3284K(8192K)] 7725K->3284K(9728K), [Metaspace: 3328K->3328K(1056768K)], 0.0025512 secs] [Times: user=0.00 sys=0.00, real=0.01 secs] 
11.414: [GC (Allocation Failure) [PSYoungGen: 20K->32K(1536K)] 7715K->7726K(9728K), 0.0008407 secs] [Times: user=0.00 sys=0.00, real=0.00 secs] 
11.415: [GC (Allocation Failure) [PSYoungGen: 32K->32K(1536K)] 7726K->7726K(9728K), 0.0002755 secs] [Times: user=0.00 sys=0.00, real=0.00 secs] 
11.415: [Full GC (Allocation Failure) [PSYoungGen: 32K->0K(1536K)] [ParOldGen: 7694K->3284K(8192K)] 7726K->3284K(9728K), [Metaspace: 3328K->3328K(1056768K)], 0.0022103 secs] [Times: user=0.01 sys=0.00, real=0.00 secs] 
11.418: [GC (Allocation Failure) [PSYoungGen: 20K->32K(1536K)] 7716K->7727K(9728K), 0.0008195 secs] [Times: user=0.00 sys=0.00, real=0.00 secs] 
11.419: [GC (Allocation Failure) [PSYoungGen: 32K->32K(1536K)] 7727K->7727K(9728K), 0.0002727 secs] [Times: user=0.00 sys=0.00, real=0.00 secs] 
11.419: [Full GC (Allocation Failure) [PSYoungGen: 32K->0K(1536K)] [ParOldGen: 7695K->3285K(8192K)] 7727K->3285K(9728K), [Metaspace: 3328K->3328K(1056768K)], 0.0021789 secs] [Times: user=0.01 sys=0.00, real=0.00 secs] 
11.422: [GC (Allocation Failure) [PSYoungGen: 20K->32K(1536K)] 7717K->7728K(9728K), 0.0008232 secs] [Times: user=0.00 sys=0.00, real=0.01 secs] 
11.423: [GC (Allocation Failure) [PSYoungGen: 32K->32K(1536K)] 7728K->7728K(9728K), 0.0002725 secs] [Times: user=0.00 sys=0.00, real=0.00 secs] 
11.423: [Full GC (Allocation Failure) [PSYoungGen: 32K->0K(1536K)] [ParOldGen: 7696K->3285K(8192K)] 7728K->3285K(9728K), [Metaspace: 3328K->3328K(1056768K)], 0.0025507 secs] [Times: user=0.00 sys=0.00, real=0.00 secs] 
11.426: [GC (Allocation Failure) [PSYoungGen: 20K->32K(1536K)] 7718K->7729K(9728K), 0.0008588 secs] [Times: user=0.00 sys=0.00, real=0.00 secs] 
11.427: [GC (Allocation Failure) [PSYoungGen: 32K->32K(1536K)] 7729K->7729K(9728K), 0.0007954 secs] [Times: user=0.00 sys=0.00, real=0.00 secs] 
11.428: [Full GC (Allocation Failure) [PSYoungGen: 32K->0K(1536K)] [ParOldGen: 7697K->3285K(8192K)] 7729K->3285K(9728K), [Metaspace: 3328K->3328K(1056768K)], 0.0022966 secs] [Times: user=0.00 sys=0.00, real=0.00 secs] 
11.430: [GC (Allocation Failure) [PSYoungGen: 20K->32K(1536K)] 7719K->7730K(9728K), 0.0008312 secs] [Times: user=0.01 sys=0.00, real=0.00 secs] 
11.431: [GC (Allocation Failure) [PSYoungGen: 32K->32K(1536K)] 7730K->7730K(9728K), 0.0002466 secs] [Times: user=0.00 sys=0.00, real=0.00 secs] 
11.432: [Full GC (Allocation Failure) [PSYoungGen: 32K->0K(1536K)] [ParOldGen: 7698K->3286K(8192K)] 7730K->3286K(9728K), [Metaspace: 3328K->3328K(1056768K)], 0.0025995 secs] [Times: user=0.00 sys=0.00, real=0.01 secs] 
11.435: [GC (Allocation Failure) [PSYoungGen: 20K->32K(1536K)] 7720K->7731K(9728K), 0.0008298 secs] [Times: user=0.00 sys=0.00, real=0.00 secs] 
11.435: [GC (Allocation Failure) [PSYoungGen: 32K->32K(1536K)] 7731K->7731K(9728K), 0.0002633 secs] [Times: user=0.01 sys=0.00, real=0.00 secs] 
11.436: [Full GC (Allocation Failure) [PSYoungGen: 32K->0K(1536K)] [ParOldGen: 7699K->3286K(8192K)] 7731K->3286K(9728K), [Metaspace: 3328K->3328K(1056768K)], 0.0023950 secs] [Times: user=0.00 sys=0.00, real=0.00 secs] 
11.439: [GC (Allocation Failure) [PSYoungGen: 20K->32K(1536K)] 7721K->7732K(9728K), 0.0008197 secs] [Times: user=0.00 sys=0.00, real=0.00 secs] 
11.439: [GC (Allocation Failure) [PSYoungGen: 32K->32K(1536K)] 7732K->7732K(9728K), 0.0002552 secs] [Times: user=0.00 sys=0.00, real=0.00 secs] 
11.440: [Full GC (Allocation Failure) [PSYoungGen: 32K->0K(1536K)] [ParOldGen: 7700K->3286K(8192K)] 7732K->3286K(9728K), [Metaspace: 3328K->3328K(1056768K)], 0.0021569 secs] [Times: user=0.01 sys=0.00, real=0.00 secs] 
11.442: [GC (Allocation Failure) [PSYoungGen: 20K->32K(1536K)] 7722K->7733K(9728K), 0.0008182 secs] [Times: user=0.00 sys=0.00, real=0.01 secs] 
11.443: [GC (Allocation Failure) [PSYoungGen: 32K->32K(1536K)] 7733K->7733K(9728K), 0.0002886 secs] [Times: user=0.00 sys=0.00, real=0.00 secs] 
11.443: [Full GC (Allocation Failure) [PSYoungGen: 32K->0K(1536K)] [ParOldGen: 7701K->3287K(8192K)] 7733K->3287K(9728K), [Metaspace: 3328K->3328K(1056768K)], 0.0025008 secs] [Times: user=0.01 sys=0.00, real=0.00 secs] 
11.446: [GC (Allocation Failure) [PSYoungGen: 20K->32K(1536K)] 7723K->7734K(9728K), 0.0008286 secs] [Times: user=0.00 sys=0.00, real=0.00 secs] 
11.447: [GC (Allocation Failure) [PSYoungGen: 32K->32K(1536K)] 7734K->7734K(9728K), 0.0002481 secs] [Times: user=0.00 sys=0.00, real=0.00 secs] 
11.448: [Full GC (Allocation Failure) [PSYoungGen: 32K->0K(1536K)] [ParOldGen: 7702K->3287K(8192K)] 7734K->3287K(9728K), [Metaspace: 3328K->3328K(1056768K)], 0.0022430 secs] [Times: user=0.00 sys=0.00, real=0.00 secs] 
11.450: [GC (Allocation Failure) [PSYoungGen: 20K->32K(1536K)] 7724K->7735K(9728K), 0.0008186 secs] [Times: user=0.00 sys=0.00, real=0.00 secs] 
11.451: [GC (Allocation Failure) [PSYoungGen: 32K->32K(1536K)] 7735K->7735K(9728K), 0.0002433 secs] [Times: user=0.00 sys=0.00, real=0.00 secs] 
11.451: [Full GC (Allocation Failure) [PSYoungGen: 32K->0K(1536K)] [ParOldGen: 7703K->3287K(8192K)] 7735K->3287K(9728K), [Metaspace: 3328K->3328K(1056768K)], 0.0025328 secs] [Times: user=0.00 sys=0.00, real=0.01 secs] 
11.454: [GC (Allocation Failure) [PSYoungGen: 20K->32K(1536K)] 7725K->7736K(9728K), 0.0008219 secs] [Times: user=0.01 sys=0.00, real=0.00 secs] 
11.455: [GC (Allocation Failure) [PSYoungGen: 32K->32K(1536K)] 7736K->7736K(9728K), 0.0002920 secs] [Times: user=0.00 sys=0.00, real=0.00 secs] 
11.455: [Full GC (Allocation Failure) [PSYoungGen: 32K->0K(1536K)] [ParOldGen: 7704K->3287K(8192K)] 7736K->3287K(9728K), [Metaspace: 3328K->3328K(1056768K)], 0.0023688 secs] [Times: user=0.00 sys=0.00, real=0.00 secs] 
11.458: [GC (Allocation Failure) [PSYoungGen: 20K->32K(1536K)] 7726K->7737K(9728K), 0.0008469 secs] [Times: user=0.00 sys=0.00, real=0.00 secs] 
11.459: [GC (Allocation Failure) [PSYoungGen: 32K->32K(1536K)] 7737K->7737K(9728K), 0.0002581 secs] [Times: user=0.00 sys=0.00, real=0.00 secs] 
11.459: [Full GC (Allocation Failure) [PSYoungGen: 32K->0K(1536K)] [ParOldGen: 7705K->3288K(8192K)] 7737K->3288K(9728K), [Metaspace: 3328K->3328K(1056768K)], 0.0025333 secs] [Times: user=0.01 sys=0.00, real=0.00 secs] 
11.462: [GC (Allocation Failure) [PSYoungGen: 20K->32K(1536K)] 7726K->7738K(9728K), 0.0008282 secs] [Times: user=0.00 sys=0.00, real=0.01 secs] 
11.463: [GC (Allocation Failure) [PSYoungGen: 32K->32K(1536K)] 7738K->7738K(9728K), 0.0002583 secs] [Times: user=0.00 sys=0.00, real=0.00 secs] 
11.464: [Full GC (Allocation Failure) [PSYoungGen: 32K->0K(1536K)] [ParOldGen: 7706K->3288K(8192K)] 7738K->3288K(9728K), [Metaspace: 3328K->3328K(1056768K)], 0.0021565 secs] [Times: user=0.01 sys=0.00, real=0.00 secs] 
11.466: [GC (Allocation Failure) [PSYoungGen: 20K->32K(1536K)] 7727K->7739K(9728K), 0.0008211 secs] [Times: user=0.00 sys=0.00, real=0.00 secs] 
11.467: [GC (Allocation Failure) [PSYoungGen: 32K->32K(1536K)] 7739K->7739K(9728K), 0.0002645 secs] [Times: user=0.00 sys=0.00, real=0.00 secs] 
11.467: [Full GC (Allocation Failure) [PSYoungGen: 32K->0K(1536K)] [ParOldGen: 7707K->3288K(8192K)] 7739K->3288K(9728K), [Metaspace: 3328K->3328K(1056768K)], 0.0021883 secs] [Times: user=0.01 sys=0.00, real=0.00 secs] 
11.470: [GC (Allocation Failure) [PSYoungGen: 20K->32K(1536K)] 7728K->7740K(9728K), 0.0008201 secs] [Times: user=0.00 sys=0.00, real=0.00 secs] 
11.471: [GC (Allocation Failure) [PSYoungGen: 32K->32K(1536K)] 7740K->7740K(9728K), 0.0002457 secs] [Times: user=0.00 sys=0.00, real=0.00 secs] 
11.471: [Full GC (Allocation Failure) [PSYoungGen: 32K->0K(1536K)] [ParOldGen: 7708K->3289K(8192K)] 7740K->3289K(9728K), [Metaspace: 3328K->3328K(1056768K)], 0.0020448 secs] [Times: user=0.00 sys=0.00, real=0.01 secs] 
11.474: [GC (Allocation Failure) [PSYoungGen: 20K->32K(1536K)] 7729K->7741K(9728K), 0.0008214 secs] [Times: user=0.00 sys=0.00, real=0.00 secs] 
11.474: [GC (Allocation Failure) [PSYoungGen: 32K->32K(1536K)] 7741K->7741K(9728K), 0.0002938 secs] [Times: user=0.01 sys=0.00, real=0.00 secs] 
11.475: [Full GC (Allocation Failure) [PSYoungGen: 32K->0K(1536K)] [ParOldGen: 7709K->3289K(8192K)] 7741K->3289K(9728K), [Metaspace: 3328K->3328K(1056768K)], 0.0021744 secs] [Times: user=0.00 sys=0.00, real=0.00 secs] 
11.477: [GC (Allocation Failure) [PSYoungGen: 20K->32K(1536K)] 7730K->7742K(9728K), 0.0008261 secs] [Times: user=0.00 sys=0.00, real=0.00 secs] 
11.478: [GC (Allocation Failure) [PSYoungGen: 32K->32K(1536K)] 7742K->7742K(9728K), 0.0002524 secs] [Times: user=0.00 sys=0.00, real=0.00 secs] 
11.478: [Full GC (Allocation Failure) [PSYoungGen: 32K->0K(1536K)] [ParOldGen: 7710K->3289K(8192K)] 7742K->3289K(9728K), [Metaspace: 3328K->3328K(1056768K)], 0.0024382 secs] [Times: user=0.01 sys=0.00, real=0.00 secs] 
11.481: [GC (Allocation Failure) [PSYoungGen: 20K->32K(1536K)] 7731K->7743K(9728K), 0.0003097 secs] [Times: user=0.00 sys=0.00, real=0.00 secs] 
11.482: [GC (Allocation Failure) [PSYoungGen: 32K->32K(1536K)] 7743K->7743K(9728K), 0.0007885 secs] [Times: user=0.00 sys=0.00, real=0.00 secs] 
11.483: [Full GC (Allocation Failure) [PSYoungGen: 32K->0K(1536K)] [ParOldGen: 7711K->3290K(8192K)] 7743K->3290K(9728K), [Metaspace: 3328K->3328K(1056768K)], 0.0021213 secs] [Times: user=0.01 sys=0.00, real=0.01 secs] 
11.485: [GC (Allocation Failure) [PSYoungGen: 20K->32K(1536K)] 7732K->7744K(9728K), 0.0008513 secs] [Times: user=0.00 sys=0.00, real=0.00 secs] 
11.486: [GC (Allocation Failure) [PSYoungGen: 32K->32K(1536K)] 7744K->7744K(9728K), 0.0002735 secs] [Times: user=0.00 sys=0.00, real=0.00 secs] 
11.486: [Full GC (Allocation Failure) [PSYoungGen: 32K->0K(1536K)] [ParOldGen: 7712K->3290K(8192K)] 7744K->3290K(9728K), [Metaspace: 3328K->3328K(1056768K)], 0.0025387 secs] [Times: user=0.00 sys=0.00, real=0.00 secs] 
11.489: [GC (Allocation Failure) [PSYoungGen: 20K->32K(1536K)] 7733K->7745K(9728K), 0.0008290 secs] [Times: user=0.00 sys=0.00, real=0.00 secs] 
11.490: [GC (Allocation Failure) [PSYoungGen: 32K->32K(1536K)] 7745K->7745K(9728K), 0.0002706 secs] [Times: user=0.00 sys=0.00, real=0.00 secs] 
11.490: [Full GC (Allocation Failure) [PSYoungGen: 32K->0K(1536K)] [ParOldGen: 7713K->3290K(8192K)] 7745K->3290K(9728K), [Metaspace: 3328K->3328K(1056768K)], 0.0021139 secs] [Times: user=0.00 sys=0.00, real=0.00 secs] 
11.493: [GC (Allocation Failure) [PSYoungGen: 20K->32K(1536K)] 7734K->7746K(9728K), 0.0008127 secs] [Times: user=0.00 sys=0.00, real=0.00 secs] 
11.494: [GC (Allocation Failure) [PSYoungGen: 32K->32K(1536K)] 7746K->7746K(9728K), 0.0002521 secs] [Times: user=0.01 sys=0.00, real=0.00 secs] 
11.494: [Full GC (Allocation Failure) [PSYoungGen: 32K->0K(1536K)] [ParOldGen: 7714K->3291K(8192K)] 7746K->3291K(9728K), [Metaspace: 3328K->3328K(1056768K)], 0.0021525 secs] [Times: user=0.00 sys=0.00, real=0.00 secs] 
11.497: [GC (Allocation Failure) [PSYoungGen: 20K->32K(1536K)] 7735K->7747K(9728K), 0.0008401 secs] [Times: user=0.00 sys=0.01, real=0.00 secs] 
11.498: [GC (Allocation Failure) [PSYoungGen: 32K->32K(1536K)] 7747K->7747K(9728K), 0.0002685 secs] [Times: user=0.00 sys=0.00, real=0.00 secs] 
11.498: [Full GC (Allocation Failure) [PSYoungGen: 32K->0K(1536K)] [ParOldGen: 7715K->3291K(8192K)] 7747K->3291K(9728K), [Metaspace: 3328K->3328K(1056768K)], 0.0020495 secs] [Times: user=0.01 sys=0.00, real=0.00 secs] 
11.500: [GC (Allocation Failure) [PSYoungGen: 20K->32K(1536K)] 7736K->7748K(9728K), 0.0008246 secs] [Times: user=0.00 sys=0.00, real=0.00 secs] 
11.501: [GC (Allocation Failure) [PSYoungGen: 32K->32K(1536K)] 7748K->7748K(9728K), 0.0002722 secs] [Times: user=0.00 sys=0.00, real=0.00 secs] 
11.502: [Full GC (Allocation Failure) [PSYoungGen: 32K->0K(1536K)] [ParOldGen: 7716K->3291K(8192K)] 7748K->3291K(9728K), [Metaspace: 3328K->3328K(1056768K)], 0.0023226 secs] [Times: user=0.01 sys=0.00, real=0.01 secs] 
11.505: [GC (Allocation Failure) [PSYoungGen: 20K->32K(1536K)] 7737K->7749K(9728K), 0.0004703 secs] [Times: user=0.00 sys=0.00, real=0.00 secs] 
11.505: [GC (Allocation Failure) [PSYoungGen: 32K->32K(1536K)] 7749K->7749K(9728K), 0.0005435 secs] [Times: user=0.00 sys=0.00, real=0.00 secs] 
11.506: [Full GC (Allocation Failure) [PSYoungGen: 32K->0K(1536K)] [ParOldGen: 7717K->3292K(8192K)] 7749K->3292K(9728K), [Metaspace: 3328K->3328K(1056768K)], 0.0027379 secs] [Times: user=0.00 sys=0.00, real=0.00 secs] 
11.509: [GC (Allocation Failure) [PSYoungGen: 20K->32K(1536K)] 7738K->7750K(9728K), 0.0008319 secs] [Times: user=0.01 sys=0.00, real=0.00 secs] 
11.510: [GC (Allocation Failure) [PSYoungGen: 32K->32K(1536K)] 7750K->7750K(9728K), 0.0002741 secs] [Times: user=0.00 sys=0.00, real=0.00 secs] 
11.510: [Full GC (Allocation Failure) [PSYoungGen: 32K->0K(1536K)] [ParOldGen: 7718K->3292K(8192K)] 7750K->3292K(9728K), [Metaspace: 3328K->3328K(1056768K)], 0.0021638 secs] [Times: user=0.00 sys=0.00, real=0.00 secs] 
11.513: [GC (Allocation Failure) [PSYoungGen: 20K->32K(1536K)] 7739K->7750K(9728K), 0.0008584 secs] [Times: user=0.00 sys=0.00, real=0.00 secs] 
11.514: [GC (Allocation Failure) [PSYoungGen: 32K->32K(1536K)] 7750K->7750K(9728K), 0.0003433 secs] [Times: user=0.00 sys=0.00, real=0.00 secs] 
11.514: [Full GC (Allocation Failure) [PSYoungGen: 32K->0K(1536K)] [ParOldGen: 7718K->3292K(8192K)] 7750K->3292K(9728K), [Metaspace: 3328K->3328K(1056768K)], 0.0025539 secs] [Times: user=0.01 sys=0.00, real=0.00 secs] 
11.517: [GC (Allocation Failure) [PSYoungGen: 20K->32K(1536K)] 7740K->7751K(9728K), 0.0008229 secs] [Times: user=0.00 sys=0.00, real=0.00 secs] 
11.518: [GC (Allocation Failure) [PSYoungGen: 32K->32K(1536K)] 7751K->7751K(9728K), 0.0002889 secs] [Times: user=0.00 sys=0.00, real=0.00 secs] 
11.518: [Full GC (Allocation Failure) [PSYoungGen: 32K->0K(1536K)] [ParOldGen: 7719K->3293K(8192K)] 7751K->3293K(9728K), [Metaspace: 3328K->3328K(1056768K)], 0.0020564 secs] [Times: user=0.01 sys=0.00, real=0.00 secs] 
11.521: [GC (Allocation Failure) [PSYoungGen: 20K->32K(1536K)] 7741K->7752K(9728K), 0.0008460 secs] [Times: user=0.00 sys=0.00, real=0.00 secs] 
11.522: [GC (Allocation Failure) [PSYoungGen: 32K->32K(1536K)] 7752K->7752K(9728K), 0.0005288 secs] [Times: user=0.00 sys=0.00, real=0.00 secs] 
11.522: [Full GC (Allocation Failure) [PSYoungGen: 32K->0K(1536K)] [ParOldGen: 7720K->3293K(8192K)] 7752K->3293K(9728K), [Metaspace: 3328K->3328K(1056768K)], 0.0027302 secs] [Times: user=0.01 sys=0.00, real=0.01 secs] 
11.525: [GC (Allocation Failure) [PSYoungGen: 20K->32K(1536K)] 7742K->7753K(9728K), 0.0008190 secs] [Times: user=0.00 sys=0.00, real=0.00 secs] 
11.526: [GC (Allocation Failure) [PSYoungGen: 32K->32K(1536K)] 7753K->7753K(9728K), 0.0002517 secs] [Times: user=0.00 sys=0.00, real=0.00 secs] 
11.527: [Full GC (Allocation Failure) [PSYoungGen: 32K->0K(1536K)] [ParOldGen: 7721K->3293K(8192K)] 7753K->3293K(9728K), [Metaspace: 3328K->3328K(1056768K)], 0.0021039 secs] [Times: user=0.01 sys=0.00, real=0.00 secs] 
11.529: [GC (Allocation Failure) [PSYoungGen: 20K->32K(1536K)] 7743K->7754K(9728K), 0.0003204 secs] [Times: user=0.00 sys=0.00, real=0.00 secs] 
11.529: [GC (Allocation Failure) [PSYoungGen: 32K->32K(1536K)] 7754K->7754K(9728K), 0.0002906 secs] [Times: user=0.00 sys=0.00, real=0.00 secs] 
11.530: [Full GC (Allocation Failure) [PSYoungGen: 32K->0K(1536K)] [ParOldGen: 7722K->3294K(8192K)] 7754K->3294K(9728K), [Metaspace: 3328K->3328K(1056768K)], 0.0023976 secs] [Times: user=0.00 sys=0.00, real=0.00 secs] 
11.533: [GC (Allocation Failure) [PSYoungGen: 20K->32K(1536K)] 7744K->7755K(9728K), 0.0008311 secs] [Times: user=0.00 sys=0.00, real=0.01 secs] 
11.533: [GC (Allocation Failure) [PSYoungGen: 32K->32K(1536K)] 7755K->7755K(9728K), 0.0002316 secs] [Times: user=0.00 sys=0.00, real=0.00 secs] 
11.534: [Full GC (Allocation Failure) [PSYoungGen: 32K->0K(1536K)] [ParOldGen: 7723K->3294K(8192K)] 7755K->3294K(9728K), [Metaspace: 3328K->3328K(1056768K)], 0.0025744 secs] [Times: user=0.01 sys=0.00, real=0.00 secs] 
11.537: [GC (Allocation Failure) [PSYoungGen: 20K->32K(1536K)] 7745K->7756K(9728K), 0.0008275 secs] [Times: user=0.00 sys=0.00, real=0.00 secs] 
11.538: [GC (Allocation Failure) [PSYoungGen: 32K->32K(1536K)] 7756K->7756K(9728K), 0.0002768 secs] [Times: user=0.00 sys=0.00, real=0.00 secs] 
11.538: [Full GC (Allocation Failure) [PSYoungGen: 32K->0K(1536K)] [ParOldGen: 7724K->3294K(8192K)] 7756K->3294K(9728K), [Metaspace: 3328K->3328K(1056768K)], 0.0020632 secs] [Times: user=0.01 sys=0.00, real=0.00 secs] 
11.540: [GC (Allocation Failure) [PSYoungGen: 20K->32K(1536K)] 7746K->7757K(9728K), 0.0003373 secs] [Times: user=0.00 sys=0.00, real=0.00 secs] 
11.541: [GC (Allocation Failure) [PSYoungGen: 32K->32K(1536K)] 7757K->7757K(9728K), 0.0002435 secs] [Times: user=0.00 sys=0.00, real=0.00 secs] 
11.541: [Full GC (Allocation Failure) [PSYoungGen: 32K->0K(1536K)] [ParOldGen: 7725K->3295K(8192K)] 7757K->3295K(9728K), [Metaspace: 3328K->3328K(1056768K)], 0.0027251 secs] [Times: user=0.00 sys=0.00, real=0.01 secs] 
11.544: [GC (Allocation Failure) [PSYoungGen: 20K->32K(1536K)] 7747K->7758K(9728K), 0.0003772 secs] [Times: user=0.01 sys=0.00, real=0.00 secs] 
11.545: [GC (Allocation Failure) [PSYoungGen: 32K->32K(1536K)] 7758K->7758K(9728K), 0.0008544 secs] [Times: user=0.00 sys=0.00, real=0.00 secs] 
11.546: [Full GC (Allocation Failure) [PSYoungGen: 32K->0K(1536K)] [ParOldGen: 7726K->3295K(8192K)] 7758K->3295K(9728K), [Metaspace: 3328K->3328K(1056768K)], 0.0021655 secs] [Times: user=0.00 sys=0.00, real=0.00 secs] 
11.548: [GC (Allocation Failure) [PSYoungGen: 20K->32K(1536K)] 7748K->7759K(9728K), 0.0008167 secs] [Times: user=0.00 sys=0.00, real=0.00 secs] 
11.549: [GC (Allocation Failure) [PSYoungGen: 32K->32K(1536K)] 7759K->7759K(9728K), 0.0002574 secs] [Times: user=0.00 sys=0.00, real=0.00 secs] 
11.549: [Full GC (Allocation Failure) [PSYoungGen: 32K->0K(1536K)] [ParOldGen: 7727K->3295K(8192K)] 7759K->3295K(9728K), [Metaspace: 3328K->3328K(1056768K)], 0.0020356 secs] [Times: user=0.00 sys=0.00, real=0.00 secs] 
11.552: [GC (Allocation Failure) [PSYoungGen: 20K->32K(1536K)] 7749K->7760K(9728K), 0.0003088 secs] [Times: user=0.00 sys=0.00, real=0.00 secs] 
11.552: [GC (Allocation Failure) [PSYoungGen: 32K->32K(1536K)] 7760K->7760K(9728K), 0.0002482 secs] [Times: user=0.00 sys=0.00, real=0.00 secs] 
11.552: [Full GC (Allocation Failure) [PSYoungGen: 32K->0K(1536K)] [ParOldGen: 7728K->3295K(8192K)] 7760K->3295K(9728K), [Metaspace: 3328K->3328K(1056768K)], 0.0025207 secs] [Times: user=0.01 sys=0.00, real=0.01 secs] 
11.555: [GC (Allocation Failure) [PSYoungGen: 20K->32K(1536K)] 7750K->7761K(9728K), 0.0008301 secs] [Times: user=0.00 sys=0.00, real=0.00 secs] 
11.556: [GC (Allocation Failure) [PSYoungGen: 32K->32K(1536K)] 7761K->7761K(9728K), 0.0002825 secs] [Times: user=0.00 sys=0.00, real=0.00 secs] 
11.557: [Full GC (Allocation Failure) [PSYoungGen: 32K->0K(1536K)] [ParOldGen: 7729K->3296K(8192K)] 7761K->3296K(9728K), [Metaspace: 3328K->3328K(1056768K)], 0.0025617 secs] [Times: user=0.01 sys=0.00, real=0.00 secs] 
11.560: [GC (Allocation Failure) [PSYoungGen: 20K->32K(1536K)] 7750K->7762K(9728K), 0.0008469 secs] [Times: user=0.00 sys=0.00, real=0.00 secs] 
11.560: [GC (Allocation Failure) [PSYoungGen: 32K->32K(1536K)] 7762K->7762K(9728K), 0.0002478 secs] [Times: user=0.00 sys=0.00, real=0.00 secs] 
11.561: [Full GC (Allocation Failure) [PSYoungGen: 32K->0K(1536K)] [ParOldGen: 7730K->3296K(8192K)] 7762K->3296K(9728K), [Metaspace: 3328K->3328K(1056768K)], 0.0020368 secs] [Times: user=0.00 sys=0.00, real=0.01 secs] 
11.563: [GC (Allocation Failure) [PSYoungGen: 20K->32K(1536K)] 7751K->7763K(9728K), 0.0008282 secs] [Times: user=0.00 sys=0.00, real=0.00 secs] 
11.564: [GC (Allocation Failure) [PSYoungGen: 32K->32K(1536K)] 7763K->7763K(9728K), 0.0002372 secs] [Times: user=0.01 sys=0.00, real=0.00 secs] 
11.564: [Full GC (Allocation Failure) [PSYoungGen: 32K->0K(1536K)] [ParOldGen: 7731K->3296K(8192K)] 7763K->3296K(9728K), [Metaspace: 3328K->3328K(1056768K)], 0.0024153 secs] [Times: user=0.00 sys=0.00, real=0.00 secs] 
11.567: [GC (Allocation Failure) [PSYoungGen: 20K->32K(1536K)] 7752K->7764K(9728K), 0.0008209 secs] [Times: user=0.00 sys=0.00, real=0.00 secs] 
11.568: [GC (Allocation Failure) [PSYoungGen: 32K->32K(1536K)] 7764K->7764K(9728K), 0.0002693 secs] [Times: user=0.00 sys=0.00, real=0.00 secs] 
11.568: [Full GC (Allocation Failure) [PSYoungGen: 32K->0K(1536K)] [ParOldGen: 7732K->3297K(8192K)] 7764K->3297K(9728K), [Metaspace: 3328K->3328K(1056768K)], 0.0020572 secs] [Times: user=0.01 sys=0.00, real=0.00 secs] 
11.571: [GC (Allocation Failure) [PSYoungGen: 20K->32K(1536K)] 7753K->7765K(9728K), 0.0008215 secs] [Times: user=0.00 sys=0.00, real=0.00 secs] 
11.572: [GC (Allocation Failure) [PSYoungGen: 32K->32K(1536K)] 7765K->7765K(9728K), 0.0002479 secs] [Times: user=0.00 sys=0.00, real=0.00 secs] 
11.572: [Full GC (Allocation Failure) [PSYoungGen: 32K->0K(1536K)] [ParOldGen: 7733K->3297K(8192K)] 7765K->3297K(9728K), [Metaspace: 3328K->3328K(1056768K)], 0.0020463 secs] [Times: user=0.01 sys=0.00, real=0.01 secs] 
11.574: [GC (Allocation Failure) [PSYoungGen: 20K->32K(1536K)] 7754K->7766K(9728K), 0.0008169 secs] [Times: user=0.00 sys=0.00, real=0.00 secs] 
11.575: [GC (Allocation Failure) [PSYoungGen: 32K->32K(1536K)] 7766K->7766K(9728K), 0.0002639 secs] [Times: user=0.00 sys=0.00, real=0.00 secs] 
11.576: [Full GC (Allocation Failure) [PSYoungGen: 32K->0K(1536K)] [ParOldGen: 7734K->3297K(8192K)] 7766K->3297K(9728K), [Metaspace: 3328K->3328K(1056768K)], 0.0021875 secs] [Times: user=0.00 sys=0.01, real=0.00 secs] 
11.578: [GC (Allocation Failure) [PSYoungGen: 20K->32K(1536K)] 7755K->7767K(9728K), 0.0008303 secs] [Times: user=0.01 sys=0.00, real=0.00 secs] 
11.579: [GC (Allocation Failure) [PSYoungGen: 32K->32K(1536K)] 7767K->7767K(9728K), 0.0007838 secs] [Times: user=0.00 sys=0.00, real=0.00 secs] 
11.580: [Full GC (Allocation Failure) [PSYoungGen: 32K->0K(1536K)] [ParOldGen: 7735K->3298K(8192K)] 7767K->3298K(9728K), [Metaspace: 3328K->3328K(1056768K)], 0.0024924 secs] [Times: user=0.00 sys=0.00, real=0.00 secs] 
11.583: [GC (Allocation Failure) [PSYoungGen: 20K->32K(1536K)] 7756K->7768K(9728K), 0.0008591 secs] [Times: user=0.01 sys=0.00, real=0.00 secs] 
11.584: [GC (Allocation Failure) [PSYoungGen: 32K->32K(1536K)] 7768K->7768K(9728K), 0.0002349 secs] [Times: user=0.00 sys=0.00, real=0.00 secs] 
11.584: [Full GC (Allocation Failure) [PSYoungGen: 32K->0K(1536K)] [ParOldGen: 7736K->3298K(8192K)] 7768K->3298K(9728K), [Metaspace: 3328K->3328K(1056768K)], 0.0024231 secs] [Times: user=0.00 sys=0.00, real=0.00 secs] 
11.587: [GC (Allocation Failure) [PSYoungGen: 20K->32K(1536K)] 7757K->7769K(9728K), 0.0003981 secs] [Times: user=0.00 sys=0.00, real=0.00 secs] 
11.587: [GC (Allocation Failure) [PSYoungGen: 32K->32K(1536K)] 7769K->7769K(9728K), 0.0005129 secs] [Times: user=0.00 sys=0.00, real=0.00 secs] 
11.588: [Full GC (Allocation Failure) [PSYoungGen: 32K->0K(1536K)] [ParOldGen: 7737K->3298K(8192K)] 7769K->3298K(9728K), [Metaspace: 3328K->3328K(1056768K)], 0.0025023 secs] [Times: user=0.01 sys=0.00, real=0.00 secs] 
11.591: [GC (Allocation Failure) [PSYoungGen: 20K->32K(1536K)] 7758K->7770K(9728K), 0.0008251 secs] [Times: user=0.00 sys=0.00, real=0.00 secs] 
11.592: [GC (Allocation Failure) [PSYoungGen: 32K->32K(1536K)] 7770K->7770K(9728K), 0.0007648 secs] [Times: user=0.00 sys=0.00, real=0.00 secs] 
11.592: [Full GC (Allocation Failure) [PSYoungGen: 32K->0K(1536K)] [ParOldGen: 7738K->3299K(8192K)] 7770K->3299K(9728K), [Metaspace: 3328K->3328K(1056768K)], 0.0020867 secs] [Times: user=0.01 sys=0.00, real=0.01 secs] 
11.595: [GC (Allocation Failure) [PSYoungGen: 20K->32K(1536K)] 7759K->7771K(9728K), 0.0003084 secs] [Times: user=0.00 sys=0.00, real=0.00 secs] 
11.595: [GC (Allocation Failure) [PSYoungGen: 32K->32K(1536K)] 7771K->7771K(9728K), 0.0002918 secs] [Times: user=0.00 sys=0.00, real=0.00 secs] 
11.596: [Full GC (Allocation Failure) [PSYoungGen: 32K->0K(1536K)] [ParOldGen: 7739K->3299K(8192K)] 7771K->3299K(9728K), [Metaspace: 3328K->3328K(1056768K)], 0.0023865 secs] [Times: user=0.00 sys=0.00, real=0.00 secs] 
11.598: [GC (Allocation Failure) [PSYoungGen: 20K->32K(1536K)] 7760K->7772K(9728K), 0.0008479 secs] [Times: user=0.01 sys=0.00, real=0.00 secs] 
11.599: [GC (Allocation Failure) [PSYoungGen: 32K->32K(1536K)] 7772K->7772K(9728K), 0.0002441 secs] [Times: user=0.00 sys=0.00, real=0.00 secs] 
11.600: [Full GC (Allocation Failure) [PSYoungGen: 32K->0K(1536K)] [ParOldGen: 7740K->3299K(8192K)] 7772K->3299K(9728K), [Metaspace: 3328K->3328K(1056768K)], 0.0022594 secs] [Times: user=0.00 sys=0.00, real=0.00 secs] 
11.602: [GC (Allocation Failure) [PSYoungGen: 20K->32K(1536K)] 7761K->7773K(9728K), 0.0008160 secs] [Times: user=0.00 sys=0.00, real=0.01 secs] 
11.603: [GC (Allocation Failure) [PSYoungGen: 32K->32K(1536K)] 7773K->7773K(9728K), 0.0002844 secs] [Times: user=0.00 sys=0.00, real=0.00 secs] 
11.604: [Full GC (Allocation Failure) [PSYoungGen: 32K->0K(1536K)] [ParOldGen: 7741K->3300K(8192K)] 7773K->3300K(9728K), [Metaspace: 3328K->3328K(1056768K)], 0.0025582 secs] [Times: user=0.01 sys=0.00, real=0.00 secs] 
11.606: [GC (Allocation Failure) [PSYoungGen: 20K->32K(1536K)] 7762K->7774K(9728K), 0.0008274 secs] [Times: user=0.00 sys=0.00, real=0.00 secs] 
11.607: [GC (Allocation Failure) [PSYoungGen: 32K->32K(1536K)] 7774K->7774K(9728K), 0.0002909 secs] [Times: user=0.00 sys=0.00, real=0.00 secs] 
11.608: [Full GC (Allocation Failure) [PSYoungGen: 32K->0K(1536K)] [ParOldGen: 7742K->3300K(8192K)] 7774K->3300K(9728K), [Metaspace: 3328K->3328K(1056768K)], 0.0021115 secs] [Times: user=0.01 sys=0.00, real=0.00 secs] 
11.610: [GC (Allocation Failure) [PSYoungGen: 20K->32K(1536K)] 7763K->7774K(9728K), 0.0008215 secs] [Times: user=0.00 sys=0.00, real=0.00 secs] 
11.611: [GC (Allocation Failure) [PSYoungGen: 32K->32K(1536K)] 7774K->7774K(9728K), 0.0002621 secs] [Times: user=0.00 sys=0.00, real=0.00 secs] 
11.611: [Full GC (Allocation Failure) [PSYoungGen: 32K->0K(1536K)] [ParOldGen: 7742K->3300K(8192K)] 7774K->3300K(9728K), [Metaspace: 3328K->3328K(1056768K)], 0.0021865 secs] [Times: user=0.01 sys=0.00, real=0.01 secs] 
11.614: [GC (Allocation Failure) [PSYoungGen: 20K->32K(1536K)] 7764K->7775K(9728K), 0.0008296 secs] [Times: user=0.00 sys=0.00, real=0.00 secs] 
11.615: [GC (Allocation Failure) [PSYoungGen: 32K->32K(1536K)] 7775K->7775K(9728K), 0.0002474 secs] [Times: user=0.00 sys=0.00, real=0.00 secs] 
11.615: [Full GC (Allocation Failure) [PSYoungGen: 32K->0K(1536K)] [ParOldGen: 7743K->3301K(8192K)] 7775K->3301K(9728K), [Metaspace: 3328K->3328K(1056768K)], 0.0021749 secs] [Times: user=0.00 sys=0.00, real=0.00 secs] 
11.618: [GC (Allocation Failure) [PSYoungGen: 20K->32K(1536K)] 7765K->7776K(9728K), 0.0008885 secs] [Times: user=0.01 sys=0.00, real=0.00 secs] 
11.619: [GC (Allocation Failure) [PSYoungGen: 32K->32K(1536K)] 7776K->7776K(9728K), 0.0002803 secs] [Times: user=0.00 sys=0.00, real=0.00 secs] 
11.619: [Full GC (Allocation Failure) [PSYoungGen: 32K->0K(1536K)] [ParOldGen: 7744K->3301K(8192K)] 7776K->3301K(9728K), [Metaspace: 3328K->3328K(1056768K)], 0.0025279 secs] [Times: user=0.00 sys=0.00, real=0.00 secs] 
11.622: [GC (Allocation Failure) [PSYoungGen: 20K->32K(1536K)] 7766K->7777K(9728K), 0.0003151 secs] [Times: user=0.00 sys=0.00, real=0.00 secs] 
11.622: [GC (Allocation Failure) [PSYoungGen: 32K->32K(1536K)] 7777K->7777K(9728K), 0.0002398 secs] [Times: user=0.00 sys=0.00, real=0.00 secs] 
11.623: [Full GC (Allocation Failure) [PSYoungGen: 32K->0K(1536K)] [ParOldGen: 7745K->3301K(8192K)] 7777K->3301K(9728K), [Metaspace: 3328K->3328K(1056768K)], 0.0021735 secs] [Times: user=0.01 sys=0.00, real=0.01 secs] 
11.625: [GC (Allocation Failure) [PSYoungGen: 20K->32K(1536K)] 7767K->7778K(9728K), 0.0008267 secs] [Times: user=0.00 sys=0.00, real=0.00 secs] 
11.626: [GC (Allocation Failure) [PSYoungGen: 32K->32K(1536K)] 7778K->7778K(9728K), 0.0002737 secs] [Times: user=0.00 sys=0.00, real=0.00 secs] 
11.626: [Full GC (Allocation Failure) [PSYoungGen: 32K->0K(1536K)] [ParOldGen: 7746K->3302K(8192K)] 7778K->3302K(9728K), [Metaspace: 3328K->3328K(1056768K)], 0.0021895 secs] [Times: user=0.01 sys=0.00, real=0.00 secs] 
11.629: [GC (Allocation Failure) [PSYoungGen: 20K->32K(1536K)] 7768K->7779K(9728K), 0.0008214 secs] [Times: user=0.00 sys=0.00, real=0.00 secs] 
11.630: [GC (Allocation Failure) [PSYoungGen: 32K->32K(1536K)] 7779K->7779K(9728K), 0.0007985 secs] [Times: user=0.00 sys=0.00, real=0.00 secs] 
11.631: [Full GC (Allocation Failure) [PSYoungGen: 32K->0K(1536K)] [ParOldGen: 7747K->3302K(8192K)] 7779K->3302K(9728K), [Metaspace: 3328K->3328K(1056768K)], 0.0021492 secs] [Times: user=0.01 sys=0.00, real=0.01 secs] 
11.633: [GC (Allocation Failure) [PSYoungGen: 20K->32K(1536K)] 7769K->7780K(9728K), 0.0008222 secs] [Times: user=0.00 sys=0.00, real=0.00 secs] 
11.634: [GC (Allocation Failure) [PSYoungGen: 32K->32K(1536K)] 7780K->7780K(9728K), 0.0002458 secs] [Times: user=0.00 sys=0.00, real=0.00 secs] 
11.634: [Full GC (Allocation Failure) [PSYoungGen: 32K->0K(1536K)] [ParOldGen: 7748K->3302K(8192K)] 7780K->3302K(9728K), [Metaspace: 3328K->3328K(1056768K)], 0.0020478 secs] [Times: user=0.00 sys=0.00, real=0.00 secs] 
11.637: [GC (Allocation Failure) [PSYoungGen: 20K->32K(1536K)] 7770K->7781K(9728K), 0.0008204 secs] [Times: user=0.00 sys=0.00, real=0.00 secs] 
11.638: [GC (Allocation Failure) [PSYoungGen: 32K->32K(1536K)] 7781K->7781K(9728K), 0.0002677 secs] [Times: user=0.01 sys=0.00, real=0.00 secs] 
11.638: [Full GC (Allocation Failure) [PSYoungGen: 32K->0K(1536K)] [ParOldGen: 7749K->3303K(8192K)] 7781K->3303K(9728K), [Metaspace: 3328K->3328K(1056768K)], 0.0020772 secs] [Times: user=0.00 sys=0.00, real=0.00 secs] 
11.640: [GC (Allocation Failure) [PSYoungGen: 20K->32K(1536K)] 7771K->7782K(9728K), 0.0008094 secs] [Times: user=0.00 sys=0.00, real=0.00 secs] 
11.641: [GC (Allocation Failure) [PSYoungGen: 32K->32K(1536K)] 7782K->7782K(9728K), 0.0007962 secs] [Times: user=0.00 sys=0.00, real=0.00 secs] 
11.642: [Full GC (Allocation Failure) [PSYoungGen: 32K->0K(1536K)] [ParOldGen: 7750K->3303K(8192K)] 7782K->3303K(9728K), [Metaspace: 3328K->3328K(1056768K)], 0.0020813 secs] [Times: user=0.01 sys=0.00, real=0.01 secs] 
11.645: [GC (Allocation Failure) [PSYoungGen: 20K->32K(1536K)] 7772K->7783K(9728K), 0.0003148 secs] [Times: user=0.00 sys=0.00, real=0.00 secs] 
11.645: [GC (Allocation Failure) [PSYoungGen: 32K->32K(1536K)] 7783K->7783K(9728K), 0.0002715 secs] [Times: user=0.00 sys=0.00, real=0.00 secs] 
11.645: [Full GC (Allocation Failure) [PSYoungGen: 32K->0K(1536K)] [ParOldGen: 7751K->3303K(8192K)] 7783K->3303K(9728K), [Metaspace: 3328K->3328K(1056768K)], 0.0031707 secs] [Times: user=0.01 sys=0.00, real=0.00 secs] 
11.649: [GC (Allocation Failure) [PSYoungGen: 20K->32K(1536K)] 7773K->7784K(9728K), 0.0003030 secs] [Times: user=0.00 sys=0.00, real=0.00 secs] 
11.649: [GC (Allocation Failure) [PSYoungGen: 32K->32K(1536K)] 7784K->7784K(9728K), 0.0002492 secs] [Times: user=0.00 sys=0.00, real=0.00 secs] 
11.650: [Full GC (Allocation Failure) [PSYoungGen: 32K->0K(1536K)] [ParOldGen: 7752K->3303K(8192K)] 7784K->3303K(9728K), [Metaspace: 3328K->3328K(1056768K)], 0.0025037 secs] [Times: user=0.00 sys=0.00, real=0.00 secs] 
11.652: [GC (Allocation Failure) [PSYoungGen: 20K->32K(1536K)] 7774K->7785K(9728K), 0.0003093 secs] [Times: user=0.00 sys=0.00, real=0.01 secs] 
11.653: [GC (Allocation Failure) [PSYoungGen: 32K->32K(1536K)] 7785K->7785K(9728K), 0.0007954 secs] [Times: user=0.01 sys=0.00, real=0.00 secs] 
11.654: [Full GC (Allocation Failure) [PSYoungGen: 32K->0K(1536K)] [ParOldGen: 7753K->3304K(8192K)] 7785K->3304K(9728K), [Metaspace: 3328K->3328K(1056768K)], 0.0027897 secs] [Times: user=0.00 sys=0.00, real=0.00 secs] 
11.657: [GC (Allocation Failure) [PSYoungGen: 20K->32K(1536K)] 7775K->7786K(9728K), 0.0003236 secs] [Times: user=0.00 sys=0.00, real=0.00 secs] 
11.657: [GC (Allocation Failure) [PSYoungGen: 32K->32K(1536K)] 7786K->7786K(9728K), 0.0007866 secs] [Times: user=0.00 sys=0.00, real=0.00 secs] 
11.658: [Full GC (Allocation Failure) [PSYoungGen: 32K->0K(1536K)] [ParOldGen: 7754K->3304K(8192K)] 7786K->3304K(9728K), [Metaspace: 3328K->3328K(1056768K)], 0.0027694 secs] [Times: user=0.01 sys=0.00, real=0.00 secs] 
11.661: [GC (Allocation Failure) [PSYoungGen: 20K->32K(1536K)] 7775K->7787K(9728K), 0.0003594 secs] [Times: user=0.00 sys=0.00, real=0.00 secs] 
11.662: [GC (Allocation Failure) [PSYoungGen: 32K->32K(1536K)] 7787K->7787K(9728K), 0.0007959 secs] [Times: user=0.00 sys=0.00, real=0.00 secs] 
11.663: [Full GC (Allocation Failure) [PSYoungGen: 32K->0K(1536K)] [ParOldGen: 7755K->3304K(8192K)] 7787K->3304K(9728K), [Metaspace: 3328K->3328K(1056768K)], 0.0026071 secs] [Times: user=0.01 sys=0.00, real=0.01 secs] 
11.666: [GC (Allocation Failure) [PSYoungGen: 20K->32K(1536K)] 7776K->7788K(9728K), 0.0003152 secs] [Times: user=0.00 sys=0.00, real=0.00 secs] 
11.666: [GC (Allocation Failure) [PSYoungGen: 32K->32K(1536K)] 7788K->7788K(9728K), 0.0007954 secs] [Times: user=0.00 sys=0.00, real=0.00 secs] 
11.667: [Full GC (Allocation Failure) [PSYoungGen: 32K->0K(1536K)] [ParOldGen: 7756K->3305K(8192K)] 7788K->3305K(9728K), [Metaspace: 3328K->3328K(1056768K)], 0.0027611 secs] [Times: user=0.01 sys=0.01, real=0.00 secs] 
11.670: [GC (Allocation Failure) [PSYoungGen: 20K->32K(1536K)] 7777K->7789K(9728K), 0.0003119 secs] [Times: user=0.00 sys=0.00, real=0.00 secs] 
11.670: [GC (Allocation Failure) [PSYoungGen: 32K->32K(1536K)] 7789K->7789K(9728K), 0.0007632 secs] [Times: user=0.00 sys=0.00, real=0.00 secs] 
11.671: [Full GC (Allocation Failure) [PSYoungGen: 32K->0K(1536K)] [ParOldGen: 7757K->3305K(8192K)] 7789K->3305K(9728K), [Metaspace: 3328K->3328K(1056768K)], 0.0025820 secs] [Times: user=0.01 sys=0.00, real=0.01 secs] 
11.674: [GC (Allocation Failure) [PSYoungGen: 20K->32K(1536K)] 7778K->7790K(9728K), 0.0003052 secs] [Times: user=0.00 sys=0.00, real=0.00 secs] 
11.675: [GC (Allocation Failure) [PSYoungGen: 32K->32K(1536K)] 7790K->7790K(9728K), 0.0007968 secs] [Times: user=0.00 sys=0.00, real=0.00 secs] 
11.675: [Full GC (Allocation Failure) [PSYoungGen: 32K->0K(1536K)] [ParOldGen: 7758K->3305K(8192K)] 7790K->3305K(9728K), [Metaspace: 3328K->3328K(1056768K)], 0.0025133 secs] [Times: user=0.01 sys=0.00, real=0.00 secs] 
11.678: [GC (Allocation Failure) [PSYoungGen: 20K->32K(1536K)] 7779K->7791K(9728K), 0.0003133 secs] [Times: user=0.00 sys=0.00, real=0.00 secs] 
11.679: [GC (Allocation Failure) [PSYoungGen: 32K->32K(1536K)] 7791K->7791K(9728K), 0.0007539 secs] [Times: user=0.00 sys=0.00, real=0.00 secs] 
11.679: [Full GC (Allocation Failure) [PSYoungGen: 32K->0K(1536K)] [ParOldGen: 7759K->3306K(8192K)] 7791K->3306K(9728K), [Metaspace: 3328K->3328K(1056768K)], 0.0027580 secs] [Times: user=0.01 sys=0.00, real=0.00 secs] 
11.683: [GC (Allocation Failure) [PSYoungGen: 20K->32K(1536K)] 7780K->7792K(9728K), 0.0003299 secs] [Times: user=0.00 sys=0.00, real=0.00 secs] 
11.683: [GC (Allocation Failure) [PSYoungGen: 32K->32K(1536K)] 7792K->7792K(9728K), 0.0002607 secs] [Times: user=0.00 sys=0.00, real=0.00 secs] 
11.683: [Full GC (Allocation Failure) [PSYoungGen: 32K->0K(1536K)] [ParOldGen: 7760K->3306K(8192K)] 7792K->3306K(9728K), [Metaspace: 3328K->3328K(1056768K)], 0.0027949 secs] [Times: user=0.00 sys=0.00, real=0.00 secs] 
11.687: [GC (Allocation Failure) [PSYoungGen: 20K->32K(1536K)] 7781K->7793K(9728K), 0.0008190 secs] [Times: user=0.00 sys=0.00, real=0.00 secs] 
11.687: [GC (Allocation Failure) [PSYoungGen: 32K->32K(1536K)] 7793K->7793K(9728K), 0.0002906 secs] [Times: user=0.00 sys=0.00, real=0.00 secs] 
11.688: [Full GC (Allocation Failure) [PSYoungGen: 32K->0K(1536K)] [ParOldGen: 7761K->3306K(8192K)] 7793K->3306K(9728K), [Metaspace: 3328K->3328K(1056768K)], 0.0025642 secs] [Times: user=0.01 sys=0.00, real=0.00 secs] 
11.691: [GC (Allocation Failure) [PSYoungGen: 20K->32K(1536K)] 7782K->7794K(9728K), 0.0003198 secs] [Times: user=0.00 sys=0.00, real=0.00 secs] 
11.691: [GC (Allocation Failure) [PSYoungGen: 32K->32K(1536K)] 7794K->7794K(9728K), 0.0002384 secs] [Times: user=0.00 sys=0.00, real=0.00 secs] 
11.691: [Full GC (Allocation Failure) [PSYoungGen: 32K->0K(1536K)] [ParOldGen: 7762K->3307K(8192K)] 7794K->3307K(9728K), [Metaspace: 3328K->3328K(1056768K)], 0.0020495 secs] [Times: user=0.01 sys=0.00, real=0.01 secs] 
11.694: [GC (Allocation Failure) [PSYoungGen: 20K->32K(1536K)] 7783K->7795K(9728K), 0.0003284 secs] [Times: user=0.00 sys=0.00, real=0.00 secs] 
11.694: [GC (Allocation Failure) [PSYoungGen: 32K->32K(1536K)] 7795K->7795K(9728K), 0.0003100 secs] [Times: user=0.00 sys=0.00, real=0.00 secs] 
11.695: [Full GC (Allocation Failure) [PSYoungGen: 32K->0K(1536K)] [ParOldGen: 7763K->3307K(8192K)] 7795K->3307K(9728K), [Metaspace: 3328K->3328K(1056768K)], 0.0020463 secs] [Times: user=0.00 sys=0.00, real=0.00 secs] 
11.697: [GC (Allocation Failure) [PSYoungGen: 20K->32K(1536K)] 7784K->7796K(9728K), 0.0003073 secs] [Times: user=0.00 sys=0.00, real=0.00 secs] 
11.697: [GC (Allocation Failure) [PSYoungGen: 32K->32K(1536K)] 7796K->7796K(9728K), 0.0002656 secs] [Times: user=0.00 sys=0.00, real=0.00 secs] 
11.698: [Full GC (Allocation Failure) [PSYoungGen: 32K->0K(1536K)] [ParOldGen: 7764K->3307K(8192K)] 7796K->3307K(9728K), [Metaspace: 3328K->3328K(1056768K)], 0.0021779 secs] [Times: user=0.01 sys=0.00, real=0.00 secs] 
11.700: [GC (Allocation Failure) [PSYoungGen: 20K->32K(1536K)] 7785K->7797K(9728K), 0.0006771 secs] [Times: user=0.00 sys=0.00, real=0.00 secs] 
11.701: [GC (Allocation Failure) [PSYoungGen: 32K->32K(1536K)] 7797K->7797K(9728K), 0.0007747 secs] [Times: user=0.00 sys=0.00, real=0.00 secs] 
11.702: [Full GC (Allocation Failure) [PSYoungGen: 32K->0K(1536K)] [ParOldGen: 7765K->3308K(8192K)] 7797K->3308K(9728K), [Metaspace: 3328K->3328K(1056768K)], 0.0044612 secs] [Times: user=0.01 sys=0.00, real=0.01 secs] 
11.708: [GC (Allocation Failure) [PSYoungGen: 20K->32K(1536K)] 7786K->7798K(9728K), 0.0007500 secs] [Times: user=0.00 sys=0.00, real=0.00 secs] 
11.709: [GC (Allocation Failure) [PSYoungGen: 32K->32K(1536K)] 7798K->7798K(9728K), 0.0009551 secs] [Times: user=0.00 sys=0.00, real=0.00 secs] 
11.710: [Full GC (Allocation Failure) [PSYoungGen: 32K->0K(1536K)] [ParOldGen: 7766K->3308K(8192K)] 7798K->3308K(9728K), [Metaspace: 3328K->3328K(1056768K)], 0.0024767 secs] [Times: user=0.01 sys=0.00, real=0.00 secs] 
11.713: [GC (Allocation Failure) [PSYoungGen: 20K->32K(1536K)] 7787K->7799K(9728K), 0.0008126 secs] [Times: user=0.00 sys=0.00, real=0.00 secs] 
11.714: [GC (Allocation Failure) [PSYoungGen: 32K->32K(1536K)] 7799K->7799K(9728K), 0.0007604 secs] [Times: user=0.00 sys=0.00, real=0.00 secs] 
11.714: [Full GC (Allocation Failure) [PSYoungGen: 32K->0K(1536K)] [ParOldGen: 7767K->3308K(8192K)] 7799K->3308K(9728K), [Metaspace: 3328K->3328K(1056768K)], 0.0021975 secs] [Times: user=0.01 sys=0.00, real=0.00 secs] 
11.717: [GC (Allocation Failure) [PSYoungGen: 20K->32K(1536K)] 7788K->7799K(9728K), 0.0003038 secs] [Times: user=0.00 sys=0.00, real=0.00 secs] 
11.717: [GC (Allocation Failure) [PSYoungGen: 32K->32K(1536K)] 7799K->7799K(9728K), 0.0002448 secs] [Times: user=0.00 sys=0.00, real=0.00 secs] 
11.718: [Full GC (Allocation Failure) [PSYoungGen: 32K->0K(1536K)] [ParOldGen: 7767K->3309K(8192K)] 7799K->3309K(9728K), [Metaspace: 3328K->3328K(1056768K)], 0.0027324 secs] [Times: user=0.00 sys=0.00, real=0.00 secs] 
11.721: [GC (Allocation Failure) [PSYoungGen: 20K->32K(1536K)] 7789K->7800K(9728K), 0.0003463 secs] [Times: user=0.01 sys=0.00, real=0.00 secs] 
11.721: [GC (Allocation Failure) [PSYoungGen: 32K->32K(1536K)] 7800K->7800K(9728K), 0.0003028 secs] [Times: user=0.00 sys=0.00, real=0.00 secs] 
11.722: [Full GC (Allocation Failure) [PSYoungGen: 32K->0K(1536K)] [ParOldGen: 7768K->3309K(8192K)] 7800K->3309K(9728K), [Metaspace: 3328K->3328K(1056768K)], 0.0026387 secs] [Times: user=0.00 sys=0.00, real=0.01 secs] 
11.725: [GC (Allocation Failure) [PSYoungGen: 20K->32K(1536K)] 7790K->7801K(9728K), 0.0003164 secs] [Times: user=0.00 sys=0.00, real=0.00 secs] 
11.725: [GC (Allocation Failure) [PSYoungGen: 32K->32K(1536K)] 7801K->7801K(9728K), 0.0007863 secs] [Times: user=0.00 sys=0.00, real=0.00 secs] 
11.726: [Full GC (Allocation Failure) [PSYoungGen: 32K->0K(1536K)] [ParOldGen: 7769K->3309K(8192K)] 7801K->3309K(9728K), [Metaspace: 3328K->3328K(1056768K)], 0.0028088 secs] [Times: user=0.01 sys=0.00, real=0.00 secs] 
11.729: [GC (Allocation Failure) [PSYoungGen: 20K->32K(1536K)] 7791K->7802K(9728K), 0.0003138 secs] [Times: user=0.00 sys=0.00, real=0.00 secs] 
11.730: [GC (Allocation Failure) [PSYoungGen: 32K->32K(1536K)] 7802K->7802K(9728K), 0.0007576 secs] [Times: user=0.00 sys=0.00, real=0.00 secs] 
11.730: [Full GC (Allocation Failure) [PSYoungGen: 32K->0K(1536K)] [ParOldGen: 7770K->3310K(8192K)] 7802K->3310K(9728K), [Metaspace: 3328K->3328K(1056768K)], 0.0027627 secs] [Times: user=0.01 sys=0.00, real=0.01 secs] 
11.733: [GC (Allocation Failure) [PSYoungGen: 20K->32K(1536K)] 7792K->7803K(9728K), 0.0003182 secs] [Times: user=0.00 sys=0.00, real=0.00 secs] 
11.734: [GC (Allocation Failure) [PSYoungGen: 32K->32K(1536K)] 7803K->7803K(9728K), 0.0002443 secs] [Times: user=0.00 sys=0.00, real=0.00 secs] 
11.734: [Full GC (Allocation Failure) [PSYoungGen: 32K->0K(1536K)] [ParOldGen: 7771K->3310K(8192K)] 7803K->3310K(9728K), [Metaspace: 3328K->3328K(1056768K)], 0.0020203 secs] [Times: user=0.01 sys=0.00, real=0.00 secs] 
11.737: [GC (Allocation Failure) [PSYoungGen: 20K->32K(1536K)] 7793K->7804K(9728K), 0.0003201 secs] [Times: user=0.00 sys=0.00, real=0.00 secs] 
11.737: [GC (Allocation Failure) [PSYoungGen: 32K->32K(1536K)] 7804K->7804K(9728K), 0.0007663 secs] [Times: user=0.00 sys=0.00, real=0.00 secs] 
11.738: [Full GC (Allocation Failure) [PSYoungGen: 32K->0K(1536K)] [ParOldGen: 7772K->3310K(8192K)] 7804K->3310K(9728K), [Metaspace: 3328K->3328K(1056768K)], 0.0020658 secs] [Times: user=0.00 sys=0.00, real=0.00 secs] 
11.740: [GC (Allocation Failure) [PSYoungGen: 20K->32K(1536K)] 7794K->7805K(9728K), 0.0003174 secs] [Times: user=0.00 sys=0.00, real=0.00 secs] 
11.741: [GC (Allocation Failure) [PSYoungGen: 32K->32K(1536K)] 7805K->7805K(9728K), 0.0007700 secs] [Times: user=0.01 sys=0.00, real=0.00 secs] 
11.741: [Full GC (Allocation Failure) [PSYoungGen: 32K->0K(1536K)] [ParOldGen: 7773K->3311K(8192K)] 7805K->3311K(9728K), [Metaspace: 3328K->3328K(1056768K)], 0.0028232 secs] [Times: user=0.00 sys=0.00, real=0.01 secs] 
11.745: [GC (Allocation Failure) [PSYoungGen: 20K->32K(1536K)] 7795K->7806K(9728K), 0.0003189 secs] [Times: user=0.00 sys=0.00, real=0.00 secs] 
11.745: [GC (Allocation Failure) [PSYoungGen: 32K->32K(1536K)] 7806K->7806K(9728K), 0.0007710 secs] [Times: user=0.00 sys=0.00, real=0.00 secs] 
11.746: [Full GC (Allocation Failure) [PSYoungGen: 32K->0K(1536K)] [ParOldGen: 7774K->3311K(8192K)] 7806K->3311K(9728K), [Metaspace: 3328K->3328K(1056768K)], 0.0021426 secs] [Times: user=0.01 sys=0.00, real=0.00 secs] 
11.748: [GC (Allocation Failure) [PSYoungGen: 20K->32K(1536K)] 7796K->7807K(9728K), 0.0003096 secs] [Times: user=0.00 sys=0.00, real=0.00 secs] 
11.749: [GC (Allocation Failure) [PSYoungGen: 32K->32K(1536K)] 7807K->7807K(9728K), 0.0002392 secs] [Times: user=0.00 sys=0.00, real=0.00 secs] 
11.749: [Full GC (Allocation Failure) [PSYoungGen: 32K->0K(1536K)] [ParOldGen: 7775K->3311K(8192K)] 7807K->3311K(9728K), [Metaspace: 3328K->3328K(1056768K)], 0.0021357 secs] [Times: user=0.01 sys=0.00, real=0.00 secs] 
11.752: [GC (Allocation Failure) [PSYoungGen: 20K->32K(1536K)] 7797K->7808K(9728K), 0.0007964 secs] [Times: user=0.00 sys=0.00, real=0.00 secs] 
11.752: [GC (Allocation Failure) [PSYoungGen: 32K->32K(1536K)] 7808K->7808K(9728K), 0.0002904 secs] [Times: user=0.00 sys=0.00, real=0.01 secs] 
11.753: [Full GC (Allocation Failure) [PSYoungGen: 32K->0K(1536K)] [ParOldGen: 7776K->3312K(8192K)] 7808K->3312K(9728K), [Metaspace: 3328K->3328K(1056768K)], 0.0021814 secs] [Times: user=0.00 sys=0.00, real=0.00 secs] 
11.755: [GC (Allocation Failure) [PSYoungGen: 20K->32K(1536K)] 7798K->7809K(9728K), 0.0008301 secs] [Times: user=0.01 sys=0.00, real=0.00 secs] 
11.756: [GC (Allocation Failure) [PSYoungGen: 32K->32K(1536K)] 7809K->7809K(9728K), 0.0002844 secs] [Times: user=0.00 sys=0.00, real=0.00 secs] 
11.757: [Full GC (Allocation Failure) [PSYoungGen: 32K->0K(1536K)] [ParOldGen: 7777K->3312K(8192K)] 7809K->3312K(9728K), [Metaspace: 3328K->3328K(1056768K)], 0.0021242 secs] [Times: user=0.00 sys=0.00, real=0.00 secs] 
11.759: [GC (Allocation Failure) [PSYoungGen: 20K->32K(1536K)] 7799K->7810K(9728K), 0.0008479 secs] [Times: user=0.00 sys=0.00, real=0.00 secs] 
11.760: [GC (Allocation Failure) [PSYoungGen: 32K->32K(1536K)] 7810K->7810K(9728K), 0.0003020 secs] [Times: user=0.00 sys=0.00, real=0.00 secs] 
11.760: [Full GC (Allocation Failure) [PSYoungGen: 32K->0K(1536K)] [ParOldGen: 7778K->3312K(8192K)] 7810K->3312K(9728K), [Metaspace: 3328K->3328K(1056768K)], 0.0020717 secs] [Times: user=0.01 sys=0.00, real=0.00 secs] 
11.763: [GC (Allocation Failure) [PSYoungGen: 20K->32K(1536K)] 7800K->7811K(9728K), 0.0003105 secs] [Times: user=0.00 sys=0.00, real=0.00 secs] 
11.763: [GC (Allocation Failure) [PSYoungGen: 32K->32K(1536K)] 7811K->7811K(9728K), 0.0002475 secs] [Times: user=0.00 sys=0.00, real=0.00 secs] 
11.763: [Full GC (Allocation Failure) [PSYoungGen: 32K->0K(1536K)] [ParOldGen: 7779K->3312K(8192K)] 7811K->3312K(9728K), [Metaspace: 3328K->3328K(1056768K)], 0.0028605 secs] [Times: user=0.01 sys=0.00, real=0.00 secs] 
11.767: [GC (Allocation Failure) [PSYoungGen: 20K->32K(1536K)] 7800K->7812K(9728K), 0.0003086 secs] [Times: user=0.00 sys=0.01, real=0.00 secs] 
11.767: [GC (Allocation Failure) [PSYoungGen: 32K->32K(1536K)] 7812K->7812K(9728K), 0.0007954 secs] [Times: user=0.00 sys=0.00, real=0.00 secs] 
11.768: [Full GC (Allocation Failure) [PSYoungGen: 32K->0K(1536K)] [ParOldGen: 7780K->3313K(8192K)] 7812K->3313K(9728K), [Metaspace: 3328K->3328K(1056768K)], 0.0020758 secs] [Times: user=0.00 sys=0.00, real=0.00 secs] 
11.770: [GC (Allocation Failure) [PSYoungGen: 20K->32K(1536K)] 7801K->7813K(9728K), 0.0003252 secs] [Times: user=0.00 sys=0.00, real=0.00 secs] 
11.771: [GC (Allocation Failure) [PSYoungGen: 32K->32K(1536K)] 7813K->7813K(9728K), 0.0007724 secs] [Times: user=0.01 sys=0.00, real=0.00 secs] 
11.772: [Full GC (Allocation Failure) [PSYoungGen: 32K->0K(1536K)] [ParOldGen: 7781K->3313K(8192K)] 7813K->3313K(9728K), [Metaspace: 3328K->3328K(1056768K)], 0.0020804 secs] [Times: user=0.00 sys=0.00, real=0.01 secs] 
11.774: [GC (Allocation Failure) [PSYoungGen: 20K->32K(1536K)] 7802K->7814K(9728K), 0.0008358 secs] [Times: user=0.00 sys=0.00, real=0.00 secs] 
11.775: [GC (Allocation Failure) [PSYoungGen: 32K->32K(1536K)] 7814K->7814K(9728K), 0.0007904 secs] [Times: user=0.00 sys=0.00, real=0.00 secs] 
11.776: [Full GC (Allocation Failure) [PSYoungGen: 32K->0K(1536K)] [ParOldGen: 7782K->3313K(8192K)] 7814K->3313K(9728K), [Metaspace: 3328K->3328K(1056768K)], 0.0027698 secs] [Times: user=0.01 sys=0.00, real=0.00 secs] 
11.779: [GC (Allocation Failure) [PSYoungGen: 20K->32K(1536K)] 7803K->7815K(9728K), 0.0003094 secs] [Times: user=0.00 sys=0.00, real=0.00 secs] 
11.779: [GC (Allocation Failure) [PSYoungGen: 32K->32K(1536K)] 7815K->7815K(9728K), 0.0002399 secs] [Times: user=0.00 sys=0.00, real=0.00 secs] 
11.780: [Full GC (Allocation Failure) [PSYoungGen: 32K->0K(1536K)] [ParOldGen: 7783K->3314K(8192K)] 7815K->3314K(9728K), [Metaspace: 3328K->3328K(1056768K)], 0.0028079 secs] [Times: user=0.01 sys=0.00, real=0.00 secs] 
11.783: [GC (Allocation Failure) [PSYoungGen: 20K->32K(1536K)] 7804K->7816K(9728K), 0.0008207 secs] [Times: user=0.00 sys=0.00, real=0.00 secs] 
11.784: [GC (Allocation Failure) [PSYoungGen: 32K->32K(1536K)] 7816K->7816K(9728K), 0.0007454 secs] [Times: user=0.00 sys=0.00, real=0.00 secs] 
11.785: [Full GC (Allocation Failure) [PSYoungGen: 32K->0K(1536K)] [ParOldGen: 7784K->3314K(8192K)] 7816K->3314K(9728K), [Metaspace: 3328K->3328K(1056768K)], 0.0027555 secs] [Times: user=0.01 sys=0.00, real=0.00 secs] 
11.788: [GC (Allocation Failure) [PSYoungGen: 20K->32K(1536K)] 7805K->7817K(9728K), 0.0003151 secs] [Times: user=0.00 sys=0.00, real=0.00 secs] 
11.788: [GC (Allocation Failure) [PSYoungGen: 32K->32K(1536K)] 7817K->7817K(9728K), 0.0007541 secs] [Times: user=0.00 sys=0.00, real=0.00 secs] 
11.789: [Full GC (Allocation Failure) [PSYoungGen: 32K->0K(1536K)] [ParOldGen: 7785K->3314K(8192K)] 7817K->3314K(9728K), [Metaspace: 3328K->3328K(1056768K)], 0.0027686 secs] [Times: user=0.01 sys=0.00, real=0.00 secs] 
11.792: [GC (Allocation Failure) [PSYoungGen: 20K->32K(1536K)] 7806K->7818K(9728K), 0.0003324 secs] [Times: user=0.00 sys=0.00, real=0.00 secs] 
11.792: [GC (Allocation Failure) [PSYoungGen: 32K->32K(1536K)] 7818K->7818K(9728K), 0.0007843 secs] [Times: user=0.00 sys=0.00, real=0.01 secs] 
11.793: [Full GC (Allocation Failure) [PSYoungGen: 32K->0K(1536K)] [ParOldGen: 7786K->3315K(8192K)] 7818K->3315K(9728K), [Metaspace: 3328K->3328K(1056768K)], 0.0028060 secs] [Times: user=0.01 sys=0.00, real=0.00 secs] 
11.797: [GC (Allocation Failure) [PSYoungGen: 20K->32K(1536K)] 7807K->7819K(9728K), 0.0003102 secs] [Times: user=0.00 sys=0.00, real=0.00 secs] 
11.797: [GC (Allocation Failure) [PSYoungGen: 32K->32K(1536K)] 7819K->7819K(9728K), 0.0007904 secs] [Times: user=0.00 sys=0.00, real=0.00 secs] 
11.798: [Full GC (Allocation Failure) [PSYoungGen: 32K->0K(1536K)] [ParOldGen: 7787K->3315K(8192K)] 7819K->3315K(9728K), [Metaspace: 3328K->3328K(1056768K)], 0.0026553 secs] [Times: user=0.00 sys=0.00, real=0.00 secs] 
11.801: [GC (Allocation Failure) [PSYoungGen: 20K->32K(1536K)] 7808K->7820K(9728K), 0.0003208 secs] [Times: user=0.00 sys=0.00, real=0.00 secs] 
11.801: [GC (Allocation Failure) [PSYoungGen: 32K->32K(1536K)] 7820K->7820K(9728K), 0.0007695 secs] [Times: user=0.00 sys=0.00, real=0.00 secs] 
11.802: [Full GC (Allocation Failure) [PSYoungGen: 32K->0K(1536K)] [ParOldGen: 7788K->3315K(8192K)] 7820K->3315K(9728K), [Metaspace: 3328K->3328K(1056768K)], 0.0022344 secs] [Times: user=0.00 sys=0.00, real=0.01 secs] 
11.805: [GC (Allocation Failure) [PSYoungGen: 20K->32K(1536K)] 7809K->7821K(9728K), 0.0003272 secs] [Times: user=0.00 sys=0.00, real=0.00 secs] 
11.805: [GC (Allocation Failure) [PSYoungGen: 32K->32K(1536K)] 7821K->7821K(9728K), 0.0007737 secs] [Times: user=0.00 sys=0.00, real=0.00 secs] 
11.806: [Full GC (Allocation Failure) [PSYoungGen: 32K->0K(1536K)] [ParOldGen: 7789K->3316K(8192K)] 7821K->3316K(9728K), [Metaspace: 3328K->3328K(1056768K)], 0.0027772 secs] [Times: user=0.01 sys=0.00, real=0.00 secs] 
11.809: [GC (Allocation Failure) [PSYoungGen: 20K->32K(1536K)] 7810K->7822K(9728K), 0.0004480 secs] [Times: user=0.00 sys=0.00, real=0.00 secs] 
11.810: [GC (Allocation Failure) [PSYoungGen: 32K->32K(1536K)] 7822K->7822K(9728K), 0.0002639 secs] [Times: user=0.00 sys=0.00, real=0.00 secs] 
11.810: [Full GC (Allocation Failure) [PSYoungGen: 32K->0K(1536K)] [ParOldGen: 7790K->3316K(8192K)] 7822K->3316K(9728K), [Metaspace: 3328K->3328K(1056768K)], 0.0026038 secs] [Times: user=0.01 sys=0.00, real=0.00 secs] 
11.813: [GC (Allocation Failure) [PSYoungGen: 20K->32K(1536K)] 7811K->7823K(9728K), 0.0003150 secs] [Times: user=0.00 sys=0.00, real=0.00 secs] 
11.813: [GC (Allocation Failure) [PSYoungGen: 32K->32K(1536K)] 7823K->7823K(9728K), 0.0002447 secs] [Times: user=0.00 sys=0.00, real=0.00 secs] 
11.814: [Full GC (Allocation Failure) [PSYoungGen: 32K->0K(1536K)] [ParOldGen: 7791K->3316K(8192K)] 7823K->3316K(9728K), [Metaspace: 3328K->3328K(1056768K)], 0.0020997 secs] [Times: user=0.00 sys=0.00, real=0.00 secs] 
11.816: [GC (Allocation Failure) [PSYoungGen: 20K->32K(1536K)] 7812K->7823K(9728K), 0.0003195 secs] [Times: user=0.00 sys=0.00, real=0.00 secs] 
11.817: [GC (Allocation Failure) [PSYoungGen: 32K->32K(1536K)] 7823K->7823K(9728K), 0.0007691 secs] [Times: user=0.00 sys=0.00, real=0.00 secs] 
11.817: [Full GC (Allocation Failure) [PSYoungGen: 32K->0K(1536K)] [ParOldGen: 7791K->3317K(8192K)] 7823K->3317K(9728K), [Metaspace: 3328K->3328K(1056768K)], 0.0027975 secs] [Times: user=0.00 sys=0.00, real=0.00 secs] 
11.821: [GC (Allocation Failure) [PSYoungGen: 20K->32K(1536K)] 7813K->7824K(9728K), 0.0003190 secs] [Times: user=0.00 sys=0.00, real=0.00 secs] 
11.821: [GC (Allocation Failure) [PSYoungGen: 32K->32K(1536K)] 7824K->7824K(9728K), 0.0007847 secs] [Times: user=0.01 sys=0.00, real=0.00 secs] 
11.822: [Full GC (Allocation Failure) [PSYoungGen: 32K->0K(1536K)] [ParOldGen: 7792K->3317K(8192K)] 7824K->3317K(9728K), [Metaspace: 3328K->3328K(1056768K)], 0.0021681 secs] [Times: user=0.00 sys=0.00, real=0.01 secs] 
11.824: [GC (Allocation Failure) [PSYoungGen: 20K->32K(1536K)] 7814K->7825K(9728K), 0.0008627 secs] [Times: user=0.00 sys=0.00, real=0.00 secs] 
11.825: [GC (Allocation Failure) [PSYoungGen: 32K->32K(1536K)] 7825K->7825K(9728K), 0.0002889 secs] [Times: user=0.00 sys=0.00, real=0.00 secs] 
11.826: [Full GC (Allocation Failure) [PSYoungGen: 32K->0K(1536K)] [ParOldGen: 7793K->3317K(8192K)] 7825K->3317K(9728K), [Metaspace: 3328K->3328K(1056768K)], 0.0027661 secs] [Times: user=0.01 sys=0.00, real=0.00 secs] 
11.829: [GC (Allocation Failure) [PSYoungGen: 20K->32K(1536K)] 7815K->7826K(9728K), 0.0008908 secs] [Times: user=0.00 sys=0.00, real=0.00 secs] 
11.830: [GC (Allocation Failure) [PSYoungGen: 32K->32K(1536K)] 7826K->7826K(9728K), 0.0002975 secs] [Times: user=0.00 sys=0.00, real=0.00 secs] 
11.830: [Full GC (Allocation Failure) [PSYoungGen: 32K->0K(1536K)] [ParOldGen: 7794K->3318K(8192K)] 7826K->3318K(9728K), [Metaspace: 3328K->3328K(1056768K)], 0.0024891 secs] [Times: user=0.01 sys=0.00, real=0.00 secs] 
11.833: [GC (Allocation Failure) [PSYoungGen: 20K->32K(1536K)] 7816K->7827K(9728K), 0.0003132 secs] [Times: user=0.00 sys=0.00, real=0.00 secs] 
11.833: [GC (Allocation Failure) [PSYoungGen: 32K->32K(1536K)] 7827K->7827K(9728K), 0.0007618 secs] [Times: user=0.00 sys=0.00, real=0.00 secs] 
11.834: [Full GC (Allocation Failure) [PSYoungGen: 32K->0K(1536K)] [ParOldGen: 7795K->3318K(8192K)] 7827K->3318K(9728K), [Metaspace: 3328K->3328K(1056768K)], 0.0028312 secs] [Times: user=0.00 sys=0.00, real=0.00 secs] 
11.837: [GC (Allocation Failure) [PSYoungGen: 20K->32K(1536K)] 7817K->7828K(9728K), 0.0008225 secs] [Times: user=0.00 sys=0.00, real=0.00 secs] 
11.838: [GC (Allocation Failure) [PSYoungGen: 32K->32K(1536K)] 7828K->7828K(9728K), 0.0003029 secs] [Times: user=0.00 sys=0.00, real=0.00 secs] 
11.839: [Full GC (Allocation Failure) [PSYoungGen: 32K->0K(1536K)] [ParOldGen: 7796K->3318K(8192K)] 7828K->3318K(9728K), [Metaspace: 3328K->3328K(1056768K)], 0.0022476 secs] [Times: user=0.00 sys=0.00, real=0.00 secs] 
11.841: [GC (Allocation Failure) [PSYoungGen: 20K->32K(1536K)] 7818K->7829K(9728K), 0.0008204 secs] [Times: user=0.01 sys=0.00, real=0.00 secs] 
11.842: [GC (Allocation Failure) [PSYoungGen: 32K->32K(1536K)] 7829K->7829K(9728K), 0.0006200 secs] [Times: user=0.00 sys=0.00, real=0.01 secs] 
11.843: [Full GC (Allocation Failure) [PSYoungGen: 32K->0K(1536K)] [ParOldGen: 7797K->3319K(8192K)] 7829K->3319K(9728K), [Metaspace: 3328K->3328K(1056768K)], 0.0023651 secs] [Times: user=0.00 sys=0.00, real=0.00 secs] 
11.846: [GC (Allocation Failure) [PSYoungGen: 20K->32K(1536K)] 7819K->7830K(9728K), 0.0003315 secs] [Times: user=0.00 sys=0.00, real=0.00 secs] 
11.846: [GC (Allocation Failure) [PSYoungGen: 32K->32K(1536K)] 7830K->7830K(9728K), 0.0002558 secs] [Times: user=0.00 sys=0.00, real=0.00 secs] 
11.846: [Full GC (Allocation Failure) [PSYoungGen: 32K->0K(1536K)] [ParOldGen: 7798K->3319K(8192K)] 7830K->3319K(9728K), [Metaspace: 3328K->3328K(1056768K)], 0.0027761 secs] [Times: user=0.01 sys=0.00, real=0.00 secs] 
11.850: [GC (Allocation Failure) [PSYoungGen: 20K->32K(1536K)] 7820K->7831K(9728K), 0.0008180 secs] [Times: user=0.00 sys=0.00, real=0.00 secs] 
11.850: [GC (Allocation Failure) [PSYoungGen: 32K->32K(1536K)] 7831K->7831K(9728K), 0.0007807 secs] [Times: user=0.00 sys=0.00, real=0.00 secs] 
11.851: [Full GC (Allocation Failure) [PSYoungGen: 32K->0K(1536K)] [ParOldGen: 7799K->3319K(8192K)] 7831K->3319K(9728K), [Metaspace: 3328K->3328K(1056768K)], 0.0021658 secs] [Times: user=0.01 sys=0.00, real=0.01 secs] 
11.854: [GC (Allocation Failure) [PSYoungGen: 20K->32K(1536K)] 7821K->7832K(9728K), 0.0008215 secs] [Times: user=0.00 sys=0.00, real=0.00 secs] 
11.855: [GC (Allocation Failure) [PSYoungGen: 32K->32K(1536K)] 7832K->7832K(9728K), 0.0002894 secs] [Times: user=0.00 sys=0.00, real=0.00 secs] 
11.855: [Full GC (Allocation Failure) [PSYoungGen: 32K->0K(1536K)] [ParOldGen: 7800K->3320K(8192K)] 7832K->3320K(9728K), [Metaspace: 3328K->3328K(1056768K)], 0.0026282 secs] [Times: user=0.01 sys=0.00, real=0.00 secs] 
11.858: [GC (Allocation Failure) [PSYoungGen: 20K->32K(1536K)] 7822K->7833K(9728K), 0.0003181 secs] [Times: user=0.00 sys=0.00, real=0.00 secs] 
11.858: [GC (Allocation Failure) [PSYoungGen: 32K->32K(1536K)] 7833K->7833K(9728K), 0.0002999 secs] [Times: user=0.00 sys=0.00, real=0.00 secs] 
11.859: [Full GC (Allocation Failure) [PSYoungGen: 32K->0K(1536K)] [ParOldGen: 7801K->3320K(8192K)] 7833K->3320K(9728K), [Metaspace: 3328K->3328K(1056768K)], 0.0027590 secs] [Times: user=0.00 sys=0.00, real=0.00 secs] 
11.862: [GC (Allocation Failure) [PSYoungGen: 20K->32K(1536K)] 7823K->7834K(9728K), 0.0003259 secs] [Times: user=0.01 sys=0.00, real=0.00 secs] 
11.862: [GC (Allocation Failure) [PSYoungGen: 32K->32K(1536K)] 7834K->7834K(9728K), 0.0008349 secs] [Times: user=0.00 sys=0.00, real=0.01 secs] 
11.863: [Full GC (Allocation Failure) [PSYoungGen: 32K->0K(1536K)] [ParOldGen: 7802K->3320K(8192K)] 7834K->3320K(9728K), [Metaspace: 3328K->3328K(1056768K)], 0.0020559 secs] [Times: user=0.00 sys=0.00, real=0.00 secs] 
11.866: [GC (Allocation Failure) [PSYoungGen: 20K->32K(1536K)] 7824K->7835K(9728K), 0.0003045 secs] [Times: user=0.00 sys=0.00, real=0.00 secs] 
11.866: [GC (Allocation Failure) [PSYoungGen: 32K->32K(1536K)] 7835K->7835K(9728K), 0.0007679 secs] [Times: user=0.00 sys=0.00, real=0.00 secs] 
11.867: [Full GC (Allocation Failure) [PSYoungGen: 32K->0K(1536K)] [ParOldGen: 7803K->3320K(8192K)] 7835K->3320K(9728K), [Metaspace: 3328K->3328K(1056768K)], 0.0027944 secs] [Times: user=0.01 sys=0.00, real=0.00 secs] 
11.870: [GC (Allocation Failure) [PSYoungGen: 20K->32K(1536K)] 7824K->7836K(9728K), 0.0003105 secs] [Times: user=0.00 sys=0.00, real=0.00 secs] 
11.870: [GC (Allocation Failure) [PSYoungGen: 32K->32K(1536K)] 7836K->7836K(9728K), 0.0007542 secs] [Times: user=0.00 sys=0.00, real=0.00 secs] 
11.871: [Full GC (Allocation Failure) [PSYoungGen: 32K->0K(1536K)] [ParOldGen: 7804K->3321K(8192K)] 7836K->3321K(9728K), [Metaspace: 3328K->3328K(1056768K)], 0.0025949 secs] [Times: user=0.01 sys=0.00, real=0.01 secs] 
11.874: [GC (Allocation Failure) [PSYoungGen: 20K->32K(1536K)] 7825K->7837K(9728K), 0.0008449 secs] [Times: user=0.00 sys=0.01, real=0.00 secs] 
11.875: [GC (Allocation Failure) [PSYoungGen: 32K->32K(1536K)] 7837K->7837K(9728K), 0.0002988 secs] [Times: user=0.00 sys=0.00, real=0.00 secs] 
11.876: [Full GC (Allocation Failure) [PSYoungGen: 32K->0K(1536K)] [ParOldGen: 7805K->3321K(8192K)] 7837K->3321K(9728K), [Metaspace: 3328K->3328K(1056768K)], 0.0021823 secs] [Times: user=0.01 sys=0.00, real=0.00 secs] 
11.878: [GC (Allocation Failure) [PSYoungGen: 20K->32K(1536K)] 7826K->7838K(9728K), 0.0003207 secs] [Times: user=0.00 sys=0.00, real=0.00 secs] 
11.878: [GC (Allocation Failure) [PSYoungGen: 32K->32K(1536K)] 7838K->7838K(9728K), 0.0002720 secs] [Times: user=0.00 sys=0.00, real=0.00 secs] 
11.879: [Full GC (Allocation Failure) [PSYoungGen: 32K->0K(1536K)] [ParOldGen: 7806K->3321K(8192K)] 7838K->3321K(9728K), [Metaspace: 3328K->3328K(1056768K)], 0.0022182 secs] [Times: user=0.00 sys=0.00, real=0.00 secs] 
11.881: [GC (Allocation Failure) [PSYoungGen: 20K->32K(1536K)] 7827K->7839K(9728K), 0.0008127 secs] [Times: user=0.01 sys=0.00, real=0.00 secs] 
11.882: [GC (Allocation Failure) [PSYoungGen: 32K->32K(1536K)] 7839K->7839K(9728K), 0.0007654 secs] [Times: user=0.00 sys=0.00, real=0.01 secs] 
11.883: [Full GC (Allocation Failure) [PSYoungGen: 32K->0K(1536K)] [ParOldGen: 7807K->3322K(8192K)] 7839K->3322K(9728K), [Metaspace: 3328K->3328K(1056768K)], 0.0028137 secs] [Times: user=0.00 sys=0.00, real=0.00 secs] 
11.886: [GC (Allocation Failure) [PSYoungGen: 20K->32K(1536K)] 7828K->7840K(9728K), 0.0003148 secs] [Times: user=0.00 sys=0.00, real=0.00 secs] 
11.887: [GC (Allocation Failure) [PSYoungGen: 32K->32K(1536K)] 7840K->7840K(9728K), 0.0007543 secs] [Times: user=0.01 sys=0.00, real=0.00 secs] 
11.888: [Full GC (Allocation Failure) [PSYoungGen: 32K->0K(1536K)] [ParOldGen: 7808K->3322K(8192K)] 7840K->3322K(9728K), [Metaspace: 3328K->3328K(1056768K)], 0.0026284 secs] [Times: user=0.00 sys=0.00, real=0.00 secs] 
11.891: [GC (Allocation Failure) [PSYoungGen: 20K->32K(1536K)] 7829K->7841K(9728K), 0.0003091 secs] [Times: user=0.00 sys=0.00, real=0.00 secs] 
11.891: [GC (Allocation Failure) [PSYoungGen: 32K->32K(1536K)] 7841K->7841K(9728K), 0.0008193 secs] [Times: user=0.00 sys=0.00, real=0.00 secs] 
11.892: [Full GC (Allocation Failure) [PSYoungGen: 32K->0K(1536K)] [ParOldGen: 7809K->3322K(8192K)] 7841K->3322K(9728K), [Metaspace: 3328K->3328K(1056768K)], 0.0021255 secs] [Times: user=0.01 sys=0.00, real=0.01 secs] 
11.894: [GC (Allocation Failure) [PSYoungGen: 20K->32K(1536K)] 7830K->7842K(9728K), 0.0008287 secs] [Times: user=0.00 sys=0.00, real=0.00 secs] 
11.895: [GC (Allocation Failure) [PSYoungGen: 32K->32K(1536K)] 7842K->7842K(9728K), 0.0002872 secs] [Times: user=0.00 sys=0.00, real=0.00 secs] 
11.896: [Full GC (Allocation Failure) [PSYoungGen: 32K->0K(1536K)] [ParOldGen: 7810K->3323K(8192K)] 7842K->3323K(9728K), [Metaspace: 3328K->3328K(1056768K)], 0.0025058 secs] [Times: user=0.01 sys=0.00, real=0.00 secs] 
11.898: [GC (Allocation Failure) [PSYoungGen: 20K->32K(1536K)] 7831K->7843K(9728K), 0.0003036 secs] [Times: user=0.00 sys=0.00, real=0.00 secs] 
11.899: [GC (Allocation Failure) [PSYoungGen: 32K->32K(1536K)] 7843K->7843K(9728K), 0.0007513 secs] [Times: user=0.00 sys=0.00, real=0.00 secs] 
11.900: [Full GC (Allocation Failure) [PSYoungGen: 32K->0K(1536K)] [ParOldGen: 7811K->3323K(8192K)] 7843K->3323K(9728K), [Metaspace: 3328K->3328K(1056768K)], 0.0027931 secs] [Times: user=0.01 sys=0.00, real=0.00 secs] 
11.903: [GC (Allocation Failure) [PSYoungGen: 20K->32K(1536K)] 7832K->7844K(9728K), 0.0003635 secs] [Times: user=0.00 sys=0.00, real=0.00 secs] 
11.903: [GC (Allocation Failure) [PSYoungGen: 32K->32K(1536K)] 7844K->7844K(9728K), 0.0003173 secs] [Times: user=0.00 sys=0.00, real=0.00 secs] 
11.904: [Full GC (Allocation Failure) [PSYoungGen: 32K->0K(1536K)] [ParOldGen: 7812K->3323K(8192K)] 7844K->3323K(9728K), [Metaspace: 3328K->3328K(1056768K)], 0.0025521 secs] [Times: user=0.00 sys=0.00, real=0.00 secs] 
11.907: [GC (Allocation Failure) [PSYoungGen: 20K->32K(1536K)] 7833K->7845K(9728K), 0.0003140 secs] [Times: user=0.00 sys=0.00, real=0.00 secs] 
11.907: [GC (Allocation Failure) [PSYoungGen: 32K->32K(1536K)] 7845K->7845K(9728K), 0.0002878 secs] [Times: user=0.00 sys=0.00, real=0.00 secs] 
11.907: [Full GC (Allocation Failure) [PSYoungGen: 32K->0K(1536K)] [ParOldGen: 7813K->3324K(8192K)] 7845K->3324K(9728K), [Metaspace: 3328K->3328K(1056768K)], 0.0028369 secs] [Times: user=0.01 sys=0.00, real=0.00 secs] 
11.911: [GC (Allocation Failure) [PSYoungGen: 20K->32K(1536K)] 7834K->7846K(9728K), 0.0003098 secs] [Times: user=0.00 sys=0.00, real=0.00 secs] 
11.911: [GC (Allocation Failure) [PSYoungGen: 32K->32K(1536K)] 7846K->7846K(9728K), 0.0003848 secs] [Times: user=0.00 sys=0.00, real=0.00 secs] 
11.911: [Full GC (Allocation Failure) [PSYoungGen: 32K->0K(1536K)] [ParOldGen: 7814K->3324K(8192K)] 7846K->3324K(9728K), [Metaspace: 3328K->3328K(1056768K)], 0.0033003 secs] [Times: user=0.01 sys=0.00, real=0.01 secs] 
11.915: [GC (Allocation Failure) [PSYoungGen: 20K->32K(1536K)] 7835K->7847K(9728K), 0.0003127 secs] [Times: user=0.00 sys=0.00, real=0.00 secs] 
11.916: [GC (Allocation Failure) [PSYoungGen: 32K->32K(1536K)] 7847K->7847K(9728K), 0.0002643 secs] [Times: user=0.00 sys=0.00, real=0.00 secs] 
11.916: [Full GC (Allocation Failure) [PSYoungGen: 32K->0K(1536K)] [ParOldGen: 7815K->3324K(8192K)] 7847K->3324K(9728K), [Metaspace: 3328K->3328K(1056768K)], 0.0020670 secs] [Times: user=0.00 sys=0.00, real=0.00 secs] 
11.918: [GC (Allocation Failure) [PSYoungGen: 20K->32K(1536K)] 7836K->7848K(9728K), 0.0003134 secs] [Times: user=0.01 sys=0.00, real=0.00 secs] 
11.919: [GC (Allocation Failure) [PSYoungGen: 32K->32K(1536K)] 7848K->7848K(9728K), 0.0007666 secs] [Times: user=0.00 sys=0.00, real=0.00 secs] 
11.919: [Full GC (Allocation Failure) [PSYoungGen: 32K->0K(1536K)] [ParOldGen: 7816K->3325K(8192K)] 7848K->3325K(9728K), [Metaspace: 3328K->3328K(1056768K)], 0.0033090 secs] [Times: user=0.00 sys=0.00, real=0.01 secs] 
11.924: [GC (Allocation Failure) [PSYoungGen: 20K->32K(1536K)] 7837K->7848K(9728K), 0.0008643 secs] [Times: user=0.00 sys=0.00, real=0.00 secs] 
11.925: [GC (Allocation Failure) [PSYoungGen: 32K->32K(1536K)] 7848K->7848K(9728K), 0.0003660 secs] [Times: user=0.00 sys=0.00, real=0.00 secs] 
11.926: [Full GC (Allocation Failure) [PSYoungGen: 32K->0K(1536K)] [ParOldGen: 7816K->3325K(8192K)] 7848K->3325K(9728K), [Metaspace: 3328K->3328K(1056768K)], 0.0025412 secs] [Times: user=0.00 sys=0.00, real=0.00 secs] 
11.929: [GC (Allocation Failure) [PSYoungGen: 20K->32K(1536K)] 7838K->7849K(9728K), 0.0003179 secs] [Times: user=0.00 sys=0.00, real=0.00 secs] 
11.929: [GC (Allocation Failure) [PSYoungGen: 32K->32K(1536K)] 7849K->7849K(9728K), 0.0007945 secs] [Times: user=0.01 sys=0.00, real=0.00 secs] 
11.930: [Full GC (Allocation Failure) [PSYoungGen: 32K->0K(1536K)] [ParOldGen: 7817K->3325K(8192K)] 7849K->3325K(9728K), [Metaspace: 3328K->3328K(1056768K)], 0.0028145 secs] [Times: user=0.00 sys=0.00, real=0.01 secs] 
11.933: [GC (Allocation Failure) [PSYoungGen: 20K->32K(1536K)] 7839K->7850K(9728K), 0.0003159 secs] [Times: user=0.00 sys=0.00, real=0.00 secs] 
11.934: [GC (Allocation Failure) [PSYoungGen: 32K->32K(1536K)] 7850K->7850K(9728K), 0.0007591 secs] [Times: user=0.01 sys=0.00, real=0.00 secs] 
11.934: [Full GC (Allocation Failure) [PSYoungGen: 32K->0K(1536K)] [ParOldGen: 7818K->3326K(8192K)] 7850K->3326K(9728K), [Metaspace: 3328K->3328K(1056768K)], 0.0021545 secs] [Times: user=0.00 sys=0.00, real=0.00 secs] 
11.937: [GC (Allocation Failure) [PSYoungGen: 20K->32K(1536K)] 7840K->7851K(9728K), 0.0008080 secs] [Times: user=0.00 sys=0.00, real=0.00 secs] 
11.938: [GC (Allocation Failure) [PSYoungGen: 32K->32K(1536K)] 7851K->7851K(9728K), 0.0002726 secs] [Times: user=0.00 sys=0.00, real=0.00 secs] 
11.938: [Full GC (Allocation Failure) [PSYoungGen: 32K->0K(1536K)] [ParOldGen: 7819K->3326K(8192K)] 7851K->3326K(9728K), [Metaspace: 3328K->3328K(1056768K)], 0.0020796 secs] [Times: user=0.01 sys=0.00, real=0.00 secs] 
11.941: [GC (Allocation Failure) [PSYoungGen: 20K->32K(1536K)] 7841K->7852K(9728K), 0.0003543 secs] [Times: user=0.00 sys=0.00, real=0.00 secs] 
11.941: [GC (Allocation Failure) [PSYoungGen: 32K->32K(1536K)] 7852K->7852K(9728K), 0.0003043 secs] [Times: user=0.00 sys=0.00, real=0.00 secs] 
11.942: [Full GC (Allocation Failure) [PSYoungGen: 32K->0K(1536K)] [ParOldGen: 7820K->3326K(8192K)] 7852K->3326K(9728K), [Metaspace: 3328K->3328K(1056768K)], 0.0027330 secs] [Times: user=0.01 sys=0.00, real=0.01 secs] 
11.945: [GC (Allocation Failure) [PSYoungGen: 20K->32K(1536K)] 7842K->7853K(9728K), 0.0003036 secs] [Times: user=0.00 sys=0.00, real=0.00 secs] 
11.945: [GC (Allocation Failure) [PSYoungGen: 32K->32K(1536K)] 7853K->7853K(9728K), 0.0007805 secs] [Times: user=0.00 sys=0.00, real=0.00 secs] 
11.946: [Full GC (Allocation Failure) [PSYoungGen: 32K->0K(1536K)] [ParOldGen: 7821K->3327K(8192K)] 7853K->3327K(9728K), [Metaspace: 3328K->3328K(1056768K)], 0.0027558 secs] [Times: user=0.00 sys=0.00, real=0.00 secs] 
11.949: [GC (Allocation Failure) [PSYoungGen: 20K->32K(1536K)] 7843K->7854K(9728K), 0.0003119 secs] [Times: user=0.01 sys=0.00, real=0.00 secs] 
11.949: [GC (Allocation Failure) [PSYoungGen: 32K->32K(1536K)] 7854K->7854K(9728K), 0.0003112 secs] [Times: user=0.00 sys=0.00, real=0.00 secs] 
11.950: [Full GC (Allocation Failure) [PSYoungGen: 32K->0K(1536K)] [ParOldGen: 7822K->3327K(8192K)] 7854K->3327K(9728K), [Metaspace: 3328K->3328K(1056768K)], 0.0028833 secs] [Times: user=0.00 sys=0.00, real=0.01 secs] 
11.953: [GC (Allocation Failure) [PSYoungGen: 20K->32K(1536K)] 7844K->7855K(9728K), 0.0003152 secs] [Times: user=0.00 sys=0.00, real=0.00 secs] 
11.953: [GC (Allocation Failure) [PSYoungGen: 32K->32K(1536K)] 7855K->7855K(9728K), 0.0007567 secs] [Times: user=0.00 sys=0.00, real=0.00 secs] 
11.954: [Full GC (Allocation Failure) [PSYoungGen: 32K->0K(1536K)] [ParOldGen: 7823K->3327K(8192K)] 7855K->3327K(9728K), [Metaspace: 3328K->3328K(1056768K)], 0.0027759 secs] [Times: user=0.01 sys=0.00, real=0.00 secs] 
11.957: [GC (Allocation Failure) [PSYoungGen: 20K->32K(1536K)] 7845K->7856K(9728K), 0.0003075 secs] [Times: user=0.00 sys=0.00, real=0.00 secs] 
11.958: [GC (Allocation Failure) [PSYoungGen: 32K->32K(1536K)] 7856K->7856K(9728K), 0.0002947 secs] [Times: user=0.00 sys=0.00, real=0.00 secs] 
11.958: [Full GC (Allocation Failure) [PSYoungGen: 32K->0K(1536K)] [ParOldGen: 7824K->3328K(8192K)] 7856K->3328K(9728K), [Metaspace: 3328K->3328K(1056768K)], 0.0025204 secs] [Times: user=0.01 sys=0.00, real=0.00 secs] 
11.961: [GC (Allocation Failure) [PSYoungGen: 20K->32K(1536K)] 7846K->7857K(9728K), 0.0003043 secs] [Times: user=0.00 sys=0.00, real=0.00 secs] 
11.961: [GC (Allocation Failure) [PSYoungGen: 32K->32K(1536K)] 7857K->7857K(9728K), 0.0002395 secs] [Times: user=0.00 sys=0.00, real=0.00 secs] 
11.962: [Full GC (Allocation Failure) [PSYoungGen: 32K->0K(1536K)] [ParOldGen: 7825K->3328K(8192K)] 7857K->3328K(9728K), [Metaspace: 3328K->3328K(1056768K)], 0.0021518 secs] [Times: user=0.00 sys=0.00, real=0.01 secs] 
11.964: [GC (Allocation Failure) [PSYoungGen: 20K->32K(1536K)] 7847K->7858K(9728K), 0.0003095 secs] [Times: user=0.00 sys=0.00, real=0.00 secs] 
11.965: [GC (Allocation Failure) [PSYoungGen: 32K->32K(1536K)] 7858K->7858K(9728K), 0.0002461 secs] [Times: user=0.00 sys=0.00, real=0.00 secs] 
11.965: [Full GC (Allocation Failure) [PSYoungGen: 32K->0K(1536K)] [ParOldGen: 7826K->3328K(8192K)] 7858K->3328K(9728K), [Metaspace: 3328K->3328K(1056768K)], 0.0021572 secs] [Times: user=0.01 sys=0.00, real=0.00 secs] 
11.968: [GC (Allocation Failure) [PSYoungGen: 20K->32K(1536K)] 7848K->7859K(9728K), 0.0003163 secs] [Times: user=0.00 sys=0.00, real=0.00 secs] 
11.968: [GC (Allocation Failure) [PSYoungGen: 32K->32K(1536K)] 7859K->7859K(9728K), 0.0002433 secs] [Times: user=0.00 sys=0.00, real=0.00 secs] 
11.968: [Full GC (Allocation Failure) [PSYoungGen: 32K->0K(1536K)] [ParOldGen: 7827K->3328K(8192K)] 7859K->3328K(9728K), [Metaspace: 3328K->3328K(1056768K)], 0.0019994 secs] [Times: user=0.01 sys=0.00, real=0.00 secs] 
11.971: [GC (Allocation Failure) [PSYoungGen: 20K->32K(1536K)] 7849K->7860K(9728K), 0.0003173 secs] [Times: user=0.00 sys=0.00, real=0.00 secs] 
11.971: [GC (Allocation Failure) [PSYoungGen: 32K->32K(1536K)] 7860K->7860K(9728K), 0.0007714 secs] [Times: user=0.00 sys=0.00, real=0.00 secs] 
11.972: [Full GC (Allocation Failure) [PSYoungGen: 32K->0K(1536K)] [ParOldGen: 7828K->3329K(8192K)] 7860K->3329K(9728K), [Metaspace: 3328K->3328K(1056768K)], 0.0021736 secs] [Times: user=0.00 sys=0.01, real=0.01 secs] 
11.974: [GC (Allocation Failure) [PSYoungGen: 20K->32K(1536K)] 7849K->7861K(9728K), 0.0003166 secs] [Times: user=0.00 sys=0.00, real=0.00 secs] 
11.975: [GC (Allocation Failure) [PSYoungGen: 32K->32K(1536K)] 7861K->7861K(9728K), 0.0002540 secs] [Times: user=0.00 sys=0.00, real=0.00 secs] 
11.975: [Full GC (Allocation Failure) [PSYoungGen: 32K->0K(1536K)] [ParOldGen: 7829K->3329K(8192K)] 7861K->3329K(9728K), [Metaspace: 3328K->3328K(1056768K)], 0.0021325 secs] [Times: user=0.01 sys=0.00, real=0.00 secs] 
11.978: [GC (Allocation Failure) [PSYoungGen: 20K->32K(1536K)] 7850K->7862K(9728K), 0.0003055 secs] [Times: user=0.00 sys=0.00, real=0.00 secs] 
11.978: [GC (Allocation Failure) [PSYoungGen: 32K->32K(1536K)] 7862K->7862K(9728K), 0.0002396 secs] [Times: user=0.00 sys=0.00, real=0.00 secs] 
11.978: [Full GC (Allocation Failure) [PSYoungGen: 32K->0K(1536K)] [ParOldGen: 7830K->3329K(8192K)] 7862K->3329K(9728K), [Metaspace: 3328K->3328K(1056768K)], 0.0030782 secs] [Times: user=0.01 sys=0.00, real=0.00 secs] 
11.982: [GC (Allocation Failure) [PSYoungGen: 20K->32K(1536K)] 7851K->7863K(9728K), 0.0003098 secs] [Times: user=0.00 sys=0.00, real=0.00 secs] 
11.982: [GC (Allocation Failure) [PSYoungGen: 32K->32K(1536K)] 7863K->7863K(9728K), 0.0002665 secs] [Times: user=0.00 sys=0.00, real=0.00 secs] 
11.982: [Full GC (Allocation Failure) [PSYoungGen: 32K->0K(1536K)] [ParOldGen: 7831K->3330K(8192K)] 7863K->3330K(9728K), [Metaspace: 3328K->3328K(1056768K)], 0.0025663 secs] [Times: user=0.00 sys=0.00, real=0.01 secs] 
11.985: [GC (Allocation Failure) [PSYoungGen: 20K->32K(1536K)] 7852K->7864K(9728K), 0.0003056 secs] [Times: user=0.00 sys=0.00, real=0.00 secs] 
11.986: [GC (Allocation Failure) [PSYoungGen: 32K->32K(1536K)] 7864K->7864K(9728K), 0.0002440 secs] [Times: user=0.00 sys=0.00, real=0.00 secs] 
11.986: [Full GC (Allocation Failure) [PSYoungGen: 32K->0K(1536K)] [ParOldGen: 7832K->3330K(8192K)] 7864K->3330K(9728K), [Metaspace: 3328K->3328K(1056768K)], 0.0020620 secs] [Times: user=0.00 sys=0.00, real=0.00 secs] 
11.988: [GC (Allocation Failure) [PSYoungGen: 20K->32K(1536K)] 7853K->7865K(9728K), 0.0008190 secs] [Times: user=0.00 sys=0.00, real=0.00 secs] 
11.989: [GC (Allocation Failure) [PSYoungGen: 32K->32K(1536K)] 7865K->7865K(9728K), 0.0002961 secs] [Times: user=0.00 sys=0.00, real=0.00 secs] 
11.990: [Full GC (Allocation Failure) [PSYoungGen: 32K->0K(1536K)] [ParOldGen: 7833K->3330K(8192K)] 7865K->3330K(9728K), [Metaspace: 3328K->3328K(1056768K)], 0.0022191 secs] [Times: user=0.01 sys=0.00, real=0.00 secs] 
11.992: [GC (Allocation Failure) [PSYoungGen: 20K->32K(1536K)] 7854K->7866K(9728K), 0.0008239 secs] [Times: user=0.00 sys=0.00, real=0.01 secs] 
11.993: [GC (Allocation Failure) [PSYoungGen: 32K->32K(1536K)] 7866K->7866K(9728K), 0.0005925 secs] [Times: user=0.00 sys=0.00, real=0.00 secs] 
11.994: [Full GC (Allocation Failure) [PSYoungGen: 32K->0K(1536K)] [ParOldGen: 7834K->3331K(8192K)] 7866K->3331K(9728K), [Metaspace: 3328K->3328K(1056768K)], 0.0025258 secs] [Times: user=0.01 sys=0.00, real=0.00 secs] 
11.997: [GC (Allocation Failure) [PSYoungGen: 20K->32K(1536K)] 7855K->7867K(9728K), 0.0003135 secs] [Times: user=0.00 sys=0.00, real=0.00 secs] 
11.997: [GC (Allocation Failure) [PSYoungGen: 32K->32K(1536K)] 7867K->7867K(9728K), 0.0007619 secs] [Times: user=0.00 sys=0.00, real=0.00 secs] 
11.998: [Full GC (Allocation Failure) [PSYoungGen: 32K->0K(1536K)] [ParOldGen: 7835K->3331K(8192K)] 7867K->3331K(9728K), [Metaspace: 3328K->3328K(1056768K)], 0.0027419 secs] [Times: user=0.01 sys=0.00, real=0.00 secs] 
12.001: [GC (Allocation Failure) [PSYoungGen: 20K->32K(1536K)] 7856K->7868K(9728K), 0.0003077 secs] [Times: user=0.00 sys=0.00, real=0.00 secs] 
12.001: [Full GC (Ergonomics) [PSYoungGen: 32K->0K(1536K)] [ParOldGen: 7836K->3331K(8192K)] 7868K->3331K(9728K), [Metaspace: 3328K->3328K(1056768K)], 0.0023743 secs] [Times: user=0.00 sys=0.00, real=0.01 secs] 
12.004: [GC (Allocation Failure) [PSYoungGen: 20K->32K(1536K)] 7857K->7869K(9728K), 0.0006992 secs] [Times: user=0.00 sys=0.00, real=0.00 secs] 
12.005: [Full GC (Ergonomics) [PSYoungGen: 32K->0K(1536K)] [ParOldGen: 7837K->3332K(8192K)] 7869K->3332K(9728K), [Metaspace: 3328K->3328K(1056768K)], 0.0037520 secs] [Times: user=0.01 sys=0.00, real=0.00 secs] 
12.009: [GC (Allocation Failure) [PSYoungGen: 20K->32K(1536K)] 7858K->7870K(9728K), 0.0003241 secs] [Times: user=0.00 sys=0.00, real=0.00 secs] 
12.010: [Full GC (Ergonomics) [PSYoungGen: 32K->0K(1536K)] [ParOldGen: 7838K->3332K(8192K)] 7870K->3332K(9728K), [Metaspace: 3328K->3328K(1056768K)], 0.0028791 secs] [Times: user=0.01 sys=0.00, real=0.00 secs] 
12.013: [GC (Allocation Failure) [PSYoungGen: 20K->32K(1536K)] 7859K->7871K(9728K), 0.0003163 secs] [Times: user=0.00 sys=0.00, real=0.00 secs] 
12.013: [Full GC (Ergonomics) [PSYoungGen: 32K->0K(1536K)] [ParOldGen: 7839K->3332K(8192K)] 7871K->3332K(9728K), [Metaspace: 3328K->3328K(1056768K)], 0.0025875 secs] [Times: user=0.00 sys=0.00, real=0.00 secs] 
12.016: [GC (Allocation Failure) [PSYoungGen: 20K->32K(1536K)] 7860K->7872K(9728K), 0.0008146 secs] [Times: user=0.01 sys=0.00, real=0.00 secs] 
12.017: [Full GC (Ergonomics) [PSYoungGen: 32K->0K(1536K)] [ParOldGen: 7840K->3333K(8192K)] 7872K->3333K(9728K), [Metaspace: 3328K->3328K(1056768K)], 0.0021990 secs] [Times: user=0.00 sys=0.00, real=0.00 secs] 
12.020: [GC (Allocation Failure) [PSYoungGen: 20K->32K(1536K)] 7861K->7873K(9728K), 0.0003202 secs] [Times: user=0.00 sys=0.00, real=0.00 secs] 
12.020: [Full GC (Ergonomics) [PSYoungGen: 32K->0K(1536K)] [ParOldGen: 7841K->3333K(8192K)] 7873K->3333K(9728K), [Metaspace: 3328K->3328K(1056768K)], 0.0032837 secs] [Times: user=0.01 sys=0.00, real=0.01 secs] 
12.024: [GC (Allocation Failure) [PSYoungGen: 20K->32K(1536K)] 7862K->7873K(9728K), 0.0003357 secs] [Times: user=0.00 sys=0.00, real=0.00 secs] 
12.025: [Full GC (Ergonomics) [PSYoungGen: 32K->0K(1536K)] [ParOldGen: 7841K->3333K(8192K)] 7873K->3333K(9728K), [Metaspace: 3328K->3328K(1056768K)], 0.0028797 secs] [Times: user=0.00 sys=0.00, real=0.00 secs] 
12.028: [GC (Allocation Failure) [PSYoungGen: 20K->32K(1536K)] 7863K->7874K(9728K), 0.0003133 secs] [Times: user=0.00 sys=0.00, real=0.00 secs] 
12.028: [Full GC (Ergonomics) [PSYoungGen: 32K->0K(1536K)] [ParOldGen: 7842K->3334K(8192K)] 7874K->3334K(9728K), [Metaspace: 3328K->3328K(1056768K)], 0.0020491 secs] [Times: user=0.00 sys=0.00, real=0.00 secs] 
12.031: [GC (Allocation Failure) [PSYoungGen: 20K->32K(1536K)] 7864K->7875K(9728K), 0.0003367 secs] [Times: user=0.00 sys=0.00, real=0.00 secs] 
12.031: [Full GC (Ergonomics) [PSYoungGen: 32K->0K(1536K)] [ParOldGen: 7843K->3334K(8192K)] 7875K->3334K(9728K), [Metaspace: 3328K->3328K(1056768K)], 0.0028056 secs] [Times: user=0.01 sys=0.00, real=0.01 secs] 
12.035: [GC (Allocation Failure) [PSYoungGen: 20K->32K(1536K)] 7865K->7876K(9728K), 0.0009697 secs] [Times: user=0.00 sys=0.00, real=0.00 secs] 
12.036: [Full GC (Ergonomics) [PSYoungGen: 32K->0K(1536K)] [ParOldGen: 7844K->3334K(8192K)] 7876K->3334K(9728K), [Metaspace: 3328K->3328K(1056768K)], 0.0025454 secs] [Times: user=0.00 sys=0.00, real=0.00 secs] 
12.039: [GC (Allocation Failure) [PSYoungGen: 20K->32K(1536K)] 7866K->7877K(9728K), 0.0003170 secs] [Times: user=0.00 sys=0.00, real=0.00 secs] 
12.039: [Full GC (Ergonomics) [PSYoungGen: 32K->0K(1536K)] [ParOldGen: 7845K->3335K(8192K)] 7877K->3335K(9728K), [Metaspace: 3328K->3328K(1056768K)], 0.0027013 secs] [Times: user=0.00 sys=0.00, real=0.00 secs] 
12.042: [GC (Allocation Failure) [PSYoungGen: 20K->32K(1536K)] 7867K->7878K(9728K), 0.0003178 secs] [Times: user=0.00 sys=0.00, real=0.00 secs] 
12.042: [Full GC (Ergonomics) [PSYoungGen: 32K->0K(1536K)] [ParOldGen: 7846K->3335K(8192K)] 7878K->3335K(9728K), [Metaspace: 3328K->3328K(1056768K)], 0.0022056 secs] [Times: user=0.01 sys=0.00, real=0.01 secs] 
12.045: [GC (Allocation Failure) [PSYoungGen: 20K->32K(1536K)] 7868K->7879K(9728K), 0.0003211 secs] [Times: user=0.00 sys=0.00, real=0.00 secs] 
12.046: [Full GC (Ergonomics) [PSYoungGen: 32K->0K(1536K)] [ParOldGen: 7847K->3335K(8192K)] 7879K->3335K(9728K), [Metaspace: 3328K->3328K(1056768K)], 0.0025359 secs] [Times: user=0.00 sys=0.00, real=0.00 secs] 
12.049: [GC (Allocation Failure) [PSYoungGen: 20K->32K(1536K)] 7869K->7880K(9728K), 0.0003056 secs] [Times: user=0.01 sys=0.00, real=0.00 secs] 
12.049: [Full GC (Ergonomics) [PSYoungGen: 32K->0K(1536K)] [ParOldGen: 7848K->3336K(8192K)] 7880K->3336K(9728K), [Metaspace: 3328K->3328K(1056768K)], 0.0027437 secs] [Times: user=0.00 sys=0.00, real=0.00 secs] 
12.052: [GC (Allocation Failure) [PSYoungGen: 20K->32K(1536K)] 7870K->7881K(9728K), 0.0008140 secs] [Times: user=0.00 sys=0.00, real=0.01 secs] 
12.053: [Full GC (Ergonomics) [PSYoungGen: 32K->0K(1536K)] [ParOldGen: 7849K->3336K(8192K)] 7881K->3336K(9728K), [Metaspace: 3328K->3328K(1056768K)], 0.0021754 secs] [Times: user=0.01 sys=0.00, real=0.00 secs] 
12.056: [GC (Allocation Failure) [PSYoungGen: 20K->32K(1536K)] 7871K->7882K(9728K), 0.0003144 secs] [Times: user=0.00 sys=0.00, real=0.00 secs] 
12.056: [Full GC (Ergonomics) [PSYoungGen: 32K->0K(1536K)] [ParOldGen: 7850K->3336K(8192K)] 7882K->3336K(9728K), [Metaspace: 3328K->3328K(1056768K)], 0.0021415 secs] [Times: user=0.00 sys=0.00, real=0.00 secs] 
12.059: [GC (Allocation Failure) [PSYoungGen: 20K->32K(1536K)] 7872K->7883K(9728K), 0.0003224 secs] [Times: user=0.00 sys=0.00, real=0.00 secs] 
12.059: [Full GC (Ergonomics) [PSYoungGen: 32K->0K(1536K)] [ParOldGen: 7851K->3336K(8192K)] 7883K->3336K(9728K), [Metaspace: 3328K->3328K(1056768K)], 0.0027286 secs] [Times: user=0.01 sys=0.00, real=0.00 secs] 
12.062: [GC (Allocation Failure) [PSYoungGen: 20K->32K(1536K)] 7873K->7884K(9728K), 0.0003105 secs] [Times: user=0.00 sys=0.00, real=0.00 secs] 
12.062: [Full GC (Ergonomics) [PSYoungGen: 32K->0K(1536K)] [ParOldGen: 7852K->3337K(8192K)] 7884K->3337K(9728K), [Metaspace: 3328K->3328K(1056768K)], 0.0022093 secs] [Times: user=0.01 sys=0.00, real=0.01 secs] 
12.065: [GC (Allocation Failure) [PSYoungGen: 20K->32K(1536K)] 7873K->7885K(9728K), 0.0003091 secs] [Times: user=0.00 sys=0.00, real=0.00 secs] 
12.065: [Full GC (Ergonomics) [PSYoungGen: 32K->0K(1536K)] [ParOldGen: 7853K->3337K(8192K)] 7885K->3337K(9728K), [Metaspace: 3328K->3328K(1056768K)], 0.0021864 secs] [Times: user=0.00 sys=0.00, real=0.00 secs] 
12.068: [GC (Allocation Failure) [PSYoungGen: 20K->32K(1536K)] 7874K->7886K(9728K), 0.0003513 secs] [Times: user=0.00 sys=0.00, real=0.00 secs] 
12.068: [Full GC (Ergonomics) [PSYoungGen: 32K->0K(1536K)] [ParOldGen: 7854K->3337K(8192K)] 7886K->3337K(9728K), [Metaspace: 3328K->3328K(1056768K)], 0.0028276 secs] [Times: user=0.01 sys=0.00, real=0.00 secs] 
12.072: [GC (Allocation Failure) [PSYoungGen: 20K->32K(1536K)] 7875K->7887K(9728K), 0.0003084 secs] [Times: user=0.00 sys=0.00, real=0.00 secs] 
12.072: [Full GC (Ergonomics) [PSYoungGen: 32K->0K(1536K)] [ParOldGen: 7855K->3338K(8192K)] 7887K->3338K(9728K), [Metaspace: 3328K->3328K(1056768K)], 0.0021673 secs] [Times: user=0.00 sys=0.00, real=0.01 secs] 
12.075: [GC (Allocation Failure) [PSYoungGen: 20K->32K(1536K)] 7876K->7888K(9728K), 0.0008267 secs] [Times: user=0.01 sys=0.00, real=0.00 secs] 
12.076: [Full GC (Ergonomics) [PSYoungGen: 32K->0K(1536K)] [ParOldGen: 7856K->3338K(8192K)] 7888K->3338K(9728K), [Metaspace: 3328K->3328K(1056768K)], 0.0021350 secs] [Times: user=0.00 sys=0.00, real=0.00 secs] 
12.078: [GC (Allocation Failure) [PSYoungGen: 20K->32K(1536K)] 7877K->7889K(9728K), 0.0003108 secs] [Times: user=0.00 sys=0.00, real=0.00 secs] 
12.078: [Full GC (Ergonomics) [PSYoungGen: 32K->0K(1536K)] [ParOldGen: 7857K->3338K(8192K)] 7889K->3338K(9728K), [Metaspace: 3328K->3328K(1056768K)], 0.0026550 secs] [Times: user=0.01 sys=0.01, real=0.00 secs] 
12.082: [GC (Allocation Failure) [PSYoungGen: 20K->32K(1536K)] 7878K->7890K(9728K), 0.0003291 secs] [Times: user=0.00 sys=0.00, real=0.00 secs] 
12.082: [Full GC (Ergonomics) [PSYoungGen: 32K->0K(1536K)] [ParOldGen: 7858K->3339K(8192K)] 7890K->3339K(9728K), [Metaspace: 3328K->3328K(1056768K)], 0.0022492 secs] [Times: user=0.00 sys=0.00, real=0.01 secs] 
12.085: [GC (Allocation Failure) [PSYoungGen: 20K->32K(1536K)] 7879K->7891K(9728K), 0.0003656 secs] [Times: user=0.00 sys=0.00, real=0.00 secs] 
12.085: [Full GC (Ergonomics) [PSYoungGen: 32K->0K(1536K)] [ParOldGen: 7859K->3339K(8192K)] 7891K->3339K(9728K), [Metaspace: 3328K->3328K(1056768K)], 0.0021679 secs] [Times: user=0.00 sys=0.00, real=0.00 secs] 
12.088: [GC (Allocation Failure) [PSYoungGen: 20K->32K(1536K)] 7880K->7892K(9728K), 0.0003101 secs] [Times: user=0.00 sys=0.00, real=0.00 secs] 
12.088: [Full GC (Ergonomics) [PSYoungGen: 32K->0K(1536K)] [ParOldGen: 7860K->3339K(8192K)] 7892K->3339K(9728K), [Metaspace: 3328K->3328K(1056768K)], 0.0027356 secs] [Times: user=0.01 sys=0.00, real=0.00 secs] 
12.091: [GC (Allocation Failure) [PSYoungGen: 20K->32K(1536K)] 7881K->7893K(9728K), 0.0008262 secs] [Times: user=0.00 sys=0.00, real=0.00 secs] 
12.092: [Full GC (Ergonomics) [PSYoungGen: 32K->0K(1536K)] [ParOldGen: 7861K->3340K(8192K)] 7893K->3340K(9728K), [Metaspace: 3328K->3328K(1056768K)], 0.0020531 secs] [Times: user=0.00 sys=0.00, real=0.01 secs] 
12.095: [GC (Allocation Failure) [PSYoungGen: 20K->32K(1536K)] 7882K->7894K(9728K), 0.0003029 secs] [Times: user=0.00 sys=0.00, real=0.00 secs] 
12.095: [Full GC (Ergonomics) [PSYoungGen: 32K->0K(1536K)] [ParOldGen: 7862K->3340K(8192K)] 7894K->3340K(9728K), [Metaspace: 3328K->3328K(1056768K)], 0.0032233 secs] [Times: user=0.01 sys=0.00, real=0.00 secs] 
12.099: [GC (Allocation Failure) [PSYoungGen: 20K->32K(1536K)] 7883K->7895K(9728K), 0.0004954 secs] [Times: user=0.00 sys=0.00, real=0.00 secs] 
12.099: [Full GC (Ergonomics) [PSYoungGen: 32K->0K(1536K)] [ParOldGen: 7863K->3340K(8192K)] 7895K->3340K(9728K), [Metaspace: 3328K->3328K(1056768K)], 0.0025472 secs] [Times: user=0.01 sys=0.00, real=0.00 secs] 
12.102: [GC (Allocation Failure) [PSYoungGen: 20K->32K(1536K)] 7884K->7896K(9728K), 0.0003171 secs] [Times: user=0.00 sys=0.00, real=0.00 secs] 
12.103: [Full GC (Ergonomics) [PSYoungGen: 32K->0K(1536K)] [ParOldGen: 7864K->3341K(8192K)] 7896K->3341K(9728K), [Metaspace: 3328K->3328K(1056768K)], 0.0028313 secs] [Times: user=0.00 sys=0.00, real=0.01 secs] 
12.106: [GC (Allocation Failure) [PSYoungGen: 20K->32K(1536K)] 7885K->7897K(9728K), 0.0008273 secs] [Times: user=0.01 sys=0.00, real=0.00 secs] 
12.107: [Full GC (Ergonomics) [PSYoungGen: 32K->0K(1536K)] [ParOldGen: 7865K->3341K(8192K)] 7897K->3341K(9728K), [Metaspace: 3328K->3328K(1056768K)], 0.0025463 secs] [Times: user=0.00 sys=0.00, real=0.00 secs] 
12.110: [GC (Allocation Failure) [PSYoungGen: 20K->32K(1536K)] 7886K->7897K(9728K), 0.0003212 secs] [Times: user=0.00 sys=0.00, real=0.00 secs] 
12.110: [Full GC (Ergonomics) [PSYoungGen: 32K->0K(1536K)] [ParOldGen: 7865K->3341K(8192K)] 7897K->3341K(9728K), [Metaspace: 3328K->3328K(1056768K)], 0.0025170 secs] [Times: user=0.01 sys=0.00, real=0.00 secs] 
12.113: [GC (Allocation Failure) [PSYoungGen: 20K->32K(1536K)] 7887K->7898K(9728K), 0.0003452 secs] [Times: user=0.00 sys=0.00, real=0.00 secs] 
12.113: [Full GC (Ergonomics) [PSYoungGen: 32K->0K(1536K)] [ParOldGen: 7866K->3342K(8192K)] 7898K->3342K(9728K), [Metaspace: 3328K->3328K(1056768K)], 0.0025196 secs] [Times: user=0.00 sys=0.00, real=0.00 secs] 
12.116: [GC (Allocation Failure) [PSYoungGen: 20K->32K(1536K)] 7888K->7899K(9728K), 0.0003148 secs] [Times: user=0.00 sys=0.00, real=0.00 secs] 
12.117: [Full GC (Ergonomics) [PSYoungGen: 32K->0K(1536K)] [ParOldGen: 7867K->3342K(8192K)] 7899K->3342K(9728K), [Metaspace: 3328K->3328K(1056768K)], 0.0021200 secs] [Times: user=0.00 sys=0.00, real=0.00 secs] 
12.119: [GC (Allocation Failure) [PSYoungGen: 20K->32K(1536K)] 7889K->7900K(9728K), 0.0008223 secs] [Times: user=0.00 sys=0.00, real=0.00 secs] 
12.120: [Full GC (Ergonomics) [PSYoungGen: 32K->0K(1536K)] [ParOldGen: 7868K->3342K(8192K)] 7900K->3342K(9728K), [Metaspace: 3328K->3328K(1056768K)], 0.0024115 secs] [Times: user=0.01 sys=0.00, real=0.00 secs] 
12.123: [GC (Allocation Failure) [PSYoungGen: 20K->32K(1536K)] 7890K->7901K(9728K), 0.0003124 secs] [Times: user=0.00 sys=0.00, real=0.00 secs] 
12.123: [Full GC (Ergonomics) [PSYoungGen: 32K->0K(1536K)] [ParOldGen: 7869K->3343K(8192K)] 7901K->3343K(9728K), [Metaspace: 3328K->3328K(1056768K)], 0.0029284 secs] [Times: user=0.00 sys=0.00, real=0.00 secs] 
12.127: [GC (Allocation Failure) [PSYoungGen: 20K->32K(1536K)] 7891K->7902K(9728K), 0.0003204 secs] [Times: user=0.00 sys=0.00, real=0.00 secs] 
12.127: [Full GC (Ergonomics) [PSYoungGen: 32K->0K(1536K)] [ParOldGen: 7870K->3343K(8192K)] 7902K->3343K(9728K), [Metaspace: 3328K->3328K(1056768K)], 0.0021995 secs] [Times: user=0.00 sys=0.00, real=0.00 secs] 
12.130: [GC (Allocation Failure) [PSYoungGen: 20K->32K(1536K)] 7892K->7903K(9728K), 0.0003226 secs] [Times: user=0.00 sys=0.00, real=0.00 secs] 
12.130: [Full GC (Ergonomics) [PSYoungGen: 32K->0K(1536K)] [ParOldGen: 7871K->3343K(8192K)] 7903K->3343K(9728K), [Metaspace: 3328K->3328K(1056768K)], 0.0023802 secs] [Times: user=0.01 sys=0.00, real=0.00 secs] 
12.133: [GC (Allocation Failure) [PSYoungGen: 20K->32K(1536K)] 7893K->7904K(9728K), 0.0003142 secs] [Times: user=0.00 sys=0.00, real=0.00 secs] 
12.133: [Full GC (Ergonomics) [PSYoungGen: 32K->0K(1536K)] [ParOldGen: 7872K->3344K(8192K)] 7904K->3344K(9728K), [Metaspace: 3328K->3328K(1056768K)], 0.0021378 secs] [Times: user=0.00 sys=0.00, real=0.00 secs] 
12.136: [GC (Allocation Failure) [PSYoungGen: 20K->32K(1536K)] 7894K->7905K(9728K), 0.0008543 secs] [Times: user=0.01 sys=0.00, real=0.00 secs] 
12.137: [Full GC (Ergonomics) [PSYoungGen: 32K->0K(1536K)] [ParOldGen: 7873K->3344K(8192K)] 7905K->3344K(9728K), [Metaspace: 3328K->3328K(1056768K)], 0.0021536 secs] [Times: user=0.00 sys=0.00, real=0.00 secs] 
12.139: [GC (Allocation Failure) [PSYoungGen: 20K->32K(1536K)] 7895K->7906K(9728K), 0.0003111 secs] [Times: user=0.00 sys=0.00, real=0.00 secs] 
12.140: [Full GC (Ergonomics) [PSYoungGen: 32K->0K(1536K)] [ParOldGen: 7874K->3344K(8192K)] 7906K->3344K(9728K), [Metaspace: 3328K->3328K(1056768K)], 0.0027392 secs] [Times: user=0.01 sys=0.00, real=0.00 secs] 
12.143: [GC (Allocation Failure) [PSYoungGen: 20K->32K(1536K)] 7896K->7907K(9728K), 0.0003072 secs] [Times: user=0.00 sys=0.00, real=0.00 secs] 
12.143: [Full GC (Ergonomics) [PSYoungGen: 32K->0K(1536K)] [ParOldGen: 7875K->3344K(8192K)] 7907K->3344K(9728K), [Metaspace: 3328K->3328K(1056768K)], 0.0021060 secs] [Times: user=0.00 sys=0.00, real=0.00 secs] 
12.146: [GC (Allocation Failure) [PSYoungGen: 20K->32K(1536K)] 7897K->7908K(9728K), 0.0003564 secs] [Times: user=0.00 sys=0.00, real=0.00 secs] 
12.146: [Full GC (Ergonomics) [PSYoungGen: 32K->0K(1536K)] [ParOldGen: 7876K->3345K(8192K)] 7908K->3345K(9728K), [Metaspace: 3328K->3328K(1056768K)], 0.0020763 secs] [Times: user=0.01 sys=0.00, real=0.00 secs] 
12.149: [GC (Allocation Failure) [PSYoungGen: 20K->32K(1536K)] 7898K->7909K(9728K), 0.0003061 secs] [Times: user=0.00 sys=0.00, real=0.00 secs] 
12.149: [Full GC (Ergonomics) [PSYoungGen: 32K->0K(1536K)] [ParOldGen: 7877K->3345K(8192K)] 7909K->3345K(9728K), [Metaspace: 3328K->3328K(1056768K)], 0.0021250 secs] [Times: user=0.00 sys=0.00, real=0.00 secs] 
12.152: [GC (Allocation Failure) [PSYoungGen: 20K->32K(1536K)] 7898K->7910K(9728K), 0.0015264 secs] [Times: user=0.00 sys=0.00, real=0.01 secs] 
12.153: [Full GC (Ergonomics) [PSYoungGen: 32K->0K(1536K)] [ParOldGen: 7878K->3345K(8192K)] 7910K->3345K(9728K), [Metaspace: 3328K->3328K(1056768K)], 0.0032820 secs] [Times: user=0.00 sys=0.00, real=0.00 secs] 
12.157: [GC (Allocation Failure) [PSYoungGen: 20K->32K(1536K)] 7899K->7911K(9728K), 0.0012012 secs] [Times: user=0.00 sys=0.00, real=0.00 secs] 
12.158: [Full GC (Ergonomics) [PSYoungGen: 32K->0K(1536K)] [ParOldGen: 7879K->3346K(8192K)] 7911K->3346K(9728K), [Metaspace: 3328K->3328K(1056768K)], 0.0023518 secs] [Times: user=0.01 sys=0.00, real=0.00 secs] 
12.161: [GC (Allocation Failure) [PSYoungGen: 20K->32K(1536K)] 7900K->7912K(9728K), 0.0003135 secs] [Times: user=0.00 sys=0.00, real=0.00 secs] 
12.161: [Full GC (Ergonomics) [PSYoungGen: 32K->0K(1536K)] [ParOldGen: 7880K->3346K(8192K)] 7912K->3346K(9728K), [Metaspace: 3328K->3328K(1056768K)], 0.0022116 secs] [Times: user=0.01 sys=0.00, real=0.01 secs] 
12.164: [GC (Allocation Failure) [PSYoungGen: 20K->32K(1536K)] 7901K->7913K(9728K), 0.0003184 secs] [Times: user=0.00 sys=0.00, real=0.00 secs] 
12.164: [Full GC (Ergonomics) [PSYoungGen: 32K->0K(1536K)] [ParOldGen: 7881K->3346K(8192K)] 7913K->3346K(9728K), [Metaspace: 3328K->3328K(1056768K)], 0.0022169 secs] [Times: user=0.00 sys=0.00, real=0.00 secs] 
12.167: [GC (Allocation Failure) [PSYoungGen: 20K->32K(1536K)] 7902K->7914K(9728K), 0.0003012 secs] [Times: user=0.00 sys=0.00, real=0.00 secs] 
12.167: [Full GC (Ergonomics) [PSYoungGen: 32K->0K(1536K)] [ParOldGen: 7882K->3347K(8192K)] 7914K->3347K(9728K), [Metaspace: 3328K->3328K(1056768K)], 0.0022004 secs] [Times: user=0.01 sys=0.00, real=0.00 secs] 
12.170: [GC (Allocation Failure) [PSYoungGen: 20K->32K(1536K)] 7903K->7915K(9728K), 0.0003100 secs] [Times: user=0.00 sys=0.00, real=0.00 secs] 
12.170: [Full GC (Ergonomics) [PSYoungGen: 32K->0K(1536K)] [ParOldGen: 7883K->3347K(8192K)] 7915K->3347K(9728K), [Metaspace: 3328K->3328K(1056768K)], 0.0020378 secs] [Times: user=0.00 sys=0.00, real=0.00 secs] 
12.173: [GC (Allocation Failure) [PSYoungGen: 20K->32K(1536K)] 7904K->7916K(9728K), 0.0003141 secs] [Times: user=0.00 sys=0.00, real=0.00 secs] 
12.173: [Full GC (Ergonomics) [PSYoungGen: 32K->0K(1536K)] [ParOldGen: 7884K->3347K(8192K)] 7916K->3347K(9728K), [Metaspace: 3328K->3328K(1056768K)], 0.0022016 secs] [Times: user=0.01 sys=0.00, real=0.00 secs] 
12.176: [GC (Allocation Failure) [PSYoungGen: 20K->32K(1536K)] 7905K->7917K(9728K), 0.0003151 secs] [Times: user=0.00 sys=0.00, real=0.00 secs] 
12.176: [Full GC (Ergonomics) [PSYoungGen: 32K->0K(1536K)] [ParOldGen: 7885K->3348K(8192K)] 7917K->3348K(9728K), [Metaspace: 3328K->3328K(1056768K)], 0.0021410 secs] [Times: user=0.01 sys=0.00, real=0.00 secs] 
12.179: [GC (Allocation Failure) [PSYoungGen: 20K->32K(1536K)] 7906K->7918K(9728K), 0.0003287 secs] [Times: user=0.00 sys=0.00, real=0.00 secs] 
12.179: [Full GC (Ergonomics) [PSYoungGen: 32K->0K(1536K)] [ParOldGen: 7886K->3348K(8192K)] 7918K->3348K(9728K), [Metaspace: 3328K->3328K(1056768K)], 0.0021794 secs] [Times: user=0.00 sys=0.00, real=0.00 secs] 
12.182: [GC (Allocation Failure) [PSYoungGen: 20K->32K(1536K)] 7907K->7919K(9728K), 0.0003126 secs] [Times: user=0.00 sys=0.00, real=0.00 secs] 
12.182: [Full GC (Ergonomics) [PSYoungGen: 32K->0K(1536K)] [ParOldGen: 7887K->3348K(8192K)] 7919K->3348K(9728K), [Metaspace: 3328K->3328K(1056768K)], 0.0022060 secs] [Times: user=0.01 sys=0.00, real=0.01 secs] 
12.185: [GC (Allocation Failure) [PSYoungGen: 20K->32K(1536K)] 7908K->7920K(9728K), 0.0003167 secs] [Times: user=0.00 sys=0.00, real=0.00 secs] 
12.185: [Full GC (Ergonomics) [PSYoungGen: 32K->0K(1536K)] [ParOldGen: 7888K->3349K(8192K)] 7920K->3349K(9728K), [Metaspace: 3328K->3328K(1056768K)], 0.0021104 secs] [Times: user=0.00 sys=0.01, real=0.00 secs] 
12.188: [GC (Allocation Failure) [PSYoungGen: 20K->32K(1536K)] 7909K->7921K(9728K), 0.0003139 secs] [Times: user=0.00 sys=0.00, real=0.00 secs] 
12.188: [Full GC (Ergonomics) [PSYoungGen: 32K->0K(1536K)] [ParOldGen: 7889K->3349K(8192K)] 7921K->3349K(9728K), [Metaspace: 3328K->3328K(1056768K)], 0.0022210 secs] [Times: user=0.01 sys=0.00, real=0.00 secs] 
12.191: [GC (Allocation Failure) [PSYoungGen: 20K->32K(1536K)] 7910K->7922K(9728K), 0.0003264 secs] [Times: user=0.00 sys=0.00, real=0.00 secs] 
12.191: [Full GC (Ergonomics) [PSYoungGen: 32K->0K(1536K)] [ParOldGen: 7890K->3349K(8192K)] 7922K->3349K(9728K), [Metaspace: 3328K->3328K(1056768K)], 0.0020689 secs] [Times: user=0.00 sys=0.00, real=0.01 secs] 
12.194: [GC (Allocation Failure) [PSYoungGen: 20K->32K(1536K)] 7911K->7922K(9728K), 0.0003084 secs] [Times: user=0.00 sys=0.00, real=0.00 secs] 
12.194: [Full GC (Ergonomics) [PSYoungGen: 32K->0K(1536K)] [ParOldGen: 7890K->3350K(8192K)] 7922K->3350K(9728K), [Metaspace: 3328K->3328K(1056768K)], 0.0020254 secs] [Times: user=0.01 sys=0.00, real=0.00 secs] 
12.196: [GC (Allocation Failure) [PSYoungGen: 20K->32K(1536K)] 7912K->7923K(9728K), 0.0003075 secs] [Times: user=0.00 sys=0.00, real=0.00 secs] 
12.197: [Full GC (Ergonomics) [PSYoungGen: 32K->0K(1536K)] [ParOldGen: 7891K->3350K(8192K)] 7923K->3350K(9728K), [Metaspace: 3328K->3328K(1056768K)], 0.0023282 secs] [Times: user=0.01 sys=0.00, real=0.00 secs] 
12.200: [GC (Allocation Failure) [PSYoungGen: 20K->32K(1536K)] 7913K->7924K(9728K), 0.0003252 secs] [Times: user=0.00 sys=0.00, real=0.00 secs] 
12.200: [Full GC (Ergonomics) [PSYoungGen: 32K->0K(1536K)] [ParOldGen: 7892K->3350K(8192K)] 7924K->3350K(9728K), [Metaspace: 3328K->3328K(1056768K)], 0.0021783 secs] [Times: user=0.00 sys=0.00, real=0.00 secs] 
12.203: [GC (Allocation Failure) [PSYoungGen: 20K->32K(1536K)] 7914K->7925K(9728K), 0.0008464 secs] [Times: user=0.00 sys=0.00, real=0.00 secs] 
12.204: [Full GC (Ergonomics) [PSYoungGen: 32K->0K(1536K)] [ParOldGen: 7893K->3351K(8192K)] 7925K->3351K(9728K), [Metaspace: 3328K->3328K(1056768K)], 0.0039070 secs] [Times: user=0.01 sys=0.00, real=0.00 secs] 
12.208: [GC (Allocation Failure) [PSYoungGen: 20K->32K(1536K)] 7915K->7926K(9728K), 0.0004443 secs] [Times: user=0.00 sys=0.00, real=0.00 secs] 
12.209: [Full GC (Ergonomics) [PSYoungGen: 32K->0K(1536K)] [ParOldGen: 7894K->3351K(8192K)] 7926K->3351K(9728K), [Metaspace: 3328K->3328K(1056768K)], 0.0036314 secs] [Times: user=0.01 sys=0.00, real=0.00 secs] 
12.214: [GC (Allocation Failure) [PSYoungGen: 20K->32K(1536K)] 7916K->7927K(9728K), 0.0004257 secs] [Times: user=0.00 sys=0.00, real=0.00 secs] 
12.214: [Full GC (Ergonomics) [PSYoungGen: 32K->0K(1536K)] [ParOldGen: 7895K->3351K(8192K)] 7927K->3351K(9728K), [Metaspace: 3328K->3328K(1056768K)], 0.0023291 secs] [Times: user=0.01 sys=0.00, real=0.00 secs] 
12.217: [GC (Allocation Failure) [PSYoungGen: 20K->32K(1536K)] 7917K->7928K(9728K), 0.0003137 secs] [Times: user=0.00 sys=0.00, real=0.00 secs] 
12.217: [Full GC (Ergonomics) [PSYoungGen: 32K->0K(1536K)] [ParOldGen: 7896K->3352K(8192K)] 7928K->3352K(9728K), [Metaspace: 3328K->3328K(1056768K)], 0.0020993 secs] [Times: user=0.00 sys=0.00, real=0.00 secs] 
12.220: [GC (Allocation Failure) [PSYoungGen: 20K->32K(1536K)] 7918K->7929K(9728K), 0.0003229 secs] [Times: user=0.00 sys=0.00, real=0.00 secs] 
12.220: [Full GC (Ergonomics) [PSYoungGen: 32K->0K(1536K)] [ParOldGen: 7897K->3352K(8192K)] 7929K->3352K(9728K), [Metaspace: 3328K->3328K(1056768K)], 0.0023313 secs] [Times: user=0.01 sys=0.00, real=0.00 secs] 
12.224: [GC (Allocation Failure) [PSYoungGen: 20K->32K(1536K)] 7919K->7930K(9728K), 0.0003836 secs] [Times: user=0.00 sys=0.00, real=0.00 secs] 
12.225: [Full GC (Ergonomics) [PSYoungGen: 32K->0K(1536K)] [ParOldGen: 7898K->3352K(8192K)] 7930K->3352K(9728K), [Metaspace: 3328K->3328K(1056768K)], 0.0022434 secs] [Times: user=0.01 sys=0.00, real=0.00 secs] 
12.227: [GC (Allocation Failure) [PSYoungGen: 20K->32K(1536K)] 7920K->7931K(9728K), 0.0003346 secs] [Times: user=0.00 sys=0.00, real=0.00 secs] 
12.228: [Full GC (Ergonomics) [PSYoungGen: 32K->0K(1536K)] [ParOldGen: 7899K->3353K(8192K)] 7931K->3353K(9728K), [Metaspace: 3328K->3328K(1056768K)], 0.0020863 secs] [Times: user=0.00 sys=0.00, real=0.00 secs] 
12.230: [GC (Allocation Failure) [PSYoungGen: 20K->32K(1536K)] 7921K->7932K(9728K), 0.0008442 secs] [Times: user=0.00 sys=0.00, real=0.00 secs] 
12.231: [Full GC (Ergonomics) [PSYoungGen: 32K->0K(1536K)] [ParOldGen: 7900K->3353K(8192K)] 7932K->3353K(9728K), [Metaspace: 3328K->3328K(1056768K)], 0.0020998 secs] [Times: user=0.01 sys=0.00, real=0.01 secs] 
12.234: [GC (Allocation Failure) [PSYoungGen: 20K->32K(1536K)] 7922K->7933K(9728K), 0.0003087 secs] [Times: user=0.00 sys=0.00, real=0.00 secs] 
12.234: [Full GC (Ergonomics) [PSYoungGen: 32K->0K(1536K)] [ParOldGen: 7901K->3353K(8192K)] 7933K->3353K(9728K), [Metaspace: 3328K->3328K(1056768K)], 0.0022145 secs] [Times: user=0.01 sys=0.00, real=0.00 secs] 
12.237: [GC (Allocation Failure) [PSYoungGen: 20K->32K(1536K)] 7923K->7934K(9728K), 0.0003130 secs] [Times: user=0.00 sys=0.00, real=0.00 secs] 
12.237: [Full GC (Ergonomics) [PSYoungGen: 32K->0K(1536K)] [ParOldGen: 7902K->3353K(8192K)] 7934K->3353K(9728K), [Metaspace: 3328K->3328K(1056768K)], 0.0022322 secs] [Times: user=0.00 sys=0.00, real=0.00 secs] 
12.240: [GC (Allocation Failure) [PSYoungGen: 20K->32K(1536K)] 7923K->7935K(9728K), 0.0003158 secs] [Times: user=0.00 sys=0.00, real=0.00 secs] 
12.240: [Full GC (Ergonomics) [PSYoungGen: 32K->0K(1536K)] [ParOldGen: 7903K->3354K(8192K)] 7935K->3354K(9728K), [Metaspace: 3328K->3328K(1056768K)], 0.0021894 secs] [Times: user=0.01 sys=0.00, real=0.00 secs] 
12.243: [GC (Allocation Failure) [PSYoungGen: 20K->32K(1536K)] 7924K->7936K(9728K), 0.0003207 secs] [Times: user=0.00 sys=0.00, real=0.00 secs] 
12.243: [Full GC (Ergonomics) [PSYoungGen: 32K->0K(1536K)] [ParOldGen: 7904K->3354K(8192K)] 7936K->3354K(9728K), [Metaspace: 3328K->3328K(1056768K)], 0.0022061 secs] [Times: user=0.00 sys=0.00, real=0.00 secs] 
12.246: [GC (Allocation Failure) [PSYoungGen: 20K->32K(1536K)] 7925K->7937K(9728K), 0.0003186 secs] [Times: user=0.00 sys=0.00, real=0.00 secs] 
12.246: [Full GC (Ergonomics) [PSYoungGen: 32K->0K(1536K)] [ParOldGen: 7905K->3354K(8192K)] 7937K->3354K(9728K), [Metaspace: 3328K->3328K(1056768K)], 0.0021828 secs] [Times: user=0.01 sys=0.00, real=0.00 secs] 
12.249: [GC (Allocation Failure) [PSYoungGen: 20K->32K(1536K)] 7926K->7938K(9728K), 0.0003192 secs] [Times: user=0.00 sys=0.00, real=0.00 secs] 
12.249: [Full GC (Ergonomics) [PSYoungGen: 32K->0K(1536K)] [ParOldGen: 7906K->3355K(8192K)] 7938K->3355K(9728K), [Metaspace: 3328K->3328K(1056768K)], 0.0022310 secs] [Times: user=0.01 sys=0.00, real=0.00 secs] 
12.252: [GC (Allocation Failure) [PSYoungGen: 20K->32K(1536K)] 7927K->7939K(9728K), 0.0003142 secs] [Times: user=0.00 sys=0.00, real=0.00 secs] 
12.252: [Full GC (Ergonomics) [PSYoungGen: 32K->0K(1536K)] [ParOldGen: 7907K->3355K(8192K)] 7939K->3355K(9728K), [Metaspace: 3328K->3328K(1056768K)], 0.0022370 secs] [Times: user=0.00 sys=0.00, real=0.01 secs] 
12.255: [GC (Allocation Failure) [PSYoungGen: 20K->32K(1536K)] 7928K->7940K(9728K), 0.0003147 secs] [Times: user=0.00 sys=0.00, real=0.00 secs] 
12.255: [Full GC (Ergonomics) [PSYoungGen: 32K->0K(1536K)] [ParOldGen: 7908K->3355K(8192K)] 7940K->3355K(9728K), [Metaspace: 3328K->3328K(1056768K)], 0.0022314 secs] [Times: user=0.01 sys=0.00, real=0.00 secs] 
12.258: [GC (Allocation Failure) [PSYoungGen: 20K->32K(1536K)] 7929K->7941K(9728K), 0.0003345 secs] [Times: user=0.00 sys=0.00, real=0.00 secs] 
12.258: [Full GC (Ergonomics) [PSYoungGen: 32K->0K(1536K)] [ParOldGen: 7909K->3356K(8192K)] 7941K->3356K(9728K), [Metaspace: 3328K->3328K(1056768K)], 0.0020555 secs] [Times: user=0.00 sys=0.00, real=0.00 secs] 
12.261: [GC (Allocation Failure) [PSYoungGen: 20K->32K(1536K)] 7930K->7942K(9728K), 0.0003214 secs] [Times: user=0.00 sys=0.00, real=0.00 secs] 
12.261: [Full GC (Ergonomics) [PSYoungGen: 32K->0K(1536K)] [ParOldGen: 7910K->3356K(8192K)] 7942K->3356K(9728K), [Metaspace: 3328K->3328K(1056768K)], 0.0021649 secs] [Times: user=0.01 sys=0.00, real=0.01 secs] 
12.264: [GC (Allocation Failure) [PSYoungGen: 20K->32K(1536K)] 7931K->7943K(9728K), 0.0003170 secs] [Times: user=0.00 sys=0.00, real=0.00 secs] 
12.264: [Full GC (Ergonomics) [PSYoungGen: 32K->0K(1536K)] [ParOldGen: 7911K->3356K(8192K)] 7943K->3356K(9728K), [Metaspace: 3328K->3328K(1056768K)], 0.0021708 secs] [Times: user=0.01 sys=0.00, real=0.00 secs] 
12.267: [GC (Allocation Failure) [PSYoungGen: 20K->32K(1536K)] 7932K->7944K(9728K), 0.0003194 secs] [Times: user=0.00 sys=0.00, real=0.00 secs] 
12.267: [Full GC (Ergonomics) [PSYoungGen: 32K->0K(1536K)] [ParOldGen: 7912K->3357K(8192K)] 7944K->3357K(9728K), [Metaspace: 3328K->3328K(1056768K)], 0.0021563 secs] [Times: user=0.00 sys=0.00, real=0.00 secs] 
12.270: [GC (Allocation Failure) [PSYoungGen: 20K->32K(1536K)] 7933K->7945K(9728K), 0.0003275 secs] [Times: user=0.00 sys=0.00, real=0.00 secs] 
12.270: [Full GC (Ergonomics) [PSYoungGen: 32K->0K(1536K)] [ParOldGen: 7913K->3357K(8192K)] 7945K->3357K(9728K), [Metaspace: 3328K->3328K(1056768K)], 0.0020645 secs] [Times: user=0.01 sys=0.00, real=0.00 secs] 
12.272: [GC (Allocation Failure) [PSYoungGen: 20K->32K(1536K)] 7934K->7946K(9728K), 0.0003158 secs] [Times: user=0.00 sys=0.00, real=0.01 secs] 
12.273: [Full GC (Ergonomics) [PSYoungGen: 32K->0K(1536K)] [ParOldGen: 7914K->3357K(8192K)] 7946K->3357K(9728K), [Metaspace: 3328K->3328K(1056768K)], 0.0021429 secs] [Times: user=0.00 sys=0.00, real=0.00 secs] 
12.275: [GC (Allocation Failure) [PSYoungGen: 20K->32K(1536K)] 7935K->7946K(9728K), 0.0003115 secs] [Times: user=0.00 sys=0.00, real=0.00 secs] 
12.276: [Full GC (Ergonomics) [PSYoungGen: 32K->0K(1536K)] [ParOldGen: 7914K->3358K(8192K)] 7946K->3358K(9728K), [Metaspace: 3328K->3328K(1056768K)], 0.0021430 secs] [Times: user=0.01 sys=0.00, real=0.00 secs] 
12.278: [GC (Allocation Failure) [PSYoungGen: 20K->32K(1536K)] 7936K->7947K(9728K), 0.0003294 secs] [Times: user=0.00 sys=0.00, real=0.00 secs] 
12.279: [Full GC (Ergonomics) [PSYoungGen: 32K->0K(1536K)] [ParOldGen: 7915K->3358K(8192K)] 7947K->3358K(9728K), [Metaspace: 3328K->3328K(1056768K)], 0.0021519 secs] [Times: user=0.01 sys=0.01, real=0.00 secs] 
12.281: [GC (Allocation Failure) [PSYoungGen: 20K->32K(1536K)] 7937K->7948K(9728K), 0.0003157 secs] [Times: user=0.00 sys=0.00, real=0.00 secs] 
12.282: [Full GC (Ergonomics) [PSYoungGen: 32K->0K(1536K)] [ParOldGen: 7916K->3358K(8192K)] 7948K->3358K(9728K), [Metaspace: 3328K->3328K(1056768K)], 0.0021920 secs] [Times: user=0.00 sys=0.00, real=0.01 secs] 
12.284: [GC (Allocation Failure) [PSYoungGen: 20K->32K(1536K)] 7938K->7949K(9728K), 0.0003355 secs] [Times: user=0.00 sys=0.00, real=0.00 secs] 
12.285: [Full GC (Ergonomics) [PSYoungGen: 32K->0K(1536K)] [ParOldGen: 7917K->3359K(8192K)] 7949K->3359K(9728K), [Metaspace: 3328K->3328K(1056768K)], 0.0021992 secs] [Times: user=0.01 sys=0.00, real=0.00 secs] 
12.287: [GC (Allocation Failure) [PSYoungGen: 20K->32K(1536K)] 7939K->7950K(9728K), 0.0003126 secs] [Times: user=0.00 sys=0.00, real=0.00 secs] 
12.288: [Full GC (Ergonomics) [PSYoungGen: 32K->0K(1536K)] [ParOldGen: 7918K->3359K(8192K)] 7950K->3359K(9728K), [Metaspace: 3328K->3328K(1056768K)], 0.0022121 secs] [Times: user=0.00 sys=0.00, real=0.00 secs] 
12.290: [GC (Allocation Failure) [PSYoungGen: 20K->32K(1536K)] 7940K->7951K(9728K), 0.0003084 secs] [Times: user=0.00 sys=0.00, real=0.00 secs] 
12.291: [Full GC (Ergonomics) [PSYoungGen: 32K->0K(1536K)] [ParOldGen: 7919K->3359K(8192K)] 7951K->3359K(9728K), [Metaspace: 3328K->3328K(1056768K)], 0.0021405 secs] [Times: user=0.01 sys=0.00, real=0.01 secs] 
12.293: [GC (Allocation Failure) [PSYoungGen: 20K->32K(1536K)] 7941K->7952K(9728K), 0.0008128 secs] [Times: user=0.00 sys=0.00, real=0.00 secs] 
12.294: [Full GC (Ergonomics) [PSYoungGen: 32K->0K(1536K)] [ParOldGen: 7920K->3360K(8192K)] 7952K->3360K(9728K), [Metaspace: 3328K->3328K(1056768K)], 0.0023155 secs] [Times: user=0.01 sys=0.00, real=0.00 secs] 
12.297: [GC (Allocation Failure) [PSYoungGen: 20K->32K(1536K)] 7942K->7953K(9728K), 0.0003241 secs] [Times: user=0.00 sys=0.00, real=0.00 secs] 
12.297: [Full GC (Ergonomics) [PSYoungGen: 32K->0K(1536K)] [ParOldGen: 7921K->3360K(8192K)] 7953K->3360K(9728K), [Metaspace: 3328K->3328K(1056768K)], 0.0021969 secs] [Times: user=0.00 sys=0.00, real=0.00 secs] 
12.300: [GC (Allocation Failure) [PSYoungGen: 20K->32K(1536K)] 7943K->7954K(9728K), 0.0003113 secs] [Times: user=0.00 sys=0.00, real=0.00 secs] 
12.300: [Full GC (Ergonomics) [PSYoungGen: 32K->0K(1536K)] [ParOldGen: 7922K->3360K(8192K)] 7954K->3360K(9728K), [Metaspace: 3328K->3328K(1056768K)], 0.0021065 secs] [Times: user=0.01 sys=0.00, real=0.00 secs] 
12.303: [GC (Allocation Failure) [PSYoungGen: 20K->32K(1536K)] 7944K->7955K(9728K), 0.0008123 secs] [Times: user=0.00 sys=0.00, real=0.00 secs] 
12.304: [Full GC (Ergonomics) [PSYoungGen: 32K->0K(1536K)] [ParOldGen: 7923K->3361K(8192K)] 7955K->3361K(9728K), [Metaspace: 3328K->3328K(1056768K)], 0.0021070 secs] [Times: user=0.01 sys=0.00, real=0.00 secs] 
12.306: [GC (Allocation Failure) [PSYoungGen: 20K->32K(1536K)] 7945K->7956K(9728K), 0.0003163 secs] [Times: user=0.00 sys=0.00, real=0.00 secs] 
12.307: [Full GC (Ergonomics) [PSYoungGen: 32K->0K(1536K)] [ParOldGen: 7924K->3361K(8192K)] 7956K->3361K(9728K), [Metaspace: 3328K->3328K(1056768K)], 0.0020597 secs] [Times: user=0.00 sys=0.00, real=0.00 secs] 
12.309: [GC (Allocation Failure) [PSYoungGen: 20K->32K(1536K)] 7946K->7957K(9728K), 0.0003225 secs] [Times: user=0.00 sys=0.00, real=0.00 secs] 
12.309: [Full GC (Ergonomics) [PSYoungGen: 32K->0K(1536K)] [ParOldGen: 7925K->3361K(8192K)] 7957K->3361K(9728K), [Metaspace: 3328K->3328K(1056768K)], 0.0020757 secs] [Times: user=0.01 sys=0.00, real=0.00 secs] 
12.312: [GC (Allocation Failure) [PSYoungGen: 20K->32K(1536K)] 7947K->7958K(9728K), 0.0003180 secs] [Times: user=0.00 sys=0.00, real=0.00 secs] 
12.312: [Full GC (Ergonomics) [PSYoungGen: 32K->0K(1536K)] [ParOldGen: 7926K->3361K(8192K)] 7958K->3361K(9728K), [Metaspace: 3328K->3328K(1056768K)], 0.0020699 secs] [Times: user=0.00 sys=0.00, real=0.01 secs] 
12.315: [GC (Allocation Failure) [PSYoungGen: 20K->32K(1536K)] 7947K->7959K(9728K), 0.0003063 secs] [Times: user=0.00 sys=0.00, real=0.00 secs] 
12.315: [Full GC (Ergonomics) [PSYoungGen: 32K->0K(1536K)] [ParOldGen: 7927K->3362K(8192K)] 7959K->3362K(9728K), [Metaspace: 3328K->3328K(1056768K)], 0.0020653 secs] [Times: user=0.01 sys=0.00, real=0.00 secs] 
12.318: [GC (Allocation Failure) [PSYoungGen: 20K->32K(1536K)] 7948K->7960K(9728K), 0.0003049 secs] [Times: user=0.00 sys=0.00, real=0.00 secs] 
12.318: [Full GC (Ergonomics) [PSYoungGen: 32K->0K(1536K)] [ParOldGen: 7928K->3362K(8192K)] 7960K->3362K(9728K), [Metaspace: 3328K->3328K(1056768K)], 0.0022017 secs] [Times: user=0.00 sys=0.00, real=0.00 secs] 
12.321: [GC (Allocation Failure) [PSYoungGen: 20K->32K(1536K)] 7949K->7961K(9728K), 0.0003124 secs] [Times: user=0.01 sys=0.00, real=0.00 secs] 
12.321: [Full GC (Ergonomics) [PSYoungGen: 32K->0K(1536K)] [ParOldGen: 7929K->3362K(8192K)] 7961K->3362K(9728K), [Metaspace: 3328K->3328K(1056768K)], 0.0022812 secs] [Times: user=0.00 sys=0.00, real=0.01 secs] 
12.324: [GC (Allocation Failure) [PSYoungGen: 20K->32K(1536K)] 7950K->7962K(9728K), 0.0003143 secs] [Times: user=0.00 sys=0.00, real=0.00 secs] 
12.324: [Full GC (Ergonomics) [PSYoungGen: 32K->0K(1536K)] [ParOldGen: 7930K->3363K(8192K)] 7962K->3363K(9728K), [Metaspace: 3328K->3328K(1056768K)], 0.0021237 secs] [Times: user=0.01 sys=0.00, real=0.00 secs] 
12.327: [GC (Allocation Failure) [PSYoungGen: 20K->32K(1536K)] 7951K->7963K(9728K), 0.0003096 secs] [Times: user=0.00 sys=0.00, real=0.00 secs] 
12.327: [Full GC (Ergonomics) [PSYoungGen: 32K->0K(1536K)] [ParOldGen: 7931K->3363K(8192K)] 7963K->3363K(9728K), [Metaspace: 3328K->3328K(1056768K)], 0.0021234 secs] [Times: user=0.00 sys=0.00, real=0.00 secs] 
12.329: [GC (Allocation Failure) [PSYoungGen: 20K->32K(1536K)] 7952K->7964K(9728K), 0.0003158 secs] [Times: user=0.00 sys=0.00, real=0.00 secs] 
12.330: [Full GC (Ergonomics) [PSYoungGen: 32K->0K(1536K)] [ParOldGen: 7932K->3363K(8192K)] 7964K->3363K(9728K), [Metaspace: 3328K->3328K(1056768K)], 0.0022069 secs] [Times: user=0.01 sys=0.00, real=0.00 secs] 
12.333: [GC (Allocation Failure) [PSYoungGen: 20K->32K(1536K)] 7953K->7965K(9728K), 0.0003248 secs] [Times: user=0.00 sys=0.00, real=0.01 secs] 
12.333: [Full GC (Ergonomics) [PSYoungGen: 32K->0K(1536K)] [ParOldGen: 7933K->3364K(8192K)] 7965K->3364K(9728K), [Metaspace: 3328K->3328K(1056768K)], 0.0020954 secs] [Times: user=0.00 sys=0.00, real=0.00 secs] 
12.335: [GC (Allocation Failure) [PSYoungGen: 20K->32K(1536K)] 7954K->7966K(9728K), 0.0003061 secs] [Times: user=0.00 sys=0.00, real=0.00 secs] 
12.336: [Full GC (Ergonomics) [PSYoungGen: 32K->0K(1536K)] [ParOldGen: 7934K->3364K(8192K)] 7966K->3364K(9728K), [Metaspace: 3328K->3328K(1056768K)], 0.0021370 secs] [Times: user=0.01 sys=0.00, real=0.00 secs] 
12.338: [GC (Allocation Failure) [PSYoungGen: 20K->32K(1536K)] 7955K->7967K(9728K), 0.0003156 secs] [Times: user=0.00 sys=0.00, real=0.00 secs] 
12.339: [Full GC (Ergonomics) [PSYoungGen: 32K->0K(1536K)] [ParOldGen: 7935K->3364K(8192K)] 7967K->3364K(9728K), [Metaspace: 3328K->3328K(1056768K)], 0.0020652 secs] [Times: user=0.00 sys=0.00, real=0.00 secs] 
12.341: [GC (Allocation Failure) [PSYoungGen: 20K->32K(1536K)] 7956K->7968K(9728K), 0.0003257 secs] [Times: user=0.00 sys=0.00, real=0.00 secs] 
12.342: [Full GC (Ergonomics) [PSYoungGen: 32K->0K(1536K)] [ParOldGen: 7936K->3365K(8192K)] 7968K->3365K(9728K), [Metaspace: 3328K->3328K(1056768K)], 0.0021730 secs] [Times: user=0.00 sys=0.00, real=0.01 secs] 
12.344: [GC (Allocation Failure) [PSYoungGen: 20K->32K(1536K)] 7957K->7969K(9728K), 0.0003130 secs] [Times: user=0.00 sys=0.00, real=0.00 secs] 
12.345: [Full GC (Ergonomics) [PSYoungGen: 32K->0K(1536K)] [ParOldGen: 7937K->3365K(8192K)] 7969K->3365K(9728K), [Metaspace: 3328K->3328K(1056768K)], 0.0022430 secs] [Times: user=0.01 sys=0.00, real=0.00 secs] 
12.347: [GC (Allocation Failure) [PSYoungGen: 20K->32K(1536K)] 7958K->7970K(9728K), 0.0003184 secs] [Times: user=0.00 sys=0.00, real=0.00 secs] 
12.348: [Full GC (Ergonomics) [PSYoungGen: 32K->0K(1536K)] [ParOldGen: 7938K->3365K(8192K)] 7970K->3365K(9728K), [Metaspace: 3328K->3328K(1056768K)], 0.0022424 secs] [Times: user=0.00 sys=0.00, real=0.00 secs] 
12.350: [GC (Allocation Failure) [PSYoungGen: 20K->32K(1536K)] 7959K->7971K(9728K), 0.0003198 secs] [Times: user=0.00 sys=0.00, real=0.00 secs] 
12.351: [Full GC (Ergonomics) [PSYoungGen: 32K->0K(1536K)] [ParOldGen: 7939K->3366K(8192K)] 7971K->3366K(9728K), [Metaspace: 3328K->3328K(1056768K)], 0.0022337 secs] [Times: user=0.01 sys=0.00, real=0.01 secs] 
12.353: [GC (Allocation Failure) [PSYoungGen: 20K->32K(1536K)] 7960K->7971K(9728K), 0.0003141 secs] [Times: user=0.00 sys=0.00, real=0.00 secs] 
12.354: [Full GC (Ergonomics) [PSYoungGen: 32K->0K(1536K)] [ParOldGen: 7939K->3366K(8192K)] 7971K->3366K(9728K), [Metaspace: 3328K->3328K(1056768K)], 0.0022027 secs] [Times: user=0.00 sys=0.00, real=0.00 secs] 
12.356: [GC (Allocation Failure) [PSYoungGen: 20K->32K(1536K)] 7961K->7972K(9728K), 0.0003112 secs] [Times: user=0.00 sys=0.00, real=0.00 secs] 
12.357: [Full GC (Ergonomics) [PSYoungGen: 32K->0K(1536K)] [ParOldGen: 7940K->3366K(8192K)] 7972K->3366K(9728K), [Metaspace: 3328K->3328K(1056768K)], 0.0022308 secs] [Times: user=0.00 sys=0.00, real=0.00 secs] 
12.359: [GC (Allocation Failure) [PSYoungGen: 20K->32K(1536K)] 7962K->7973K(9728K), 0.0003087 secs] [Times: user=0.00 sys=0.00, real=0.00 secs] 
12.360: [Full GC (Ergonomics) [PSYoungGen: 32K->0K(1536K)] [ParOldGen: 7941K->3367K(8192K)] 7973K->3367K(9728K), [Metaspace: 3328K->3328K(1056768K)], 0.0022132 secs] [Times: user=0.01 sys=0.00, real=0.00 secs] 
12.362: [GC (Allocation Failure) [PSYoungGen: 20K->32K(1536K)] 7963K->7974K(9728K), 0.0002959 secs] [Times: user=0.00 sys=0.00, real=0.01 secs] 
12.363: [Full GC (Ergonomics) [PSYoungGen: 32K->0K(1536K)] [ParOldGen: 7942K->3367K(8192K)] 7974K->3367K(9728K), [Metaspace: 3328K->3328K(1056768K)], 0.0021073 secs] [Times: user=0.00 sys=0.00, real=0.00 secs] 
12.365: [GC (Allocation Failure) [PSYoungGen: 20K->32K(1536K)] 7964K->7975K(9728K), 0.0003219 secs] [Times: user=0.00 sys=0.00, real=0.00 secs] 
12.366: [Full GC (Ergonomics) [PSYoungGen: 32K->0K(1536K)] [ParOldGen: 7943K->3367K(8192K)] 7975K->3367K(9728K), [Metaspace: 3328K->3328K(1056768K)], 0.0020669 secs] [Times: user=0.01 sys=0.00, real=0.00 secs] 
12.368: [GC (Allocation Failure) [PSYoungGen: 20K->32K(1536K)] 7965K->7976K(9728K), 0.0003257 secs] [Times: user=0.00 sys=0.01, real=0.00 secs] 
12.368: [Full GC (Ergonomics) [PSYoungGen: 32K->0K(1536K)] [ParOldGen: 7944K->3368K(8192K)] 7976K->3368K(9728K), [Metaspace: 3328K->3328K(1056768K)], 0.0023221 secs] [Times: user=0.00 sys=0.00, real=0.00 secs] 
12.371: [GC (Allocation Failure) [PSYoungGen: 20K->32K(1536K)] 7966K->7977K(9728K), 0.0003151 secs] [Times: user=0.00 sys=0.00, real=0.00 secs] 
12.372: [Full GC (Ergonomics) [PSYoungGen: 32K->0K(1536K)] [ParOldGen: 7945K->3368K(8192K)] 7977K->3368K(9728K), [Metaspace: 3328K->3328K(1056768K)], 0.0024169 secs] [Times: user=0.00 sys=0.00, real=0.01 secs] 
12.374: [GC (Allocation Failure) [PSYoungGen: 20K->32K(1536K)] 7967K->7978K(9728K), 0.0008121 secs] [Times: user=0.00 sys=0.00, real=0.00 secs] 
12.375: [Full GC (Ergonomics) [PSYoungGen: 32K->0K(1536K)] [ParOldGen: 7946K->3368K(8192K)] 7978K->3368K(9728K), [Metaspace: 3328K->3328K(1056768K)], 0.0021464 secs] [Times: user=0.01 sys=0.00, real=0.00 secs] 
12.378: [GC (Allocation Failure) [PSYoungGen: 20K->32K(1536K)] 7968K->7979K(9728K), 0.0003339 secs] [Times: user=0.00 sys=0.00, real=0.00 secs] 
12.378: [Full GC (Ergonomics) [PSYoungGen: 32K->0K(1536K)] [ParOldGen: 7947K->3369K(8192K)] 7979K->3369K(9728K), [Metaspace: 3328K->3328K(1056768K)], 0.0021723 secs] [Times: user=0.00 sys=0.00, real=0.00 secs] 
12.381: [GC (Allocation Failure) [PSYoungGen: 20K->32K(1536K)] 7969K->7980K(9728K), 0.0003264 secs] [Times: user=0.01 sys=0.00, real=0.00 secs] 
12.381: [Full GC (Ergonomics) [PSYoungGen: 32K->0K(1536K)] [ParOldGen: 7948K->3369K(8192K)] 7980K->3369K(9728K), [Metaspace: 3328K->3328K(1056768K)], 0.0020685 secs] [Times: user=0.00 sys=0.00, real=0.01 secs] 
12.384: [GC (Allocation Failure) [PSYoungGen: 20K->32K(1536K)] 7970K->7981K(9728K), 0.0003222 secs] [Times: user=0.00 sys=0.00, real=0.00 secs] 
12.384: [Full GC (Ergonomics) [PSYoungGen: 32K->0K(1536K)] [ParOldGen: 7949K->3369K(8192K)] 7981K->3369K(9728K), [Metaspace: 3328K->3328K(1056768K)], 0.0021150 secs] [Times: user=0.01 sys=0.00, real=0.00 secs] 
12.387: [GC (Allocation Failure) [PSYoungGen: 20K->32K(1536K)] 7971K->7982K(9728K), 0.0003200 secs] [Times: user=0.00 sys=0.00, real=0.00 secs] 
12.387: [Full GC (Ergonomics) [PSYoungGen: 32K->0K(1536K)] [ParOldGen: 7950K->3369K(8192K)] 7982K->3369K(9728K), [Metaspace: 3328K->3328K(1056768K)], 0.0021690 secs] [Times: user=0.00 sys=0.00, real=0.00 secs] 
12.390: [GC (Allocation Failure) [PSYoungGen: 20K->32K(1536K)] 7972K->7983K(9728K), 0.0003295 secs] [Times: user=0.00 sys=0.00, real=0.00 secs] 
12.390: [Full GC (Ergonomics) [PSYoungGen: 32K->0K(1536K)] [ParOldGen: 7951K->3370K(8192K)] 7983K->3370K(9728K), [Metaspace: 3328K->3328K(1056768K)], 0.0021727 secs] [Times: user=0.01 sys=0.00, real=0.00 secs] 
12.393: [GC (Allocation Failure) [PSYoungGen: 20K->32K(1536K)] 7972K->7984K(9728K), 0.0008300 secs] [Times: user=0.00 sys=0.00, real=0.01 secs] 
12.393: [Full GC (Ergonomics) [PSYoungGen: 32K->0K(1536K)] [ParOldGen: 7952K->3370K(8192K)] 7984K->3370K(9728K), [Metaspace: 3328K->3328K(1056768K)], 0.0021388 secs] [Times: user=0.01 sys=0.00, real=0.00 secs] 
12.396: [GC (Allocation Failure) [PSYoungGen: 20K->32K(1536K)] 7973K->7985K(9728K), 0.0008061 secs] [Times: user=0.00 sys=0.00, real=0.00 secs] 
12.397: [Full GC (Ergonomics) [PSYoungGen: 32K->0K(1536K)] [ParOldGen: 7953K->3370K(8192K)] 7985K->3370K(9728K), [Metaspace: 3328K->3328K(1056768K)], 0.0024152 secs] [Times: user=0.00 sys=0.00, real=0.00 secs] 
12.400: [GC (Allocation Failure) [PSYoungGen: 20K->32K(1536K)] 7974K->7986K(9728K), 0.0008259 secs] [Times: user=0.01 sys=0.00, real=0.00 secs] 
12.401: [Full GC (Ergonomics) [PSYoungGen: 32K->0K(1536K)] [ParOldGen: 7954K->3371K(8192K)] 7986K->3371K(9728K), [Metaspace: 3328K->3328K(1056768K)], 0.0025246 secs] [Times: user=0.00 sys=0.00, real=0.01 secs] 
12.404: [GC (Allocation Failure) [PSYoungGen: 20K->32K(1536K)] 7975K->7987K(9728K), 0.0008304 secs] [Times: user=0.00 sys=0.00, real=0.00 secs] 
12.404: [Full GC (Ergonomics) [PSYoungGen: 32K->0K(1536K)] [ParOldGen: 7955K->3371K(8192K)] 7987K->3371K(9728K), [Metaspace: 3328K->3328K(1056768K)], 0.0023684 secs] [Times: user=0.01 sys=0.00, real=0.00 secs] 
12.407: [GC (Allocation Failure) [PSYoungGen: 20K->32K(1536K)] 7976K->7988K(9728K), 0.0008346 secs] [Times: user=0.00 sys=0.00, real=0.00 secs] 
12.408: [Full GC (Ergonomics) [PSYoungGen: 32K->0K(1536K)] [ParOldGen: 7956K->3371K(8192K)] 7988K->3371K(9728K), [Metaspace: 3328K->3328K(1056768K)], 0.0025859 secs] [Times: user=0.01 sys=0.00, real=0.00 secs] 
12.411: [GC (Allocation Failure) [PSYoungGen: 20K->32K(1536K)] 7977K->7989K(9728K), 0.0008311 secs] [Times: user=0.00 sys=0.00, real=0.00 secs] 
12.412: [Full GC (Ergonomics) [PSYoungGen: 32K->0K(1536K)] [ParOldGen: 7957K->3372K(8192K)] 7989K->3372K(9728K), [Metaspace: 3328K->3328K(1056768K)], 0.0021504 secs] [Times: user=0.00 sys=0.00, real=0.01 secs] 
12.415: [GC (Allocation Failure) [PSYoungGen: 20K->32K(1536K)] 7978K->7990K(9728K), 0.0008264 secs] [Times: user=0.01 sys=0.00, real=0.00 secs] 
12.415: [Full GC (Ergonomics) [PSYoungGen: 32K->0K(1536K)] [ParOldGen: 7958K->3372K(8192K)] 7990K->3372K(9728K), [Metaspace: 3328K->3328K(1056768K)], 0.0020522 secs] [Times: user=0.00 sys=0.00, real=0.00 secs] 
12.418: [GC (Allocation Failure) [PSYoungGen: 20K->32K(1536K)] 7979K->7991K(9728K), 0.0008326 secs] [Times: user=0.00 sys=0.00, real=0.00 secs] 
12.419: [Full GC (Ergonomics) [PSYoungGen: 32K->0K(1536K)] [ParOldGen: 7959K->3372K(8192K)] 7991K->3372K(9728K), [Metaspace: 3328K->3328K(1056768K)], 0.0026197 secs] [Times: user=0.01 sys=0.00, real=0.00 secs] 
12.422: [GC (Allocation Failure) [PSYoungGen: 20K->32K(1536K)] 7980K->7992K(9728K), 0.0008217 secs] [Times: user=0.00 sys=0.00, real=0.01 secs] 
12.423: [Full GC (Ergonomics) [PSYoungGen: 32K->0K(1536K)] [ParOldGen: 7960K->3373K(8192K)] 7992K->3373K(9728K), [Metaspace: 3328K->3328K(1056768K)], 0.0023917 secs] [Times: user=0.01 sys=0.00, real=0.00 secs] 
12.426: [GC (Allocation Failure) [PSYoungGen: 20K->32K(1536K)] 7981K->7993K(9728K), 0.0004491 secs] [Times: user=0.00 sys=0.00, real=0.00 secs] 
12.426: [Full GC (Ergonomics) [PSYoungGen: 32K->0K(1536K)] [ParOldGen: 7961K->3373K(8192K)] 7993K->3373K(9728K), [Metaspace: 3328K->3328K(1056768K)], 0.0026094 secs] [Times: user=0.00 sys=0.00, real=0.00 secs] 
12.429: [GC (Allocation Failure) [PSYoungGen: 20K->32K(1536K)] 7982K->7994K(9728K), 0.0008360 secs] [Times: user=0.01 sys=0.00, real=0.00 secs] 
12.430: [Full GC (Ergonomics) [PSYoungGen: 32K->0K(1536K)] [ParOldGen: 7962K->3373K(8192K)] 7994K->3373K(9728K), [Metaspace: 3328K->3328K(1056768K)], 0.0025209 secs] [Times: user=0.00 sys=0.00, real=0.01 secs] 
12.433: [GC (Allocation Failure) [PSYoungGen: 20K->32K(1536K)] 7983K->7995K(9728K), 0.0008328 secs] [Times: user=0.00 sys=0.00, real=0.00 secs] 
12.434: [Full GC (Ergonomics) [PSYoungGen: 32K->0K(1536K)] [ParOldGen: 7963K->3374K(8192K)] 7995K->3374K(9728K), [Metaspace: 3328K->3328K(1056768K)], 0.0020595 secs] [Times: user=0.01 sys=0.00, real=0.00 secs] 
12.436: [GC (Allocation Failure) [PSYoungGen: 20K->32K(1536K)] 7984K->7996K(9728K), 0.0008325 secs] [Times: user=0.00 sys=0.00, real=0.00 secs] 
12.437: [Full GC (Ergonomics) [PSYoungGen: 32K->0K(1536K)] [ParOldGen: 7964K->3374K(8192K)] 7996K->3374K(9728K), [Metaspace: 3328K->3328K(1056768K)], 0.0023775 secs] [Times: user=0.01 sys=0.00, real=0.00 secs] 
12.440: [GC (Allocation Failure) [PSYoungGen: 20K->32K(1536K)] 7985K->7996K(9728K), 0.0008358 secs] [Times: user=0.00 sys=0.00, real=0.00 secs] 
12.441: [Full GC (Ergonomics) [PSYoungGen: 32K->0K(1536K)] [ParOldGen: 7964K->3374K(8192K)] 7996K->3374K(9728K), [Metaspace: 3328K->3328K(1056768K)], 0.0025416 secs] [Times: user=0.01 sys=0.00, real=0.01 secs] 
12.444: [GC (Allocation Failure) [PSYoungGen: 20K->32K(1536K)] 7986K->7997K(9728K), 0.0008316 secs] [Times: user=0.00 sys=0.00, real=0.00 secs] 
12.445: [Full GC (Ergonomics) [PSYoungGen: 32K->0K(1536K)] [ParOldGen: 7965K->3375K(8192K)] 7997K->3375K(9728K), [Metaspace: 3328K->3328K(1056768K)], 0.0023760 secs] [Times: user=0.00 sys=0.00, real=0.00 secs] 
12.448: [GC (Allocation Failure) [PSYoungGen: 20K->32K(1536K)] 7987K->7998K(9728K), 0.0006664 secs] [Times: user=0.00 sys=0.00, real=0.00 secs] 
12.448: [Full GC (Ergonomics) [PSYoungGen: 32K->0K(1536K)] [ParOldGen: 7966K->3375K(8192K)] 7998K->3375K(9728K), [Metaspace: 3328K->3328K(1056768K)], 0.0020721 secs] [Times: user=0.01 sys=0.00, real=0.00 secs] 
12.451: [GC (Allocation Failure) [PSYoungGen: 20K->32K(1536K)] 7988K->7999K(9728K), 0.0008372 secs] [Times: user=0.00 sys=0.00, real=0.00 secs] 
12.452: [Full GC (Ergonomics) [PSYoungGen: 32K->0K(1536K)] [ParOldGen: 7967K->3375K(8192K)] 7999K->3375K(9728K), [Metaspace: 3328K->3328K(1056768K)], 0.0022344 secs] [Times: user=0.01 sys=0.00, real=0.01 secs] 
12.454: [GC (Allocation Failure) [PSYoungGen: 20K->32K(1536K)] 7989K->8000K(9728K), 0.0008302 secs] [Times: user=0.00 sys=0.00, real=0.00 secs] 
12.455: [Full GC (Ergonomics) [PSYoungGen: 32K->0K(1536K)] [ParOldGen: 7968K->3376K(8192K)] 8000K->3376K(9728K), [Metaspace: 3328K->3328K(1056768K)], 0.0025193 secs] [Times: user=0.01 sys=0.00, real=0.00 secs] 
12.458: [GC (Allocation Failure) [PSYoungGen: 20K->32K(1536K)] 7990K->8001K(9728K), 0.0008398 secs] [Times: user=0.00 sys=0.00, real=0.00 secs] 
12.459: [Full GC (Ergonomics) [PSYoungGen: 32K->0K(1536K)] [ParOldGen: 7969K->3376K(8192K)] 8001K->3376K(9728K), [Metaspace: 3328K->3328K(1056768K)], 0.0020560 secs] [Times: user=0.00 sys=0.00, real=0.00 secs] 
12.462: [GC (Allocation Failure) [PSYoungGen: 20K->32K(1536K)] 7991K->8002K(9728K), 0.0008353 secs] [Times: user=0.00 sys=0.00, real=0.00 secs] 
12.463: [Full GC (Ergonomics) [PSYoungGen: 32K->0K(1536K)] [ParOldGen: 7970K->3376K(8192K)] 8002K->3376K(9728K), [Metaspace: 3328K->3328K(1056768K)], 0.0025513 secs] [Times: user=0.01 sys=0.01, real=0.01 secs] 
12.466: [GC (Allocation Failure) [PSYoungGen: 20K->32K(1536K)] 7992K->8003K(9728K), 0.0008383 secs] [Times: user=0.00 sys=0.00, real=0.00 secs] 
12.466: [Full GC (Ergonomics) [PSYoungGen: 32K->0K(1536K)] [ParOldGen: 7971K->3377K(8192K)] 8003K->3377K(9728K), [Metaspace: 3328K->3328K(1056768K)], 0.0025529 secs] [Times: user=0.01 sys=0.00, real=0.00 secs] 
12.469: [GC (Allocation Failure) [PSYoungGen: 20K->32K(1536K)] 7993K->8004K(9728K), 0.0008294 secs] [Times: user=0.00 sys=0.00, real=0.00 secs] 
12.470: [Full GC (Ergonomics) [PSYoungGen: 32K->0K(1536K)] [ParOldGen: 7972K->3377K(8192K)] 8004K->3377K(9728K), [Metaspace: 3328K->3328K(1056768K)], 0.0021894 secs] [Times: user=0.01 sys=0.00, real=0.00 secs] 
12.473: [GC (Allocation Failure) [PSYoungGen: 20K->32K(1536K)] 7994K->8005K(9728K), 0.0008380 secs] [Times: user=0.00 sys=0.00, real=0.00 secs] 
12.474: [Full GC (Ergonomics) [PSYoungGen: 32K->0K(1536K)] [ParOldGen: 7973K->3377K(8192K)] 8005K->3377K(9728K), [Metaspace: 3328K->3328K(1056768K)], 0.0021548 secs] [Times: user=0.00 sys=0.00, real=0.00 secs] 
12.476: [GC (Allocation Failure) [PSYoungGen: 20K->32K(1536K)] 7995K->8006K(9728K), 0.0008235 secs] [Times: user=0.01 sys=0.00, real=0.00 secs] 
12.477: [Full GC (Ergonomics) [PSYoungGen: 32K->0K(1536K)] [ParOldGen: 7974K->3377K(8192K)] 8006K->3377K(9728K), [Metaspace: 3328K->3328K(1056768K)], 0.0020481 secs] [Times: user=0.00 sys=0.00, real=0.00 secs] 
12.480: [GC (Allocation Failure) [PSYoungGen: 20K->32K(1536K)] 7996K->8007K(9728K), 0.0008471 secs] [Times: user=0.00 sys=0.00, real=0.00 secs] 
12.481: [Full GC (Ergonomics) [PSYoungGen: 32K->0K(1536K)] [ParOldGen: 7975K->3378K(8192K)] 8007K->3378K(9728K), [Metaspace: 3328K->3328K(1056768K)], 0.0021069 secs] [Times: user=0.01 sys=0.00, real=0.01 secs] 
12.483: [GC (Allocation Failure) [PSYoungGen: 20K->32K(1536K)] 7996K->8008K(9728K), 0.0008178 secs] [Times: user=0.00 sys=0.00, real=0.00 secs] 
12.484: [Full GC (Ergonomics) [PSYoungGen: 32K->0K(1536K)] [ParOldGen: 7976K->3378K(8192K)] 8008K->3378K(9728K), [Metaspace: 3328K->3328K(1056768K)], 0.0022168 secs] [Times: user=0.01 sys=0.00, real=0.00 secs] 
12.487: [GC (Allocation Failure) [PSYoungGen: 20K->32K(1536K)] 7997K->8009K(9728K), 0.0008263 secs] [Times: user=0.00 sys=0.00, real=0.00 secs] 
12.488: [Full GC (Ergonomics) [PSYoungGen: 32K->0K(1536K)] [ParOldGen: 7977K->3378K(8192K)] 8009K->3378K(9728K), [Metaspace: 3328K->3328K(1056768K)], 0.0024007 secs] [Times: user=0.00 sys=0.00, real=0.00 secs] 
12.490: [GC (Allocation Failure) [PSYoungGen: 20K->32K(1536K)] 7998K->8010K(9728K), 0.0008168 secs] [Times: user=0.01 sys=0.00, real=0.00 secs] 
12.491: [Full GC (Ergonomics) [PSYoungGen: 32K->0K(1536K)] [ParOldGen: 7978K->3379K(8192K)] 8010K->3379K(9728K), [Metaspace: 3328K->3328K(1056768K)], 0.0021499 secs] [Times: user=0.00 sys=0.00, real=0.01 secs] 
12.494: [GC (Allocation Failure) [PSYoungGen: 20K->32K(1536K)] 7999K->8011K(9728K), 0.0003869 secs] [Times: user=0.00 sys=0.00, real=0.00 secs] 
12.494: [Full GC (Ergonomics) [PSYoungGen: 32K->0K(1536K)] [ParOldGen: 7979K->3379K(8192K)] 8011K->3379K(9728K), [Metaspace: 3328K->3328K(1056768K)], 0.0021871 secs] [Times: user=0.01 sys=0.00, real=0.00 secs] 
12.497: [GC (Allocation Failure) [PSYoungGen: 20K->32K(1536K)] 8000K->8012K(9728K), 0.0008386 secs] [Times: user=0.00 sys=0.00, real=0.00 secs] 
12.498: [Full GC (Ergonomics) [PSYoungGen: 32K->0K(1536K)] [ParOldGen: 7980K->3379K(8192K)] 8012K->3379K(9728K), [Metaspace: 3328K->3328K(1056768K)], 0.0023642 secs] [Times: user=0.00 sys=0.00, real=0.00 secs] 
12.501: [GC (Allocation Failure) [PSYoungGen: 20K->32K(1536K)] 8001K->8013K(9728K), 0.0008432 secs] [Times: user=0.01 sys=0.00, real=0.00 secs] 
12.501: [Full GC (Ergonomics) [PSYoungGen: 32K->0K(1536K)] [ParOldGen: 7981K->3380K(8192K)] 8013K->3380K(9728K), [Metaspace: 3328K->3328K(1056768K)], 0.0022880 secs] [Times: user=0.00 sys=0.00, real=0.01 secs] 
12.504: [GC (Allocation Failure) [PSYoungGen: 20K->32K(1536K)] 8002K->8014K(9728K), 0.0007947 secs] [Times: user=0.00 sys=0.00, real=0.00 secs] 
12.505: [Full GC (Ergonomics) [PSYoungGen: 32K->0K(1536K)] [ParOldGen: 7982K->3380K(8192K)] 8014K->3380K(9728K), [Metaspace: 3328K->3328K(1056768K)], 0.0032959 secs] [Times: user=0.01 sys=0.00, real=0.00 secs] 
12.509: [GC (Allocation Failure) [PSYoungGen: 20K->32K(1536K)] 8003K->8015K(9728K), 0.0004250 secs] [Times: user=0.00 sys=0.00, real=0.00 secs] 
12.510: [Full GC (Ergonomics) [PSYoungGen: 32K->0K(1536K)] [ParOldGen: 7983K->3380K(8192K)] 8015K->3380K(9728K), [Metaspace: 3328K->3328K(1056768K)], 0.0023438 secs] [Times: user=0.01 sys=0.00, real=0.00 secs] 
12.512: [GC (Allocation Failure) [PSYoungGen: 20K->32K(1536K)] 8004K->8016K(9728K), 0.0008442 secs] [Times: user=0.00 sys=0.00, real=0.01 secs] 
12.513: [Full GC (Ergonomics) [PSYoungGen: 32K->0K(1536K)] [ParOldGen: 7984K->3381K(8192K)] 8016K->3381K(9728K), [Metaspace: 3328K->3328K(1056768K)], 0.0026711 secs] [Times: user=0.01 sys=0.00, real=0.00 secs] 
12.516: [GC (Allocation Failure) [PSYoungGen: 20K->32K(1536K)] 8005K->8017K(9728K), 0.0008313 secs] [Times: user=0.00 sys=0.00, real=0.00 secs] 
12.517: [Full GC (Ergonomics) [PSYoungGen: 32K->0K(1536K)] [ParOldGen: 7985K->3381K(8192K)] 8017K->3381K(9728K), [Metaspace: 3328K->3328K(1056768K)], 0.0022552 secs] [Times: user=0.00 sys=0.00, real=0.00 secs] 
12.520: [GC (Allocation Failure) [PSYoungGen: 20K->32K(1536K)] 8006K->8018K(9728K), 0.0007142 secs] [Times: user=0.01 sys=0.00, real=0.00 secs] 
12.521: [Full GC (Ergonomics) [PSYoungGen: 32K->0K(1536K)] [ParOldGen: 7986K->3381K(8192K)] 8018K->3381K(9728K), [Metaspace: 3328K->3328K(1056768K)], 0.0051987 secs] [Times: user=0.01 sys=0.00, real=0.01 secs] 
12.527: [GC (Allocation Failure) [PSYoungGen: 20K->32K(1536K)] 8007K->8019K(9728K), 0.0004663 secs] [Times: user=0.00 sys=0.00, real=0.00 secs] 
12.528: [Full GC (Ergonomics) [PSYoungGen: 32K->0K(1536K)] [ParOldGen: 7987K->3382K(8192K)] 8019K->3382K(9728K), [Metaspace: 3328K->3328K(1056768K)], 0.0028001 secs] [Times: user=0.00 sys=0.00, real=0.00 secs] 
12.531: [GC (Allocation Failure) [PSYoungGen: 20K->32K(1536K)] 8008K->8020K(9728K), 0.0008337 secs] [Times: user=0.01 sys=0.00, real=0.00 secs] 
12.532: [Full GC (Ergonomics) [PSYoungGen: 32K->0K(1536K)] [ParOldGen: 7988K->3382K(8192K)] 8020K->3382K(9728K), [Metaspace: 3328K->3328K(1056768K)], 0.0021478 secs] [Times: user=0.00 sys=0.00, real=0.01 secs] 
12.535: [GC (Allocation Failure) [PSYoungGen: 20K->32K(1536K)] 8009K->8020K(9728K), 0.0008508 secs] [Times: user=0.00 sys=0.00, real=0.00 secs] 
12.536: [Full GC (Ergonomics) [PSYoungGen: 32K->0K(1536K)] [ParOldGen: 7988K->3382K(8192K)] 8020K->3382K(9728K), [Metaspace: 3328K->3328K(1056768K)], 0.0022273 secs] [Times: user=0.01 sys=0.00, real=0.00 secs] 
12.538: [GC (Allocation Failure) [PSYoungGen: 20K->32K(1536K)] 8010K->8021K(9728K), 0.0006600 secs] [Times: user=0.00 sys=0.00, real=0.00 secs] 
12.539: [Full GC (Ergonomics) [PSYoungGen: 32K->0K(1536K)] [ParOldGen: 7989K->3383K(8192K)] 8021K->3383K(9728K), [Metaspace: 3328K->3328K(1056768K)], 0.0024315 secs] [Times: user=0.01 sys=0.00, real=0.00 secs] 
12.542: [GC (Allocation Failure) [PSYoungGen: 20K->32K(1536K)] 8011K->8022K(9728K), 0.0008265 secs] [Times: user=0.00 sys=0.00, real=0.01 secs] 
12.543: [Full GC (Ergonomics) [PSYoungGen: 32K->0K(1536K)] [ParOldGen: 7990K->3383K(8192K)] 8022K->3383K(9728K), [Metaspace: 3328K->3328K(1056768K)], 0.0024972 secs] [Times: user=0.00 sys=0.00, real=0.00 secs] 
12.546: [GC (Allocation Failure) [PSYoungGen: 20K->32K(1536K)] 8012K->8023K(9728K), 0.0003116 secs] [Times: user=0.01 sys=0.00, real=0.00 secs] 
12.546: [Full GC (Ergonomics) [PSYoungGen: 32K->0K(1536K)] [ParOldGen: 7991K->3383K(8192K)] 8023K->3383K(9728K), [Metaspace: 3328K->3328K(1056768K)], 0.0020689 secs] [Times: user=0.00 sys=0.00, real=0.00 secs] 
12.549: [GC (Allocation Failure) [PSYoungGen: 20K->32K(1536K)] 8013K->8024K(9728K), 0.0008317 secs] [Times: user=0.00 sys=0.00, real=0.00 secs] 
12.549: [Full GC (Ergonomics) [PSYoungGen: 32K->0K(1536K)] [ParOldGen: 7992K->3384K(8192K)] 8024K->3384K(9728K), [Metaspace: 3328K->3328K(1056768K)], 0.0025073 secs] [Times: user=0.01 sys=0.00, real=0.00 secs] 
12.552: [GC (Allocation Failure) [PSYoungGen: 20K->32K(1536K)] 8014K->8025K(9728K), 0.0008343 secs] [Times: user=0.00 sys=0.00, real=0.01 secs] 
12.553: [Full GC (Ergonomics) [PSYoungGen: 32K->0K(1536K)] [ParOldGen: 7993K->3384K(8192K)] 8025K->3384K(9728K), [Metaspace: 3328K->3328K(1056768K)], 0.0023993 secs] [Times: user=0.01 sys=0.00, real=0.00 secs] 
12.556: [GC (Allocation Failure) [PSYoungGen: 20K->32K(1536K)] 8015K->8026K(9728K), 0.0008296 secs] [Times: user=0.00 sys=0.01, real=0.00 secs] 
12.557: [Full GC (Ergonomics) [PSYoungGen: 32K->0K(1536K)] [ParOldGen: 7994K->3384K(8192K)] 8026K->3384K(9728K), [Metaspace: 3328K->3328K(1056768K)], 0.0020444 secs] [Times: user=0.00 sys=0.00, real=0.00 secs] 
12.559: [GC (Allocation Failure) [PSYoungGen: 20K->32K(1536K)] 8016K->8027K(9728K), 0.0008314 secs] [Times: user=0.01 sys=0.00, real=0.00 secs] 
12.560: [Full GC (Ergonomics) [PSYoungGen: 32K->0K(1536K)] [ParOldGen: 7995K->3385K(8192K)] 8027K->3385K(9728K), [Metaspace: 3328K->3328K(1056768K)], 0.0020791 secs] [Times: user=0.00 sys=0.00, real=0.00 secs] 
12.563: [GC (Allocation Failure) [PSYoungGen: 20K->32K(1536K)] 8017K->8028K(9728K), 0.0003938 secs] [Times: user=0.00 sys=0.00, real=0.00 secs] 
12.563: [Full GC (Ergonomics) [PSYoungGen: 32K->0K(1536K)] [ParOldGen: 7996K->3385K(8192K)] 8028K->3385K(9728K), [Metaspace: 3328K->3328K(1056768K)], 0.0024076 secs] [Times: user=0.01 sys=0.00, real=0.00 secs] 
12.566: [GC (Allocation Failure) [PSYoungGen: 20K->32K(1536K)] 8018K->8029K(9728K), 0.0008213 secs] [Times: user=0.00 sys=0.00, real=0.00 secs] 
12.567: [Full GC (Ergonomics) [PSYoungGen: 32K->0K(1536K)] [ParOldGen: 7997K->3385K(8192K)] 8029K->3385K(9728K), [Metaspace: 3328K->3328K(1056768K)], 0.0022874 secs] [Times: user=0.00 sys=0.00, real=0.00 secs] 
12.570: [GC (Allocation Failure) [PSYoungGen: 20K->32K(1536K)] 8019K->8030K(9728K), 0.0008247 secs] [Times: user=0.00 sys=0.00, real=0.00 secs] 
12.571: [Full GC (Ergonomics) [PSYoungGen: 32K->0K(1536K)] [ParOldGen: 7998K->3385K(8192K)] 8030K->3385K(9728K), [Metaspace: 3328K->3328K(1056768K)], 0.0025243 secs] [Times: user=0.00 sys=0.00, real=0.01 secs] 
12.574: [GC (Allocation Failure) [PSYoungGen: 20K->32K(1536K)] 8020K->8031K(9728K), 0.0005031 secs] [Times: user=0.00 sys=0.00, real=0.00 secs] 
12.574: [Full GC (Ergonomics) [PSYoungGen: 32K->0K(1536K)] [ParOldGen: 7999K->3386K(8192K)] 8031K->3386K(9728K), [Metaspace: 3328K->3328K(1056768K)], 0.0021683 secs] [Times: user=0.01 sys=0.00, real=0.00 secs] 
12.577: [GC (Allocation Failure) [PSYoungGen: 20K->32K(1536K)] 8021K->8032K(9728K), 0.0004891 secs] [Times: user=0.00 sys=0.00, real=0.00 secs] 
12.577: [Full GC (Ergonomics) [PSYoungGen: 32K->0K(1536K)] [ParOldGen: 8000K->3386K(8192K)] 8032K->3386K(9728K), [Metaspace: 3328K->3328K(1056768K)], 0.0022290 secs] [Times: user=0.01 sys=0.00, real=0.00 secs] 
12.580: [GC (Allocation Failure) [PSYoungGen: 20K->32K(1536K)] 8021K->8033K(9728K), 0.0008333 secs] [Times: user=0.00 sys=0.00, real=0.00 secs] 
12.581: [Full GC (Ergonomics) [PSYoungGen: 32K->0K(1536K)] [ParOldGen: 8001K->3386K(8192K)] 8033K->3386K(9728K), [Metaspace: 3328K->3328K(1056768K)], 0.0025122 secs] [Times: user=0.00 sys=0.00, real=0.01 secs] 
12.584: [GC (Allocation Failure) [PSYoungGen: 20K->32K(1536K)] 8022K->8034K(9728K), 0.0008334 secs] [Times: user=0.01 sys=0.00, real=0.00 secs] 
12.585: [Full GC (Ergonomics) [PSYoungGen: 32K->0K(1536K)] [ParOldGen: 8002K->3387K(8192K)] 8034K->3387K(9728K), [Metaspace: 3328K->3328K(1056768K)], 0.0022258 secs] [Times: user=0.00 sys=0.00, real=0.00 secs] 
12.587: [GC (Allocation Failure) [PSYoungGen: 20K->32K(1536K)] 8023K->8035K(9728K), 0.0003670 secs] [Times: user=0.00 sys=0.00, real=0.00 secs] 
12.588: [Full GC (Ergonomics) [PSYoungGen: 32K->0K(1536K)] [ParOldGen: 8003K->3387K(8192K)] 8035K->3387K(9728K), [Metaspace: 3328K->3328K(1056768K)], 0.0027718 secs] [Times: user=0.01 sys=0.00, real=0.00 secs] 
12.591: [GC (Allocation Failure) [PSYoungGen: 20K->32K(1536K)] 8024K->8036K(9728K), 0.0008277 secs] [Times: user=0.00 sys=0.00, real=0.00 secs] 
12.592: [Full GC (Ergonomics) [PSYoungGen: 32K->0K(1536K)] [ParOldGen: 8004K->3387K(8192K)] 8036K->3387K(9728K), [Metaspace: 3328K->3328K(1056768K)], 0.0024229 secs] [Times: user=0.01 sys=0.00, real=0.01 secs] 
12.595: [GC (Allocation Failure) [PSYoungGen: 20K->32K(1536K)] 8025K->8037K(9728K), 0.0008562 secs] [Times: user=0.00 sys=0.00, real=0.00 secs] 
12.596: [Full GC (Ergonomics) [PSYoungGen: 32K->0K(1536K)] [ParOldGen: 8005K->3388K(8192K)] 8037K->3388K(9728K), [Metaspace: 3328K->3328K(1056768K)], 0.0024142 secs] [Times: user=0.00 sys=0.00, real=0.00 secs] 
12.599: [GC (Allocation Failure) [PSYoungGen: 20K->32K(1536K)] 8026K->8038K(9728K), 0.0008361 secs] [Times: user=0.01 sys=0.00, real=0.00 secs] 
12.599: [Full GC (Ergonomics) [PSYoungGen: 32K->0K(1536K)] [ParOldGen: 8006K->3388K(8192K)] 8038K->3388K(9728K), [Metaspace: 3328K->3328K(1056768K)], 0.0024180 secs] [Times: user=0.00 sys=0.00, real=0.00 secs] 
12.602: [GC (Allocation Failure) [PSYoungGen: 20K->32K(1536K)] 8027K->8039K(9728K), 0.0010164 secs] [Times: user=0.00 sys=0.00, real=0.01 secs] 
12.603: [Full GC (Ergonomics) [PSYoungGen: 32K->0K(1536K)] [ParOldGen: 8007K->3388K(8192K)] 8039K->3388K(9728K), [Metaspace: 3328K->3328K(1056768K)], 0.0026115 secs] [Times: user=0.01 sys=0.00, real=0.00 secs] 
12.606: [GC (Allocation Failure) [PSYoungGen: 20K->32K(1536K)] 8028K->8040K(9728K), 0.0008238 secs] [Times: user=0.00 sys=0.00, real=0.00 secs] 
12.607: [Full GC (Ergonomics) [PSYoungGen: 32K->0K(1536K)] [ParOldGen: 8008K->3389K(8192K)] 8040K->3389K(9728K), [Metaspace: 3328K->3328K(1056768K)], 0.0025236 secs] [Times: user=0.01 sys=0.00, real=0.00 secs] 
12.610: [GC (Allocation Failure) [PSYoungGen: 20K->32K(1536K)] 8029K->8041K(9728K), 0.0008370 secs] [Times: user=0.00 sys=0.00, real=0.00 secs] 
12.611: [Full GC (Ergonomics) [PSYoungGen: 32K->0K(1536K)] [ParOldGen: 8009K->3389K(8192K)] 8041K->3389K(9728K), [Metaspace: 3328K->3328K(1056768K)], 0.0023609 secs] [Times: user=0.01 sys=0.00, real=0.01 secs] 
12.614: [GC (Allocation Failure) [PSYoungGen: 20K->32K(1536K)] 8030K->8042K(9728K), 0.0008369 secs] [Times: user=0.00 sys=0.00, real=0.00 secs] 
12.615: [Full GC (Ergonomics) [PSYoungGen: 32K->0K(1536K)] [ParOldGen: 8010K->3389K(8192K)] 8042K->3389K(9728K), [Metaspace: 3328K->3328K(1056768K)], 0.0020275 secs] [Times: user=0.00 sys=0.00, real=0.00 secs] 
12.617: [GC (Allocation Failure) [PSYoungGen: 20K->32K(1536K)] 8031K->8043K(9728K), 0.0008732 secs] [Times: user=0.00 sys=0.00, real=0.00 secs] 
12.618: [Full GC (Ergonomics) [PSYoungGen: 32K->0K(1536K)] [ParOldGen: 8011K->3390K(8192K)] 8043K->3390K(9728K), [Metaspace: 3328K->3328K(1056768K)], 0.0025688 secs] [Times: user=0.01 sys=0.00, real=0.00 secs] 
12.621: [GC (Allocation Failure) [PSYoungGen: 20K->32K(1536K)] 8032K->8044K(9728K), 0.0008263 secs] [Times: user=0.00 sys=0.00, real=0.00 secs] 
12.622: [Full GC (Ergonomics) [PSYoungGen: 32K->0K(1536K)] [ParOldGen: 8012K->3390K(8192K)] 8044K->3390K(9728K), [Metaspace: 3328K->3328K(1056768K)], 0.0020816 secs] [Times: user=0.01 sys=0.00, real=0.01 secs] 
12.625: [GC (Allocation Failure) [PSYoungGen: 20K->32K(1536K)] 8033K->8045K(9728K), 0.0008263 secs] [Times: user=0.00 sys=0.00, real=0.00 secs] 
12.625: [Full GC (Ergonomics) [PSYoungGen: 32K->0K(1536K)] [ParOldGen: 8013K->3390K(8192K)] 8045K->3390K(9728K), [Metaspace: 3328K->3328K(1056768K)], 0.0025481 secs] [Times: user=0.01 sys=0.00, real=0.00 secs] 
12.628: [GC (Allocation Failure) [PSYoungGen: 20K->32K(1536K)] 8034K->8045K(9728K), 0.0004027 secs] [Times: user=0.00 sys=0.00, real=0.00 secs] 
12.629: [Full GC (Ergonomics) [PSYoungGen: 32K->0K(1536K)] [ParOldGen: 8013K->3391K(8192K)] 8045K->3391K(9728K), [Metaspace: 3328K->3328K(1056768K)], 0.0029199 secs] [Times: user=0.00 sys=0.00, real=0.00 secs] 
12.632: [GC (Allocation Failure) [PSYoungGen: 20K->32K(1536K)] 8035K->8046K(9728K), 0.0008224 secs] [Times: user=0.00 sys=0.00, real=0.01 secs] 
12.633: [Full GC (Ergonomics) [PSYoungGen: 32K->0K(1536K)] [ParOldGen: 8014K->3391K(8192K)] 8046K->3391K(9728K), [Metaspace: 3328K->3328K(1056768K)], 0.0021657 secs] [Times: user=0.01 sys=0.00, real=0.00 secs] 
12.636: [GC (Allocation Failure) [PSYoungGen: 20K->32K(1536K)] 8036K->8047K(9728K), 0.0008162 secs] [Times: user=0.00 sys=0.00, real=0.00 secs] 
12.637: [Full GC (Ergonomics) [PSYoungGen: 32K->0K(1536K)] [ParOldGen: 8015K->3391K(8192K)] 8047K->3391K(9728K), [Metaspace: 3328K->3328K(1056768K)], 0.0021604 secs] [Times: user=0.01 sys=0.00, real=0.00 secs] 
12.639: [GC (Allocation Failure) [PSYoungGen: 20K->32K(1536K)] 8037K->8048K(9728K), 0.0008282 secs] [Times: user=0.00 sys=0.00, real=0.00 secs] 
12.640: [Full GC (Ergonomics) [PSYoungGen: 32K->0K(1536K)] [ParOldGen: 8016K->3392K(8192K)] 8048K->3392K(9728K), [Metaspace: 3328K->3328K(1056768K)], 0.0021343 secs] [Times: user=0.00 sys=0.00, real=0.00 secs] 
12.643: [GC (Allocation Failure) [PSYoungGen: 20K->32K(1536K)] 8038K->8049K(9728K), 0.0008400 secs] [Times: user=0.01 sys=0.00, real=0.01 secs] 
12.643: [Full GC (Ergonomics) [PSYoungGen: 32K->0K(1536K)] [ParOldGen: 8017K->3392K(8192K)] 8049K->3392K(9728K), [Metaspace: 3328K->3328K(1056768K)], 0.0025454 secs] [Times: user=0.00 sys=0.00, real=0.00 secs] 
12.646: [GC (Allocation Failure) [PSYoungGen: 20K->32K(1536K)] 8039K->8050K(9728K), 0.0008322 secs] [Times: user=0.00 sys=0.00, real=0.00 secs] 
12.647: [Full GC (Ergonomics) [PSYoungGen: 32K->0K(1536K)] [ParOldGen: 8018K->3392K(8192K)] 8050K->3392K(9728K), [Metaspace: 3328K->3328K(1056768K)], 0.0025213 secs] [Times: user=0.01 sys=0.00, real=0.00 secs] 
12.650: [GC (Allocation Failure) [PSYoungGen: 20K->32K(1536K)] 8040K->8051K(9728K), 0.0008221 secs] [Times: user=0.00 sys=0.00, real=0.00 secs] 
12.651: [Full GC (Ergonomics) [PSYoungGen: 32K->0K(1536K)] [ParOldGen: 8019K->3393K(8192K)] 8051K->3393K(9728K), [Metaspace: 3328K->3328K(1056768K)], 0.0026457 secs] [Times: user=0.01 sys=0.01, real=0.01 secs] 
12.654: [GC (Allocation Failure) [PSYoungGen: 20K->32K(1536K)] 8041K->8052K(9728K), 0.0008305 secs] [Times: user=0.00 sys=0.00, real=0.00 secs] 
12.655: [Full GC (Ergonomics) [PSYoungGen: 32K->0K(1536K)] [ParOldGen: 8020K->3393K(8192K)] 8052K->3393K(9728K), [Metaspace: 3328K->3328K(1056768K)], 0.0024147 secs] [Times: user=0.01 sys=0.00, real=0.00 secs] 
12.658: [GC (Allocation Failure) [PSYoungGen: 20K->32K(1536K)] 8042K->8053K(9728K), 0.0008300 secs] [Times: user=0.00 sys=0.00, real=0.00 secs] 
12.659: [Full GC (Ergonomics) [PSYoungGen: 32K->0K(1536K)] [ParOldGen: 8021K->3393K(8192K)] 8053K->3393K(9728K), [Metaspace: 3328K->3328K(1056768K)], 0.0021449 secs] [Times: user=0.00 sys=0.00, real=0.00 secs] 
12.661: [GC (Allocation Failure) [PSYoungGen: 20K->32K(1536K)] 8043K->8054K(9728K), 0.0008317 secs] [Times: user=0.01 sys=0.00, real=0.00 secs] 
12.662: [Full GC (Ergonomics) [PSYoungGen: 32K->0K(1536K)] [ParOldGen: 8022K->3394K(8192K)] 8054K->3394K(9728K), [Metaspace: 3328K->3328K(1056768K)], 0.0024103 secs] [Times: user=0.00 sys=0.00, real=0.01 secs] 
12.665: [GC (Allocation Failure) [PSYoungGen: 20K->32K(1536K)] 8044K->8055K(9728K), 0.0008267 secs] [Times: user=0.00 sys=0.00, real=0.00 secs] 
12.666: [Full GC (Ergonomics) [PSYoungGen: 32K->0K(1536K)] [ParOldGen: 8023K->3394K(8192K)] 8055K->3394K(9728K), [Metaspace: 3328K->3328K(1056768K)], 0.0024113 secs] [Times: user=0.01 sys=0.00, real=0.00 secs] 
12.669: [GC (Allocation Failure) [PSYoungGen: 20K->32K(1536K)] 8045K->8056K(9728K), 0.0008272 secs] [Times: user=0.00 sys=0.00, real=0.00 secs] 
12.670: [Full GC (Ergonomics) [PSYoungGen: 32K->0K(1536K)] [ParOldGen: 8024K->3394K(8192K)] 8056K->3394K(9728K), [Metaspace: 3328K->3328K(1056768K)], 0.0020610 secs] [Times: user=0.01 sys=0.00, real=0.00 secs] 
12.672: [GC (Allocation Failure) [PSYoungGen: 20K->32K(1536K)] 8046K->8057K(9728K), 0.0008287 secs] [Times: user=0.00 sys=0.00, real=0.01 secs] 
12.673: [Full GC (Ergonomics) [PSYoungGen: 32K->0K(1536K)] [ParOldGen: 8025K->3394K(8192K)] 8057K->3394K(9728K), [Metaspace: 3328K->3328K(1056768K)], 0.0025494 secs] [Times: user=0.00 sys=0.00, real=0.00 secs] 
12.676: [GC (Allocation Failure) [PSYoungGen: 20K->32K(1536K)] 8046K->8058K(9728K), 0.0008219 secs] [Times: user=0.01 sys=0.00, real=0.00 secs] 
12.677: [Full GC (Ergonomics) [PSYoungGen: 32K->0K(1536K)] [ParOldGen: 8026K->3395K(8192K)] 8058K->3395K(9728K), [Metaspace: 3328K->3328K(1056768K)], 0.0025623 secs] [Times: user=0.00 sys=0.00, real=0.00 secs] 
12.680: [GC (Allocation Failure) [PSYoungGen: 20K->32K(1536K)] 8047K->8059K(9728K), 0.0008225 secs] [Times: user=0.00 sys=0.00, real=0.00 secs] 
12.681: [Full GC (Ergonomics) [PSYoungGen: 32K->0K(1536K)] [ParOldGen: 8027K->3395K(8192K)] 8059K->3395K(9728K), [Metaspace: 3328K->3328K(1056768K)], 0.0020169 secs] [Times: user=0.01 sys=0.00, real=0.01 secs] 
12.683: [GC (Allocation Failure) [PSYoungGen: 20K->32K(1536K)] 8048K->8060K(9728K), 0.0008308 secs] [Times: user=0.00 sys=0.00, real=0.00 secs] 
12.684: [Full GC (Ergonomics) [PSYoungGen: 32K->0K(1536K)] [ParOldGen: 8028K->3395K(8192K)] 8060K->3395K(9728K), [Metaspace: 3328K->3328K(1056768K)], 0.0021488 secs] [Times: user=0.01 sys=0.00, real=0.00 secs] 
12.687: [GC (Allocation Failure) [PSYoungGen: 20K->32K(1536K)] 8049K->8061K(9728K), 0.0008216 secs] [Times: user=0.00 sys=0.00, real=0.00 secs] 
12.688: [Full GC (Ergonomics) [PSYoungGen: 32K->0K(1536K)] [ParOldGen: 8029K->3396K(8192K)] 8061K->3396K(9728K), [Metaspace: 3328K->3328K(1056768K)], 0.0025133 secs] [Times: user=0.01 sys=0.00, real=0.00 secs] 
12.691: [GC (Allocation Failure) [PSYoungGen: 20K->32K(1536K)] 8050K->8062K(9728K), 0.0008275 secs] [Times: user=0.00 sys=0.00, real=0.00 secs] 
12.691: [Full GC (Ergonomics) [PSYoungGen: 32K->0K(1536K)] [ParOldGen: 8030K->3396K(8192K)] 8062K->3396K(9728K), [Metaspace: 3328K->3328K(1056768K)], 0.0025145 secs] [Times: user=0.00 sys=0.00, real=0.01 secs] 
12.694: [GC (Allocation Failure) [PSYoungGen: 20K->32K(1536K)] 8051K->8063K(9728K), 0.0008308 secs] [Times: user=0.01 sys=0.00, real=0.00 secs] 
12.695: [Full GC (Ergonomics) [PSYoungGen: 32K->0K(1536K)] [ParOldGen: 8031K->3396K(8192K)] 8063K->3396K(9728K), [Metaspace: 3328K->3328K(1056768K)], 0.0025385 secs] [Times: user=0.00 sys=0.00, real=0.00 secs] 
12.698: [GC (Allocation Failure) [PSYoungGen: 20K->32K(1536K)] 8052K->8064K(9728K), 0.0008327 secs] [Times: user=0.00 sys=0.00, real=0.00 secs] 
12.699: [Full GC (Ergonomics) [PSYoungGen: 32K->0K(1536K)] [ParOldGen: 8032K->3397K(8192K)] 8064K->3397K(9728K), [Metaspace: 3328K->3328K(1056768K)], 0.0024208 secs] [Times: user=0.01 sys=0.00, real=0.00 secs] 
12.702: [GC (Allocation Failure) [PSYoungGen: 20K->32K(1536K)] 8053K->8065K(9728K), 0.0008327 secs] [Times: user=0.00 sys=0.00, real=0.01 secs] 
12.703: [Full GC (Ergonomics) [PSYoungGen: 32K->0K(1536K)] [ParOldGen: 8033K->3397K(8192K)] 8065K->3397K(9728K), [Metaspace: 3328K->3328K(1056768K)], 0.0020555 secs] [Times: user=0.01 sys=0.00, real=0.00 secs] 
12.705: [GC (Allocation Failure) [PSYoungGen: 20K->32K(1536K)] 8054K->8066K(9728K), 0.0008192 secs] [Times: user=0.00 sys=0.00, real=0.00 secs] 
12.706: [Full GC (Ergonomics) [PSYoungGen: 32K->0K(1536K)] [ParOldGen: 8034K->3397K(8192K)] 8066K->3397K(9728K), [Metaspace: 3328K->3328K(1056768K)], 0.0027481 secs] [Times: user=0.00 sys=0.00, real=0.00 secs] 
12.710: [GC (Allocation Failure) [PSYoungGen: 20K->32K(1536K)] 8055K->8067K(9728K), 0.0008974 secs] [Times: user=0.00 sys=0.00, real=0.00 secs] 
12.711: [Full GC (Ergonomics) [PSYoungGen: 32K->0K(1536K)] [ParOldGen: 8035K->3398K(8192K)] 8067K->3398K(9728K), [Metaspace: 3328K->3328K(1056768K)], 0.0035597 secs] [Times: user=0.00 sys=0.00, real=0.01 secs] 
12.715: [GC (Allocation Failure) [PSYoungGen: 20K->32K(1536K)] 8056K->8068K(9728K), 0.0003584 secs] [Times: user=0.00 sys=0.00, real=0.00 secs] 
12.716: [Full GC (Ergonomics) [PSYoungGen: 32K->0K(1536K)] [ParOldGen: 8036K->3398K(8192K)] 8068K->3398K(9728K), [Metaspace: 3328K->3328K(1056768K)], 0.0023276 secs] [Times: user=0.00 sys=0.00, real=0.00 secs] 
12.718: [GC (Allocation Failure) [PSYoungGen: 20K->32K(1536K)] 8057K->8069K(9728K), 0.0008161 secs] [Times: user=0.00 sys=0.00, real=0.00 secs] 
12.719: [Full GC (Ergonomics) [PSYoungGen: 32K->0K(1536K)] [ParOldGen: 8037K->3398K(8192K)] 8069K->3398K(9728K), [Metaspace: 3328K->3328K(1056768K)], 0.0020460 secs] [Times: user=0.01 sys=0.00, real=0.00 secs] 
12.722: [GC (Allocation Failure) [PSYoungGen: 20K->32K(1536K)] 8058K->8069K(9728K), 0.0009313 secs] [Times: user=0.00 sys=0.00, real=0.01 secs] 
12.723: [Full GC (Ergonomics) [PSYoungGen: 32K->0K(1536K)] [ParOldGen: 8037K->3399K(8192K)] 8069K->3399K(9728K), [Metaspace: 3328K->3328K(1056768K)], 0.0025329 secs] [Times: user=0.01 sys=0.00, real=0.00 secs] 
12.726: [GC (Allocation Failure) [PSYoungGen: 20K->32K(1536K)] 8059K->8070K(9728K), 0.0008077 secs] [Times: user=0.00 sys=0.00, real=0.00 secs] 
12.727: [Full GC (Ergonomics) [PSYoungGen: 32K->0K(1536K)] [ParOldGen: 8038K->3399K(8192K)] 8070K->3399K(9728K), [Metaspace: 3328K->3328K(1056768K)], 0.0023855 secs] [Times: user=0.00 sys=0.00, real=0.00 secs] 
12.730: [GC (Allocation Failure) [PSYoungGen: 20K->32K(1536K)] 8060K->8071K(9728K), 0.0008230 secs] [Times: user=0.01 sys=0.00, real=0.00 secs] 
12.730: [Full GC (Ergonomics) [PSYoungGen: 32K->0K(1536K)] [ParOldGen: 8039K->3399K(8192K)] 8071K->3399K(9728K), [Metaspace: 3328K->3328K(1056768K)], 0.0021557 secs] [Times: user=0.00 sys=0.00, real=0.00 secs] 
12.733: [GC (Allocation Failure) [PSYoungGen: 20K->32K(1536K)] 8061K->8072K(9728K), 0.0008320 secs] [Times: user=0.00 sys=0.00, real=0.00 secs] 
12.734: [Full GC (Ergonomics) [PSYoungGen: 32K->0K(1536K)] [ParOldGen: 8040K->3400K(8192K)] 8072K->3400K(9728K), [Metaspace: 3328K->3328K(1056768K)], 0.0026386 secs] [Times: user=0.01 sys=0.00, real=0.00 secs] 
12.737: [GC (Allocation Failure) [PSYoungGen: 20K->32K(1536K)] 8062K->8073K(9728K), 0.0008181 secs] [Times: user=0.00 sys=0.00, real=0.00 secs] 
12.738: [Full GC (Ergonomics) [PSYoungGen: 32K->0K(1536K)] [ParOldGen: 8041K->3400K(8192K)] 8073K->3400K(9728K), [Metaspace: 3328K->3328K(1056768K)], 0.0022933 secs] [Times: user=0.01 sys=0.00, real=0.00 secs] 
12.741: [GC (Allocation Failure) [PSYoungGen: 20K->32K(1536K)] 8063K->8074K(9728K), 0.0008255 secs] [Times: user=0.00 sys=0.00, real=0.00 secs] 
12.741: [Full GC (Ergonomics) [PSYoungGen: 32K->0K(1536K)] [ParOldGen: 8042K->3400K(8192K)] 8074K->3400K(9728K), [Metaspace: 3328K->3328K(1056768K)], 0.0025795 secs] [Times: user=0.00 sys=0.00, real=0.01 secs] 
12.744: [GC (Allocation Failure) [PSYoungGen: 20K->32K(1536K)] 8064K->8075K(9728K), 0.0008192 secs] [Times: user=0.01 sys=0.00, real=0.00 secs] 
12.745: [Full GC (Ergonomics) [PSYoungGen: 32K->0K(1536K)] [ParOldGen: 8043K->3401K(8192K)] 8075K->3401K(9728K), [Metaspace: 3328K->3328K(1056768K)], 0.0024154 secs] [Times: user=0.00 sys=0.00, real=0.00 secs] 
12.748: [GC (Allocation Failure) [PSYoungGen: 20K->32K(1536K)] 8065K->8076K(9728K), 0.0008335 secs] [Times: user=0.00 sys=0.01, real=0.00 secs] 
12.749: [Full GC (Ergonomics) [PSYoungGen: 32K->0K(1536K)] [ParOldGen: 8044K->3401K(8192K)] 8076K->3401K(9728K), [Metaspace: 3328K->3328K(1056768K)], 0.0022623 secs] [Times: user=0.01 sys=0.00, real=0.00 secs] 
12.752: [GC (Allocation Failure) [PSYoungGen: 20K->32K(1536K)] 8066K->8077K(9728K), 0.0008290 secs] [Times: user=0.00 sys=0.00, real=0.00 secs] 
12.753: [Full GC (Ergonomics) [PSYoungGen: 32K->0K(1536K)] [ParOldGen: 8045K->3401K(8192K)] 8077K->3401K(9728K), [Metaspace: 3328K->3328K(1056768K)], 0.0020645 secs] [Times: user=0.01 sys=0.00, real=0.01 secs] 
12.755: [GC (Allocation Failure) [PSYoungGen: 20K->32K(1536K)] 8067K->8078K(9728K), 0.0008272 secs] [Times: user=0.00 sys=0.00, real=0.00 secs] 
12.756: [Full GC (Ergonomics) [PSYoungGen: 32K->0K(1536K)] [ParOldGen: 8046K->3402K(8192K)] 8078K->3402K(9728K), [Metaspace: 3328K->3328K(1056768K)], 0.0021729 secs] [Times: user=0.00 sys=0.00, real=0.00 secs] 
12.759: [GC (Allocation Failure) [PSYoungGen: 20K->32K(1536K)] 8068K->8079K(9728K), 0.0008443 secs] [Times: user=0.01 sys=0.00, real=0.00 secs] 
12.759: [Full GC (Ergonomics) [PSYoungGen: 32K->0K(1536K)] [ParOldGen: 8047K->3402K(8192K)] 8079K->3402K(9728K), [Metaspace: 3328K->3328K(1056768K)], 0.0021885 secs] [Times: user=0.00 sys=0.00, real=0.00 secs] 
12.762: [GC (Allocation Failure) [PSYoungGen: 20K->32K(1536K)] 8069K->8080K(9728K), 0.0008184 secs] [Times: user=0.00 sys=0.00, real=0.01 secs] 
12.763: [Full GC (Ergonomics) [PSYoungGen: 32K->0K(1536K)] [ParOldGen: 8048K->3402K(8192K)] 8080K->3402K(9728K), [Metaspace: 3328K->3328K(1056768K)], 0.0020801 secs] [Times: user=0.01 sys=0.00, real=0.00 secs] 
12.765: [GC (Allocation Failure) [PSYoungGen: 20K->32K(1536K)] 8070K->8081K(9728K), 0.0008159 secs] [Times: user=0.00 sys=0.00, real=0.00 secs] 
12.766: [Full GC (Ergonomics) [PSYoungGen: 32K->0K(1536K)] [ParOldGen: 8049K->3402K(8192K)] 8081K->3402K(9728K), [Metaspace: 3328K->3328K(1056768K)], 0.0021604 secs] [Times: user=0.01 sys=0.00, real=0.00 secs] 
12.769: [GC (Allocation Failure) [PSYoungGen: 20K->32K(1536K)] 8070K->8082K(9728K), 0.0008194 secs] [Times: user=0.00 sys=0.00, real=0.00 secs] 
12.770: [Full GC (Ergonomics) [PSYoungGen: 32K->0K(1536K)] [ParOldGen: 8050K->3403K(8192K)] 8082K->3403K(9728K), [Metaspace: 3328K->3328K(1056768K)], 0.0024337 secs] [Times: user=0.00 sys=0.00, real=0.00 secs] 
12.773: [GC (Allocation Failure) [PSYoungGen: 20K->32K(1536K)] 8071K->8083K(9728K), 0.0008263 secs] [Times: user=0.01 sys=0.00, real=0.00 secs] 
12.774: [Full GC (Ergonomics) [PSYoungGen: 32K->0K(1536K)] [ParOldGen: 8051K->3403K(8192K)] 8083K->3403K(9728K), [Metaspace: 3328K->3328K(1056768K)], 0.0021645 secs] [Times: user=0.00 sys=0.00, real=0.00 secs] 
12.776: [GC (Allocation Failure) [PSYoungGen: 20K->32K(1536K)] 8072K->8084K(9728K), 0.0008259 secs] [Times: user=0.00 sys=0.00, real=0.00 secs] 
12.777: [Full GC (Ergonomics) [PSYoungGen: 32K->0K(1536K)] [ParOldGen: 8052K->3403K(8192K)] 8084K->3403K(9728K), [Metaspace: 3328K->3328K(1056768K)], 0.0020798 secs] [Times: user=0.01 sys=0.00, real=0.00 secs] 
12.780: [GC (Allocation Failure) [PSYoungGen: 20K->32K(1536K)] 8073K->8085K(9728K), 0.0008117 secs] [Times: user=0.00 sys=0.00, real=0.00 secs] 
12.780: [Full GC (Ergonomics) [PSYoungGen: 32K->0K(1536K)] [ParOldGen: 8053K->3404K(8192K)] 8085K->3404K(9728K), [Metaspace: 3328K->3328K(1056768K)], 0.0024558 secs] [Times: user=0.01 sys=0.00, real=0.01 secs] 
12.783: [GC (Allocation Failure) [PSYoungGen: 20K->32K(1536K)] 8074K->8086K(9728K), 0.0008546 secs] [Times: user=0.00 sys=0.00, real=0.00 secs] 
12.784: [Full GC (Ergonomics) [PSYoungGen: 32K->0K(1536K)] [ParOldGen: 8054K->3404K(8192K)] 8086K->3404K(9728K), [Metaspace: 3328K->3328K(1056768K)], 0.0029571 secs] [Times: user=0.01 sys=0.00, real=0.00 secs] 
12.788: [GC (Allocation Failure) [PSYoungGen: 20K->32K(1536K)] 8075K->8087K(9728K), 0.0008171 secs] [Times: user=0.00 sys=0.00, real=0.00 secs] 
12.788: [Full GC (Ergonomics) [PSYoungGen: 32K->0K(1536K)] [ParOldGen: 8055K->3404K(8192K)] 8087K->3404K(9728K), [Metaspace: 3328K->3328K(1056768K)], 0.0020847 secs] [Times: user=0.00 sys=0.00, real=0.00 secs] 
12.791: [GC (Allocation Failure) [PSYoungGen: 20K->32K(1536K)] 8076K->8088K(9728K), 0.0008262 secs] [Times: user=0.00 sys=0.00, real=0.00 secs] 
12.792: [Full GC (Ergonomics) [PSYoungGen: 32K->0K(1536K)] [ParOldGen: 8056K->3405K(8192K)] 8088K->3405K(9728K), [Metaspace: 3328K->3328K(1056768K)], 0.0027809 secs] [Times: user=0.01 sys=0.00, real=0.01 secs] 
12.795: [GC (Allocation Failure) [PSYoungGen: 20K->32K(1536K)] 8077K->8089K(9728K), 0.0008504 secs] [Times: user=0.00 sys=0.00, real=0.00 secs] 
12.796: [Full GC (Ergonomics) [PSYoungGen: 32K->0K(1536K)] [ParOldGen: 8057K->3405K(8192K)] 8089K->3405K(9728K), [Metaspace: 3328K->3328K(1056768K)], 0.0025410 secs] [Times: user=0.01 sys=0.00, real=0.00 secs] 
12.799: [GC (Allocation Failure) [PSYoungGen: 20K->32K(1536K)] 8078K->8090K(9728K), 0.0008150 secs] [Times: user=0.00 sys=0.00, real=0.00 secs] 
12.800: [Full GC (Ergonomics) [PSYoungGen: 32K->0K(1536K)] [ParOldGen: 8058K->3405K(8192K)] 8090K->3405K(9728K), [Metaspace: 3328K->3328K(1056768K)], 0.0021152 secs] [Times: user=0.01 sys=0.00, real=0.00 secs] 
12.802: [GC (Allocation Failure) [PSYoungGen: 20K->32K(1536K)] 8079K->8091K(9728K), 0.0008124 secs] [Times: user=0.00 sys=0.00, real=0.01 secs] 
12.803: [Full GC (Ergonomics) [PSYoungGen: 32K->0K(1536K)] [ParOldGen: 8059K->3406K(8192K)] 8091K->3406K(9728K), [Metaspace: 3328K->3328K(1056768K)], 0.0027156 secs] [Times: user=0.00 sys=0.00, real=0.00 secs] 
12.806: [GC (Allocation Failure) [PSYoungGen: 20K->32K(1536K)] 8080K->8092K(9728K), 0.0008136 secs] [Times: user=0.01 sys=0.00, real=0.00 secs] 
12.807: [Full GC (Ergonomics) [PSYoungGen: 32K->0K(1536K)] [ParOldGen: 8060K->3406K(8192K)] 8092K->3406K(9728K), [Metaspace: 3328K->3328K(1056768K)], 0.0025320 secs] [Times: user=0.00 sys=0.00, real=0.00 secs] 
12.810: [GC (Allocation Failure) [PSYoungGen: 20K->32K(1536K)] 8081K->8093K(9728K), 0.0008338 secs] [Times: user=0.00 sys=0.00, real=0.00 secs] 
12.811: [Full GC (Ergonomics) [PSYoungGen: 32K->0K(1536K)] [ParOldGen: 8061K->3406K(8192K)] 8093K->3406K(9728K), [Metaspace: 3328K->3328K(1056768K)], 0.0024206 secs] [Times: user=0.01 sys=0.00, real=0.01 secs] 
12.814: [GC (Allocation Failure) [PSYoungGen: 20K->32K(1536K)] 8082K->8094K(9728K), 0.0008188 secs] [Times: user=0.00 sys=0.00, real=0.00 secs] 
12.815: [Full GC (Ergonomics) [PSYoungGen: 32K->0K(1536K)] [ParOldGen: 8062K->3407K(8192K)] 8094K->3407K(9728K), [Metaspace: 3328K->3328K(1056768K)], 0.0020888 secs] [Times: user=0.01 sys=0.00, real=0.00 secs] 
12.817: [GC (Allocation Failure) [PSYoungGen: 20K->32K(1536K)] 8083K->8094K(9728K), 0.0008245 secs] [Times: user=0.00 sys=0.00, real=0.00 secs] 
12.818: [Full GC (Ergonomics) [PSYoungGen: 32K->0K(1536K)] [ParOldGen: 8062K->3407K(8192K)] 8094K->3407K(9728K), [Metaspace: 3328K->3328K(1056768K)], 0.0024164 secs] [Times: user=0.00 sys=0.00, real=0.00 secs] 
12.821: [GC (Allocation Failure) [PSYoungGen: 20K->32K(1536K)] 8084K->8095K(9728K), 0.0008241 secs] [Times: user=0.00 sys=0.00, real=0.00 secs] 
12.822: [Full GC (Ergonomics) [PSYoungGen: 32K->0K(1536K)] [ParOldGen: 8063K->3407K(8192K)] 8095K->3407K(9728K), [Metaspace: 3328K->3328K(1056768K)], 0.0020853 secs] [Times: user=0.00 sys=0.00, real=0.01 secs] 
12.824: [GC (Allocation Failure) [PSYoungGen: 20K->32K(1536K)] 8085K->8096K(9728K), 0.0008261 secs] [Times: user=0.00 sys=0.00, real=0.00 secs] 
12.825: [Full GC (Ergonomics) [PSYoungGen: 32K->0K(1536K)] [ParOldGen: 8064K->3408K(8192K)] 8096K->3408K(9728K), [Metaspace: 3328K->3328K(1056768K)], 0.0020385 secs] [Times: user=0.01 sys=0.00, real=0.00 secs] 
12.828: [GC (Allocation Failure) [PSYoungGen: 20K->32K(1536K)] 8086K->8097K(9728K), 0.0008421 secs] [Times: user=0.00 sys=0.00, real=0.00 secs] 
12.829: [Full GC (Ergonomics) [PSYoungGen: 32K->0K(1536K)] [ParOldGen: 8065K->3408K(8192K)] 8097K->3408K(9728K), [Metaspace: 3328K->3328K(1056768K)], 0.0021091 secs] [Times: user=0.01 sys=0.00, real=0.00 secs] 
12.831: [GC (Allocation Failure) [PSYoungGen: 20K->32K(1536K)] 8087K->8098K(9728K), 0.0002979 secs] [Times: user=0.00 sys=0.00, real=0.00 secs] 
12.831: [Full GC (Ergonomics) [PSYoungGen: 32K->0K(1536K)] [ParOldGen: 8066K->3408K(8192K)] 8098K->3408K(9728K), [Metaspace: 3328K->3328K(1056768K)], 0.0023565 secs] [Times: user=0.00 sys=0.00, real=0.01 secs] 
12.834: [GC (Allocation Failure) [PSYoungGen: 20K->32K(1536K)] 8088K->8099K(9728K), 0.0003220 secs] [Times: user=0.00 sys=0.00, real=0.00 secs] 
12.835: [Full GC (Ergonomics) [PSYoungGen: 32K->0K(1536K)] [ParOldGen: 8067K->3409K(8192K)] 8099K->3409K(9728K), [Metaspace: 3328K->3328K(1056768K)], 0.0020382 secs] [Times: user=0.01 sys=0.00, real=0.00 secs] 
12.837: [GC (Allocation Failure) [PSYoungGen: 20K->32K(1536K)] 8089K->8100K(9728K), 0.0008082 secs] [Times: user=0.00 sys=0.00, real=0.00 secs] 
12.838: [Full GC (Ergonomics) [PSYoungGen: 32K->0K(1536K)] [ParOldGen: 8068K->3409K(8192K)] 8100K->3409K(9728K), [Metaspace: 3328K->3328K(1056768K)], 0.0020451 secs] [Times: user=0.01 sys=0.00, real=0.00 secs] 
12.840: [GC (Allocation Failure) [PSYoungGen: 20K->32K(1536K)] 8090K->8101K(9728K), 0.0008421 secs] [Times: user=0.00 sys=0.00, real=0.00 secs] 
12.841: [Full GC (Ergonomics) [PSYoungGen: 32K->0K(1536K)] [ParOldGen: 8069K->3409K(8192K)] 8101K->3409K(9728K), [Metaspace: 3328K->3328K(1056768K)], 0.0020501 secs] [Times: user=0.00 sys=0.00, real=0.01 secs] 
12.844: [GC (Allocation Failure) [PSYoungGen: 20K->32K(1536K)] 8091K->8102K(9728K), 0.0008090 secs] [Times: user=0.01 sys=0.00, real=0.00 secs] 
12.845: [Full GC (Ergonomics) [PSYoungGen: 32K->0K(1536K)] [ParOldGen: 8070K->3410K(8192K)] 8102K->3410K(9728K), [Metaspace: 3328K->3328K(1056768K)], 0.0025738 secs] [Times: user=0.00 sys=0.01, real=0.00 secs] 
12.848: [GC (Allocation Failure) [PSYoungGen: 20K->32K(1536K)] 8092K->8103K(9728K), 0.0008098 secs] [Times: user=0.00 sys=0.00, real=0.00 secs] 
12.849: [Full GC (Ergonomics) [PSYoungGen: 32K->0K(1536K)] [ParOldGen: 8071K->3410K(8192K)] 8103K->3410K(9728K), [Metaspace: 3328K->3328K(1056768K)], 0.0021678 secs] [Times: user=0.01 sys=0.00, real=0.00 secs] 
12.851: [GC (Allocation Failure) [PSYoungGen: 20K->32K(1536K)] 8093K->8104K(9728K), 0.0008239 secs] [Times: user=0.00 sys=0.00, real=0.00 secs] 
12.852: [Full GC (Ergonomics) [PSYoungGen: 32K->0K(1536K)] [ParOldGen: 8072K->3410K(8192K)] 8104K->3410K(9728K), [Metaspace: 3328K->3328K(1056768K)], 0.0025111 secs] [Times: user=0.01 sys=0.00, real=0.01 secs] 
12.855: [GC (Allocation Failure) [PSYoungGen: 20K->32K(1536K)] 8094K->8105K(9728K), 0.0008075 secs] [Times: user=0.00 sys=0.00, real=0.00 secs] 
12.856: [Full GC (Ergonomics) [PSYoungGen: 32K->0K(1536K)] [ParOldGen: 8073K->3410K(8192K)] 8105K->3410K(9728K), [Metaspace: 3328K->3328K(1056768K)], 0.0025994 secs] [Times: user=0.00 sys=0.00, real=0.00 secs] 
12.859: [GC (Allocation Failure) [PSYoungGen: 20K->32K(1536K)] 8095K->8106K(9728K), 0.0008299 secs] [Times: user=0.01 sys=0.00, real=0.00 secs] 
12.860: [Full GC (Ergonomics) [PSYoungGen: 32K->0K(1536K)] [ParOldGen: 8074K->3411K(8192K)] 8106K->3411K(9728K), [Metaspace: 3328K->3328K(1056768K)], 0.0023520 secs] [Times: user=0.00 sys=0.00, real=0.00 secs] 
12.863: [GC (Allocation Failure) [PSYoungGen: 20K->32K(1536K)] 8095K->8107K(9728K), 0.0008155 secs] [Times: user=0.00 sys=0.00, real=0.01 secs] 
12.863: [Full GC (Ergonomics) [PSYoungGen: 32K->0K(1536K)] [ParOldGen: 8075K->3411K(8192K)] 8107K->3411K(9728K), [Metaspace: 3328K->3328K(1056768K)], 0.0023934 secs] [Times: user=0.01 sys=0.00, real=0.00 secs] 
12.866: [GC (Allocation Failure) [PSYoungGen: 20K->32K(1536K)] 8096K->8108K(9728K), 0.0008196 secs] [Times: user=0.00 sys=0.00, real=0.00 secs] 
12.867: [Full GC (Ergonomics) [PSYoungGen: 32K->0K(1536K)] [ParOldGen: 8076K->3411K(8192K)] 8108K->3411K(9728K), [Metaspace: 3328K->3328K(1056768K)], 0.0025528 secs] [Times: user=0.01 sys=0.00, real=0.00 secs] 
12.870: [GC (Allocation Failure) [PSYoungGen: 20K->32K(1536K)] 8097K->8109K(9728K), 0.0008169 secs] [Times: user=0.00 sys=0.00, real=0.00 secs] 
12.871: [Full GC (Ergonomics) [PSYoungGen: 32K->0K(1536K)] [ParOldGen: 8077K->3412K(8192K)] 8109K->3412K(9728K), [Metaspace: 3328K->3328K(1056768K)], 0.0025814 secs] [Times: user=0.01 sys=0.00, real=0.01 secs] 
12.874: [GC (Allocation Failure) [PSYoungGen: 20K->32K(1536K)] 8098K->8110K(9728K), 0.0008118 secs] [Times: user=0.00 sys=0.00, real=0.00 secs] 
12.875: [Full GC (Ergonomics) [PSYoungGen: 32K->0K(1536K)] [ParOldGen: 8078K->3412K(8192K)] 8110K->3412K(9728K), [Metaspace: 3328K->3328K(1056768K)], 0.0024115 secs] [Times: user=0.00 sys=0.00, real=0.00 secs] 
12.878: [GC (Allocation Failure) [PSYoungGen: 20K->32K(1536K)] 8099K->8111K(9728K), 0.0008134 secs] [Times: user=0.01 sys=0.00, real=0.00 secs] 
12.879: [Full GC (Ergonomics) [PSYoungGen: 32K->0K(1536K)] [ParOldGen: 8079K->3412K(8192K)] 8111K->3412K(9728K), [Metaspace: 3328K->3328K(1056768K)], 0.0021745 secs] [Times: user=0.00 sys=0.00, real=0.00 secs] 
12.881: [GC (Allocation Failure) [PSYoungGen: 20K->32K(1536K)] 8100K->8112K(9728K), 0.0008245 secs] [Times: user=0.00 sys=0.00, real=0.00 secs] 
12.882: [Full GC (Ergonomics) [PSYoungGen: 32K->0K(1536K)] [ParOldGen: 8080K->3413K(8192K)] 8112K->3413K(9728K), [Metaspace: 3328K->3328K(1056768K)], 0.0026209 secs] [Times: user=0.01 sys=0.00, real=0.01 secs] 
12.885: [GC (Allocation Failure) [PSYoungGen: 20K->32K(1536K)] 8101K->8113K(9728K), 0.0008382 secs] [Times: user=0.00 sys=0.00, real=0.00 secs] 
12.886: [Full GC (Ergonomics) [PSYoungGen: 32K->0K(1536K)] [ParOldGen: 8081K->3413K(8192K)] 8113K->3413K(9728K), [Metaspace: 3328K->3328K(1056768K)], 0.0020058 secs] [Times: user=0.01 sys=0.00, real=0.00 secs] 
12.888: [GC (Allocation Failure) [PSYoungGen: 20K->32K(1536K)] 8102K->8114K(9728K), 0.0008188 secs] [Times: user=0.00 sys=0.00, real=0.00 secs] 
12.889: [Full GC (Ergonomics) [PSYoungGen: 32K->0K(1536K)] [ParOldGen: 8082K->3413K(8192K)] 8114K->3413K(9728K), [Metaspace: 3328K->3328K(1056768K)], 0.0023962 secs] [Times: user=0.00 sys=0.00, real=0.00 secs] 
12.892: [GC (Allocation Failure) [PSYoungGen: 20K->32K(1536K)] 8103K->8115K(9728K), 0.0008138 secs] [Times: user=0.01 sys=0.00, real=0.01 secs] 
12.893: [Full GC (Ergonomics) [PSYoungGen: 32K->0K(1536K)] [ParOldGen: 8083K->3414K(8192K)] 8115K->3414K(9728K), [Metaspace: 3328K->3328K(1056768K)], 0.0020611 secs] [Times: user=0.00 sys=0.00, real=0.00 secs] 
12.895: [GC (Allocation Failure) [PSYoungGen: 20K->32K(1536K)] 8104K->8116K(9728K), 0.0008255 secs] [Times: user=0.00 sys=0.00, real=0.00 secs] 
12.896: [Full GC (Ergonomics) [PSYoungGen: 32K->0K(1536K)] [ParOldGen: 8084K->3414K(8192K)] 8116K->3414K(9728K), [Metaspace: 3328K->3328K(1056768K)], 0.0025274 secs] [Times: user=0.01 sys=0.00, real=0.00 secs] 
12.899: [GC (Allocation Failure) [PSYoungGen: 20K->32K(1536K)] 8105K->8117K(9728K), 0.0008422 secs] [Times: user=0.00 sys=0.00, real=0.00 secs] 
12.900: [Full GC (Ergonomics) [PSYoungGen: 32K->0K(1536K)] [ParOldGen: 8085K->3414K(8192K)] 8117K->3414K(9728K), [Metaspace: 3328K->3328K(1056768K)], 0.0020781 secs] [Times: user=0.01 sys=0.00, real=0.00 secs] 
12.903: [GC (Allocation Failure) [PSYoungGen: 20K->32K(1536K)] 8106K->8118K(9728K), 0.0003168 secs] [Times: user=0.00 sys=0.00, real=0.00 secs] 
12.903: [Full GC (Ergonomics) [PSYoungGen: 32K->0K(1536K)] [ParOldGen: 8086K->3415K(8192K)] 8118K->3415K(9728K), [Metaspace: 3328K->3328K(1056768K)], 0.0022034 secs] [Times: user=0.00 sys=0.00, real=0.00 secs] 
12.906: [GC (Allocation Failure) [PSYoungGen: 20K->32K(1536K)] 8107K->8119K(9728K), 0.0008302 secs] [Times: user=0.00 sys=0.00, real=0.00 secs] 
12.907: [Full GC (Ergonomics) [PSYoungGen: 32K->0K(1536K)] [ParOldGen: 8087K->3415K(8192K)] 8119K->3415K(9728K), [Metaspace: 3328K->3328K(1056768K)], 0.0021845 secs] [Times: user=0.01 sys=0.00, real=0.00 secs] 
12.909: [GC (Allocation Failure) [PSYoungGen: 20K->32K(1536K)] 8108K->8119K(9728K), 0.0008121 secs] [Times: user=0.00 sys=0.00, real=0.00 secs] 
12.910: [Full GC (Ergonomics) [PSYoungGen: 32K->0K(1536K)] [ParOldGen: 8087K->3415K(8192K)] 8119K->3415K(9728K), [Metaspace: 3328K->3328K(1056768K)], 0.0021108 secs] [Times: user=0.01 sys=0.00, real=0.00 secs] 
12.913: [GC (Allocation Failure) [PSYoungGen: 20K->32K(1536K)] 8109K->8120K(9728K), 0.0003616 secs] [Times: user=0.00 sys=0.00, real=0.00 secs] 
12.913: [Full GC (Ergonomics) [PSYoungGen: 32K->0K(1536K)] [ParOldGen: 8088K->3416K(8192K)] 8120K->3416K(9728K), [Metaspace: 3328K->3328K(1056768K)], 0.0040341 secs] [Times: user=0.01 sys=0.00, real=0.00 secs] 
12.918: [GC (Allocation Failure) [PSYoungGen: 20K->32K(1536K)] 8110K->8121K(9728K), 0.0008167 secs] [Times: user=0.00 sys=0.00, real=0.00 secs] 
12.919: [Full GC (Ergonomics) [PSYoungGen: 32K->0K(1536K)] [ParOldGen: 8089K->3416K(8192K)] 8121K->3416K(9728K), [Metaspace: 3328K->3328K(1056768K)], 0.0022272 secs] [Times: user=0.00 sys=0.00, real=0.00 secs] 
12.921: [GC (Allocation Failure) [PSYoungGen: 20K->32K(1536K)] 8111K->8122K(9728K), 0.0003152 secs] [Times: user=0.00 sys=0.00, real=0.00 secs] 
12.922: [Full GC (Ergonomics) [PSYoungGen: 32K->0K(1536K)] [ParOldGen: 8090K->3416K(8192K)] 8122K->3416K(9728K), [Metaspace: 3328K->3328K(1056768K)], 0.0031526 secs] [Times: user=0.01 sys=0.00, real=0.01 secs] 
12.925: [GC (Allocation Failure) [PSYoungGen: 20K->32K(1536K)] 8112K->8123K(9728K), 0.0008540 secs] [Times: user=0.00 sys=0.00, real=0.00 secs] 
12.926: [Full GC (Ergonomics) [PSYoungGen: 32K->0K(1536K)] [ParOldGen: 8091K->3417K(8192K)] 8123K->3417K(9728K), [Metaspace: 3328K->3328K(1056768K)], 0.0020480 secs] [Times: user=0.01 sys=0.00, real=0.00 secs] 
12.929: [GC (Allocation Failure) [PSYoungGen: 20K->32K(1536K)] 8113K->8124K(9728K), 0.0008162 secs] [Times: user=0.00 sys=0.00, real=0.00 secs] 
12.930: [Full GC (Ergonomics) [PSYoungGen: 32K->0K(1536K)] [ParOldGen: 8092K->3417K(8192K)] 8124K->3417K(9728K), [Metaspace: 3328K->3328K(1056768K)], 0.0025176 secs] [Times: user=0.01 sys=0.00, real=0.00 secs] 
12.933: [GC (Allocation Failure) [PSYoungGen: 20K->32K(1536K)] 8114K->8125K(9728K), 0.0008381 secs] [Times: user=0.00 sys=0.00, real=0.01 secs] 
12.933: [Full GC (Ergonomics) [PSYoungGen: 32K->0K(1536K)] [ParOldGen: 8093K->3417K(8192K)] 8125K->3417K(9728K), [Metaspace: 3328K->3328K(1056768K)], 0.0025537 secs] [Times: user=0.00 sys=0.00, real=0.00 secs] 
12.936: [GC (Allocation Failure) [PSYoungGen: 20K->32K(1536K)] 8115K->8126K(9728K), 0.0008243 secs] [Times: user=0.01 sys=0.00, real=0.00 secs] 
12.937: [Full GC (Ergonomics) [PSYoungGen: 32K->0K(1536K)] [ParOldGen: 8094K->3418K(8192K)] 8126K->3418K(9728K), [Metaspace: 3328K->3328K(1056768K)], 0.0023803 secs] [Times: user=0.00 sys=0.00, real=0.00 secs] 
12.940: [GC (Allocation Failure) [PSYoungGen: 20K->32K(1536K)] 8116K->8127K(9728K), 0.0006924 secs] [Times: user=0.00 sys=0.00, real=0.00 secs] 
12.941: [Full GC (Ergonomics) [PSYoungGen: 32K->0K(1536K)] [ParOldGen: 8095K->3418K(8192K)] 8127K->3418K(9728K), [Metaspace: 3328K->3328K(1056768K)], 0.0026392 secs] [Times: user=0.01 sys=0.00, real=0.01 secs] 
12.944: [GC (Allocation Failure) [PSYoungGen: 20K->32K(1536K)] 8117K->8128K(9728K), 0.0008230 secs] [Times: user=0.00 sys=0.00, real=0.00 secs] 
12.945: [Full GC (Ergonomics) [PSYoungGen: 32K->0K(1536K)] [ParOldGen: 8096K->3418K(8192K)] 8128K->3418K(9728K), [Metaspace: 3328K->3328K(1056768K)], 0.0021010 secs] [Times: user=0.01 sys=0.01, real=0.00 secs] 
12.947: [GC (Allocation Failure) [PSYoungGen: 20K->32K(1536K)] 8118K->8129K(9728K), 0.0008175 secs] [Times: user=0.00 sys=0.00, real=0.00 secs] 
12.948: [Full GC (Ergonomics) [PSYoungGen: 32K->0K(1536K)] [ParOldGen: 8097K->3418K(8192K)] 8129K->3418K(9728K), [Metaspace: 3328K->3328K(1056768K)], 0.0021429 secs] [Times: user=0.00 sys=0.00, real=0.00 secs] 
12.951: [GC (Allocation Failure) [PSYoungGen: 20K->32K(1536K)] 8119K->8130K(9728K), 0.0008276 secs] [Times: user=0.01 sys=0.00, real=0.00 secs] 
12.952: [Full GC (Ergonomics) [PSYoungGen: 32K->0K(1536K)] [ParOldGen: 8098K->3419K(8192K)] 8130K->3419K(9728K), [Metaspace: 3328K->3328K(1056768K)], 0.0025282 secs] [Times: user=0.00 sys=0.00, real=0.01 secs] 
12.955: [GC (Allocation Failure) [PSYoungGen: 20K->32K(1536K)] 8119K->8131K(9728K), 0.0008171 secs] [Times: user=0.00 sys=0.00, real=0.00 secs] 
12.956: [Full GC (Ergonomics) [PSYoungGen: 32K->0K(1536K)] [ParOldGen: 8099K->3419K(8192K)] 8131K->3419K(9728K), [Metaspace: 3328K->3328K(1056768K)], 0.0020111 secs] [Times: user=0.01 sys=0.00, real=0.00 secs] 
12.958: [GC (Allocation Failure) [PSYoungGen: 20K->32K(1536K)] 8120K->8132K(9728K), 0.0008324 secs] [Times: user=0.00 sys=0.00, real=0.00 secs] 
12.959: [Full GC (Ergonomics) [PSYoungGen: 32K->0K(1536K)] [ParOldGen: 8100K->3419K(8192K)] 8132K->3419K(9728K), [Metaspace: 3328K->3328K(1056768K)], 0.0020728 secs] [Times: user=0.01 sys=0.00, real=0.00 secs] 
12.961: [GC (Allocation Failure) [PSYoungGen: 20K->32K(1536K)] 8121K->8133K(9728K), 0.0008313 secs] [Times: user=0.00 sys=0.00, real=0.00 secs] 
12.962: [Full GC (Ergonomics) [PSYoungGen: 32K->0K(1536K)] [ParOldGen: 8101K->3420K(8192K)] 8133K->3420K(9728K), [Metaspace: 3328K->3328K(1056768K)], 0.0025202 secs] [Times: user=0.00 sys=0.00, real=0.01 secs] 
12.965: [GC (Allocation Failure) [PSYoungGen: 20K->32K(1536K)] 8122K->8134K(9728K), 0.0008471 secs] [Times: user=0.01 sys=0.00, real=0.00 secs] 
12.966: [Full GC (Ergonomics) [PSYoungGen: 32K->0K(1536K)] [ParOldGen: 8102K->3420K(8192K)] 8134K->3420K(9728K), [Metaspace: 3328K->3328K(1056768K)], 0.0025075 secs] [Times: user=0.00 sys=0.00, real=0.00 secs] 
12.969: [GC (Allocation Failure) [PSYoungGen: 20K->32K(1536K)] 8123K->8135K(9728K), 0.0008282 secs] [Times: user=0.00 sys=0.00, real=0.00 secs] 
12.970: [Full GC (Ergonomics) [PSYoungGen: 32K->0K(1536K)] [ParOldGen: 8103K->3420K(8192K)] 8135K->3420K(9728K), [Metaspace: 3328K->3328K(1056768K)], 0.0021736 secs] [Times: user=0.01 sys=0.00, real=0.00 secs] 
12.973: [GC (Allocation Failure) [PSYoungGen: 20K->32K(1536K)] 8124K->8136K(9728K), 0.0008194 secs] [Times: user=0.00 sys=0.00, real=0.01 secs] 
12.973: [Full GC (Ergonomics) [PSYoungGen: 32K->0K(1536K)] [ParOldGen: 8104K->3421K(8192K)] 8136K->3421K(9728K), [Metaspace: 3328K->3328K(1056768K)], 0.0020039 secs] [Times: user=0.01 sys=0.00, real=0.00 secs] 
12.976: [GC (Allocation Failure) [PSYoungGen: 20K->32K(1536K)] 8125K->8137K(9728K), 0.0008331 secs] [Times: user=0.00 sys=0.00, real=0.00 secs] 
12.977: [Full GC (Ergonomics) [PSYoungGen: 32K->0K(1536K)] [ParOldGen: 8105K->3421K(8192K)] 8137K->3421K(9728K), [Metaspace: 3328K->3328K(1056768K)], 0.0021922 secs] [Times: user=0.00 sys=0.00, real=0.00 secs] 
12.979: [GC (Allocation Failure) [PSYoungGen: 20K->32K(1536K)] 8126K->8138K(9728K), 0.0008409 secs] [Times: user=0.01 sys=0.00, real=0.00 secs] 
12.980: [Full GC (Ergonomics) [PSYoungGen: 32K->0K(1536K)] [ParOldGen: 8106K->3421K(8192K)] 8138K->3421K(9728K), [Metaspace: 3328K->3328K(1056768K)], 0.0020730 secs] [Times: user=0.00 sys=0.00, real=0.00 secs] 
12.983: [GC (Allocation Failure) [PSYoungGen: 20K->32K(1536K)] 8127K->8139K(9728K), 0.0008274 secs] [Times: user=0.00 sys=0.00, real=0.00 secs] 
12.984: [Full GC (Ergonomics) [PSYoungGen: 32K->0K(1536K)] [ParOldGen: 8107K->3422K(8192K)] 8139K->3422K(9728K), [Metaspace: 3328K->3328K(1056768K)], 0.0027113 secs] [Times: user=0.01 sys=0.00, real=0.00 secs] 
12.987: [GC (Allocation Failure) [PSYoungGen: 20K->32K(1536K)] 8128K->8140K(9728K), 0.0003366 secs] [Times: user=0.00 sys=0.00, real=0.00 secs] 
12.987: [Full GC (Ergonomics) [PSYoungGen: 32K->0K(1536K)] [ParOldGen: 8108K->3422K(8192K)] 8140K->3422K(9728K), [Metaspace: 3328K->3328K(1056768K)], 0.0021936 secs] [Times: user=0.01 sys=0.00, real=0.00 secs] 
12.990: [GC (Allocation Failure) [PSYoungGen: 20K->32K(1536K)] 8129K->8141K(9728K), 0.0008289 secs] [Times: user=0.00 sys=0.00, real=0.00 secs] 
12.991: [Full GC (Ergonomics) [PSYoungGen: 32K->0K(1536K)] [ParOldGen: 8109K->3422K(8192K)] 8141K->3422K(9728K), [Metaspace: 3328K->3328K(1056768K)], 0.0020929 secs] [Times: user=0.00 sys=0.00, real=0.01 secs] 
12.993: [GC (Allocation Failure) [PSYoungGen: 20K->32K(1536K)] 8130K->8142K(9728K), 0.0008059 secs] [Times: user=0.00 sys=0.00, real=0.00 secs] 
12.994: [Full GC (Ergonomics) [PSYoungGen: 32K->0K(1536K)] [ParOldGen: 8110K->3423K(8192K)] 8142K->3423K(9728K), [Metaspace: 3328K->3328K(1056768K)], 0.0023981 secs] [Times: user=0.01 sys=0.00, real=0.00 secs] 
12.997: [GC (Allocation Failure) [PSYoungGen: 20K->32K(1536K)] 8131K->8143K(9728K), 0.0008181 secs] [Times: user=0.00 sys=0.00, real=0.00 secs] 
12.998: [Full GC (Ergonomics) [PSYoungGen: 32K->0K(1536K)] [ParOldGen: 8111K->3423K(8192K)] 8143K->3423K(9728K), [Metaspace: 3328K->3328K(1056768K)], 0.0026006 secs] [Times: user=0.01 sys=0.00, real=0.00 secs] 
13.001: [GC (Allocation Failure) [PSYoungGen: 20K->32K(1536K)] 8132K->8143K(9728K), 0.0008310 secs] [Times: user=0.00 sys=0.00, real=0.00 secs] 
13.002: [Full GC (Ergonomics) [PSYoungGen: 32K->0K(1536K)] [ParOldGen: 8111K->3423K(8192K)] 8143K->3423K(9728K), [Metaspace: 3328K->3328K(1056768K)], 0.0020644 secs] [Times: user=0.01 sys=0.00, real=0.01 secs] 
13.004: [GC (Allocation Failure) [PSYoungGen: 20K->32K(1536K)] 8133K->8144K(9728K), 0.0008345 secs] [Times: user=0.00 sys=0.00, real=0.00 secs] 
13.005: [Full GC (Ergonomics) [PSYoungGen: 32K->0K(1536K)] [ParOldGen: 8112K->3424K(8192K)] 8144K->3424K(9728K), [Metaspace: 3328K->3328K(1056768K)], 0.0034404 secs] [Times: user=0.01 sys=0.00, real=0.00 secs] 
13.009: [GC (Allocation Failure) [PSYoungGen: 20K->32K(1536K)] 8134K->8145K(9728K), 0.0008363 secs] [Times: user=0.00 sys=0.00, real=0.00 secs] 
13.010: [Full GC (Ergonomics) [PSYoungGen: 32K->0K(1536K)] [ParOldGen: 8113K->3424K(8192K)] 8145K->3424K(9728K), [Metaspace: 3328K->3328K(1056768K)], 0.0026110 secs] [Times: user=0.00 sys=0.00, real=0.00 secs] 
13.013: [GC (Allocation Failure) [PSYoungGen: 20K->32K(1536K)] 8135K->8146K(9728K), 0.0008316 secs] [Times: user=0.01 sys=0.00, real=0.00 secs] 
13.014: [Full GC (Ergonomics) [PSYoungGen: 32K->0K(1536K)] [ParOldGen: 8114K->3424K(8192K)] 8146K->3424K(9728K), [Metaspace: 3328K->3328K(1056768K)], 0.0021820 secs] [Times: user=0.00 sys=0.00, real=0.00 secs] 
13.016: [GC (Allocation Failure) [PSYoungGen: 20K->32K(1536K)] 8136K->8147K(9728K), 0.0008252 secs] [Times: user=0.00 sys=0.00, real=0.00 secs] 
13.017: [Full GC (Ergonomics) [PSYoungGen: 32K->0K(1536K)] [ParOldGen: 8115K->3425K(8192K)] 8147K->3425K(9728K), [Metaspace: 3328K->3328K(1056768K)], 0.0025618 secs] [Times: user=0.01 sys=0.00, real=0.00 secs] 
13.020: [GC (Allocation Failure) [PSYoungGen: 20K->32K(1536K)] 8137K->8148K(9728K), 0.0008309 secs] [Times: user=0.00 sys=0.00, real=0.00 secs] 
13.021: [Full GC (Ergonomics) [PSYoungGen: 32K->0K(1536K)] [ParOldGen: 8116K->3425K(8192K)] 8148K->3425K(9728K), [Metaspace: 3328K->3328K(1056768K)], 0.0037141 secs] [Times: user=0.01 sys=0.00, real=0.01 secs] 
13.025: [GC (Allocation Failure) [PSYoungGen: 20K->32K(1536K)] 8138K->8149K(9728K), 0.0008395 secs] [Times: user=0.00 sys=0.00, real=0.00 secs] 
13.026: [Full GC (Ergonomics) [PSYoungGen: 32K->0K(1536K)] [ParOldGen: 8117K->3425K(8192K)] 8149K->3425K(9728K), [Metaspace: 3328K->3328K(1056768K)], 0.0020323 secs] [Times: user=0.01 sys=0.00, real=0.00 secs] 
13.029: [GC (Allocation Failure) [PSYoungGen: 20K->32K(1536K)] 8139K->8150K(9728K), 0.0008238 secs] [Times: user=0.00 sys=0.00, real=0.00 secs] 
13.030: [Full GC (Ergonomics) [PSYoungGen: 32K->0K(1536K)] [ParOldGen: 8118K->3426K(8192K)] 8150K->3426K(9728K), [Metaspace: 3328K->3328K(1056768K)], 0.0020919 secs] [Times: user=0.00 sys=0.00, real=0.00 secs] 
13.032: [GC (Allocation Failure) [PSYoungGen: 20K->32K(1536K)] 8140K->8151K(9728K), 0.0008251 secs] [Times: user=0.01 sys=0.00, real=0.01 secs] 
13.033: [Full GC (Ergonomics) [PSYoungGen: 32K->0K(1536K)] [ParOldGen: 8119K->3426K(8192K)] 8151K->3426K(9728K), [Metaspace: 3328K->3328K(1056768K)], 0.0025395 secs] [Times: user=0.00 sys=0.00, real=0.00 secs] 
13.036: [GC (Allocation Failure) [PSYoungGen: 20K->32K(1536K)] 8141K->8152K(9728K), 0.0008346 secs] [Times: user=0.00 sys=0.00, real=0.00 secs] 
13.037: [Full GC (Ergonomics) [PSYoungGen: 32K->0K(1536K)] [ParOldGen: 8120K->3426K(8192K)] 8152K->3426K(9728K), [Metaspace: 3328K->3328K(1056768K)], 0.0025460 secs] [Times: user=0.01 sys=0.00, real=0.00 secs] 
13.040: [GC (Allocation Failure) [PSYoungGen: 20K->32K(1536K)] 8142K->8153K(9728K), 0.0005236 secs] [Times: user=0.00 sys=0.00, real=0.00 secs] 
13.040: [Full GC (Ergonomics) [PSYoungGen: 32K->0K(1536K)] [ParOldGen: 8121K->3426K(8192K)] 8153K->3426K(9728K), [Metaspace: 3328K->3328K(1056768K)], 0.0025526 secs] [Times: user=0.01 sys=0.00, real=0.01 secs] 
13.043: [GC (Allocation Failure) [PSYoungGen: 20K->32K(1536K)] 8143K->8154K(9728K), 0.0008156 secs] [Times: user=0.00 sys=0.01, real=0.00 secs] 
13.044: [Full GC (Ergonomics) [PSYoungGen: 32K->0K(1536K)] [ParOldGen: 8122K->3427K(8192K)] 8154K->3427K(9728K), [Metaspace: 3328K->3328K(1056768K)], 0.0022175 secs] [Times: user=0.00 sys=0.00, real=0.00 secs] 
13.047: [GC (Allocation Failure) [PSYoungGen: 20K->32K(1536K)] 8144K->8155K(9728K), 0.0008388 secs] [Times: user=0.00 sys=0.00, real=0.00 secs] 
13.048: [Full GC (Ergonomics) [PSYoungGen: 32K->0K(1536K)] [ParOldGen: 8123K->3427K(8192K)] 8155K->3427K(9728K), [Metaspace: 3328K->3328K(1056768K)], 0.0020491 secs] [Times: user=0.00 sys=0.00, real=0.00 secs] 
13.050: [GC (Allocation Failure) [PSYoungGen: 20K->32K(1536K)] 8144K->8156K(9728K), 0.0003302 secs] [Times: user=0.00 sys=0.00, real=0.00 secs] 
13.051: [Full GC (Ergonomics) [PSYoungGen: 32K->0K(1536K)] [ParOldGen: 8124K->3427K(8192K)] 8156K->3427K(9728K), [Metaspace: 3328K->3328K(1056768K)], 0.0021597 secs] [Times: user=0.01 sys=0.00, real=0.01 secs] 
13.053: [GC (Allocation Failure) [PSYoungGen: 20K->32K(1536K)] 8145K->8157K(9728K), 0.0008377 secs] [Times: user=0.00 sys=0.00, real=0.00 secs] 
13.054: [Full GC (Ergonomics) [PSYoungGen: 32K->0K(1536K)] [ParOldGen: 8125K->3428K(8192K)] 8157K->3428K(9728K), [Metaspace: 3328K->3328K(1056768K)], 0.0020589 secs] [Times: user=0.01 sys=0.00, real=0.00 secs] 
13.057: [GC (Allocation Failure) [PSYoungGen: 20K->32K(1536K)] 8146K->8158K(9728K), 0.0008290 secs] [Times: user=0.00 sys=0.00, real=0.00 secs] 
13.057: [Full GC (Ergonomics) [PSYoungGen: 32K->0K(1536K)] [ParOldGen: 8126K->3428K(8192K)] 8158K->3428K(9728K), [Metaspace: 3328K->3328K(1056768K)], 0.0025287 secs] [Times: user=0.00 sys=0.00, real=0.00 secs] 
13.060: [GC (Allocation Failure) [PSYoungGen: 20K->32K(1536K)] 8147K->8159K(9728K), 0.0008527 secs] [Times: user=0.01 sys=0.00, real=0.00 secs] 
13.061: [Full GC (Ergonomics) [PSYoungGen: 32K->0K(1536K)] [ParOldGen: 8127K->3428K(8192K)] 8159K->3428K(9728K), [Metaspace: 3328K->3328K(1056768K)], 0.0021644 secs] [Times: user=0.00 sys=0.00, real=0.01 secs] 
13.064: [GC (Allocation Failure) [PSYoungGen: 20K->32K(1536K)] 8148K->8160K(9728K), 0.0008371 secs] [Times: user=0.00 sys=0.00, real=0.00 secs] 
13.065: [Full GC (Ergonomics) [PSYoungGen: 32K->0K(1536K)] [ParOldGen: 8128K->3429K(8192K)] 8160K->3429K(9728K), [Metaspace: 3328K->3328K(1056768K)], 0.0021630 secs] [Times: user=0.01 sys=0.00, real=0.00 secs] 
13.067: [GC (Allocation Failure) [PSYoungGen: 20K->32K(1536K)] 8149K->8161K(9728K), 0.0008283 secs] [Times: user=0.00 sys=0.00, real=0.00 secs] 
13.068: [Full GC (Ergonomics) [PSYoungGen: 32K->0K(1536K)] [ParOldGen: 8129K->3429K(8192K)] 8161K->3429K(9728K), [Metaspace: 3328K->3328K(1056768K)], 0.0024470 secs] [Times: user=0.01 sys=0.00, real=0.00 secs] 
13.071: [GC (Allocation Failure) [PSYoungGen: 20K->32K(1536K)] 8150K->8162K(9728K), 0.0006574 secs] [Times: user=0.00 sys=0.00, real=0.00 secs] 
13.072: [Full GC (Ergonomics) [PSYoungGen: 32K->0K(1536K)] [ParOldGen: 8130K->3429K(8192K)] 8162K->3429K(9728K), [Metaspace: 3328K->3328K(1056768K)], 0.0025512 secs] [Times: user=0.00 sys=0.00, real=0.01 secs] 
13.075: [GC (Allocation Failure) [PSYoungGen: 20K->32K(1536K)] 8151K->8163K(9728K), 0.0008263 secs] [Times: user=0.01 sys=0.00, real=0.00 secs] 
13.076: [Full GC (Ergonomics) [PSYoungGen: 32K->0K(1536K)] [ParOldGen: 8131K->3430K(8192K)] 8163K->3430K(9728K), [Metaspace: 3328K->3328K(1056768K)], 0.0025252 secs] [Times: user=0.00 sys=0.00, real=0.00 secs] 
13.079: [GC (Allocation Failure) [PSYoungGen: 20K->32K(1536K)] 8152K->8164K(9728K), 0.0008227 secs] [Times: user=0.00 sys=0.00, real=0.00 secs] 
13.080: [Full GC (Ergonomics) [PSYoungGen: 32K->0K(1536K)] [ParOldGen: 8132K->3430K(8192K)] 8164K->3430K(9728K), [Metaspace: 3328K->3328K(1056768K)], 0.0022144 secs] [Times: user=0.01 sys=0.00, real=0.00 secs] 
13.082: [GC (Allocation Failure) [PSYoungGen: 20K->32K(1536K)] 8153K->8165K(9728K), 0.0008274 secs] [Times: user=0.00 sys=0.00, real=0.01 secs] 
13.083: [Full GC (Ergonomics) [PSYoungGen: 32K->0K(1536K)] [ParOldGen: 8133K->3430K(8192K)] 8165K->3430K(9728K), [Metaspace: 3328K->3328K(1056768K)], 0.0024581 secs] [Times: user=0.01 sys=0.00, real=0.00 secs] 
13.086: [GC (Allocation Failure) [PSYoungGen: 20K->32K(1536K)] 8154K->8166K(9728K), 0.0008157 secs] [Times: user=0.00 sys=0.00, real=0.00 secs] 
13.087: [Full GC (Ergonomics) [PSYoungGen: 32K->0K(1536K)] [ParOldGen: 8134K->3431K(8192K)] 8166K->3431K(9728K), [Metaspace: 3328K->3328K(1056768K)], 0.0025474 secs] [Times: user=0.00 sys=0.00, real=0.00 secs] 
13.090: [GC (Allocation Failure) [PSYoungGen: 20K->32K(1536K)] 8155K->8167K(9728K), 0.0008249 secs] [Times: user=0.01 sys=0.00, real=0.00 secs] 
13.091: [Full GC (Ergonomics) [PSYoungGen: 32K->0K(1536K)] [ParOldGen: 8135K->3431K(8192K)] 8167K->3431K(9728K), [Metaspace: 3328K->3328K(1056768K)], 0.0024210 secs] [Times: user=0.00 sys=0.00, real=0.01 secs] 
13.094: [GC (Allocation Failure) [PSYoungGen: 20K->32K(1536K)] 8156K->8168K(9728K), 0.0008674 secs] [Times: user=0.00 sys=0.00, real=0.00 secs] 
13.094: [Full GC (Ergonomics) [PSYoungGen: 32K->0K(1536K)] [ParOldGen: 8136K->3431K(8192K)] 8168K->3431K(9728K), [Metaspace: 3328K->3328K(1056768K)], 0.0022877 secs] [Times: user=0.01 sys=0.00, real=0.00 secs] 
13.097: [GC (Allocation Failure) [PSYoungGen: 20K->32K(1536K)] 8157K->8168K(9728K), 0.0008464 secs] [Times: user=0.00 sys=0.00, real=0.00 secs] 
13.098: [Full GC (Ergonomics) [PSYoungGen: 32K->0K(1536K)] [ParOldGen: 8136K->3432K(8192K)] 8168K->3432K(9728K), [Metaspace: 3328K->3328K(1056768K)], 0.0025360 secs] [Times: user=0.01 sys=0.00, real=0.00 secs] 
13.101: [GC (Allocation Failure) [PSYoungGen: 20K->32K(1536K)] 8158K->8169K(9728K), 0.0008210 secs] [Times: user=0.00 sys=0.00, real=0.00 secs] 
13.102: [Full GC (Ergonomics) [PSYoungGen: 32K->0K(1536K)] [ParOldGen: 8137K->3432K(8192K)] 8169K->3432K(9728K), [Metaspace: 3328K->3328K(1056768K)], 0.0020625 secs] [Times: user=0.00 sys=0.00, real=0.01 secs] 
13.104: [GC (Allocation Failure) [PSYoungGen: 20K->32K(1536K)] 8159K->8170K(9728K), 0.0008171 secs] [Times: user=0.00 sys=0.00, real=0.00 secs] 
13.105: [Full GC (Ergonomics) [PSYoungGen: 32K->0K(1536K)] [ParOldGen: 8138K->3432K(8192K)] 8170K->3432K(9728K), [Metaspace: 3328K->3328K(1056768K)], 0.0021152 secs] [Times: user=0.00 sys=0.00, real=0.00 secs] 
13.108: [GC (Allocation Failure) [PSYoungGen: 20K->32K(1536K)] 8160K->8171K(9728K), 0.0002964 secs] [Times: user=0.00 sys=0.00, real=0.00 secs] 
13.108: [Full GC (Ergonomics) [PSYoungGen: 32K->0K(1536K)] [ParOldGen: 8139K->3433K(8192K)] 8171K->3433K(9728K), [Metaspace: 3328K->3328K(1056768K)], 0.0021854 secs] [Times: user=0.01 sys=0.00, real=0.00 secs] 
13.111: [GC (Allocation Failure) [PSYoungGen: 20K->32K(1536K)] 8161K->8172K(9728K), 0.0008269 secs] [Times: user=0.00 sys=0.00, real=0.00 secs] 
13.112: [Full GC (Ergonomics) [PSYoungGen: 32K->0K(1536K)] [ParOldGen: 8140K->3433K(8192K)] 8172K->3433K(9728K), [Metaspace: 3328K->3328K(1056768K)], 0.0021385 secs] [Times: user=0.01 sys=0.00, real=0.01 secs] 
13.114: [GC (Allocation Failure) [PSYoungGen: 20K->32K(1536K)] 8162K->8173K(9728K), 0.0008284 secs] [Times: user=0.00 sys=0.00, real=0.00 secs] 
13.115: [Full GC (Ergonomics) [PSYoungGen: 32K->0K(1536K)] [ParOldGen: 8141K->3433K(8192K)] 8173K->3433K(9728K), [Metaspace: 3328K->3328K(1056768K)], 0.0020462 secs] [Times: user=0.00 sys=0.00, real=0.00 secs] 
13.118: [GC (Allocation Failure) [PSYoungGen: 20K->32K(1536K)] 8163K->8174K(9728K), 0.0008384 secs] [Times: user=0.00 sys=0.00, real=0.00 secs] 
13.119: [Full GC (Ergonomics) [PSYoungGen: 32K->0K(1536K)] [ParOldGen: 8142K->3434K(8192K)] 8174K->3434K(9728K), [Metaspace: 3328K->3328K(1056768K)], 0.0021904 secs] [Times: user=0.01 sys=0.00, real=0.00 secs] 
13.121: [GC (Allocation Failure) [PSYoungGen: 20K->32K(1536K)] 8164K->8175K(9728K), 0.0008243 secs] [Times: user=0.00 sys=0.00, real=0.00 secs] 
13.122: [Full GC (Ergonomics) [PSYoungGen: 32K->0K(1536K)] [ParOldGen: 8143K->3434K(8192K)] 8175K->3434K(9728K), [Metaspace: 3328K->3328K(1056768K)], 0.0020614 secs] [Times: user=0.01 sys=0.00, real=0.01 secs] 
13.125: [GC (Allocation Failure) [PSYoungGen: 20K->32K(1536K)] 8165K->8176K(9728K), 0.0008294 secs] [Times: user=0.00 sys=0.00, real=0.00 secs] 
13.125: [Full GC (Ergonomics) [PSYoungGen: 32K->0K(1536K)] [ParOldGen: 8144K->3434K(8192K)] 8176K->3434K(9728K), [Metaspace: 3328K->3328K(1056768K)], 0.0026013 secs] [Times: user=0.01 sys=0.00, real=0.00 secs] 
13.128: [GC (Allocation Failure) [PSYoungGen: 20K->32K(1536K)] 8166K->8177K(9728K), 0.0008396 secs] [Times: user=0.00 sys=0.00, real=0.00 secs] 
13.129: [Full GC (Ergonomics) [PSYoungGen: 32K->0K(1536K)] [ParOldGen: 8145K->3435K(8192K)] 8177K->3435K(9728K), [Metaspace: 3328K->3328K(1056768K)], 0.0021490 secs] [Times: user=0.00 sys=0.00, real=0.00 secs] 
13.132: [GC (Allocation Failure) [PSYoungGen: 20K->32K(1536K)] 8167K->8178K(9728K), 0.0008293 secs] [Times: user=0.00 sys=0.00, real=0.01 secs] 
13.133: [Full GC (Ergonomics) [PSYoungGen: 32K->0K(1536K)] [ParOldGen: 8146K->3435K(8192K)] 8178K->3435K(9728K), [Metaspace: 3328K->3328K(1056768K)], 0.0025572 secs] [Times: user=0.01 sys=0.00, real=0.00 secs] 
13.136: [GC (Allocation Failure) [PSYoungGen: 20K->32K(1536K)] 8168K->8179K(9728K), 0.0008259 secs] [Times: user=0.00 sys=0.00, real=0.00 secs] 
13.137: [Full GC (Ergonomics) [PSYoungGen: 32K->0K(1536K)] [ParOldGen: 8147K->3435K(8192K)] 8179K->3435K(9728K), [Metaspace: 3328K->3328K(1056768K)], 0.0020632 secs] [Times: user=0.01 sys=0.00, real=0.00 secs] 
13.139: [GC (Allocation Failure) [PSYoungGen: 20K->32K(1536K)] 8169K->8180K(9728K), 0.0008310 secs] [Times: user=0.00 sys=0.00, real=0.00 secs] 
13.140: [Full GC (Ergonomics) [PSYoungGen: 32K->0K(1536K)] [ParOldGen: 8148K->3435K(8192K)] 8180K->3435K(9728K), [Metaspace: 3328K->3328K(1056768K)], 0.0025313 secs] [Times: user=0.01 sys=0.01, real=0.00 secs] 
13.143: [GC (Allocation Failure) [PSYoungGen: 20K->32K(1536K)] 8169K->8181K(9728K), 0.0008285 secs] [Times: user=0.00 sys=0.00, real=0.00 secs] 
13.144: [Full GC (Ergonomics) [PSYoungGen: 32K->0K(1536K)] [ParOldGen: 8149K->3436K(8192K)] 8181K->3436K(9728K), [Metaspace: 3328K->3328K(1056768K)], 0.0025383 secs] [Times: user=0.00 sys=0.00, real=0.00 secs] 
13.147: [GC (Allocation Failure) [PSYoungGen: 20K->32K(1536K)] 8170K->8182K(9728K), 0.0008333 secs] [Times: user=0.01 sys=0.00, real=0.00 secs] 
13.148: [Full GC (Ergonomics) [PSYoungGen: 32K->0K(1536K)] [ParOldGen: 8150K->3436K(8192K)] 8182K->3436K(9728K), [Metaspace: 3328K->3328K(1056768K)], 0.0020477 secs] [Times: user=0.00 sys=0.00, real=0.00 secs] 
13.150: [GC (Allocation Failure) [PSYoungGen: 20K->32K(1536K)] 8171K->8183K(9728K), 0.0008362 secs] [Times: user=0.00 sys=0.00, real=0.00 secs] 
13.151: [Full GC (Ergonomics) [PSYoungGen: 32K->0K(1536K)] [ParOldGen: 8151K->3436K(8192K)] 8183K->3436K(9728K), [Metaspace: 3328K->3328K(1056768K)], 0.0022021 secs] [Times: user=0.01 sys=0.00, real=0.01 secs] 
13.154: [GC (Allocation Failure) [PSYoungGen: 20K->32K(1536K)] 8172K->8184K(9728K), 0.0008347 secs] [Times: user=0.00 sys=0.00, real=0.00 secs] 
13.155: [Full GC (Ergonomics) [PSYoungGen: 32K->0K(1536K)] [ParOldGen: 8152K->3437K(8192K)] 8184K->3437K(9728K), [Metaspace: 3328K->3328K(1056768K)], 0.0052060 secs] [Times: user=0.01 sys=0.00, real=0.00 secs] 
13.160: [GC (Allocation Failure) [PSYoungGen: 20K->32K(1536K)] 8173K->8185K(9728K), 0.0003810 secs] [Times: user=0.00 sys=0.00, real=0.00 secs] 
13.161: [Full GC (Ergonomics) [PSYoungGen: 32K->0K(1536K)] [ParOldGen: 8153K->3437K(8192K)] 8185K->3437K(9728K), [Metaspace: 3328K->3328K(1056768K)], 0.0030401 secs] [Times: user=0.01 sys=0.00, real=0.01 secs] 
13.164: [GC (Allocation Failure) [PSYoungGen: 20K->32K(1536K)] 8174K->8186K(9728K), 0.0002997 secs] [Times: user=0.00 sys=0.00, real=0.00 secs] 
13.165: [Full GC (Ergonomics) [PSYoungGen: 32K->0K(1536K)] [ParOldGen: 8154K->3437K(8192K)] 8186K->3437K(9728K), [Metaspace: 3328K->3328K(1056768K)], 0.0024094 secs] [Times: user=0.00 sys=0.00, real=0.00 secs] 
13.167: [GC (Allocation Failure) [PSYoungGen: 20K->32K(1536K)] 8175K->8187K(9728K), 0.0008227 secs] [Times: user=0.00 sys=0.00, real=0.00 secs] 
13.168: [Full GC (Ergonomics) [PSYoungGen: 32K->0K(1536K)] [ParOldGen: 8155K->3438K(8192K)] 8187K->3438K(9728K), [Metaspace: 3328K->3328K(1056768K)], 0.0024605 secs] [Times: user=0.01 sys=0.00, real=0.00 secs] 
13.171: [GC (Allocation Failure) [PSYoungGen: 20K->32K(1536K)] 8176K->8188K(9728K), 0.0008213 secs] [Times: user=0.00 sys=0.00, real=0.00 secs] 
13.172: [Full GC (Ergonomics) [PSYoungGen: 32K->0K(1536K)] [ParOldGen: 8156K->3438K(8192K)] 8188K->3438K(9728K), [Metaspace: 3328K->3328K(1056768K)], 0.0020270 secs] [Times: user=0.01 sys=0.00, real=0.01 secs] 
13.174: [GC (Allocation Failure) [PSYoungGen: 20K->32K(1536K)] 8177K->8189K(9728K), 0.0008297 secs] [Times: user=0.00 sys=0.00, real=0.00 secs] 
13.175: [Full GC (Ergonomics) [PSYoungGen: 32K->0K(1536K)] [ParOldGen: 8157K->3438K(8192K)] 8189K->3438K(9728K), [Metaspace: 3328K->3328K(1056768K)], 0.0021072 secs] [Times: user=0.00 sys=0.00, real=0.00 secs] 
13.178: [GC (Allocation Failure) [PSYoungGen: 20K->32K(1536K)] 8178K->8190K(9728K), 0.0008362 secs] [Times: user=0.01 sys=0.00, real=0.00 secs] 
13.179: [Full GC (Ergonomics) [PSYoungGen: 32K->0K(1536K)] [ParOldGen: 8158K->3439K(8192K)] 8190K->3439K(9728K), [Metaspace: 3328K->3328K(1056768K)], 0.0025456 secs] [Times: user=0.00 sys=0.00, real=0.00 secs] 
13.182: [GC (Allocation Failure) [PSYoungGen: 20K->32K(1536K)] 8179K->8191K(9728K), 0.0008228 secs] [Times: user=0.00 sys=0.00, real=0.00 secs] 
13.183: [Full GC (Ergonomics) [PSYoungGen: 32K->0K(1536K)] [ParOldGen: 8159K->3439K(8192K)] 8191K->3439K(9728K), [Metaspace: 3328K->3328K(1056768K)], 0.0025346 secs] [Times: user=0.01 sys=0.00, real=0.01 secs] 
13.186: [GC (Allocation Failure) [PSYoungGen: 20K->32K(1536K)] 8180K->8192K(9728K), 0.0008315 secs] [Times: user=0.00 sys=0.00, real=0.00 secs] 
13.186: [Full GC (Ergonomics) [PSYoungGen: 32K->0K(1536K)] [ParOldGen: 8160K->3439K(8192K)] 8192K->3439K(9728K), [Metaspace: 3328K->3328K(1056768K)], 0.0021716 secs] [Times: user=0.01 sys=0.00, real=0.00 secs] 
13.189: [GC (Allocation Failure) [PSYoungGen: 20K->32K(1536K)] 8181K->8192K(9728K), 0.0008281 secs] [Times: user=0.00 sys=0.00, real=0.00 secs] 
13.190: [Full GC (Ergonomics) [PSYoungGen: 32K->0K(1536K)] [ParOldGen: 8160K->3440K(8192K)] 8192K->3440K(9728K), [Metaspace: 3328K->3328K(1056768K)], 0.0024389 secs] [Times: user=0.01 sys=0.00, real=0.00 secs] 
13.193: [GC (Allocation Failure) [PSYoungGen: 20K->32K(1536K)] 8182K->8193K(9728K), 0.0008215 secs] [Times: user=0.00 sys=0.00, real=0.00 secs] 
13.194: [Full GC (Ergonomics) [PSYoungGen: 32K->0K(1536K)] [ParOldGen: 8161K->3440K(8192K)] 8193K->3440K(9728K), [Metaspace: 3328K->3328K(1056768K)], 0.0022170 secs] [Times: user=0.00 sys=0.00, real=0.00 secs] 
13.196: [GC (Allocation Failure) [PSYoungGen: 20K->32K(1536K)] 8183K->8194K(9728K), 0.0008332 secs] [Times: user=0.00 sys=0.00, real=0.00 secs] 
13.197: [Full GC (Ergonomics) [PSYoungGen: 32K->0K(1536K)] [ParOldGen: 8162K->3440K(8192K)] 8194K->3440K(9728K), [Metaspace: 3328K->3328K(1056768K)], 0.0021468 secs] [Times: user=0.01 sys=0.00, real=0.00 secs] 
13.200: [GC (Allocation Failure) [PSYoungGen: 20K->32K(1536K)] 8184K->8195K(9728K), 0.0008392 secs] [Times: user=0.00 sys=0.00, real=0.00 secs] 
13.201: [Full GC (Ergonomics) [PSYoungGen: 32K->0K(1536K)] [ParOldGen: 8163K->3441K(8192K)] 8195K->3441K(9728K), [Metaspace: 3328K->3328K(1056768K)], 0.0021410 secs] [Times: user=0.01 sys=0.00, real=0.01 secs] 
13.203: [GC (Allocation Failure) [PSYoungGen: 20K->32K(1536K)] 8185K->8196K(9728K), 0.0008297 secs] [Times: user=0.00 sys=0.00, real=0.00 secs] 
13.204: [Full GC (Ergonomics) [PSYoungGen: 32K->0K(1536K)] [ParOldGen: 8164K->3441K(8192K)] 8196K->3441K(9728K), [Metaspace: 3328K->3328K(1056768K)], 0.0020312 secs] [Times: user=0.00 sys=0.00, real=0.00 secs] 
13.207: [GC (Allocation Failure) [PSYoungGen: 20K->32K(1536K)] 8186K->8197K(9728K), 0.0008476 secs] [Times: user=0.01 sys=0.00, real=0.00 secs] 
13.207: [Full GC (Ergonomics) [PSYoungGen: 32K->0K(1536K)] [ParOldGen: 8165K->3441K(8192K)] 8197K->3441K(9728K), [Metaspace: 3328K->3328K(1056768K)], 0.0022120 secs] [Times: user=0.00 sys=0.00, real=0.00 secs] 
13.210: [GC (Allocation Failure) [PSYoungGen: 20K->32K(1536K)] 8187K->8198K(9728K), 0.0004613 secs] [Times: user=0.00 sys=0.00, real=0.00 secs] 
13.211: [Full GC (Ergonomics) [PSYoungGen: 32K->0K(1536K)] [ParOldGen: 8166K->3442K(8192K)] 8198K->3442K(9728K), [Metaspace: 3328K->3328K(1056768K)], 0.0041467 secs] [Times: user=0.01 sys=0.00, real=0.01 secs] 
13.216: [GC (Allocation Failure) [PSYoungGen: 20K->32K(1536K)] 8188K->8199K(9728K), 0.0005516 secs] [Times: user=0.00 sys=0.00, real=0.00 secs] 
13.217: [Full GC (Ergonomics) [PSYoungGen: 32K->0K(1536K)] [ParOldGen: 8167K->3442K(8192K)] 8199K->3442K(9728K), [Metaspace: 3328K->3328K(1056768K)], 0.0033275 secs] [Times: user=0.01 sys=0.00, real=0.00 secs] 
13.221: [GC (Allocation Failure) [PSYoungGen: 20K->32K(1536K)] 8189K->8200K(9728K), 0.0008343 secs] [Times: user=0.00 sys=0.00, real=0.00 secs] 
13.222: [Full GC (Ergonomics) [PSYoungGen: 32K->0K(1536K)] [ParOldGen: 8168K->3442K(8192K)] 8200K->3442K(9728K), [Metaspace: 3328K->3328K(1056768K)], 0.0032502 secs] [Times: user=0.01 sys=0.00, real=0.01 secs] 
13.225: [GC (Allocation Failure) [PSYoungGen: 20K->32K(1536K)] 8190K->8201K(9728K), 0.0008176 secs] [Times: user=0.00 sys=0.00, real=0.00 secs] 
13.226: [Full GC (Ergonomics) [PSYoungGen: 32K->0K(1536K)] [ParOldGen: 8169K->3443K(8192K)] 8201K->3443K(9728K), [Metaspace: 3328K->3328K(1056768K)], 0.0025413 secs] [Times: user=0.01 sys=0.00, real=0.00 secs] 
13.229: [GC (Allocation Failure) [PSYoungGen: 20K->32K(1536K)] 8191K->8202K(9728K), 0.0008477 secs] [Times: user=0.00 sys=0.00, real=0.00 secs] 
13.230: [Full GC (Ergonomics) [PSYoungGen: 32K->0K(1536K)] [ParOldGen: 8170K->3443K(8192K)] 8202K->3443K(9728K), [Metaspace: 3328K->3328K(1056768K)], 0.0025530 secs] [Times: user=0.00 sys=0.00, real=0.01 secs] 
13.233: [Full GC (Ergonomics) [PSYoungGen: 20K->0K(1536K)] [ParOldGen: 8171K->3443K(8192K)] 8192K->3443K(9728K), [Metaspace: 3328K->3328K(1056768K)], 0.0022238 secs] [Times: user=0.01 sys=0.00, real=0.00 secs] 
13.236: [Full GC (Ergonomics) [PSYoungGen: 20K->0K(1536K)] [ParOldGen: 8172K->3443K(8192K)] 8193K->3443K(9728K), [Metaspace: 3328K->3328K(1056768K)], 0.0026554 secs] [Times: user=0.01 sys=0.00, real=0.00 secs] 
13.239: [Full GC (Ergonomics) [PSYoungGen: 20K->0K(1536K)] [ParOldGen: 8173K->3444K(8192K)] 8193K->3444K(9728K), [Metaspace: 3328K->3328K(1056768K)], 0.0022641 secs] [Times: user=0.00 sys=0.01, real=0.00 secs] 
13.242: [Full GC (Ergonomics) [PSYoungGen: 20K->0K(1536K)] [ParOldGen: 8174K->3444K(8192K)] 8194K->3444K(9728K), [Metaspace: 3328K->3328K(1056768K)], 0.0025496 secs] [Times: user=0.01 sys=0.00, real=0.01 secs] 
13.245: [Full GC (Ergonomics) [PSYoungGen: 20K->0K(1536K)] [ParOldGen: 8175K->3444K(8192K)] 8195K->3444K(9728K), [Metaspace: 3328K->3328K(1056768K)], 0.0022247 secs] [Times: user=0.00 sys=0.00, real=0.00 secs] 
13.247: [Full GC (Ergonomics) [PSYoungGen: 20K->0K(1536K)] [ParOldGen: 8176K->3445K(8192K)] 8196K->3445K(9728K), [Metaspace: 3328K->3328K(1056768K)], 0.0025894 secs] [Times: user=0.01 sys=0.00, real=0.00 secs] 
13.250: [Full GC (Ergonomics) [PSYoungGen: 20K->0K(1536K)] [ParOldGen: 8177K->3445K(8192K)] 8197K->3445K(9728K), [Metaspace: 3328K->3328K(1056768K)], 0.0021675 secs] [Times: user=0.00 sys=0.00, real=0.00 secs] 
13.253: [Full GC (Ergonomics) [PSYoungGen: 20K->0K(1536K)] [ParOldGen: 8178K->3445K(8192K)] 8198K->3445K(9728K), [Metaspace: 3328K->3328K(1056768K)], 0.0025987 secs] [Times: user=0.01 sys=0.00, real=0.00 secs] 
13.256: [Full GC (Ergonomics) [PSYoungGen: 20K->0K(1536K)] [ParOldGen: 8179K->3446K(8192K)] 8199K->3446K(9728K), [Metaspace: 3328K->3328K(1056768K)], 0.0022774 secs] [Times: user=0.01 sys=0.00, real=0.00 secs] 
13.259: [Full GC (Ergonomics) [PSYoungGen: 20K->0K(1536K)] [ParOldGen: 8180K->3446K(8192K)] 8200K->3446K(9728K), [Metaspace: 3328K->3328K(1056768K)], 0.0023834 secs] [Times: user=0.00 sys=0.00, real=0.00 secs] 
13.261: [Full GC (Ergonomics) [PSYoungGen: 20K->0K(1536K)] [ParOldGen: 8181K->3446K(8192K)] 8201K->3446K(9728K), [Metaspace: 3328K->3328K(1056768K)], 0.0022059 secs] [Times: user=0.01 sys=0.00, real=0.01 secs] 
13.264: [Full GC (Ergonomics) [PSYoungGen: 20K->0K(1536K)] [ParOldGen: 8182K->3447K(8192K)] 8202K->3447K(9728K), [Metaspace: 3328K->3328K(1056768K)], 0.0025886 secs] [Times: user=0.00 sys=0.00, real=0.00 secs] 
13.267: [Full GC (Ergonomics) [PSYoungGen: 20K->0K(1536K)] [ParOldGen: 8183K->3447K(8192K)] 8203K->3447K(9728K), [Metaspace: 3328K->3328K(1056768K)], 0.0021084 secs] [Times: user=0.01 sys=0.00, real=0.00 secs] 
13.270: [Full GC (Ergonomics) [PSYoungGen: 20K->0K(1536K)] [ParOldGen: 8184K->3447K(8192K)] 8204K->3447K(9728K), [Metaspace: 3328K->3328K(1056768K)], 0.0025506 secs] [Times: user=0.00 sys=0.00, real=0.00 secs] 
13.273: [Full GC (Ergonomics) [PSYoungGen: 20K->0K(1536K)] [ParOldGen: 8185K->3448K(8192K)] 8205K->3448K(9728K), [Metaspace: 3328K->3328K(1056768K)], 0.0021390 secs] [Times: user=0.01 sys=0.00, real=0.00 secs] 
13.275: [Full GC (Ergonomics) [PSYoungGen: 20K->0K(1536K)] [ParOldGen: 8185K->3448K(8192K)] 8206K->3448K(9728K), [Metaspace: 3328K->3328K(1056768K)], 0.0025826 secs] [Times: user=0.01 sys=0.00, real=0.00 secs] 
13.278: [Full GC (Ergonomics) [PSYoungGen: 20K->0K(1536K)] [ParOldGen: 8186K->3448K(8192K)] 8207K->3448K(9728K), [Metaspace: 3328K->3328K(1056768K)], 0.0022324 secs] [Times: user=0.00 sys=0.00, real=0.00 secs] 
13.281: [Full GC (Ergonomics) [PSYoungGen: 20K->0K(1536K)] [ParOldGen: 8187K->3449K(8192K)] 8208K->3449K(9728K), [Metaspace: 3328K->3328K(1056768K)], 0.0026070 secs] [Times: user=0.01 sys=0.00, real=0.01 secs] 
13.284: [Full GC (Ergonomics) [PSYoungGen: 20K->0K(1536K)] [ParOldGen: 8188K->3449K(8192K)] 8209K->3449K(9728K), [Metaspace: 3328K->3328K(1056768K)], 0.0024740 secs] [Times: user=0.00 sys=0.00, real=0.00 secs] 
13.287: [Full GC (Ergonomics) [PSYoungGen: 20K->0K(1536K)] [ParOldGen: 8189K->3449K(8192K)] 8210K->3449K(9728K), [Metaspace: 3328K->3328K(1056768K)], 0.0025743 secs] [Times: user=0.01 sys=0.00, real=0.00 secs] 
13.290: [Full GC (Ergonomics) [PSYoungGen: 20K->0K(1536K)] [ParOldGen: 8190K->3450K(8192K)] 8211K->3450K(9728K), [Metaspace: 3328K->3328K(1056768K)], 0.0020931 secs] [Times: user=0.00 sys=0.00, real=0.00 secs] 
13.293: [Full GC (Ergonomics) [PSYoungGen: 20K->0K(1536K)] [ParOldGen: 8191K->3450K(8192K)] 8212K->3450K(9728K), [Metaspace: 3328K->3328K(1056768K)], 0.0027244 secs] [Times: user=0.01 sys=0.00, real=0.01 secs] 
13.296: [GC (Allocation Failure) [PSYoungGen: 20K->32K(1536K)] 7027K->7039K(9728K), 0.0008228 secs] [Times: user=0.00 sys=0.00, real=0.00 secs] 
13.297: [GC (Allocation Failure) [PSYoungGen: 32K->32K(1536K)] 7039K->7039K(9728K), 0.0002848 secs] [Times: user=0.00 sys=0.00, real=0.00 secs] 
13.297: [Full GC (Allocation Failure) [PSYoungGen: 32K->0K(1536K)] [ParOldGen: 7007K->2265K(8192K)] 7039K->2265K(9728K), [Metaspace: 3328K->3328K(1056768K)], 0.0024922 secs] [Times: user=0.01 sys=0.00, real=0.00 secs] 
13.300: [GC (Allocation Failure) [PSYoungGen: 20K->32K(1536K)] 7028K->7039K(9728K), 0.0008345 secs] [Times: user=0.00 sys=0.00, real=0.00 secs] 
13.301: [GC (Allocation Failure) [PSYoungGen: 32K->32K(1536K)] 7039K->7039K(9728K), 0.0002735 secs] [Times: user=0.00 sys=0.00, real=0.00 secs] 
13.301: [Full GC (Allocation Failure) [PSYoungGen: 32K->0K(1536K)] [ParOldGen: 7007K->2265K(8192K)] 7039K->2265K(9728K), [Metaspace: 3328K->3328K(1056768K)], 0.0024047 secs] [Times: user=0.01 sys=0.00, real=0.01 secs] 
13.304: [GC (Allocation Failure) [PSYoungGen: 20K->32K(1536K)] 7029K->7040K(9728K), 0.0008672 secs] [Times: user=0.00 sys=0.00, real=0.00 secs] 
13.305: [GC (Allocation Failure) [PSYoungGen: 32K->32K(1536K)] 7040K->7040K(9728K), 0.0002719 secs] [Times: user=0.00 sys=0.00, real=0.00 secs] 
13.305: [Full GC (Allocation Failure) [PSYoungGen: 32K->0K(1536K)] [ParOldGen: 7008K->2265K(8192K)] 7040K->2265K(9728K), [Metaspace: 3328K->3328K(1056768K)], 0.0025226 secs] [Times: user=0.01 sys=0.00, real=0.00 secs] 
13.308: [GC (Allocation Failure) [PSYoungGen: 20K->32K(1536K)] 7029K->7041K(9728K), 0.0008371 secs] [Times: user=0.00 sys=0.00, real=0.00 secs] 
13.309: [GC (Allocation Failure) [PSYoungGen: 32K->32K(1536K)] 7041K->7041K(9728K), 0.0002634 secs] [Times: user=0.00 sys=0.00, real=0.00 secs] 
13.309: [Full GC (Allocation Failure) [PSYoungGen: 32K->0K(1536K)] [ParOldGen: 7009K->2265K(8192K)] 7041K->2265K(9728K), [Metaspace: 3328K->3328K(1056768K)], 0.0024773 secs] [Times: user=0.00 sys=0.00, real=0.00 secs] 
13.312: [GC (Allocation Failure) [PSYoungGen: 20K->32K(1536K)] 7030K->7042K(9728K), 0.0008695 secs] [Times: user=0.01 sys=0.00, real=0.01 secs] 
13.313: [GC (Allocation Failure) [PSYoungGen: 32K->32K(1536K)] 7042K->7042K(9728K), 0.0002681 secs] [Times: user=0.00 sys=0.00, real=0.00 secs] 
13.313: [Full GC (Allocation Failure) [PSYoungGen: 32K->0K(1536K)] [ParOldGen: 7010K->2265K(8192K)] 7042K->2265K(9728K), [Metaspace: 3328K->3328K(1056768K)], 0.0023214 secs] [Times: user=0.00 sys=0.00, real=0.00 secs] 
13.316: [GC (Allocation Failure) [PSYoungGen: 20K->32K(1536K)] 7031K->7043K(9728K), 0.0008252 secs] [Times: user=0.00 sys=0.00, real=0.00 secs] 
13.317: [GC (Allocation Failure) [PSYoungGen: 32K->32K(1536K)] 7043K->7043K(9728K), 0.0002693 secs] [Times: user=0.00 sys=0.00, real=0.00 secs] 
13.317: [Full GC (Allocation Failure) [PSYoungGen: 32K->0K(1536K)] [ParOldGen: 7011K->2265K(8192K)] 7043K->2265K(9728K), [Metaspace: 3328K->3328K(1056768K)], 0.0025100 secs] [Times: user=0.01 sys=0.00, real=0.00 secs] 
13.320: [GC (Allocation Failure) [PSYoungGen: 20K->32K(1536K)] 7032K->7043K(9728K), 0.0008411 secs] [Times: user=0.00 sys=0.00, real=0.00 secs] 
13.321: [GC (Allocation Failure) [PSYoungGen: 32K->32K(1536K)] 7043K->7043K(9728K), 0.0002456 secs] [Times: user=0.00 sys=0.00, real=0.00 secs] 
13.321: [Full GC (Allocation Failure) [PSYoungGen: 32K->0K(1536K)] [ParOldGen: 7011K->2266K(8192K)] 7043K->2266K(9728K), [Metaspace: 3328K->3328K(1056768K)], 0.0025060 secs] [Times: user=0.01 sys=0.00, real=0.01 secs] 
13.324: [GC (Allocation Failure) [PSYoungGen: 20K->32K(1536K)] 7033K->7044K(9728K), 0.0008597 secs] [Times: user=0.00 sys=0.00, real=0.00 secs] 
13.325: [GC (Allocation Failure) [PSYoungGen: 32K->32K(1536K)] 7044K->7044K(9728K), 0.0002619 secs] [Times: user=0.00 sys=0.00, real=0.00 secs] 
13.325: [Full GC (Allocation Failure) [PSYoungGen: 32K->0K(1536K)] [ParOldGen: 7012K->2266K(8192K)] 7044K->2266K(9728K), [Metaspace: 3328K->3328K(1056768K)], 0.0024934 secs] [Times: user=0.01 sys=0.00, real=0.00 secs] 
13.328: [GC (Allocation Failure) [PSYoungGen: 20K->32K(1536K)] 7033K->7045K(9728K), 0.0008209 secs] [Times: user=0.00 sys=0.00, real=0.00 secs] 
13.329: [GC (Allocation Failure) [PSYoungGen: 32K->32K(1536K)] 7045K->7045K(9728K), 0.0002713 secs] [Times: user=0.00 sys=0.00, real=0.00 secs] 
13.330: [Full GC (Allocation Failure) [PSYoungGen: 32K->0K(1536K)] [ParOldGen: 7013K->2266K(8192K)] 7045K->2266K(9728K), [Metaspace: 3328K->3328K(1056768K)], 0.0024980 secs] [Times: user=0.01 sys=0.00, real=0.00 secs] 
13.333: [GC (Allocation Failure) [PSYoungGen: 20K->32K(1536K)] 7034K->7046K(9728K), 0.0008204 secs] [Times: user=0.00 sys=0.00, real=0.01 secs] 
13.333: [GC (Allocation Failure) [PSYoungGen: 32K->32K(1536K)] 7046K->7046K(9728K), 0.0002671 secs] [Times: user=0.00 sys=0.00, real=0.00 secs] 
13.334: [Full GC (Allocation Failure) [PSYoungGen: 32K->0K(1536K)] [ParOldGen: 7014K->2266K(8192K)] 7046K->2266K(9728K), [Metaspace: 3328K->3328K(1056768K)], 0.0024775 secs] [Times: user=0.00 sys=0.00, real=0.00 secs] 
13.337: [GC (Allocation Failure) [PSYoungGen: 20K->32K(1536K)] 7035K->7047K(9728K), 0.0008324 secs] [Times: user=0.01 sys=0.00, real=0.00 secs] 
13.337: [GC (Allocation Failure) [PSYoungGen: 32K->32K(1536K)] 7047K->7047K(9728K), 0.0002729 secs] [Times: user=0.00 sys=0.00, real=0.00 secs] 
13.338: [Full GC (Allocation Failure) [PSYoungGen: 32K->0K(1536K)] [ParOldGen: 7015K->2266K(8192K)] 7047K->2266K(9728K), [Metaspace: 3328K->3328K(1056768K)], 0.0020163 secs] [Times: user=0.00 sys=0.00, real=0.00 secs] 
13.340: [GC (Allocation Failure) [PSYoungGen: 20K->32K(1536K)] 7036K->7047K(9728K), 0.0003185 secs] [Times: user=0.00 sys=0.00, real=0.00 secs] 
13.341: [GC (Allocation Failure) [PSYoungGen: 32K->32K(1536K)] 7047K->7047K(9728K), 0.0003079 secs] [Times: user=0.00 sys=0.00, real=0.00 secs] 
13.341: [Full GC (Allocation Failure) [PSYoungGen: 32K->0K(1536K)] [ParOldGen: 7015K->2266K(8192K)] 7047K->2266K(9728K), [Metaspace: 3328K->3328K(1056768K)], 0.0019966 secs] [Times: user=0.01 sys=0.01, real=0.01 secs] 
13.343: [GC (Allocation Failure) [PSYoungGen: 20K->32K(1536K)] 7037K->7048K(9728K), 0.0008404 secs] [Times: user=0.00 sys=0.00, real=0.00 secs] 
13.344: [GC (Allocation Failure) [PSYoungGen: 32K->32K(1536K)] 7048K->7048K(9728K), 0.0003059 secs] [Times: user=0.00 sys=0.00, real=0.00 secs] 
13.345: [Full GC (Allocation Failure) [PSYoungGen: 32K->0K(1536K)] [ParOldGen: 7016K->2266K(8192K)] 7048K->2266K(9728K), [Metaspace: 3328K->3328K(1056768K)], 0.0020043 secs] [Times: user=0.00 sys=0.00, real=0.00 secs] 
13.347: [GC (Allocation Failure) [PSYoungGen: 20K->32K(1536K)] 7037K->7049K(9728K), 0.0008235 secs] [Times: user=0.00 sys=0.00, real=0.00 secs] 
13.348: [GC (Allocation Failure) [PSYoungGen: 32K->32K(1536K)] 7049K->7049K(9728K), 0.0002768 secs] [Times: user=0.00 sys=0.00, real=0.00 secs] 
13.348: [Full GC (Allocation Failure) [PSYoungGen: 32K->0K(1536K)] [ParOldGen: 7017K->2267K(8192K)] 7049K->2267K(9728K), [Metaspace: 3328K->3328K(1056768K)], 0.0023819 secs] [Times: user=0.00 sys=0.00, real=0.00 secs] 
13.351: [GC (Allocation Failure) [PSYoungGen: 20K->32K(1536K)] 7038K->7050K(9728K), 0.0008413 secs] [Times: user=0.01 sys=0.00, real=0.00 secs] 
13.352: [GC (Allocation Failure) [PSYoungGen: 32K->32K(1536K)] 7050K->7050K(9728K), 0.0002691 secs] [Times: user=0.00 sys=0.00, real=0.00 secs] 
13.352: [Full GC (Allocation Failure) [PSYoungGen: 32K->0K(1536K)] [ParOldGen: 7018K->2267K(8192K)] 7050K->2267K(9728K), [Metaspace: 3328K->3328K(1056768K)], 0.0024658 secs] [Times: user=0.00 sys=0.00, real=0.01 secs] 
13.355: [GC (Allocation Failure) [PSYoungGen: 20K->32K(1536K)] 7039K->7051K(9728K), 0.0008203 secs] [Times: user=0.00 sys=0.00, real=0.00 secs] 
13.356: [GC (Allocation Failure) [PSYoungGen: 32K->32K(1536K)] 7051K->7051K(9728K), 0.0002457 secs] [Times: user=0.00 sys=0.00, real=0.00 secs] 
13.356: [Full GC (Allocation Failure) [PSYoungGen: 32K->0K(1536K)] [ParOldGen: 7019K->2267K(8192K)] 7051K->2267K(9728K), [Metaspace: 3328K->3328K(1056768K)], 0.0020595 secs] [Times: user=0.01 sys=0.00, real=0.00 secs] 
13.359: [GC (Allocation Failure) [PSYoungGen: 20K->32K(1536K)] 7040K->7051K(9728K), 0.0008772 secs] [Times: user=0.00 sys=0.00, real=0.00 secs] 
13.360: [GC (Allocation Failure) [PSYoungGen: 32K->32K(1536K)] 7051K->7051K(9728K), 0.0009991 secs] [Times: user=0.00 sys=0.00, real=0.00 secs] 
13.361: [Full GC (Allocation Failure) [PSYoungGen: 32K->0K(1536K)] [ParOldGen: 7019K->2267K(8192K)] 7051K->2267K(9728K), [Metaspace: 3328K->3328K(1056768K)], 0.0025615 secs] [Times: user=0.01 sys=0.00, real=0.01 secs] 
13.364: [GC (Allocation Failure) [PSYoungGen: 20K->32K(1536K)] 7041K->7052K(9728K), 0.0016926 secs] [Times: user=0.00 sys=0.00, real=0.00 secs] 
13.366: [GC (Allocation Failure) [PSYoungGen: 32K->32K(1536K)] 7052K->7052K(9728K), 0.0009716 secs] [Times: user=0.00 sys=0.00, real=0.00 secs] 
13.368: [Full GC (Allocation Failure) [PSYoungGen: 32K->0K(1536K)] [ParOldGen: 7020K->2267K(8192K)] 7052K->2267K(9728K), [Metaspace: 3328K->3328K(1056768K)], 0.0035759 secs] [Times: user=0.01 sys=0.00, real=0.00 secs] 
13.372: [GC (Allocation Failure) [PSYoungGen: 20K->32K(1536K)] 7042K->7053K(9728K), 0.0003153 secs] [Times: user=0.00 sys=0.00, real=0.01 secs] 
13.373: [GC (Allocation Failure) [PSYoungGen: 32K->32K(1536K)] 7053K->7053K(9728K), 0.0002572 secs] [Times: user=0.00 sys=0.00, real=0.00 secs] 
13.373: [Full GC (Allocation Failure) [PSYoungGen: 32K->0K(1536K)] [ParOldGen: 7021K->2267K(8192K)] 7053K->2267K(9728K), [Metaspace: 3328K->3328K(1056768K)], 0.0022053 secs] [Times: user=0.00 sys=0.00, real=0.00 secs] 
13.376: [GC (Allocation Failure) [PSYoungGen: 20K->32K(1536K)] 7042K->7054K(9728K), 0.0003318 secs] [Times: user=0.00 sys=0.00, real=0.00 secs] 
13.376: [GC (Allocation Failure) [PSYoungGen: 32K->32K(1536K)] 7054K->7054K(9728K), 0.0002746 secs] [Times: user=0.01 sys=0.00, real=0.00 secs] 
13.376: [Full GC (Allocation Failure) [PSYoungGen: 32K->0K(1536K)] [ParOldGen: 7022K->2268K(8192K)] 7054K->2268K(9728K), [Metaspace: 3328K->3328K(1056768K)], 0.0022510 secs] [Times: user=0.00 sys=0.00, real=0.00 secs] 
13.379: [GC (Allocation Failure) [PSYoungGen: 20K->32K(1536K)] 7043K->7055K(9728K), 0.0003283 secs] [Times: user=0.00 sys=0.00, real=0.00 secs] 
13.379: [GC (Allocation Failure) [PSYoungGen: 32K->32K(1536K)] 7055K->7055K(9728K), 0.0002679 secs] [Times: user=0.00 sys=0.00, real=0.00 secs] 
13.380: [Full GC (Allocation Failure) [PSYoungGen: 32K->0K(1536K)] [ParOldGen: 7023K->2268K(8192K)] 7055K->2268K(9728K), [Metaspace: 3328K->3328K(1056768K)], 0.0022816 secs] [Times: user=0.01 sys=0.00, real=0.00 secs] 
13.383: [GC (Allocation Failure) [PSYoungGen: 20K->32K(1536K)] 7044K->7055K(9728K), 0.0008265 secs] [Times: user=0.00 sys=0.00, real=0.01 secs] 
13.383: [GC (Allocation Failure) [PSYoungGen: 32K->32K(1536K)] 7055K->7055K(9728K), 0.0003063 secs] [Times: user=0.00 sys=0.00, real=0.00 secs] 
13.384: [Full GC (Allocation Failure) [PSYoungGen: 32K->0K(1536K)] [ParOldGen: 7023K->2268K(8192K)] 7055K->2268K(9728K), [Metaspace: 3328K->3328K(1056768K)], 0.0021447 secs] [Times: user=0.00 sys=0.00, real=0.00 secs] 
13.386: [GC (Allocation Failure) [PSYoungGen: 20K->32K(1536K)] 7045K->7056K(9728K), 0.0008654 secs] [Times: user=0.01 sys=0.00, real=0.00 secs] 
13.387: [GC (Allocation Failure) [PSYoungGen: 32K->32K(1536K)] 7056K->7056K(9728K), 0.0007828 secs] [Times: user=0.00 sys=0.00, real=0.00 secs] 
13.388: [Full GC (Allocation Failure) [PSYoungGen: 32K->0K(1536K)] [ParOldGen: 7024K->2268K(8192K)] 7056K->2268K(9728K), [Metaspace: 3328K->3328K(1056768K)], 0.0024943 secs] [Times: user=0.00 sys=0.00, real=0.00 secs] 
13.391: [GC (Allocation Failure) [PSYoungGen: 20K->32K(1536K)] 7046K->7057K(9728K), 0.0008292 secs] [Times: user=0.01 sys=0.00, real=0.00 secs] 
13.392: [GC (Allocation Failure) [PSYoungGen: 32K->32K(1536K)] 7057K->7057K(9728K), 0.0002533 secs] [Times: user=0.00 sys=0.00, real=0.00 secs] 
13.392: [Full GC (Allocation Failure) [PSYoungGen: 32K->0K(1536K)] [ParOldGen: 7025K->2268K(8192K)] 7057K->2268K(9728K), [Metaspace: 3328K->3328K(1056768K)], 0.0020461 secs] [Times: user=0.00 sys=0.00, real=0.01 secs] 
13.395: [GC (Allocation Failure) [PSYoungGen: 20K->32K(1536K)] 7046K->7058K(9728K), 0.0008273 secs] [Times: user=0.00 sys=0.00, real=0.00 secs] 
13.395: [GC (Allocation Failure) [PSYoungGen: 32K->32K(1536K)] 7058K->7058K(9728K), 0.0002658 secs] [Times: user=0.00 sys=0.00, real=0.00 secs] 
13.396: [Full GC (Allocation Failure) [PSYoungGen: 32K->0K(1536K)] [ParOldGen: 7026K->2268K(8192K)] 7058K->2268K(9728K), [Metaspace: 3328K->3328K(1056768K)], 0.0023268 secs] [Times: user=0.01 sys=0.00, real=0.00 secs] 
13.399: [GC (Allocation Failure) [PSYoungGen: 20K->32K(1536K)] 7047K->7059K(9728K), 0.0008314 secs] [Times: user=0.00 sys=0.00, real=0.00 secs] 
13.399: [GC (Allocation Failure) [PSYoungGen: 32K->32K(1536K)] 7059K->7059K(9728K), 0.0007973 secs] [Times: user=0.00 sys=0.00, real=0.00 secs] 
13.400: [Full GC (Allocation Failure) [PSYoungGen: 32K->0K(1536K)] [ParOldGen: 7027K->2269K(8192K)] 7059K->2269K(9728K), [Metaspace: 3328K->3328K(1056768K)], 0.0026109 secs] [Times: user=0.01 sys=0.00, real=0.01 secs] 
13.403: [GC (Allocation Failure) [PSYoungGen: 20K->32K(1536K)] 7048K->7059K(9728K), 0.0008359 secs] [Times: user=0.00 sys=0.00, real=0.00 secs] 
13.404: [GC (Allocation Failure) [PSYoungGen: 32K->32K(1536K)] 7059K->7059K(9728K), 0.0002897 secs] [Times: user=0.00 sys=0.00, real=0.00 secs] 
13.405: [Full GC (Allocation Failure) [PSYoungGen: 32K->0K(1536K)] [ParOldGen: 7027K->2269K(8192K)] 7059K->2269K(9728K), [Metaspace: 3328K->3328K(1056768K)], 0.0025124 secs] [Times: user=0.01 sys=0.00, real=0.00 secs] 
13.408: [GC (Allocation Failure) [PSYoungGen: 20K->32K(1536K)] 7049K->7060K(9728K), 0.0008203 secs] [Times: user=0.00 sys=0.00, real=0.00 secs] 
13.408: [GC (Allocation Failure) [PSYoungGen: 32K->32K(1536K)] 7060K->7060K(9728K), 0.0002485 secs] [Times: user=0.00 sys=0.00, real=0.00 secs] 
13.409: [Full GC (Allocation Failure) [PSYoungGen: 32K->0K(1536K)] [ParOldGen: 7028K->2269K(8192K)] 7060K->2269K(9728K), [Metaspace: 3328K->3328K(1056768K)], 0.0024868 secs] [Times: user=0.00 sys=0.00, real=0.00 secs] 
13.412: [GC (Allocation Failure) [PSYoungGen: 20K->32K(1536K)] 7050K->7061K(9728K), 0.0008330 secs] [Times: user=0.00 sys=0.00, real=0.00 secs] 
13.412: [GC (Allocation Failure) [PSYoungGen: 32K->32K(1536K)] 7061K->7061K(9728K), 0.0002535 secs] [Times: user=0.00 sys=0.00, real=0.01 secs] 
13.413: [Full GC (Allocation Failure) [PSYoungGen: 32K->0K(1536K)] [ParOldGen: 7029K->2269K(8192K)] 7061K->2269K(9728K), [Metaspace: 3328K->3328K(1056768K)], 0.0022109 secs] [Times: user=0.00 sys=0.00, real=0.00 secs] 
13.415: [GC (Allocation Failure) [PSYoungGen: 20K->32K(1536K)] 7050K->7062K(9728K), 0.0008328 secs] [Times: user=0.00 sys=0.00, real=0.00 secs] 
13.416: [GC (Allocation Failure) [PSYoungGen: 32K->32K(1536K)] 7062K->7062K(9728K), 0.0002815 secs] [Times: user=0.01 sys=0.00, real=0.00 secs] 
13.417: [Full GC (Allocation Failure) [PSYoungGen: 32K->0K(1536K)] [ParOldGen: 7030K->2269K(8192K)] 7062K->2269K(9728K), [Metaspace: 3328K->3328K(1056768K)], 0.0020533 secs] [Times: user=0.00 sys=0.00, real=0.00 secs] 
13.419: [GC (Allocation Failure) [PSYoungGen: 20K->32K(1536K)] 7051K->7063K(9728K), 0.0008362 secs] [Times: user=0.00 sys=0.00, real=0.00 secs] 
13.420: [GC (Allocation Failure) [PSYoungGen: 32K->32K(1536K)] 7063K->7063K(9728K), 0.0002527 secs] [Times: user=0.00 sys=0.00, real=0.00 secs] 
13.420: [Full GC (Allocation Failure) [PSYoungGen: 32K->0K(1536K)] [ParOldGen: 7031K->2269K(8192K)] 7063K->2269K(9728K), [Metaspace: 3328K->3328K(1056768K)], 0.0024807 secs] [Times: user=0.01 sys=0.00, real=0.01 secs] 
13.423: [GC (Allocation Failure) [PSYoungGen: 20K->32K(1536K)] 7052K->7063K(9728K), 0.0008349 secs] [Times: user=0.00 sys=0.00, real=0.00 secs] 
13.424: [GC (Allocation Failure) [PSYoungGen: 32K->32K(1536K)] 7063K->7063K(9728K), 0.0002375 secs] [Times: user=0.00 sys=0.00, real=0.00 secs] 
13.424: [Full GC (Allocation Failure) [PSYoungGen: 32K->0K(1536K)] [ParOldGen: 7031K->2270K(8192K)] 7063K->2270K(9728K), [Metaspace: 3328K->3328K(1056768K)], 0.0021425 secs] [Times: user=0.01 sys=0.00, real=0.00 secs] 
13.427: [GC (Allocation Failure) [PSYoungGen: 20K->32K(1536K)] 7053K->7064K(9728K), 0.0008434 secs] [Times: user=0.00 sys=0.00, real=0.00 secs] 
13.428: [GC (Allocation Failure) [PSYoungGen: 32K->32K(1536K)] 7064K->7064K(9728K), 0.0002730 secs] [Times: user=0.00 sys=0.01, real=0.00 secs] 
13.428: [Full GC (Allocation Failure) [PSYoungGen: 32K->0K(1536K)] [ParOldGen: 7032K->2270K(8192K)] 7064K->2270K(9728K), [Metaspace: 3328K->3328K(1056768K)], 0.0021232 secs] [Times: user=0.00 sys=0.00, real=0.00 secs] 
13.431: [GC (Allocation Failure) [PSYoungGen: 20K->32K(1536K)] 7054K->7065K(9728K), 0.0008315 secs] [Times: user=0.01 sys=0.00, real=0.00 secs] 
13.432: [GC (Allocation Failure) [PSYoungGen: 32K->32K(1536K)] 7065K->7065K(9728K), 0.0002634 secs] [Times: user=0.00 sys=0.00, real=0.00 secs] 
13.432: [Full GC (Allocation Failure) [PSYoungGen: 32K->0K(1536K)] [ParOldGen: 7033K->2270K(8192K)] 7065K->2270K(9728K), [Metaspace: 3328K->3328K(1056768K)], 0.0024949 secs] [Times: user=0.00 sys=0.00, real=0.01 secs] 
13.435: [GC (Allocation Failure) [PSYoungGen: 20K->32K(1536K)] 7054K->7066K(9728K), 0.0008243 secs] [Times: user=0.00 sys=0.00, real=0.00 secs] 
13.436: [GC (Allocation Failure) [PSYoungGen: 32K->32K(1536K)] 7066K->7066K(9728K), 0.0002755 secs] [Times: user=0.00 sys=0.00, real=0.00 secs] 
13.436: [Full GC (Allocation Failure) [PSYoungGen: 32K->0K(1536K)] [ParOldGen: 7034K->2270K(8192K)] 7066K->2270K(9728K), [Metaspace: 3328K->3328K(1056768K)], 0.0024249 secs] [Times: user=0.01 sys=0.00, real=0.00 secs] 
13.439: [GC (Allocation Failure) [PSYoungGen: 20K->32K(1536K)] 7055K->7067K(9728K), 0.0008348 secs] [Times: user=0.00 sys=0.00, real=0.00 secs] 
13.440: [GC (Allocation Failure) [PSYoungGen: 32K->32K(1536K)] 7067K->7067K(9728K), 0.0002664 secs] [Times: user=0.00 sys=0.00, real=0.00 secs] 
13.440: [Full GC (Allocation Failure) [PSYoungGen: 32K->0K(1536K)] [ParOldGen: 7035K->2270K(8192K)] 7067K->2270K(9728K), [Metaspace: 3328K->3328K(1056768K)], 0.0020928 secs] [Times: user=0.01 sys=0.00, real=0.00 secs] 
13.443: [GC (Allocation Failure) [PSYoungGen: 20K->32K(1536K)] 7056K->7067K(9728K), 0.0008215 secs] [Times: user=0.00 sys=0.00, real=0.01 secs] 
13.443: [GC (Allocation Failure) [PSYoungGen: 32K->32K(1536K)] 7067K->7067K(9728K), 0.0003354 secs] [Times: user=0.00 sys=0.00, real=0.00 secs] 
13.444: [Full GC (Allocation Failure) [PSYoungGen: 32K->0K(1536K)] [ParOldGen: 7035K->2270K(8192K)] 7067K->2270K(9728K), [Metaspace: 3328K->3328K(1056768K)], 0.0023569 secs] [Times: user=0.01 sys=0.00, real=0.00 secs] 
13.447: [GC (Allocation Failure) [PSYoungGen: 20K->32K(1536K)] 7057K->7068K(9728K), 0.0008330 secs] [Times: user=0.00 sys=0.00, real=0.00 secs] 
13.447: [GC (Allocation Failure) [PSYoungGen: 32K->32K(1536K)] 7068K->7068K(9728K), 0.0002372 secs] [Times: user=0.00 sys=0.00, real=0.00 secs] 
13.448: [Full GC (Allocation Failure) [PSYoungGen: 32K->0K(1536K)] [ParOldGen: 7036K->2271K(8192K)] 7068K->2271K(9728K), [Metaspace: 3328K->3328K(1056768K)], 0.0024746 secs] [Times: user=0.00 sys=0.00, real=0.00 secs] 
13.451: [GC (Allocation Failure) [PSYoungGen: 20K->32K(1536K)] 7058K->7069K(9728K), 0.0008175 secs] [Times: user=0.01 sys=0.00, real=0.00 secs] 
13.451: [GC (Allocation Failure) [PSYoungGen: 32K->32K(1536K)] 7069K->7069K(9728K), 0.0002605 secs] [Times: user=0.00 sys=0.00, real=0.00 secs] 
13.452: [Full GC (Allocation Failure) [PSYoungGen: 32K->0K(1536K)] [ParOldGen: 7037K->2271K(8192K)] 7069K->2271K(9728K), [Metaspace: 3328K->3328K(1056768K)], 0.0023527 secs] [Times: user=0.00 sys=0.00, real=0.01 secs] 
13.455: [GC (Allocation Failure) [PSYoungGen: 20K->32K(1536K)] 7058K->7070K(9728K), 0.0003234 secs] [Times: user=0.00 sys=0.00, real=0.00 secs] 
13.455: [GC (Allocation Failure) [PSYoungGen: 32K->32K(1536K)] 7070K->7070K(9728K), 0.0002754 secs] [Times: user=0.00 sys=0.00, real=0.00 secs] 
13.455: [Full GC (Allocation Failure) [PSYoungGen: 32K->0K(1536K)] [ParOldGen: 7038K->2271K(8192K)] 7070K->2271K(9728K), [Metaspace: 3328K->3328K(1056768K)], 0.0023325 secs] [Times: user=0.01 sys=0.00, real=0.00 secs] 
13.458: [GC (Allocation Failure) [PSYoungGen: 20K->32K(1536K)] 7059K->7071K(9728K), 0.0008156 secs] [Times: user=0.00 sys=0.00, real=0.00 secs] 
13.459: [GC (Allocation Failure) [PSYoungGen: 32K->32K(1536K)] 7071K->7071K(9728K), 0.0002714 secs] [Times: user=0.00 sys=0.00, real=0.00 secs] 
13.459: [Full GC (Allocation Failure) [PSYoungGen: 32K->0K(1536K)] [ParOldGen: 7039K->2271K(8192K)] 7071K->2271K(9728K), [Metaspace: 3328K->3328K(1056768K)], 0.0023468 secs] [Times: user=0.01 sys=0.00, real=0.00 secs] 
13.462: [GC (Allocation Failure) [PSYoungGen: 20K->32K(1536K)] 7060K->7071K(9728K), 0.0008488 secs] [Times: user=0.00 sys=0.00, real=0.01 secs] 
13.463: [GC (Allocation Failure) [PSYoungGen: 32K->32K(1536K)] 7071K->7071K(9728K), 0.0007999 secs] [Times: user=0.00 sys=0.00, real=0.00 secs] 
13.464: [Full GC (Allocation Failure) [PSYoungGen: 32K->0K(1536K)] [ParOldGen: 7039K->2271K(8192K)] 7071K->2271K(9728K), [Metaspace: 3328K->3328K(1056768K)], 0.0023675 secs] [Times: user=0.01 sys=0.00, real=0.00 secs] 
13.466: [GC (Allocation Failure) [PSYoungGen: 20K->32K(1536K)] 7061K->7072K(9728K), 0.0008209 secs] [Times: user=0.00 sys=0.00, real=0.00 secs] 
13.467: [GC (Allocation Failure) [PSYoungGen: 32K->32K(1536K)] 7072K->7072K(9728K), 0.0002681 secs] [Times: user=0.00 sys=0.00, real=0.00 secs] 
13.468: [Full GC (Allocation Failure) [PSYoungGen: 32K->0K(1536K)] [ParOldGen: 7040K->2271K(8192K)] 7072K->2271K(9728K), [Metaspace: 3328K->3328K(1056768K)], 0.0023859 secs] [Times: user=0.00 sys=0.00, real=0.00 secs] 
13.470: [GC (Allocation Failure) [PSYoungGen: 20K->32K(1536K)] 7062K->7073K(9728K), 0.0008329 secs] [Times: user=0.01 sys=0.00, real=0.00 secs] 
13.471: [GC (Allocation Failure) [PSYoungGen: 32K->32K(1536K)] 7073K->7073K(9728K), 0.0002637 secs] [Times: user=0.00 sys=0.00, real=0.00 secs] 
13.472: [Full GC (Allocation Failure) [PSYoungGen: 32K->0K(1536K)] [ParOldGen: 7041K->2271K(8192K)] 7073K->2271K(9728K), [Metaspace: 3328K->3328K(1056768K)], 0.0024948 secs] [Times: user=0.00 sys=0.00, real=0.01 secs] 
13.474: [GC (Allocation Failure) [PSYoungGen: 20K->32K(1536K)] 7062K->7074K(9728K), 0.0008367 secs] [Times: user=0.00 sys=0.00, real=0.00 secs] 
13.475: [GC (Allocation Failure) [PSYoungGen: 32K->32K(1536K)] 7074K->7074K(9728K), 0.0002760 secs] [Times: user=0.01 sys=0.00, real=0.00 secs] 
13.476: [Full GC (Allocation Failure) [PSYoungGen: 32K->0K(1536K)] [ParOldGen: 7042K->2272K(8192K)] 7074K->2272K(9728K), [Metaspace: 3328K->3328K(1056768K)], 0.0022287 secs] [Times: user=0.00 sys=0.00, real=0.00 secs] 
13.478: [GC (Allocation Failure) [PSYoungGen: 20K->32K(1536K)] 7063K->7075K(9728K), 0.0008265 secs] [Times: user=0.00 sys=0.00, real=0.00 secs] 
13.479: [GC (Allocation Failure) [PSYoungGen: 32K->32K(1536K)] 7075K->7075K(9728K), 0.0003025 secs] [Times: user=0.00 sys=0.00, real=0.00 secs] 
13.480: [Full GC (Allocation Failure) [PSYoungGen: 32K->0K(1536K)] [ParOldGen: 7043K->2272K(8192K)] 7075K->2272K(9728K), [Metaspace: 3328K->3328K(1056768K)], 0.0024894 secs] [Times: user=0.01 sys=0.00, real=0.00 secs] 
13.482: [GC (Allocation Failure) [PSYoungGen: 20K->32K(1536K)] 7064K->7075K(9728K), 0.0008246 secs] [Times: user=0.00 sys=0.00, real=0.01 secs] 
13.483: [GC (Allocation Failure) [PSYoungGen: 32K->32K(1536K)] 7075K->7075K(9728K), 0.0002651 secs] [Times: user=0.00 sys=0.00, real=0.00 secs] 
13.484: [Full GC (Allocation Failure) [PSYoungGen: 32K->0K(1536K)] [ParOldGen: 7043K->2272K(8192K)] 7075K->2272K(9728K), [Metaspace: 3328K->3328K(1056768K)], 0.0021473 secs] [Times: user=0.01 sys=0.00, real=0.00 secs] 
13.486: [GC (Allocation Failure) [PSYoungGen: 20K->32K(1536K)] 7065K->7076K(9728K), 0.0008168 secs] [Times: user=0.00 sys=0.00, real=0.00 secs] 
13.487: [GC (Allocation Failure) [PSYoungGen: 32K->32K(1536K)] 7076K->7076K(9728K), 0.0007863 secs] [Times: user=0.00 sys=0.00, real=0.00 secs] 
13.488: [Full GC (Allocation Failure) [PSYoungGen: 32K->0K(1536K)] [ParOldGen: 7044K->2272K(8192K)] 7076K->2272K(9728K), [Metaspace: 3328K->3328K(1056768K)], 0.0019764 secs] [Times: user=0.01 sys=0.00, real=0.00 secs] 
13.490: [GC (Allocation Failure) [PSYoungGen: 20K->32K(1536K)] 7066K->7077K(9728K), 0.0008177 secs] [Times: user=0.00 sys=0.00, real=0.00 secs] 
13.491: [GC (Allocation Failure) [PSYoungGen: 32K->32K(1536K)] 7077K->7077K(9728K), 0.0002939 secs] [Times: user=0.00 sys=0.00, real=0.00 secs] 
13.492: [Full GC (Allocation Failure) [PSYoungGen: 32K->0K(1536K)] [ParOldGen: 7045K->2272K(8192K)] 7077K->2272K(9728K), [Metaspace: 3328K->3328K(1056768K)], 0.0020350 secs] [Times: user=0.00 sys=0.00, real=0.01 secs] 
13.494: [GC (Allocation Failure) [PSYoungGen: 20K->32K(1536K)] 7066K->7078K(9728K), 0.0008337 secs] [Times: user=0.00 sys=0.00, real=0.00 secs] 
13.495: [GC (Allocation Failure) [PSYoungGen: 32K->32K(1536K)] 7078K->7078K(9728K), 0.0002567 secs] [Times: user=0.01 sys=0.00, real=0.00 secs] 
13.495: [Full GC (Allocation Failure) [PSYoungGen: 32K->0K(1536K)] [ParOldGen: 7046K->2272K(8192K)] 7078K->2272K(9728K), [Metaspace: 3328K->3328K(1056768K)], 0.0024965 secs] [Times: user=0.00 sys=0.00, real=0.00 secs] 
13.498: [GC (Allocation Failure) [PSYoungGen: 20K->32K(1536K)] 7067K->7079K(9728K), 0.0008319 secs] [Times: user=0.00 sys=0.00, real=0.00 secs] 
13.499: [GC (Allocation Failure) [PSYoungGen: 32K->32K(1536K)] 7079K->7079K(9728K), 0.0003002 secs] [Times: user=0.00 sys=0.00, real=0.00 secs] 
13.499: [Full GC (Allocation Failure) [PSYoungGen: 32K->0K(1536K)] [ParOldGen: 7047K->2273K(8192K)] 7079K->2273K(9728K), [Metaspace: 3328K->3328K(1056768K)], 0.0021882 secs] [Times: user=0.01 sys=0.00, real=0.00 secs] 
13.502: [GC (Allocation Failure) [PSYoungGen: 20K->32K(1536K)] 7068K->7079K(9728K), 0.0003368 secs] [Times: user=0.00 sys=0.00, real=0.00 secs] 
13.502: [GC (Allocation Failure) [PSYoungGen: 32K->32K(1536K)] 7079K->7079K(9728K), 0.0007823 secs] [Times: user=0.00 sys=0.00, real=0.01 secs] 
13.503: [Full GC (Allocation Failure) [PSYoungGen: 32K->0K(1536K)] [ParOldGen: 7047K->2273K(8192K)] 7079K->2273K(9728K), [Metaspace: 3328K->3328K(1056768K)], 0.0022138 secs] [Times: user=0.01 sys=0.00, real=0.00 secs] 
13.506: [GC (Allocation Failure) [PSYoungGen: 20K->32K(1536K)] 7069K->7080K(9728K), 0.0006897 secs] [Times: user=0.00 sys=0.00, real=0.00 secs] 
13.507: [GC (Allocation Failure) [PSYoungGen: 32K->32K(1536K)] 7080K->7080K(9728K), 0.0004837 secs] [Times: user=0.00 sys=0.00, real=0.00 secs] 
13.507: [Full GC (Allocation Failure) [PSYoungGen: 32K->0K(1536K)] [ParOldGen: 7048K->2273K(8192K)] 7080K->2273K(9728K), [Metaspace: 3328K->3328K(1056768K)], 0.0030238 secs] [Times: user=0.01 sys=0.00, real=0.00 secs] 
13.511: [GC (Allocation Failure) [PSYoungGen: 20K->32K(1536K)] 7070K->7081K(9728K), 0.0008409 secs] [Times: user=0.00 sys=0.00, real=0.00 secs] 
13.512: [GC (Allocation Failure) [PSYoungGen: 32K->32K(1536K)] 7081K->7081K(9728K), 0.0002485 secs] [Times: user=0.00 sys=0.00, real=0.00 secs] 
13.512: [Full GC (Allocation Failure) [PSYoungGen: 32K->0K(1536K)] [ParOldGen: 7049K->2273K(8192K)] 7081K->2273K(9728K), [Metaspace: 3328K->3328K(1056768K)], 0.0023625 secs] [Times: user=0.00 sys=0.00, real=0.01 secs] 
13.515: [GC (Allocation Failure) [PSYoungGen: 20K->32K(1536K)] 7070K->7082K(9728K), 0.0008499 secs] [Times: user=0.01 sys=0.00, real=0.00 secs] 
13.516: [GC (Allocation Failure) [PSYoungGen: 32K->32K(1536K)] 7082K->7082K(9728K), 0.0002755 secs] [Times: user=0.00 sys=0.00, real=0.00 secs] 
13.516: [Full GC (Allocation Failure) [PSYoungGen: 32K->0K(1536K)] [ParOldGen: 7050K->2273K(8192K)] 7082K->2273K(9728K), [Metaspace: 3328K->3328K(1056768K)], 0.0021662 secs] [Times: user=0.00 sys=0.00, real=0.00 secs] 
13.519: [GC (Allocation Failure) [PSYoungGen: 20K->32K(1536K)] 7071K->7083K(9728K), 0.0008347 secs] [Times: user=0.00 sys=0.00, real=0.00 secs] 
13.520: [GC (Allocation Failure) [PSYoungGen: 32K->32K(1536K)] 7083K->7083K(9728K), 0.0002338 secs] [Times: user=0.00 sys=0.00, real=0.00 secs] 
13.520: [Full GC (Allocation Failure) [PSYoungGen: 32K->0K(1536K)] [ParOldGen: 7051K->2273K(8192K)] 7083K->2273K(9728K), [Metaspace: 3328K->3328K(1056768K)], 0.0023620 secs] [Times: user=0.01 sys=0.00, real=0.00 secs] 
13.524: [GC (Allocation Failure) [PSYoungGen: 20K->32K(1536K)] 7072K->7083K(9728K), 0.0003612 secs] [Times: user=0.00 sys=0.00, real=0.00 secs] 
13.524: [GC (Allocation Failure) [PSYoungGen: 32K->32K(1536K)] 7083K->7083K(9728K), 0.0003380 secs] [Times: user=0.00 sys=0.00, real=0.00 secs] 
13.525: [Full GC (Allocation Failure) [PSYoungGen: 32K->0K(1536K)] [ParOldGen: 7051K->2274K(8192K)] 7083K->2274K(9728K), [Metaspace: 3328K->3328K(1056768K)], 0.0022297 secs] [Times: user=0.01 sys=0.00, real=0.00 secs] 
13.527: [GC (Allocation Failure) [PSYoungGen: 20K->32K(1536K)] 7073K->7084K(9728K), 0.0008729 secs] [Times: user=0.00 sys=0.00, real=0.00 secs] 
13.528: [GC (Allocation Failure) [PSYoungGen: 32K->32K(1536K)] 7084K->7084K(9728K), 0.0004407 secs] [Times: user=0.00 sys=0.00, real=0.00 secs] 
13.529: [Full GC (Allocation Failure) [PSYoungGen: 32K->0K(1536K)] [ParOldGen: 7052K->2274K(8192K)] 7084K->2274K(9728K), [Metaspace: 3328K->3328K(1056768K)], 0.0025082 secs] [Times: user=0.01 sys=0.00, real=0.00 secs] 
13.532: [GC (Allocation Failure) [PSYoungGen: 20K->32K(1536K)] 7074K->7085K(9728K), 0.0008291 secs] [Times: user=0.00 sys=0.00, real=0.00 secs] 
13.533: [GC (Allocation Failure) [PSYoungGen: 32K->32K(1536K)] 7085K->7085K(9728K), 0.0002778 secs] [Times: user=0.00 sys=0.00, real=0.01 secs] 
13.533: [Full GC (Allocation Failure) [PSYoungGen: 32K->0K(1536K)] [ParOldGen: 7053K->2274K(8192K)] 7085K->2274K(9728K), [Metaspace: 3328K->3328K(1056768K)], 0.0023428 secs] [Times: user=0.00 sys=0.00, real=0.00 secs] 
13.536: [GC (Allocation Failure) [PSYoungGen: 20K->32K(1536K)] 7074K->7086K(9728K), 0.0008231 secs] [Times: user=0.01 sys=0.00, real=0.00 secs] 
13.537: [GC (Allocation Failure) [PSYoungGen: 32K->32K(1536K)] 7086K->7086K(9728K), 0.0002711 secs] [Times: user=0.00 sys=0.00, real=0.00 secs] 
13.537: [Full GC (Allocation Failure) [PSYoungGen: 32K->0K(1536K)] [ParOldGen: 7054K->2274K(8192K)] 7086K->2274K(9728K), [Metaspace: 3328K->3328K(1056768K)], 0.0020566 secs] [Times: user=0.00 sys=0.00, real=0.00 secs] 
13.539: [GC (Allocation Failure) [PSYoungGen: 20K->32K(1536K)] 7075K->7087K(9728K), 0.0008351 secs] [Times: user=0.00 sys=0.00, real=0.00 secs] 
13.540: [GC (Allocation Failure) [PSYoungGen: 32K->32K(1536K)] 7087K->7087K(9728K), 0.0005125 secs] [Times: user=0.00 sys=0.00, real=0.00 secs] 
13.541: [Full GC (Allocation Failure) [PSYoungGen: 32K->0K(1536K)] [ParOldGen: 7055K->2274K(8192K)] 7087K->2274K(9728K), [Metaspace: 3328K->3328K(1056768K)], 0.0025595 secs] [Times: user=0.01 sys=0.00, real=0.01 secs] 
13.544: [GC (Allocation Failure) [PSYoungGen: 20K->32K(1536K)] 7076K->7087K(9728K), 0.0008765 secs] [Times: user=0.00 sys=0.00, real=0.00 secs] 
13.545: [GC (Allocation Failure) [PSYoungGen: 32K->32K(1536K)] 7087K->7087K(9728K), 0.0002478 secs] [Times: user=0.00 sys=0.00, real=0.00 secs] 
13.545: [Full GC (Allocation Failure) [PSYoungGen: 32K->0K(1536K)] [ParOldGen: 7055K->2274K(8192K)] 7087K->2274K(9728K), [Metaspace: 3328K->3328K(1056768K)], 0.0025450 secs] [Times: user=0.01 sys=0.00, real=0.00 secs] 
13.548: [GC (Allocation Failure) [PSYoungGen: 20K->32K(1536K)] 7077K->7088K(9728K), 0.0008230 secs] [Times: user=0.00 sys=0.00, real=0.00 secs] 
13.549: [GC (Allocation Failure) [PSYoungGen: 32K->32K(1536K)] 7088K->7088K(9728K), 0.0002748 secs] [Times: user=0.00 sys=0.00, real=0.00 secs] 
13.549: [Full GC (Allocation Failure) [PSYoungGen: 32K->0K(1536K)] [ParOldGen: 7056K->2275K(8192K)] 7088K->2275K(9728K), [Metaspace: 3328K->3328K(1056768K)], 0.0024740 secs] [Times: user=0.01 sys=0.00, real=0.00 secs] 
13.552: [GC (Allocation Failure) [PSYoungGen: 20K->32K(1536K)] 7078K->7089K(9728K), 0.0008213 secs] [Times: user=0.00 sys=0.00, real=0.01 secs] 
13.553: [GC (Allocation Failure) [PSYoungGen: 32K->32K(1536K)] 7089K->7089K(9728K), 0.0002778 secs] [Times: user=0.00 sys=0.00, real=0.00 secs] 
13.553: [Full GC (Allocation Failure) [PSYoungGen: 32K->0K(1536K)] [ParOldGen: 7057K->2275K(8192K)] 7089K->2275K(9728K), [Metaspace: 3328K->3328K(1056768K)], 0.0024957 secs] [Times: user=0.01 sys=0.00, real=0.00 secs] 
13.556: [GC (Allocation Failure) [PSYoungGen: 20K->32K(1536K)] 7078K->7090K(9728K), 0.0008300 secs] [Times: user=0.00 sys=0.00, real=0.00 secs] 
13.557: [GC (Allocation Failure) [PSYoungGen: 32K->32K(1536K)] 7090K->7090K(9728K), 0.0002628 secs] [Times: user=0.00 sys=0.00, real=0.00 secs] 
13.557: [Full GC (Allocation Failure) [PSYoungGen: 32K->0K(1536K)] [ParOldGen: 7058K->2275K(8192K)] 7090K->2275K(9728K), [Metaspace: 3328K->3328K(1056768K)], 0.0022646 secs] [Times: user=0.00 sys=0.00, real=0.00 secs] 
13.560: [GC (Allocation Failure) [PSYoungGen: 20K->32K(1536K)] 7079K->7091K(9728K), 0.0008439 secs] [Times: user=0.01 sys=0.00, real=0.00 secs] 
13.561: [GC (Allocation Failure) [PSYoungGen: 32K->32K(1536K)] 7091K->7091K(9728K), 0.0007953 secs] [Times: user=0.00 sys=0.00, real=0.00 secs] 
13.562: [Full GC (Allocation Failure) [PSYoungGen: 32K->0K(1536K)] [ParOldGen: 7059K->2275K(8192K)] 7091K->2275K(9728K), [Metaspace: 3328K->3328K(1056768K)], 0.0024689 secs] [Times: user=0.00 sys=0.00, real=0.01 secs] 
13.565: [GC (Allocation Failure) [PSYoungGen: 20K->32K(1536K)] 7080K->7091K(9728K), 0.0008228 secs] [Times: user=0.00 sys=0.00, real=0.00 secs] 
13.566: [GC (Allocation Failure) [PSYoungGen: 32K->32K(1536K)] 7091K->7091K(9728K), 0.0002933 secs] [Times: user=0.00 sys=0.00, real=0.00 secs] 
13.566: [Full GC (Allocation Failure) [PSYoungGen: 32K->0K(1536K)] [ParOldGen: 7059K->2275K(8192K)] 7091K->2275K(9728K), [Metaspace: 3328K->3328K(1056768K)], 0.0025019 secs] [Times: user=0.00 sys=0.00, real=0.00 secs] 
13.569: [GC (Allocation Failure) [PSYoungGen: 20K->32K(1536K)] 7081K->7092K(9728K), 0.0008262 secs] [Times: user=0.00 sys=0.00, real=0.00 secs] 
13.570: [GC (Allocation Failure) [PSYoungGen: 32K->32K(1536K)] 7092K->7092K(9728K), 0.0002666 secs] [Times: user=0.00 sys=0.00, real=0.00 secs] 
13.570: [Full GC (Allocation Failure) [PSYoungGen: 32K->0K(1536K)] [ParOldGen: 7060K->2275K(8192K)] 7092K->2275K(9728K), [Metaspace: 3328K->3328K(1056768K)], 0.0023379 secs] [Times: user=0.01 sys=0.00, real=0.00 secs] 
13.573: [GC (Allocation Failure) [PSYoungGen: 20K->32K(1536K)] 7082K->7093K(9728K), 0.0008233 secs] [Times: user=0.00 sys=0.00, real=0.00 secs] 
13.574: [GC (Allocation Failure) [PSYoungGen: 32K->32K(1536K)] 7093K->7093K(9728K), 0.0002556 secs] [Times: user=0.00 sys=0.00, real=0.00 secs] 
13.574: [Full GC (Allocation Failure) [PSYoungGen: 32K->0K(1536K)] [ParOldGen: 7061K->2275K(8192K)] 7093K->2275K(9728K), [Metaspace: 3328K->3328K(1056768K)], 0.0024786 secs] [Times: user=0.01 sys=0.00, real=0.00 secs] 
13.577: [GC (Allocation Failure) [PSYoungGen: 20K->32K(1536K)] 7082K->7094K(9728K), 0.0008324 secs] [Times: user=0.00 sys=0.00, real=0.00 secs] 
13.578: [GC (Allocation Failure) [PSYoungGen: 32K->32K(1536K)] 7094K->7094K(9728K), 0.0003049 secs] [Times: user=0.00 sys=0.00, real=0.00 secs] 
13.578: [Full GC (Allocation Failure) [PSYoungGen: 32K->0K(1536K)] [ParOldGen: 7062K->2276K(8192K)] 7094K->2276K(9728K), [Metaspace: 3328K->3328K(1056768K)], 0.0025196 secs] [Times: user=0.01 sys=0.00, real=0.00 secs] 
13.581: [GC (Allocation Failure) [PSYoungGen: 20K->32K(1536K)] 7083K->7095K(9728K), 0.0008702 secs] [Times: user=0.00 sys=0.00, real=0.00 secs] 
13.582: [GC (Allocation Failure) [PSYoungGen: 32K->32K(1536K)] 7095K->7095K(9728K), 0.0002885 secs] [Times: user=0.00 sys=0.00, real=0.00 secs] 
13.582: [Full GC (Allocation Failure) [PSYoungGen: 32K->0K(1536K)] [ParOldGen: 7063K->2276K(8192K)] 7095K->2276K(9728K), [Metaspace: 3328K->3328K(1056768K)], 0.0025191 secs] [Times: user=0.00 sys=0.00, real=0.01 secs] 
13.585: [GC (Allocation Failure) [PSYoungGen: 20K->32K(1536K)] 7084K->7095K(9728K), 0.0008234 secs] [Times: user=0.01 sys=0.00, real=0.00 secs] 
13.586: [GC (Allocation Failure) [PSYoungGen: 32K->32K(1536K)] 7095K->7095K(9728K), 0.0002742 secs] [Times: user=0.00 sys=0.00, real=0.00 secs] 
13.586: [Full GC (Allocation Failure) [PSYoungGen: 32K->0K(1536K)] [ParOldGen: 7063K->2276K(8192K)] 7095K->2276K(9728K), [Metaspace: 3328K->3328K(1056768K)], 0.0026950 secs] [Times: user=0.00 sys=0.00, real=0.00 secs] 
13.590: [GC (Allocation Failure) [PSYoungGen: 20K->32K(1536K)] 7085K->7096K(9728K), 0.0004045 secs] [Times: user=0.00 sys=0.00, real=0.00 secs] 
13.590: [GC (Allocation Failure) [PSYoungGen: 32K->32K(1536K)] 7096K->7096K(9728K), 0.0007864 secs] [Times: user=0.01 sys=0.00, real=0.00 secs] 
13.591: [Full GC (Allocation Failure) [PSYoungGen: 32K->0K(1536K)] [ParOldGen: 7064K->2276K(8192K)] 7096K->2276K(9728K), [Metaspace: 3328K->3328K(1056768K)], 0.0023484 secs] [Times: user=0.00 sys=0.00, real=0.01 secs] 
13.594: [GC (Allocation Failure) [PSYoungGen: 20K->32K(1536K)] 7086K->7097K(9728K), 0.0008354 secs] [Times: user=0.00 sys=0.00, real=0.00 secs] 
13.595: [GC (Allocation Failure) [PSYoungGen: 32K->32K(1536K)] 7097K->7097K(9728K), 0.0002565 secs] [Times: user=0.00 sys=0.00, real=0.00 secs] 
13.595: [Full GC (Allocation Failure) [PSYoungGen: 32K->0K(1536K)] [ParOldGen: 7065K->2276K(8192K)] 7097K->2276K(9728K), [Metaspace: 3328K->3328K(1056768K)], 0.0024716 secs] [Times: user=0.01 sys=0.00, real=0.00 secs] 
13.598: [GC (Allocation Failure) [PSYoungGen: 20K->32K(1536K)] 7086K->7098K(9728K), 0.0008304 secs] [Times: user=0.00 sys=0.00, real=0.00 secs] 
13.599: [GC (Allocation Failure) [PSYoungGen: 32K->32K(1536K)] 7098K->7098K(9728K), 0.0003024 secs] [Times: user=0.00 sys=0.00, real=0.00 secs] 
13.599: [Full GC (Allocation Failure) [PSYoungGen: 32K->0K(1536K)] [ParOldGen: 7066K->2276K(8192K)] 7098K->2276K(9728K), [Metaspace: 3328K->3328K(1056768K)], 0.0024503 secs] [Times: user=0.01 sys=0.00, real=0.00 secs] 
13.602: [GC (Allocation Failure) [PSYoungGen: 20K->32K(1536K)] 7087K->7099K(9728K), 0.0008337 secs] [Times: user=0.00 sys=0.00, real=0.01 secs] 
13.603: [GC (Allocation Failure) [PSYoungGen: 32K->32K(1536K)] 7099K->7099K(9728K), 0.0003161 secs] [Times: user=0.00 sys=0.01, real=0.00 secs] 
13.603: [Full GC (Allocation Failure) [PSYoungGen: 32K->0K(1536K)] [ParOldGen: 7067K->2277K(8192K)] 7099K->2277K(9728K), [Metaspace: 3328K->3328K(1056768K)], 0.0020336 secs] [Times: user=0.01 sys=0.00, real=0.00 secs] 
13.606: [GC (Allocation Failure) [PSYoungGen: 20K->32K(1536K)] 7088K->7099K(9728K), 0.0008323 secs] [Times: user=0.00 sys=0.00, real=0.00 secs] 
13.607: [GC (Allocation Failure) [PSYoungGen: 32K->32K(1536K)] 7099K->7099K(9728K), 0.0003050 secs] [Times: user=0.00 sys=0.00, real=0.00 secs] 
13.607: [Full GC (Allocation Failure) [PSYoungGen: 32K->0K(1536K)] [ParOldGen: 7067K->2277K(8192K)] 7099K->2277K(9728K), [Metaspace: 3328K->3328K(1056768K)], 0.0023732 secs] [Times: user=0.00 sys=0.00, real=0.00 secs] 
13.610: [GC (Allocation Failure) [PSYoungGen: 20K->32K(1536K)] 7089K->7100K(9728K), 0.0003236 secs] [Times: user=0.00 sys=0.00, real=0.00 secs] 
13.610: [GC (Allocation Failure) [PSYoungGen: 32K->32K(1536K)] 7100K->7100K(9728K), 0.0002476 secs] [Times: user=0.00 sys=0.00, real=0.00 secs] 
13.610: [Full GC (Allocation Failure) [PSYoungGen: 32K->0K(1536K)] [ParOldGen: 7068K->2277K(8192K)] 7100K->2277K(9728K), [Metaspace: 3328K->3328K(1056768K)], 0.0019873 secs] [Times: user=0.01 sys=0.00, real=0.00 secs] 
13.613: [GC (Allocation Failure) [PSYoungGen: 20K->32K(1536K)] 7090K->7101K(9728K), 0.0008255 secs] [Times: user=0.00 sys=0.00, real=0.00 secs] 
13.614: [GC (Allocation Failure) [PSYoungGen: 32K->32K(1536K)] 7101K->7101K(9728K), 0.0002395 secs] [Times: user=0.00 sys=0.00, real=0.00 secs] 
13.614: [Full GC (Allocation Failure) [PSYoungGen: 32K->0K(1536K)] [ParOldGen: 7069K->2277K(8192K)] 7101K->2277K(9728K), [Metaspace: 3328K->3328K(1056768K)], 0.0024978 secs] [Times: user=0.01 sys=0.00, real=0.00 secs] 
13.617: [GC (Allocation Failure) [PSYoungGen: 20K->32K(1536K)] 7090K->7102K(9728K), 0.0008225 secs] [Times: user=0.00 sys=0.00, real=0.00 secs] 
13.618: [GC (Allocation Failure) [PSYoungGen: 32K->32K(1536K)] 7102K->7102K(9728K), 0.0002779 secs] [Times: user=0.00 sys=0.00, real=0.00 secs] 
13.618: [Full GC (Allocation Failure) [PSYoungGen: 32K->0K(1536K)] [ParOldGen: 7070K->2277K(8192K)] 7102K->2277K(9728K), [Metaspace: 3328K->3328K(1056768K)], 0.0024800 secs] [Times: user=0.01 sys=0.00, real=0.00 secs] 
13.621: [GC (Allocation Failure) [PSYoungGen: 20K->32K(1536K)] 7091K->7103K(9728K), 0.0008226 secs] [Times: user=0.00 sys=0.00, real=0.00 secs] 
13.622: [GC (Allocation Failure) [PSYoungGen: 32K->32K(1536K)] 7103K->7103K(9728K), 0.0002695 secs] [Times: user=0.00 sys=0.00, real=0.00 secs] 
13.622: [Full GC (Allocation Failure) [PSYoungGen: 32K->0K(1536K)] [ParOldGen: 7071K->2277K(8192K)] 7103K->2277K(9728K), [Metaspace: 3328K->3328K(1056768K)], 0.0025597 secs] [Times: user=0.00 sys=0.00, real=0.01 secs] 
13.625: [GC (Allocation Failure) [PSYoungGen: 20K->32K(1536K)] 7092K->7103K(9728K), 0.0008965 secs] [Times: user=0.00 sys=0.00, real=0.00 secs] 
13.626: [GC (Allocation Failure) [PSYoungGen: 32K->32K(1536K)] 7103K->7103K(9728K), 0.0003523 secs] [Times: user=0.00 sys=0.00, real=0.00 secs] 
13.626: [Full GC (Allocation Failure) [PSYoungGen: 32K->0K(1536K)] [ParOldGen: 7071K->2278K(8192K)] 7103K->2278K(9728K), [Metaspace: 3328K->3328K(1056768K)], 0.0025177 secs] [Times: user=0.00 sys=0.00, real=0.00 secs] 
13.629: [GC (Allocation Failure) [PSYoungGen: 20K->32K(1536K)] 7093K->7104K(9728K), 0.0008248 secs] [Times: user=0.01 sys=0.00, real=0.00 secs] 
13.630: [GC (Allocation Failure) [PSYoungGen: 32K->32K(1536K)] 7104K->7104K(9728K), 0.0002742 secs] [Times: user=0.00 sys=0.00, real=0.00 secs] 
13.631: [Full GC (Allocation Failure) [PSYoungGen: 32K->0K(1536K)] [ParOldGen: 7072K->2278K(8192K)] 7104K->2278K(9728K), [Metaspace: 3328K->3328K(1056768K)], 0.0025160 secs] [Times: user=0.00 sys=0.00, real=0.01 secs] 
13.634: [GC (Allocation Failure) [PSYoungGen: 20K->32K(1536K)] 7094K->7105K(9728K), 0.0008205 secs] [Times: user=0.00 sys=0.00, real=0.00 secs] 
13.634: [GC (Allocation Failure) [PSYoungGen: 32K->32K(1536K)] 7105K->7105K(9728K), 0.0002938 secs] [Times: user=0.00 sys=0.00, real=0.00 secs] 
13.635: [Full GC (Allocation Failure) [PSYoungGen: 32K->0K(1536K)] [ParOldGen: 7073K->2278K(8192K)] 7105K->2278K(9728K), [Metaspace: 3328K->3328K(1056768K)], 0.0025215 secs] [Times: user=0.01 sys=0.00, real=0.00 secs] 
13.638: [GC (Allocation Failure) [PSYoungGen: 20K->32K(1536K)] 7094K->7106K(9728K), 0.0008315 secs] [Times: user=0.00 sys=0.00, real=0.00 secs] 
13.639: [GC (Allocation Failure) [PSYoungGen: 32K->32K(1536K)] 7106K->7106K(9728K), 0.0002768 secs] [Times: user=0.00 sys=0.00, real=0.00 secs] 
13.639: [Full GC (Allocation Failure) [PSYoungGen: 32K->0K(1536K)] [ParOldGen: 7074K->2278K(8192K)] 7106K->2278K(9728K), [Metaspace: 3328K->3328K(1056768K)], 0.0020570 secs] [Times: user=0.01 sys=0.00, real=0.00 secs] 
13.641: [GC (Allocation Failure) [PSYoungGen: 20K->32K(1536K)] 7095K->7107K(9728K), 0.0008610 secs] [Times: user=0.00 sys=0.00, real=0.00 secs] 
13.642: [GC (Allocation Failure) [PSYoungGen: 32K->32K(1536K)] 7107K->7107K(9728K), 0.0003332 secs] [Times: user=0.00 sys=0.00, real=0.01 secs] 
13.643: [Full GC (Allocation Failure) [PSYoungGen: 32K->0K(1536K)] [ParOldGen: 7075K->2278K(8192K)] 7107K->2278K(9728K), [Metaspace: 3328K->3328K(1056768K)], 0.0024686 secs] [Times: user=0.01 sys=0.00, real=0.00 secs] 
13.646: [GC (Allocation Failure) [PSYoungGen: 20K->32K(1536K)] 7096K->7107K(9728K), 0.0008361 secs] [Times: user=0.00 sys=0.00, real=0.00 secs] 
13.646: [GC (Allocation Failure) [PSYoungGen: 32K->32K(1536K)] 7107K->7107K(9728K), 0.0002900 secs] [Times: user=0.00 sys=0.00, real=0.00 secs] 
13.647: [Full GC (Allocation Failure) [PSYoungGen: 32K->0K(1536K)] [ParOldGen: 7075K->2278K(8192K)] 7107K->2278K(9728K), [Metaspace: 3328K->3328K(1056768K)], 0.0021398 secs] [Times: user=0.00 sys=0.00, real=0.00 secs] 
13.649: [GC (Allocation Failure) [PSYoungGen: 20K->32K(1536K)] 7097K->7108K(9728K), 0.0008219 secs] [Times: user=0.01 sys=0.00, real=0.00 secs] 
13.650: [GC (Allocation Failure) [PSYoungGen: 32K->32K(1536K)] 7108K->7108K(9728K), 0.0002429 secs] [Times: user=0.00 sys=0.00, real=0.00 secs] 
13.651: [Full GC (Allocation Failure) [PSYoungGen: 32K->0K(1536K)] [ParOldGen: 7076K->2279K(8192K)] 7108K->2279K(9728K), [Metaspace: 3328K->3328K(1056768K)], 0.0024904 secs] [Times: user=0.00 sys=0.00, real=0.01 secs] 
13.653: [GC (Allocation Failure) [PSYoungGen: 20K->32K(1536K)] 7098K->7109K(9728K), 0.0008409 secs] [Times: user=0.00 sys=0.00, real=0.00 secs] 
13.654: [GC (Allocation Failure) [PSYoungGen: 32K->32K(1536K)] 7109K->7109K(9728K), 0.0002703 secs] [Times: user=0.00 sys=0.00, real=0.00 secs] 
13.655: [Full GC (Allocation Failure) [PSYoungGen: 32K->0K(1536K)] [ParOldGen: 7077K->2279K(8192K)] 7109K->2279K(9728K), [Metaspace: 3328K->3328K(1056768K)], 0.0024888 secs] [Times: user=0.01 sys=0.00, real=0.00 secs] 
13.658: [GC (Allocation Failure) [PSYoungGen: 20K->32K(1536K)] 7098K->7110K(9728K), 0.0008434 secs] [Times: user=0.00 sys=0.00, real=0.00 secs] 
13.659: [GC (Allocation Failure) [PSYoungGen: 32K->32K(1536K)] 7110K->7110K(9728K), 0.0002691 secs] [Times: user=0.00 sys=0.00, real=0.00 secs] 
13.659: [Full GC (Allocation Failure) [PSYoungGen: 32K->0K(1536K)] [ParOldGen: 7078K->2279K(8192K)] 7110K->2279K(9728K), [Metaspace: 3328K->3328K(1056768K)], 0.0024924 secs] [Times: user=0.01 sys=0.00, real=0.00 secs] 
13.662: [GC (Allocation Failure) [PSYoungGen: 20K->32K(1536K)] 7099K->7111K(9728K), 0.0008345 secs] [Times: user=0.00 sys=0.00, real=0.00 secs] 
13.663: [GC (Allocation Failure) [PSYoungGen: 32K->32K(1536K)] 7111K->7111K(9728K), 0.0002736 secs] [Times: user=0.00 sys=0.00, real=0.01 secs] 
13.663: [Full GC (Allocation Failure) [PSYoungGen: 32K->0K(1536K)] [ParOldGen: 7079K->2279K(8192K)] 7111K->2279K(9728K), [Metaspace: 3328K->3328K(1056768K)], 0.0023752 secs] [Times: user=0.01 sys=0.00, real=0.00 secs] 
13.666: [GC (Allocation Failure) [PSYoungGen: 20K->32K(1536K)] 7100K->7111K(9728K), 0.0008376 secs] [Times: user=0.00 sys=0.00, real=0.00 secs] 
13.667: [GC (Allocation Failure) [PSYoungGen: 32K->32K(1536K)] 7111K->7111K(9728K), 0.0002665 secs] [Times: user=0.00 sys=0.00, real=0.00 secs] 
13.667: [Full GC (Allocation Failure) [PSYoungGen: 32K->0K(1536K)] [ParOldGen: 7079K->2279K(8192K)] 7111K->2279K(9728K), [Metaspace: 3328K->3328K(1056768K)], 0.0023349 secs] [Times: user=0.01 sys=0.00, real=0.00 secs] 
13.670: [GC (Allocation Failure) [PSYoungGen: 20K->32K(1536K)] 7101K->7112K(9728K), 0.0003234 secs] [Times: user=0.00 sys=0.00, real=0.00 secs] 
13.670: [GC (Allocation Failure) [PSYoungGen: 32K->32K(1536K)] 7112K->7112K(9728K), 0.0003046 secs] [Times: user=0.00 sys=0.00, real=0.00 secs] 
13.670: [Full GC (Allocation Failure) [PSYoungGen: 32K->0K(1536K)] [ParOldGen: 7080K->2279K(8192K)] 7112K->2279K(9728K), [Metaspace: 3328K->3328K(1056768K)], 0.0023870 secs] [Times: user=0.00 sys=0.00, real=0.01 secs] 
13.673: [GC (Allocation Failure) [PSYoungGen: 20K->32K(1536K)] 7102K->7113K(9728K), 0.0003198 secs] [Times: user=0.00 sys=0.00, real=0.00 secs] 
13.674: [GC (Allocation Failure) [PSYoungGen: 32K->32K(1536K)] 7113K->7113K(9728K), 0.0002352 secs] [Times: user=0.00 sys=0.00, real=0.00 secs] 
13.674: [Full GC (Allocation Failure) [PSYoungGen: 32K->0K(1536K)] [ParOldGen: 7081K->2279K(8192K)] 7113K->2279K(9728K), [Metaspace: 3328K->3328K(1056768K)], 0.0025631 secs] [Times: user=0.01 sys=0.00, real=0.00 secs] 
13.677: [GC (Allocation Failure) [PSYoungGen: 20K->32K(1536K)] 7102K->7114K(9728K), 0.0008236 secs] [Times: user=0.00 sys=0.00, real=0.00 secs] 
13.678: [GC (Allocation Failure) [PSYoungGen: 32K->32K(1536K)] 7114K->7114K(9728K), 0.0002474 secs] [Times: user=0.00 sys=0.00, real=0.00 secs] 
13.678: [Full GC (Allocation Failure) [PSYoungGen: 32K->0K(1536K)] [ParOldGen: 7082K->2280K(8192K)] 7114K->2280K(9728K), [Metaspace: 3328K->3328K(1056768K)], 0.0024953 secs] [Times: user=0.01 sys=0.00, real=0.00 secs] 
13.681: [GC (Allocation Failure) [PSYoungGen: 20K->32K(1536K)] 7103K->7115K(9728K), 0.0008366 secs] [Times: user=0.00 sys=0.00, real=0.00 secs] 
13.682: [GC (Allocation Failure) [PSYoungGen: 32K->32K(1536K)] 7115K->7115K(9728K), 0.0003017 secs] [Times: user=0.00 sys=0.00, real=0.00 secs] 
13.682: [Full GC (Allocation Failure) [PSYoungGen: 32K->0K(1536K)] [ParOldGen: 7083K->2280K(8192K)] 7115K->2280K(9728K), [Metaspace: 3328K->3328K(1056768K)], 0.0024019 secs] [Times: user=0.01 sys=0.00, real=0.01 secs] 
13.685: [GC (Allocation Failure) [PSYoungGen: 20K->32K(1536K)] 7104K->7115K(9728K), 0.0008197 secs] [Times: user=0.00 sys=0.00, real=0.00 secs] 
13.686: [GC (Allocation Failure) [PSYoungGen: 32K->32K(1536K)] 7115K->7115K(9728K), 0.0002565 secs] [Times: user=0.00 sys=0.00, real=0.00 secs] 
13.686: [Full GC (Allocation Failure) [PSYoungGen: 32K->0K(1536K)] [ParOldGen: 7083K->2280K(8192K)] 7115K->2280K(9728K), [Metaspace: 3328K->3328K(1056768K)], 0.0021738 secs] [Times: user=0.00 sys=0.00, real=0.00 secs] 
13.689: [GC (Allocation Failure) [PSYoungGen: 20K->32K(1536K)] 7105K->7116K(9728K), 0.0008233 secs] [Times: user=0.01 sys=0.00, real=0.00 secs] 
13.690: [GC (Allocation Failure) [PSYoungGen: 32K->32K(1536K)] 7116K->7116K(9728K), 0.0003144 secs] [Times: user=0.00 sys=0.00, real=0.00 secs] 
13.690: [Full GC (Allocation Failure) [PSYoungGen: 32K->0K(1536K)] [ParOldGen: 7084K->2280K(8192K)] 7116K->2280K(9728K), [Metaspace: 3328K->3328K(1056768K)], 0.0020096 secs] [Times: user=0.00 sys=0.01, real=0.00 secs] 
13.692: [GC (Allocation Failure) [PSYoungGen: 20K->32K(1536K)] 7106K->7117K(9728K), 0.0008353 secs] [Times: user=0.00 sys=0.00, real=0.01 secs] 
13.693: [GC (Allocation Failure) [PSYoungGen: 32K->32K(1536K)] 7117K->7117K(9728K), 0.0002665 secs] [Times: user=0.00 sys=0.00, real=0.00 secs] 
13.694: [Full GC (Allocation Failure) [PSYoungGen: 32K->0K(1536K)] [ParOldGen: 7085K->2280K(8192K)] 7117K->2280K(9728K), [Metaspace: 3328K->3328K(1056768K)], 0.0023610 secs] [Times: user=0.01 sys=0.00, real=0.00 secs] 
13.696: [GC (Allocation Failure) [PSYoungGen: 20K->32K(1536K)] 7106K->7118K(9728K), 0.0008525 secs] [Times: user=0.00 sys=0.00, real=0.00 secs] 
13.697: [GC (Allocation Failure) [PSYoungGen: 32K->32K(1536K)] 7118K->7118K(9728K), 0.0003317 secs] [Times: user=0.00 sys=0.00, real=0.00 secs] 
13.698: [Full GC (Allocation Failure) [PSYoungGen: 32K->0K(1536K)] [ParOldGen: 7086K->2280K(8192K)] 7118K->2280K(9728K), [Metaspace: 3328K->3328K(1056768K)], 0.0024719 secs] [Times: user=0.01 sys=0.00, real=0.00 secs] 
13.701: [GC (Allocation Failure) [PSYoungGen: 20K->32K(1536K)] 7107K->7119K(9728K), 0.0008250 secs] [Times: user=0.00 sys=0.00, real=0.00 secs] 
13.701: [GC (Allocation Failure) [PSYoungGen: 32K->32K(1536K)] 7119K->7119K(9728K), 0.0002743 secs] [Times: user=0.00 sys=0.00, real=0.00 secs] 
13.702: [Full GC (Allocation Failure) [PSYoungGen: 32K->0K(1536K)] [ParOldGen: 7087K->2281K(8192K)] 7119K->2281K(9728K), [Metaspace: 3328K->3328K(1056768K)], 0.0021488 secs] [Times: user=0.00 sys=0.00, real=0.01 secs] 
13.704: [GC (Allocation Failure) [PSYoungGen: 20K->32K(1536K)] 7108K->7119K(9728K), 0.0003240 secs] [Times: user=0.00 sys=0.00, real=0.00 secs] 
13.705: [GC (Allocation Failure) [PSYoungGen: 32K->32K(1536K)] 7119K->7119K(9728K), 0.0002529 secs] [Times: user=0.00 sys=0.00, real=0.00 secs] 
13.705: [Full GC (Allocation Failure) [PSYoungGen: 32K->0K(1536K)] [ParOldGen: 7087K->2281K(8192K)] 7119K->2281K(9728K), [Metaspace: 3328K->3328K(1056768K)], 0.0023404 secs] [Times: user=0.00 sys=0.00, real=0.00 secs] 
13.708: [GC (Allocation Failure) [PSYoungGen: 20K->32K(1536K)] 7109K->7120K(9728K), 0.0003266 secs] [Times: user=0.00 sys=0.00, real=0.00 secs] 
13.708: [GC (Allocation Failure) [PSYoungGen: 32K->32K(1536K)] 7120K->7120K(9728K), 0.0002999 secs] [Times: user=0.00 sys=0.00, real=0.00 secs] 
13.709: [Full GC (Allocation Failure) [PSYoungGen: 32K->0K(1536K)] [ParOldGen: 7088K->2281K(8192K)] 7120K->2281K(9728K), [Metaspace: 3328K->3328K(1056768K)], 0.0024967 secs] [Times: user=0.01 sys=0.00, real=0.00 secs] 
13.712: [GC (Allocation Failure) [PSYoungGen: 20K->32K(1536K)] 7110K->7121K(9728K), 0.0006870 secs] [Times: user=0.00 sys=0.00, real=0.01 secs] 
13.713: [GC (Allocation Failure) [PSYoungGen: 32K->32K(1536K)] 7121K->7121K(9728K), 0.0005260 secs] [Times: user=0.00 sys=0.00, real=0.00 secs] 
13.713: [Full GC (Allocation Failure) [PSYoungGen: 32K->0K(1536K)] [ParOldGen: 7089K->2281K(8192K)] 7121K->2281K(9728K), [Metaspace: 3328K->3328K(1056768K)], 0.0032687 secs] [Times: user=0.01 sys=0.00, real=0.00 secs] 
13.717: [GC (Allocation Failure) [PSYoungGen: 20K->32K(1536K)] 7110K->7122K(9728K), 0.0008393 secs] [Times: user=0.00 sys=0.00, real=0.00 secs] 
13.718: [GC (Allocation Failure) [PSYoungGen: 32K->32K(1536K)] 7122K->7122K(9728K), 0.0008079 secs] [Times: user=0.00 sys=0.00, real=0.00 secs] 
13.719: [Full GC (Allocation Failure) [PSYoungGen: 32K->0K(1536K)] [ParOldGen: 7090K->2281K(8192K)] 7122K->2281K(9728K), [Metaspace: 3328K->3328K(1056768K)], 0.0025277 secs] [Times: user=0.01 sys=0.00, real=0.00 secs] 
13.723: [GC (Allocation Failure) [PSYoungGen: 20K->32K(1536K)] 7111K->7123K(9728K), 0.0005887 secs] [Times: user=0.00 sys=0.00, real=0.01 secs] 
13.723: [GC (Allocation Failure) [PSYoungGen: 32K->32K(1536K)] 7123K->7123K(9728K), 0.0003114 secs] [Times: user=0.00 sys=0.00, real=0.00 secs] 
13.724: [Full GC (Allocation Failure) [PSYoungGen: 32K->0K(1536K)] [ParOldGen: 7091K->2281K(8192K)] 7123K->2281K(9728K), [Metaspace: 3328K->3328K(1056768K)], 0.0024310 secs] [Times: user=0.01 sys=0.00, real=0.00 secs] 
13.726: [GC (Allocation Failure) [PSYoungGen: 20K->32K(1536K)] 7112K->7123K(9728K), 0.0008330 secs] [Times: user=0.00 sys=0.00, real=0.00 secs] 
13.727: [GC (Allocation Failure) [PSYoungGen: 32K->32K(1536K)] 7123K->7123K(9728K), 0.0002993 secs] [Times: user=0.00 sys=0.00, real=0.00 secs] 
13.728: [Full GC (Allocation Failure) [PSYoungGen: 32K->0K(1536K)] [ParOldGen: 7091K->2282K(8192K)] 7123K->2282K(9728K), [Metaspace: 3328K->3328K(1056768K)], 0.0020512 secs] [Times: user=0.00 sys=0.00, real=0.00 secs] 
13.730: [GC (Allocation Failure) [PSYoungGen: 20K->32K(1536K)] 7113K->7124K(9728K), 0.0008255 secs] [Times: user=0.01 sys=0.00, real=0.00 secs] 
13.731: [GC (Allocation Failure) [PSYoungGen: 32K->32K(1536K)] 7124K->7124K(9728K), 0.0002624 secs] [Times: user=0.00 sys=0.00, real=0.00 secs] 
13.731: [Full GC (Allocation Failure) [PSYoungGen: 32K->0K(1536K)] [ParOldGen: 7092K->2282K(8192K)] 7124K->2282K(9728K), [Metaspace: 3328K->3328K(1056768K)], 0.0023261 secs] [Times: user=0.00 sys=0.00, real=0.01 secs] 
13.734: [GC (Allocation Failure) [PSYoungGen: 20K->32K(1536K)] 7114K->7125K(9728K), 0.0008257 secs] [Times: user=0.00 sys=0.00, real=0.00 secs] 
13.735: [GC (Allocation Failure) [PSYoungGen: 32K->32K(1536K)] 7125K->7125K(9728K), 0.0002533 secs] [Times: user=0.00 sys=0.00, real=0.00 secs] 
13.735: [Full GC (Allocation Failure) [PSYoungGen: 32K->0K(1536K)] [ParOldGen: 7093K->2282K(8192K)] 7125K->2282K(9728K), [Metaspace: 3328K->3328K(1056768K)], 0.0024650 secs] [Times: user=0.01 sys=0.00, real=0.00 secs] 
13.738: [GC (Allocation Failure) [PSYoungGen: 20K->32K(1536K)] 7114K->7126K(9728K), 0.0011432 secs] [Times: user=0.00 sys=0.00, real=0.00 secs] 
13.739: [GC (Allocation Failure) [PSYoungGen: 32K->32K(1536K)] 7126K->7126K(9728K), 0.0012417 secs] [Times: user=0.00 sys=0.00, real=0.00 secs] 
13.741: [Full GC (Allocation Failure) [PSYoungGen: 32K->0K(1536K)] [ParOldGen: 7094K->2282K(8192K)] 7126K->2282K(9728K), [Metaspace: 3328K->3328K(1056768K)], 0.0021051 secs] [Times: user=0.01 sys=0.00, real=0.01 secs] 
13.743: [GC (Allocation Failure) [PSYoungGen: 20K->32K(1536K)] 7115K->7127K(9728K), 0.0008225 secs] [Times: user=0.00 sys=0.00, real=0.00 secs] 
13.744: [GC (Allocation Failure) [PSYoungGen: 32K->32K(1536K)] 7127K->7127K(9728K), 0.0003009 secs] [Times: user=0.00 sys=0.00, real=0.00 secs] 
13.744: [Full GC (Allocation Failure) [PSYoungGen: 32K->0K(1536K)] [ParOldGen: 7095K->2282K(8192K)] 7127K->2282K(9728K), [Metaspace: 3328K->3328K(1056768K)], 0.0024991 secs] [Times: user=0.01 sys=0.00, real=0.00 secs] 
13.747: [GC (Allocation Failure) [PSYoungGen: 20K->32K(1536K)] 7116K->7127K(9728K), 0.0008395 secs] [Times: user=0.00 sys=0.00, real=0.00 secs] 
13.748: [GC (Allocation Failure) [PSYoungGen: 32K->32K(1536K)] 7127K->7127K(9728K), 0.0002936 secs] [Times: user=0.00 sys=0.00, real=0.00 secs] 
13.749: [Full GC (Allocation Failure) [PSYoungGen: 32K->0K(1536K)] [ParOldGen: 7095K->2282K(8192K)] 7127K->2282K(9728K), [Metaspace: 3328K->3328K(1056768K)], 0.0019793 secs] [Times: user=0.01 sys=0.00, real=0.00 secs] 
13.751: [GC (Allocation Failure) [PSYoungGen: 20K->32K(1536K)] 7117K->7128K(9728K), 0.0009291 secs] [Times: user=0.00 sys=0.00, real=0.00 secs] 
13.752: [GC (Allocation Failure) [PSYoungGen: 32K->32K(1536K)] 7128K->7128K(9728K), 0.0003160 secs] [Times: user=0.00 sys=0.00, real=0.00 secs] 
13.752: [Full GC (Allocation Failure) [PSYoungGen: 32K->0K(1536K)] [ParOldGen: 7096K->2283K(8192K)] 7128K->2283K(9728K), [Metaspace: 3328K->3328K(1056768K)], 0.0025466 secs] [Times: user=0.00 sys=0.00, real=0.01 secs] 
13.755: [GC (Allocation Failure) [PSYoungGen: 20K->32K(1536K)] 7118K->7129K(9728K), 0.0008566 secs] [Times: user=0.01 sys=0.00, real=0.00 secs] 
13.756: [GC (Allocation Failure) [PSYoungGen: 32K->32K(1536K)] 7129K->7129K(9728K), 0.0007953 secs] [Times: user=0.00 sys=0.00, real=0.00 secs] 
13.757: [Full GC (Allocation Failure) [PSYoungGen: 32K->0K(1536K)] [ParOldGen: 7097K->2283K(8192K)] 7129K->2283K(9728K), [Metaspace: 3328K->3328K(1056768K)], 0.0021433 secs] [Times: user=0.00 sys=0.00, real=0.00 secs] 
13.760: [GC (Allocation Failure) [PSYoungGen: 20K->32K(1536K)] 7118K->7130K(9728K), 0.0008572 secs] [Times: user=0.01 sys=0.00, real=0.00 secs] 
13.761: [GC (Allocation Failure) [PSYoungGen: 32K->32K(1536K)] 7130K->7130K(9728K), 0.0002727 secs] [Times: user=0.00 sys=0.00, real=0.00 secs] 
13.761: [Full GC (Allocation Failure) [PSYoungGen: 32K->0K(1536K)] [ParOldGen: 7098K->2283K(8192K)] 7130K->2283K(9728K), [Metaspace: 3328K->3328K(1056768K)], 0.0021184 secs] [Times: user=0.00 sys=0.00, real=0.01 secs] 
13.763: [GC (Allocation Failure) [PSYoungGen: 20K->32K(1536K)] 7119K->7131K(9728K), 0.0008251 secs] [Times: user=0.00 sys=0.00, real=0.00 secs] 
13.764: [GC (Allocation Failure) [PSYoungGen: 32K->32K(1536K)] 7131K->7131K(9728K), 0.0002686 secs] [Times: user=0.00 sys=0.00, real=0.00 secs] 
13.765: [Full GC (Allocation Failure) [PSYoungGen: 32K->0K(1536K)] [ParOldGen: 7099K->2283K(8192K)] 7131K->2283K(9728K), [Metaspace: 3328K->3328K(1056768K)], 0.0021648 secs] [Times: user=0.01 sys=0.00, real=0.00 secs] 
13.767: [GC (Allocation Failure) [PSYoungGen: 20K->32K(1536K)] 7120K->7131K(9728K), 0.0008293 secs] [Times: user=0.00 sys=0.00, real=0.00 secs] 
13.768: [GC (Allocation Failure) [PSYoungGen: 32K->32K(1536K)] 7131K->7131K(9728K), 0.0002563 secs] [Times: user=0.00 sys=0.00, real=0.00 secs] 
13.768: [Full GC (Allocation Failure) [PSYoungGen: 32K->0K(1536K)] [ParOldGen: 7099K->2283K(8192K)] 7131K->2283K(9728K), [Metaspace: 3328K->3328K(1056768K)], 0.0023746 secs] [Times: user=0.01 sys=0.00, real=0.00 secs] 
13.771: [GC (Allocation Failure) [PSYoungGen: 20K->32K(1536K)] 7121K->7132K(9728K), 0.0008426 secs] [Times: user=0.00 sys=0.00, real=0.00 secs] 
13.772: [GC (Allocation Failure) [PSYoungGen: 32K->32K(1536K)] 7132K->7132K(9728K), 0.0002425 secs] [Times: user=0.00 sys=0.00, real=0.00 secs] 
13.772: [Full GC (Allocation Failure) [PSYoungGen: 32K->0K(1536K)] [ParOldGen: 7100K->2283K(8192K)] 7132K->2283K(9728K), [Metaspace: 3328K->3328K(1056768K)], 0.0023239 secs] [Times: user=0.00 sys=0.01, real=0.01 secs] 
13.775: [GC (Allocation Failure) [PSYoungGen: 20K->32K(1536K)] 7122K->7133K(9728K), 0.0008372 secs] [Times: user=0.01 sys=0.00, real=0.00 secs] 
13.776: [GC (Allocation Failure) [PSYoungGen: 32K->32K(1536K)] 7133K->7133K(9728K), 0.0002767 secs] [Times: user=0.00 sys=0.00, real=0.00 secs] 
13.776: [Full GC (Allocation Failure) [PSYoungGen: 32K->0K(1536K)] [ParOldGen: 7101K->2283K(8192K)] 7133K->2283K(9728K), [Metaspace: 3328K->3328K(1056768K)], 0.0025531 secs] [Times: user=0.00 sys=0.00, real=0.00 secs] 
13.779: [GC (Allocation Failure) [PSYoungGen: 20K->32K(1536K)] 7122K->7134K(9728K), 0.0008254 secs] [Times: user=0.01 sys=0.00, real=0.00 secs] 
13.780: [GC (Allocation Failure) [PSYoungGen: 32K->32K(1536K)] 7134K->7134K(9728K), 0.0002863 secs] [Times: user=0.00 sys=0.00, real=0.00 secs] 
13.781: [Full GC (Allocation Failure) [PSYoungGen: 32K->0K(1536K)] [ParOldGen: 7102K->2284K(8192K)] 7134K->2284K(9728K), [Metaspace: 3328K->3328K(1056768K)], 0.0024527 secs] [Times: user=0.00 sys=0.00, real=0.01 secs] 
13.783: [GC (Allocation Failure) [PSYoungGen: 20K->32K(1536K)] 7123K->7135K(9728K), 0.0008247 secs] [Times: user=0.00 sys=0.00, real=0.00 secs] 
13.784: [GC (Allocation Failure) [PSYoungGen: 32K->32K(1536K)] 7135K->7135K(9728K), 0.0002693 secs] [Times: user=0.00 sys=0.00, real=0.00 secs] 
13.785: [Full GC (Allocation Failure) [PSYoungGen: 32K->0K(1536K)] [ParOldGen: 7103K->2284K(8192K)] 7135K->2284K(9728K), [Metaspace: 3328K->3328K(1056768K)], 0.0024835 secs] [Times: user=0.01 sys=0.00, real=0.00 secs] 
13.788: [GC (Allocation Failure) [PSYoungGen: 20K->32K(1536K)] 7124K->7135K(9728K), 0.0008464 secs] [Times: user=0.00 sys=0.00, real=0.00 secs] 
13.788: [GC (Allocation Failure) [PSYoungGen: 32K->32K(1536K)] 7135K->7135K(9728K), 0.0002527 secs] [Times: user=0.00 sys=0.00, real=0.00 secs] 
13.789: [Full GC (Allocation Failure) [PSYoungGen: 32K->0K(1536K)] [ParOldGen: 7103K->2284K(8192K)] 7135K->2284K(9728K), [Metaspace: 3328K->3328K(1056768K)], 0.0023861 secs] [Times: user=0.01 sys=0.00, real=0.00 secs] 
13.792: [GC (Allocation Failure) [PSYoungGen: 20K->32K(1536K)] 7125K->7136K(9728K), 0.0008045 secs] [Times: user=0.00 sys=0.00, real=0.00 secs] 
13.792: [GC (Allocation Failure) [PSYoungGen: 32K->32K(1536K)] 7136K->7136K(9728K), 0.0007671 secs] [Times: user=0.00 sys=0.00, real=0.01 secs] 
13.793: [Full GC (Allocation Failure) [PSYoungGen: 32K->0K(1536K)] [ParOldGen: 7104K->2284K(8192K)] 7136K->2284K(9728K), [Metaspace: 3328K->3328K(1056768K)], 0.0024786 secs] [Times: user=0.01 sys=0.00, real=0.00 secs] 
13.796: [GC (Allocation Failure) [PSYoungGen: 20K->32K(1536K)] 7126K->7137K(9728K), 0.0008305 secs] [Times: user=0.00 sys=0.00, real=0.00 secs] 
13.797: [GC (Allocation Failure) [PSYoungGen: 32K->32K(1536K)] 7137K->7137K(9728K), 0.0002676 secs] [Times: user=0.00 sys=0.00, real=0.00 secs] 
13.797: [Full GC (Allocation Failure) [PSYoungGen: 32K->0K(1536K)] [ParOldGen: 7105K->2284K(8192K)] 7137K->2284K(9728K), [Metaspace: 3328K->3328K(1056768K)], 0.0023553 secs] [Times: user=0.01 sys=0.00, real=0.00 secs] 
13.800: [GC (Allocation Failure) [PSYoungGen: 20K->32K(1536K)] 7126K->7138K(9728K), 0.0008310 secs] [Times: user=0.00 sys=0.00, real=0.00 secs] 
13.801: [GC (Allocation Failure) [PSYoungGen: 32K->32K(1536K)] 7138K->7138K(9728K), 0.0003064 secs] [Times: user=0.00 sys=0.00, real=0.00 secs] 
13.801: [Full GC (Allocation Failure) [PSYoungGen: 32K->0K(1536K)] [ParOldGen: 7106K->2284K(8192K)] 7138K->2284K(9728K), [Metaspace: 3328K->3328K(1056768K)], 0.0023660 secs] [Times: user=0.00 sys=0.00, real=0.01 secs] 
13.804: [GC (Allocation Failure) [PSYoungGen: 20K->32K(1536K)] 7127K->7139K(9728K), 0.0006952 secs] [Times: user=0.01 sys=0.00, real=0.00 secs] 
13.805: [GC (Allocation Failure) [PSYoungGen: 32K->32K(1536K)] 7139K->7139K(9728K), 0.0002743 secs] [Times: user=0.00 sys=0.00, real=0.00 secs] 
13.805: [Full GC (Allocation Failure) [PSYoungGen: 32K->0K(1536K)] [ParOldGen: 7107K->2285K(8192K)] 7139K->2285K(9728K), [Metaspace: 3328K->3328K(1056768K)], 0.0023657 secs] [Times: user=0.00 sys=0.00, real=0.00 secs] 
13.808: [GC (Allocation Failure) [PSYoungGen: 20K->32K(1536K)] 7128K->7139K(9728K), 0.0008208 secs] [Times: user=0.00 sys=0.00, real=0.00 secs] 
13.809: [GC (Allocation Failure) [PSYoungGen: 32K->32K(1536K)] 7139K->7139K(9728K), 0.0002408 secs] [Times: user=0.00 sys=0.00, real=0.00 secs] 
13.809: [Full GC (Allocation Failure) [PSYoungGen: 32K->0K(1536K)] [ParOldGen: 7107K->2285K(8192K)] 7139K->2285K(9728K), [Metaspace: 3328K->3328K(1056768K)], 0.0024875 secs] [Times: user=0.01 sys=0.00, real=0.00 secs] 
13.812: [GC (Allocation Failure) [PSYoungGen: 20K->32K(1536K)] 7129K->7140K(9728K), 0.0008411 secs] [Times: user=0.00 sys=0.00, real=0.01 secs] 
13.813: [GC (Allocation Failure) [PSYoungGen: 32K->32K(1536K)] 7140K->7140K(9728K), 0.0002527 secs] [Times: user=0.00 sys=0.00, real=0.00 secs] 
13.813: [Full GC (Allocation Failure) [PSYoungGen: 32K->0K(1536K)] [ParOldGen: 7108K->2285K(8192K)] 7140K->2285K(9728K), [Metaspace: 3328K->3328K(1056768K)], 0.0024211 secs] [Times: user=0.01 sys=0.00, real=0.00 secs] 
13.816: [GC (Allocation Failure) [PSYoungGen: 20K->32K(1536K)] 7130K->7141K(9728K), 0.0006704 secs] [Times: user=0.00 sys=0.00, real=0.00 secs] 
13.817: [GC (Allocation Failure) [PSYoungGen: 32K->32K(1536K)] 7141K->7141K(9728K), 0.0002823 secs] [Times: user=0.00 sys=0.00, real=0.00 secs] 
13.817: [Full GC (Allocation Failure) [PSYoungGen: 32K->0K(1536K)] [ParOldGen: 7109K->2285K(8192K)] 7141K->2285K(9728K), [Metaspace: 3328K->3328K(1056768K)], 0.0021833 secs] [Times: user=0.01 sys=0.00, real=0.00 secs] 
13.820: [GC (Allocation Failure) [PSYoungGen: 20K->32K(1536K)] 7130K->7142K(9728K), 0.0006916 secs] [Times: user=0.00 sys=0.00, real=0.00 secs] 
13.821: [GC (Allocation Failure) [PSYoungGen: 32K->32K(1536K)] 7142K->7142K(9728K), 0.0007857 secs] [Times: user=0.00 sys=0.00, real=0.00 secs] 
13.821: [Full GC (Allocation Failure) [PSYoungGen: 32K->0K(1536K)] [ParOldGen: 7110K->2285K(8192K)] 7142K->2285K(9728K), [Metaspace: 3328K->3328K(1056768K)], 0.0023354 secs] [Times: user=0.00 sys=0.00, real=0.01 secs] 
13.824: [GC (Allocation Failure) [PSYoungGen: 20K->32K(1536K)] 7131K->7143K(9728K), 0.0008325 secs] [Times: user=0.00 sys=0.00, real=0.00 secs] 
13.825: [GC (Allocation Failure) [PSYoungGen: 32K->32K(1536K)] 7143K->7143K(9728K), 0.0008469 secs] [Times: user=0.00 sys=0.00, real=0.00 secs] 
13.826: [Full GC (Allocation Failure) [PSYoungGen: 32K->0K(1536K)] [ParOldGen: 7111K->2285K(8192K)] 7143K->2285K(9728K), [Metaspace: 3328K->3328K(1056768K)], 0.0022034 secs] [Times: user=0.00 sys=0.00, real=0.00 secs] 
13.829: [GC (Allocation Failure) [PSYoungGen: 20K->32K(1536K)] 7132K->7143K(9728K), 0.0008362 secs] [Times: user=0.01 sys=0.00, real=0.00 secs] 
13.830: [GC (Allocation Failure) [PSYoungGen: 32K->32K(1536K)] 7143K->7143K(9728K), 0.0008526 secs] [Times: user=0.00 sys=0.00, real=0.00 secs] 
13.831: [Full GC (Allocation Failure) [PSYoungGen: 32K->0K(1536K)] [ParOldGen: 7111K->2286K(8192K)] 7143K->2286K(9728K), [Metaspace: 3328K->3328K(1056768K)], 0.0020921 secs] [Times: user=0.00 sys=0.00, real=0.01 secs] 
13.833: [GC (Allocation Failure) [PSYoungGen: 20K->32K(1536K)] 7133K->7144K(9728K), 0.0003146 secs] [Times: user=0.00 sys=0.00, real=0.00 secs] 
13.834: [GC (Allocation Failure) [PSYoungGen: 32K->32K(1536K)] 7144K->7144K(9728K), 0.0002796 secs] [Times: user=0.00 sys=0.00, real=0.00 secs] 
13.834: [Full GC (Allocation Failure) [PSYoungGen: 32K->0K(1536K)] [ParOldGen: 7112K->2286K(8192K)] 7144K->2286K(9728K), [Metaspace: 3328K->3328K(1056768K)], 0.0020250 secs] [Times: user=0.01 sys=0.00, real=0.00 secs] 
13.836: [GC (Allocation Failure) [PSYoungGen: 20K->32K(1536K)] 7134K->7145K(9728K), 0.0008492 secs] [Times: user=0.00 sys=0.00, real=0.00 secs] 
13.837: [GC (Allocation Failure) [PSYoungGen: 32K->32K(1536K)] 7145K->7145K(9728K), 0.0002791 secs] [Times: user=0.00 sys=0.00, real=0.00 secs] 
13.838: [Full GC (Allocation Failure) [PSYoungGen: 32K->0K(1536K)] [ParOldGen: 7113K->2286K(8192K)] 7145K->2286K(9728K), [Metaspace: 3328K->3328K(1056768K)], 0.0021555 secs] [Times: user=0.00 sys=0.00, real=0.00 secs] 
13.840: [GC (Allocation Failure) [PSYoungGen: 20K->32K(1536K)] 7134K->7146K(9728K), 0.0009162 secs] [Times: user=0.01 sys=0.00, real=0.00 secs] 
13.841: [GC (Allocation Failure) [PSYoungGen: 32K->32K(1536K)] 7146K->7146K(9728K), 0.0003666 secs] [Times: user=0.00 sys=0.00, real=0.00 secs] 
13.842: [Full GC (Allocation Failure) [PSYoungGen: 32K->0K(1536K)] [ParOldGen: 7114K->2286K(8192K)] 7146K->2286K(9728K), [Metaspace: 3328K->3328K(1056768K)], 0.0026862 secs] [Times: user=0.00 sys=0.00, real=0.01 secs] 
13.845: [GC (Allocation Failure) [PSYoungGen: 20K->32K(1536K)] 7135K->7147K(9728K), 0.0006378 secs] [Times: user=0.00 sys=0.00, real=0.00 secs] 
13.846: [GC (Allocation Failure) [PSYoungGen: 32K->32K(1536K)] 7147K->7147K(9728K), 0.0003216 secs] [Times: user=0.01 sys=0.00, real=0.00 secs] 
13.846: [Full GC (Allocation Failure) [PSYoungGen: 32K->0K(1536K)] [ParOldGen: 7115K->2286K(8192K)] 7147K->2286K(9728K), [Metaspace: 3328K->3328K(1056768K)], 0.0020432 secs] [Times: user=0.00 sys=0.00, real=0.00 secs] 
13.848: [GC (Allocation Failure) [PSYoungGen: 20K->32K(1536K)] 7136K->7147K(9728K), 0.0008426 secs] [Times: user=0.00 sys=0.01, real=0.00 secs] 
13.849: [GC (Allocation Failure) [PSYoungGen: 32K->32K(1536K)] 7147K->7147K(9728K), 0.0002594 secs] [Times: user=0.00 sys=0.00, real=0.00 secs] 
13.850: [Full GC (Allocation Failure) [PSYoungGen: 32K->0K(1536K)] [ParOldGen: 7115K->2286K(8192K)] 7147K->2286K(9728K), [Metaspace: 3328K->3328K(1056768K)], 0.0024679 secs] [Times: user=0.01 sys=0.00, real=0.00 secs] 
13.852: [GC (Allocation Failure) [PSYoungGen: 20K->32K(1536K)] 7137K->7148K(9728K), 0.0008559 secs] [Times: user=0.00 sys=0.00, real=0.01 secs] 
13.853: [GC (Allocation Failure) [PSYoungGen: 32K->32K(1536K)] 7148K->7148K(9728K), 0.0007916 secs] [Times: user=0.00 sys=0.00, real=0.00 secs] 
13.854: [Full GC (Allocation Failure) [PSYoungGen: 32K->0K(1536K)] [ParOldGen: 7116K->2287K(8192K)] 7148K->2287K(9728K), [Metaspace: 3328K->3328K(1056768K)], 0.0020079 secs] [Times: user=0.01 sys=0.00, real=0.00 secs] 
13.857: [GC (Allocation Failure) [PSYoungGen: 20K->32K(1536K)] 7138K->7149K(9728K), 0.0008303 secs] [Times: user=0.00 sys=0.00, real=0.00 secs] 
13.858: [GC (Allocation Failure) [PSYoungGen: 32K->32K(1536K)] 7149K->7149K(9728K), 0.0002519 secs] [Times: user=0.00 sys=0.00, real=0.00 secs] 
13.858: [Full GC (Allocation Failure) [PSYoungGen: 32K->0K(1536K)] [ParOldGen: 7117K->2287K(8192K)] 7149K->2287K(9728K), [Metaspace: 3328K->3328K(1056768K)], 0.0019629 secs] [Times: user=0.00 sys=0.00, real=0.00 secs] 
13.860: [GC (Allocation Failure) [PSYoungGen: 20K->32K(1536K)] 7138K->7150K(9728K), 0.0008192 secs] [Times: user=0.00 sys=0.00, real=0.00 secs] 
13.861: [GC (Allocation Failure) [PSYoungGen: 32K->32K(1536K)] 7150K->7150K(9728K), 0.0002879 secs] [Times: user=0.00 sys=0.00, real=0.00 secs] 
13.861: [Full GC (Allocation Failure) [PSYoungGen: 32K->0K(1536K)] [ParOldGen: 7118K->2287K(8192K)] 7150K->2287K(9728K), [Metaspace: 3328K->3328K(1056768K)], 0.0024851 secs] [Times: user=0.00 sys=0.00, real=0.01 secs] 
13.864: [GC (Allocation Failure) [PSYoungGen: 20K->32K(1536K)] 7139K->7151K(9728K), 0.0008431 secs] [Times: user=0.01 sys=0.00, real=0.00 secs] 
13.865: [GC (Allocation Failure) [PSYoungGen: 32K->32K(1536K)] 7151K->7151K(9728K), 0.0002670 secs] [Times: user=0.00 sys=0.00, real=0.00 secs] 
13.865: [Full GC (Allocation Failure) [PSYoungGen: 32K->0K(1536K)] [ParOldGen: 7119K->2287K(8192K)] 7151K->2287K(9728K), [Metaspace: 3328K->3328K(1056768K)], 0.0024626 secs] [Times: user=0.00 sys=0.00, real=0.00 secs] 
13.868: [GC (Allocation Failure) [PSYoungGen: 20K->32K(1536K)] 7140K->7151K(9728K), 0.0003200 secs] [Times: user=0.00 sys=0.00, real=0.00 secs] 
13.869: [GC (Allocation Failure) [PSYoungGen: 32K->32K(1536K)] 7151K->7151K(9728K), 0.0006294 secs] [Times: user=0.00 sys=0.00, real=0.00 secs] 
13.869: [Full GC (Allocation Failure) [PSYoungGen: 32K->0K(1536K)] [ParOldGen: 7119K->2287K(8192K)] 7151K->2287K(9728K), [Metaspace: 3328K->3328K(1056768K)], 0.0024775 secs] [Times: user=0.01 sys=0.00, real=0.00 secs] 
13.872: [GC (Allocation Failure) [PSYoungGen: 20K->32K(1536K)] 7141K->7152K(9728K), 0.0003618 secs] [Times: user=0.00 sys=0.00, real=0.01 secs] 
13.873: [GC (Allocation Failure) [PSYoungGen: 32K->32K(1536K)] 7152K->7152K(9728K), 0.0007990 secs] [Times: user=0.00 sys=0.00, real=0.00 secs] 
13.874: [Full GC (Allocation Failure) [PSYoungGen: 32K->0K(1536K)] [ParOldGen: 7120K->2287K(8192K)] 7152K->2287K(9728K), [Metaspace: 3328K->3328K(1056768K)], 0.0020411 secs] [Times: user=0.01 sys=0.00, real=0.00 secs] 
13.876: [GC (Allocation Failure) [PSYoungGen: 20K->32K(1536K)] 7142K->7153K(9728K), 0.0003211 secs] [Times: user=0.00 sys=0.00, real=0.00 secs] 
13.877: [GC (Allocation Failure) [PSYoungGen: 32K->32K(1536K)] 7153K->7153K(9728K), 0.0007831 secs] [Times: user=0.00 sys=0.00, real=0.00 secs] 
13.877: [Full GC (Allocation Failure) [PSYoungGen: 32K->0K(1536K)] [ParOldGen: 7121K->2287K(8192K)] 7153K->2287K(9728K), [Metaspace: 3328K->3328K(1056768K)], 0.0021260 secs] [Times: user=0.00 sys=0.00, real=0.00 secs] 
13.880: [GC (Allocation Failure) [PSYoungGen: 20K->32K(1536K)] 7142K->7154K(9728K), 0.0008479 secs] [Times: user=0.01 sys=0.00, real=0.00 secs] 
13.881: [GC (Allocation Failure) [PSYoungGen: 32K->32K(1536K)] 7154K->7154K(9728K), 0.0002542 secs] [Times: user=0.00 sys=0.00, real=0.00 secs] 
13.881: [Full GC (Allocation Failure) [PSYoungGen: 32K->0K(1536K)] [ParOldGen: 7122K->2288K(8192K)] 7154K->2288K(9728K), [Metaspace: 3328K->3328K(1056768K)], 0.0019727 secs] [Times: user=0.00 sys=0.00, real=0.01 secs] 
13.883: [GC (Allocation Failure) [PSYoungGen: 20K->32K(1536K)] 7143K->7155K(9728K), 0.0008196 secs] [Times: user=0.00 sys=0.00, real=0.00 secs] 
13.884: [GC (Allocation Failure) [PSYoungGen: 32K->32K(1536K)] 7155K->7155K(9728K), 0.0002661 secs] [Times: user=0.00 sys=0.00, real=0.00 secs] 
13.885: [Full GC (Allocation Failure) [PSYoungGen: 32K->0K(1536K)] [ParOldGen: 7123K->2288K(8192K)] 7155K->2288K(9728K), [Metaspace: 3328K->3328K(1056768K)], 0.0023191 secs] [Times: user=0.01 sys=0.00, real=0.00 secs] 
13.887: [GC (Allocation Failure) [PSYoungGen: 20K->32K(1536K)] 7144K->7156K(9728K), 0.0008470 secs] [Times: user=0.00 sys=0.00, real=0.00 secs] 
13.888: [GC (Allocation Failure) [PSYoungGen: 32K->32K(1536K)] 7156K->7156K(9728K), 0.0005056 secs] [Times: user=0.00 sys=0.00, real=0.00 secs] 
13.889: [Full GC (Allocation Failure) [PSYoungGen: 32K->0K(1536K)] [ParOldGen: 7124K->2288K(8192K)] 7156K->2288K(9728K), [Metaspace: 3328K->3328K(1056768K)], 0.0025085 secs] [Times: user=0.01 sys=0.00, real=0.00 secs] 
13.892: [GC (Allocation Failure) [PSYoungGen: 20K->32K(1536K)] 7145K->7156K(9728K), 0.0008347 secs] [Times: user=0.00 sys=0.00, real=0.01 secs] 
13.893: [GC (Allocation Failure) [PSYoungGen: 32K->32K(1536K)] 7156K->7156K(9728K), 0.0002883 secs] [Times: user=0.00 sys=0.00, real=0.00 secs] 
13.893: [Full GC (Allocation Failure) [PSYoungGen: 32K->0K(1536K)] [ParOldGen: 7124K->2288K(8192K)] 7156K->2288K(9728K), [Metaspace: 3328K->3328K(1056768K)], 0.0021210 secs] [Times: user=0.01 sys=0.00, real=0.00 secs] 
13.896: [GC (Allocation Failure) [PSYoungGen: 20K->32K(1536K)] 7146K->7157K(9728K), 0.0008341 secs] [Times: user=0.00 sys=0.00, real=0.00 secs] 
13.896: [GC (Allocation Failure) [PSYoungGen: 32K->32K(1536K)] 7157K->7157K(9728K), 0.0002789 secs] [Times: user=0.00 sys=0.00, real=0.00 secs] 
13.897: [Full GC (Allocation Failure) [PSYoungGen: 32K->0K(1536K)] [ParOldGen: 7125K->2288K(8192K)] 7157K->2288K(9728K), [Metaspace: 3328K->3328K(1056768K)], 0.0021536 secs] [Times: user=0.00 sys=0.00, real=0.00 secs] 
13.899: [GC (Allocation Failure) [PSYoungGen: 20K->32K(1536K)] 7146K->7158K(9728K), 0.0008264 secs] [Times: user=0.01 sys=0.00, real=0.00 secs] 
13.900: [GC (Allocation Failure) [PSYoungGen: 32K->32K(1536K)] 7158K->7158K(9728K), 0.0002961 secs] [Times: user=0.00 sys=0.00, real=0.00 secs] 
13.901: [Full GC (Allocation Failure) [PSYoungGen: 32K->0K(1536K)] [ParOldGen: 7126K->2288K(8192K)] 7158K->2288K(9728K), [Metaspace: 3328K->3328K(1056768K)], 0.0024965 secs] [Times: user=0.00 sys=0.00, real=0.01 secs] 
13.904: [GC (Allocation Failure) [PSYoungGen: 20K->32K(1536K)] 7147K->7159K(9728K), 0.0008312 secs] [Times: user=0.01 sys=0.00, real=0.00 secs] 
13.904: [GC (Allocation Failure) [PSYoungGen: 32K->32K(1536K)] 7159K->7159K(9728K), 0.0005000 secs] [Times: user=0.00 sys=0.00, real=0.00 secs] 
13.905: [Full GC (Allocation Failure) [PSYoungGen: 32K->0K(1536K)] [ParOldGen: 7127K->2289K(8192K)] 7159K->2289K(9728K), [Metaspace: 3328K->3328K(1056768K)], 0.0024824 secs] [Times: user=0.00 sys=0.00, real=0.00 secs] 
13.908: [GC (Allocation Failure) [PSYoungGen: 20K->32K(1536K)] 7148K->7160K(9728K), 0.0008298 secs] [Times: user=0.00 sys=0.00, real=0.00 secs] 
13.909: [GC (Allocation Failure) [PSYoungGen: 32K->32K(1536K)] 7160K->7160K(9728K), 0.0002728 secs] [Times: user=0.00 sys=0.00, real=0.00 secs] 
13.909: [Full GC (Allocation Failure) [PSYoungGen: 32K->0K(1536K)] [ParOldGen: 7128K->2289K(8192K)] 7160K->2289K(9728K), [Metaspace: 3328K->3328K(1056768K)], 0.0019800 secs] [Times: user=0.01 sys=0.00, real=0.00 secs] 
13.911: [GC (Allocation Failure) [PSYoungGen: 20K->32K(1536K)] 7149K->7160K(9728K), 0.0008281 secs] [Times: user=0.00 sys=0.00, real=0.00 secs] 
13.912: [GC (Allocation Failure) [PSYoungGen: 32K->32K(1536K)] 7160K->7160K(9728K), 0.0002808 secs] [Times: user=0.00 sys=0.00, real=0.01 secs] 
13.913: [Full GC (Allocation Failure) [PSYoungGen: 32K->0K(1536K)] [ParOldGen: 7128K->2289K(8192K)] 7160K->2289K(9728K), [Metaspace: 3328K->3328K(1056768K)], 0.0024062 secs] [Times: user=0.01 sys=0.00, real=0.00 secs] 
13.916: [GC (Allocation Failure) [PSYoungGen: 20K->32K(1536K)] 7150K->7161K(9728K), 0.0003655 secs] [Times: user=0.00 sys=0.00, real=0.00 secs] 
13.916: [GC (Allocation Failure) [PSYoungGen: 32K->32K(1536K)] 7161K->7161K(9728K), 0.0003400 secs] [Times: user=0.00 sys=0.00, real=0.00 secs] 
13.916: [Full GC (Allocation Failure) [PSYoungGen: 32K->0K(1536K)] [ParOldGen: 7129K->2289K(8192K)] 7161K->2289K(9728K), [Metaspace: 3328K->3328K(1056768K)], 0.0029743 secs] [Times: user=0.01 sys=0.00, real=0.00 secs] 
13.920: [GC (Allocation Failure) [PSYoungGen: 20K->32K(1536K)] 7150K->7162K(9728K), 0.0008571 secs] [Times: user=0.00 sys=0.00, real=0.00 secs] 
13.921: [GC (Allocation Failure) [PSYoungGen: 32K->32K(1536K)] 7162K->7162K(9728K), 0.0002773 secs] [Times: user=0.00 sys=0.00, real=0.00 secs] 
13.921: [Full GC (Allocation Failure) [PSYoungGen: 32K->0K(1536K)] [ParOldGen: 7130K->2289K(8192K)] 7162K->2289K(9728K), [Metaspace: 3328K->3328K(1056768K)], 0.0038044 secs] [Times: user=0.01 sys=0.00, real=0.01 secs] 
13.926: [GC (Allocation Failure) [PSYoungGen: 20K->32K(1536K)] 7151K->7163K(9728K), 0.0008811 secs] [Times: user=0.00 sys=0.00, real=0.00 secs] 
13.927: [GC (Allocation Failure) [PSYoungGen: 32K->32K(1536K)] 7163K->7163K(9728K), 0.0002668 secs] [Times: user=0.00 sys=0.00, real=0.00 secs] 
13.927: [Full GC (Allocation Failure) [PSYoungGen: 32K->0K(1536K)] [ParOldGen: 7131K->2289K(8192K)] 7163K->2289K(9728K), [Metaspace: 3328K->3328K(1056768K)], 0.0025083 secs] [Times: user=0.00 sys=0.00, real=0.00 secs] 
13.930: [GC (Allocation Failure) [PSYoungGen: 20K->32K(1536K)] 7152K->7164K(9728K), 0.0008200 secs] [Times: user=0.00 sys=0.00, real=0.00 secs] 
13.931: [GC (Allocation Failure) [PSYoungGen: 32K->32K(1536K)] 7164K->7164K(9728K), 0.0002736 secs] [Times: user=0.00 sys=0.00, real=0.00 secs] 
13.931: [Full GC (Allocation Failure) [PSYoungGen: 32K->0K(1536K)] [ParOldGen: 7132K->2290K(8192K)] 7164K->2290K(9728K), [Metaspace: 3328K->3328K(1056768K)], 0.0023830 secs] [Times: user=0.00 sys=0.00, real=0.01 secs] 
13.934: [GC (Allocation Failure) [PSYoungGen: 20K->32K(1536K)] 7153K->7164K(9728K), 0.0008175 secs] [Times: user=0.01 sys=0.00, real=0.00 secs] 
13.935: [GC (Allocation Failure) [PSYoungGen: 32K->32K(1536K)] 7164K->7164K(9728K), 0.0002740 secs] [Times: user=0.00 sys=0.00, real=0.00 secs] 
13.935: [Full GC (Allocation Failure) [PSYoungGen: 32K->0K(1536K)] [ParOldGen: 7132K->2290K(8192K)] 7164K->2290K(9728K), [Metaspace: 3328K->3328K(1056768K)], 0.0025135 secs] [Times: user=0.00 sys=0.01, real=0.00 secs] 
13.938: [GC (Allocation Failure) [PSYoungGen: 20K->32K(1536K)] 7154K->7165K(9728K), 0.0008336 secs] [Times: user=0.00 sys=0.00, real=0.00 secs] 
13.939: [GC (Allocation Failure) [PSYoungGen: 32K->32K(1536K)] 7165K->7165K(9728K), 0.0002843 secs] [Times: user=0.00 sys=0.00, real=0.00 secs] 
13.939: [Full GC (Allocation Failure) [PSYoungGen: 32K->0K(1536K)] [ParOldGen: 7133K->2290K(8192K)] 7165K->2290K(9728K), [Metaspace: 3328K->3328K(1056768K)], 0.0022478 secs] [Times: user=0.01 sys=0.00, real=0.00 secs] 
13.942: [GC (Allocation Failure) [PSYoungGen: 20K->32K(1536K)] 7154K->7166K(9728K), 0.0008572 secs] [Times: user=0.00 sys=0.00, real=0.01 secs] 
13.943: [GC (Allocation Failure) [PSYoungGen: 32K->32K(1536K)] 7166K->7166K(9728K), 0.0002777 secs] [Times: user=0.00 sys=0.00, real=0.00 secs] 
13.943: [Full GC (Allocation Failure) [PSYoungGen: 32K->0K(1536K)] [ParOldGen: 7134K->2290K(8192K)] 7166K->2290K(9728K), [Metaspace: 3328K->3328K(1056768K)], 0.0024283 secs] [Times: user=0.01 sys=0.00, real=0.00 secs] 
13.946: [GC (Allocation Failure) [PSYoungGen: 20K->32K(1536K)] 7155K->7167K(9728K), 0.0008276 secs] [Times: user=0.00 sys=0.00, real=0.00 secs] 
13.947: [GC (Allocation Failure) [PSYoungGen: 32K->32K(1536K)] 7167K->7167K(9728K), 0.0002863 secs] [Times: user=0.00 sys=0.00, real=0.00 secs] 
13.947: [Full GC (Allocation Failure) [PSYoungGen: 32K->0K(1536K)] [ParOldGen: 7135K->2290K(8192K)] 7167K->2290K(9728K), [Metaspace: 3328K->3328K(1056768K)], 0.0024834 secs] [Times: user=0.01 sys=0.00, real=0.00 secs] 
13.950: [GC (Allocation Failure) [PSYoungGen: 20K->32K(1536K)] 7156K->7168K(9728K), 0.0008244 secs] [Times: user=0.00 sys=0.00, real=0.00 secs] 
13.951: [GC (Allocation Failure) [PSYoungGen: 32K->32K(1536K)] 7168K->7168K(9728K), 0.0002471 secs] [Times: user=0.00 sys=0.00, real=0.00 secs] 
13.951: [Full GC (Allocation Failure) [PSYoungGen: 32K->0K(1536K)] [ParOldGen: 7136K->2290K(8192K)] 7168K->2290K(9728K), [Metaspace: 3328K->3328K(1056768K)], 0.0024935 secs] [Times: user=0.00 sys=0.00, real=0.01 secs] 
13.954: [GC (Allocation Failure) [PSYoungGen: 20K->32K(1536K)] 7157K->7168K(9728K), 0.0008375 secs] [Times: user=0.00 sys=0.00, real=0.00 secs] 
13.955: [GC (Allocation Failure) [PSYoungGen: 32K->32K(1536K)] 7168K->7168K(9728K), 0.0002685 secs] [Times: user=0.00 sys=0.00, real=0.00 secs] 
13.955: [Full GC (Allocation Failure) [PSYoungGen: 32K->0K(1536K)] [ParOldGen: 7136K->2291K(8192K)] 7168K->2291K(9728K), [Metaspace: 3328K->3328K(1056768K)], 0.0022130 secs] [Times: user=0.00 sys=0.00, real=0.00 secs] 
13.958: [GC (Allocation Failure) [PSYoungGen: 20K->32K(1536K)] 7158K->7169K(9728K), 0.0008423 secs] [Times: user=0.01 sys=0.00, real=0.00 secs] 
13.959: [GC (Allocation Failure) [PSYoungGen: 32K->32K(1536K)] 7169K->7169K(9728K), 0.0007941 secs] [Times: user=0.00 sys=0.00, real=0.00 secs] 
13.960: [Full GC (Allocation Failure) [PSYoungGen: 32K->0K(1536K)] [ParOldGen: 7137K->2291K(8192K)] 7169K->2291K(9728K), [Metaspace: 3328K->3328K(1056768K)], 0.0024941 secs] [Times: user=0.00 sys=0.00, real=0.00 secs] 
13.963: [GC (Allocation Failure) [PSYoungGen: 20K->32K(1536K)] 7158K->7170K(9728K), 0.0008272 secs] [Times: user=0.00 sys=0.00, real=0.00 secs] 
13.964: [GC (Allocation Failure) [PSYoungGen: 32K->32K(1536K)] 7170K->7170K(9728K), 0.0003028 secs] [Times: user=0.00 sys=0.00, real=0.00 secs] 
13.964: [Full GC (Allocation Failure) [PSYoungGen: 32K->0K(1536K)] [ParOldGen: 7138K->2291K(8192K)] 7170K->2291K(9728K), [Metaspace: 3328K->3328K(1056768K)], 0.0024869 secs] [Times: user=0.00 sys=0.00, real=0.00 secs] 
13.967: [GC (Allocation Failure) [PSYoungGen: 20K->32K(1536K)] 7159K->7171K(9728K), 0.0008345 secs] [Times: user=0.00 sys=0.00, real=0.00 secs] 
13.968: [GC (Allocation Failure) [PSYoungGen: 32K->32K(1536K)] 7171K->7171K(9728K), 0.0002695 secs] [Times: user=0.00 sys=0.00, real=0.00 secs] 
13.968: [Full GC (Allocation Failure) [PSYoungGen: 32K->0K(1536K)] [ParOldGen: 7139K->2291K(8192K)] 7171K->2291K(9728K), [Metaspace: 3328K->3328K(1056768K)], 0.0022400 secs] [Times: user=0.01 sys=0.00, real=0.00 secs] 
13.971: [GC (Allocation Failure) [PSYoungGen: 20K->32K(1536K)] 7160K->7172K(9728K), 0.0008372 secs] [Times: user=0.00 sys=0.00, real=0.00 secs] 
13.972: [GC (Allocation Failure) [PSYoungGen: 32K->32K(1536K)] 7172K->7172K(9728K), 0.0002669 secs] [Times: user=0.00 sys=0.00, real=0.00 secs] 
13.972: [Full GC (Allocation Failure) [PSYoungGen: 32K->0K(1536K)] [ParOldGen: 7140K->2291K(8192K)] 7172K->2291K(9728K), [Metaspace: 3328K->3328K(1056768K)], 0.0025005 secs] [Times: user=0.01 sys=0.00, real=0.01 secs] 
13.975: [GC (Allocation Failure) [PSYoungGen: 20K->32K(1536K)] 7161K->7172K(9728K), 0.0003469 secs] [Times: user=0.00 sys=0.00, real=0.00 secs] 
13.975: [GC (Allocation Failure) [PSYoungGen: 32K->32K(1536K)] 7172K->7172K(9728K), 0.0002681 secs] [Times: user=0.00 sys=0.00, real=0.00 secs] 
13.976: [Full GC (Allocation Failure) [PSYoungGen: 32K->0K(1536K)] [ParOldGen: 7140K->2291K(8192K)] 7172K->2291K(9728K), [Metaspace: 3328K->3328K(1056768K)], 0.0023134 secs] [Times: user=0.00 sys=0.00, real=0.00 secs] 
13.978: [GC (Allocation Failure) [PSYoungGen: 20K->32K(1536K)] 7162K->7173K(9728K), 0.0008383 secs] [Times: user=0.01 sys=0.00, real=0.00 secs] 
13.979: [GC (Allocation Failure) [PSYoungGen: 32K->32K(1536K)] 7173K->7173K(9728K), 0.0002663 secs] [Times: user=0.00 sys=0.00, real=0.00 secs] 
13.980: [Full GC (Allocation Failure) [PSYoungGen: 32K->0K(1536K)] [ParOldGen: 7141K->2291K(8192K)] 7173K->2291K(9728K), [Metaspace: 3328K->3328K(1056768K)], 0.0021219 secs] [Times: user=0.00 sys=0.00, real=0.00 secs] 
13.982: [GC (Allocation Failure) [PSYoungGen: 20K->32K(1536K)] 7162K->7174K(9728K), 0.0008376 secs] [Times: user=0.00 sys=0.00, real=0.01 secs] 
13.983: [GC (Allocation Failure) [PSYoungGen: 32K->32K(1536K)] 7174K->7174K(9728K), 0.0002840 secs] [Times: user=0.00 sys=0.00, real=0.00 secs] 
13.983: [Full GC (Allocation Failure) [PSYoungGen: 32K->0K(1536K)] [ParOldGen: 7142K->2292K(8192K)] 7174K->2292K(9728K), [Metaspace: 3328K->3328K(1056768K)], 0.0024896 secs] [Times: user=0.01 sys=0.00, real=0.00 secs] 
13.986: [GC (Allocation Failure) [PSYoungGen: 20K->32K(1536K)] 7163K->7175K(9728K), 0.0008763 secs] [Times: user=0.00 sys=0.00, real=0.00 secs] 
13.987: [GC (Allocation Failure) [PSYoungGen: 32K->32K(1536K)] 7175K->7175K(9728K), 0.0003033 secs] [Times: user=0.00 sys=0.00, real=0.00 secs] 
13.987: [Full GC (Allocation Failure) [PSYoungGen: 32K->0K(1536K)] [ParOldGen: 7143K->2292K(8192K)] 7175K->2292K(9728K), [Metaspace: 3328K->3328K(1056768K)], 0.0020692 secs] [Times: user=0.01 sys=0.00, real=0.00 secs] 
13.990: [GC (Allocation Failure) [PSYoungGen: 20K->32K(1536K)] 7164K->7176K(9728K), 0.0003191 secs] [Times: user=0.00 sys=0.00, real=0.00 secs] 
13.990: [GC (Allocation Failure) [PSYoungGen: 32K->32K(1536K)] 7176K->7176K(9728K), 0.0007876 secs] [Times: user=0.00 sys=0.00, real=0.00 secs] 
13.991: [Full GC (Allocation Failure) [PSYoungGen: 32K->0K(1536K)] [ParOldGen: 7144K->2292K(8192K)] 7176K->2292K(9728K), [Metaspace: 3328K->3328K(1056768K)], 0.0025081 secs] [Times: user=0.01 sys=0.00, real=0.01 secs] 
13.994: [GC (Allocation Failure) [PSYoungGen: 20K->32K(1536K)] 7165K->7176K(9728K), 0.0006373 secs] [Times: user=0.00 sys=0.00, real=0.00 secs] 
13.995: [GC (Allocation Failure) [PSYoungGen: 32K->32K(1536K)] 7176K->7176K(9728K), 0.0002511 secs] [Times: user=0.00 sys=0.00, real=0.00 secs] 
13.995: [Full GC (Allocation Failure) [PSYoungGen: 32K->0K(1536K)] [ParOldGen: 7144K->2292K(8192K)] 7176K->2292K(9728K), [Metaspace: 3328K->3328K(1056768K)], 0.0023449 secs] [Times: user=0.00 sys=0.00, real=0.00 secs] 
13.998: [GC (Allocation Failure) [PSYoungGen: 20K->32K(1536K)] 7166K->7177K(9728K), 0.0008348 secs] [Times: user=0.01 sys=0.00, real=0.00 secs] 
13.999: [GC (Allocation Failure) [PSYoungGen: 32K->32K(1536K)] 7177K->7177K(9728K), 0.0002877 secs] [Times: user=0.00 sys=0.00, real=0.00 secs] 
13.999: [Full GC (Allocation Failure) [PSYoungGen: 32K->0K(1536K)] [ParOldGen: 7145K->2292K(8192K)] 7177K->2292K(9728K), [Metaspace: 3328K->3328K(1056768K)], 0.0024911 secs] [Times: user=0.00 sys=0.00, real=0.00 secs] 
14.002: [GC (Allocation Failure) [PSYoungGen: 20K->32K(1536K)] 7166K->7178K(9728K), 0.0008341 secs] [Times: user=0.00 sys=0.00, real=0.01 secs] 
14.003: [GC (Allocation Failure) [PSYoungGen: 32K->32K(1536K)] 7178K->7178K(9728K), 0.0002918 secs] [Times: user=0.00 sys=0.00, real=0.00 secs] 
14.003: [Full GC (Allocation Failure) [PSYoungGen: 32K->0K(1536K)] [ParOldGen: 7146K->2292K(8192K)] 7178K->2292K(9728K), [Metaspace: 3328K->3328K(1056768K)], 0.0020315 secs] [Times: user=0.01 sys=0.00, real=0.00 secs] 
14.006: [GC (Allocation Failure) [PSYoungGen: 20K->32K(1536K)] 7167K->7179K(9728K), 0.0004387 secs] [Times: user=0.00 sys=0.00, real=0.00 secs] 
14.006: [GC (Allocation Failure) [PSYoungGen: 32K->32K(1536K)] 7179K->7179K(9728K), 0.0003862 secs] [Times: user=0.00 sys=0.00, real=0.00 secs] 
14.007: [Full GC (Allocation Failure) [PSYoungGen: 32K->0K(1536K)] [ParOldGen: 7147K->2293K(8192K)] 7179K->2293K(9728K), [Metaspace: 3328K->3328K(1056768K)], 0.0028755 secs] [Times: user=0.01 sys=0.00, real=0.00 secs] 
14.010: [GC (Allocation Failure) [PSYoungGen: 20K->32K(1536K)] 7168K->7180K(9728K), 0.0006464 secs] [Times: user=0.00 sys=0.00, real=0.00 secs] 
14.011: [GC (Allocation Failure) [PSYoungGen: 32K->32K(1536K)] 7180K->7180K(9728K), 0.0002779 secs] [Times: user=0.00 sys=0.00, real=0.00 secs] 
14.011: [Full GC (Allocation Failure) [PSYoungGen: 32K->0K(1536K)] [ParOldGen: 7148K->2293K(8192K)] 7180K->2293K(9728K), [Metaspace: 3328K->3328K(1056768K)], 0.0025194 secs] [Times: user=0.01 sys=0.00, real=0.01 secs] 
14.014: [GC (Allocation Failure) [PSYoungGen: 20K->32K(1536K)] 7169K->7180K(9728K), 0.0008254 secs] [Times: user=0.00 sys=0.00, real=0.00 secs] 
14.015: [GC (Allocation Failure) [PSYoungGen: 32K->32K(1536K)] 7180K->7180K(9728K), 0.0002837 secs] [Times: user=0.00 sys=0.00, real=0.00 secs] 
14.015: [Full GC (Allocation Failure) [PSYoungGen: 32K->0K(1536K)] [ParOldGen: 7148K->2293K(8192K)] 7180K->2293K(9728K), [Metaspace: 3328K->3328K(1056768K)], 0.0024749 secs] [Times: user=0.00 sys=0.00, real=0.00 secs] 
14.018: [GC (Allocation Failure) [PSYoungGen: 20K->32K(1536K)] 7170K->7181K(9728K), 0.0003740 secs] [Times: user=0.00 sys=0.00, real=0.00 secs] 
14.019: [GC (Allocation Failure) [PSYoungGen: 32K->32K(1536K)] 7181K->7181K(9728K), 0.0007752 secs] [Times: user=0.01 sys=0.00, real=0.00 secs] 
14.020: [Full GC (Allocation Failure) [PSYoungGen: 32K->0K(1536K)] [ParOldGen: 7149K->2293K(8192K)] 7181K->2293K(9728K), [Metaspace: 3328K->3328K(1056768K)], 0.0034167 secs] [Times: user=0.00 sys=0.01, real=0.01 secs] 
14.024: [GC (Allocation Failure) [PSYoungGen: 20K->32K(1536K)] 7170K->7182K(9728K), 0.0004248 secs] [Times: user=0.01 sys=0.00, real=0.00 secs] 
14.024: [GC (Allocation Failure) [PSYoungGen: 32K->32K(1536K)] 7182K->7182K(9728K), 0.0009750 secs] [Times: user=0.00 sys=0.00, real=0.00 secs] 
14.026: [Full GC (Allocation Failure) [PSYoungGen: 32K->0K(1536K)] [ParOldGen: 7150K->2293K(8192K)] 7182K->2293K(9728K), [Metaspace: 3328K->3328K(1056768K)], 0.0036629 secs] [Times: user=0.00 sys=0.00, real=0.00 secs] 
14.030: [GC (Allocation Failure) [PSYoungGen: 20K->32K(1536K)] 7171K->7183K(9728K), 0.0003269 secs] [Times: user=0.00 sys=0.00, real=0.00 secs] 
14.030: [GC (Allocation Failure) [PSYoungGen: 32K->32K(1536K)] 7183K->7183K(9728K), 0.0002485 secs] [Times: user=0.00 sys=0.00, real=0.00 secs] 
14.031: [Full GC (Allocation Failure) [PSYoungGen: 32K->0K(1536K)] [ParOldGen: 7151K->2293K(8192K)] 7183K->2293K(9728K), [Metaspace: 3328K->3328K(1056768K)], 0.0022007 secs] [Times: user=0.00 sys=0.00, real=0.01 secs] 
14.033: [GC (Allocation Failure) [PSYoungGen: 20K->32K(1536K)] 7172K->7184K(9728K), 0.0008338 secs] [Times: user=0.00 sys=0.00, real=0.00 secs] 
14.034: [GC (Allocation Failure) [PSYoungGen: 32K->32K(1536K)] 7184K->7184K(9728K), 0.0002676 secs] [Times: user=0.00 sys=0.00, real=0.00 secs] 
14.034: [Full GC (Allocation Failure) [PSYoungGen: 32K->0K(1536K)] [ParOldGen: 7152K->2294K(8192K)] 7184K->2294K(9728K), [Metaspace: 3328K->3328K(1056768K)], 0.0020418 secs] [Times: user=0.01 sys=0.00, real=0.00 secs] 
14.037: [GC (Allocation Failure) [PSYoungGen: 20K->32K(1536K)] 7173K->7184K(9728K), 0.0008382 secs] [Times: user=0.00 sys=0.00, real=0.00 secs] 
14.038: [GC (Allocation Failure) [PSYoungGen: 32K->32K(1536K)] 7184K->7184K(9728K), 0.0003095 secs] [Times: user=0.00 sys=0.00, real=0.00 secs] 
14.038: [Full GC (Allocation Failure) [PSYoungGen: 32K->0K(1536K)] [ParOldGen: 7152K->2294K(8192K)] 7184K->2294K(9728K), [Metaspace: 3328K->3328K(1056768K)], 0.0023447 secs] [Times: user=0.01 sys=0.00, real=0.00 secs] 
14.041: [GC (Allocation Failure) [PSYoungGen: 20K->32K(1536K)] 7174K->7185K(9728K), 0.0008318 secs] [Times: user=0.00 sys=0.00, real=0.00 secs] 
14.042: [GC (Allocation Failure) [PSYoungGen: 32K->32K(1536K)] 7185K->7185K(9728K), 0.0002412 secs] [Times: user=0.00 sys=0.00, real=0.00 secs] 
14.042: [Full GC (Allocation Failure) [PSYoungGen: 32K->0K(1536K)] [ParOldGen: 7153K->2294K(8192K)] 7185K->2294K(9728K), [Metaspace: 3328K->3328K(1056768K)], 0.0021386 secs] [Times: user=0.00 sys=0.00, real=0.01 secs] 
14.045: [GC (Allocation Failure) [PSYoungGen: 20K->32K(1536K)] 7174K->7186K(9728K), 0.0008304 secs] [Times: user=0.01 sys=0.00, real=0.00 secs] 
14.046: [GC (Allocation Failure) [PSYoungGen: 32K->32K(1536K)] 7186K->7186K(9728K), 0.0002918 secs] [Times: user=0.00 sys=0.00, real=0.00 secs] 
14.046: [Full GC (Allocation Failure) [PSYoungGen: 32K->0K(1536K)] [ParOldGen: 7154K->2294K(8192K)] 7186K->2294K(9728K), [Metaspace: 3328K->3328K(1056768K)], 0.0025567 secs] [Times: user=0.00 sys=0.00, real=0.00 secs] 
14.049: [GC (Allocation Failure) [PSYoungGen: 20K->32K(1536K)] 7175K->7187K(9728K), 0.0008631 secs] [Times: user=0.01 sys=0.00, real=0.00 secs] 
14.050: [GC (Allocation Failure) [PSYoungGen: 32K->32K(1536K)] 7187K->7187K(9728K), 0.0002766 secs] [Times: user=0.00 sys=0.00, real=0.00 secs] 
14.050: [Full GC (Allocation Failure) [PSYoungGen: 32K->0K(1536K)] [ParOldGen: 7155K->2294K(8192K)] 7187K->2294K(9728K), [Metaspace: 3328K->3328K(1056768K)], 0.0019958 secs] [Times: user=0.00 sys=0.00, real=0.00 secs] 
14.053: [GC (Allocation Failure) [PSYoungGen: 20K->32K(1536K)] 7176K->7188K(9728K), 0.0008470 secs] [Times: user=0.00 sys=0.00, real=0.00 secs] 
14.054: [GC (Allocation Failure) [PSYoungGen: 32K->32K(1536K)] 7188K->7188K(9728K), 0.0002809 secs] [Times: user=0.00 sys=0.00, real=0.00 secs] 
14.054: [Full GC (Allocation Failure) [PSYoungGen: 32K->0K(1536K)] [ParOldGen: 7156K->2294K(8192K)] 7188K->2294K(9728K), [Metaspace: 3328K->3328K(1056768K)], 0.0019722 secs] [Times: user=0.01 sys=0.00, real=0.00 secs] 
14.056: [GC (Allocation Failure) [PSYoungGen: 20K->32K(1536K)] 7177K->7188K(9728K), 0.0008387 secs] [Times: user=0.00 sys=0.00, real=0.00 secs] 
14.057: [GC (Allocation Failure) [PSYoungGen: 32K->32K(1536K)] 7188K->7188K(9728K), 0.0007859 secs] [Times: user=0.00 sys=0.00, real=0.00 secs] 
14.058: [Full GC (Allocation Failure) [PSYoungGen: 32K->0K(1536K)] [ParOldGen: 7156K->2295K(8192K)] 7188K->2295K(9728K), [Metaspace: 3328K->3328K(1056768K)], 0.0019655 secs] [Times: user=0.01 sys=0.00, real=0.00 secs] 
14.060: [GC (Allocation Failure) [PSYoungGen: 20K->32K(1536K)] 7178K->7189K(9728K), 0.0008639 secs] [Times: user=0.00 sys=0.00, real=0.00 secs] 
14.061: [GC (Allocation Failure) [PSYoungGen: 32K->32K(1536K)] 7189K->7189K(9728K), 0.0002680 secs] [Times: user=0.00 sys=0.00, real=0.00 secs] 
14.062: [Full GC (Allocation Failure) [PSYoungGen: 32K->0K(1536K)] [ParOldGen: 7157K->2295K(8192K)] 7189K->2295K(9728K), [Metaspace: 3328K->3328K(1056768K)], 0.0021241 secs] [Times: user=0.00 sys=0.00, real=0.01 secs] 
14.064: [GC (Allocation Failure) [PSYoungGen: 20K->32K(1536K)] 7178K->7190K(9728K), 0.0008254 secs] [Times: user=0.00 sys=0.00, real=0.00 secs] 
14.065: [GC (Allocation Failure) [PSYoungGen: 32K->32K(1536K)] 7190K->7190K(9728K), 0.0002733 secs] [Times: user=0.00 sys=0.00, real=0.00 secs] 
14.065: [Full GC (Allocation Failure) [PSYoungGen: 32K->0K(1536K)] [ParOldGen: 7158K->2295K(8192K)] 7190K->2295K(9728K), [Metaspace: 3328K->3328K(1056768K)], 0.0021864 secs] [Times: user=0.00 sys=0.00, real=0.00 secs] 
14.068: [GC (Allocation Failure) [PSYoungGen: 20K->32K(1536K)] 7179K->7191K(9728K), 0.0008401 secs] [Times: user=0.00 sys=0.00, real=0.00 secs] 
14.069: [GC (Allocation Failure) [PSYoungGen: 32K->32K(1536K)] 7191K->7191K(9728K), 0.0002774 secs] [Times: user=0.01 sys=0.00, real=0.00 secs] 
14.069: [Full GC (Allocation Failure) [PSYoungGen: 32K->0K(1536K)] [ParOldGen: 7159K->2295K(8192K)] 7191K->2295K(9728K), [Metaspace: 3328K->3328K(1056768K)], 0.0025479 secs] [Times: user=0.00 sys=0.00, real=0.00 secs] 
14.072: [GC (Allocation Failure) [PSYoungGen: 20K->32K(1536K)] 7180K->7192K(9728K), 0.0008439 secs] [Times: user=0.00 sys=0.00, real=0.01 secs] 
14.073: [GC (Allocation Failure) [PSYoungGen: 32K->32K(1536K)] 7192K->7192K(9728K), 0.0002575 secs] [Times: user=0.00 sys=0.00, real=0.00 secs] 
14.073: [Full GC (Allocation Failure) [PSYoungGen: 32K->0K(1536K)] [ParOldGen: 7160K->2295K(8192K)] 7192K->2295K(9728K), [Metaspace: 3328K->3328K(1056768K)], 0.0021221 secs] [Times: user=0.01 sys=0.00, real=0.00 secs] 
14.076: [GC (Allocation Failure) [PSYoungGen: 20K->32K(1536K)] 7181K->7192K(9728K), 0.0008310 secs] [Times: user=0.00 sys=0.00, real=0.00 secs] 
14.077: [GC (Allocation Failure) [PSYoungGen: 32K->32K(1536K)] 7192K->7192K(9728K), 0.0002761 secs] [Times: user=0.00 sys=0.00, real=0.00 secs] 
14.077: [Full GC (Allocation Failure) [PSYoungGen: 32K->0K(1536K)] [ParOldGen: 7160K->2295K(8192K)] 7192K->2295K(9728K), [Metaspace: 3328K->3328K(1056768K)], 0.0023938 secs] [Times: user=0.01 sys=0.00, real=0.00 secs] 
14.080: [GC (Allocation Failure) [PSYoungGen: 20K->32K(1536K)] 7182K->7193K(9728K), 0.0006776 secs] [Times: user=0.00 sys=0.00, real=0.00 secs] 
14.081: [GC (Allocation Failure) [PSYoungGen: 32K->32K(1536K)] 7193K->7193K(9728K), 0.0007973 secs] [Times: user=0.00 sys=0.00, real=0.00 secs] 
14.081: [Full GC (Allocation Failure) [PSYoungGen: 32K->0K(1536K)] [ParOldGen: 7161K->2295K(8192K)] 7193K->2295K(9728K), [Metaspace: 3328K->3328K(1056768K)], 0.0019760 secs] [Times: user=0.00 sys=0.00, real=0.01 secs] 
14.084: [GC (Allocation Failure) [PSYoungGen: 20K->32K(1536K)] 7182K->7194K(9728K), 0.0008492 secs] [Times: user=0.01 sys=0.00, real=0.00 secs] 
14.085: [GC (Allocation Failure) [PSYoungGen: 32K->32K(1536K)] 7194K->7194K(9728K), 0.0002863 secs] [Times: user=0.00 sys=0.00, real=0.00 secs] 
14.085: [Full GC (Allocation Failure) [PSYoungGen: 32K->0K(1536K)] [ParOldGen: 7162K->2296K(8192K)] 7194K->2296K(9728K), [Metaspace: 3328K->3328K(1056768K)], 0.0020963 secs] [Times: user=0.00 sys=0.00, real=0.00 secs] 
14.088: [GC (Allocation Failure) [PSYoungGen: 20K->32K(1536K)] 7183K->7195K(9728K), 0.0008382 secs] [Times: user=0.00 sys=0.00, real=0.00 secs] 
14.089: [GC (Allocation Failure) [PSYoungGen: 32K->32K(1536K)] 7195K->7195K(9728K), 0.0002883 secs] [Times: user=0.00 sys=0.00, real=0.00 secs] 
14.089: [Full GC (Allocation Failure) [PSYoungGen: 32K->0K(1536K)] [ParOldGen: 7163K->2296K(8192K)] 7195K->2296K(9728K), [Metaspace: 3328K->3328K(1056768K)], 0.0021398 secs] [Times: user=0.01 sys=0.00, real=0.00 secs] 
14.091: [GC (Allocation Failure) [PSYoungGen: 20K->32K(1536K)] 7184K->7196K(9728K), 0.0008292 secs] [Times: user=0.00 sys=0.00, real=0.00 secs] 
14.092: [GC (Allocation Failure) [PSYoungGen: 32K->32K(1536K)] 7196K->7196K(9728K), 0.0007711 secs] [Times: user=0.00 sys=0.00, real=0.01 secs] 
14.093: [Full GC (Allocation Failure) [PSYoungGen: 32K->0K(1536K)] [ParOldGen: 7164K->2296K(8192K)] 7196K->2296K(9728K), [Metaspace: 3328K->3328K(1056768K)], 0.0023447 secs] [Times: user=0.01 sys=0.00, real=0.00 secs] 
14.096: [GC (Allocation Failure) [PSYoungGen: 20K->32K(1536K)] 7185K->7196K(9728K), 0.0008506 secs] [Times: user=0.00 sys=0.00, real=0.00 secs] 
14.097: [GC (Allocation Failure) [PSYoungGen: 32K->32K(1536K)] 7196K->7196K(9728K), 0.0002844 secs] [Times: user=0.00 sys=0.00, real=0.00 secs] 
14.097: [Full GC (Allocation Failure) [PSYoungGen: 32K->0K(1536K)] [ParOldGen: 7164K->2296K(8192K)] 7196K->2296K(9728K), [Metaspace: 3328K->3328K(1056768K)], 0.0025537 secs] [Times: user=0.01 sys=0.00, real=0.00 secs] 
14.100: [GC (Allocation Failure) [PSYoungGen: 20K->32K(1536K)] 7186K->7197K(9728K), 0.0008291 secs] [Times: user=0.00 sys=0.00, real=0.00 secs] 
14.101: [GC (Allocation Failure) [PSYoungGen: 32K->32K(1536K)] 7197K->7197K(9728K), 0.0002613 secs] [Times: user=0.00 sys=0.00, real=0.00 secs] 
14.101: [Full GC (Allocation Failure) [PSYoungGen: 32K->0K(1536K)] [ParOldGen: 7165K->2296K(8192K)] 7197K->2296K(9728K), [Metaspace: 3328K->3328K(1056768K)], 0.0021231 secs] [Times: user=0.00 sys=0.00, real=0.01 secs] 
14.104: [GC (Allocation Failure) [PSYoungGen: 20K->32K(1536K)] 7186K->7198K(9728K), 0.0008363 secs] [Times: user=0.00 sys=0.00, real=0.00 secs] 
14.105: [GC (Allocation Failure) [PSYoungGen: 32K->32K(1536K)] 7198K->7198K(9728K), 0.0002854 secs] [Times: user=0.00 sys=0.00, real=0.00 secs] 
14.105: [Full GC (Allocation Failure) [PSYoungGen: 32K->0K(1536K)] [ParOldGen: 7166K->2296K(8192K)] 7198K->2296K(9728K), [Metaspace: 3328K->3328K(1056768K)], 0.0024871 secs] [Times: user=0.00 sys=0.00, real=0.00 secs] 
14.108: [GC (Allocation Failure) [PSYoungGen: 20K->32K(1536K)] 7187K->7199K(9728K), 0.0003162 secs] [Times: user=0.00 sys=0.00, real=0.00 secs] 
14.108: [GC (Allocation Failure) [PSYoungGen: 32K->32K(1536K)] 7199K->7199K(9728K), 0.0007896 secs] [Times: user=0.01 sys=0.01, real=0.00 secs] 
14.109: [Full GC (Allocation Failure) [PSYoungGen: 32K->0K(1536K)] [ParOldGen: 7167K->2297K(8192K)] 7199K->2297K(9728K), [Metaspace: 3328K->3328K(1056768K)], 0.0025182 secs] [Times: user=0.00 sys=0.00, real=0.00 secs] 
14.112: [GC (Allocation Failure) [PSYoungGen: 20K->32K(1536K)] 7188K->7200K(9728K), 0.0008498 secs] [Times: user=0.00 sys=0.00, real=0.01 secs] 
14.113: [GC (Allocation Failure) [PSYoungGen: 32K->32K(1536K)] 7200K->7200K(9728K), 0.0002779 secs] [Times: user=0.00 sys=0.00, real=0.00 secs] 
14.113: [Full GC (Allocation Failure) [PSYoungGen: 32K->0K(1536K)] [ParOldGen: 7168K->2297K(8192K)] 7200K->2297K(9728K), [Metaspace: 3328K->3328K(1056768K)], 0.0021075 secs] [Times: user=0.01 sys=0.00, real=0.00 secs] 
14.116: [GC (Allocation Failure) [PSYoungGen: 20K->32K(1536K)] 7189K->7200K(9728K), 0.0008354 secs] [Times: user=0.00 sys=0.00, real=0.00 secs] 
14.117: [GC (Allocation Failure) [PSYoungGen: 32K->32K(1536K)] 7200K->7200K(9728K), 0.0002702 secs] [Times: user=0.00 sys=0.00, real=0.00 secs] 
14.117: [Full GC (Allocation Failure) [PSYoungGen: 32K->0K(1536K)] [ParOldGen: 7168K->2297K(8192K)] 7200K->2297K(9728K), [Metaspace: 3328K->3328K(1056768K)], 0.0021972 secs] [Times: user=0.01 sys=0.00, real=0.00 secs] 
14.120: [GC (Allocation Failure) [PSYoungGen: 20K->32K(1536K)] 7190K->7201K(9728K), 0.0003546 secs] [Times: user=0.00 sys=0.00, real=0.00 secs] 
14.120: [GC (Allocation Failure) [PSYoungGen: 32K->32K(1536K)] 7201K->7201K(9728K), 0.0003549 secs] [Times: user=0.00 sys=0.00, real=0.00 secs] 
14.121: [Full GC (Allocation Failure) [PSYoungGen: 32K->0K(1536K)] [ParOldGen: 7169K->2297K(8192K)] 7201K->2297K(9728K), [Metaspace: 3328K->3328K(1056768K)], 0.0021661 secs] [Times: user=0.00 sys=0.00, real=0.01 secs] 
14.123: [GC (Allocation Failure) [PSYoungGen: 20K->32K(1536K)] 7190K->7202K(9728K), 0.0008390 secs] [Times: user=0.01 sys=0.00, real=0.00 secs] 
14.124: [GC (Allocation Failure) [PSYoungGen: 32K->32K(1536K)] 7202K->7202K(9728K), 0.0002843 secs] [Times: user=0.00 sys=0.00, real=0.00 secs] 
14.125: [Full GC (Allocation Failure) [PSYoungGen: 32K->0K(1536K)] [ParOldGen: 7170K->2297K(8192K)] 7202K->2297K(9728K), [Metaspace: 3328K->3328K(1056768K)], 0.0023605 secs] [Times: user=0.00 sys=0.00, real=0.00 secs] 
14.127: [GC (Allocation Failure) [PSYoungGen: 20K->32K(1536K)] 7191K->7203K(9728K), 0.0008353 secs] [Times: user=0.00 sys=0.00, real=0.00 secs] 
14.128: [GC (Allocation Failure) [PSYoungGen: 32K->32K(1536K)] 7203K->7203K(9728K), 0.0002679 secs] [Times: user=0.00 sys=0.00, real=0.00 secs] 
14.129: [Full GC (Allocation Failure) [PSYoungGen: 32K->0K(1536K)] [ParOldGen: 7171K->2297K(8192K)] 7203K->2297K(9728K), [Metaspace: 3328K->3328K(1056768K)], 0.0023358 secs] [Times: user=0.01 sys=0.00, real=0.00 secs] 
14.131: [GC (Allocation Failure) [PSYoungGen: 20K->32K(1536K)] 7192K->7204K(9728K), 0.0008294 secs] [Times: user=0.00 sys=0.00, real=0.00 secs] 
14.132: [GC (Allocation Failure) [PSYoungGen: 32K->32K(1536K)] 7204K->7204K(9728K), 0.0002668 secs] [Times: user=0.00 sys=0.00, real=0.00 secs] 
14.132: [Full GC (Allocation Failure) [PSYoungGen: 32K->0K(1536K)] [ParOldGen: 7172K->2298K(8192K)] 7204K->2298K(9728K), [Metaspace: 3328K->3328K(1056768K)], 0.0024608 secs] [Times: user=0.01 sys=0.00, real=0.01 secs] 
14.135: [GC (Allocation Failure) [PSYoungGen: 20K->32K(1536K)] 7193K->7204K(9728K), 0.0008492 secs] [Times: user=0.00 sys=0.00, real=0.00 secs] 
14.136: [GC (Allocation Failure) [PSYoungGen: 32K->32K(1536K)] 7204K->7204K(9728K), 0.0007991 secs] [Times: user=0.00 sys=0.00, real=0.00 secs] 
14.137: [Full GC (Allocation Failure) [PSYoungGen: 32K->0K(1536K)] [ParOldGen: 7172K->2298K(8192K)] 7204K->2298K(9728K), [Metaspace: 3328K->3328K(1056768K)], 0.0024297 secs] [Times: user=0.01 sys=0.00, real=0.00 secs] 
14.140: [GC (Allocation Failure) [PSYoungGen: 20K->32K(1536K)] 7194K->7205K(9728K), 0.0008267 secs] [Times: user=0.00 sys=0.00, real=0.00 secs] 
14.141: [GC (Allocation Failure) [PSYoungGen: 32K->32K(1536K)] 7205K->7205K(9728K), 0.0002817 secs] [Times: user=0.00 sys=0.00, real=0.00 secs] 
14.141: [Full GC (Allocation Failure) [PSYoungGen: 32K->0K(1536K)] [ParOldGen: 7173K->2298K(8192K)] 7205K->2298K(9728K), [Metaspace: 3328K->3328K(1056768K)], 0.0019956 secs] [Times: user=0.01 sys=0.00, real=0.01 secs] 
14.144: [GC (Allocation Failure) [PSYoungGen: 20K->32K(1536K)] 7194K->7206K(9728K), 0.0008677 secs] [Times: user=0.00 sys=0.00, real=0.00 secs] 
14.145: [GC (Allocation Failure) [PSYoungGen: 32K->32K(1536K)] 7206K->7206K(9728K), 0.0002678 secs] [Times: user=0.00 sys=0.00, real=0.00 secs] 
14.145: [Full GC (Allocation Failure) [PSYoungGen: 32K->0K(1536K)] [ParOldGen: 7174K->2298K(8192K)] 7206K->2298K(9728K), [Metaspace: 3328K->3328K(1056768K)], 0.0027056 secs] [Times: user=0.00 sys=0.00, real=0.00 secs] 
14.148: [GC (Allocation Failure) [PSYoungGen: 20K->32K(1536K)] 7195K->7207K(9728K), 0.0008377 secs] [Times: user=0.01 sys=0.00, real=0.00 secs] 
14.149: [GC (Allocation Failure) [PSYoungGen: 32K->32K(1536K)] 7207K->7207K(9728K), 0.0002817 secs] [Times: user=0.00 sys=0.00, real=0.00 secs] 
14.149: [Full GC (Allocation Failure) [PSYoungGen: 32K->0K(1536K)] [ParOldGen: 7175K->2298K(8192K)] 7207K->2298K(9728K), [Metaspace: 3328K->3328K(1056768K)], 0.0021868 secs] [Times: user=0.00 sys=0.00, real=0.00 secs] 
14.152: [GC (Allocation Failure) [PSYoungGen: 20K->32K(1536K)] 7196K->7208K(9728K), 0.0009352 secs] [Times: user=0.00 sys=0.00, real=0.01 secs] 
14.153: [GC (Allocation Failure) [PSYoungGen: 32K->32K(1536K)] 7208K->7208K(9728K), 0.0023459 secs] [Times: user=0.01 sys=0.00, real=0.00 secs] 
14.155: [Full GC (Allocation Failure) [PSYoungGen: 32K->0K(1536K)] [ParOldGen: 7176K->2298K(8192K)] 7208K->2298K(9728K), [Metaspace: 3328K->3328K(1056768K)], 0.0029653 secs] [Times: user=0.00 sys=0.00, real=0.00 secs] 
14.159: [GC (Allocation Failure) [PSYoungGen: 20K->32K(1536K)] 7197K->7208K(9728K), 0.0008990 secs] [Times: user=0.00 sys=0.00, real=0.00 secs] 
14.160: [GC (Allocation Failure) [PSYoungGen: 32K->32K(1536K)] 7208K->7208K(9728K), 0.0006148 secs] [Times: user=0.01 sys=0.00, real=0.00 secs] 
14.160: [Full GC (Allocation Failure) [PSYoungGen: 32K->0K(1536K)] [ParOldGen: 7176K->2299K(8192K)] 7208K->2299K(9728K), [Metaspace: 3328K->3328K(1056768K)], 0.0022976 secs] [Times: user=0.00 sys=0.00, real=0.01 secs] 
14.163: [GC (Allocation Failure) [PSYoungGen: 20K->32K(1536K)] 7198K->7209K(9728K), 0.0003264 secs] [Times: user=0.00 sys=0.00, real=0.00 secs] 
14.164: [GC (Allocation Failure) [PSYoungGen: 32K->32K(1536K)] 7209K->7209K(9728K), 0.0002758 secs] [Times: user=0.00 sys=0.00, real=0.00 secs] 
14.164: [Full GC (Allocation Failure) [PSYoungGen: 32K->0K(1536K)] [ParOldGen: 7177K->2299K(8192K)] 7209K->2299K(9728K), [Metaspace: 3328K->3328K(1056768K)], 0.0023993 secs] [Times: user=0.01 sys=0.00, real=0.00 secs] 
14.167: [GC (Allocation Failure) [PSYoungGen: 20K->32K(1536K)] 7198K->7210K(9728K), 0.0008401 secs] [Times: user=0.00 sys=0.00, real=0.00 secs] 
14.168: [GC (Allocation Failure) [PSYoungGen: 32K->32K(1536K)] 7210K->7210K(9728K), 0.0002514 secs] [Times: user=0.00 sys=0.00, real=0.00 secs] 
14.168: [Full GC (Allocation Failure) [PSYoungGen: 32K->0K(1536K)] [ParOldGen: 7178K->2299K(8192K)] 7210K->2299K(9728K), [Metaspace: 3328K->3328K(1056768K)], 0.0020013 secs] [Times: user=0.00 sys=0.00, real=0.00 secs] 
14.170: [GC (Allocation Failure) [PSYoungGen: 20K->32K(1536K)] 7199K->7211K(9728K), 0.0008298 secs] [Times: user=0.01 sys=0.00, real=0.00 secs] 
14.171: [GC (Allocation Failure) [PSYoungGen: 32K->32K(1536K)] 7211K->7211K(9728K), 0.0002782 secs] [Times: user=0.00 sys=0.00, real=0.00 secs] 
14.171: [Full GC (Allocation Failure) [PSYoungGen: 32K->0K(1536K)] [ParOldGen: 7179K->2299K(8192K)] 7211K->2299K(9728K), [Metaspace: 3328K->3328K(1056768K)], 0.0024866 secs] [Times: user=0.00 sys=0.00, real=0.01 secs] 
14.174: [GC (Allocation Failure) [PSYoungGen: 20K->32K(1536K)] 7200K->7212K(9728K), 0.0008430 secs] [Times: user=0.01 sys=0.00, real=0.00 secs] 
14.175: [GC (Allocation Failure) [PSYoungGen: 32K->32K(1536K)] 7212K->7212K(9728K), 0.0002539 secs] [Times: user=0.00 sys=0.00, real=0.00 secs] 
14.176: [Full GC (Allocation Failure) [PSYoungGen: 32K->0K(1536K)] [ParOldGen: 7180K->2299K(8192K)] 7212K->2299K(9728K), [Metaspace: 3328K->3328K(1056768K)], 0.0023441 secs] [Times: user=0.00 sys=0.00, real=0.00 secs] 
14.178: [GC (Allocation Failure) [PSYoungGen: 20K->32K(1536K)] 7201K->7212K(9728K), 0.0008434 secs] [Times: user=0.00 sys=0.00, real=0.00 secs] 
14.179: [GC (Allocation Failure) [PSYoungGen: 32K->32K(1536K)] 7212K->7212K(9728K), 0.0002710 secs] [Times: user=0.00 sys=0.00, real=0.00 secs] 
14.180: [Full GC (Allocation Failure) [PSYoungGen: 32K->0K(1536K)] [ParOldGen: 7180K->2299K(8192K)] 7212K->2299K(9728K), [Metaspace: 3328K->3328K(1056768K)], 0.0025050 secs] [Times: user=0.01 sys=0.00, real=0.00 secs] 
14.183: [GC (Allocation Failure) [PSYoungGen: 20K->32K(1536K)] 7202K->7213K(9728K), 0.0008411 secs] [Times: user=0.00 sys=0.00, real=0.01 secs] 
14.183: [GC (Allocation Failure) [PSYoungGen: 32K->32K(1536K)] 7213K->7213K(9728K), 0.0002608 secs] [Times: user=0.00 sys=0.00, real=0.00 secs] 
14.184: [Full GC (Allocation Failure) [PSYoungGen: 32K->0K(1536K)] [ParOldGen: 7181K->2299K(8192K)] 7213K->2299K(9728K), [Metaspace: 3328K->3328K(1056768K)], 0.0020092 secs] [Times: user=0.01 sys=0.00, real=0.00 secs] 
14.186: [GC (Allocation Failure) [PSYoungGen: 20K->32K(1536K)] 7202K->7214K(9728K), 0.0008359 secs] [Times: user=0.00 sys=0.00, real=0.00 secs] 
14.187: [GC (Allocation Failure) [PSYoungGen: 32K->32K(1536K)] 7214K->7214K(9728K), 0.0002450 secs] [Times: user=0.00 sys=0.00, real=0.00 secs] 
14.187: [Full GC (Allocation Failure) [PSYoungGen: 32K->0K(1536K)] [ParOldGen: 7182K->2300K(8192K)] 7214K->2300K(9728K), [Metaspace: 3328K->3328K(1056768K)], 0.0025002 secs] [Times: user=0.01 sys=0.00, real=0.00 secs] 
14.190: [GC (Allocation Failure) [PSYoungGen: 20K->32K(1536K)] 7203K->7215K(9728K), 0.0008405 secs] [Times: user=0.00 sys=0.00, real=0.00 secs] 
14.191: [GC (Allocation Failure) [PSYoungGen: 32K->32K(1536K)] 7215K->7215K(9728K), 0.0002986 secs] [Times: user=0.00 sys=0.00, real=0.00 secs] 
14.192: [Full GC (Allocation Failure) [PSYoungGen: 32K->0K(1536K)] [ParOldGen: 7183K->2300K(8192K)] 7215K->2300K(9728K), [Metaspace: 3328K->3328K(1056768K)], 0.0024931 secs] [Times: user=0.00 sys=0.00, real=0.01 secs] 
14.194: [GC (Allocation Failure) [PSYoungGen: 20K->32K(1536K)] 7204K->7216K(9728K), 0.0008448 secs] [Times: user=0.01 sys=0.00, real=0.00 secs] 
14.195: [GC (Allocation Failure) [PSYoungGen: 32K->32K(1536K)] 7216K->7216K(9728K), 0.0002730 secs] [Times: user=0.00 sys=0.00, real=0.00 secs] 
14.196: [Full GC (Allocation Failure) [PSYoungGen: 32K->0K(1536K)] [ParOldGen: 7184K->2300K(8192K)] 7216K->2300K(9728K), [Metaspace: 3328K->3328K(1056768K)], 0.0025184 secs] [Times: user=0.00 sys=0.00, real=0.00 secs] 
14.199: [GC (Allocation Failure) [PSYoungGen: 20K->32K(1536K)] 7205K->7216K(9728K), 0.0008287 secs] [Times: user=0.00 sys=0.01, real=0.00 secs] 
14.199: [GC (Allocation Failure) [PSYoungGen: 32K->32K(1536K)] 7216K->7216K(9728K), 0.0002671 secs] [Times: user=0.00 sys=0.00, real=0.00 secs] 
14.200: [Full GC (Allocation Failure) [PSYoungGen: 32K->0K(1536K)] [ParOldGen: 7184K->2300K(8192K)] 7216K->2300K(9728K), [Metaspace: 3328K->3328K(1056768K)], 0.0020609 secs] [Times: user=0.01 sys=0.00, real=0.00 secs] 
14.202: [GC (Allocation Failure) [PSYoungGen: 20K->32K(1536K)] 7206K->7217K(9728K), 0.0008374 secs] [Times: user=0.00 sys=0.00, real=0.01 secs] 
14.203: [GC (Allocation Failure) [PSYoungGen: 32K->32K(1536K)] 7217K->7217K(9728K), 0.0002727 secs] [Times: user=0.00 sys=0.00, real=0.00 secs] 
14.204: [Full GC (Allocation Failure) [PSYoungGen: 32K->0K(1536K)] [ParOldGen: 7185K->2300K(8192K)] 7217K->2300K(9728K), [Metaspace: 3328K->3328K(1056768K)], 0.0023871 secs] [Times: user=0.01 sys=0.00, real=0.00 secs] 
14.206: [GC (Allocation Failure) [PSYoungGen: 20K->32K(1536K)] 7206K->7218K(9728K), 0.0008194 secs] [Times: user=0.00 sys=0.00, real=0.00 secs] 
14.207: [GC (Allocation Failure) [PSYoungGen: 32K->32K(1536K)] 7218K->7218K(9728K), 0.0002869 secs] [Times: user=0.00 sys=0.00, real=0.00 secs] 
14.208: [Full GC (Allocation Failure) [PSYoungGen: 32K->0K(1536K)] [ParOldGen: 7186K->2300K(8192K)] 7218K->2300K(9728K), [Metaspace: 3328K->3328K(1056768K)], 0.0025264 secs] [Times: user=0.01 sys=0.00, real=0.00 secs] 
14.211: [GC (Allocation Failure) [PSYoungGen: 20K->32K(1536K)] 7207K->7219K(9728K), 0.0008394 secs] [Times: user=0.00 sys=0.00, real=0.00 secs] 
14.211: [GC (Allocation Failure) [PSYoungGen: 32K->32K(1536K)] 7219K->7219K(9728K), 0.0007803 secs] [Times: user=0.00 sys=0.00, real=0.00 secs] 
14.212: [Full GC (Allocation Failure) [PSYoungGen: 32K->0K(1536K)] [ParOldGen: 7187K->2301K(8192K)] 7219K->2301K(9728K), [Metaspace: 3328K->3328K(1056768K)], 0.0022744 secs] [Times: user=0.01 sys=0.00, real=0.01 secs] 
14.216: [GC (Allocation Failure) [PSYoungGen: 20K->32K(1536K)] 7208K->7220K(9728K), 0.0011607 secs] [Times: user=0.00 sys=0.00, real=0.00 secs] 
14.218: [GC (Allocation Failure) [PSYoungGen: 32K->32K(1536K)] 7220K->7220K(9728K), 0.0004327 secs] [Times: user=0.00 sys=0.00, real=0.00 secs] 
14.218: [Full GC (Allocation Failure) [PSYoungGen: 32K->0K(1536K)] [ParOldGen: 7188K->2301K(8192K)] 7220K->2301K(9728K), [Metaspace: 3328K->3328K(1056768K)], 0.0036707 secs] [Times: user=0.01 sys=0.00, real=0.00 secs] 
14.224: [GC (Allocation Failure) [PSYoungGen: 20K->32K(1536K)] 7209K->7220K(9728K), 0.0008040 secs] [Times: user=0.00 sys=0.00, real=0.00 secs] 
14.225: [GC (Allocation Failure) [PSYoungGen: 32K->32K(1536K)] 7220K->7220K(9728K), 0.0003288 secs] [Times: user=0.00 sys=0.00, real=0.00 secs] 
14.225: [Full GC (Allocation Failure) [PSYoungGen: 32K->0K(1536K)] [ParOldGen: 7188K->2301K(8192K)] 7220K->2301K(9728K), [Metaspace: 3328K->3328K(1056768K)], 0.0022759 secs] [Times: user=0.01 sys=0.00, real=0.00 secs] 
14.228: [GC (Allocation Failure) [PSYoungGen: 20K->32K(1536K)] 7210K->7221K(9728K), 0.0002980 secs] [Times: user=0.00 sys=0.00, real=0.00 secs] 
14.228: [GC (Allocation Failure) [PSYoungGen: 32K->32K(1536K)] 7221K->7221K(9728K), 0.0002590 secs] [Times: user=0.00 sys=0.00, real=0.00 secs] 
14.228: [Full GC (Allocation Failure) [PSYoungGen: 32K->0K(1536K)] [ParOldGen: 7189K->2301K(8192K)] 7221K->2301K(9728K), [Metaspace: 3328K->3328K(1056768K)], 0.0022890 secs] [Times: user=0.00 sys=0.00, real=0.00 secs] 
14.231: [GC (Allocation Failure) [PSYoungGen: 20K->32K(1536K)] 7210K->7222K(9728K), 0.0008349 secs] [Times: user=0.00 sys=0.00, real=0.00 secs] 
14.232: [GC (Allocation Failure) [PSYoungGen: 32K->32K(1536K)] 7222K->7222K(9728K), 0.0002789 secs] [Times: user=0.01 sys=0.00, real=0.00 secs] 
14.232: [Full GC (Allocation Failure) [PSYoungGen: 32K->0K(1536K)] [ParOldGen: 7190K->2301K(8192K)] 7222K->2301K(9728K), [Metaspace: 3328K->3328K(1056768K)], 0.0024883 secs] [Times: user=0.00 sys=0.00, real=0.01 secs] 
14.235: [GC (Allocation Failure) [PSYoungGen: 20K->32K(1536K)] 7211K->7223K(9728K), 0.0008265 secs] [Times: user=0.00 sys=0.00, real=0.00 secs] 
14.236: [GC (Allocation Failure) [PSYoungGen: 32K->32K(1536K)] 7223K->7223K(9728K), 0.0002570 secs] [Times: user=0.00 sys=0.00, real=0.00 secs] 
14.236: [Full GC (Allocation Failure) [PSYoungGen: 32K->0K(1536K)] [ParOldGen: 7191K->2301K(8192K)] 7223K->2301K(9728K), [Metaspace: 3328K->3328K(1056768K)], 0.0019827 secs] [Times: user=0.01 sys=0.00, real=0.00 secs] 
14.239: [GC (Allocation Failure) [PSYoungGen: 20K->32K(1536K)] 7212K->7224K(9728K), 0.0008274 secs] [Times: user=0.00 sys=0.00, real=0.00 secs] 
14.240: [GC (Allocation Failure) [PSYoungGen: 32K->32K(1536K)] 7224K->7224K(9728K), 0.0002579 secs] [Times: user=0.00 sys=0.00, real=0.00 secs] 
14.240: [Full GC (Allocation Failure) [PSYoungGen: 32K->0K(1536K)] [ParOldGen: 7192K->2302K(8192K)] 7224K->2302K(9728K), [Metaspace: 3328K->3328K(1056768K)], 0.0020729 secs] [Times: user=0.01 sys=0.00, real=0.00 secs] 
14.242: [GC (Allocation Failure) [PSYoungGen: 20K->32K(1536K)] 7213K->7224K(9728K), 0.0008693 secs] [Times: user=0.00 sys=0.00, real=0.01 secs] 
14.243: [GC (Allocation Failure) [PSYoungGen: 32K->32K(1536K)] 7224K->7224K(9728K), 0.0002691 secs] [Times: user=0.00 sys=0.00, real=0.00 secs] 
14.244: [Full GC (Allocation Failure) [PSYoungGen: 32K->0K(1536K)] [ParOldGen: 7192K->2302K(8192K)] 7224K->2302K(9728K), [Metaspace: 3328K->3328K(1056768K)], 0.0024975 secs] [Times: user=0.00 sys=0.00, real=0.00 secs] 
14.247: [GC (Allocation Failure) [PSYoungGen: 20K->32K(1536K)] 7214K->7225K(9728K), 0.0008103 secs] [Times: user=0.01 sys=0.00, real=0.00 secs] 
14.247: [GC (Allocation Failure) [PSYoungGen: 32K->32K(1536K)] 7225K->7225K(9728K), 0.0002538 secs] [Times: user=0.00 sys=0.00, real=0.00 secs] 
14.248: [Full GC (Allocation Failure) [PSYoungGen: 32K->0K(1536K)] [ParOldGen: 7193K->2302K(8192K)] 7225K->2302K(9728K), [Metaspace: 3328K->3328K(1056768K)], 0.0021507 secs] [Times: user=0.00 sys=0.00, real=0.00 secs] 
14.250: [GC (Allocation Failure) [PSYoungGen: 20K->32K(1536K)] 7214K->7226K(9728K), 0.0008280 secs] [Times: user=0.00 sys=0.00, real=0.00 secs] 
14.251: [GC (Allocation Failure) [PSYoungGen: 32K->32K(1536K)] 7226K->7226K(9728K), 0.0007915 secs] [Times: user=0.01 sys=0.00, real=0.00 secs] 
14.252: [Full GC (Allocation Failure) [PSYoungGen: 32K->0K(1536K)] [ParOldGen: 7194K->2302K(8192K)] 7226K->2302K(9728K), [Metaspace: 3328K->3328K(1056768K)], 0.0021557 secs] [Times: user=0.00 sys=0.00, real=0.01 secs] 
14.255: [GC (Allocation Failure) [PSYoungGen: 20K->32K(1536K)] 7215K->7227K(9728K), 0.0008405 secs] [Times: user=0.00 sys=0.00, real=0.00 secs] 
14.256: [GC (Allocation Failure) [PSYoungGen: 32K->32K(1536K)] 7227K->7227K(9728K), 0.0002809 secs] [Times: user=0.00 sys=0.00, real=0.00 secs] 
14.256: [Full GC (Allocation Failure) [PSYoungGen: 32K->0K(1536K)] [ParOldGen: 7195K->2302K(8192K)] 7227K->2302K(9728K), [Metaspace: 3328K->3328K(1056768K)], 0.0024871 secs] [Times: user=0.01 sys=0.00, real=0.00 secs] 
14.259: [GC (Allocation Failure) [PSYoungGen: 20K->32K(1536K)] 7216K->7228K(9728K), 0.0008321 secs] [Times: user=0.00 sys=0.00, real=0.00 secs] 
14.260: [GC (Allocation Failure) [PSYoungGen: 32K->32K(1536K)] 7228K->7228K(9728K), 0.0002680 secs] [Times: user=0.00 sys=0.00, real=0.00 secs] 
14.260: [Full GC (Allocation Failure) [PSYoungGen: 32K->0K(1536K)] [ParOldGen: 7196K->2302K(8192K)] 7228K->2302K(9728K), [Metaspace: 3328K->3328K(1056768K)], 0.0023898 secs] [Times: user=0.01 sys=0.00, real=0.00 secs] 
14.263: [GC (Allocation Failure) [PSYoungGen: 20K->32K(1536K)] 7217K->7228K(9728K), 0.0008476 secs] [Times: user=0.00 sys=0.00, real=0.00 secs] 
14.264: [GC (Allocation Failure) [PSYoungGen: 32K->32K(1536K)] 7228K->7228K(9728K), 0.0002666 secs] [Times: user=0.00 sys=0.00, real=0.00 secs] 
14.264: [Full GC (Allocation Failure) [PSYoungGen: 32K->0K(1536K)] [ParOldGen: 7196K->2303K(8192K)] 7228K->2303K(9728K), [Metaspace: 3328K->3328K(1056768K)], 0.0023555 secs] [Times: user=0.01 sys=0.00, real=0.00 secs] 
14.267: [GC (Allocation Failure) [PSYoungGen: 20K->32K(1536K)] 7218K->7229K(9728K), 0.0008467 secs] [Times: user=0.00 sys=0.00, real=0.00 secs] 
14.268: [GC (Allocation Failure) [PSYoungGen: 32K->32K(1536K)] 7229K->7229K(9728K), 0.0007963 secs] [Times: user=0.00 sys=0.00, real=0.00 secs] 
14.269: [Full GC (Allocation Failure) [PSYoungGen: 32K->0K(1536K)] [ParOldGen: 7197K->2303K(8192K)] 7229K->2303K(9728K), [Metaspace: 3328K->3328K(1056768K)], 0.0024675 secs] [Times: user=0.01 sys=0.00, real=0.00 secs] 
14.271: [GC (Allocation Failure) [PSYoungGen: 20K->32K(1536K)] 7218K->7230K(9728K), 0.0008439 secs] [Times: user=0.00 sys=0.00, real=0.00 secs] 
14.272: [GC (Allocation Failure) [PSYoungGen: 32K->32K(1536K)] 7230K->7230K(9728K), 0.0002698 secs] [Times: user=0.00 sys=0.00, real=0.01 secs] 
14.273: [Full GC (Allocation Failure) [PSYoungGen: 32K->0K(1536K)] [ParOldGen: 7198K->2303K(8192K)] 7230K->2303K(9728K), [Metaspace: 3328K->3328K(1056768K)], 0.0023952 secs] [Times: user=0.00 sys=0.00, real=0.00 secs] 
14.275: [GC (Allocation Failure) [PSYoungGen: 20K->32K(1536K)] 7219K->7231K(9728K), 0.0008296 secs] [Times: user=0.01 sys=0.00, real=0.00 secs] 
14.276: [GC (Allocation Failure) [PSYoungGen: 32K->32K(1536K)] 7231K->7231K(9728K), 0.0002720 secs] [Times: user=0.00 sys=0.00, real=0.00 secs] 
14.277: [Full GC (Allocation Failure) [PSYoungGen: 32K->0K(1536K)] [ParOldGen: 7199K->2303K(8192K)] 7231K->2303K(9728K), [Metaspace: 3328K->3328K(1056768K)], 0.0023663 secs] [Times: user=0.00 sys=0.00, real=0.00 secs] 
14.279: [GC (Allocation Failure) [PSYoungGen: 20K->32K(1536K)] 7220K->7232K(9728K), 0.0008304 secs] [Times: user=0.00 sys=0.00, real=0.00 secs] 
14.280: [GC (Allocation Failure) [PSYoungGen: 32K->32K(1536K)] 7232K->7232K(9728K), 0.0002602 secs] [Times: user=0.00 sys=0.00, real=0.00 secs] 
14.281: [Full GC (Allocation Failure) [PSYoungGen: 32K->0K(1536K)] [ParOldGen: 7200K->2303K(8192K)] 7232K->2303K(9728K), [Metaspace: 3328K->3328K(1056768K)], 0.0024763 secs] [Times: user=0.01 sys=0.00, real=0.01 secs] 
14.284: [GC (Allocation Failure) [PSYoungGen: 20K->32K(1536K)] 7221K->7232K(9728K), 0.0008531 secs] [Times: user=0.00 sys=0.01, real=0.00 secs] 
14.284: [GC (Allocation Failure) [PSYoungGen: 32K->32K(1536K)] 7232K->7232K(9728K), 0.0008098 secs] [Times: user=0.00 sys=0.00, real=0.00 secs] 
14.285: [Full GC (Allocation Failure) [PSYoungGen: 32K->0K(1536K)] [ParOldGen: 7200K->2303K(8192K)] 7232K->2303K(9728K), [Metaspace: 3328K->3328K(1056768K)], 0.0025331 secs] [Times: user=0.01 sys=0.00, real=0.00 secs] 
14.288: [GC (Allocation Failure) [PSYoungGen: 20K->32K(1536K)] 7222K->7233K(9728K), 0.0003323 secs] [Times: user=0.00 sys=0.00, real=0.00 secs] 
14.289: [GC (Allocation Failure) [PSYoungGen: 32K->32K(1536K)] 7233K->7233K(9728K), 0.0002657 secs] [Times: user=0.00 sys=0.00, real=0.00 secs] 
14.289: [Full GC (Allocation Failure) [PSYoungGen: 32K->0K(1536K)] [ParOldGen: 7201K->2303K(8192K)] 7233K->2303K(9728K), [Metaspace: 3328K->3328K(1056768K)], 0.0024969 secs] [Times: user=0.01 sys=0.00, real=0.00 secs] 
14.292: [GC (Allocation Failure) [PSYoungGen: 20K->32K(1536K)] 7222K->7234K(9728K), 0.0008177 secs] [Times: user=0.00 sys=0.00, real=0.01 secs] 
14.293: [GC (Allocation Failure) [PSYoungGen: 32K->32K(1536K)] 7234K->7234K(9728K), 0.0007601 secs] [Times: user=0.00 sys=0.00, real=0.00 secs] 
14.294: [Full GC (Allocation Failure) [PSYoungGen: 32K->0K(1536K)] [ParOldGen: 7202K->2304K(8192K)] 7234K->2304K(9728K), [Metaspace: 3328K->3328K(1056768K)], 0.0021644 secs] [Times: user=0.01 sys=0.00, real=0.00 secs] 
14.296: [GC (Allocation Failure) [PSYoungGen: 20K->32K(1536K)] 7223K->7235K(9728K), 0.0008327 secs] [Times: user=0.00 sys=0.00, real=0.00 secs] 
14.297: [GC (Allocation Failure) [PSYoungGen: 32K->32K(1536K)] 7235K->7235K(9728K), 0.0002966 secs] [Times: user=0.00 sys=0.00, real=0.00 secs] 
14.297: [Full GC (Allocation Failure) [PSYoungGen: 32K->0K(1536K)] [ParOldGen: 7203K->2304K(8192K)] 7235K->2304K(9728K), [Metaspace: 3328K->3328K(1056768K)], 0.0025638 secs] [Times: user=0.00 sys=0.00, real=0.00 secs] 
14.300: [GC (Allocation Failure) [PSYoungGen: 20K->32K(1536K)] 7224K->7236K(9728K), 0.0008611 secs] [Times: user=0.01 sys=0.00, real=0.00 secs] 
14.301: [GC (Allocation Failure) [PSYoungGen: 32K->32K(1536K)] 7236K->7236K(9728K), 0.0003104 secs] [Times: user=0.00 sys=0.00, real=0.00 secs] 
14.302: [Full GC (Allocation Failure) [PSYoungGen: 32K->0K(1536K)] [ParOldGen: 7204K->2304K(8192K)] 7236K->2304K(9728K), [Metaspace: 3328K->3328K(1056768K)], 0.0023672 secs] [Times: user=0.00 sys=0.00, real=0.01 secs] 
14.304: [GC (Allocation Failure) [PSYoungGen: 20K->32K(1536K)] 7225K->7236K(9728K), 0.0009153 secs] [Times: user=0.00 sys=0.00, real=0.00 secs] 
14.305: [GC (Allocation Failure) [PSYoungGen: 32K->32K(1536K)] 7236K->7236K(9728K), 0.0003128 secs] [Times: user=0.01 sys=0.00, real=0.00 secs] 
14.306: [Full GC (Allocation Failure) [PSYoungGen: 32K->0K(1536K)] [ParOldGen: 7204K->2304K(8192K)] 7236K->2304K(9728K), [Metaspace: 3328K->3328K(1056768K)], 0.0024874 secs] [Times: user=0.00 sys=0.00, real=0.00 secs] 
14.309: [GC (Allocation Failure) [PSYoungGen: 20K->32K(1536K)] 7226K->7237K(9728K), 0.0008310 secs] [Times: user=0.00 sys=0.00, real=0.00 secs] 
14.310: [GC (Allocation Failure) [PSYoungGen: 32K->32K(1536K)] 7237K->7237K(9728K), 0.0002707 secs] [Times: user=0.00 sys=0.00, real=0.00 secs] 
14.310: [Full GC (Allocation Failure) [PSYoungGen: 32K->0K(1536K)] [ParOldGen: 7205K->2304K(8192K)] 7237K->2304K(9728K), [Metaspace: 3328K->3328K(1056768K)], 0.0025499 secs] [Times: user=0.01 sys=0.00, real=0.00 secs] 
14.313: [GC (Allocation Failure) [PSYoungGen: 20K->32K(1536K)] 7226K->7238K(9728K), 0.0008325 secs] [Times: user=0.00 sys=0.00, real=0.00 secs] 
14.314: [GC (Allocation Failure) [PSYoungGen: 32K->32K(1536K)] 7238K->7238K(9728K), 0.0002545 secs] [Times: user=0.00 sys=0.00, real=0.00 secs] 
14.314: [Full GC (Allocation Failure) [PSYoungGen: 32K->0K(1536K)] [ParOldGen: 7206K->2304K(8192K)] 7238K->2304K(9728K), [Metaspace: 3328K->3328K(1056768K)], 0.0024724 secs] [Times: user=0.01 sys=0.00, real=0.00 secs] 
14.317: [GC (Allocation Failure) [PSYoungGen: 20K->32K(1536K)] 7227K->7239K(9728K), 0.0008524 secs] [Times: user=0.00 sys=0.00, real=0.00 secs] 
14.318: [GC (Allocation Failure) [PSYoungGen: 32K->32K(1536K)] 7239K->7239K(9728K), 0.0008045 secs] [Times: user=0.00 sys=0.00, real=0.00 secs] 
14.319: [Full GC (Allocation Failure) [PSYoungGen: 32K->0K(1536K)] [ParOldGen: 7207K->2305K(8192K)] 7239K->2305K(9728K), [Metaspace: 3328K->3328K(1056768K)], 0.0023516 secs] [Times: user=0.01 sys=0.00, real=0.00 secs] 
14.322: [GC (Allocation Failure) [PSYoungGen: 20K->32K(1536K)] 7228K->7240K(9728K), 0.0008610 secs] [Times: user=0.00 sys=0.00, real=0.00 secs] 
14.322: [GC (Allocation Failure) [PSYoungGen: 32K->32K(1536K)] 7240K->7240K(9728K), 0.0002674 secs] [Times: user=0.00 sys=0.00, real=0.01 secs] 
14.323: [Full GC (Allocation Failure) [PSYoungGen: 32K->0K(1536K)] [ParOldGen: 7208K->2305K(8192K)] 7240K->2305K(9728K), [Metaspace: 3328K->3328K(1056768K)], 0.0023626 secs] [Times: user=0.01 sys=0.00, real=0.00 secs] 
14.326: [GC (Allocation Failure) [PSYoungGen: 20K->32K(1536K)] 7229K->7240K(9728K), 0.0008201 secs] [Times: user=0.00 sys=0.00, real=0.00 secs] 
14.326: [GC (Allocation Failure) [PSYoungGen: 32K->32K(1536K)] 7240K->7240K(9728K), 0.0002804 secs] [Times: user=0.00 sys=0.00, real=0.00 secs] 
14.327: [Full GC (Allocation Failure) [PSYoungGen: 32K->0K(1536K)] [ParOldGen: 7208K->2305K(8192K)] 7240K->2305K(9728K), [Metaspace: 3328K->3328K(1056768K)], 0.0023652 secs] [Times: user=0.00 sys=0.00, real=0.00 secs] 
14.330: [GC (Allocation Failure) [PSYoungGen: 20K->32K(1536K)] 7230K->7241K(9728K), 0.0008309 secs] [Times: user=0.01 sys=0.00, real=0.00 secs] 
14.330: [GC (Allocation Failure) [PSYoungGen: 32K->32K(1536K)] 7241K->7241K(9728K), 0.0002395 secs] [Times: user=0.00 sys=0.00, real=0.00 secs] 
14.331: [Full GC (Allocation Failure) [PSYoungGen: 32K->0K(1536K)] [ParOldGen: 7209K->2305K(8192K)] 7241K->2305K(9728K), [Metaspace: 3328K->3328K(1056768K)], 0.0024866 secs] [Times: user=0.00 sys=0.00, real=0.01 secs] 
14.334: [GC (Allocation Failure) [PSYoungGen: 20K->32K(1536K)] 7230K->7242K(9728K), 0.0008472 secs] [Times: user=0.00 sys=0.00, real=0.00 secs] 
14.335: [GC (Allocation Failure) [PSYoungGen: 32K->32K(1536K)] 7242K->7242K(9728K), 0.0007851 secs] [Times: user=0.01 sys=0.00, real=0.00 secs] 
14.335: [Full GC (Allocation Failure) [PSYoungGen: 32K->0K(1536K)] [ParOldGen: 7210K->2305K(8192K)] 7242K->2305K(9728K), [Metaspace: 3328K->3328K(1056768K)], 0.0024679 secs] [Times: user=0.00 sys=0.00, real=0.00 secs] 
14.338: [GC (Allocation Failure) [PSYoungGen: 20K->32K(1536K)] 7231K->7243K(9728K), 0.0008251 secs] [Times: user=0.00 sys=0.00, real=0.00 secs] 
14.339: [GC (Allocation Failure) [PSYoungGen: 32K->32K(1536K)] 7243K->7243K(9728K), 0.0002768 secs] [Times: user=0.00 sys=0.00, real=0.00 secs] 
14.339: [Full GC (Allocation Failure) [PSYoungGen: 32K->0K(1536K)] [ParOldGen: 7211K->2305K(8192K)] 7243K->2305K(9728K), [Metaspace: 3328K->3328K(1056768K)], 0.0023964 secs] [Times: user=0.01 sys=0.00, real=0.00 secs] 
14.342: [GC (Allocation Failure) [PSYoungGen: 20K->32K(1536K)] 7232K->7244K(9728K), 0.0008266 secs] [Times: user=0.00 sys=0.00, real=0.01 secs] 
14.343: [GC (Allocation Failure) [PSYoungGen: 32K->32K(1536K)] 7244K->7244K(9728K), 0.0002491 secs] [Times: user=0.00 sys=0.00, real=0.00 secs] 
14.343: [Full GC (Allocation Failure) [PSYoungGen: 32K->0K(1536K)] [ParOldGen: 7212K->2306K(8192K)] 7244K->2306K(9728K), [Metaspace: 3328K->3328K(1056768K)], 0.0023503 secs] [Times: user=0.01 sys=0.00, real=0.00 secs] 
14.346: [GC (Allocation Failure) [PSYoungGen: 20K->32K(1536K)] 7233K->7244K(9728K), 0.0008287 secs] [Times: user=0.00 sys=0.00, real=0.00 secs] 
14.347: [GC (Allocation Failure) [PSYoungGen: 32K->32K(1536K)] 7244K->7244K(9728K), 0.0002581 secs] [Times: user=0.00 sys=0.00, real=0.00 secs] 
14.347: [Full GC (Allocation Failure) [PSYoungGen: 32K->0K(1536K)] [ParOldGen: 7212K->2306K(8192K)] 7244K->2306K(9728K), [Metaspace: 3328K->3328K(1056768K)], 0.0024915 secs] [Times: user=0.01 sys=0.00, real=0.00 secs] 
14.350: [GC (Allocation Failure) [PSYoungGen: 20K->32K(1536K)] 7234K->7245K(9728K), 0.0003683 secs] [Times: user=0.00 sys=0.00, real=0.00 secs] 
14.351: [GC (Allocation Failure) [PSYoungGen: 32K->32K(1536K)] 7245K->7245K(9728K), 0.0002725 secs] [Times: user=0.00 sys=0.00, real=0.00 secs] 
14.351: [Full GC (Allocation Failure) [PSYoungGen: 32K->0K(1536K)] [ParOldGen: 7213K->2306K(8192K)] 7245K->2306K(9728K), [Metaspace: 3328K->3328K(1056768K)], 0.0025032 secs] [Times: user=0.00 sys=0.00, real=0.01 secs] 
14.354: [GC (Allocation Failure) [PSYoungGen: 20K->32K(1536K)] 7234K->7246K(9728K), 0.0008407 secs] [Times: user=0.01 sys=0.00, real=0.00 secs] 
14.355: [GC (Allocation Failure) [PSYoungGen: 32K->32K(1536K)] 7246K->7246K(9728K), 0.0002840 secs] [Times: user=0.00 sys=0.00, real=0.00 secs] 
14.355: [Full GC (Allocation Failure) [PSYoungGen: 32K->0K(1536K)] [ParOldGen: 7214K->2306K(8192K)] 7246K->2306K(9728K), [Metaspace: 3328K->3328K(1056768K)], 0.0025047 secs] [Times: user=0.00 sys=0.00, real=0.00 secs] 
14.358: [GC (Allocation Failure) [PSYoungGen: 20K->32K(1536K)] 7235K->7247K(9728K), 0.0008471 secs] [Times: user=0.00 sys=0.00, real=0.00 secs] 
14.359: [GC (Allocation Failure) [PSYoungGen: 32K->32K(1536K)] 7247K->7247K(9728K), 0.0002537 secs] [Times: user=0.00 sys=0.00, real=0.00 secs] 
14.359: [Full GC (Allocation Failure) [PSYoungGen: 32K->0K(1536K)] [ParOldGen: 7215K->2306K(8192K)] 7247K->2306K(9728K), [Metaspace: 3328K->3328K(1056768K)], 0.0024980 secs] [Times: user=0.01 sys=0.00, real=0.00 secs] 
14.362: [GC (Allocation Failure) [PSYoungGen: 20K->32K(1536K)] 7236K->7248K(9728K), 0.0008383 secs] [Times: user=0.00 sys=0.00, real=0.01 secs] 
14.363: [GC (Allocation Failure) [PSYoungGen: 32K->32K(1536K)] 7248K->7248K(9728K), 0.0002462 secs] [Times: user=0.00 sys=0.00, real=0.00 secs] 
14.363: [Full GC (Allocation Failure) [PSYoungGen: 32K->0K(1536K)] [ParOldGen: 7216K->2306K(8192K)] 7248K->2306K(9728K), [Metaspace: 3328K->3328K(1056768K)], 0.0024466 secs] [Times: user=0.01 sys=0.00, real=0.00 secs] 
14.366: [GC (Allocation Failure) [PSYoungGen: 20K->32K(1536K)] 7237K->7248K(9728K), 0.0003194 secs] [Times: user=0.00 sys=0.00, real=0.00 secs] 
14.367: [GC (Allocation Failure) [PSYoungGen: 32K->32K(1536K)] 7248K->7248K(9728K), 0.0007935 secs] [Times: user=0.00 sys=0.00, real=0.00 secs] 
14.368: [Full GC (Allocation Failure) [PSYoungGen: 32K->0K(1536K)] [ParOldGen: 7216K->2307K(8192K)] 7248K->2307K(9728K), [Metaspace: 3328K->3328K(1056768K)], 0.0020806 secs] [Times: user=0.01 sys=0.00, real=0.00 secs] 
14.370: [GC (Allocation Failure) [PSYoungGen: 20K->32K(1536K)] 7238K->7249K(9728K), 0.0008306 secs] [Times: user=0.00 sys=0.00, real=0.00 secs] 
14.371: [GC (Allocation Failure) [PSYoungGen: 32K->32K(1536K)] 7249K->7249K(9728K), 0.0002739 secs] [Times: user=0.00 sys=0.00, real=0.00 secs] 
14.371: [Full GC (Allocation Failure) [PSYoungGen: 32K->0K(1536K)] [ParOldGen: 7217K->2307K(8192K)] 7249K->2307K(9728K), [Metaspace: 3328K->3328K(1056768K)], 0.0024824 secs] [Times: user=0.01 sys=0.00, real=0.01 secs] 
14.374: [GC (Allocation Failure) [PSYoungGen: 20K->32K(1536K)] 7238K->7250K(9728K), 0.0008424 secs] [Times: user=0.00 sys=0.00, real=0.00 secs] 
14.375: [GC (Allocation Failure) [PSYoungGen: 32K->32K(1536K)] 7250K->7250K(9728K), 0.0002775 secs] [Times: user=0.00 sys=0.01, real=0.00 secs] 
14.375: [Full GC (Allocation Failure) [PSYoungGen: 32K->0K(1536K)] [ParOldGen: 7218K->2307K(8192K)] 7250K->2307K(9728K), [Metaspace: 3328K->3328K(1056768K)], 0.0020277 secs] [Times: user=0.00 sys=0.00, real=0.00 secs] 
14.378: [GC (Allocation Failure) [PSYoungGen: 20K->32K(1536K)] 7239K->7251K(9728K), 0.0008258 secs] [Times: user=0.00 sys=0.00, real=0.00 secs] 
14.379: [GC (Allocation Failure) [PSYoungGen: 32K->32K(1536K)] 7251K->7251K(9728K), 0.0002930 secs] [Times: user=0.01 sys=0.00, real=0.00 secs] 
14.379: [Full GC (Allocation Failure) [PSYoungGen: 32K->0K(1536K)] [ParOldGen: 7219K->2307K(8192K)] 7251K->2307K(9728K), [Metaspace: 3328K->3328K(1056768K)], 0.0021157 secs] [Times: user=0.00 sys=0.00, real=0.00 secs] 
14.382: [GC (Allocation Failure) [PSYoungGen: 20K->32K(1536K)] 7240K->7252K(9728K), 0.0008310 secs] [Times: user=0.00 sys=0.00, real=0.00 secs] 
14.382: [GC (Allocation Failure) [PSYoungGen: 32K->32K(1536K)] 7252K->7252K(9728K), 0.0002805 secs] [Times: user=0.00 sys=0.00, real=0.01 secs] 
14.383: [Full GC (Allocation Failure) [PSYoungGen: 32K->0K(1536K)] [ParOldGen: 7220K->2307K(8192K)] 7252K->2307K(9728K), [Metaspace: 3328K->3328K(1056768K)], 0.0023768 secs] [Times: user=0.01 sys=0.00, real=0.00 secs] 
14.386: [GC (Allocation Failure) [PSYoungGen: 20K->32K(1536K)] 7241K->7252K(9728K), 0.0008235 secs] [Times: user=0.00 sys=0.00, real=0.00 secs] 
14.387: [GC (Allocation Failure) [PSYoungGen: 32K->32K(1536K)] 7252K->7252K(9728K), 0.0007926 secs] [Times: user=0.00 sys=0.00, real=0.00 secs] 
14.387: [Full GC (Allocation Failure) [PSYoungGen: 32K->0K(1536K)] [ParOldGen: 7220K->2307K(8192K)] 7252K->2307K(9728K), [Metaspace: 3328K->3328K(1056768K)], 0.0021598 secs] [Times: user=0.01 sys=0.00, real=0.00 secs] 
14.390: [GC (Allocation Failure) [PSYoungGen: 20K->32K(1536K)] 7242K->7253K(9728K), 0.0003719 secs] [Times: user=0.00 sys=0.00, real=0.00 secs] 
14.390: [GC (Allocation Failure) [PSYoungGen: 32K->32K(1536K)] 7253K->7253K(9728K), 0.0002549 secs] [Times: user=0.00 sys=0.00, real=0.00 secs] 
14.391: [Full GC (Allocation Failure) [PSYoungGen: 32K->0K(1536K)] [ParOldGen: 7221K->2307K(8192K)] 7253K->2307K(9728K), [Metaspace: 3328K->3328K(1056768K)], 0.0020388 secs] [Times: user=0.00 sys=0.00, real=0.01 secs] 
14.393: [GC (Allocation Failure) [PSYoungGen: 20K->32K(1536K)] 7242K->7254K(9728K), 0.0008381 secs] [Times: user=0.01 sys=0.00, real=0.00 secs] 
14.394: [GC (Allocation Failure) [PSYoungGen: 32K->32K(1536K)] 7254K->7254K(9728K), 0.0002662 secs] [Times: user=0.00 sys=0.00, real=0.00 secs] 
14.394: [Full GC (Allocation Failure) [PSYoungGen: 32K->0K(1536K)] [ParOldGen: 7222K->2308K(8192K)] 7254K->2308K(9728K), [Metaspace: 3328K->3328K(1056768K)], 0.0021437 secs] [Times: user=0.00 sys=0.00, real=0.00 secs] 
14.397: [GC (Allocation Failure) [PSYoungGen: 20K->32K(1536K)] 7243K->7255K(9728K), 0.0008275 secs] [Times: user=0.00 sys=0.00, real=0.00 secs] 
14.398: [GC (Allocation Failure) [PSYoungGen: 32K->32K(1536K)] 7255K->7255K(9728K), 0.0003041 secs] [Times: user=0.00 sys=0.00, real=0.00 secs] 
14.398: [Full GC (Allocation Failure) [PSYoungGen: 32K->0K(1536K)] [ParOldGen: 7223K->2308K(8192K)] 7255K->2308K(9728K), [Metaspace: 3328K->3328K(1056768K)], 0.0025552 secs] [Times: user=0.01 sys=0.00, real=0.00 secs] 
14.401: [GC (Allocation Failure) [PSYoungGen: 20K->32K(1536K)] 7244K->7256K(9728K), 0.0008292 secs] [Times: user=0.00 sys=0.00, real=0.00 secs] 
14.402: [GC (Allocation Failure) [PSYoungGen: 32K->32K(1536K)] 7256K->7256K(9728K), 0.0008876 secs] [Times: user=0.00 sys=0.00, real=0.01 secs] 
14.403: [Full GC (Allocation Failure) [PSYoungGen: 32K->0K(1536K)] [ParOldGen: 7224K->2308K(8192K)] 7256K->2308K(9728K), [Metaspace: 3328K->3328K(1056768K)], 0.0023121 secs] [Times: user=0.01 sys=0.00, real=0.00 secs] 
14.406: [GC (Allocation Failure) [PSYoungGen: 20K->32K(1536K)] 7245K->7256K(9728K), 0.0008199 secs] [Times: user=0.00 sys=0.00, real=0.00 secs] 
14.407: [GC (Allocation Failure) [PSYoungGen: 32K->32K(1536K)] 7256K->7256K(9728K), 0.0003091 secs] [Times: user=0.00 sys=0.00, real=0.00 secs] 
14.407: [Full GC (Allocation Failure) [PSYoungGen: 32K->0K(1536K)] [ParOldGen: 7224K->2308K(8192K)] 7256K->2308K(9728K), [Metaspace: 3328K->3328K(1056768K)], 0.0021118 secs] [Times: user=0.01 sys=0.00, real=0.00 secs] 
14.409: [GC (Allocation Failure) [PSYoungGen: 20K->32K(1536K)] 7246K->7257K(9728K), 0.0008422 secs] [Times: user=0.00 sys=0.00, real=0.00 secs] 
14.410: [GC (Allocation Failure) [PSYoungGen: 32K->32K(1536K)] 7257K->7257K(9728K), 0.0002494 secs] [Times: user=0.00 sys=0.00, real=0.00 secs] 
14.411: [Full GC (Allocation Failure) [PSYoungGen: 32K->0K(1536K)] [ParOldGen: 7225K->2308K(8192K)] 7257K->2308K(9728K), [Metaspace: 3328K->3328K(1056768K)], 0.0024835 secs] [Times: user=0.01 sys=0.00, real=0.01 secs] 
14.414: [GC (Allocation Failure) [PSYoungGen: 20K->32K(1536K)] 7247K->7258K(9728K), 0.0008360 secs] [Times: user=0.00 sys=0.00, real=0.00 secs] 
14.414: [GC (Allocation Failure) [PSYoungGen: 32K->32K(1536K)] 7258K->7258K(9728K), 0.0002450 secs] [Times: user=0.00 sys=0.00, real=0.00 secs] 
14.415: [Full GC (Allocation Failure) [PSYoungGen: 32K->0K(1536K)] [ParOldGen: 7226K->2308K(8192K)] 7258K->2308K(9728K), [Metaspace: 3328K->3328K(1056768K)], 0.0025433 secs] [Times: user=0.00 sys=0.00, real=0.00 secs] 
14.418: [GC (Allocation Failure) [PSYoungGen: 20K->32K(1536K)] 7247K->7259K(9728K), 0.0008456 secs] [Times: user=0.01 sys=0.00, real=0.00 secs] 
14.419: [GC (Allocation Failure) [PSYoungGen: 32K->32K(1536K)] 7259K->7259K(9728K), 0.0002660 secs] [Times: user=0.00 sys=0.00, real=0.00 secs] 
14.419: [Full GC (Allocation Failure) [PSYoungGen: 32K->0K(1536K)] [ParOldGen: 7227K->2309K(8192K)] 7259K->2309K(9728K), [Metaspace: 3328K->3328K(1056768K)], 0.0024753 secs] [Times: user=0.00 sys=0.00, real=0.00 secs] 
14.422: [GC (Allocation Failure) [PSYoungGen: 20K->32K(1536K)] 7248K->7260K(9728K), 0.0008385 secs] [Times: user=0.00 sys=0.00, real=0.01 secs] 
14.423: [GC (Allocation Failure) [PSYoungGen: 32K->32K(1536K)] 7260K->7260K(9728K), 0.0002694 secs] [Times: user=0.00 sys=0.00, real=0.00 secs] 
14.423: [Full GC (Allocation Failure) [PSYoungGen: 32K->0K(1536K)] [ParOldGen: 7228K->2309K(8192K)] 7260K->2309K(9728K), [Metaspace: 3328K->3328K(1056768K)], 0.0021882 secs] [Times: user=0.01 sys=0.00, real=0.00 secs] 
14.426: [GC (Allocation Failure) [PSYoungGen: 20K->32K(1536K)] 7249K->7260K(9728K), 0.0008412 secs] [Times: user=0.00 sys=0.00, real=0.00 secs] 
14.427: [GC (Allocation Failure) [PSYoungGen: 32K->32K(1536K)] 7260K->7260K(9728K), 0.0002558 secs] [Times: user=0.00 sys=0.00, real=0.00 secs] 
14.427: [Full GC (Allocation Failure) [PSYoungGen: 32K->0K(1536K)] [ParOldGen: 7228K->2309K(8192K)] 7260K->2309K(9728K), [Metaspace: 3328K->3328K(1056768K)], 0.0023538 secs] [Times: user=0.01 sys=0.00, real=0.00 secs] 
14.430: [GC (Allocation Failure) [PSYoungGen: 20K->32K(1536K)] 7250K->7261K(9728K), 0.0008357 secs] [Times: user=0.00 sys=0.00, real=0.00 secs] 
14.431: [GC (Allocation Failure) [PSYoungGen: 32K->32K(1536K)] 7261K->7261K(9728K), 0.0002544 secs] [Times: user=0.00 sys=0.00, real=0.00 secs] 
14.431: [Full GC (Allocation Failure) [PSYoungGen: 32K->0K(1536K)] [ParOldGen: 7229K->2309K(8192K)] 7261K->2309K(9728K), [Metaspace: 3328K->3328K(1056768K)], 0.0020577 secs] [Times: user=0.01 sys=0.00, real=0.01 secs] 
14.433: [GC (Allocation Failure) [PSYoungGen: 20K->32K(1536K)] 7251K->7262K(9728K), 0.0008159 secs] [Times: user=0.00 sys=0.00, real=0.00 secs] 
14.434: [GC (Allocation Failure) [PSYoungGen: 32K->32K(1536K)] 7262K->7262K(9728K), 0.0002535 secs] [Times: user=0.00 sys=0.00, real=0.00 secs] 
14.434: [Full GC (Allocation Failure) [PSYoungGen: 32K->0K(1536K)] [ParOldGen: 7230K->2309K(8192K)] 7262K->2309K(9728K), [Metaspace: 3328K->3328K(1056768K)], 0.0021224 secs] [Times: user=0.00 sys=0.00, real=0.00 secs] 
14.437: [GC (Allocation Failure) [PSYoungGen: 20K->32K(1536K)] 7251K->7263K(9728K), 0.0008156 secs] [Times: user=0.00 sys=0.00, real=0.00 secs] 
14.438: [GC (Allocation Failure) [PSYoungGen: 32K->32K(1536K)] 7263K->7263K(9728K), 0.0002520 secs] [Times: user=0.00 sys=0.00, real=0.00 secs] 
14.438: [Full GC (Allocation Failure) [PSYoungGen: 32K->0K(1536K)] [ParOldGen: 7231K->2309K(8192K)] 7263K->2309K(9728K), [Metaspace: 3328K->3328K(1056768K)], 0.0024831 secs] [Times: user=0.00 sys=0.00, real=0.00 secs] 
14.441: [GC (Allocation Failure) [PSYoungGen: 20K->32K(1536K)] 7252K->7264K(9728K), 0.0008356 secs] [Times: user=0.00 sys=0.00, real=0.00 secs] 
14.442: [GC (Allocation Failure) [PSYoungGen: 32K->32K(1536K)] 7264K->7264K(9728K), 0.0002746 secs] [Times: user=0.00 sys=0.00, real=0.00 secs] 
14.442: [Full GC (Allocation Failure) [PSYoungGen: 32K->0K(1536K)] [ParOldGen: 7232K->2310K(8192K)] 7264K->2310K(9728K), [Metaspace: 3328K->3328K(1056768K)], 0.0019787 secs] [Times: user=0.01 sys=0.00, real=0.01 secs] 
14.445: [GC (Allocation Failure) [PSYoungGen: 20K->32K(1536K)] 7253K->7264K(9728K), 0.0008326 secs] [Times: user=0.00 sys=0.00, real=0.00 secs] 
14.446: [GC (Allocation Failure) [PSYoungGen: 32K->32K(1536K)] 7264K->7264K(9728K), 0.0003175 secs] [Times: user=0.00 sys=0.00, real=0.00 secs] 
14.446: [Full GC (Allocation Failure) [PSYoungGen: 32K->0K(1536K)] [ParOldGen: 7232K->2310K(8192K)] 7264K->2310K(9728K), [Metaspace: 3328K->3328K(1056768K)], 0.0021412 secs] [Times: user=0.01 sys=0.00, real=0.00 secs] 
14.449: [GC (Allocation Failure) [PSYoungGen: 20K->32K(1536K)] 7254K->7265K(9728K), 0.0008467 secs] [Times: user=0.00 sys=0.00, real=0.00 secs] 
14.449: [GC (Allocation Failure) [PSYoungGen: 32K->32K(1536K)] 7265K->7265K(9728K), 0.0007839 secs] [Times: user=0.00 sys=0.00, real=0.00 secs] 
14.450: [Full GC (Allocation Failure) [PSYoungGen: 32K->0K(1536K)] [ParOldGen: 7233K->2310K(8192K)] 7265K->2310K(9728K), [Metaspace: 3328K->3328K(1056768K)], 0.0019971 secs] [Times: user=0.00 sys=0.00, real=0.00 secs] 
14.453: [GC (Allocation Failure) [PSYoungGen: 20K->32K(1536K)] 7255K->7266K(9728K), 0.0008338 secs] [Times: user=0.00 sys=0.00, real=0.00 secs] 
14.454: [GC (Allocation Failure) [PSYoungGen: 32K->32K(1536K)] 7266K->7266K(9728K), 0.0002808 secs] [Times: user=0.00 sys=0.00, real=0.00 secs] 
14.454: [Full GC (Allocation Failure) [PSYoungGen: 32K->0K(1536K)] [ParOldGen: 7234K->2310K(8192K)] 7266K->2310K(9728K), [Metaspace: 3328K->3328K(1056768K)], 0.0023373 secs] [Times: user=0.00 sys=0.00, real=0.00 secs] 
14.457: [GC (Allocation Failure) [PSYoungGen: 20K->32K(1536K)] 7255K->7267K(9728K), 0.0008304 secs] [Times: user=0.01 sys=0.00, real=0.00 secs] 
14.458: [GC (Allocation Failure) [PSYoungGen: 32K->32K(1536K)] 7267K->7267K(9728K), 0.0003121 secs] [Times: user=0.00 sys=0.00, real=0.00 secs] 
14.458: [Full GC (Allocation Failure) [PSYoungGen: 32K->0K(1536K)] [ParOldGen: 7235K->2310K(8192K)] 7267K->2310K(9728K), [Metaspace: 3328K->3328K(1056768K)], 0.0024252 secs] [Times: user=0.00 sys=0.00, real=0.00 secs] 
14.461: [GC (Allocation Failure) [PSYoungGen: 20K->32K(1536K)] 7256K->7268K(9728K), 0.0008333 secs] [Times: user=0.00 sys=0.00, real=0.00 secs] 
14.462: [GC (Allocation Failure) [PSYoungGen: 32K->32K(1536K)] 7268K->7268K(9728K), 0.0002734 secs] [Times: user=0.00 sys=0.00, real=0.00 secs] 
14.462: [Full GC (Allocation Failure) [PSYoungGen: 32K->0K(1536K)] [ParOldGen: 7236K->2310K(8192K)] 7268K->2310K(9728K), [Metaspace: 3328K->3328K(1056768K)], 0.0019985 secs] [Times: user=0.01 sys=0.00, real=0.01 secs] 
14.464: [GC (Allocation Failure) [PSYoungGen: 20K->32K(1536K)] 7257K->7268K(9728K), 0.0008316 secs] [Times: user=0.00 sys=0.00, real=0.00 secs] 
14.465: [GC (Allocation Failure) [PSYoungGen: 32K->32K(1536K)] 7268K->7268K(9728K), 0.0002645 secs] [Times: user=0.00 sys=0.01, real=0.00 secs] 
14.466: [Full GC (Allocation Failure) [PSYoungGen: 32K->0K(1536K)] [ParOldGen: 7236K->2311K(8192K)] 7268K->2311K(9728K), [Metaspace: 3328K->3328K(1056768K)], 0.0021496 secs] [Times: user=0.01 sys=0.00, real=0.00 secs] 
14.468: [GC (Allocation Failure) [PSYoungGen: 20K->32K(1536K)] 7258K->7269K(9728K), 0.0008253 secs] [Times: user=0.00 sys=0.00, real=0.00 secs] 
14.469: [GC (Allocation Failure) [PSYoungGen: 32K->32K(1536K)] 7269K->7269K(9728K), 0.0002669 secs] [Times: user=0.00 sys=0.00, real=0.00 secs] 
14.469: [Full GC (Allocation Failure) [PSYoungGen: 32K->0K(1536K)] [ParOldGen: 7237K->2311K(8192K)] 7269K->2311K(9728K), [Metaspace: 3328K->3328K(1056768K)], 0.0020083 secs] [Times: user=0.00 sys=0.00, real=0.00 secs] 
14.472: [GC (Allocation Failure) [PSYoungGen: 20K->32K(1536K)] 7259K->7270K(9728K), 0.0008304 secs] [Times: user=0.01 sys=0.00, real=0.01 secs] 
14.473: [GC (Allocation Failure) [PSYoungGen: 32K->32K(1536K)] 7270K->7270K(9728K), 0.0002850 secs] [Times: user=0.00 sys=0.00, real=0.00 secs] 
14.473: [Full GC (Allocation Failure) [PSYoungGen: 32K->0K(1536K)] [ParOldGen: 7238K->2311K(8192K)] 7270K->2311K(9728K), [Metaspace: 3328K->3328K(1056768K)], 0.0022532 secs] [Times: user=0.00 sys=0.00, real=0.00 secs] 
14.476: [GC (Allocation Failure) [PSYoungGen: 20K->32K(1536K)] 7259K->7271K(9728K), 0.0008360 secs] [Times: user=0.00 sys=0.00, real=0.00 secs] 
14.477: [GC (Allocation Failure) [PSYoungGen: 32K->32K(1536K)] 7271K->7271K(9728K), 0.0002834 secs] [Times: user=0.00 sys=0.00, real=0.00 secs] 
14.477: [Full GC (Allocation Failure) [PSYoungGen: 32K->0K(1536K)] [ParOldGen: 7239K->2311K(8192K)] 7271K->2311K(9728K), [Metaspace: 3328K->3328K(1056768K)], 0.0023696 secs] [Times: user=0.01 sys=0.00, real=0.00 secs] 
14.480: [GC (Allocation Failure) [PSYoungGen: 20K->32K(1536K)] 7260K->7272K(9728K), 0.0008631 secs] [Times: user=0.00 sys=0.00, real=0.00 secs] 
14.481: [GC (Allocation Failure) [PSYoungGen: 32K->32K(1536K)] 7272K->7272K(9728K), 0.0002784 secs] [Times: user=0.00 sys=0.00, real=0.00 secs] 
14.481: [Full GC (Allocation Failure) [PSYoungGen: 32K->0K(1536K)] [ParOldGen: 7240K->2311K(8192K)] 7272K->2311K(9728K), [Metaspace: 3328K->3328K(1056768K)], 0.0021759 secs] [Times: user=0.01 sys=0.00, real=0.01 secs] 
14.484: [GC (Allocation Failure) [PSYoungGen: 20K->32K(1536K)] 7261K->7272K(9728K), 0.0008279 secs] [Times: user=0.00 sys=0.00, real=0.00 secs] 
14.484: [GC (Allocation Failure) [PSYoungGen: 32K->32K(1536K)] 7272K->7272K(9728K), 0.0002802 secs] [Times: user=0.00 sys=0.00, real=0.00 secs] 
14.485: [Full GC (Allocation Failure) [PSYoungGen: 32K->0K(1536K)] [ParOldGen: 7240K->2311K(8192K)] 7272K->2311K(9728K), [Metaspace: 3328K->3328K(1056768K)], 0.0021482 secs] [Times: user=0.01 sys=0.00, real=0.00 secs] 
14.487: [GC (Allocation Failure) [PSYoungGen: 20K->32K(1536K)] 7262K->7273K(9728K), 0.0008284 secs] [Times: user=0.00 sys=0.00, real=0.00 secs] 
14.488: [GC (Allocation Failure) [PSYoungGen: 32K->32K(1536K)] 7273K->7273K(9728K), 0.0002649 secs] [Times: user=0.00 sys=0.00, real=0.00 secs] 
14.489: [Full GC (Allocation Failure) [PSYoungGen: 32K->0K(1536K)] [ParOldGen: 7241K->2312K(8192K)] 7273K->2312K(9728K), [Metaspace: 3328K->3328K(1056768K)], 0.0021095 secs] [Times: user=0.00 sys=0.00, real=0.00 secs] 
14.491: [GC (Allocation Failure) [PSYoungGen: 20K->32K(1536K)] 7263K->7274K(9728K), 0.0008272 secs] [Times: user=0.00 sys=0.00, real=0.00 secs] 
14.492: [GC (Allocation Failure) [PSYoungGen: 32K->32K(1536K)] 7274K->7274K(9728K), 0.0002712 secs] [Times: user=0.01 sys=0.00, real=0.00 secs] 
14.492: [Full GC (Allocation Failure) [PSYoungGen: 32K->0K(1536K)] [ParOldGen: 7242K->2312K(8192K)] 7274K->2312K(9728K), [Metaspace: 3328K->3328K(1056768K)], 0.0023198 secs] [Times: user=0.00 sys=0.00, real=0.01 secs] 
14.495: [GC (Allocation Failure) [PSYoungGen: 20K->32K(1536K)] 7263K->7275K(9728K), 0.0005022 secs] [Times: user=0.00 sys=0.00, real=0.00 secs] 
14.496: [GC (Allocation Failure) [PSYoungGen: 32K->32K(1536K)] 7275K->7275K(9728K), 0.0003240 secs] [Times: user=0.00 sys=0.00, real=0.00 secs] 
14.496: [Full GC (Allocation Failure) [PSYoungGen: 32K->0K(1536K)] [ParOldGen: 7243K->2312K(8192K)] 7275K->2312K(9728K), [Metaspace: 3328K->3328K(1056768K)], 0.0020930 secs] [Times: user=0.01 sys=0.00, real=0.00 secs] 
14.499: [GC (Allocation Failure) [PSYoungGen: 20K->32K(1536K)] 7264K->7276K(9728K), 0.0008333 secs] [Times: user=0.00 sys=0.00, real=0.00 secs] 
14.499: [GC (Allocation Failure) [PSYoungGen: 32K->32K(1536K)] 7276K->7276K(9728K), 0.0002770 secs] [Times: user=0.00 sys=0.00, real=0.00 secs] 
14.500: [Full GC (Allocation Failure) [PSYoungGen: 32K->0K(1536K)] [ParOldGen: 7244K->2312K(8192K)] 7276K->2312K(9728K), [Metaspace: 3328K->3328K(1056768K)], 0.0023308 secs] [Times: user=0.01 sys=0.00, real=0.00 secs] 
14.502: [GC (Allocation Failure) [PSYoungGen: 20K->32K(1536K)] 7265K->7276K(9728K), 0.0008262 secs] [Times: user=0.00 sys=0.00, real=0.01 secs] 
14.503: [GC (Allocation Failure) [PSYoungGen: 32K->32K(1536K)] 7276K->7276K(9728K), 0.0002691 secs] [Times: user=0.00 sys=0.00, real=0.00 secs] 
14.504: [Full GC (Allocation Failure) [PSYoungGen: 32K->0K(1536K)] [ParOldGen: 7244K->2312K(8192K)] 7276K->2312K(9728K), [Metaspace: 3328K->3328K(1056768K)], 0.0021465 secs] [Times: user=0.00 sys=0.00, real=0.00 secs] 
14.506: [GC (Allocation Failure) [PSYoungGen: 20K->32K(1536K)] 7266K->7277K(9728K), 0.0005779 secs] [Times: user=0.00 sys=0.00, real=0.00 secs] 
14.507: [GC (Allocation Failure) [PSYoungGen: 32K->32K(1536K)] 7277K->7277K(9728K), 0.0004970 secs] [Times: user=0.01 sys=0.00, real=0.00 secs] 
14.508: [Full GC (Allocation Failure) [PSYoungGen: 32K->0K(1536K)] [ParOldGen: 7245K->2312K(8192K)] 7277K->2312K(9728K), [Metaspace: 3328K->3328K(1056768K)], 0.0028814 secs] [Times: user=0.00 sys=0.00, real=0.00 secs] 
14.511: [GC (Allocation Failure) [PSYoungGen: 20K->32K(1536K)] 7267K->7278K(9728K), 0.0008286 secs] [Times: user=0.00 sys=0.00, real=0.00 secs] 
14.512: [GC (Allocation Failure) [PSYoungGen: 32K->32K(1536K)] 7278K->7278K(9728K), 0.0002827 secs] [Times: user=0.00 sys=0.00, real=0.00 secs] 
14.512: [Full GC (Allocation Failure) [PSYoungGen: 32K->0K(1536K)] [ParOldGen: 7246K->2312K(8192K)] 7278K->2312K(9728K), [Metaspace: 3328K->3328K(1056768K)], 0.0024202 secs] [Times: user=0.01 sys=0.00, real=0.01 secs] 
14.515: [GC (Allocation Failure) [PSYoungGen: 20K->32K(1536K)] 7267K->7279K(9728K), 0.0003216 secs] [Times: user=0.00 sys=0.00, real=0.00 secs] 
14.515: [GC (Allocation Failure) [PSYoungGen: 32K->32K(1536K)] 7279K->7279K(9728K), 0.0002543 secs] [Times: user=0.00 sys=0.00, real=0.00 secs] 
14.516: [Full GC (Allocation Failure) [PSYoungGen: 32K->0K(1536K)] [ParOldGen: 7247K->2313K(8192K)] 7279K->2313K(9728K), [Metaspace: 3328K->3328K(1056768K)], 0.0024678 secs] [Times: user=0.01 sys=0.00, real=0.00 secs] 
14.519: [GC (Allocation Failure) [PSYoungGen: 20K->32K(1536K)] 7268K->7280K(9728K), 0.0008359 secs] [Times: user=0.00 sys=0.00, real=0.00 secs] 
14.520: [GC (Allocation Failure) [PSYoungGen: 32K->32K(1536K)] 7280K->7280K(9728K), 0.0002765 secs] [Times: user=0.00 sys=0.00, real=0.00 secs] 
14.520: [Full GC (Allocation Failure) [PSYoungGen: 32K->0K(1536K)] [ParOldGen: 7248K->2313K(8192K)] 7280K->2313K(9728K), [Metaspace: 3328K->3328K(1056768K)], 0.0026921 secs] [Times: user=0.01 sys=0.00, real=0.01 secs] 
14.524: [GC (Allocation Failure) [PSYoungGen: 20K->32K(1536K)] 7269K->7280K(9728K), 0.0003993 secs] [Times: user=0.00 sys=0.00, real=0.00 secs] 
14.524: [GC (Allocation Failure) [PSYoungGen: 32K->32K(1536K)] 7280K->7280K(9728K), 0.0003164 secs] [Times: user=0.00 sys=0.00, real=0.00 secs] 
14.525: [Full GC (Allocation Failure) [PSYoungGen: 32K->0K(1536K)] [ParOldGen: 7248K->2313K(8192K)] 7280K->2313K(9728K), [Metaspace: 3328K->3328K(1056768K)], 0.0025181 secs] [Times: user=0.00 sys=0.00, real=0.00 secs] 
14.528: [GC (Allocation Failure) [PSYoungGen: 20K->32K(1536K)] 7270K->7281K(9728K), 0.0008396 secs] [Times: user=0.01 sys=0.00, real=0.00 secs] 
14.529: [GC (Allocation Failure) [PSYoungGen: 32K->32K(1536K)] 7281K->7281K(9728K), 0.0002775 secs] [Times: user=0.00 sys=0.00, real=0.00 secs] 
14.529: [Full GC (Allocation Failure) [PSYoungGen: 32K->0K(1536K)] [ParOldGen: 7249K->2313K(8192K)] 7281K->2313K(9728K), [Metaspace: 3328K->3328K(1056768K)], 0.0025224 secs] [Times: user=0.00 sys=0.00, real=0.00 secs] 
14.532: [GC (Allocation Failure) [PSYoungGen: 20K->32K(1536K)] 7271K->7282K(9728K), 0.0008450 secs] [Times: user=0.00 sys=0.00, real=0.01 secs] 
14.533: [GC (Allocation Failure) [PSYoungGen: 32K->32K(1536K)] 7282K->7282K(9728K), 0.0008005 secs] [Times: user=0.01 sys=0.00, real=0.00 secs] 
14.534: [Full GC (Allocation Failure) [PSYoungGen: 32K->0K(1536K)] [ParOldGen: 7250K->2313K(8192K)] 7282K->2313K(9728K), [Metaspace: 3328K->3328K(1056768K)], 0.0024058 secs] [Times: user=0.00 sys=0.00, real=0.00 secs] 
14.536: [GC (Allocation Failure) [PSYoungGen: 20K->32K(1536K)] 7271K->7283K(9728K), 0.0003150 secs] [Times: user=0.00 sys=0.00, real=0.00 secs] 
14.537: [GC (Allocation Failure) [PSYoungGen: 32K->32K(1536K)] 7283K->7283K(9728K), 0.0002391 secs] [Times: user=0.00 sys=0.00, real=0.00 secs] 
14.537: [Full GC (Allocation Failure) [PSYoungGen: 32K->0K(1536K)] [ParOldGen: 7251K->2313K(8192K)] 7283K->2313K(9728K), [Metaspace: 3328K->3328K(1056768K)], 0.0025104 secs] [Times: user=0.01 sys=0.00, real=0.00 secs] 
14.540: [GC (Allocation Failure) [PSYoungGen: 20K->32K(1536K)] 7272K->7284K(9728K), 0.0005328 secs] [Times: user=0.00 sys=0.00, real=0.00 secs] 
14.541: [GC (Allocation Failure) [PSYoungGen: 32K->32K(1536K)] 7284K->7284K(9728K), 0.0003125 secs] [Times: user=0.00 sys=0.00, real=0.00 secs] 
14.541: [Full GC (Allocation Failure) [PSYoungGen: 32K->0K(1536K)] [ParOldGen: 7252K->2314K(8192K)] 7284K->2314K(9728K), [Metaspace: 3328K->3328K(1056768K)], 0.0023758 secs] [Times: user=0.01 sys=0.00, real=0.01 secs] 
14.544: [GC (Allocation Failure) [PSYoungGen: 20K->32K(1536K)] 7273K->7284K(9728K), 0.0008218 secs] [Times: user=0.00 sys=0.00, real=0.00 secs] 
14.545: [GC (Allocation Failure) [PSYoungGen: 32K->32K(1536K)] 7284K->7284K(9728K), 0.0002396 secs] [Times: user=0.00 sys=0.00, real=0.00 secs] 
14.545: [Full GC (Allocation Failure) [PSYoungGen: 32K->0K(1536K)] [ParOldGen: 7252K->2314K(8192K)] 7284K->2314K(9728K), [Metaspace: 3328K->3328K(1056768K)], 0.0022218 secs] [Times: user=0.00 sys=0.00, real=0.00 secs] 
14.548: [GC (Allocation Failure) [PSYoungGen: 20K->32K(1536K)] 7274K->7285K(9728K), 0.0008261 secs] [Times: user=0.01 sys=0.01, real=0.00 secs] 
14.549: [GC (Allocation Failure) [PSYoungGen: 32K->32K(1536K)] 7285K->7285K(9728K), 0.0002669 secs] [Times: user=0.00 sys=0.00, real=0.00 secs] 
14.549: [Full GC (Allocation Failure) [PSYoungGen: 32K->0K(1536K)] [ParOldGen: 7253K->2314K(8192K)] 7285K->2314K(9728K), [Metaspace: 3328K->3328K(1056768K)], 0.0024899 secs] [Times: user=0.00 sys=0.00, real=0.00 secs] 
14.552: [GC (Allocation Failure) [PSYoungGen: 20K->32K(1536K)] 7275K->7286K(9728K), 0.0006559 secs] [Times: user=0.00 sys=0.00, real=0.00 secs] 
14.552: [GC (Allocation Failure) [PSYoungGen: 32K->32K(1536K)] 7286K->7286K(9728K), 0.0002805 secs] [Times: user=0.00 sys=0.00, real=0.01 secs] 
14.553: [Full GC (Allocation Failure) [PSYoungGen: 32K->0K(1536K)] [ParOldGen: 7254K->2314K(8192K)] 7286K->2314K(9728K), [Metaspace: 3328K->3328K(1056768K)], 0.0024204 secs] [Times: user=0.01 sys=0.00, real=0.00 secs] 
14.556: [GC (Allocation Failure) [PSYoungGen: 20K->32K(1536K)] 7275K->7287K(9728K), 0.0003192 secs] [Times: user=0.00 sys=0.00, real=0.00 secs] 
14.556: [GC (Allocation Failure) [PSYoungGen: 32K->32K(1536K)] 7287K->7287K(9728K), 0.0002551 secs] [Times: user=0.00 sys=0.00, real=0.00 secs] 
14.556: [Full GC (Allocation Failure) [PSYoungGen: 32K->0K(1536K)] [ParOldGen: 7255K->2314K(8192K)] 7287K->2314K(9728K), [Metaspace: 3328K->3328K(1056768K)], 0.0019866 secs] [Times: user=0.01 sys=0.00, real=0.00 secs] 
14.559: [GC (Allocation Failure) [PSYoungGen: 20K->32K(1536K)] 7276K->7288K(9728K), 0.0008220 secs] [Times: user=0.00 sys=0.00, real=0.00 secs] 
14.560: [GC (Allocation Failure) [PSYoungGen: 32K->32K(1536K)] 7288K->7288K(9728K), 0.0002948 secs] [Times: user=0.00 sys=0.00, real=0.00 secs] 
14.560: [Full GC (Allocation Failure) [PSYoungGen: 32K->0K(1536K)] [ParOldGen: 7256K->2314K(8192K)] 7288K->2314K(9728K), [Metaspace: 3328K->3328K(1056768K)], 0.0025145 secs] [Times: user=0.00 sys=0.00, real=0.00 secs] 
14.563: [GC (Allocation Failure) [PSYoungGen: 20K->32K(1536K)] 7277K->7288K(9728K), 0.0008443 secs] [Times: user=0.01 sys=0.00, real=0.00 secs] 
14.564: [GC (Allocation Failure) [PSYoungGen: 32K->32K(1536K)] 7288K->7288K(9728K), 0.0002515 secs] [Times: user=0.00 sys=0.00, real=0.00 secs] 
14.564: [Full GC (Allocation Failure) [PSYoungGen: 32K->0K(1536K)] [ParOldGen: 7256K->2315K(8192K)] 7288K->2315K(9728K), [Metaspace: 3328K->3328K(1056768K)], 0.0024772 secs] [Times: user=0.00 sys=0.00, real=0.00 secs] 
14.567: [GC (Allocation Failure) [PSYoungGen: 20K->32K(1536K)] 7278K->7289K(9728K), 0.0008283 secs] [Times: user=0.00 sys=0.00, real=0.00 secs] 
14.568: [GC (Allocation Failure) [PSYoungGen: 32K->32K(1536K)] 7289K->7289K(9728K), 0.0002761 secs] [Times: user=0.01 sys=0.00, real=0.00 secs] 
14.568: [Full GC (Allocation Failure) [PSYoungGen: 32K->0K(1536K)] [ParOldGen: 7257K->2315K(8192K)] 7289K->2315K(9728K), [Metaspace: 3328K->3328K(1056768K)], 0.0023702 secs] [Times: user=0.00 sys=0.00, real=0.00 secs] 
14.571: [GC (Allocation Failure) [PSYoungGen: 20K->32K(1536K)] 7279K->7290K(9728K), 0.0008341 secs] [Times: user=0.00 sys=0.00, real=0.00 secs] 
14.572: [GC (Allocation Failure) [PSYoungGen: 32K->32K(1536K)] 7290K->7290K(9728K), 0.0002670 secs] [Times: user=0.00 sys=0.00, real=0.00 secs] 
14.572: [Full GC (Allocation Failure) [PSYoungGen: 32K->0K(1536K)] [ParOldGen: 7258K->2315K(8192K)] 7290K->2315K(9728K), [Metaspace: 3328K->3328K(1056768K)], 0.0019779 secs] [Times: user=0.01 sys=0.00, real=0.01 secs] 
14.575: [GC (Allocation Failure) [PSYoungGen: 20K->32K(1536K)] 7279K->7291K(9728K), 0.0003254 secs] [Times: user=0.00 sys=0.00, real=0.00 secs] 
14.575: [GC (Allocation Failure) [PSYoungGen: 32K->32K(1536K)] 7291K->7291K(9728K), 0.0002652 secs] [Times: user=0.00 sys=0.00, real=0.00 secs] 
14.575: [Full GC (Allocation Failure) [PSYoungGen: 32K->0K(1536K)] [ParOldGen: 7259K->2315K(8192K)] 7291K->2315K(9728K), [Metaspace: 3328K->3328K(1056768K)], 0.0023529 secs] [Times: user=0.00 sys=0.00, real=0.00 secs] 
14.578: [GC (Allocation Failure) [PSYoungGen: 20K->32K(1536K)] 7280K->7292K(9728K), 0.0008384 secs] [Times: user=0.00 sys=0.00, real=0.00 secs] 
14.579: [GC (Allocation Failure) [PSYoungGen: 32K->32K(1536K)] 7292K->7292K(9728K), 0.0002789 secs] [Times: user=0.00 sys=0.00, real=0.00 secs] 
14.579: [Full GC (Allocation Failure) [PSYoungGen: 32K->0K(1536K)] [ParOldGen: 7260K->2315K(8192K)] 7292K->2315K(9728K), [Metaspace: 3328K->3328K(1056768K)], 0.0023027 secs] [Times: user=0.00 sys=0.00, real=0.00 secs] 
14.582: [GC (Allocation Failure) [PSYoungGen: 20K->32K(1536K)] 7281K->7292K(9728K), 0.0008392 secs] [Times: user=0.00 sys=0.00, real=0.01 secs] 
14.583: [GC (Allocation Failure) [PSYoungGen: 32K->32K(1536K)] 7292K->7292K(9728K), 0.0002904 secs] [Times: user=0.01 sys=0.00, real=0.00 secs] 
14.583: [Full GC (Allocation Failure) [PSYoungGen: 32K->0K(1536K)] [ParOldGen: 7260K->2315K(8192K)] 7292K->2315K(9728K), [Metaspace: 3328K->3328K(1056768K)], 0.0025218 secs] [Times: user=0.00 sys=0.00, real=0.00 secs] 
14.586: [GC (Allocation Failure) [PSYoungGen: 20K->32K(1536K)] 7282K->7293K(9728K), 0.0008414 secs] [Times: user=0.00 sys=0.00, real=0.00 secs] 
14.587: [GC (Allocation Failure) [PSYoungGen: 32K->32K(1536K)] 7293K->7293K(9728K), 0.0007070 secs] [Times: user=0.00 sys=0.00, real=0.00 secs] 
14.588: [Full GC (Allocation Failure) [PSYoungGen: 32K->0K(1536K)] [ParOldGen: 7261K->2316K(8192K)] 7293K->2316K(9728K), [Metaspace: 3328K->3328K(1056768K)], 0.0023706 secs] [Times: user=0.01 sys=0.00, real=0.00 secs] 
14.591: [GC (Allocation Failure) [PSYoungGen: 20K->32K(1536K)] 7283K->7294K(9728K), 0.0003248 secs] [Times: user=0.00 sys=0.00, real=0.00 secs] 
14.591: [GC (Allocation Failure) [PSYoungGen: 32K->32K(1536K)] 7294K->7294K(9728K), 0.0002755 secs] [Times: user=0.00 sys=0.00, real=0.00 secs] 
14.591: [Full GC (Allocation Failure) [PSYoungGen: 32K->0K(1536K)] [ParOldGen: 7262K->2316K(8192K)] 7294K->2316K(9728K), [Metaspace: 3328K->3328K(1056768K)], 0.0027333 secs] [Times: user=0.01 sys=0.00, real=0.01 secs] 
14.595: [GC (Allocation Failure) [PSYoungGen: 20K->32K(1536K)] 7283K->7295K(9728K), 0.0008336 secs] [Times: user=0.00 sys=0.00, real=0.00 secs] 
14.595: [GC (Allocation Failure) [PSYoungGen: 32K->32K(1536K)] 7295K->7295K(9728K), 0.0003069 secs] [Times: user=0.00 sys=0.00, real=0.00 secs] 
14.596: [Full GC (Allocation Failure) [PSYoungGen: 32K->0K(1536K)] [ParOldGen: 7263K->2316K(8192K)] 7295K->2316K(9728K), [Metaspace: 3328K->3328K(1056768K)], 0.0025016 secs] [Times: user=0.01 sys=0.00, real=0.00 secs] 
14.599: [GC (Allocation Failure) [PSYoungGen: 20K->32K(1536K)] 7284K->7296K(9728K), 0.0008299 secs] [Times: user=0.00 sys=0.00, real=0.00 secs] 
14.600: [GC (Allocation Failure) [PSYoungGen: 32K->32K(1536K)] 7296K->7296K(9728K), 0.0002652 secs] [Times: user=0.00 sys=0.00, real=0.00 secs] 
14.600: [Full GC (Allocation Failure) [PSYoungGen: 32K->0K(1536K)] [ParOldGen: 7264K->2316K(8192K)] 7296K->2316K(9728K), [Metaspace: 3328K->3328K(1056768K)], 0.0023075 secs] [Times: user=0.00 sys=0.00, real=0.00 secs] 
14.603: [GC (Allocation Failure) [PSYoungGen: 20K->32K(1536K)] 7285K->7296K(9728K), 0.0008438 secs] [Times: user=0.01 sys=0.00, real=0.00 secs] 
14.604: [GC (Allocation Failure) [PSYoungGen: 32K->32K(1536K)] 7296K->7296K(9728K), 0.0003161 secs] [Times: user=0.00 sys=0.00, real=0.00 secs] 
14.604: [Full GC (Allocation Failure) [PSYoungGen: 32K->0K(1536K)] [ParOldGen: 7264K->2316K(8192K)] 7296K->2316K(9728K), [Metaspace: 3328K->3328K(1056768K)], 0.0023737 secs] [Times: user=0.00 sys=0.00, real=0.00 secs] 
14.607: [GC (Allocation Failure) [PSYoungGen: 20K->32K(1536K)] 7286K->7297K(9728K), 0.0008429 secs] [Times: user=0.00 sys=0.00, real=0.00 secs] 
14.608: [GC (Allocation Failure) [PSYoungGen: 32K->32K(1536K)] 7297K->7297K(9728K), 0.0002524 secs] [Times: user=0.00 sys=0.00, real=0.00 secs] 
14.608: [Full GC (Allocation Failure) [PSYoungGen: 32K->0K(1536K)] [ParOldGen: 7265K->2316K(8192K)] 7297K->2316K(9728K), [Metaspace: 3328K->3328K(1056768K)], 0.0020651 secs] [Times: user=0.01 sys=0.00, real=0.00 secs] 
14.610: [GC (Allocation Failure) [PSYoungGen: 20K->32K(1536K)] 7287K->7298K(9728K), 0.0008366 secs] [Times: user=0.00 sys=0.00, real=0.00 secs] 
14.611: [GC (Allocation Failure) [PSYoungGen: 32K->32K(1536K)] 7298K->7298K(9728K), 0.0002618 secs] [Times: user=0.00 sys=0.00, real=0.00 secs] 
14.612: [Full GC (Allocation Failure) [PSYoungGen: 32K->0K(1536K)] [ParOldGen: 7266K->2316K(8192K)] 7298K->2316K(9728K), [Metaspace: 3328K->3328K(1056768K)], 0.0022428 secs] [Times: user=0.01 sys=0.00, real=0.01 secs] 
14.614: [GC (Allocation Failure) [PSYoungGen: 20K->32K(1536K)] 7287K->7299K(9728K), 0.0008353 secs] [Times: user=0.00 sys=0.00, real=0.00 secs] 
14.615: [GC (Allocation Failure) [PSYoungGen: 32K->32K(1536K)] 7299K->7299K(9728K), 0.0002461 secs] [Times: user=0.00 sys=0.00, real=0.00 secs] 
14.615: [Full GC (Allocation Failure) [PSYoungGen: 32K->0K(1536K)] [ParOldGen: 7267K->2317K(8192K)] 7299K->2317K(9728K), [Metaspace: 3328K->3328K(1056768K)], 0.0023756 secs] [Times: user=0.00 sys=0.00, real=0.00 secs] 
14.618: [GC (Allocation Failure) [PSYoungGen: 20K->32K(1536K)] 7288K->7300K(9728K), 0.0008479 secs] [Times: user=0.00 sys=0.00, real=0.00 secs] 
14.619: [GC (Allocation Failure) [PSYoungGen: 32K->32K(1536K)] 7300K->7300K(9728K), 0.0007993 secs] [Times: user=0.00 sys=0.00, real=0.00 secs] 
14.620: [Full GC (Allocation Failure) [PSYoungGen: 32K->0K(1536K)] [ParOldGen: 7268K->2317K(8192K)] 7300K->2317K(9728K), [Metaspace: 3328K->3328K(1056768K)], 0.0024810 secs] [Times: user=0.00 sys=0.00, real=0.00 secs] 
14.623: [GC (Allocation Failure) [PSYoungGen: 20K->32K(1536K)] 7289K->7300K(9728K), 0.0008332 secs] [Times: user=0.00 sys=0.00, real=0.00 secs] 
14.624: [GC (Allocation Failure) [PSYoungGen: 32K->32K(1536K)] 7300K->7300K(9728K), 0.0002704 secs] [Times: user=0.00 sys=0.00, real=0.00 secs] 
14.624: [Full GC (Allocation Failure) [PSYoungGen: 32K->0K(1536K)] [ParOldGen: 7268K->2317K(8192K)] 7300K->2317K(9728K), [Metaspace: 3328K->3328K(1056768K)], 0.0024948 secs] [Times: user=0.00 sys=0.00, real=0.00 secs] 
14.627: [GC (Allocation Failure) [PSYoungGen: 20K->32K(1536K)] 7290K->7301K(9728K), 0.0008377 secs] [Times: user=0.01 sys=0.00, real=0.00 secs] 
14.628: [GC (Allocation Failure) [PSYoungGen: 32K->32K(1536K)] 7301K->7301K(9728K), 0.0007899 secs] [Times: user=0.00 sys=0.00, real=0.00 secs] 
14.629: [Full GC (Allocation Failure) [PSYoungGen: 32K->0K(1536K)] [ParOldGen: 7269K->2317K(8192K)] 7301K->2317K(9728K), [Metaspace: 3328K->3328K(1056768K)], 0.0024425 secs] [Times: user=0.00 sys=0.00, real=0.00 secs] 
14.632: [GC (Allocation Failure) [PSYoungGen: 20K->32K(1536K)] 7291K->7302K(9728K), 0.0008418 secs] [Times: user=0.01 sys=0.00, real=0.00 secs] 
14.633: [GC (Allocation Failure) [PSYoungGen: 32K->32K(1536K)] 7302K->7302K(9728K), 0.0002871 secs] [Times: user=0.00 sys=0.00, real=0.00 secs] 
14.633: [Full GC (Allocation Failure) [PSYoungGen: 32K->0K(1536K)] [ParOldGen: 7270K->2317K(8192K)] 7302K->2317K(9728K), [Metaspace: 3328K->3328K(1056768K)], 0.0021203 secs] [Times: user=0.00 sys=0.00, real=0.00 secs] 
14.635: [GC (Allocation Failure) [PSYoungGen: 20K->32K(1536K)] 7291K->7303K(9728K), 0.0008545 secs] [Times: user=0.00 sys=0.01, real=0.00 secs] 
14.636: [GC (Allocation Failure) [PSYoungGen: 32K->32K(1536K)] 7303K->7303K(9728K), 0.0002858 secs] [Times: user=0.00 sys=0.00, real=0.00 secs] 
14.637: [Full GC (Allocation Failure) [PSYoungGen: 32K->0K(1536K)] [ParOldGen: 7271K->2317K(8192K)] 7303K->2317K(9728K), [Metaspace: 3328K->3328K(1056768K)], 0.0021249 secs] [Times: user=0.01 sys=0.00, real=0.00 secs] 
14.639: [GC (Allocation Failure) [PSYoungGen: 20K->32K(1536K)] 7292K->7304K(9728K), 0.0008339 secs] [Times: user=0.00 sys=0.00, real=0.00 secs] 
14.640: [GC (Allocation Failure) [PSYoungGen: 32K->32K(1536K)] 7304K->7304K(9728K), 0.0003194 secs] [Times: user=0.00 sys=0.00, real=0.00 secs] 
14.641: [Full GC (Allocation Failure) [PSYoungGen: 32K->0K(1536K)] [ParOldGen: 7272K->2318K(8192K)] 7304K->2318K(9728K), [Metaspace: 3328K->3328K(1056768K)], 0.0021575 secs] [Times: user=0.01 sys=0.00, real=0.01 secs] 
14.643: [GC (Allocation Failure) [PSYoungGen: 20K->32K(1536K)] 7293K->7304K(9728K), 0.0008471 secs] [Times: user=0.00 sys=0.00, real=0.00 secs] 
14.644: [GC (Allocation Failure) [PSYoungGen: 32K->32K(1536K)] 7304K->7304K(9728K), 0.0007843 secs] [Times: user=0.00 sys=0.00, real=0.00 secs] 
14.645: [Full GC (Allocation Failure) [PSYoungGen: 32K->0K(1536K)] [ParOldGen: 7272K->2318K(8192K)] 7304K->2318K(9728K), [Metaspace: 3328K->3328K(1056768K)], 0.0025335 secs] [Times: user=0.01 sys=0.00, real=0.00 secs] 
14.648: [GC (Allocation Failure) [PSYoungGen: 20K->32K(1536K)] 7294K->7305K(9728K), 0.0008377 secs] [Times: user=0.00 sys=0.00, real=0.00 secs] 
14.649: [GC (Allocation Failure) [PSYoungGen: 32K->32K(1536K)] 7305K->7305K(9728K), 0.0002774 secs] [Times: user=0.00 sys=0.00, real=0.00 secs] 
14.649: [Full GC (Allocation Failure) [PSYoungGen: 32K->0K(1536K)] [ParOldGen: 7273K->2318K(8192K)] 7305K->2318K(9728K), [Metaspace: 3328K->3328K(1056768K)], 0.0025062 secs] [Times: user=0.00 sys=0.00, real=0.00 secs] 
14.652: [GC (Allocation Failure) [PSYoungGen: 20K->32K(1536K)] 7295K->7306K(9728K), 0.0008912 secs] [Times: user=0.01 sys=0.00, real=0.01 secs] 
14.653: [GC (Allocation Failure) [PSYoungGen: 32K->32K(1536K)] 7306K->7306K(9728K), 0.0002981 secs] [Times: user=0.00 sys=0.00, real=0.00 secs] 
14.653: [Full GC (Allocation Failure) [PSYoungGen: 32K->0K(1536K)] [ParOldGen: 7274K->2318K(8192K)] 7306K->2318K(9728K), [Metaspace: 3328K->3328K(1056768K)], 0.0023475 secs] [Times: user=0.00 sys=0.00, real=0.00 secs] 
14.656: [GC (Allocation Failure) [PSYoungGen: 20K->32K(1536K)] 7295K->7307K(9728K), 0.0008358 secs] [Times: user=0.00 sys=0.00, real=0.00 secs] 
14.657: [GC (Allocation Failure) [PSYoungGen: 32K->32K(1536K)] 7307K->7307K(9728K), 0.0002847 secs] [Times: user=0.01 sys=0.00, real=0.00 secs] 
14.657: [Full GC (Allocation Failure) [PSYoungGen: 32K->0K(1536K)] [ParOldGen: 7275K->2318K(8192K)] 7307K->2318K(9728K), [Metaspace: 3328K->3328K(1056768K)], 0.0021184 secs] [Times: user=0.00 sys=0.00, real=0.00 secs] 
14.660: [GC (Allocation Failure) [PSYoungGen: 20K->32K(1536K)] 7296K->7308K(9728K), 0.0008329 secs] [Times: user=0.00 sys=0.00, real=0.00 secs] 
14.661: [GC (Allocation Failure) [PSYoungGen: 32K->32K(1536K)] 7308K->7308K(9728K), 0.0003280 secs] [Times: user=0.00 sys=0.00, real=0.00 secs] 
14.661: [Full GC (Allocation Failure) [PSYoungGen: 32K->0K(1536K)] [ParOldGen: 7276K->2318K(8192K)] 7308K->2318K(9728K), [Metaspace: 3328K->3328K(1056768K)], 0.0024855 secs] [Times: user=0.01 sys=0.00, real=0.01 secs] 
14.664: [GC (Allocation Failure) [PSYoungGen: 20K->32K(1536K)] 7297K->7308K(9728K), 0.0008357 secs] [Times: user=0.00 sys=0.00, real=0.00 secs] 
14.665: [GC (Allocation Failure) [PSYoungGen: 32K->32K(1536K)] 7308K->7308K(9728K), 0.0002785 secs] [Times: user=0.00 sys=0.00, real=0.00 secs] 
14.665: [Full GC (Allocation Failure) [PSYoungGen: 32K->0K(1536K)] [ParOldGen: 7276K->2319K(8192K)] 7308K->2319K(9728K), [Metaspace: 3328K->3328K(1056768K)], 0.0024542 secs] [Times: user=0.01 sys=0.00, real=0.00 secs] 
14.668: [GC (Allocation Failure) [PSYoungGen: 20K->32K(1536K)] 7298K->7309K(9728K), 0.0008370 secs] [Times: user=0.00 sys=0.00, real=0.00 secs] 
14.669: [GC (Allocation Failure) [PSYoungGen: 32K->32K(1536K)] 7309K->7309K(9728K), 0.0002986 secs] [Times: user=0.00 sys=0.00, real=0.00 secs] 
14.669: [Full GC (Allocation Failure) [PSYoungGen: 32K->0K(1536K)] [ParOldGen: 7277K->2319K(8192K)] 7309K->2319K(9728K), [Metaspace: 3328K->3328K(1056768K)], 0.0020306 secs] [Times: user=0.00 sys=0.00, real=0.00 secs] 
14.672: [GC (Allocation Failure) [PSYoungGen: 20K->32K(1536K)] 7299K->7310K(9728K), 0.0008366 secs] [Times: user=0.01 sys=0.00, real=0.01 secs] 
14.673: [GC (Allocation Failure) [PSYoungGen: 32K->32K(1536K)] 7310K->7310K(9728K), 0.0002539 secs] [Times: user=0.00 sys=0.00, real=0.00 secs] 
14.673: [Full GC (Allocation Failure) [PSYoungGen: 32K->0K(1536K)] [ParOldGen: 7278K->2319K(8192K)] 7310K->2319K(9728K), [Metaspace: 3328K->3328K(1056768K)], 0.0020415 secs] [Times: user=0.00 sys=0.00, real=0.00 secs] 
14.675: [GC (Allocation Failure) [PSYoungGen: 20K->32K(1536K)] 7299K->7311K(9728K), 0.0003366 secs] [Times: user=0.00 sys=0.00, real=0.00 secs] 
14.676: [GC (Allocation Failure) [PSYoungGen: 32K->32K(1536K)] 7311K->7311K(9728K), 0.0007853 secs] [Times: user=0.00 sys=0.00, real=0.00 secs] 
14.677: [Full GC (Allocation Failure) [PSYoungGen: 32K->0K(1536K)] [ParOldGen: 7279K->2319K(8192K)] 7311K->2319K(9728K), [Metaspace: 3328K->3328K(1056768K)], 0.0023797 secs] [Times: user=0.01 sys=0.00, real=0.00 secs] 
14.679: [GC (Allocation Failure) [PSYoungGen: 20K->32K(1536K)] 7300K->7312K(9728K), 0.0008293 secs] [Times: user=0.00 sys=0.00, real=0.00 secs] 
14.680: [GC (Allocation Failure) [PSYoungGen: 32K->32K(1536K)] 7312K->7312K(9728K), 0.0002815 secs] [Times: user=0.00 sys=0.00, real=0.00 secs] 
14.681: [Full GC (Allocation Failure) [PSYoungGen: 32K->0K(1536K)] [ParOldGen: 7280K->2319K(8192K)] 7312K->2319K(9728K), [Metaspace: 3328K->3328K(1056768K)], 0.0022938 secs] [Times: user=0.01 sys=0.00, real=0.01 secs] 
14.683: [GC (Allocation Failure) [PSYoungGen: 20K->32K(1536K)] 7301K->7312K(9728K), 0.0008343 secs] [Times: user=0.00 sys=0.00, real=0.00 secs] 
14.684: [GC (Allocation Failure) [PSYoungGen: 32K->32K(1536K)] 7312K->7312K(9728K), 0.0002593 secs] [Times: user=0.00 sys=0.00, real=0.00 secs] 
14.685: [Full GC (Allocation Failure) [PSYoungGen: 32K->0K(1536K)] [ParOldGen: 7280K->2319K(8192K)] 7312K->2319K(9728K), [Metaspace: 3328K->3328K(1056768K)], 0.0019641 secs] [Times: user=0.01 sys=0.00, real=0.00 secs] 
14.687: [GC (Allocation Failure) [PSYoungGen: 20K->32K(1536K)] 7302K->7313K(9728K), 0.0008229 secs] [Times: user=0.00 sys=0.00, real=0.00 secs] 
14.688: [GC (Allocation Failure) [PSYoungGen: 32K->32K(1536K)] 7313K->7313K(9728K), 0.0002625 secs] [Times: user=0.00 sys=0.00, real=0.00 secs] 
14.688: [Full GC (Allocation Failure) [PSYoungGen: 32K->0K(1536K)] [ParOldGen: 7281K->2320K(8192K)] 7313K->2320K(9728K), [Metaspace: 3328K->3328K(1056768K)], 0.0021529 secs] [Times: user=0.00 sys=0.00, real=0.00 secs] 
14.691: [GC (Allocation Failure) [PSYoungGen: 20K->32K(1536K)] 7303K->7314K(9728K), 0.0008300 secs] [Times: user=0.01 sys=0.00, real=0.00 secs] 
14.692: [GC (Allocation Failure) [PSYoungGen: 32K->32K(1536K)] 7314K->7314K(9728K), 0.0002974 secs] [Times: user=0.00 sys=0.00, real=0.00 secs] 
14.692: [Full GC (Allocation Failure) [PSYoungGen: 32K->0K(1536K)] [ParOldGen: 7282K->2320K(8192K)] 7314K->2320K(9728K), [Metaspace: 3328K->3328K(1056768K)], 0.0024006 secs] [Times: user=0.00 sys=0.00, real=0.01 secs] 
14.695: [GC (Allocation Failure) [PSYoungGen: 20K->32K(1536K)] 7303K->7315K(9728K), 0.0008411 secs] [Times: user=0.00 sys=0.00, real=0.00 secs] 
14.696: [GC (Allocation Failure) [PSYoungGen: 32K->32K(1536K)] 7315K->7315K(9728K), 0.0002563 secs] [Times: user=0.00 sys=0.00, real=0.00 secs] 
14.696: [Full GC (Allocation Failure) [PSYoungGen: 32K->0K(1536K)] [ParOldGen: 7283K->2320K(8192K)] 7315K->2320K(9728K), [Metaspace: 3328K->3328K(1056768K)], 0.0021643 secs] [Times: user=0.01 sys=0.00, real=0.00 secs] 
14.699: [GC (Allocation Failure) [PSYoungGen: 20K->32K(1536K)] 7304K->7316K(9728K), 0.0008251 secs] [Times: user=0.00 sys=0.00, real=0.00 secs] 
14.699: [GC (Allocation Failure) [PSYoungGen: 32K->32K(1536K)] 7316K->7316K(9728K), 0.0002428 secs] [Times: user=0.00 sys=0.00, real=0.00 secs] 
14.700: [Full GC (Allocation Failure) [PSYoungGen: 32K->0K(1536K)] [ParOldGen: 7284K->2320K(8192K)] 7316K->2320K(9728K), [Metaspace: 3328K->3328K(1056768K)], 0.0021810 secs] [Times: user=0.01 sys=0.00, real=0.00 secs] 
14.702: [GC (Allocation Failure) [PSYoungGen: 20K->32K(1536K)] 7305K->7316K(9728K), 0.0008318 secs] [Times: user=0.00 sys=0.00, real=0.01 secs] 
14.703: [GC (Allocation Failure) [PSYoungGen: 32K->32K(1536K)] 7316K->7316K(9728K), 0.0007952 secs] [Times: user=0.00 sys=0.00, real=0.00 secs] 
14.704: [Full GC (Allocation Failure) [PSYoungGen: 32K->0K(1536K)] [ParOldGen: 7284K->2320K(8192K)] 7316K->2320K(9728K), [Metaspace: 3328K->3328K(1056768K)], 0.0024700 secs] [Times: user=0.01 sys=0.00, real=0.00 secs] 
14.707: [GC (Allocation Failure) [PSYoungGen: 20K->32K(1536K)] 7306K->7317K(9728K), 0.0008504 secs] [Times: user=0.00 sys=0.00, real=0.00 secs] 
14.708: [GC (Allocation Failure) [PSYoungGen: 32K->32K(1536K)] 7317K->7317K(9728K), 0.0002660 secs] [Times: user=0.00 sys=0.00, real=0.00 secs] 
14.708: [Full GC (Allocation Failure) [PSYoungGen: 32K->0K(1536K)] [ParOldGen: 7285K->2320K(8192K)] 7317K->2320K(9728K), [Metaspace: 3328K->3328K(1056768K)], 0.0021159 secs] [Times: user=0.00 sys=0.00, real=0.00 secs] 
14.711: [GC (Allocation Failure) [PSYoungGen: 20K->32K(1536K)] 7307K->7318K(9728K), 0.0003343 secs] [Times: user=0.00 sys=0.00, real=0.00 secs] 
14.711: [GC (Allocation Failure) [PSYoungGen: 32K->32K(1536K)] 7318K->7318K(9728K), 0.0002552 secs] [Times: user=0.01 sys=0.00, real=0.00 secs] 
14.711: [Full GC (Allocation Failure) [PSYoungGen: 32K->0K(1536K)] [ParOldGen: 7286K->2320K(8192K)] 7318K->2320K(9728K), [Metaspace: 3328K->3328K(1056768K)], 0.0024723 secs] [Times: user=0.00 sys=0.00, real=0.01 secs] 
14.714: [GC (Allocation Failure) [PSYoungGen: 20K->32K(1536K)] 7307K->7319K(9728K), 0.0006827 secs] [Times: user=0.00 sys=0.00, real=0.00 secs] 
14.715: [GC (Allocation Failure) [PSYoungGen: 32K->32K(1536K)] 7319K->7319K(9728K), 0.0007981 secs] [Times: user=0.00 sys=0.00, real=0.00 secs] 
14.716: [Full GC (Allocation Failure) [PSYoungGen: 32K->0K(1536K)] [ParOldGen: 7287K->2321K(8192K)] 7319K->2321K(9728K), [Metaspace: 3328K->3328K(1056768K)], 0.0034707 secs] [Times: user=0.01 sys=0.00, real=0.00 secs] 
14.720: [GC (Allocation Failure) [PSYoungGen: 20K->32K(1536K)] 7308K->7320K(9728K), 0.0003978 secs] [Times: user=0.00 sys=0.00, real=0.00 secs] 
14.721: [GC (Allocation Failure) [PSYoungGen: 32K->32K(1536K)] 7320K->7320K(9728K), 0.0003966 secs] [Times: user=0.00 sys=0.00, real=0.00 secs] 
14.721: [Full GC (Allocation Failure) [PSYoungGen: 32K->0K(1536K)] [ParOldGen: 7288K->2321K(8192K)] 7320K->2321K(9728K), [Metaspace: 3328K->3328K(1056768K)], 0.0043464 secs] [Times: user=0.01 sys=0.00, real=0.01 secs] 
14.726: [GC (Allocation Failure) [PSYoungGen: 20K->32K(1536K)] 7309K->7320K(9728K), 0.0008421 secs] [Times: user=0.00 sys=0.00, real=0.00 secs] 
14.727: [GC (Allocation Failure) [PSYoungGen: 32K->32K(1536K)] 7320K->7320K(9728K), 0.0002573 secs] [Times: user=0.00 sys=0.00, real=0.00 secs] 
14.727: [Full GC (Allocation Failure) [PSYoungGen: 32K->0K(1536K)] [ParOldGen: 7288K->2321K(8192K)] 7320K->2321K(9728K), [Metaspace: 3328K->3328K(1056768K)], 0.0023316 secs] [Times: user=0.01 sys=0.00, real=0.00 secs] 
14.730: [GC (Allocation Failure) [PSYoungGen: 20K->32K(1536K)] 7310K->7321K(9728K), 0.0008474 secs] [Times: user=0.00 sys=0.00, real=0.00 secs] 
14.731: [GC (Allocation Failure) [PSYoungGen: 32K->32K(1536K)] 7321K->7321K(9728K), 0.0002418 secs] [Times: user=0.00 sys=0.00, real=0.00 secs] 
14.731: [Full GC (Allocation Failure) [PSYoungGen: 32K->0K(1536K)] [ParOldGen: 7289K->2321K(8192K)] 7321K->2321K(9728K), [Metaspace: 3328K->3328K(1056768K)], 0.0023394 secs] [Times: user=0.01 sys=0.00, real=0.01 secs] 
14.734: [GC (Allocation Failure) [PSYoungGen: 20K->32K(1536K)] 7311K->7322K(9728K), 0.0008252 secs] [Times: user=0.00 sys=0.00, real=0.00 secs] 
14.735: [GC (Allocation Failure) [PSYoungGen: 32K->32K(1536K)] 7322K->7322K(9728K), 0.0002678 secs] [Times: user=0.00 sys=0.00, real=0.00 secs] 
14.735: [Full GC (Allocation Failure) [PSYoungGen: 32K->0K(1536K)] [ParOldGen: 7290K->2321K(8192K)] 7322K->2321K(9728K), [Metaspace: 3328K->3328K(1056768K)], 0.0025645 secs] [Times: user=0.01 sys=0.00, real=0.00 secs] 
14.738: [GC (Allocation Failure) [PSYoungGen: 20K->32K(1536K)] 7311K->7323K(9728K), 0.0008316 secs] [Times: user=0.00 sys=0.00, real=0.00 secs] 
14.739: [GC (Allocation Failure) [PSYoungGen: 32K->32K(1536K)] 7323K->7323K(9728K), 0.0002520 secs] [Times: user=0.00 sys=0.00, real=0.00 secs] 
14.739: [Full GC (Allocation Failure) [PSYoungGen: 32K->0K(1536K)] [ParOldGen: 7291K->2321K(8192K)] 7323K->2321K(9728K), [Metaspace: 3328K->3328K(1056768K)], 0.0021215 secs] [Times: user=0.00 sys=0.00, real=0.00 secs] 
14.742: [GC (Allocation Failure) [PSYoungGen: 20K->32K(1536K)] 7312K->7324K(9728K), 0.0008414 secs] [Times: user=0.01 sys=0.00, real=0.01 secs] 
14.743: [GC (Allocation Failure) [PSYoungGen: 32K->32K(1536K)] 7324K->7324K(9728K), 0.0002806 secs] [Times: user=0.00 sys=0.00, real=0.00 secs] 
14.743: [Full GC (Allocation Failure) [PSYoungGen: 32K->0K(1536K)] [ParOldGen: 7292K->2322K(8192K)] 7324K->2322K(9728K), [Metaspace: 3328K->3328K(1056768K)], 0.0024644 secs] [Times: user=0.00 sys=0.00, real=0.00 secs] 
14.746: [GC (Allocation Failure) [PSYoungGen: 20K->32K(1536K)] 7313K->7324K(9728K), 0.0008350 secs] [Times: user=0.00 sys=0.00, real=0.00 secs] 
14.747: [GC (Allocation Failure) [PSYoungGen: 32K->32K(1536K)] 7324K->7324K(9728K), 0.0002611 secs] [Times: user=0.01 sys=0.00, real=0.00 secs] 
14.747: [Full GC (Allocation Failure) [PSYoungGen: 32K->0K(1536K)] [ParOldGen: 7292K->2322K(8192K)] 7324K->2322K(9728K), [Metaspace: 3328K->3328K(1056768K)], 0.0021251 secs] [Times: user=0.00 sys=0.00, real=0.00 secs] 
14.750: [GC (Allocation Failure) [PSYoungGen: 20K->32K(1536K)] 7314K->7325K(9728K), 0.0008367 secs] [Times: user=0.00 sys=0.00, real=0.00 secs] 
14.751: [GC (Allocation Failure) [PSYoungGen: 32K->32K(1536K)] 7325K->7325K(9728K), 0.0002889 secs] [Times: user=0.00 sys=0.00, real=0.00 secs] 
14.751: [Full GC (Allocation Failure) [PSYoungGen: 32K->0K(1536K)] [ParOldGen: 7293K->2322K(8192K)] 7325K->2322K(9728K), [Metaspace: 3328K->3328K(1056768K)], 0.0019893 secs] [Times: user=0.01 sys=0.00, real=0.01 secs] 
14.753: [GC (Allocation Failure) [PSYoungGen: 20K->32K(1536K)] 7315K->7326K(9728K), 0.0008354 secs] [Times: user=0.00 sys=0.00, real=0.00 secs] 
14.754: [GC (Allocation Failure) [PSYoungGen: 32K->32K(1536K)] 7326K->7326K(9728K), 0.0002520 secs] [Times: user=0.00 sys=0.00, real=0.00 secs] 
14.755: [Full GC (Allocation Failure) [PSYoungGen: 32K->0K(1536K)] [ParOldGen: 7294K->2322K(8192K)] 7326K->2322K(9728K), [Metaspace: 3328K->3328K(1056768K)], 0.0021874 secs] [Times: user=0.01 sys=0.00, real=0.00 secs] 
14.757: [GC (Allocation Failure) [PSYoungGen: 20K->32K(1536K)] 7315K->7327K(9728K), 0.0003489 secs] [Times: user=0.00 sys=0.00, real=0.00 secs] 
14.758: [GC (Allocation Failure) [PSYoungGen: 32K->32K(1536K)] 7327K->7327K(9728K), 0.0002920 secs] [Times: user=0.00 sys=0.00, real=0.00 secs] 
14.758: [Full GC (Allocation Failure) [PSYoungGen: 32K->0K(1536K)] [ParOldGen: 7295K->2322K(8192K)] 7327K->2322K(9728K), [Metaspace: 3328K->3328K(1056768K)], 0.0020460 secs] [Times: user=0.00 sys=0.00, real=0.00 secs] 
14.760: [GC (Allocation Failure) [PSYoungGen: 20K->32K(1536K)] 7316K->7328K(9728K), 0.0008199 secs] [Times: user=0.00 sys=0.00, real=0.00 secs] 
14.761: [GC (Allocation Failure) [PSYoungGen: 32K->32K(1536K)] 7328K->7328K(9728K), 0.0007885 secs] [Times: user=0.01 sys=0.00, real=0.00 secs] 
14.762: [Full GC (Allocation Failure) [PSYoungGen: 32K->0K(1536K)] [ParOldGen: 7296K->2322K(8192K)] 7328K->2322K(9728K), [Metaspace: 3328K->3328K(1056768K)], 0.0025180 secs] [Times: user=0.00 sys=0.00, real=0.01 secs] 
14.765: [GC (Allocation Failure) [PSYoungGen: 20K->32K(1536K)] 7317K->7328K(9728K), 0.0003073 secs] [Times: user=0.00 sys=0.00, real=0.00 secs] 
14.766: [GC (Allocation Failure) [PSYoungGen: 32K->32K(1536K)] 7328K->7328K(9728K), 0.0002805 secs] [Times: user=0.00 sys=0.00, real=0.00 secs] 
14.766: [Full GC (Allocation Failure) [PSYoungGen: 32K->0K(1536K)] [ParOldGen: 7296K->2323K(8192K)] 7328K->2323K(9728K), [Metaspace: 3328K->3328K(1056768K)], 0.0025238 secs] [Times: user=0.01 sys=0.00, real=0.00 secs] 
14.769: [GC (Allocation Failure) [PSYoungGen: 20K->32K(1536K)] 7318K->7329K(9728K), 0.0008396 secs] [Times: user=0.00 sys=0.00, real=0.00 secs] 
14.770: [GC (Allocation Failure) [PSYoungGen: 32K->32K(1536K)] 7329K->7329K(9728K), 0.0002490 secs] [Times: user=0.00 sys=0.00, real=0.00 secs] 
14.770: [Full GC (Allocation Failure) [PSYoungGen: 32K->0K(1536K)] [ParOldGen: 7297K->2323K(8192K)] 7329K->2323K(9728K), [Metaspace: 3328K->3328K(1056768K)], 0.0025368 secs] [Times: user=0.01 sys=0.00, real=0.00 secs] 
14.773: [GC (Allocation Failure) [PSYoungGen: 20K->32K(1536K)] 7319K->7330K(9728K), 0.0008301 secs] [Times: user=0.00 sys=0.00, real=0.00 secs] 
14.774: [GC (Allocation Failure) [PSYoungGen: 32K->32K(1536K)] 7330K->7330K(9728K), 0.0002786 secs] [Times: user=0.00 sys=0.00, real=0.00 secs] 
14.774: [Full GC (Allocation Failure) [PSYoungGen: 32K->0K(1536K)] [ParOldGen: 7298K->2323K(8192K)] 7330K->2323K(9728K), [Metaspace: 3328K->3328K(1056768K)], 0.0023700 secs] [Times: user=0.00 sys=0.00, real=0.00 secs] 
14.777: [GC (Allocation Failure) [PSYoungGen: 20K->32K(1536K)] 7319K->7331K(9728K), 0.0008379 secs] [Times: user=0.00 sys=0.00, real=0.00 secs] 
14.778: [GC (Allocation Failure) [PSYoungGen: 32K->32K(1536K)] 7331K->7331K(9728K), 0.0002702 secs] [Times: user=0.00 sys=0.00, real=0.00 secs] 
14.778: [Full GC (Allocation Failure) [PSYoungGen: 32K->0K(1536K)] [ParOldGen: 7299K->2323K(8192K)] 7331K->2323K(9728K), [Metaspace: 3328K->3328K(1056768K)], 0.0020285 secs] [Times: user=0.00 sys=0.00, real=0.00 secs] 
14.781: [GC (Allocation Failure) [PSYoungGen: 20K->32K(1536K)] 7320K->7332K(9728K), 0.0003138 secs] [Times: user=0.00 sys=0.00, real=0.00 secs] 
14.781: [GC (Allocation Failure) [PSYoungGen: 32K->32K(1536K)] 7332K->7332K(9728K), 0.0002696 secs] [Times: user=0.00 sys=0.00, real=0.00 secs] 
14.781: [Full GC (Allocation Failure) [PSYoungGen: 32K->0K(1536K)] [ParOldGen: 7300K->2323K(8192K)] 7332K->2323K(9728K), [Metaspace: 3328K->3328K(1056768K)], 0.0024710 secs] [Times: user=0.01 sys=0.00, real=0.01 secs] 
14.784: [GC (Allocation Failure) [PSYoungGen: 20K->32K(1536K)] 7321K->7332K(9728K), 0.0003312 secs] [Times: user=0.00 sys=0.00, real=0.00 secs] 
14.785: [GC (Allocation Failure) [PSYoungGen: 32K->32K(1536K)] 7332K->7332K(9728K), 0.0002662 secs] [Times: user=0.00 sys=0.00, real=0.00 secs] 
14.785: [Full GC (Allocation Failure) [PSYoungGen: 32K->0K(1536K)] [ParOldGen: 7300K->2323K(8192K)] 7332K->2323K(9728K), [Metaspace: 3328K->3328K(1056768K)], 0.0020290 secs] [Times: user=0.01 sys=0.00, real=0.00 secs] 
14.787: [GC (Allocation Failure) [PSYoungGen: 20K->32K(1536K)] 7322K->7333K(9728K), 0.0008249 secs] [Times: user=0.00 sys=0.00, real=0.00 secs] 
14.788: [GC (Allocation Failure) [PSYoungGen: 32K->32K(1536K)] 7333K->7333K(9728K), 0.0002551 secs] [Times: user=0.00 sys=0.00, real=0.00 secs] 
14.789: [Full GC (Allocation Failure) [PSYoungGen: 32K->0K(1536K)] [ParOldGen: 7301K->2324K(8192K)] 7333K->2324K(9728K), [Metaspace: 3328K->3328K(1056768K)], 0.0021314 secs] [Times: user=0.00 sys=0.00, real=0.00 secs] 
14.791: [GC (Allocation Failure) [PSYoungGen: 20K->32K(1536K)] 7323K->7334K(9728K), 0.0008297 secs] [Times: user=0.01 sys=0.00, real=0.00 secs] 
14.792: [GC (Allocation Failure) [PSYoungGen: 32K->32K(1536K)] 7334K->7334K(9728K), 0.0007939 secs] [Times: user=0.00 sys=0.00, real=0.01 secs] 
14.793: [Full GC (Allocation Failure) [PSYoungGen: 32K->0K(1536K)] [ParOldGen: 7302K->2324K(8192K)] 7334K->2324K(9728K), [Metaspace: 3328K->3328K(1056768K)], 0.0024913 secs] [Times: user=0.00 sys=0.00, real=0.00 secs] 
14.796: [GC (Allocation Failure) [PSYoungGen: 20K->32K(1536K)] 7323K->7335K(9728K), 0.0003355 secs] [Times: user=0.00 sys=0.00, real=0.00 secs] 
14.796: [GC (Allocation Failure) [PSYoungGen: 32K->32K(1536K)] 7335K->7335K(9728K), 0.0007962 secs] [Times: user=0.01 sys=0.00, real=0.00 secs] 
14.797: [Full GC (Allocation Failure) [PSYoungGen: 32K->0K(1536K)] [ParOldGen: 7303K->2324K(8192K)] 7335K->2324K(9728K), [Metaspace: 3328K->3328K(1056768K)], 0.0020596 secs] [Times: user=0.00 sys=0.00, real=0.00 secs] 
14.800: [GC (Allocation Failure) [PSYoungGen: 20K->32K(1536K)] 7324K->7336K(9728K), 0.0003341 secs] [Times: user=0.00 sys=0.00, real=0.00 secs] 
14.800: [GC (Allocation Failure) [PSYoungGen: 32K->32K(1536K)] 7336K->7336K(9728K), 0.0002672 secs] [Times: user=0.00 sys=0.00, real=0.00 secs] 
14.800: [Full GC (Allocation Failure) [PSYoungGen: 32K->0K(1536K)] [ParOldGen: 7304K->2324K(8192K)] 7336K->2324K(9728K), [Metaspace: 3328K->3328K(1056768K)], 0.0021661 secs] [Times: user=0.01 sys=0.00, real=0.00 secs] 
14.803: [GC (Allocation Failure) [PSYoungGen: 20K->32K(1536K)] 7325K->7336K(9728K), 0.0008839 secs] [Times: user=0.00 sys=0.00, real=0.00 secs] 
14.804: [GC (Allocation Failure) [PSYoungGen: 32K->32K(1536K)] 7336K->7336K(9728K), 0.0007968 secs] [Times: user=0.00 sys=0.00, real=0.00 secs] 
14.805: [Full GC (Allocation Failure) [PSYoungGen: 32K->0K(1536K)] [ParOldGen: 7304K->2324K(8192K)] 7336K->2324K(9728K), [Metaspace: 3328K->3328K(1056768K)], 0.0021842 secs] [Times: user=0.01 sys=0.00, real=0.00 secs] 
14.807: [GC (Allocation Failure) [PSYoungGen: 20K->32K(1536K)] 7326K->7337K(9728K), 0.0008606 secs] [Times: user=0.00 sys=0.01, real=0.00 secs] 
14.808: [GC (Allocation Failure) [PSYoungGen: 32K->32K(1536K)] 7337K->7337K(9728K), 0.0002439 secs] [Times: user=0.00 sys=0.00, real=0.00 secs] 
14.808: [Full GC (Allocation Failure) [PSYoungGen: 32K->0K(1536K)] [ParOldGen: 7305K->2324K(8192K)] 7337K->2324K(9728K), [Metaspace: 3328K->3328K(1056768K)], 0.0023105 secs] [Times: user=0.00 sys=0.00, real=0.00 secs] 
14.811: [GC (Allocation Failure) [PSYoungGen: 20K->32K(1536K)] 7327K->7338K(9728K), 0.0009185 secs] [Times: user=0.00 sys=0.00, real=0.00 secs] 
14.812: [GC (Allocation Failure) [PSYoungGen: 32K->32K(1536K)] 7338K->7338K(9728K), 0.0007848 secs] [Times: user=0.00 sys=0.00, real=0.01 secs] 
14.813: [Full GC (Allocation Failure) [PSYoungGen: 32K->0K(1536K)] [ParOldGen: 7306K->2324K(8192K)] 7338K->2324K(9728K), [Metaspace: 3328K->3328K(1056768K)], 0.0030539 secs] [Times: user=0.01 sys=0.00, real=0.00 secs] 
14.817: [GC (Allocation Failure) [PSYoungGen: 20K->32K(1536K)] 7327K->7339K(9728K), 0.0008433 secs] [Times: user=0.00 sys=0.00, real=0.00 secs] 
14.818: [GC (Allocation Failure) [PSYoungGen: 32K->32K(1536K)] 7339K->7339K(9728K), 0.0002671 secs] [Times: user=0.00 sys=0.00, real=0.00 secs] 
14.818: [Full GC (Allocation Failure) [PSYoungGen: 32K->0K(1536K)] [ParOldGen: 7307K->2325K(8192K)] 7339K->2325K(9728K), [Metaspace: 3328K->3328K(1056768K)], 0.0023749 secs] [Times: user=0.00 sys=0.00, real=0.00 secs] 
14.821: [GC (Allocation Failure) [PSYoungGen: 20K->32K(1536K)] 7328K->7340K(9728K), 0.0008390 secs] [Times: user=0.01 sys=0.00, real=0.00 secs] 
14.822: [GC (Allocation Failure) [PSYoungGen: 32K->32K(1536K)] 7340K->7340K(9728K), 0.0002661 secs] [Times: user=0.00 sys=0.00, real=0.00 secs] 
14.822: [Full GC (Allocation Failure) [PSYoungGen: 32K->0K(1536K)] [ParOldGen: 7308K->2325K(8192K)] 7340K->2325K(9728K), [Metaspace: 3328K->3328K(1056768K)], 0.0021285 secs] [Times: user=0.00 sys=0.00, real=0.01 secs] 
14.824: [GC (Allocation Failure) [PSYoungGen: 20K->32K(1536K)] 7329K->7340K(9728K), 0.0006636 secs] [Times: user=0.00 sys=0.00, real=0.00 secs] 
14.825: [GC (Allocation Failure) [PSYoungGen: 32K->32K(1536K)] 7340K->7340K(9728K), 0.0003265 secs] [Times: user=0.00 sys=0.00, real=0.00 secs] 
14.826: [Full GC (Allocation Failure) [PSYoungGen: 32K->0K(1536K)] [ParOldGen: 7308K->2325K(8192K)] 7340K->2325K(9728K), [Metaspace: 3328K->3328K(1056768K)], 0.0019691 secs] [Times: user=0.01 sys=0.00, real=0.00 secs] 
14.828: [GC (Allocation Failure) [PSYoungGen: 20K->32K(1536K)] 7330K->7341K(9728K), 0.0008177 secs] [Times: user=0.00 sys=0.00, real=0.00 secs] 
14.829: [GC (Allocation Failure) [PSYoungGen: 32K->32K(1536K)] 7341K->7341K(9728K), 0.0002631 secs] [Times: user=0.00 sys=0.00, real=0.00 secs] 
14.829: [Full GC (Allocation Failure) [PSYoungGen: 32K->0K(1536K)] [ParOldGen: 7309K->2325K(8192K)] 7341K->2325K(9728K), [Metaspace: 3328K->3328K(1056768K)], 0.0024053 secs] [Times: user=0.01 sys=0.00, real=0.00 secs] 
14.832: [GC (Allocation Failure) [PSYoungGen: 20K->32K(1536K)] 7331K->7342K(9728K), 0.0008386 secs] [Times: user=0.00 sys=0.00, real=0.01 secs] 
14.833: [GC (Allocation Failure) [PSYoungGen: 32K->32K(1536K)] 7342K->7342K(9728K), 0.0003028 secs] [Times: user=0.00 sys=0.00, real=0.00 secs] 
14.833: [Full GC (Allocation Failure) [PSYoungGen: 32K->0K(1536K)] [ParOldGen: 7310K->2325K(8192K)] 7342K->2325K(9728K), [Metaspace: 3328K->3328K(1056768K)], 0.0019957 secs] [Times: user=0.00 sys=0.00, real=0.00 secs] 
14.836: [GC (Allocation Failure) [PSYoungGen: 20K->32K(1536K)] 7331K->7343K(9728K), 0.0008309 secs] [Times: user=0.01 sys=0.00, real=0.00 secs] 
14.837: [GC (Allocation Failure) [PSYoungGen: 32K->32K(1536K)] 7343K->7343K(9728K), 0.0002800 secs] [Times: user=0.00 sys=0.00, real=0.00 secs] 
14.837: [Full GC (Allocation Failure) [PSYoungGen: 32K->0K(1536K)] [ParOldGen: 7311K->2325K(8192K)] 7343K->2325K(9728K), [Metaspace: 3328K->3328K(1056768K)], 0.0024977 secs] [Times: user=0.00 sys=0.00, real=0.00 secs] 
14.840: [GC (Allocation Failure) [PSYoungGen: 20K->32K(1536K)] 7332K->7344K(9728K), 0.0003359 secs] [Times: user=0.00 sys=0.00, real=0.00 secs] 
14.840: [GC (Allocation Failure) [PSYoungGen: 32K->32K(1536K)] 7344K->7344K(9728K), 0.0002761 secs] [Times: user=0.00 sys=0.00, real=0.00 secs] 
14.840: [Full GC (Allocation Failure) [PSYoungGen: 32K->0K(1536K)] [ParOldGen: 7312K->2326K(8192K)] 7344K->2326K(9728K), [Metaspace: 3328K->3328K(1056768K)], 0.0024869 secs] [Times: user=0.01 sys=0.00, real=0.01 secs] 
14.843: [GC (Allocation Failure) [PSYoungGen: 20K->32K(1536K)] 7333K->7344K(9728K), 0.0008305 secs] [Times: user=0.00 sys=0.00, real=0.00 secs] 
14.844: [GC (Allocation Failure) [PSYoungGen: 32K->32K(1536K)] 7344K->7344K(9728K), 0.0003061 secs] [Times: user=0.00 sys=0.00, real=0.00 secs] 
14.845: [Full GC (Allocation Failure) [PSYoungGen: 32K->0K(1536K)] [ParOldGen: 7312K->2326K(8192K)] 7344K->2326K(9728K), [Metaspace: 3328K->3328K(1056768K)], 0.0019807 secs] [Times: user=0.01 sys=0.00, real=0.00 secs] 
14.847: [GC (Allocation Failure) [PSYoungGen: 20K->32K(1536K)] 7334K->7345K(9728K), 0.0008277 secs] [Times: user=0.00 sys=0.00, real=0.00 secs] 
14.848: [GC (Allocation Failure) [PSYoungGen: 32K->32K(1536K)] 7345K->7345K(9728K), 0.0002687 secs] [Times: user=0.00 sys=0.00, real=0.00 secs] 
14.848: [Full GC (Allocation Failure) [PSYoungGen: 32K->0K(1536K)] [ParOldGen: 7313K->2326K(8192K)] 7345K->2326K(9728K), [Metaspace: 3328K->3328K(1056768K)], 0.0024915 secs] [Times: user=0.01 sys=0.00, real=0.00 secs] 
14.851: [GC (Allocation Failure) [PSYoungGen: 20K->32K(1536K)] 7335K->7346K(9728K), 0.0008357 secs] [Times: user=0.00 sys=0.00, real=0.00 secs] 
14.852: [GC (Allocation Failure) [PSYoungGen: 32K->32K(1536K)] 7346K->7346K(9728K), 0.0002735 secs] [Times: user=0.00 sys=0.00, real=0.00 secs] 
14.852: [Full GC (Allocation Failure) [PSYoungGen: 32K->0K(1536K)] [ParOldGen: 7314K->2326K(8192K)] 7346K->2326K(9728K), [Metaspace: 3328K->3328K(1056768K)], 0.0023667 secs] [Times: user=0.00 sys=0.00, real=0.01 secs] 
14.855: [GC (Allocation Failure) [PSYoungGen: 20K->32K(1536K)] 7335K->7347K(9728K), 0.0008587 secs] [Times: user=0.01 sys=0.00, real=0.00 secs] 
14.856: [GC (Allocation Failure) [PSYoungGen: 32K->32K(1536K)] 7347K->7347K(9728K), 0.0002759 secs] [Times: user=0.00 sys=0.00, real=0.00 secs] 
14.856: [Full GC (Allocation Failure) [PSYoungGen: 32K->0K(1536K)] [ParOldGen: 7315K->2326K(8192K)] 7347K->2326K(9728K), [Metaspace: 3328K->3328K(1056768K)], 0.0021223 secs] [Times: user=0.00 sys=0.00, real=0.00 secs] 
14.859: [GC (Allocation Failure) [PSYoungGen: 20K->32K(1536K)] 7336K->7348K(9728K), 0.0008392 secs] [Times: user=0.00 sys=0.00, real=0.00 secs] 
14.860: [GC (Allocation Failure) [PSYoungGen: 32K->32K(1536K)] 7348K->7348K(9728K), 0.0002703 secs] [Times: user=0.00 sys=0.00, real=0.00 secs] 
14.860: [Full GC (Allocation Failure) [PSYoungGen: 32K->0K(1536K)] [ParOldGen: 7316K->2326K(8192K)] 7348K->2326K(9728K), [Metaspace: 3328K->3328K(1056768K)], 0.0020140 secs] [Times: user=0.01 sys=0.00, real=0.00 secs] 
14.863: [GC (Allocation Failure) [PSYoungGen: 20K->32K(1536K)] 7337K->7348K(9728K), 0.0008373 secs] [Times: user=0.00 sys=0.00, real=0.00 secs] 
14.864: [GC (Allocation Failure) [PSYoungGen: 32K->32K(1536K)] 7348K->7348K(9728K), 0.0002754 secs] [Times: user=0.00 sys=0.00, real=0.00 secs] 
14.864: [Full GC (Allocation Failure) [PSYoungGen: 32K->0K(1536K)] [ParOldGen: 7316K->2327K(8192K)] 7348K->2327K(9728K), [Metaspace: 3328K->3328K(1056768K)], 0.0021227 secs] [Times: user=0.01 sys=0.00, real=0.00 secs] 
14.866: [GC (Allocation Failure) [PSYoungGen: 20K->32K(1536K)] 7338K->7349K(9728K), 0.0008299 secs] [Times: user=0.00 sys=0.00, real=0.00 secs] 
14.867: [GC (Allocation Failure) [PSYoungGen: 32K->32K(1536K)] 7349K->7349K(9728K), 0.0002734 secs] [Times: user=0.00 sys=0.00, real=0.00 secs] 
14.868: [Full GC (Allocation Failure) [PSYoungGen: 32K->0K(1536K)] [ParOldGen: 7317K->2327K(8192K)] 7349K->2327K(9728K), [Metaspace: 3328K->3328K(1056768K)], 0.0021463 secs] [Times: user=0.00 sys=0.00, real=0.00 secs] 
14.870: [GC (Allocation Failure) [PSYoungGen: 20K->32K(1536K)] 7339K->7350K(9728K), 0.0008374 secs] [Times: user=0.01 sys=0.00, real=0.00 secs] 
14.871: [GC (Allocation Failure) [PSYoungGen: 32K->32K(1536K)] 7350K->7350K(9728K), 0.0002910 secs] [Times: user=0.00 sys=0.00, real=0.00 secs] 
14.871: [Full GC (Allocation Failure) [PSYoungGen: 32K->0K(1536K)] [ParOldGen: 7318K->2327K(8192K)] 7350K->2327K(9728K), [Metaspace: 3328K->3328K(1056768K)], 0.0022083 secs] [Times: user=0.00 sys=0.00, real=0.01 secs] 
14.874: [GC (Allocation Failure) [PSYoungGen: 20K->32K(1536K)] 7339K->7351K(9728K), 0.0008469 secs] [Times: user=0.00 sys=0.00, real=0.00 secs] 
14.875: [GC (Allocation Failure) [PSYoungGen: 32K->32K(1536K)] 7351K->7351K(9728K), 0.0002714 secs] [Times: user=0.01 sys=0.00, real=0.00 secs] 
14.875: [Full GC (Allocation Failure) [PSYoungGen: 32K->0K(1536K)] [ParOldGen: 7319K->2327K(8192K)] 7351K->2327K(9728K), [Metaspace: 3328K->3328K(1056768K)], 0.0019881 secs] [Times: user=0.00 sys=0.00, real=0.00 secs] 
14.878: [GC (Allocation Failure) [PSYoungGen: 20K->32K(1536K)] 7340K->7352K(9728K), 0.0008378 secs] [Times: user=0.00 sys=0.00, real=0.00 secs] 
14.879: [GC (Allocation Failure) [PSYoungGen: 32K->32K(1536K)] 7352K->7352K(9728K), 0.0002890 secs] [Times: user=0.00 sys=0.00, real=0.00 secs] 
14.879: [Full GC (Allocation Failure) [PSYoungGen: 32K->0K(1536K)] [ParOldGen: 7320K->2327K(8192K)] 7352K->2327K(9728K), [Metaspace: 3328K->3328K(1056768K)], 0.0019934 secs] [Times: user=0.01 sys=0.00, real=0.00 secs] 
14.881: [GC (Allocation Failure) [PSYoungGen: 20K->32K(1536K)] 7341K->7352K(9728K), 0.0008267 secs] [Times: user=0.00 sys=0.00, real=0.00 secs] 
14.882: [GC (Allocation Failure) [PSYoungGen: 32K->32K(1536K)] 7352K->7352K(9728K), 0.0002626 secs] [Times: user=0.00 sys=0.00, real=0.00 secs] 
14.883: [Full GC (Allocation Failure) [PSYoungGen: 32K->0K(1536K)] [ParOldGen: 7320K->2327K(8192K)] 7352K->2327K(9728K), [Metaspace: 3328K->3328K(1056768K)], 0.0024663 secs] [Times: user=0.01 sys=0.00, real=0.01 secs] 
14.885: [GC (Allocation Failure) [PSYoungGen: 20K->32K(1536K)] 7342K->7353K(9728K), 0.0008369 secs] [Times: user=0.00 sys=0.00, real=0.00 secs] 
14.886: [GC (Allocation Failure) [PSYoungGen: 32K->32K(1536K)] 7353K->7353K(9728K), 0.0002517 secs] [Times: user=0.00 sys=0.00, real=0.00 secs] 
14.887: [Full GC (Allocation Failure) [PSYoungGen: 32K->0K(1536K)] [ParOldGen: 7321K->2328K(8192K)] 7353K->2328K(9728K), [Metaspace: 3328K->3328K(1056768K)], 0.0021959 secs] [Times: user=0.00 sys=0.00, real=0.00 secs] 
14.889: [GC (Allocation Failure) [PSYoungGen: 20K->32K(1536K)] 7343K->7354K(9728K), 0.0008326 secs] [Times: user=0.01 sys=0.00, real=0.00 secs] 
14.890: [GC (Allocation Failure) [PSYoungGen: 32K->32K(1536K)] 7354K->7354K(9728K), 0.0002817 secs] [Times: user=0.00 sys=0.00, real=0.00 secs] 
14.890: [Full GC (Allocation Failure) [PSYoungGen: 32K->0K(1536K)] [ParOldGen: 7322K->2328K(8192K)] 7354K->2328K(9728K), [Metaspace: 3328K->3328K(1056768K)], 0.0025286 secs] [Times: user=0.00 sys=0.00, real=0.01 secs] 
14.893: [GC (Allocation Failure) [PSYoungGen: 20K->32K(1536K)] 7343K->7355K(9728K), 0.0008472 secs] [Times: user=0.00 sys=0.00, real=0.00 secs] 
14.894: [GC (Allocation Failure) [PSYoungGen: 32K->32K(1536K)] 7355K->7355K(9728K), 0.0002685 secs] [Times: user=0.00 sys=0.00, real=0.00 secs] 
14.895: [Full GC (Allocation Failure) [PSYoungGen: 32K->0K(1536K)] [ParOldGen: 7323K->2328K(8192K)] 7355K->2328K(9728K), [Metaspace: 3328K->3328K(1056768K)], 0.0020349 secs] [Times: user=0.01 sys=0.01, real=0.00 secs] 
14.897: [GC (Allocation Failure) [PSYoungGen: 20K->32K(1536K)] 7344K->7356K(9728K), 0.0003288 secs] [Times: user=0.00 sys=0.00, real=0.00 secs] 
14.898: [GC (Allocation Failure) [PSYoungGen: 32K->32K(1536K)] 7356K->7356K(9728K), 0.0002661 secs] [Times: user=0.00 sys=0.00, real=0.00 secs] 
14.898: [Full GC (Allocation Failure) [PSYoungGen: 32K->0K(1536K)] [ParOldGen: 7324K->2328K(8192K)] 7356K->2328K(9728K), [Metaspace: 3328K->3328K(1056768K)], 0.0025170 secs] [Times: user=0.01 sys=0.00, real=0.00 secs] 
14.901: [GC (Allocation Failure) [PSYoungGen: 20K->32K(1536K)] 7345K->7356K(9728K), 0.0008313 secs] [Times: user=0.00 sys=0.00, real=0.00 secs] 
14.902: [GC (Allocation Failure) [PSYoungGen: 32K->32K(1536K)] 7356K->7356K(9728K), 0.0002542 secs] [Times: user=0.00 sys=0.00, real=0.00 secs] 
14.902: [Full GC (Allocation Failure) [PSYoungGen: 32K->0K(1536K)] [ParOldGen: 7324K->2328K(8192K)] 7356K->2328K(9728K), [Metaspace: 3328K->3328K(1056768K)], 0.0025286 secs] [Times: user=0.00 sys=0.00, real=0.01 secs] 
14.905: [GC (Allocation Failure) [PSYoungGen: 20K->32K(1536K)] 7346K->7357K(9728K), 0.0008667 secs] [Times: user=0.00 sys=0.00, real=0.00 secs] 
14.906: [GC (Allocation Failure) [PSYoungGen: 32K->32K(1536K)] 7357K->7357K(9728K), 0.0003497 secs] [Times: user=0.00 sys=0.00, real=0.00 secs] 
14.906: [Full GC (Allocation Failure) [PSYoungGen: 32K->0K(1536K)] [ParOldGen: 7325K->2328K(8192K)] 7357K->2328K(9728K), [Metaspace: 3328K->3328K(1056768K)], 0.0020703 secs] [Times: user=0.00 sys=0.00, real=0.00 secs] 
14.909: [GC (Allocation Failure) [PSYoungGen: 20K->32K(1536K)] 7347K->7358K(9728K), 0.0008413 secs] [Times: user=0.00 sys=0.00, real=0.00 secs] 
14.910: [GC (Allocation Failure) [PSYoungGen: 32K->32K(1536K)] 7358K->7358K(9728K), 0.0002583 secs] [Times: user=0.01 sys=0.00, real=0.00 secs] 
14.910: [Full GC (Allocation Failure) [PSYoungGen: 32K->0K(1536K)] [ParOldGen: 7326K->2328K(8192K)] 7358K->2328K(9728K), [Metaspace: 3328K->3328K(1056768K)], 0.0021429 secs] [Times: user=0.00 sys=0.00, real=0.00 secs] 
14.913: [GC (Allocation Failure) [PSYoungGen: 20K->32K(1536K)] 7347K->7359K(9728K), 0.0008323 secs] [Times: user=0.00 sys=0.00, real=0.01 secs] 
14.913: [GC (Allocation Failure) [PSYoungGen: 32K->32K(1536K)] 7359K->7359K(9728K), 0.0003023 secs] [Times: user=0.00 sys=0.00, real=0.00 secs] 
14.914: [Full GC (Allocation Failure) [PSYoungGen: 32K->0K(1536K)] [ParOldGen: 7327K->2329K(8192K)] 7359K->2329K(9728K), [Metaspace: 3328K->3328K(1056768K)], 0.0025022 secs] [Times: user=0.01 sys=0.00, real=0.00 secs] 
14.917: [GC (Allocation Failure) [PSYoungGen: 20K->32K(1536K)] 7348K->7360K(9728K), 0.0003109 secs] [Times: user=0.00 sys=0.00, real=0.00 secs] 
14.917: [GC (Allocation Failure) [PSYoungGen: 32K->32K(1536K)] 7360K->7360K(9728K), 0.0002768 secs] [Times: user=0.00 sys=0.00, real=0.00 secs] 
14.917: [Full GC (Allocation Failure) [PSYoungGen: 32K->0K(1536K)] [ParOldGen: 7328K->2329K(8192K)] 7360K->2329K(9728K), [Metaspace: 3328K->3328K(1056768K)], 0.0019799 secs] [Times: user=0.00 sys=0.00, real=0.00 secs] 
14.920: [GC (Allocation Failure) [PSYoungGen: 20K->32K(1536K)] 7349K->7361K(9728K), 0.0003792 secs] [Times: user=0.01 sys=0.00, real=0.00 secs] 
14.920: [GC (Allocation Failure) [PSYoungGen: 32K->32K(1536K)] 7361K->7361K(9728K), 0.0002724 secs] [Times: user=0.00 sys=0.00, real=0.00 secs] 
14.921: [Full GC (Allocation Failure) [PSYoungGen: 32K->0K(1536K)] [ParOldGen: 7329K->2329K(8192K)] 7361K->2329K(9728K), [Metaspace: 3328K->3328K(1056768K)], 0.0033853 secs] [Times: user=0.00 sys=0.00, real=0.01 secs] 
14.925: [GC (Allocation Failure) [PSYoungGen: 20K->32K(1536K)] 7350K->7361K(9728K), 0.0003295 secs] [Times: user=0.00 sys=0.00, real=0.00 secs] 
14.925: [GC (Allocation Failure) [PSYoungGen: 32K->32K(1536K)] 7361K->7361K(9728K), 0.0002573 secs] [Times: user=0.00 sys=0.00, real=0.00 secs] 
14.925: [Full GC (Allocation Failure) [PSYoungGen: 32K->0K(1536K)] [ParOldGen: 7329K->2329K(8192K)] 7361K->2329K(9728K), [Metaspace: 3328K->3328K(1056768K)], 0.0024711 secs] [Times: user=0.01 sys=0.00, real=0.00 secs] 
14.928: [GC (Allocation Failure) [PSYoungGen: 20K->32K(1536K)] 7351K->7362K(9728K), 0.0009629 secs] [Times: user=0.00 sys=0.00, real=0.00 secs] 
14.929: [GC (Allocation Failure) [PSYoungGen: 32K->32K(1536K)] 7362K->7362K(9728K), 0.0002555 secs] [Times: user=0.00 sys=0.00, real=0.00 secs] 
14.930: [Full GC (Allocation Failure) [PSYoungGen: 32K->0K(1536K)] [ParOldGen: 7330K->2329K(8192K)] 7362K->2329K(9728K), [Metaspace: 3328K->3328K(1056768K)], 0.0024015 secs] [Times: user=0.01 sys=0.00, real=0.00 secs] 
14.932: [GC (Allocation Failure) [PSYoungGen: 20K->32K(1536K)] 7351K->7363K(9728K), 0.0008224 secs] [Times: user=0.00 sys=0.00, real=0.01 secs] 
14.933: [GC (Allocation Failure) [PSYoungGen: 32K->32K(1536K)] 7363K->7363K(9728K), 0.0007767 secs] [Times: user=0.00 sys=0.00, real=0.00 secs] 
14.934: [Full GC (Allocation Failure) [PSYoungGen: 32K->0K(1536K)] [ParOldGen: 7331K->2329K(8192K)] 7363K->2329K(9728K), [Metaspace: 3328K->3328K(1056768K)], 0.0023439 secs] [Times: user=0.01 sys=0.00, real=0.00 secs] 
14.937: [GC (Allocation Failure) [PSYoungGen: 20K->32K(1536K)] 7352K->7364K(9728K), 0.0008307 secs] [Times: user=0.00 sys=0.00, real=0.00 secs] 
14.938: [GC (Allocation Failure) [PSYoungGen: 32K->32K(1536K)] 7364K->7364K(9728K), 0.0003319 secs] [Times: user=0.00 sys=0.00, real=0.00 secs] 
14.938: [Full GC (Allocation Failure) [PSYoungGen: 32K->0K(1536K)] [ParOldGen: 7332K->2330K(8192K)] 7364K->2330K(9728K), [Metaspace: 3328K->3328K(1056768K)], 0.0033265 secs] [Times: user=0.01 sys=0.00, real=0.00 secs] 
14.942: [GC (Allocation Failure) [PSYoungGen: 20K->32K(1536K)] 7353K->7365K(9728K), 0.0008266 secs] [Times: user=0.00 sys=0.00, real=0.01 secs] 
14.943: [GC (Allocation Failure) [PSYoungGen: 32K->32K(1536K)] 7365K->7365K(9728K), 0.0002700 secs] [Times: user=0.00 sys=0.00, real=0.00 secs] 
14.943: [Full GC (Allocation Failure) [PSYoungGen: 32K->0K(1536K)] [ParOldGen: 7333K->2330K(8192K)] 7365K->2330K(9728K), [Metaspace: 3328K->3328K(1056768K)], 0.0020866 secs] [Times: user=0.01 sys=0.00, real=0.00 secs] 
14.946: [GC (Allocation Failure) [PSYoungGen: 20K->32K(1536K)] 7354K->7365K(9728K), 0.0008144 secs] [Times: user=0.00 sys=0.00, real=0.00 secs] 
14.947: [GC (Allocation Failure) [PSYoungGen: 32K->32K(1536K)] 7365K->7365K(9728K), 0.0002604 secs] [Times: user=0.00 sys=0.00, real=0.00 secs] 
14.947: [Full GC (Allocation Failure) [PSYoungGen: 32K->0K(1536K)] [ParOldGen: 7333K->2330K(8192K)] 7365K->2330K(9728K), [Metaspace: 3328K->3328K(1056768K)], 0.0024175 secs] [Times: user=0.00 sys=0.00, real=0.00 secs] 
14.950: [GC (Allocation Failure) [PSYoungGen: 20K->32K(1536K)] 7355K->7366K(9728K), 0.0008356 secs] [Times: user=0.01 sys=0.00, real=0.00 secs] 
14.951: [GC (Allocation Failure) [PSYoungGen: 32K->32K(1536K)] 7366K->7366K(9728K), 0.0002402 secs] [Times: user=0.00 sys=0.00, real=0.00 secs] 
14.951: [Full GC (Allocation Failure) [PSYoungGen: 32K->0K(1536K)] [ParOldGen: 7334K->2330K(8192K)] 7366K->2330K(9728K), [Metaspace: 3328K->3328K(1056768K)], 0.0024544 secs] [Times: user=0.00 sys=0.00, real=0.01 secs] 
14.954: [GC (Allocation Failure) [PSYoungGen: 20K->32K(1536K)] 7355K->7367K(9728K), 0.0008347 secs] [Times: user=0.00 sys=0.00, real=0.00 secs] 
14.955: [GC (Allocation Failure) [PSYoungGen: 32K->32K(1536K)] 7367K->7367K(9728K), 0.0003070 secs] [Times: user=0.00 sys=0.00, real=0.00 secs] 
14.955: [Full GC (Allocation Failure) [PSYoungGen: 32K->0K(1536K)] [ParOldGen: 7335K->2330K(8192K)] 7367K->2330K(9728K), [Metaspace: 3328K->3328K(1056768K)], 0.0020652 secs] [Times: user=0.01 sys=0.00, real=0.00 secs] 
14.958: [GC (Allocation Failure) [PSYoungGen: 20K->32K(1536K)] 7356K->7368K(9728K), 0.0003664 secs] [Times: user=0.00 sys=0.00, real=0.00 secs] 
14.958: [GC (Allocation Failure) [PSYoungGen: 32K->32K(1536K)] 7368K->7368K(9728K), 0.0003159 secs] [Times: user=0.00 sys=0.00, real=0.00 secs] 
14.959: [Full GC (Allocation Failure) [PSYoungGen: 32K->0K(1536K)] [ParOldGen: 7336K->2330K(8192K)] 7368K->2330K(9728K), [Metaspace: 3328K->3328K(1056768K)], 0.0020119 secs] [Times: user=0.01 sys=0.00, real=0.00 secs] 
14.961: [GC (Allocation Failure) [PSYoungGen: 20K->32K(1536K)] 7357K->7369K(9728K), 0.0009164 secs] [Times: user=0.00 sys=0.00, real=0.00 secs] 
14.962: [GC (Allocation Failure) [PSYoungGen: 32K->32K(1536K)] 7369K->7369K(9728K), 0.0003395 secs] [Times: user=0.00 sys=0.00, real=0.00 secs] 
14.962: [Full GC (Allocation Failure) [PSYoungGen: 32K->0K(1536K)] [ParOldGen: 7337K->2331K(8192K)] 7369K->2331K(9728K), [Metaspace: 3328K->3328K(1056768K)], 0.0020442 secs] [Times: user=0.00 sys=0.00, real=0.01 secs] 
14.965: [GC (Allocation Failure) [PSYoungGen: 20K->32K(1536K)] 7358K->7369K(9728K), 0.0008155 secs] [Times: user=0.01 sys=0.00, real=0.00 secs] 
14.966: [GC (Allocation Failure) [PSYoungGen: 32K->32K(1536K)] 7369K->7369K(9728K), 0.0007848 secs] [Times: user=0.00 sys=0.00, real=0.00 secs] 
14.967: [Full GC (Allocation Failure) [PSYoungGen: 32K->0K(1536K)] [ParOldGen: 7337K->2331K(8192K)] 7369K->2331K(9728K), [Metaspace: 3328K->3328K(1056768K)], 0.0022621 secs] [Times: user=0.00 sys=0.00, real=0.00 secs] 
14.969: [GC (Allocation Failure) [PSYoungGen: 20K->32K(1536K)] 7359K->7370K(9728K), 0.0008185 secs] [Times: user=0.00 sys=0.00, real=0.00 secs] 
14.970: [GC (Allocation Failure) [PSYoungGen: 32K->32K(1536K)] 7370K->7370K(9728K), 0.0002707 secs] [Times: user=0.01 sys=0.00, real=0.00 secs] 
14.970: [Full GC (Allocation Failure) [PSYoungGen: 32K->0K(1536K)] [ParOldGen: 7338K->2331K(8192K)] 7370K->2331K(9728K), [Metaspace: 3328K->3328K(1056768K)], 0.0021225 secs] [Times: user=0.00 sys=0.00, real=0.01 secs] 
14.973: [GC (Allocation Failure) [PSYoungGen: 20K->32K(1536K)] 7359K->7371K(9728K), 0.0008153 secs] [Times: user=0.00 sys=0.00, real=0.00 secs] 
14.974: [GC (Allocation Failure) [PSYoungGen: 32K->32K(1536K)] 7371K->7371K(9728K), 0.0002343 secs] [Times: user=0.00 sys=0.00, real=0.00 secs] 
14.974: [Full GC (Allocation Failure) [PSYoungGen: 32K->0K(1536K)] [ParOldGen: 7339K->2331K(8192K)] 7371K->2331K(9728K), [Metaspace: 3328K->3328K(1056768K)], 0.0021120 secs] [Times: user=0.01 sys=0.00, real=0.00 secs] 
14.977: [GC (Allocation Failure) [PSYoungGen: 20K->32K(1536K)] 7360K->7372K(9728K), 0.0008080 secs] [Times: user=0.00 sys=0.00, real=0.00 secs] 
14.978: [GC (Allocation Failure) [PSYoungGen: 32K->32K(1536K)] 7372K->7372K(9728K), 0.0002733 secs] [Times: user=0.00 sys=0.00, real=0.00 secs] 
14.978: [Full GC (Allocation Failure) [PSYoungGen: 32K->0K(1536K)] [ParOldGen: 7340K->2331K(8192K)] 7372K->2331K(9728K), [Metaspace: 3328K->3328K(1056768K)], 0.0025151 secs] [Times: user=0.01 sys=0.01, real=0.00 secs] 
14.981: [GC (Allocation Failure) [PSYoungGen: 20K->32K(1536K)] 7361K->7373K(9728K), 0.0008151 secs] [Times: user=0.00 sys=0.00, real=0.00 secs] 
14.982: [GC (Allocation Failure) [PSYoungGen: 32K->32K(1536K)] 7373K->7373K(9728K), 0.0002813 secs] [Times: user=0.00 sys=0.00, real=0.00 secs] 
14.982: [Full GC (Allocation Failure) [PSYoungGen: 32K->0K(1536K)] [ParOldGen: 7341K->2331K(8192K)] 7373K->2331K(9728K), [Metaspace: 3328K->3328K(1056768K)], 0.0019940 secs] [Times: user=0.00 sys=0.00, real=0.01 secs] 
14.984: [GC (Allocation Failure) [PSYoungGen: 20K->32K(1536K)] 7362K->7373K(9728K), 0.0008318 secs] [Times: user=0.01 sys=0.00, real=0.00 secs] 
14.985: [GC (Allocation Failure) [PSYoungGen: 32K->32K(1536K)] 7373K->7373K(9728K), 0.0002955 secs] [Times: user=0.00 sys=0.00, real=0.00 secs] 
14.986: [Full GC (Allocation Failure) [PSYoungGen: 32K->0K(1536K)] [ParOldGen: 7341K->2332K(8192K)] 7373K->2332K(9728K), [Metaspace: 3328K->3328K(1056768K)], 0.0023263 secs] [Times: user=0.00 sys=0.00, real=0.00 secs] 
14.988: [GC (Allocation Failure) [PSYoungGen: 20K->32K(1536K)] 7363K->7374K(9728K), 0.0008408 secs] [Times: user=0.00 sys=0.00, real=0.00 secs] 
14.989: [GC (Allocation Failure) [PSYoungGen: 32K->32K(1536K)] 7374K->7374K(9728K), 0.0002662 secs] [Times: user=0.00 sys=0.00, real=0.00 secs] 
14.990: [Full GC (Allocation Failure) [PSYoungGen: 32K->0K(1536K)] [ParOldGen: 7342K->2332K(8192K)] 7374K->2332K(9728K), [Metaspace: 3328K->3328K(1056768K)], 0.0021395 secs] [Times: user=0.01 sys=0.00, real=0.00 secs] 
14.992: [GC (Allocation Failure) [PSYoungGen: 20K->32K(1536K)] 7363K->7375K(9728K), 0.0003330 secs] [Times: user=0.00 sys=0.00, real=0.00 secs] 
14.993: [GC (Allocation Failure) [PSYoungGen: 32K->32K(1536K)] 7375K->7375K(9728K), 0.0002495 secs] [Times: user=0.00 sys=0.00, real=0.01 secs] 
14.993: [Full GC (Allocation Failure) [PSYoungGen: 32K->0K(1536K)] [ParOldGen: 7343K->2332K(8192K)] 7375K->2332K(9728K), [Metaspace: 3328K->3328K(1056768K)], 0.0023661 secs] [Times: user=0.01 sys=0.00, real=0.00 secs] 
14.996: [GC (Allocation Failure) [PSYoungGen: 20K->32K(1536K)] 7364K->7376K(9728K), 0.0008327 secs] [Times: user=0.00 sys=0.00, real=0.00 secs] 
14.997: [GC (Allocation Failure) [PSYoungGen: 32K->32K(1536K)] 7376K->7376K(9728K), 0.0002551 secs] [Times: user=0.00 sys=0.00, real=0.00 secs] 
14.997: [Full GC (Allocation Failure) [PSYoungGen: 32K->0K(1536K)] [ParOldGen: 7344K->2332K(8192K)] 7376K->2332K(9728K), [Metaspace: 3328K->3328K(1056768K)], 0.0029492 secs] [Times: user=0.00 sys=0.00, real=0.00 secs] 
15.000: [GC (Allocation Failure) [PSYoungGen: 20K->32K(1536K)] 7365K->7377K(9728K), 0.0008065 secs] [Times: user=0.00 sys=0.00, real=0.00 secs] 
15.001: [GC (Allocation Failure) [PSYoungGen: 32K->32K(1536K)] 7377K->7377K(9728K), 0.0002719 secs] [Times: user=0.00 sys=0.00, real=0.00 secs] 
15.001: [Full GC (Allocation Failure) [PSYoungGen: 32K->0K(1536K)] [ParOldGen: 7345K->2332K(8192K)] 7377K->2332K(9728K), [Metaspace: 3328K->3328K(1056768K)], 0.0020403 secs] [Times: user=0.00 sys=0.00, real=0.01 secs] 
15.004: [GC (Allocation Failure) [PSYoungGen: 20K->32K(1536K)] 7366K->7377K(9728K), 0.0004897 secs] [Times: user=0.00 sys=0.00, real=0.00 secs] 
15.004: [GC (Allocation Failure) [PSYoungGen: 32K->32K(1536K)] 7377K->7377K(9728K), 0.0002972 secs] [Times: user=0.00 sys=0.00, real=0.00 secs] 
15.005: [Full GC (Allocation Failure) [PSYoungGen: 32K->0K(1536K)] [ParOldGen: 7345K->2332K(8192K)] 7377K->2332K(9728K), [Metaspace: 3328K->3328K(1056768K)], 0.0034229 secs] [Times: user=0.01 sys=0.00, real=0.00 secs] 
15.009: [GC (Allocation Failure) [PSYoungGen: 20K->32K(1536K)] 7367K->7378K(9728K), 0.0008412 secs] [Times: user=0.00 sys=0.00, real=0.00 secs] 
15.010: [GC (Allocation Failure) [PSYoungGen: 32K->32K(1536K)] 7378K->7378K(9728K), 0.0008367 secs] [Times: user=0.01 sys=0.00, real=0.00 secs] 
15.011: [Full GC (Allocation Failure) [PSYoungGen: 32K->0K(1536K)] [ParOldGen: 7346K->2332K(8192K)] 7378K->2332K(9728K), [Metaspace: 3328K->3328K(1056768K)], 0.0024646 secs] [Times: user=0.00 sys=0.00, real=0.01 secs] 
15.013: [GC (Allocation Failure) [PSYoungGen: 20K->32K(1536K)] 7367K->7379K(9728K), 0.0008312 secs] [Times: user=0.00 sys=0.00, real=0.00 secs] 
15.014: [GC (Allocation Failure) [PSYoungGen: 32K->32K(1536K)] 7379K->7379K(9728K), 0.0002607 secs] [Times: user=0.00 sys=0.00, real=0.00 secs] 
15.015: [Full GC (Allocation Failure) [PSYoungGen: 32K->0K(1536K)] [ParOldGen: 7347K->2333K(8192K)] 7379K->2333K(9728K), [Metaspace: 3328K->3328K(1056768K)], 0.0023443 secs] [Times: user=0.01 sys=0.00, real=0.00 secs] 
15.017: [GC (Allocation Failure) [PSYoungGen: 20K->32K(1536K)] 7368K->7380K(9728K), 0.0008427 secs] [Times: user=0.00 sys=0.00, real=0.00 secs] 
15.018: [GC (Allocation Failure) [PSYoungGen: 32K->32K(1536K)] 7380K->7380K(9728K), 0.0002924 secs] [Times: user=0.00 sys=0.00, real=0.00 secs] 
15.019: [Full GC (Allocation Failure) [PSYoungGen: 32K->0K(1536K)] [ParOldGen: 7348K->2333K(8192K)] 7380K->2333K(9728K), [Metaspace: 3328K->3328K(1056768K)], 0.0024305 secs] [Times: user=0.01 sys=0.00, real=0.00 secs] 
15.022: [GC (Allocation Failure) [PSYoungGen: 20K->32K(1536K)] 7369K->7381K(9728K), 0.0003291 secs] [Times: user=0.00 sys=0.00, real=0.00 secs] 
15.022: [GC (Allocation Failure) [PSYoungGen: 32K->32K(1536K)] 7381K->7381K(9728K), 0.0009863 secs] [Times: user=0.00 sys=0.00, real=0.01 secs] 
15.023: [Full GC (Allocation Failure) [PSYoungGen: 32K->0K(1536K)] [ParOldGen: 7349K->2333K(8192K)] 7381K->2333K(9728K), [Metaspace: 3328K->3328K(1056768K)], 0.0024822 secs] [Times: user=0.01 sys=0.00, real=0.00 secs] 
15.026: [GC (Allocation Failure) [PSYoungGen: 20K->32K(1536K)] 7370K->7381K(9728K), 0.0008432 secs] [Times: user=0.00 sys=0.00, real=0.00 secs] 
15.027: [GC (Allocation Failure) [PSYoungGen: 32K->32K(1536K)] 7381K->7381K(9728K), 0.0002644 secs] [Times: user=0.00 sys=0.00, real=0.00 secs] 
15.027: [Full GC (Allocation Failure) [PSYoungGen: 32K->0K(1536K)] [ParOldGen: 7349K->2333K(8192K)] 7381K->2333K(9728K), [Metaspace: 3328K->3328K(1056768K)], 0.0020565 secs] [Times: user=0.00 sys=0.00, real=0.00 secs] 
15.030: [GC (Allocation Failure) [PSYoungGen: 20K->32K(1536K)] 7371K->7382K(9728K), 0.0008349 secs] [Times: user=0.01 sys=0.00, real=0.00 secs] 
15.031: [GC (Allocation Failure) [PSYoungGen: 32K->32K(1536K)] 7382K->7382K(9728K), 0.0002741 secs] [Times: user=0.00 sys=0.00, real=0.00 secs] 
15.031: [Full GC (Allocation Failure) [PSYoungGen: 32K->0K(1536K)] [ParOldGen: 7350K->2333K(8192K)] 7382K->2333K(9728K), [Metaspace: 3328K->3328K(1056768K)], 0.0022042 secs] [Times: user=0.00 sys=0.00, real=0.01 secs] 
15.034: [GC (Allocation Failure) [PSYoungGen: 20K->32K(1536K)] 7371K->7383K(9728K), 0.0008395 secs] [Times: user=0.00 sys=0.00, real=0.00 secs] 
15.034: [GC (Allocation Failure) [PSYoungGen: 32K->32K(1536K)] 7383K->7383K(9728K), 0.0002783 secs] [Times: user=0.00 sys=0.00, real=0.00 secs] 
15.035: [Full GC (Allocation Failure) [PSYoungGen: 32K->0K(1536K)] [ParOldGen: 7351K->2333K(8192K)] 7383K->2333K(9728K), [Metaspace: 3328K->3328K(1056768K)], 0.0020094 secs] [Times: user=0.01 sys=0.00, real=0.00 secs] 
15.037: [GC (Allocation Failure) [PSYoungGen: 20K->32K(1536K)] 7372K->7384K(9728K), 0.0008664 secs] [Times: user=0.00 sys=0.00, real=0.00 secs] 
15.038: [GC (Allocation Failure) [PSYoungGen: 32K->32K(1536K)] 7384K->7384K(9728K), 0.0007968 secs] [Times: user=0.00 sys=0.00, real=0.00 secs] 
15.039: [Full GC (Allocation Failure) [PSYoungGen: 32K->0K(1536K)] [ParOldGen: 7352K->2334K(8192K)] 7384K->2334K(9728K), [Metaspace: 3328K->3328K(1056768K)], 0.0022796 secs] [Times: user=0.01 sys=0.00, real=0.00 secs] 
15.042: [GC (Allocation Failure) [PSYoungGen: 20K->32K(1536K)] 7373K->7385K(9728K), 0.0008474 secs] [Times: user=0.00 sys=0.00, real=0.01 secs] 
15.043: [GC (Allocation Failure) [PSYoungGen: 32K->32K(1536K)] 7385K->7385K(9728K), 0.0007920 secs] [Times: user=0.00 sys=0.00, real=0.00 secs] 
15.043: [Full GC (Allocation Failure) [PSYoungGen: 32K->0K(1536K)] [ParOldGen: 7353K->2334K(8192K)] 7385K->2334K(9728K), [Metaspace: 3328K->3328K(1056768K)], 0.0022017 secs] [Times: user=0.01 sys=0.00, real=0.00 secs] 
15.046: [GC (Allocation Failure) [PSYoungGen: 20K->32K(1536K)] 7374K->7385K(9728K), 0.0008601 secs] [Times: user=0.00 sys=0.00, real=0.00 secs] 
15.047: [GC (Allocation Failure) [PSYoungGen: 32K->32K(1536K)] 7385K->7385K(9728K), 0.0002897 secs] [Times: user=0.00 sys=0.00, real=0.00 secs] 
15.047: [Full GC (Allocation Failure) [PSYoungGen: 32K->0K(1536K)] [ParOldGen: 7353K->2334K(8192K)] 7385K->2334K(9728K), [Metaspace: 3328K->3328K(1056768K)], 0.0023414 secs] [Times: user=0.00 sys=0.00, real=0.00 secs] 
15.050: [GC (Allocation Failure) [PSYoungGen: 20K->32K(1536K)] 7375K->7386K(9728K), 0.0008201 secs] [Times: user=0.00 sys=0.00, real=0.00 secs] 
15.051: [GC (Allocation Failure) [PSYoungGen: 32K->32K(1536K)] 7386K->7386K(9728K), 0.0002401 secs] [Times: user=0.00 sys=0.00, real=0.00 secs] 
15.051: [Full GC (Allocation Failure) [PSYoungGen: 32K->0K(1536K)] [ParOldGen: 7354K->2334K(8192K)] 7386K->2334K(9728K), [Metaspace: 3328K->3328K(1056768K)], 0.0024757 secs] [Times: user=0.00 sys=0.00, real=0.01 secs] 
15.054: [GC (Allocation Failure) [PSYoungGen: 20K->32K(1536K)] 7375K->7387K(9728K), 0.0008386 secs] [Times: user=0.01 sys=0.00, real=0.00 secs] 
15.055: [GC (Allocation Failure) [PSYoungGen: 32K->32K(1536K)] 7387K->7387K(9728K), 0.0002655 secs] [Times: user=0.00 sys=0.00, real=0.00 secs] 
15.055: [Full GC (Allocation Failure) [PSYoungGen: 32K->0K(1536K)] [ParOldGen: 7355K->2334K(8192K)] 7387K->2334K(9728K), [Metaspace: 3328K->3328K(1056768K)], 0.0024994 secs] [Times: user=0.00 sys=0.00, real=0.00 secs] 
15.058: [GC (Allocation Failure) [PSYoungGen: 20K->32K(1536K)] 7376K->7388K(9728K), 0.0008394 secs] [Times: user=0.00 sys=0.00, real=0.00 secs] 
15.059: [GC (Allocation Failure) [PSYoungGen: 32K->32K(1536K)] 7388K->7388K(9728K), 0.0002502 secs] [Times: user=0.00 sys=0.00, real=0.00 secs] 
15.060: [Full GC (Allocation Failure) [PSYoungGen: 32K->0K(1536K)] [ParOldGen: 7356K->2334K(8192K)] 7388K->2334K(9728K), [Metaspace: 3328K->3328K(1056768K)], 0.0024846 secs] [Times: user=0.01 sys=0.00, real=0.00 secs] 
15.063: [GC (Allocation Failure) [PSYoungGen: 20K->32K(1536K)] 7377K->7389K(9728K), 0.0008326 secs] [Times: user=0.00 sys=0.00, real=0.01 secs] 
15.063: [GC (Allocation Failure) [PSYoungGen: 32K->32K(1536K)] 7389K->7389K(9728K), 0.0002806 secs] [Times: user=0.00 sys=0.00, real=0.00 secs] 
15.064: [Full GC (Allocation Failure) [PSYoungGen: 32K->0K(1536K)] [ParOldGen: 7357K->2335K(8192K)] 7389K->2335K(9728K), [Metaspace: 3328K->3328K(1056768K)], 0.0024008 secs] [Times: user=0.01 sys=0.01, real=0.00 secs] 
15.067: [GC (Allocation Failure) [PSYoungGen: 20K->32K(1536K)] 7378K->7389K(9728K), 0.0008456 secs] [Times: user=0.00 sys=0.00, real=0.00 secs] 
15.067: [GC (Allocation Failure) [PSYoungGen: 32K->32K(1536K)] 7389K->7389K(9728K), 0.0002859 secs] [Times: user=0.00 sys=0.00, real=0.00 secs] 
15.068: [Full GC (Allocation Failure) [PSYoungGen: 32K->0K(1536K)] [ParOldGen: 7357K->2335K(8192K)] 7389K->2335K(9728K), [Metaspace: 3328K->3328K(1056768K)], 0.0024092 secs] [Times: user=0.01 sys=0.00, real=0.00 secs] 
15.071: [GC (Allocation Failure) [PSYoungGen: 20K->32K(1536K)] 7379K->7390K(9728K), 0.0008337 secs] [Times: user=0.00 sys=0.00, real=0.00 secs] 
15.072: [GC (Allocation Failure) [PSYoungGen: 32K->32K(1536K)] 7390K->7390K(9728K), 0.0008064 secs] [Times: user=0.00 sys=0.00, real=0.00 secs] 
15.072: [Full GC (Allocation Failure) [PSYoungGen: 32K->0K(1536K)] [ParOldGen: 7358K->2335K(8192K)] 7390K->2335K(9728K), [Metaspace: 3328K->3328K(1056768K)], 0.0024722 secs] [Times: user=0.01 sys=0.00, real=0.01 secs] 
15.075: [GC (Allocation Failure) [PSYoungGen: 20K->32K(1536K)] 7379K->7391K(9728K), 0.0008344 secs] [Times: user=0.00 sys=0.00, real=0.00 secs] 
15.076: [GC (Allocation Failure) [PSYoungGen: 32K->32K(1536K)] 7391K->7391K(9728K), 0.0002566 secs] [Times: user=0.00 sys=0.00, real=0.00 secs] 
15.077: [Full GC (Allocation Failure) [PSYoungGen: 32K->0K(1536K)] [ParOldGen: 7359K->2335K(8192K)] 7391K->2335K(9728K), [Metaspace: 3328K->3328K(1056768K)], 0.0024826 secs] [Times: user=0.00 sys=0.00, real=0.00 secs] 
15.079: [GC (Allocation Failure) [PSYoungGen: 20K->32K(1536K)] 7380K->7392K(9728K), 0.0008320 secs] [Times: user=0.00 sys=0.00, real=0.00 secs] 
15.080: [GC (Allocation Failure) [PSYoungGen: 32K->32K(1536K)] 7392K->7392K(9728K), 0.0002487 secs] [Times: user=0.00 sys=0.00, real=0.00 secs] 
15.081: [Full GC (Allocation Failure) [PSYoungGen: 32K->0K(1536K)] [ParOldGen: 7360K->2335K(8192K)] 7392K->2335K(9728K), [Metaspace: 3328K->3328K(1056768K)], 0.0024063 secs] [Times: user=0.00 sys=0.00, real=0.01 secs] 
15.083: [GC (Allocation Failure) [PSYoungGen: 20K->32K(1536K)] 7381K->7393K(9728K), 0.0003256 secs] [Times: user=0.00 sys=0.00, real=0.00 secs] 
15.084: [GC (Allocation Failure) [PSYoungGen: 32K->32K(1536K)] 7393K->7393K(9728K), 0.0002451 secs] [Times: user=0.00 sys=0.00, real=0.00 secs] 
15.084: [Full GC (Allocation Failure) [PSYoungGen: 32K->0K(1536K)] [ParOldGen: 7361K->2335K(8192K)] 7393K->2335K(9728K), [Metaspace: 3328K->3328K(1056768K)], 0.0019606 secs] [Times: user=0.01 sys=0.00, real=0.00 secs] 
15.087: [GC (Allocation Failure) [PSYoungGen: 20K->32K(1536K)] 7382K->7393K(9728K), 0.0008330 secs] [Times: user=0.00 sys=0.00, real=0.00 secs] 
15.087: [GC (Allocation Failure) [PSYoungGen: 32K->32K(1536K)] 7393K->7393K(9728K), 0.0002813 secs] [Times: user=0.00 sys=0.00, real=0.00 secs] 
15.088: [Full GC (Allocation Failure) [PSYoungGen: 32K->0K(1536K)] [ParOldGen: 7361K->2336K(8192K)] 7393K->2336K(9728K), [Metaspace: 3328K->3328K(1056768K)], 0.0024554 secs] [Times: user=0.01 sys=0.00, real=0.00 secs] 
15.091: [GC (Allocation Failure) [PSYoungGen: 20K->32K(1536K)] 7383K->7394K(9728K), 0.0008208 secs] [Times: user=0.00 sys=0.00, real=0.00 secs] 
15.092: [GC (Allocation Failure) [PSYoungGen: 32K->32K(1536K)] 7394K->7394K(9728K), 0.0002860 secs] [Times: user=0.00 sys=0.00, real=0.00 secs] 
15.092: [Full GC (Allocation Failure) [PSYoungGen: 32K->0K(1536K)] [ParOldGen: 7362K->2336K(8192K)] 7394K->2336K(9728K), [Metaspace: 3328K->3328K(1056768K)], 0.0028859 secs] [Times: user=0.01 sys=0.00, real=0.01 secs] 
15.095: [GC (Allocation Failure) [PSYoungGen: 20K->32K(1536K)] 7383K->7395K(9728K), 0.0008370 secs] [Times: user=0.00 sys=0.00, real=0.00 secs] 
15.096: [GC (Allocation Failure) [PSYoungGen: 32K->32K(1536K)] 7395K->7395K(9728K), 0.0002795 secs] [Times: user=0.00 sys=0.00, real=0.00 secs] 
15.096: [Full GC (Allocation Failure) [PSYoungGen: 32K->0K(1536K)] [ParOldGen: 7363K->2336K(8192K)] 7395K->2336K(9728K), [Metaspace: 3328K->3328K(1056768K)], 0.0023632 secs] [Times: user=0.00 sys=0.00, real=0.00 secs] 
15.099: [GC (Allocation Failure) [PSYoungGen: 20K->32K(1536K)] 7384K->7396K(9728K), 0.0008357 secs] [Times: user=0.00 sys=0.00, real=0.00 secs] 
15.100: [GC (Allocation Failure) [PSYoungGen: 32K->32K(1536K)] 7396K->7396K(9728K), 0.0002701 secs] [Times: user=0.00 sys=0.00, real=0.00 secs] 
15.100: [Full GC (Allocation Failure) [PSYoungGen: 32K->0K(1536K)] [ParOldGen: 7364K->2336K(8192K)] 7396K->2336K(9728K), [Metaspace: 3328K->3328K(1056768K)], 0.0020908 secs] [Times: user=0.00 sys=0.00, real=0.00 secs] 
15.103: [GC (Allocation Failure) [PSYoungGen: 20K->32K(1536K)] 7385K->7397K(9728K), 0.0008372 secs] [Times: user=0.00 sys=0.00, real=0.00 secs] 
15.104: [GC (Allocation Failure) [PSYoungGen: 32K->32K(1536K)] 7397K->7397K(9728K), 0.0002820 secs] [Times: user=0.01 sys=0.00, real=0.00 secs] 
15.104: [Full GC (Allocation Failure) [PSYoungGen: 32K->0K(1536K)] [ParOldGen: 7365K->2336K(8192K)] 7397K->2336K(9728K), [Metaspace: 3328K->3328K(1056768K)], 0.0019824 secs] [Times: user=0.00 sys=0.00, real=0.00 secs] 
15.107: [GC (Allocation Failure) [PSYoungGen: 20K->32K(1536K)] 7386K->7397K(9728K), 0.0008450 secs] [Times: user=0.00 sys=0.00, real=0.00 secs] 
15.108: [GC (Allocation Failure) [PSYoungGen: 32K->32K(1536K)] 7397K->7397K(9728K), 0.0003114 secs] [Times: user=0.00 sys=0.00, real=0.00 secs] 
15.108: [Full GC (Allocation Failure) [PSYoungGen: 32K->0K(1536K)] [ParOldGen: 7365K->2336K(8192K)] 7397K->2336K(9728K), [Metaspace: 3328K->3328K(1056768K)], 0.0024758 secs] [Times: user=0.01 sys=0.00, real=0.00 secs] 
15.111: [GC (Allocation Failure) [PSYoungGen: 20K->32K(1536K)] 7387K->7398K(9728K), 0.0008626 secs] [Times: user=0.00 sys=0.00, real=0.00 secs] 
15.112: [GC (Allocation Failure) [PSYoungGen: 32K->32K(1536K)] 7398K->7398K(9728K), 0.0002594 secs] [Times: user=0.00 sys=0.00, real=0.00 secs] 
15.112: [Full GC (Allocation Failure) [PSYoungGen: 32K->0K(1536K)] [ParOldGen: 7366K->2336K(8192K)] 7398K->2336K(9728K), [Metaspace: 3328K->3328K(1056768K)], 0.0025211 secs] [Times: user=0.01 sys=0.00, real=0.01 secs] 
15.115: [GC (Allocation Failure) [PSYoungGen: 20K->32K(1536K)] 7387K->7399K(9728K), 0.0008232 secs] [Times: user=0.00 sys=0.00, real=0.00 secs] 
15.116: [GC (Allocation Failure) [PSYoungGen: 32K->32K(1536K)] 7399K->7399K(9728K), 0.0007940 secs] [Times: user=0.00 sys=0.00, real=0.00 secs] 
15.117: [Full GC (Allocation Failure) [PSYoungGen: 32K->0K(1536K)] [ParOldGen: 7367K->2337K(8192K)] 7399K->2337K(9728K), [Metaspace: 3328K->3328K(1056768K)], 0.0024516 secs] [Times: user=0.01 sys=0.00, real=0.00 secs] 
15.120: [GC (Allocation Failure) [PSYoungGen: 20K->32K(1536K)] 7388K->7400K(9728K), 0.0008441 secs] [Times: user=0.00 sys=0.00, real=0.00 secs] 
15.121: [GC (Allocation Failure) [PSYoungGen: 32K->32K(1536K)] 7400K->7400K(9728K), 0.0002852 secs] [Times: user=0.00 sys=0.00, real=0.00 secs] 
15.121: [Full GC (Allocation Failure) [PSYoungGen: 32K->0K(1536K)] [ParOldGen: 7368K->2337K(8192K)] 7400K->2337K(9728K), [Metaspace: 3328K->3328K(1056768K)], 0.0019978 secs] [Times: user=0.00 sys=0.00, real=0.01 secs] 
15.123: [GC (Allocation Failure) [PSYoungGen: 20K->32K(1536K)] 7389K->7401K(9728K), 0.0008328 secs] [Times: user=0.01 sys=0.00, real=0.00 secs] 
15.124: [GC (Allocation Failure) [PSYoungGen: 32K->32K(1536K)] 7401K->7401K(9728K), 0.0002978 secs] [Times: user=0.00 sys=0.00, real=0.00 secs] 
15.125: [Full GC (Allocation Failure) [PSYoungGen: 32K->0K(1536K)] [ParOldGen: 7369K->2337K(8192K)] 7401K->2337K(9728K), [Metaspace: 3328K->3328K(1056768K)], 0.0024935 secs] [Times: user=0.00 sys=0.00, real=0.00 secs] 
15.128: [GC (Allocation Failure) [PSYoungGen: 20K->32K(1536K)] 7390K->7401K(9728K), 0.0008437 secs] [Times: user=0.00 sys=0.00, real=0.00 secs] 
15.128: [GC (Allocation Failure) [PSYoungGen: 32K->32K(1536K)] 7401K->7401K(9728K), 0.0002629 secs] [Times: user=0.01 sys=0.00, real=0.00 secs] 
15.129: [Full GC (Allocation Failure) [PSYoungGen: 32K->0K(1536K)] [ParOldGen: 7369K->2337K(8192K)] 7401K->2337K(9728K), [Metaspace: 3328K->3328K(1056768K)], 0.0019795 secs] [Times: user=0.00 sys=0.00, real=0.00 secs] 
15.131: [GC (Allocation Failure) [PSYoungGen: 20K->32K(1536K)] 7391K->7402K(9728K), 0.0008341 secs] [Times: user=0.00 sys=0.00, real=0.00 secs] 
15.132: [GC (Allocation Failure) [PSYoungGen: 32K->32K(1536K)] 7402K->7402K(9728K), 0.0002843 secs] [Times: user=0.00 sys=0.00, real=0.00 secs] 
15.132: [Full GC (Allocation Failure) [PSYoungGen: 32K->0K(1536K)] [ParOldGen: 7370K->2337K(8192K)] 7402K->2337K(9728K), [Metaspace: 3328K->3328K(1056768K)], 0.0023408 secs] [Times: user=0.01 sys=0.00, real=0.01 secs] 
15.135: [GC (Allocation Failure) [PSYoungGen: 20K->32K(1536K)] 7391K->7403K(9728K), 0.0008421 secs] [Times: user=0.00 sys=0.00, real=0.00 secs] 
15.136: [GC (Allocation Failure) [PSYoungGen: 32K->32K(1536K)] 7403K->7403K(9728K), 0.0008020 secs] [Times: user=0.00 sys=0.00, real=0.00 secs] 
15.137: [Full GC (Allocation Failure) [PSYoungGen: 32K->0K(1536K)] [ParOldGen: 7371K->2337K(8192K)] 7403K->2337K(9728K), [Metaspace: 3328K->3328K(1056768K)], 0.0019884 secs] [Times: user=0.01 sys=0.00, real=0.00 secs] 
15.139: [GC (Allocation Failure) [PSYoungGen: 20K->32K(1536K)] 7392K->7404K(9728K), 0.0008297 secs] [Times: user=0.00 sys=0.00, real=0.00 secs] 
15.140: [GC (Allocation Failure) [PSYoungGen: 32K->32K(1536K)] 7404K->7404K(9728K), 0.0002544 secs] [Times: user=0.00 sys=0.00, real=0.00 secs] 
15.140: [Full GC (Allocation Failure) [PSYoungGen: 32K->0K(1536K)] [ParOldGen: 7372K->2338K(8192K)] 7404K->2338K(9728K), [Metaspace: 3328K->3328K(1056768K)], 0.0019855 secs] [Times: user=0.00 sys=0.00, real=0.00 secs] 
15.143: [GC (Allocation Failure) [PSYoungGen: 20K->32K(1536K)] 7393K->7405K(9728K), 0.0008398 secs] [Times: user=0.01 sys=0.00, real=0.00 secs] 
15.144: [GC (Allocation Failure) [PSYoungGen: 32K->32K(1536K)] 7405K->7405K(9728K), 0.0002743 secs] [Times: user=0.00 sys=0.00, real=0.00 secs] 
15.144: [Full GC (Allocation Failure) [PSYoungGen: 32K->0K(1536K)] [ParOldGen: 7373K->2338K(8192K)] 7405K->2338K(9728K), [Metaspace: 3328K->3328K(1056768K)], 0.0023299 secs] [Times: user=0.00 sys=0.00, real=0.00 secs] 
15.147: [GC (Allocation Failure) [PSYoungGen: 20K->32K(1536K)] 7394K->7405K(9728K), 0.0003205 secs] [Times: user=0.00 sys=0.00, real=0.00 secs] 
15.147: [GC (Allocation Failure) [PSYoungGen: 32K->32K(1536K)] 7405K->7405K(9728K), 0.0007697 secs] [Times: user=0.00 sys=0.00, real=0.00 secs] 
15.148: [Full GC (Allocation Failure) [PSYoungGen: 32K->0K(1536K)] [ParOldGen: 7373K->2338K(8192K)] 7405K->2338K(9728K), [Metaspace: 3328K->3328K(1056768K)], 0.0024053 secs] [Times: user=0.00 sys=0.00, real=0.00 secs] 
15.151: [GC (Allocation Failure) [PSYoungGen: 20K->32K(1536K)] 7395K->7406K(9728K), 0.0003130 secs] [Times: user=0.00 sys=0.00, real=0.00 secs] 
15.151: [GC (Allocation Failure) [PSYoungGen: 32K->32K(1536K)] 7406K->7406K(9728K), 0.0029120 secs] [Times: user=0.00 sys=0.00, real=0.01 secs] 
15.154: [Full GC (Allocation Failure) [PSYoungGen: 32K->0K(1536K)] [ParOldGen: 7374K->2338K(8192K)] 7406K->2338K(9728K), [Metaspace: 3328K->3328K(1056768K)], 0.0034417 secs] [Times: user=0.01 sys=0.00, real=0.00 secs] 
15.158: [GC (Allocation Failure) [PSYoungGen: 20K->32K(1536K)] 7395K->7407K(9728K), 0.0008908 secs] [Times: user=0.00 sys=0.01, real=0.00 secs] 
15.159: [GC (Allocation Failure) [PSYoungGen: 32K->32K(1536K)] 7407K->7407K(9728K), 0.0008607 secs] [Times: user=0.00 sys=0.00, real=0.00 secs] 
15.160: [Full GC (Allocation Failure) [PSYoungGen: 32K->0K(1536K)] [ParOldGen: 7375K->2338K(8192K)] 7407K->2338K(9728K), [Metaspace: 3328K->3328K(1056768K)], 0.0027386 secs] [Times: user=0.01 sys=0.00, real=0.01 secs] 
15.163: [GC (Allocation Failure) [PSYoungGen: 20K->32K(1536K)] 7396K->7408K(9728K), 0.0008243 secs] [Times: user=0.00 sys=0.00, real=0.00 secs] 
15.164: [GC (Allocation Failure) [PSYoungGen: 32K->32K(1536K)] 7408K->7408K(9728K), 0.0003012 secs] [Times: user=0.00 sys=0.00, real=0.00 secs] 
15.165: [Full GC (Allocation Failure) [PSYoungGen: 32K->0K(1536K)] [ParOldGen: 7376K->2338K(8192K)] 7408K->2338K(9728K), [Metaspace: 3328K->3328K(1056768K)], 0.0030249 secs] [Times: user=0.01 sys=0.00, real=0.00 secs] 
15.168: [GC (Allocation Failure) [PSYoungGen: 20K->32K(1536K)] 7397K->7409K(9728K), 0.0004661 secs] [Times: user=0.00 sys=0.00, real=0.00 secs] 
15.169: [GC (Allocation Failure) [PSYoungGen: 32K->32K(1536K)] 7409K->7409K(9728K), 0.0007978 secs] [Times: user=0.00 sys=0.00, real=0.00 secs] 
15.169: [Full GC (Allocation Failure) [PSYoungGen: 32K->0K(1536K)] [ParOldGen: 7377K->2339K(8192K)] 7409K->2339K(9728K), [Metaspace: 3328K->3328K(1056768K)], 0.0030831 secs] [Times: user=0.01 sys=0.00, real=0.00 secs] 
15.173: [GC (Allocation Failure) [PSYoungGen: 20K->32K(1536K)] 7398K->7409K(9728K), 0.0008497 secs] [Times: user=0.00 sys=0.00, real=0.00 secs] 
15.174: [GC (Allocation Failure) [PSYoungGen: 32K->32K(1536K)] 7409K->7409K(9728K), 0.0007997 secs] [Times: user=0.00 sys=0.00, real=0.00 secs] 
15.175: [Full GC (Allocation Failure) [PSYoungGen: 32K->0K(1536K)] [ParOldGen: 7377K->2339K(8192K)] 7409K->2339K(9728K), [Metaspace: 3328K->3328K(1056768K)], 0.0021189 secs] [Times: user=0.01 sys=0.00, real=0.00 secs] 
15.177: [GC (Allocation Failure) [PSYoungGen: 20K->32K(1536K)] 7399K->7410K(9728K), 0.0003270 secs] [Times: user=0.00 sys=0.00, real=0.00 secs] 
15.178: [GC (Allocation Failure) [PSYoungGen: 32K->32K(1536K)] 7410K->7410K(9728K), 0.0008067 secs] [Times: user=0.00 sys=0.00, real=0.00 secs] 
15.178: [Full GC (Allocation Failure) [PSYoungGen: 32K->0K(1536K)] [ParOldGen: 7378K->2339K(8192K)] 7410K->2339K(9728K), [Metaspace: 3328K->3328K(1056768K)], 0.0032979 secs] [Times: user=0.00 sys=0.00, real=0.00 secs] 
15.182: [GC (Allocation Failure) [PSYoungGen: 20K->32K(1536K)] 7399K->7411K(9728K), 0.0008410 secs] [Times: user=0.01 sys=0.00, real=0.01 secs] 
15.183: [GC (Allocation Failure) [PSYoungGen: 32K->32K(1536K)] 7411K->7411K(9728K), 0.0002748 secs] [Times: user=0.00 sys=0.00, real=0.00 secs] 
15.183: [Full GC (Allocation Failure) [PSYoungGen: 32K->0K(1536K)] [ParOldGen: 7379K->2339K(8192K)] 7411K->2339K(9728K), [Metaspace: 3328K->3328K(1056768K)], 0.0027815 secs] [Times: user=0.00 sys=0.00, real=0.00 secs] 
15.187: [GC (Allocation Failure) [PSYoungGen: 20K->32K(1536K)] 7400K->7412K(9728K), 0.0008794 secs] [Times: user=0.01 sys=0.00, real=0.00 secs] 
15.188: [GC (Allocation Failure) [PSYoungGen: 32K->32K(1536K)] 7412K->7412K(9728K), 0.0005989 secs] [Times: user=0.00 sys=0.00, real=0.00 secs] 
15.188: [Full GC (Allocation Failure) [PSYoungGen: 32K->0K(1536K)] [ParOldGen: 7380K->2339K(8192K)] 7412K->2339K(9728K), [Metaspace: 3328K->3328K(1056768K)], 0.0021902 secs] [Times: user=0.00 sys=0.00, real=0.00 secs] 
15.191: [GC (Allocation Failure) [PSYoungGen: 20K->32K(1536K)] 7401K->7413K(9728K), 0.0003101 secs] [Times: user=0.00 sys=0.00, real=0.00 secs] 
15.191: [GC (Allocation Failure) [PSYoungGen: 32K->32K(1536K)] 7413K->7413K(9728K), 0.0007975 secs] [Times: user=0.00 sys=0.00, real=0.00 secs] 
15.192: [Full GC (Allocation Failure) [PSYoungGen: 32K->0K(1536K)] [ParOldGen: 7381K->2339K(8192K)] 7413K->2339K(9728K), [Metaspace: 3328K->3328K(1056768K)], 0.0022751 secs] [Times: user=0.01 sys=0.00, real=0.01 secs] 
15.195: [GC (Allocation Failure) [PSYoungGen: 20K->32K(1536K)] 7402K->7413K(9728K), 0.0003138 secs] [Times: user=0.00 sys=0.00, real=0.00 secs] 
15.195: [GC (Allocation Failure) [PSYoungGen: 32K->32K(1536K)] 7413K->7413K(9728K), 0.0007964 secs] [Times: user=0.00 sys=0.00, real=0.00 secs] 
15.196: [Full GC (Allocation Failure) [PSYoungGen: 32K->0K(1536K)] [ParOldGen: 7381K->2340K(8192K)] 7413K->2340K(9728K), [Metaspace: 3328K->3328K(1056768K)], 0.0031471 secs] [Times: user=0.01 sys=0.00, real=0.00 secs] 
15.200: [GC (Allocation Failure) [PSYoungGen: 20K->32K(1536K)] 7403K->7414K(9728K), 0.0003430 secs] [Times: user=0.00 sys=0.00, real=0.00 secs] 
15.200: [GC (Allocation Failure) [PSYoungGen: 32K->32K(1536K)] 7414K->7414K(9728K), 0.0008474 secs] [Times: user=0.00 sys=0.00, real=0.00 secs] 
15.201: [Full GC (Allocation Failure) [PSYoungGen: 32K->0K(1536K)] [ParOldGen: 7382K->2340K(8192K)] 7414K->2340K(9728K), [Metaspace: 3328K->3328K(1056768K)], 0.0026276 secs] [Times: user=0.01 sys=0.00, real=0.01 secs] 
15.204: [GC (Allocation Failure) [PSYoungGen: 20K->32K(1536K)] 7403K->7415K(9728K), 0.0003088 secs] [Times: user=0.00 sys=0.00, real=0.00 secs] 
15.204: [GC (Allocation Failure) [PSYoungGen: 32K->32K(1536K)] 7415K->7415K(9728K), 0.0007669 secs] [Times: user=0.00 sys=0.00, real=0.00 secs] 
15.205: [Full GC (Allocation Failure) [PSYoungGen: 32K->0K(1536K)] [ParOldGen: 7383K->2340K(8192K)] 7415K->2340K(9728K), [Metaspace: 3328K->3328K(1056768K)], 0.0025780 secs] [Times: user=0.00 sys=0.00, real=0.00 secs] 
15.208: [GC (Allocation Failure) [PSYoungGen: 20K->32K(1536K)] 7404K->7416K(9728K), 0.0008226 secs] [Times: user=0.01 sys=0.00, real=0.00 secs] 
15.209: [GC (Allocation Failure) [PSYoungGen: 32K->32K(1536K)] 7416K->7416K(9728K), 0.0002774 secs] [Times: user=0.00 sys=0.00, real=0.00 secs] 
15.209: [Full GC (Allocation Failure) [PSYoungGen: 32K->0K(1536K)] [ParOldGen: 7384K->2340K(8192K)] 7416K->2340K(9728K), [Metaspace: 3328K->3328K(1056768K)], 0.0026772 secs] [Times: user=0.00 sys=0.00, real=0.00 secs] 
15.212: [GC (Allocation Failure) [PSYoungGen: 20K->32K(1536K)] 7405K->7417K(9728K), 0.0003193 secs] [Times: user=0.00 sys=0.00, real=0.01 secs] 
15.213: [GC (Allocation Failure) [PSYoungGen: 32K->32K(1536K)] 7417K->7417K(9728K), 0.0003423 secs] [Times: user=0.00 sys=0.00, real=0.00 secs] 
15.213: [Full GC (Allocation Failure) [PSYoungGen: 32K->0K(1536K)] [ParOldGen: 7385K->2340K(8192K)] 7417K->2340K(9728K), [Metaspace: 3328K->3328K(1056768K)], 0.0031803 secs] [Times: user=0.01 sys=0.00, real=0.00 secs] 
15.217: [GC (Allocation Failure) [PSYoungGen: 20K->32K(1536K)] 7406K->7417K(9728K), 0.0006362 secs] [Times: user=0.00 sys=0.00, real=0.00 secs] 
15.218: [GC (Allocation Failure) [PSYoungGen: 32K->32K(1536K)] 7417K->7417K(9728K), 0.0010142 secs] [Times: user=0.00 sys=0.00, real=0.00 secs] 
15.219: [Full GC (Allocation Failure) [PSYoungGen: 32K->0K(1536K)] [ParOldGen: 7385K->2340K(8192K)] 7417K->2340K(9728K), [Metaspace: 3328K->3328K(1056768K)], 0.0049336 secs] [Times: user=0.01 sys=0.00, real=0.01 secs] 
15.225: [GC (Allocation Failure) [PSYoungGen: 20K->32K(1536K)] 7407K->7418K(9728K), 0.0011803 secs] [Times: user=0.00 sys=0.00, real=0.00 secs] 
15.226: [GC (Allocation Failure) [PSYoungGen: 32K->32K(1536K)] 7418K->7418K(9728K), 0.0010556 secs] [Times: user=0.01 sys=0.00, real=0.00 secs] 
15.227: [Full GC (Allocation Failure) [PSYoungGen: 32K->0K(1536K)] [ParOldGen: 7386K->2340K(8192K)] 7418K->2340K(9728K), [Metaspace: 3328K->3328K(1056768K)], 0.0036208 secs] [Times: user=0.00 sys=0.00, real=0.00 secs] 
15.231: [GC (Allocation Failure) [PSYoungGen: 20K->32K(1536K)] 7407K->7419K(9728K), 0.0008317 secs] [Times: user=0.01 sys=0.00, real=0.00 secs] 
15.232: [GC (Allocation Failure) [PSYoungGen: 32K->32K(1536K)] 7419K->7419K(9728K), 0.0007692 secs] [Times: user=0.00 sys=0.00, real=0.01 secs] 
15.233: [Full GC (Allocation Failure) [PSYoungGen: 32K->0K(1536K)] [ParOldGen: 7387K->2341K(8192K)] 7419K->2341K(9728K), [Metaspace: 3328K->3328K(1056768K)], 0.0023286 secs] [Times: user=0.00 sys=0.00, real=0.00 secs] 
15.236: [GC (Allocation Failure) [PSYoungGen: 20K->32K(1536K)] 7408K->7420K(9728K), 0.0003178 secs] [Times: user=0.00 sys=0.00, real=0.00 secs] 
15.236: [GC (Allocation Failure) [PSYoungGen: 32K->32K(1536K)] 7420K->7420K(9728K), 0.0002566 secs] [Times: user=0.00 sys=0.00, real=0.00 secs] 
15.236: [Full GC (Allocation Failure) [PSYoungGen: 32K->0K(1536K)] [ParOldGen: 7388K->2341K(8192K)] 7420K->2341K(9728K), [Metaspace: 3328K->3328K(1056768K)], 0.0029958 secs] [Times: user=0.01 sys=0.00, real=0.00 secs] 
15.240: [GC (Allocation Failure) [PSYoungGen: 20K->32K(1536K)] 7409K->7421K(9728K), 0.0008577 secs] [Times: user=0.00 sys=0.00, real=0.00 secs] 
15.241: [GC (Allocation Failure) [PSYoungGen: 32K->32K(1536K)] 7421K->7421K(9728K), 0.0007674 secs] [Times: user=0.00 sys=0.00, real=0.00 secs] 
15.242: [Full GC (Allocation Failure) [PSYoungGen: 32K->0K(1536K)] [ParOldGen: 7389K->2341K(8192K)] 7421K->2341K(9728K), [Metaspace: 3328K->3328K(1056768K)], 0.0030233 secs] [Times: user=0.01 sys=0.00, real=0.01 secs] 
15.245: [GC (Allocation Failure) [PSYoungGen: 20K->32K(1536K)] 7410K->7421K(9728K), 0.0008426 secs] [Times: user=0.00 sys=0.00, real=0.00 secs] 
15.246: [GC (Allocation Failure) [PSYoungGen: 32K->32K(1536K)] 7421K->7421K(9728K), 0.0007628 secs] [Times: user=0.00 sys=0.00, real=0.00 secs] 
15.247: [Full GC (Allocation Failure) [PSYoungGen: 32K->0K(1536K)] [ParOldGen: 7389K->2341K(8192K)] 7421K->2341K(9728K), [Metaspace: 3328K->3328K(1056768K)], 0.0021729 secs] [Times: user=0.01 sys=0.00, real=0.00 secs] 
15.249: [GC (Allocation Failure) [PSYoungGen: 20K->32K(1536K)] 7411K->7422K(9728K), 0.0008196 secs] [Times: user=0.00 sys=0.00, real=0.00 secs] 
15.250: [GC (Allocation Failure) [PSYoungGen: 32K->32K(1536K)] 7422K->7422K(9728K), 0.0007736 secs] [Times: user=0.00 sys=0.00, real=0.00 secs] 
15.251: [Full GC (Allocation Failure) [PSYoungGen: 32K->0K(1536K)] [ParOldGen: 7390K->2341K(8192K)] 7422K->2341K(9728K), [Metaspace: 3328K->3328K(1056768K)], 0.0030635 secs] [Times: user=0.01 sys=0.00, real=0.01 secs] 
15.255: [GC (Allocation Failure) [PSYoungGen: 20K->32K(1536K)] 7411K->7423K(9728K), 0.0003817 secs] [Times: user=0.00 sys=0.00, real=0.00 secs] 
15.255: [GC (Allocation Failure) [PSYoungGen: 32K->32K(1536K)] 7423K->7423K(9728K), 0.0007805 secs] [Times: user=0.00 sys=0.00, real=0.00 secs] 
15.256: [Full GC (Allocation Failure) [PSYoungGen: 32K->0K(1536K)] [ParOldGen: 7391K->2341K(8192K)] 7423K->2341K(9728K), [Metaspace: 3328K->3328K(1056768K)], 0.0027547 secs] [Times: user=0.01 sys=0.00, real=0.00 secs] 
15.259: [GC (Allocation Failure) [PSYoungGen: 20K->32K(1536K)] 7412K->7424K(9728K), 0.0003247 secs] [Times: user=0.00 sys=0.00, real=0.00 secs] 
15.260: [GC (Allocation Failure) [PSYoungGen: 32K->32K(1536K)] 7424K->7424K(9728K), 0.0007660 secs] [Times: user=0.00 sys=0.00, real=0.00 secs] 
15.260: [Full GC (Allocation Failure) [PSYoungGen: 32K->0K(1536K)] [ParOldGen: 7392K->2342K(8192K)] 7424K->2342K(9728K), [Metaspace: 3328K->3328K(1056768K)], 0.0023414 secs] [Times: user=0.01 sys=0.00, real=0.01 secs] 
15.263: [GC (Allocation Failure) [PSYoungGen: 20K->32K(1536K)] 7413K->7425K(9728K), 0.0008367 secs] [Times: user=0.00 sys=0.01, real=0.00 secs] 
15.264: [GC (Allocation Failure) [PSYoungGen: 32K->32K(1536K)] 7425K->7425K(9728K), 0.0007559 secs] [Times: user=0.00 sys=0.00, real=0.00 secs] 
15.265: [Full GC (Allocation Failure) [PSYoungGen: 32K->0K(1536K)] [ParOldGen: 7393K->2342K(8192K)] 7425K->2342K(9728K), [Metaspace: 3328K->3328K(1056768K)], 0.0024153 secs] [Times: user=0.01 sys=0.00, real=0.00 secs] 
15.268: [GC (Allocation Failure) [PSYoungGen: 20K->32K(1536K)] 7414K->7425K(9728K), 0.0008372 secs] [Times: user=0.00 sys=0.00, real=0.00 secs] 
15.269: [GC (Allocation Failure) [PSYoungGen: 32K->32K(1536K)] 7425K->7425K(9728K), 0.0003006 secs] [Times: user=0.00 sys=0.00, real=0.00 secs] 
15.269: [Full GC (Allocation Failure) [PSYoungGen: 32K->0K(1536K)] [ParOldGen: 7393K->2342K(8192K)] 7425K->2342K(9728K), [Metaspace: 3328K->3328K(1056768K)], 0.0024877 secs] [Times: user=0.00 sys=0.00, real=0.00 secs] 
15.272: [GC (Allocation Failure) [PSYoungGen: 20K->32K(1536K)] 7415K->7426K(9728K), 0.0003648 secs] [Times: user=0.01 sys=0.00, real=0.00 secs] 
15.272: [GC (Allocation Failure) [PSYoungGen: 32K->32K(1536K)] 7426K->7426K(9728K), 0.0002498 secs] [Times: user=0.00 sys=0.00, real=0.01 secs] 
15.273: [Full GC (Allocation Failure) [PSYoungGen: 32K->0K(1536K)] [ParOldGen: 7394K->2342K(8192K)] 7426K->2342K(9728K), [Metaspace: 3328K->3328K(1056768K)], 0.0021742 secs] [Times: user=0.00 sys=0.00, real=0.00 secs] 
15.275: [GC (Allocation Failure) [PSYoungGen: 20K->32K(1536K)] 7415K->7427K(9728K), 0.0003090 secs] [Times: user=0.00 sys=0.00, real=0.00 secs] 
15.276: [GC (Allocation Failure) [PSYoungGen: 32K->32K(1536K)] 7427K->7427K(9728K), 0.0002466 secs] [Times: user=0.00 sys=0.00, real=0.00 secs] 
15.276: [Full GC (Allocation Failure) [PSYoungGen: 32K->0K(1536K)] [ParOldGen: 7395K->2342K(8192K)] 7427K->2342K(9728K), [Metaspace: 3328K->3328K(1056768K)], 0.0019864 secs] [Times: user=0.01 sys=0.00, real=0.00 secs] 
15.278: [GC (Allocation Failure) [PSYoungGen: 20K->32K(1536K)] 7416K->7428K(9728K), 0.0003197 secs] [Times: user=0.00 sys=0.00, real=0.00 secs] 
15.279: [GC (Allocation Failure) [PSYoungGen: 32K->32K(1536K)] 7428K->7428K(9728K), 0.0002766 secs] [Times: user=0.00 sys=0.00, real=0.00 secs] 
15.279: [Full GC (Allocation Failure) [PSYoungGen: 32K->0K(1536K)] [ParOldGen: 7396K->2342K(8192K)] 7428K->2342K(9728K), [Metaspace: 3328K->3328K(1056768K)], 0.0020420 secs] [Times: user=0.00 sys=0.00, real=0.00 secs] 
15.282: [GC (Allocation Failure) [PSYoungGen: 20K->32K(1536K)] 7417K->7429K(9728K), 0.0003194 secs] [Times: user=0.00 sys=0.00, real=0.00 secs] 
15.282: [GC (Allocation Failure) [PSYoungGen: 32K->32K(1536K)] 7429K->7429K(9728K), 0.0002543 secs] [Times: user=0.00 sys=0.00, real=0.00 secs] 
15.282: [Full GC (Allocation Failure) [PSYoungGen: 32K->0K(1536K)] [ParOldGen: 7397K->2343K(8192K)] 7429K->2343K(9728K), [Metaspace: 3328K->3328K(1056768K)], 0.0020051 secs] [Times: user=0.01 sys=0.00, real=0.01 secs] 
15.285: [GC (Allocation Failure) [PSYoungGen: 20K->32K(1536K)] 7418K->7429K(9728K), 0.0003454 secs] [Times: user=0.00 sys=0.00, real=0.00 secs] 
15.285: [GC (Allocation Failure) [PSYoungGen: 32K->32K(1536K)] 7429K->7429K(9728K), 0.0002944 secs] [Times: user=0.00 sys=0.00, real=0.00 secs] 
15.285: [Full GC (Allocation Failure) [PSYoungGen: 32K->0K(1536K)] [ParOldGen: 7397K->2343K(8192K)] 7429K->2343K(9728K), [Metaspace: 3328K->3328K(1056768K)], 0.0020926 secs] [Times: user=0.01 sys=0.00, real=0.00 secs] 
15.288: [GC (Allocation Failure) [PSYoungGen: 20K->32K(1536K)] 7419K->7430K(9728K), 0.0003090 secs] [Times: user=0.00 sys=0.00, real=0.00 secs] 
15.288: [GC (Allocation Failure) [PSYoungGen: 32K->32K(1536K)] 7430K->7430K(9728K), 0.0002570 secs] [Times: user=0.00 sys=0.00, real=0.00 secs] 
15.289: [Full GC (Allocation Failure) [PSYoungGen: 32K->0K(1536K)] [ParOldGen: 7398K->2343K(8192K)] 7430K->2343K(9728K), [Metaspace: 3328K->3328K(1056768K)], 0.0021163 secs] [Times: user=0.00 sys=0.00, real=0.00 secs] 
15.291: [GC (Allocation Failure) [PSYoungGen: 20K->32K(1536K)] 7419K->7431K(9728K), 0.0008190 secs] [Times: user=0.00 sys=0.00, real=0.00 secs] 
15.292: [GC (Allocation Failure) [PSYoungGen: 32K->32K(1536K)] 7431K->7431K(9728K), 0.0003468 secs] [Times: user=0.00 sys=0.00, real=0.00 secs] 
15.292: [Full GC (Allocation Failure) [PSYoungGen: 32K->0K(1536K)] [ParOldGen: 7399K->2343K(8192K)] 7431K->2343K(9728K), [Metaspace: 3328K->3328K(1056768K)], 0.0021076 secs] [Times: user=0.01 sys=0.00, real=0.01 secs] 
15.295: [GC (Allocation Failure) [PSYoungGen: 20K->32K(1536K)] 7420K->7432K(9728K), 0.0003330 secs] [Times: user=0.00 sys=0.00, real=0.00 secs] 
15.295: [GC (Allocation Failure) [PSYoungGen: 32K->32K(1536K)] 7432K->7432K(9728K), 0.0003232 secs] [Times: user=0.00 sys=0.00, real=0.00 secs] 
15.296: [Full GC (Allocation Failure) [PSYoungGen: 32K->0K(1536K)] [ParOldGen: 7400K->2343K(8192K)] 7432K->2343K(9728K), [Metaspace: 3328K->3328K(1056768K)], 0.0019909 secs] [Times: user=0.01 sys=0.00, real=0.00 secs] 
15.298: [GC (Allocation Failure) [PSYoungGen: 20K->32K(1536K)] 7421K->7433K(9728K), 0.0003181 secs] [Times: user=0.00 sys=0.00, real=0.00 secs] 
15.299: [GC (Allocation Failure) [PSYoungGen: 32K->32K(1536K)] 7433K->7433K(9728K), 0.0002748 secs] [Times: user=0.00 sys=0.00, real=0.00 secs] 
15.299: [Full GC (Allocation Failure) [PSYoungGen: 32K->0K(1536K)] [ParOldGen: 7401K->2343K(8192K)] 7433K->2343K(9728K), [Metaspace: 3328K->3328K(1056768K)], 0.0021809 secs] [Times: user=0.00 sys=0.00, real=0.00 secs] 
15.302: [GC (Allocation Failure) [PSYoungGen: 20K->32K(1536K)] 7422K->7433K(9728K), 0.0003192 secs] [Times: user=0.00 sys=0.00, real=0.00 secs] 
15.302: [GC (Allocation Failure) [PSYoungGen: 32K->32K(1536K)] 7433K->7433K(9728K), 0.0002863 secs] [Times: user=0.00 sys=0.00, real=0.00 secs] 
15.302: [Full GC (Allocation Failure) [PSYoungGen: 32K->0K(1536K)] [ParOldGen: 7401K->2344K(8192K)] 7433K->2344K(9728K), [Metaspace: 3328K->3328K(1056768K)], 0.0019987 secs] [Times: user=0.01 sys=0.00, real=0.01 secs] 
15.305: [GC (Allocation Failure) [PSYoungGen: 20K->32K(1536K)] 7423K->7434K(9728K), 0.0003225 secs] [Times: user=0.00 sys=0.00, real=0.00 secs] 
15.305: [GC (Allocation Failure) [PSYoungGen: 32K->32K(1536K)] 7434K->7434K(9728K), 0.0002948 secs] [Times: user=0.00 sys=0.00, real=0.00 secs] 
15.305: [Full GC (Allocation Failure) [PSYoungGen: 32K->0K(1536K)] [ParOldGen: 7402K->2344K(8192K)] 7434K->2344K(9728K), [Metaspace: 3328K->3328K(1056768K)], 0.0020361 secs] [Times: user=0.00 sys=0.00, real=0.00 secs] 
15.308: [GC (Allocation Failure) [PSYoungGen: 20K->32K(1536K)] 7423K->7435K(9728K), 0.0003330 secs] [Times: user=0.01 sys=0.00, real=0.00 secs] 
15.308: [GC (Allocation Failure) [PSYoungGen: 32K->32K(1536K)] 7435K->7435K(9728K), 0.0002888 secs] [Times: user=0.00 sys=0.00, real=0.00 secs] 
15.309: [Full GC (Allocation Failure) [PSYoungGen: 32K->0K(1536K)] [ParOldGen: 7403K->2344K(8192K)] 7435K->2344K(9728K), [Metaspace: 3328K->3328K(1056768K)], 0.0021749 secs] [Times: user=0.00 sys=0.00, real=0.00 secs] 
15.311: [GC (Allocation Failure) [PSYoungGen: 20K->32K(1536K)] 7424K->7436K(9728K), 0.0003213 secs] [Times: user=0.00 sys=0.00, real=0.00 secs] 
15.312: [GC (Allocation Failure) [PSYoungGen: 32K->32K(1536K)] 7436K->7436K(9728K), 0.0002741 secs] [Times: user=0.00 sys=0.00, real=0.00 secs] 
15.312: [Full GC (Allocation Failure) [PSYoungGen: 32K->0K(1536K)] [ParOldGen: 7404K->2344K(8192K)] 7436K->2344K(9728K), [Metaspace: 3328K->3328K(1056768K)], 0.0021691 secs] [Times: user=0.01 sys=0.00, real=0.01 secs] 
15.315: [GC (Allocation Failure) [PSYoungGen: 20K->32K(1536K)] 7425K->7437K(9728K), 0.0003093 secs] [Times: user=0.00 sys=0.00, real=0.00 secs] 
15.315: [GC (Allocation Failure) [PSYoungGen: 32K->32K(1536K)] 7437K->7437K(9728K), 0.0002815 secs] [Times: user=0.00 sys=0.00, real=0.00 secs] 
15.315: [Full GC (Allocation Failure) [PSYoungGen: 32K->0K(1536K)] [ParOldGen: 7405K->2344K(8192K)] 7437K->2344K(9728K), [Metaspace: 3328K->3328K(1056768K)], 0.0020326 secs] [Times: user=0.00 sys=0.00, real=0.00 secs] 
15.318: [GC (Allocation Failure) [PSYoungGen: 20K->32K(1536K)] 7426K->7437K(9728K), 0.0003307 secs] [Times: user=0.00 sys=0.00, real=0.00 secs] 
15.318: [GC (Allocation Failure) [PSYoungGen: 32K->32K(1536K)] 7437K->7437K(9728K), 0.0002578 secs] [Times: user=0.00 sys=0.00, real=0.00 secs] 
15.319: [Full GC (Allocation Failure) [PSYoungGen: 32K->0K(1536K)] [ParOldGen: 7405K->2344K(8192K)] 7437K->2344K(9728K), [Metaspace: 3328K->3328K(1056768K)], 0.0020399 secs] [Times: user=0.01 sys=0.00, real=0.00 secs] 
15.321: [GC (Allocation Failure) [PSYoungGen: 20K->32K(1536K)] 7427K->7438K(9728K), 0.0003247 secs] [Times: user=0.00 sys=0.00, real=0.00 secs] 
15.321: [GC (Allocation Failure) [PSYoungGen: 32K->32K(1536K)] 7438K->7438K(9728K), 0.0002615 secs] [Times: user=0.00 sys=0.00, real=0.00 secs] 
15.322: [Full GC (Allocation Failure) [PSYoungGen: 32K->0K(1536K)] [ParOldGen: 7406K->2344K(8192K)] 7438K->2344K(9728K), [Metaspace: 3328K->3328K(1056768K)], 0.0020071 secs] [Times: user=0.01 sys=0.00, real=0.01 secs] 
15.324: [GC (Allocation Failure) [PSYoungGen: 20K->32K(1536K)] 7427K->7439K(9728K), 0.0003150 secs] [Times: user=0.00 sys=0.00, real=0.00 secs] 
15.325: [GC (Allocation Failure) [PSYoungGen: 32K->32K(1536K)] 7439K->7439K(9728K), 0.0002896 secs] [Times: user=0.00 sys=0.00, real=0.00 secs] 
15.325: [Full GC (Allocation Failure) [PSYoungGen: 32K->0K(1536K)] [ParOldGen: 7407K->2345K(8192K)] 7439K->2345K(9728K), [Metaspace: 3328K->3328K(1056768K)], 0.0021181 secs] [Times: user=0.00 sys=0.00, real=0.00 secs] 
15.327: [GC (Allocation Failure) [PSYoungGen: 20K->32K(1536K)] 7428K->7440K(9728K), 0.0003279 secs] [Times: user=0.00 sys=0.00, real=0.00 secs] 
15.328: [GC (Allocation Failure) [PSYoungGen: 32K->32K(1536K)] 7440K->7440K(9728K), 0.0002552 secs] [Times: user=0.00 sys=0.00, real=0.00 secs] 
15.328: [Full GC (Allocation Failure) [PSYoungGen: 32K->0K(1536K)] [ParOldGen: 7408K->2345K(8192K)] 7440K->2345K(9728K), [Metaspace: 3328K->3328K(1056768K)], 0.0020173 secs] [Times: user=0.01 sys=0.00, real=0.00 secs] 
15.331: [GC (Allocation Failure) [PSYoungGen: 20K->32K(1536K)] 7429K->7441K(9728K), 0.0003127 secs] [Times: user=0.00 sys=0.00, real=0.00 secs] 
15.331: [GC (Allocation Failure) [PSYoungGen: 32K->32K(1536K)] 7441K->7441K(9728K), 0.0002705 secs] [Times: user=0.00 sys=0.00, real=0.00 secs] 
15.331: [Full GC (Allocation Failure) [PSYoungGen: 32K->0K(1536K)] [ParOldGen: 7409K->2345K(8192K)] 7441K->2345K(9728K), [Metaspace: 3328K->3328K(1056768K)], 0.0021398 secs] [Times: user=0.00 sys=0.00, real=0.01 secs] 
15.334: [GC (Allocation Failure) [PSYoungGen: 20K->32K(1536K)] 7430K->7441K(9728K), 0.0003355 secs] [Times: user=0.00 sys=0.00, real=0.00 secs] 
15.334: [GC (Allocation Failure) [PSYoungGen: 32K->32K(1536K)] 7441K->7441K(9728K), 0.0002648 secs] [Times: user=0.00 sys=0.00, real=0.00 secs] 
15.335: [Full GC (Allocation Failure) [PSYoungGen: 32K->0K(1536K)] [ParOldGen: 7409K->2345K(8192K)] 7441K->2345K(9728K), [Metaspace: 3328K->3328K(1056768K)], 0.0020582 secs] [Times: user=0.01 sys=0.00, real=0.00 secs] 
15.337: [GC (Allocation Failure) [PSYoungGen: 20K->32K(1536K)] 7431K->7442K(9728K), 0.0003252 secs] [Times: user=0.00 sys=0.00, real=0.00 secs] 
15.338: [GC (Allocation Failure) [PSYoungGen: 32K->32K(1536K)] 7442K->7442K(9728K), 0.0002868 secs] [Times: user=0.00 sys=0.00, real=0.00 secs] 
15.338: [Full GC (Allocation Failure) [PSYoungGen: 32K->0K(1536K)] [ParOldGen: 7410K->2345K(8192K)] 7442K->2345K(9728K), [Metaspace: 3328K->3328K(1056768K)], 0.0020298 secs] [Times: user=0.01 sys=0.00, real=0.00 secs] 
15.340: [GC (Allocation Failure) [PSYoungGen: 20K->32K(1536K)] 7431K->7443K(9728K), 0.0003230 secs] [Times: user=0.00 sys=0.00, real=0.00 secs] 
15.341: [GC (Allocation Failure) [PSYoungGen: 32K->32K(1536K)] 7443K->7443K(9728K), 0.0002803 secs] [Times: user=0.00 sys=0.00, real=0.00 secs] 
15.341: [Full GC (Allocation Failure) [PSYoungGen: 32K->0K(1536K)] [ParOldGen: 7411K->2345K(8192K)] 7443K->2345K(9728K), [Metaspace: 3328K->3328K(1056768K)], 0.0020520 secs] [Times: user=0.00 sys=0.00, real=0.01 secs] 
15.344: [GC (Allocation Failure) [PSYoungGen: 20K->32K(1536K)] 7432K->7444K(9728K), 0.0003114 secs] [Times: user=0.00 sys=0.00, real=0.00 secs] 
15.344: [GC (Allocation Failure) [PSYoungGen: 32K->32K(1536K)] 7444K->7444K(9728K), 0.0002952 secs] [Times: user=0.00 sys=0.00, real=0.00 secs] 
15.344: [Full GC (Allocation Failure) [PSYoungGen: 32K->0K(1536K)] [ParOldGen: 7412K->2346K(8192K)] 7444K->2346K(9728K), [Metaspace: 3328K->3328K(1056768K)], 0.0022175 secs] [Times: user=0.01 sys=0.00, real=0.00 secs] 
15.347: [GC (Allocation Failure) [PSYoungGen: 20K->32K(1536K)] 7433K->7445K(9728K), 0.0003137 secs] [Times: user=0.00 sys=0.00, real=0.00 secs] 
15.347: [GC (Allocation Failure) [PSYoungGen: 32K->32K(1536K)] 7445K->7445K(9728K), 0.0002811 secs] [Times: user=0.00 sys=0.00, real=0.00 secs] 
15.348: [Full GC (Allocation Failure) [PSYoungGen: 32K->0K(1536K)] [ParOldGen: 7413K->2346K(8192K)] 7445K->2346K(9728K), [Metaspace: 3328K->3328K(1056768K)], 0.0021326 secs] [Times: user=0.00 sys=0.01, real=0.00 secs] 
15.350: [GC (Allocation Failure) [PSYoungGen: 20K->32K(1536K)] 7434K->7445K(9728K), 0.0003330 secs] [Times: user=0.01 sys=0.00, real=0.00 secs] 
15.351: [GC (Allocation Failure) [PSYoungGen: 32K->32K(1536K)] 7445K->7445K(9728K), 0.0002895 secs] [Times: user=0.00 sys=0.00, real=0.00 secs] 
15.351: [Full GC (Allocation Failure) [PSYoungGen: 32K->0K(1536K)] [ParOldGen: 7413K->2346K(8192K)] 7445K->2346K(9728K), [Metaspace: 3328K->3328K(1056768K)], 0.0021155 secs] [Times: user=0.00 sys=0.00, real=0.01 secs] 
15.354: [GC (Allocation Failure) [PSYoungGen: 20K->32K(1536K)] 7435K->7446K(9728K), 0.0003188 secs] [Times: user=0.00 sys=0.00, real=0.00 secs] 
15.354: [GC (Allocation Failure) [PSYoungGen: 32K->32K(1536K)] 7446K->7446K(9728K), 0.0002689 secs] [Times: user=0.00 sys=0.00, real=0.00 secs] 
15.354: [Full GC (Allocation Failure) [PSYoungGen: 32K->0K(1536K)] [ParOldGen: 7414K->2346K(8192K)] 7446K->2346K(9728K), [Metaspace: 3328K->3328K(1056768K)], 0.0022017 secs] [Times: user=0.01 sys=0.00, real=0.00 secs] 
15.357: [GC (Allocation Failure) [PSYoungGen: 20K->32K(1536K)] 7435K->7447K(9728K), 0.0003172 secs] [Times: user=0.00 sys=0.00, real=0.00 secs] 
15.357: [GC (Allocation Failure) [PSYoungGen: 32K->32K(1536K)] 7447K->7447K(9728K), 0.0002583 secs] [Times: user=0.00 sys=0.00, real=0.00 secs] 
15.358: [Full GC (Allocation Failure) [PSYoungGen: 32K->0K(1536K)] [ParOldGen: 7415K->2346K(8192K)] 7447K->2346K(9728K), [Metaspace: 3328K->3328K(1056768K)], 0.0019586 secs] [Times: user=0.00 sys=0.00, real=0.00 secs] 
15.360: [GC (Allocation Failure) [PSYoungGen: 20K->32K(1536K)] 7436K->7448K(9728K), 0.0003081 secs] [Times: user=0.00 sys=0.00, real=0.00 secs] 
15.360: [GC (Allocation Failure) [PSYoungGen: 32K->32K(1536K)] 7448K->7448K(9728K), 0.0002755 secs] [Times: user=0.00 sys=0.00, real=0.00 secs] 
15.361: [Full GC (Allocation Failure) [PSYoungGen: 32K->0K(1536K)] [ParOldGen: 7416K->2346K(8192K)] 7448K->2346K(9728K), [Metaspace: 3328K->3328K(1056768K)], 0.0020021 secs] [Times: user=0.01 sys=0.00, real=0.01 secs] 
15.363: [GC (Allocation Failure) [PSYoungGen: 20K->32K(1536K)] 7437K->7449K(9728K), 0.0003046 secs] [Times: user=0.00 sys=0.00, real=0.00 secs] 
15.363: [GC (Allocation Failure) [PSYoungGen: 32K->32K(1536K)] 7449K->7449K(9728K), 0.0002717 secs] [Times: user=0.00 sys=0.00, real=0.00 secs] 
15.364: [Full GC (Allocation Failure) [PSYoungGen: 32K->0K(1536K)] [ParOldGen: 7417K->2347K(8192K)] 7449K->2347K(9728K), [Metaspace: 3328K->3328K(1056768K)], 0.0020209 secs] [Times: user=0.01 sys=0.00, real=0.00 secs] 
15.366: [GC (Allocation Failure) [PSYoungGen: 20K->32K(1536K)] 7438K->7449K(9728K), 0.0003212 secs] [Times: user=0.00 sys=0.00, real=0.00 secs] 
15.367: [GC (Allocation Failure) [PSYoungGen: 32K->32K(1536K)] 7449K->7449K(9728K), 0.0002820 secs] [Times: user=0.00 sys=0.00, real=0.00 secs] 
15.367: [Full GC (Allocation Failure) [PSYoungGen: 32K->0K(1536K)] [ParOldGen: 7417K->2347K(8192K)] 7449K->2347K(9728K), [Metaspace: 3328K->3328K(1056768K)], 0.0020863 secs] [Times: user=0.00 sys=0.00, real=0.00 secs] 
15.369: [GC (Allocation Failure) [PSYoungGen: 20K->32K(1536K)] 7439K->7450K(9728K), 0.0003356 secs] [Times: user=0.00 sys=0.00, real=0.00 secs] 
15.370: [GC (Allocation Failure) [PSYoungGen: 32K->32K(1536K)] 7450K->7450K(9728K), 0.0002674 secs] [Times: user=0.00 sys=0.00, real=0.00 secs] 
15.370: [Full GC (Allocation Failure) [PSYoungGen: 32K->0K(1536K)] [ParOldGen: 7418K->2347K(8192K)] 7450K->2347K(9728K), [Metaspace: 3328K->3328K(1056768K)], 0.0020163 secs] [Times: user=0.01 sys=0.00, real=0.00 secs] 
15.373: [GC (Allocation Failure) [PSYoungGen: 20K->32K(1536K)] 7439K->7451K(9728K), 0.0003127 secs] [Times: user=0.00 sys=0.00, real=0.00 secs] 
15.373: [GC (Allocation Failure) [PSYoungGen: 32K->32K(1536K)] 7451K->7451K(9728K), 0.0002848 secs] [Times: user=0.00 sys=0.00, real=0.00 secs] 
15.373: [Full GC (Allocation Failure) [PSYoungGen: 32K->0K(1536K)] [ParOldGen: 7419K->2347K(8192K)] 7451K->2347K(9728K), [Metaspace: 3328K->3328K(1056768K)], 0.0021523 secs] [Times: user=0.00 sys=0.00, real=0.00 secs] 
15.376: [GC (Allocation Failure) [PSYoungGen: 20K->32K(1536K)] 7440K->7452K(9728K), 0.0003309 secs] [Times: user=0.00 sys=0.00, real=0.00 secs] 
15.376: [GC (Allocation Failure) [PSYoungGen: 32K->32K(1536K)] 7452K->7452K(9728K), 0.0003013 secs] [Times: user=0.00 sys=0.00, real=0.00 secs] 
15.377: [Full GC (Allocation Failure) [PSYoungGen: 32K->0K(1536K)] [ParOldGen: 7420K->2347K(8192K)] 7452K->2347K(9728K), [Metaspace: 3328K->3328K(1056768K)], 0.0020303 secs] [Times: user=0.01 sys=0.00, real=0.00 secs] 
15.379: [GC (Allocation Failure) [PSYoungGen: 20K->32K(1536K)] 7441K->7453K(9728K), 0.0003181 secs] [Times: user=0.00 sys=0.00, real=0.00 secs] 
15.379: [GC (Allocation Failure) [PSYoungGen: 32K->32K(1536K)] 7453K->7453K(9728K), 0.0002894 secs] [Times: user=0.00 sys=0.00, real=0.00 secs] 
15.380: [Full GC (Allocation Failure) [PSYoungGen: 32K->0K(1536K)] [ParOldGen: 7421K->2347K(8192K)] 7453K->2347K(9728K), [Metaspace: 3328K->3328K(1056768K)], 0.0019972 secs] [Times: user=0.01 sys=0.00, real=0.00 secs] 
15.382: [GC (Allocation Failure) [PSYoungGen: 20K->32K(1536K)] 7442K->7453K(9728K), 0.0003130 secs] [Times: user=0.00 sys=0.00, real=0.00 secs] 
15.383: [GC (Allocation Failure) [PSYoungGen: 32K->32K(1536K)] 7453K->7453K(9728K), 0.0002586 secs] [Times: user=0.00 sys=0.00, real=0.00 secs] 
15.383: [Full GC (Allocation Failure) [PSYoungGen: 32K->0K(1536K)] [ParOldGen: 7421K->2348K(8192K)] 7453K->2348K(9728K), [Metaspace: 3328K->3328K(1056768K)], 0.0019945 secs] [Times: user=0.00 sys=0.00, real=0.00 secs] 
15.385: [GC (Allocation Failure) [PSYoungGen: 20K->32K(1536K)] 7443K->7454K(9728K), 0.0003234 secs] [Times: user=0.00 sys=0.00, real=0.00 secs] 
15.386: [GC (Allocation Failure) [PSYoungGen: 32K->32K(1536K)] 7454K->7454K(9728K), 0.0003240 secs] [Times: user=0.00 sys=0.00, real=0.00 secs] 
15.386: [Full GC (Allocation Failure) [PSYoungGen: 32K->0K(1536K)] [ParOldGen: 7422K->2348K(8192K)] 7454K->2348K(9728K), [Metaspace: 3328K->3328K(1056768K)], 0.0020011 secs] [Times: user=0.01 sys=0.00, real=0.00 secs] 
15.389: [GC (Allocation Failure) [PSYoungGen: 20K->32K(1536K)] 7443K->7455K(9728K), 0.0003580 secs] [Times: user=0.00 sys=0.00, real=0.00 secs] 
15.389: [GC (Allocation Failure) [PSYoungGen: 32K->32K(1536K)] 7455K->7455K(9728K), 0.0002588 secs] [Times: user=0.00 sys=0.00, real=0.00 secs] 
15.389: [Full GC (Allocation Failure) [PSYoungGen: 32K->0K(1536K)] [ParOldGen: 7423K->2348K(8192K)] 7455K->2348K(9728K), [Metaspace: 3328K->3328K(1056768K)], 0.0021249 secs] [Times: user=0.00 sys=0.00, real=0.00 secs] 
15.392: [GC (Allocation Failure) [PSYoungGen: 20K->32K(1536K)] 7444K->7456K(9728K), 0.0003254 secs] [Times: user=0.00 sys=0.00, real=0.00 secs] 
15.392: [GC (Allocation Failure) [PSYoungGen: 32K->32K(1536K)] 7456K->7456K(9728K), 0.0002614 secs] [Times: user=0.01 sys=0.00, real=0.00 secs] 
15.392: [Full GC (Allocation Failure) [PSYoungGen: 32K->0K(1536K)] [ParOldGen: 7424K->2348K(8192K)] 7456K->2348K(9728K), [Metaspace: 3328K->3328K(1056768K)], 0.0020150 secs] [Times: user=0.00 sys=0.00, real=0.01 secs] 
15.395: [GC (Allocation Failure) [PSYoungGen: 20K->32K(1536K)] 7445K->7457K(9728K), 0.0003151 secs] [Times: user=0.00 sys=0.00, real=0.00 secs] 
15.395: [GC (Allocation Failure) [PSYoungGen: 32K->32K(1536K)] 7457K->7457K(9728K), 0.0003001 secs] [Times: user=0.00 sys=0.00, real=0.00 secs] 
15.396: [Full GC (Allocation Failure) [PSYoungGen: 32K->0K(1536K)] [ParOldGen: 7425K->2348K(8192K)] 7457K->2348K(9728K), [Metaspace: 3328K->3328K(1056768K)], 0.0020472 secs] [Times: user=0.01 sys=0.00, real=0.00 secs] 
15.398: [GC (Allocation Failure) [PSYoungGen: 20K->32K(1536K)] 7446K->7457K(9728K), 0.0003290 secs] [Times: user=0.00 sys=0.00, real=0.00 secs] 
15.399: [GC (Allocation Failure) [PSYoungGen: 32K->32K(1536K)] 7457K->7457K(9728K), 0.0002706 secs] [Times: user=0.00 sys=0.00, real=0.00 secs] 
15.399: [Full GC (Allocation Failure) [PSYoungGen: 32K->0K(1536K)] [ParOldGen: 7425K->2348K(8192K)] 7457K->2348K(9728K), [Metaspace: 3328K->3328K(1056768K)], 0.0019482 secs] [Times: user=0.00 sys=0.00, real=0.00 secs] 
15.401: [GC (Allocation Failure) [PSYoungGen: 20K->32K(1536K)] 7447K->7458K(9728K), 0.0003049 secs] [Times: user=0.00 sys=0.00, real=0.00 secs] 
15.402: [GC (Allocation Failure) [PSYoungGen: 32K->32K(1536K)] 7458K->7458K(9728K), 0.0002660 secs] [Times: user=0.00 sys=0.00, real=0.00 secs] 
15.402: [Full GC (Allocation Failure) [PSYoungGen: 32K->0K(1536K)] [ParOldGen: 7426K->2348K(8192K)] 7458K->2348K(9728K), [Metaspace: 3328K->3328K(1056768K)], 0.0019762 secs] [Times: user=0.01 sys=0.00, real=0.01 secs] 
15.404: [GC (Allocation Failure) [PSYoungGen: 20K->32K(1536K)] 7447K->7459K(9728K), 0.0003240 secs] [Times: user=0.00 sys=0.00, real=0.00 secs] 
15.405: [GC (Allocation Failure) [PSYoungGen: 32K->32K(1536K)] 7459K->7459K(9728K), 0.0002938 secs] [Times: user=0.00 sys=0.00, real=0.00 secs] 
15.405: [Full GC (Allocation Failure) [PSYoungGen: 32K->0K(1536K)] [ParOldGen: 7427K->2349K(8192K)] 7459K->2349K(9728K), [Metaspace: 3328K->3328K(1056768K)], 0.0019873 secs] [Times: user=0.00 sys=0.00, real=0.00 secs] 
15.408: [GC (Allocation Failure) [PSYoungGen: 20K->32K(1536K)] 7448K->7460K(9728K), 0.0003131 secs] [Times: user=0.01 sys=0.00, real=0.00 secs] 
15.408: [GC (Allocation Failure) [PSYoungGen: 32K->32K(1536K)] 7460K->7460K(9728K), 0.0002726 secs] [Times: user=0.00 sys=0.00, real=0.00 secs] 
15.408: [Full GC (Allocation Failure) [PSYoungGen: 32K->0K(1536K)] [ParOldGen: 7428K->2349K(8192K)] 7460K->2349K(9728K), [Metaspace: 3328K->3328K(1056768K)], 0.0021552 secs] [Times: user=0.00 sys=0.00, real=0.00 secs] 
15.411: [GC (Allocation Failure) [PSYoungGen: 20K->32K(1536K)] 7449K->7461K(9728K), 0.0003291 secs] [Times: user=0.00 sys=0.00, real=0.00 secs] 
15.411: [GC (Allocation Failure) [PSYoungGen: 32K->32K(1536K)] 7461K->7461K(9728K), 0.0002590 secs] [Times: user=0.00 sys=0.00, real=0.00 secs] 
15.411: [Full GC (Allocation Failure) [PSYoungGen: 32K->0K(1536K)] [ParOldGen: 7429K->2349K(8192K)] 7461K->2349K(9728K), [Metaspace: 3328K->3328K(1056768K)], 0.0021435 secs] [Times: user=0.01 sys=0.00, real=0.01 secs] 
15.414: [GC (Allocation Failure) [PSYoungGen: 20K->32K(1536K)] 7450K->7461K(9728K), 0.0003462 secs] [Times: user=0.00 sys=0.00, real=0.00 secs] 
15.414: [GC (Allocation Failure) [PSYoungGen: 32K->32K(1536K)] 7461K->7461K(9728K), 0.0002984 secs] [Times: user=0.00 sys=0.00, real=0.00 secs] 
15.415: [Full GC (Allocation Failure) [PSYoungGen: 32K->0K(1536K)] [ParOldGen: 7429K->2349K(8192K)] 7461K->2349K(9728K), [Metaspace: 3328K->3328K(1056768K)], 0.0021633 secs] [Times: user=0.00 sys=0.00, real=0.00 secs] 
15.417: [GC (Allocation Failure) [PSYoungGen: 20K->32K(1536K)] 7451K->7462K(9728K), 0.0003095 secs] [Times: user=0.00 sys=0.00, real=0.00 secs] 
15.418: [GC (Allocation Failure) [PSYoungGen: 32K->32K(1536K)] 7462K->7462K(9728K), 0.0002548 secs] [Times: user=0.00 sys=0.00, real=0.00 secs] 
15.418: [Full GC (Allocation Failure) [PSYoungGen: 32K->0K(1536K)] [ParOldGen: 7430K->2349K(8192K)] 7462K->2349K(9728K), [Metaspace: 3328K->3328K(1056768K)], 0.0021319 secs] [Times: user=0.01 sys=0.00, real=0.00 secs] 
15.421: [GC (Allocation Failure) [PSYoungGen: 20K->32K(1536K)] 7452K->7463K(9728K), 0.0003422 secs] [Times: user=0.00 sys=0.00, real=0.00 secs] 
15.421: [GC (Allocation Failure) [PSYoungGen: 32K->32K(1536K)] 7463K->7463K(9728K), 0.0002894 secs] [Times: user=0.00 sys=0.00, real=0.00 secs] 
15.421: [Full GC (Allocation Failure) [PSYoungGen: 32K->0K(1536K)] [ParOldGen: 7431K->2349K(8192K)] 7463K->2349K(9728K), [Metaspace: 3328K->3328K(1056768K)], 0.0020250 secs] [Times: user=0.01 sys=0.00, real=0.01 secs] 
15.424: [GC (Allocation Failure) [PSYoungGen: 20K->32K(1536K)] 7452K->7464K(9728K), 0.0003254 secs] [Times: user=0.00 sys=0.00, real=0.00 secs] 
15.424: [GC (Allocation Failure) [PSYoungGen: 32K->32K(1536K)] 7464K->7464K(9728K), 0.0002700 secs] [Times: user=0.00 sys=0.00, real=0.00 secs] 
15.425: [Full GC (Allocation Failure) [PSYoungGen: 32K->0K(1536K)] [ParOldGen: 7432K->2350K(8192K)] 7464K->2350K(9728K), [Metaspace: 3328K->3328K(1056768K)], 0.0020097 secs] [Times: user=0.00 sys=0.00, real=0.00 secs] 
15.427: [GC (Allocation Failure) [PSYoungGen: 20K->32K(1536K)] 7453K->7465K(9728K), 0.0003199 secs] [Times: user=0.00 sys=0.00, real=0.00 secs] 
15.427: [GC (Allocation Failure) [PSYoungGen: 32K->32K(1536K)] 7465K->7465K(9728K), 0.0002762 secs] [Times: user=0.00 sys=0.00, real=0.00 secs] 
15.428: [Full GC (Allocation Failure) [PSYoungGen: 32K->0K(1536K)] [ParOldGen: 7433K->2350K(8192K)] 7465K->2350K(9728K), [Metaspace: 3328K->3328K(1056768K)], 0.0019673 secs] [Times: user=0.01 sys=0.00, real=0.00 secs] 
15.430: [GC (Allocation Failure) [PSYoungGen: 20K->32K(1536K)] 7454K->7465K(9728K), 0.0003472 secs] [Times: user=0.00 sys=0.00, real=0.00 secs] 
15.431: [GC (Allocation Failure) [PSYoungGen: 32K->32K(1536K)] 7465K->7465K(9728K), 0.0002646 secs] [Times: user=0.00 sys=0.00, real=0.00 secs] 
15.431: [Full GC (Allocation Failure) [PSYoungGen: 32K->0K(1536K)] [ParOldGen: 7433K->2350K(8192K)] 7465K->2350K(9728K), [Metaspace: 3328K->3328K(1056768K)], 0.0020113 secs] [Times: user=0.00 sys=0.01, real=0.01 secs] 
15.433: [GC (Allocation Failure) [PSYoungGen: 20K->32K(1536K)] 7455K->7466K(9728K), 0.0003171 secs] [Times: user=0.00 sys=0.00, real=0.00 secs] 
15.434: [GC (Allocation Failure) [PSYoungGen: 32K->32K(1536K)] 7466K->7466K(9728K), 0.0002844 secs] [Times: user=0.01 sys=0.00, real=0.00 secs] 
15.434: [Full GC (Allocation Failure) [PSYoungGen: 32K->0K(1536K)] [ParOldGen: 7434K->2350K(8192K)] 7466K->2350K(9728K), [Metaspace: 3328K->3328K(1056768K)], 0.0019993 secs] [Times: user=0.00 sys=0.00, real=0.00 secs] 
15.436: [GC (Allocation Failure) [PSYoungGen: 20K->32K(1536K)] 7456K->7467K(9728K), 0.0004560 secs] [Times: user=0.00 sys=0.00, real=0.00 secs] 
15.437: [GC (Allocation Failure) [PSYoungGen: 32K->32K(1536K)] 7467K->7467K(9728K), 0.0002736 secs] [Times: user=0.00 sys=0.00, real=0.00 secs] 
15.437: [Full GC (Allocation Failure) [PSYoungGen: 32K->0K(1536K)] [ParOldGen: 7435K->2350K(8192K)] 7467K->2350K(9728K), [Metaspace: 3328K->3328K(1056768K)], 0.0020491 secs] [Times: user=0.01 sys=0.00, real=0.00 secs] 
15.440: [GC (Allocation Failure) [PSYoungGen: 20K->32K(1536K)] 7456K->7468K(9728K), 0.0003169 secs] [Times: user=0.00 sys=0.00, real=0.00 secs] 
15.440: [GC (Allocation Failure) [PSYoungGen: 32K->32K(1536K)] 7468K->7468K(9728K), 0.0002780 secs] [Times: user=0.00 sys=0.00, real=0.00 secs] 
15.440: [Full GC (Allocation Failure) [PSYoungGen: 32K->0K(1536K)] [ParOldGen: 7436K->2350K(8192K)] 7468K->2350K(9728K), [Metaspace: 3328K->3328K(1056768K)], 0.0020588 secs] [Times: user=0.00 sys=0.00, real=0.00 secs] 
15.443: [GC (Allocation Failure) [PSYoungGen: 20K->32K(1536K)] 7457K->7469K(9728K), 0.0003262 secs] [Times: user=0.00 sys=0.00, real=0.00 secs] 
15.443: [GC (Allocation Failure) [PSYoungGen: 32K->32K(1536K)] 7469K->7469K(9728K), 0.0002721 secs] [Times: user=0.00 sys=0.00, real=0.00 secs] 
15.444: [Full GC (Allocation Failure) [PSYoungGen: 32K->0K(1536K)] [ParOldGen: 7437K->2351K(8192K)] 7469K->2351K(9728K), [Metaspace: 3328K->3328K(1056768K)], 0.0019879 secs] [Times: user=0.01 sys=0.00, real=0.00 secs] 
15.446: [GC (Allocation Failure) [PSYoungGen: 20K->32K(1536K)] 7458K->7469K(9728K), 0.0003157 secs] [Times: user=0.00 sys=0.00, real=0.00 secs] 
15.446: [GC (Allocation Failure) [PSYoungGen: 32K->32K(1536K)] 7469K->7469K(9728K), 0.0006014 secs] [Times: user=0.00 sys=0.00, real=0.00 secs] 
15.447: [Full GC (Allocation Failure) [PSYoungGen: 32K->0K(1536K)] [ParOldGen: 7437K->2351K(8192K)] 7469K->2351K(9728K), [Metaspace: 3328K->3328K(1056768K)], 0.0020712 secs] [Times: user=0.01 sys=0.00, real=0.00 secs] 
15.450: [GC (Allocation Failure) [PSYoungGen: 20K->32K(1536K)] 7459K->7470K(9728K), 0.0003160 secs] [Times: user=0.00 sys=0.00, real=0.00 secs] 
15.450: [GC (Allocation Failure) [PSYoungGen: 32K->32K(1536K)] 7470K->7470K(9728K), 0.0002828 secs] [Times: user=0.00 sys=0.00, real=0.00 secs] 
15.450: [Full GC (Allocation Failure) [PSYoungGen: 32K->0K(1536K)] [ParOldGen: 7438K->2351K(8192K)] 7470K->2351K(9728K), [Metaspace: 3328K->3328K(1056768K)], 0.0019926 secs] [Times: user=0.00 sys=0.00, real=0.00 secs] 
15.453: [GC (Allocation Failure) [PSYoungGen: 20K->32K(1536K)] 7460K->7471K(9728K), 0.0003145 secs] [Times: user=0.00 sys=0.00, real=0.00 secs] 
15.453: [GC (Allocation Failure) [PSYoungGen: 32K->32K(1536K)] 7471K->7471K(9728K), 0.0002781 secs] [Times: user=0.00 sys=0.00, real=0.00 secs] 
15.453: [Full GC (Allocation Failure) [PSYoungGen: 32K->0K(1536K)] [ParOldGen: 7439K->2351K(8192K)] 7471K->2351K(9728K), [Metaspace: 3328K->3328K(1056768K)], 0.0020021 secs] [Times: user=0.01 sys=0.00, real=0.00 secs] 
15.456: [GC (Allocation Failure) [PSYoungGen: 20K->32K(1536K)] 7460K->7472K(9728K), 0.0003049 secs] [Times: user=0.00 sys=0.00, real=0.00 secs] 
15.456: [GC (Allocation Failure) [PSYoungGen: 32K->32K(1536K)] 7472K->7472K(9728K), 0.0003245 secs] [Times: user=0.00 sys=0.00, real=0.00 secs] 
15.457: [Full GC (Allocation Failure) [PSYoungGen: 32K->0K(1536K)] [ParOldGen: 7440K->2351K(8192K)] 7472K->2351K(9728K), [Metaspace: 3328K->3328K(1056768K)], 0.0019918 secs] [Times: user=0.00 sys=0.00, real=0.00 secs] 
15.459: [GC (Allocation Failure) [PSYoungGen: 20K->32K(1536K)] 7461K->7473K(9728K), 0.0003330 secs] [Times: user=0.00 sys=0.00, real=0.00 secs] 
15.459: [GC (Allocation Failure) [PSYoungGen: 32K->32K(1536K)] 7473K->7473K(9728K), 0.0002613 secs] [Times: user=0.01 sys=0.00, real=0.00 secs] 
15.460: [Full GC (Allocation Failure) [PSYoungGen: 32K->0K(1536K)] [ParOldGen: 7441K->2351K(8192K)] 7473K->2351K(9728K), [Metaspace: 3328K->3328K(1056768K)], 0.0020171 secs] [Times: user=0.00 sys=0.00, real=0.00 secs] 
15.462: [GC (Allocation Failure) [PSYoungGen: 20K->32K(1536K)] 7462K->7473K(9728K), 0.0003145 secs] [Times: user=0.00 sys=0.00, real=0.00 secs] 
15.463: [GC (Allocation Failure) [PSYoungGen: 32K->32K(1536K)] 7473K->7473K(9728K), 0.0002824 secs] [Times: user=0.00 sys=0.00, real=0.01 secs] 
15.463: [Full GC (Allocation Failure) [PSYoungGen: 32K->0K(1536K)] [ParOldGen: 7441K->2352K(8192K)] 7473K->2352K(9728K), [Metaspace: 3328K->3328K(1056768K)], 0.0021962 secs] [Times: user=0.01 sys=0.00, real=0.00 secs] 
15.466: [GC (Allocation Failure) [PSYoungGen: 20K->32K(1536K)] 7463K->7474K(9728K), 0.0003091 secs] [Times: user=0.00 sys=0.00, real=0.00 secs] 
15.466: [GC (Allocation Failure) [PSYoungGen: 32K->32K(1536K)] 7474K->7474K(9728K), 0.0002887 secs] [Times: user=0.00 sys=0.00, real=0.00 secs] 
15.466: [Full GC (Allocation Failure) [PSYoungGen: 32K->0K(1536K)] [ParOldGen: 7442K->2352K(8192K)] 7474K->2352K(9728K), [Metaspace: 3328K->3328K(1056768K)], 0.0021611 secs] [Times: user=0.00 sys=0.00, real=0.00 secs] 
15.469: [GC (Allocation Failure) [PSYoungGen: 20K->32K(1536K)] 7464K->7475K(9728K), 0.0003153 secs] [Times: user=0.00 sys=0.00, real=0.00 secs] 
15.469: [GC (Allocation Failure) [PSYoungGen: 32K->32K(1536K)] 7475K->7475K(9728K), 0.0002652 secs] [Times: user=0.00 sys=0.00, real=0.00 secs] 
15.470: [Full GC (Allocation Failure) [PSYoungGen: 32K->0K(1536K)] [ParOldGen: 7443K->2352K(8192K)] 7475K->2352K(9728K), [Metaspace: 3328K->3328K(1056768K)], 0.0020579 secs] [Times: user=0.01 sys=0.00, real=0.00 secs] 
15.472: [GC (Allocation Failure) [PSYoungGen: 20K->32K(1536K)] 7464K->7476K(9728K), 0.0003462 secs] [Times: user=0.00 sys=0.00, real=0.00 secs] 
15.472: [GC (Allocation Failure) [PSYoungGen: 32K->32K(1536K)] 7476K->7476K(9728K), 0.0002869 secs] [Times: user=0.00 sys=0.00, real=0.01 secs] 
15.473: [Full GC (Allocation Failure) [PSYoungGen: 32K->0K(1536K)] [ParOldGen: 7444K->2352K(8192K)] 7476K->2352K(9728K), [Metaspace: 3328K->3328K(1056768K)], 0.0020016 secs] [Times: user=0.00 sys=0.00, real=0.00 secs] 
15.475: [GC (Allocation Failure) [PSYoungGen: 20K->32K(1536K)] 7465K->7477K(9728K), 0.0003306 secs] [Times: user=0.00 sys=0.00, real=0.00 secs] 
15.476: [GC (Allocation Failure) [PSYoungGen: 32K->32K(1536K)] 7477K->7477K(9728K), 0.0002855 secs] [Times: user=0.00 sys=0.00, real=0.00 secs] 
15.476: [Full GC (Allocation Failure) [PSYoungGen: 32K->0K(1536K)] [ParOldGen: 7445K->2352K(8192K)] 7477K->2352K(9728K), [Metaspace: 3328K->3328K(1056768K)], 0.0021546 secs] [Times: user=0.00 sys=0.00, real=0.00 secs] 
15.479: [GC (Allocation Failure) [PSYoungGen: 20K->32K(1536K)] 7466K->7477K(9728K), 0.0003174 secs] [Times: user=0.00 sys=0.00, real=0.00 secs] 
15.479: [GC (Allocation Failure) [PSYoungGen: 32K->32K(1536K)] 7477K->7477K(9728K), 0.0003428 secs] [Times: user=0.00 sys=0.00, real=0.00 secs] 
15.479: [Full GC (Allocation Failure) [PSYoungGen: 32K->0K(1536K)] [ParOldGen: 7445K->2352K(8192K)] 7477K->2352K(9728K), [Metaspace: 3328K->3328K(1056768K)], 0.0020216 secs] [Times: user=0.01 sys=0.00, real=0.00 secs] 
15.482: [GC (Allocation Failure) [PSYoungGen: 20K->32K(1536K)] 7467K->7478K(9728K), 0.0003113 secs] [Times: user=0.00 sys=0.00, real=0.00 secs] 
15.482: [GC (Allocation Failure) [PSYoungGen: 32K->32K(1536K)] 7478K->7478K(9728K), 0.0002749 secs] [Times: user=0.00 sys=0.00, real=0.00 secs] 
15.482: [Full GC (Allocation Failure) [PSYoungGen: 32K->0K(1536K)] [ParOldGen: 7446K->2353K(8192K)] 7478K->2353K(9728K), [Metaspace: 3328K->3328K(1056768K)], 0.0020137 secs] [Times: user=0.00 sys=0.00, real=0.01 secs] 
15.485: [GC (Allocation Failure) [PSYoungGen: 20K->32K(1536K)] 7468K->7479K(9728K), 0.0003224 secs] [Times: user=0.00 sys=0.00, real=0.00 secs] 
15.485: [GC (Allocation Failure) [PSYoungGen: 32K->32K(1536K)] 7479K->7479K(9728K), 0.0002856 secs] [Times: user=0.00 sys=0.00, real=0.00 secs] 
15.486: [Full GC (Allocation Failure) [PSYoungGen: 32K->0K(1536K)] [ParOldGen: 7447K->2353K(8192K)] 7479K->2353K(9728K), [Metaspace: 3328K->3328K(1056768K)], 0.0024034 secs] [Times: user=0.01 sys=0.00, real=0.00 secs] 
15.489: [GC (Allocation Failure) [PSYoungGen: 20K->32K(1536K)] 7468K->7480K(9728K), 0.0003213 secs] [Times: user=0.00 sys=0.00, real=0.00 secs] 
15.489: [GC (Allocation Failure) [PSYoungGen: 32K->32K(1536K)] 7480K->7480K(9728K), 0.0006624 secs] [Times: user=0.00 sys=0.00, real=0.00 secs] 
15.490: [Full GC (Allocation Failure) [PSYoungGen: 32K->0K(1536K)] [ParOldGen: 7448K->2353K(8192K)] 7480K->2353K(9728K), [Metaspace: 3328K->3328K(1056768K)], 0.0027588 secs] [Times: user=0.01 sys=0.00, real=0.00 secs] 
15.493: [GC (Allocation Failure) [PSYoungGen: 20K->32K(1536K)] 7469K->7481K(9728K), 0.0006861 secs] [Times: user=0.00 sys=0.00, real=0.00 secs] 
15.494: [GC (Allocation Failure) [PSYoungGen: 32K->32K(1536K)] 7481K->7481K(9728K), 0.0007768 secs] [Times: user=0.00 sys=0.00, real=0.00 secs] 
15.494: [Full GC (Allocation Failure) [PSYoungGen: 32K->0K(1536K)] [ParOldGen: 7449K->2353K(8192K)] 7481K->2353K(9728K), [Metaspace: 3328K->3328K(1056768K)], 0.0031450 secs] [Times: user=0.01 sys=0.00, real=0.00 secs] 
15.498: [GC (Allocation Failure) [PSYoungGen: 20K->32K(1536K)] 7470K->7481K(9728K), 0.0003225 secs] [Times: user=0.00 sys=0.00, real=0.00 secs] 
15.498: [GC (Allocation Failure) [PSYoungGen: 32K->32K(1536K)] 7481K->7481K(9728K), 0.0002794 secs] [Times: user=0.00 sys=0.00, real=0.00 secs] 
15.499: [Full GC (Allocation Failure) [PSYoungGen: 32K->0K(1536K)] [ParOldGen: 7449K->2353K(8192K)] 7481K->2353K(9728K), [Metaspace: 3328K->3328K(1056768K)], 0.0021324 secs] [Times: user=0.00 sys=0.00, real=0.00 secs] 
15.501: [GC (Allocation Failure) [PSYoungGen: 20K->32K(1536K)] 7471K->7482K(9728K), 0.0006458 secs] [Times: user=0.00 sys=0.00, real=0.00 secs] 
15.502: [GC (Allocation Failure) [PSYoungGen: 32K->32K(1536K)] 7482K->7482K(9728K), 0.0002757 secs] [Times: user=0.00 sys=0.00, real=0.00 secs] 
15.502: [Full GC (Allocation Failure) [PSYoungGen: 32K->0K(1536K)] [ParOldGen: 7450K->2353K(8192K)] 7482K->2353K(9728K), [Metaspace: 3328K->3328K(1056768K)], 0.0021290 secs] [Times: user=0.00 sys=0.00, real=0.01 secs] 
15.505: [GC (Allocation Failure) [PSYoungGen: 20K->32K(1536K)] 7472K->7483K(9728K), 0.0003268 secs] [Times: user=0.00 sys=0.00, real=0.00 secs] 
15.505: [GC (Allocation Failure) [PSYoungGen: 32K->32K(1536K)] 7483K->7483K(9728K), 0.0004396 secs] [Times: user=0.00 sys=0.00, real=0.00 secs] 
15.506: [Full GC (Allocation Failure) [PSYoungGen: 32K->0K(1536K)] [ParOldGen: 7451K->2353K(8192K)] 7483K->2353K(9728K), [Metaspace: 3328K->3328K(1056768K)], 0.0028230 secs] [Times: user=0.01 sys=0.00, real=0.00 secs] 
15.510: [GC (Allocation Failure) [PSYoungGen: 20K->32K(1536K)] 7472K->7484K(9728K), 0.0003622 secs] [Times: user=0.00 sys=0.00, real=0.00 secs] 
15.511: [GC (Allocation Failure) [PSYoungGen: 32K->32K(1536K)] 7484K->7484K(9728K), 0.0002697 secs] [Times: user=0.00 sys=0.00, real=0.00 secs] 
15.511: [Full GC (Allocation Failure) [PSYoungGen: 32K->0K(1536K)] [ParOldGen: 7452K->2354K(8192K)] 7484K->2354K(9728K), [Metaspace: 3328K->3328K(1056768K)], 0.0024539 secs] [Times: user=0.01 sys=0.00, real=0.01 secs] 
15.514: [GC (Allocation Failure) [PSYoungGen: 20K->32K(1536K)] 7473K->7485K(9728K), 0.0003117 secs] [Times: user=0.00 sys=0.00, real=0.00 secs] 
15.514: [GC (Allocation Failure) [PSYoungGen: 32K->32K(1536K)] 7485K->7485K(9728K), 0.0002731 secs] [Times: user=0.00 sys=0.01, real=0.00 secs] 
15.514: [Full GC (Allocation Failure) [PSYoungGen: 32K->0K(1536K)] [ParOldGen: 7453K->2354K(8192K)] 7485K->2354K(9728K), [Metaspace: 3328K->3328K(1056768K)], 0.0021517 secs] [Times: user=0.00 sys=0.00, real=0.00 secs] 
15.517: [GC (Allocation Failure) [PSYoungGen: 20K->32K(1536K)] 7474K->7485K(9728K), 0.0003112 secs] [Times: user=0.01 sys=0.00, real=0.00 secs] 
15.517: [GC (Allocation Failure) [PSYoungGen: 32K->32K(1536K)] 7485K->7485K(9728K), 0.0002708 secs] [Times: user=0.00 sys=0.00, real=0.00 secs] 
15.518: [Full GC (Allocation Failure) [PSYoungGen: 32K->0K(1536K)] [ParOldGen: 7453K->2354K(8192K)] 7485K->2354K(9728K), [Metaspace: 3328K->3328K(1056768K)], 0.0019662 secs] [Times: user=0.00 sys=0.00, real=0.00 secs] 
15.520: [GC (Allocation Failure) [PSYoungGen: 20K->32K(1536K)] 7475K->7486K(9728K), 0.0003127 secs] [Times: user=0.00 sys=0.00, real=0.00 secs] 
15.520: [GC (Allocation Failure) [PSYoungGen: 32K->32K(1536K)] 7486K->7486K(9728K), 0.0002840 secs] [Times: user=0.00 sys=0.00, real=0.00 secs] 
15.521: [Full GC (Allocation Failure) [PSYoungGen: 32K->0K(1536K)] [ParOldGen: 7454K->2354K(8192K)] 7486K->2354K(9728K), [Metaspace: 3328K->3328K(1056768K)], 0.0020180 secs] [Times: user=0.01 sys=0.00, real=0.01 secs] 
15.523: [GC (Allocation Failure) [PSYoungGen: 20K->32K(1536K)] 7476K->7487K(9728K), 0.0009995 secs] [Times: user=0.00 sys=0.00, real=0.00 secs] 
15.524: [GC (Allocation Failure) [PSYoungGen: 32K->32K(1536K)] 7487K->7487K(9728K), 0.0004075 secs] [Times: user=0.00 sys=0.00, real=0.00 secs] 
15.525: [Full GC (Allocation Failure) [PSYoungGen: 32K->0K(1536K)] [ParOldGen: 7455K->2354K(8192K)] 7487K->2354K(9728K), [Metaspace: 3328K->3328K(1056768K)], 0.0034734 secs] [Times: user=0.01 sys=0.00, real=0.00 secs] 
15.530: [GC (Allocation Failure) [PSYoungGen: 20K->32K(1536K)] 7476K->7488K(9728K), 0.0004372 secs] [Times: user=0.00 sys=0.00, real=0.00 secs] 
15.531: [GC (Allocation Failure) [PSYoungGen: 32K->32K(1536K)] 7488K->7488K(9728K), 0.0004178 secs] [Times: user=0.00 sys=0.00, real=0.00 secs] 
15.531: [Full GC (Allocation Failure) [PSYoungGen: 32K->0K(1536K)] [ParOldGen: 7456K->2354K(8192K)] 7488K->2354K(9728K), [Metaspace: 3328K->3328K(1056768K)], 0.0030346 secs] [Times: user=0.01 sys=0.00, real=0.01 secs] 
15.535: [GC (Allocation Failure) [PSYoungGen: 20K->32K(1536K)] 7477K->7489K(9728K), 0.0003193 secs] [Times: user=0.00 sys=0.00, real=0.00 secs] 
15.535: [GC (Allocation Failure) [PSYoungGen: 32K->32K(1536K)] 7489K->7489K(9728K), 0.0002586 secs] [Times: user=0.00 sys=0.00, real=0.00 secs] 
15.536: [Full GC (Allocation Failure) [PSYoungGen: 32K->0K(1536K)] [ParOldGen: 7457K->2355K(8192K)] 7489K->2355K(9728K), [Metaspace: 3328K->3328K(1056768K)], 0.0023239 secs] [Times: user=0.00 sys=0.00, real=0.00 secs] 
15.539: [GC (Allocation Failure) [PSYoungGen: 20K->32K(1536K)] 7478K->7489K(9728K), 0.0008196 secs] [Times: user=0.01 sys=0.00, real=0.00 secs] 
15.539: [GC (Allocation Failure) [PSYoungGen: 32K->32K(1536K)] 7489K->7489K(9728K), 0.0002796 secs] [Times: user=0.00 sys=0.00, real=0.00 secs] 
15.540: [Full GC (Allocation Failure) [PSYoungGen: 32K->0K(1536K)] [ParOldGen: 7457K->2355K(8192K)] 7489K->2355K(9728K), [Metaspace: 3328K->3328K(1056768K)], 0.0022151 secs] [Times: user=0.00 sys=0.00, real=0.00 secs] 
15.542: [GC (Allocation Failure) [PSYoungGen: 20K->32K(1536K)] 7479K->7490K(9728K), 0.0003205 secs] [Times: user=0.00 sys=0.00, real=0.01 secs] 
15.543: [GC (Allocation Failure) [PSYoungGen: 32K->32K(1536K)] 7490K->7490K(9728K), 0.0002995 secs] [Times: user=0.00 sys=0.00, real=0.00 secs] 
15.543: [Full GC (Allocation Failure) [PSYoungGen: 32K->0K(1536K)] [ParOldGen: 7458K->2355K(8192K)] 7490K->2355K(9728K), [Metaspace: 3328K->3328K(1056768K)], 0.0020652 secs] [Times: user=0.01 sys=0.00, real=0.00 secs] 
15.546: [GC (Allocation Failure) [PSYoungGen: 20K->32K(1536K)] 7480K->7491K(9728K), 0.0003400 secs] [Times: user=0.00 sys=0.00, real=0.00 secs] 
15.546: [GC (Allocation Failure) [PSYoungGen: 32K->32K(1536K)] 7491K->7491K(9728K), 0.0005876 secs] [Times: user=0.00 sys=0.00, real=0.00 secs] 
15.547: [Full GC (Allocation Failure) [PSYoungGen: 32K->0K(1536K)] [ParOldGen: 7459K->2355K(8192K)] 7491K->2355K(9728K), [Metaspace: 3328K->3328K(1056768K)], 0.0024406 secs] [Times: user=0.00 sys=0.00, real=0.00 secs] 
15.549: [GC (Allocation Failure) [PSYoungGen: 20K->32K(1536K)] 7480K->7492K(9728K), 0.0003180 secs] [Times: user=0.01 sys=0.00, real=0.00 secs] 
15.550: [GC (Allocation Failure) [PSYoungGen: 32K->32K(1536K)] 7492K->7492K(9728K), 0.0002901 secs] [Times: user=0.00 sys=0.00, real=0.00 secs] 
15.550: [Full GC (Allocation Failure) [PSYoungGen: 32K->0K(1536K)] [ParOldGen: 7460K->2355K(8192K)] 7492K->2355K(9728K), [Metaspace: 3328K->3328K(1056768K)], 0.0031408 secs] [Times: user=0.00 sys=0.00, real=0.01 secs] 
15.554: [GC (Allocation Failure) [PSYoungGen: 20K->32K(1536K)] 7481K->7493K(9728K), 0.0008402 secs] [Times: user=0.01 sys=0.00, real=0.00 secs] 
15.555: [GC (Allocation Failure) [PSYoungGen: 32K->32K(1536K)] 7493K->7493K(9728K), 0.0007957 secs] [Times: user=0.00 sys=0.00, real=0.00 secs] 
15.555: [Full GC (Allocation Failure) [PSYoungGen: 32K->0K(1536K)] [ParOldGen: 7461K->2355K(8192K)] 7493K->2355K(9728K), [Metaspace: 3328K->3328K(1056768K)], 0.0020442 secs] [Times: user=0.00 sys=0.00, real=0.00 secs] 
15.558: [GC (Allocation Failure) [PSYoungGen: 20K->32K(1536K)] 7482K->7493K(9728K), 0.0008142 secs] [Times: user=0.00 sys=0.00, real=0.00 secs] 
15.559: [GC (Allocation Failure) [PSYoungGen: 32K->32K(1536K)] 7493K->7493K(9728K), 0.0002692 secs] [Times: user=0.00 sys=0.00, real=0.00 secs] 
15.559: [Full GC (Allocation Failure) [PSYoungGen: 32K->0K(1536K)] [ParOldGen: 7461K->2356K(8192K)] 7493K->2356K(9728K), [Metaspace: 3328K->3328K(1056768K)], 0.0025054 secs] [Times: user=0.01 sys=0.00, real=0.00 secs] 
15.562: [GC (Allocation Failure) [PSYoungGen: 20K->32K(1536K)] 7483K->7494K(9728K), 0.0005092 secs] [Times: user=0.00 sys=0.00, real=0.01 secs] 
15.563: [GC (Allocation Failure) [PSYoungGen: 32K->32K(1536K)] 7494K->7494K(9728K), 0.0002695 secs] [Times: user=0.00 sys=0.00, real=0.00 secs] 
15.563: [Full GC (Allocation Failure) [PSYoungGen: 32K->0K(1536K)] [ParOldGen: 7462K->2356K(8192K)] 7494K->2356K(9728K), [Metaspace: 3328K->3328K(1056768K)], 0.0021204 secs] [Times: user=0.01 sys=0.00, real=0.00 secs] 
15.566: [GC (Allocation Failure) [PSYoungGen: 20K->32K(1536K)] 7484K->7495K(9728K), 0.0003523 secs] [Times: user=0.00 sys=0.00, real=0.00 secs] 
15.566: [GC (Allocation Failure) [PSYoungGen: 32K->32K(1536K)] 7495K->7495K(9728K), 0.0002746 secs] [Times: user=0.00 sys=0.00, real=0.00 secs] 
15.566: [Full GC (Allocation Failure) [PSYoungGen: 32K->0K(1536K)] [ParOldGen: 7463K->2356K(8192K)] 7495K->2356K(9728K), [Metaspace: 3328K->3328K(1056768K)], 0.0019879 secs] [Times: user=0.00 sys=0.00, real=0.00 secs] 
15.569: [GC (Allocation Failure) [PSYoungGen: 20K->32K(1536K)] 7484K->7496K(9728K), 0.0003192 secs] [Times: user=0.00 sys=0.00, real=0.00 secs] 
15.569: [GC (Allocation Failure) [PSYoungGen: 32K->32K(1536K)] 7496K->7496K(9728K), 0.0002938 secs] [Times: user=0.00 sys=0.00, real=0.00 secs] 
15.569: [Full GC (Allocation Failure) [PSYoungGen: 32K->0K(1536K)] [ParOldGen: 7464K->2356K(8192K)] 7496K->2356K(9728K), [Metaspace: 3328K->3328K(1056768K)], 0.0024870 secs] [Times: user=0.01 sys=0.00, real=0.00 secs] 
15.572: [GC (Allocation Failure) [PSYoungGen: 20K->32K(1536K)] 7485K->7497K(9728K), 0.0008137 secs] [Times: user=0.00 sys=0.00, real=0.01 secs] 
15.573: [GC (Allocation Failure) [PSYoungGen: 32K->32K(1536K)] 7497K->7497K(9728K), 0.0008004 secs] [Times: user=0.00 sys=0.00, real=0.00 secs] 
15.574: [Full GC (Allocation Failure) [PSYoungGen: 32K->0K(1536K)] [ParOldGen: 7465K->2356K(8192K)] 7497K->2356K(9728K), [Metaspace: 3328K->3328K(1056768K)], 0.0030445 secs] [Times: user=0.01 sys=0.00, real=0.00 secs] 
15.578: [GC (Allocation Failure) [PSYoungGen: 20K->32K(1536K)] 7486K->7497K(9728K), 0.0008565 secs] [Times: user=0.00 sys=0.00, real=0.00 secs] 
15.578: [GC (Allocation Failure) [PSYoungGen: 32K->32K(1536K)] 7497K->7497K(9728K), 0.0002753 secs] [Times: user=0.00 sys=0.00, real=0.00 secs] 
15.579: [Full GC (Allocation Failure) [PSYoungGen: 32K->0K(1536K)] [ParOldGen: 7465K->2356K(8192K)] 7497K->2356K(9728K), [Metaspace: 3328K->3328K(1056768K)], 0.0025144 secs] [Times: user=0.01 sys=0.00, real=0.00 secs] 
15.582: [GC (Allocation Failure) [PSYoungGen: 20K->32K(1536K)] 7487K->7498K(9728K), 0.0008969 secs] [Times: user=0.00 sys=0.00, real=0.01 secs] 
15.583: [GC (Allocation Failure) [PSYoungGen: 32K->32K(1536K)] 7498K->7498K(9728K), 0.0002687 secs] [Times: user=0.00 sys=0.00, real=0.00 secs] 
15.583: [Full GC (Allocation Failure) [PSYoungGen: 32K->0K(1536K)] [ParOldGen: 7466K->2357K(8192K)] 7498K->2357K(9728K), [Metaspace: 3328K->3328K(1056768K)], 0.0025988 secs] [Times: user=0.01 sys=0.00, real=0.00 secs] 
15.586: [GC (Allocation Failure) [PSYoungGen: 20K->32K(1536K)] 7488K->7499K(9728K), 0.0003363 secs] [Times: user=0.00 sys=0.00, real=0.00 secs] 
15.587: [GC (Allocation Failure) [PSYoungGen: 32K->32K(1536K)] 7499K->7499K(9728K), 0.0002764 secs] [Times: user=0.00 sys=0.00, real=0.00 secs] 
15.587: [Full GC (Allocation Failure) [PSYoungGen: 32K->0K(1536K)] [ParOldGen: 7467K->2357K(8192K)] 7499K->2357K(9728K), [Metaspace: 3328K->3328K(1056768K)], 0.0028996 secs] [Times: user=0.01 sys=0.00, real=0.00 secs] 
15.590: [GC (Allocation Failure) [PSYoungGen: 20K->32K(1536K)] 7488K->7500K(9728K), 0.0008140 secs] [Times: user=0.00 sys=0.01, real=0.00 secs] 
15.591: [GC (Allocation Failure) [PSYoungGen: 32K->32K(1536K)] 7500K->7500K(9728K), 0.0003128 secs] [Times: user=0.00 sys=0.00, real=0.00 secs] 
15.592: [Full GC (Allocation Failure) [PSYoungGen: 32K->0K(1536K)] [ParOldGen: 7468K->2357K(8192K)] 7500K->2357K(9728K), [Metaspace: 3328K->3328K(1056768K)], 0.0024939 secs] [Times: user=0.00 sys=0.00, real=0.01 secs] 
15.595: [GC (Allocation Failure) [PSYoungGen: 20K->32K(1536K)] 7489K->7501K(9728K), 0.0004796 secs] [Times: user=0.00 sys=0.00, real=0.00 secs] 
15.595: [GC (Allocation Failure) [PSYoungGen: 32K->32K(1536K)] 7501K->7501K(9728K), 0.0002744 secs] [Times: user=0.01 sys=0.00, real=0.00 secs] 
15.595: [Full GC (Allocation Failure) [PSYoungGen: 32K->0K(1536K)] [ParOldGen: 7469K->2357K(8192K)] 7501K->2357K(9728K), [Metaspace: 3328K->3328K(1056768K)], 0.0021072 secs] [Times: user=0.00 sys=0.00, real=0.00 secs] 
15.598: [GC (Allocation Failure) [PSYoungGen: 20K->32K(1536K)] 7490K->7501K(9728K), 0.0003332 secs] [Times: user=0.00 sys=0.00, real=0.00 secs] 
15.598: [GC (Allocation Failure) [PSYoungGen: 32K->32K(1536K)] 7501K->7501K(9728K), 0.0003135 secs] [Times: user=0.00 sys=0.00, real=0.00 secs] 
15.599: [Full GC (Allocation Failure) [PSYoungGen: 32K->0K(1536K)] [ParOldGen: 7469K->2357K(8192K)] 7501K->2357K(9728K), [Metaspace: 3328K->3328K(1056768K)], 0.0025087 secs] [Times: user=0.01 sys=0.00, real=0.00 secs] 
15.602: [GC (Allocation Failure) [PSYoungGen: 20K->32K(1536K)] 7491K->7502K(9728K), 0.0003177 secs] [Times: user=0.00 sys=0.00, real=0.00 secs] 
15.602: [GC (Allocation Failure) [PSYoungGen: 32K->32K(1536K)] 7502K->7502K(9728K), 0.0002800 secs] [Times: user=0.00 sys=0.00, real=0.00 secs] 
15.602: [Full GC (Allocation Failure) [PSYoungGen: 32K->0K(1536K)] [ParOldGen: 7470K->2357K(8192K)] 7502K->2357K(9728K), [Metaspace: 3328K->3328K(1056768K)], 0.0020497 secs] [Times: user=0.00 sys=0.00, real=0.01 secs] 
15.605: [GC (Allocation Failure) [PSYoungGen: 20K->32K(1536K)] 7492K->7503K(9728K), 0.0008182 secs] [Times: user=0.01 sys=0.00, real=0.00 secs] 
15.606: [GC (Allocation Failure) [PSYoungGen: 32K->32K(1536K)] 7503K->7503K(9728K), 0.0007894 secs] [Times: user=0.00 sys=0.00, real=0.00 secs] 
15.607: [Full GC (Allocation Failure) [PSYoungGen: 32K->0K(1536K)] [ParOldGen: 7471K->2357K(8192K)] 7503K->2357K(9728K), [Metaspace: 3328K->3328K(1056768K)], 0.0021400 secs] [Times: user=0.00 sys=0.00, real=0.00 secs] 
15.609: [GC (Allocation Failure) [PSYoungGen: 20K->32K(1536K)] 7492K->7504K(9728K), 0.0003304 secs] [Times: user=0.00 sys=0.00, real=0.00 secs] 
15.609: [GC (Allocation Failure) [PSYoungGen: 32K->32K(1536K)] 7504K->7504K(9728K), 0.0002768 secs] [Times: user=0.00 sys=0.00, real=0.00 secs] 
15.610: [Full GC (Allocation Failure) [PSYoungGen: 32K->0K(1536K)] [ParOldGen: 7472K->2358K(8192K)] 7504K->2358K(9728K), [Metaspace: 3328K->3328K(1056768K)], 0.0025784 secs] [Times: user=0.01 sys=0.00, real=0.00 secs] 
15.613: [GC (Allocation Failure) [PSYoungGen: 20K->32K(1536K)] 7493K->7505K(9728K), 0.0003181 secs] [Times: user=0.00 sys=0.00, real=0.00 secs] 
15.613: [GC (Allocation Failure) [PSYoungGen: 32K->32K(1536K)] 7505K->7505K(9728K), 0.0002879 secs] [Times: user=0.00 sys=0.00, real=0.00 secs] 
15.614: [Full GC (Allocation Failure) [PSYoungGen: 32K->0K(1536K)] [ParOldGen: 7473K->2358K(8192K)] 7505K->2358K(9728K), [Metaspace: 3328K->3328K(1056768K)], 0.0023421 secs] [Times: user=0.01 sys=0.00, real=0.00 secs] 
15.616: [GC (Allocation Failure) [PSYoungGen: 20K->32K(1536K)] 7494K->7505K(9728K), 0.0003281 secs] [Times: user=0.00 sys=0.00, real=0.00 secs] 
15.617: [GC (Allocation Failure) [PSYoungGen: 32K->32K(1536K)] 7505K->7505K(9728K), 0.0003187 secs] [Times: user=0.00 sys=0.00, real=0.00 secs] 
15.617: [Full GC (Allocation Failure) [PSYoungGen: 32K->0K(1536K)] [ParOldGen: 7473K->2358K(8192K)] 7505K->2358K(9728K), [Metaspace: 3328K->3328K(1056768K)], 0.0027398 secs] [Times: user=0.00 sys=0.00, real=0.00 secs] 
15.620: [GC (Allocation Failure) [PSYoungGen: 20K->32K(1536K)] 7495K->7506K(9728K), 0.0003464 secs] [Times: user=0.00 sys=0.00, real=0.00 secs] 
15.621: [GC (Allocation Failure) [PSYoungGen: 32K->32K(1536K)] 7506K->7506K(9728K), 0.0002701 secs] [Times: user=0.00 sys=0.00, real=0.00 secs] 
15.621: [Full GC (Allocation Failure) [PSYoungGen: 32K->0K(1536K)] [ParOldGen: 7474K->2358K(8192K)] 7506K->2358K(9728K), [Metaspace: 3328K->3328K(1056768K)], 0.0023047 secs] [Times: user=0.01 sys=0.00, real=0.01 secs] 
15.624: [GC (Allocation Failure) [PSYoungGen: 20K->32K(1536K)] 7496K->7507K(9728K), 0.0008732 secs] [Times: user=0.00 sys=0.00, real=0.00 secs] 
15.625: [GC (Allocation Failure) [PSYoungGen: 32K->32K(1536K)] 7507K->7507K(9728K), 0.0002784 secs] [Times: user=0.00 sys=0.00, real=0.00 secs] 
15.625: [Full GC (Allocation Failure) [PSYoungGen: 32K->0K(1536K)] [ParOldGen: 7475K->2358K(8192K)] 7507K->2358K(9728K), [Metaspace: 3328K->3328K(1056768K)], 0.0021312 secs] [Times: user=0.01 sys=0.00, real=0.00 secs] 
15.628: [GC (Allocation Failure) [PSYoungGen: 20K->32K(1536K)] 7496K->7508K(9728K), 0.0003123 secs] [Times: user=0.00 sys=0.00, real=0.00 secs] 
15.628: [GC (Allocation Failure) [PSYoungGen: 32K->32K(1536K)] 7508K->7508K(9728K), 0.0002894 secs] [Times: user=0.00 sys=0.00, real=0.00 secs] 
15.628: [Full GC (Allocation Failure) [PSYoungGen: 32K->0K(1536K)] [ParOldGen: 7476K->2358K(8192K)] 7508K->2358K(9728K), [Metaspace: 3328K->3328K(1056768K)], 0.0020590 secs] [Times: user=0.00 sys=0.00, real=0.00 secs] 
15.631: [GC (Allocation Failure) [PSYoungGen: 20K->32K(1536K)] 7497K->7509K(9728K), 0.0003198 secs] [Times: user=0.00 sys=0.00, real=0.00 secs] 
15.631: [GC (Allocation Failure) [PSYoungGen: 32K->32K(1536K)] 7509K->7509K(9728K), 0.0002971 secs] [Times: user=0.00 sys=0.00, real=0.00 secs] 
15.632: [Full GC (Allocation Failure) [PSYoungGen: 32K->0K(1536K)] [ParOldGen: 7477K->2359K(8192K)] 7509K->2359K(9728K), [Metaspace: 3328K->3328K(1056768K)], 0.0024701 secs] [Times: user=0.01 sys=0.00, real=0.01 secs] 
15.634: [GC (Allocation Failure) [PSYoungGen: 20K->32K(1536K)] 7498K->7509K(9728K), 0.0003200 secs] [Times: user=0.00 sys=0.00, real=0.00 secs] 
15.635: [GC (Allocation Failure) [PSYoungGen: 32K->32K(1536K)] 7509K->7509K(9728K), 0.0007944 secs] [Times: user=0.00 sys=0.00, real=0.00 secs] 
15.636: [Full GC (Allocation Failure) [PSYoungGen: 32K->0K(1536K)] [ParOldGen: 7477K->2359K(8192K)] 7509K->2359K(9728K), [Metaspace: 3328K->3328K(1056768K)], 0.0021097 secs] [Times: user=0.01 sys=0.00, real=0.00 secs] 
15.638: [GC (Allocation Failure) [PSYoungGen: 20K->32K(1536K)] 7499K->7510K(9728K), 0.0008148 secs] [Times: user=0.00 sys=0.00, real=0.00 secs] 
15.639: [GC (Allocation Failure) [PSYoungGen: 32K->32K(1536K)] 7510K->7510K(9728K), 0.0002862 secs] [Times: user=0.00 sys=0.00, real=0.00 secs] 
15.639: [Full GC (Allocation Failure) [PSYoungGen: 32K->0K(1536K)] [ParOldGen: 7478K->2359K(8192K)] 7510K->2359K(9728K), [Metaspace: 3328K->3328K(1056768K)], 0.0021842 secs] [Times: user=0.00 sys=0.00, real=0.00 secs] 
15.642: [GC (Allocation Failure) [PSYoungGen: 20K->32K(1536K)] 7500K->7511K(9728K), 0.0008167 secs] [Times: user=0.01 sys=0.00, real=0.01 secs] 
15.643: [GC (Allocation Failure) [PSYoungGen: 32K->32K(1536K)] 7511K->7511K(9728K), 0.0004593 secs] [Times: user=0.00 sys=0.00, real=0.00 secs] 
15.643: [Full GC (Allocation Failure) [PSYoungGen: 32K->0K(1536K)] [ParOldGen: 7479K->2359K(8192K)] 7511K->2359K(9728K), [Metaspace: 3328K->3328K(1056768K)], 0.0020991 secs] [Times: user=0.00 sys=0.00, real=0.00 secs] 
15.646: [GC (Allocation Failure) [PSYoungGen: 20K->32K(1536K)] 7500K->7512K(9728K), 0.0003181 secs] [Times: user=0.00 sys=0.00, real=0.00 secs] 
15.646: [GC (Allocation Failure) [PSYoungGen: 32K->32K(1536K)] 7512K->7512K(9728K), 0.0002801 secs] [Times: user=0.00 sys=0.00, real=0.00 secs] 
15.647: [Full GC (Allocation Failure) [PSYoungGen: 32K->0K(1536K)] [ParOldGen: 7480K->2359K(8192K)] 7512K->2359K(9728K), [Metaspace: 3328K->3328K(1056768K)], 0.0020746 secs] [Times: user=0.01 sys=0.00, real=0.00 secs] 
15.649: [GC (Allocation Failure) [PSYoungGen: 20K->32K(1536K)] 7501K->7513K(9728K), 0.0003111 secs] [Times: user=0.00 sys=0.00, real=0.00 secs] 
15.650: [GC (Allocation Failure) [PSYoungGen: 32K->32K(1536K)] 7513K->7513K(9728K), 0.0002702 secs] [Times: user=0.00 sys=0.00, real=0.00 secs] 
15.650: [Full GC (Allocation Failure) [PSYoungGen: 32K->0K(1536K)] [ParOldGen: 7481K->2359K(8192K)] 7513K->2359K(9728K), [Metaspace: 3328K->3328K(1056768K)], 0.0021661 secs] [Times: user=0.01 sys=0.00, real=0.00 secs] 
15.653: [GC (Allocation Failure) [PSYoungGen: 20K->32K(1536K)] 7502K->7513K(9728K), 0.0004834 secs] [Times: user=0.00 sys=0.00, real=0.01 secs] 
15.653: [GC (Allocation Failure) [PSYoungGen: 32K->32K(1536K)] 7513K->7513K(9728K), 0.0006430 secs] [Times: user=0.00 sys=0.00, real=0.00 secs] 
15.654: [Full GC (Allocation Failure) [PSYoungGen: 32K->0K(1536K)] [ParOldGen: 7481K->2360K(8192K)] 7513K->2360K(9728K), [Metaspace: 3328K->3328K(1056768K)], 0.0029958 secs] [Times: user=0.00 sys=0.00, real=0.00 secs] 
15.657: [GC (Allocation Failure) [PSYoungGen: 20K->32K(1536K)] 7503K->7514K(9728K), 0.0008359 secs] [Times: user=0.01 sys=0.00, real=0.00 secs] 
15.658: [GC (Allocation Failure) [PSYoungGen: 32K->32K(1536K)] 7514K->7514K(9728K), 0.0004082 secs] [Times: user=0.00 sys=0.00, real=0.00 secs] 
15.659: [Full GC (Allocation Failure) [PSYoungGen: 32K->0K(1536K)] [ParOldGen: 7482K->2360K(8192K)] 7514K->2360K(9728K), [Metaspace: 3328K->3328K(1056768K)], 0.0025467 secs] [Times: user=0.00 sys=0.00, real=0.00 secs] 
15.662: [GC (Allocation Failure) [PSYoungGen: 20K->32K(1536K)] 7504K->7515K(9728K), 0.0008300 secs] [Times: user=0.01 sys=0.00, real=0.00 secs] 
15.663: [GC (Allocation Failure) [PSYoungGen: 32K->32K(1536K)] 7515K->7515K(9728K), 0.0003423 secs] [Times: user=0.00 sys=0.00, real=0.01 secs] 
15.663: [Full GC (Allocation Failure) [PSYoungGen: 32K->0K(1536K)] [ParOldGen: 7483K->2360K(8192K)] 7515K->2360K(9728K), [Metaspace: 3328K->3328K(1056768K)], 0.0020482 secs] [Times: user=0.00 sys=0.00, real=0.00 secs] 
15.665: [GC (Allocation Failure) [PSYoungGen: 20K->32K(1536K)] 7504K->7516K(9728K), 0.0006528 secs] [Times: user=0.00 sys=0.00, real=0.00 secs] 
15.666: [GC (Allocation Failure) [PSYoungGen: 32K->32K(1536K)] 7516K->7516K(9728K), 0.0002669 secs] [Times: user=0.00 sys=0.00, real=0.00 secs] 
15.666: [Full GC (Allocation Failure) [PSYoungGen: 32K->0K(1536K)] [ParOldGen: 7484K->2360K(8192K)] 7516K->2360K(9728K), [Metaspace: 3328K->3328K(1056768K)], 0.0023285 secs] [Times: user=0.01 sys=0.00, real=0.00 secs] 
15.669: [GC (Allocation Failure) [PSYoungGen: 20K->32K(1536K)] 7505K->7517K(9728K), 0.0008243 secs] [Times: user=0.00 sys=0.00, real=0.00 secs] 
15.670: [GC (Allocation Failure) [PSYoungGen: 32K->32K(1536K)] 7517K->7517K(9728K), 0.0003377 secs] [Times: user=0.00 sys=0.00, real=0.00 secs] 
15.670: [Full GC (Allocation Failure) [PSYoungGen: 32K->0K(1536K)] [ParOldGen: 7485K->2360K(8192K)] 7517K->2360K(9728K), [Metaspace: 3328K->3328K(1056768K)], 0.0024793 secs] [Times: user=0.01 sys=0.00, real=0.01 secs] 
15.673: [GC (Allocation Failure) [PSYoungGen: 20K->32K(1536K)] 7506K->7517K(9728K), 0.0008285 secs] [Times: user=0.00 sys=0.00, real=0.00 secs] 
15.674: [GC (Allocation Failure) [PSYoungGen: 32K->32K(1536K)] 7517K->7517K(9728K), 0.0002636 secs] [Times: user=0.00 sys=0.00, real=0.00 secs] 
15.675: [Full GC (Allocation Failure) [PSYoungGen: 32K->0K(1536K)] [ParOldGen: 7485K->2360K(8192K)] 7517K->2360K(9728K), [Metaspace: 3328K->3328K(1056768K)], 0.0021312 secs] [Times: user=0.00 sys=0.00, real=0.00 secs] 
15.677: [GC (Allocation Failure) [PSYoungGen: 20K->32K(1536K)] 7507K->7518K(9728K), 0.0003172 secs] [Times: user=0.01 sys=0.00, real=0.00 secs] 
15.678: [GC (Allocation Failure) [PSYoungGen: 32K->32K(1536K)] 7518K->7518K(9728K), 0.0002614 secs] [Times: user=0.00 sys=0.00, real=0.00 secs] 
15.678: [Full GC (Allocation Failure) [PSYoungGen: 32K->0K(1536K)] [ParOldGen: 7486K->2361K(8192K)] 7518K->2361K(9728K), [Metaspace: 3328K->3328K(1056768K)], 0.0025029 secs] [Times: user=0.00 sys=0.00, real=0.00 secs] 
15.681: [GC (Allocation Failure) [PSYoungGen: 20K->32K(1536K)] 7508K->7519K(9728K), 0.0008274 secs] [Times: user=0.00 sys=0.00, real=0.00 secs] 
15.682: [GC (Allocation Failure) [PSYoungGen: 32K->32K(1536K)] 7519K->7519K(9728K), 0.0002644 secs] [Times: user=0.00 sys=0.00, real=0.00 secs] 
15.682: [Full GC (Allocation Failure) [PSYoungGen: 32K->0K(1536K)] [ParOldGen: 7487K->2361K(8192K)] 7519K->2361K(9728K), [Metaspace: 3328K->3328K(1056768K)], 0.0023403 secs] [Times: user=0.01 sys=0.00, real=0.01 secs] 
15.685: [GC (Allocation Failure) [PSYoungGen: 20K->32K(1536K)] 7508K->7520K(9728K), 0.0008237 secs] [Times: user=0.00 sys=0.00, real=0.00 secs] 
15.686: [GC (Allocation Failure) [PSYoungGen: 32K->32K(1536K)] 7520K->7520K(9728K), 0.0002737 secs] [Times: user=0.00 sys=0.00, real=0.00 secs] 
15.686: [Full GC (Allocation Failure) [PSYoungGen: 32K->0K(1536K)] [ParOldGen: 7488K->2361K(8192K)] 7520K->2361K(9728K), [Metaspace: 3328K->3328K(1056768K)], 0.0024885 secs] [Times: user=0.01 sys=0.00, real=0.00 secs] 
15.689: [GC (Allocation Failure) [PSYoungGen: 20K->32K(1536K)] 7509K->7521K(9728K), 0.0008217 secs] [Times: user=0.00 sys=0.00, real=0.00 secs] 
15.690: [GC (Allocation Failure) [PSYoungGen: 32K->32K(1536K)] 7521K->7521K(9728K), 0.0002681 secs] [Times: user=0.00 sys=0.00, real=0.00 secs] 
15.690: [Full GC (Allocation Failure) [PSYoungGen: 32K->0K(1536K)] [ParOldGen: 7489K->2361K(8192K)] 7521K->2361K(9728K), [Metaspace: 3328K->3328K(1056768K)], 0.0021291 secs] [Times: user=0.01 sys=0.00, real=0.00 secs] 
15.693: [GC (Allocation Failure) [PSYoungGen: 20K->32K(1536K)] 7510K->7521K(9728K), 0.0008239 secs] [Times: user=0.00 sys=0.00, real=0.00 secs] 
15.694: [GC (Allocation Failure) [PSYoungGen: 32K->32K(1536K)] 7521K->7521K(9728K), 0.0002602 secs] [Times: user=0.00 sys=0.00, real=0.00 secs] 
15.694: [Full GC (Allocation Failure) [PSYoungGen: 32K->0K(1536K)] [ParOldGen: 7489K->2361K(8192K)] 7521K->2361K(9728K), [Metaspace: 3328K->3328K(1056768K)], 0.0022441 secs] [Times: user=0.00 sys=0.00, real=0.00 secs] 
15.697: [GC (Allocation Failure) [PSYoungGen: 20K->32K(1536K)] 7511K->7522K(9728K), 0.0008328 secs] [Times: user=0.01 sys=0.00, real=0.00 secs] 
15.697: [GC (Allocation Failure) [PSYoungGen: 32K->32K(1536K)] 7522K->7522K(9728K), 0.0002712 secs] [Times: user=0.00 sys=0.00, real=0.00 secs] 
15.698: [Full GC (Allocation Failure) [PSYoungGen: 32K->0K(1536K)] [ParOldGen: 7490K->2361K(8192K)] 7522K->2361K(9728K), [Metaspace: 3328K->3328K(1056768K)], 0.0022307 secs] [Times: user=0.00 sys=0.00, real=0.00 secs] 
15.700: [GC (Allocation Failure) [PSYoungGen: 20K->32K(1536K)] 7512K->7523K(9728K), 0.0008419 secs] [Times: user=0.00 sys=0.00, real=0.00 secs] 
15.701: [GC (Allocation Failure) [PSYoungGen: 32K->32K(1536K)] 7523K->7523K(9728K), 0.0002765 secs] [Times: user=0.00 sys=0.00, real=0.00 secs] 
15.702: [Full GC (Allocation Failure) [PSYoungGen: 32K->0K(1536K)] [ParOldGen: 7491K->2361K(8192K)] 7523K->2361K(9728K), [Metaspace: 3328K->3328K(1056768K)], 0.0025726 secs] [Times: user=0.01 sys=0.00, real=0.01 secs] 
15.705: [GC (Allocation Failure) [PSYoungGen: 20K->32K(1536K)] 7512K->7524K(9728K), 0.0008412 secs] [Times: user=0.00 sys=0.00, real=0.00 secs] 
15.706: [GC (Allocation Failure) [PSYoungGen: 32K->32K(1536K)] 7524K->7524K(9728K), 0.0008027 secs] [Times: user=0.00 sys=0.00, real=0.00 secs] 
15.706: [Full GC (Allocation Failure) [PSYoungGen: 32K->0K(1536K)] [ParOldGen: 7492K->2362K(8192K)] 7524K->2362K(9728K), [Metaspace: 3328K->3328K(1056768K)], 0.0022283 secs] [Times: user=0.01 sys=0.00, real=0.00 secs] 
15.709: [GC (Allocation Failure) [PSYoungGen: 20K->32K(1536K)] 7513K->7525K(9728K), 0.0008366 secs] [Times: user=0.00 sys=0.00, real=0.00 secs] 
15.710: [GC (Allocation Failure) [PSYoungGen: 32K->32K(1536K)] 7525K->7525K(9728K), 0.0002549 secs] [Times: user=0.00 sys=0.00, real=0.00 secs] 
15.710: [Full GC (Allocation Failure) [PSYoungGen: 32K->0K(1536K)] [ParOldGen: 7493K->2362K(8192K)] 7525K->2362K(9728K), [Metaspace: 3328K->3328K(1056768K)], 0.0021817 secs] [Times: user=0.01 sys=0.00, real=0.00 secs] 
15.713: [GC (Allocation Failure) [PSYoungGen: 20K->32K(1536K)] 7514K->7525K(9728K), 0.0008317 secs] [Times: user=0.00 sys=0.00, real=0.00 secs] 
15.714: [GC (Allocation Failure) [PSYoungGen: 32K->32K(1536K)] 7525K->7525K(9728K), 0.0002866 secs] [Times: user=0.00 sys=0.00, real=0.00 secs] 
15.714: [Full GC (Allocation Failure) [PSYoungGen: 32K->0K(1536K)] [ParOldGen: 7493K->2362K(8192K)] 7525K->2362K(9728K), [Metaspace: 3328K->3328K(1056768K)], 0.0024855 secs] [Times: user=0.01 sys=0.00, real=0.00 secs] 
15.717: [GC (Allocation Failure) [PSYoungGen: 20K->32K(1536K)] 7515K->7526K(9728K), 0.0008291 secs] [Times: user=0.00 sys=0.00, real=0.00 secs] 
15.718: [GC (Allocation Failure) [PSYoungGen: 32K->32K(1536K)] 7526K->7526K(9728K), 0.0008348 secs] [Times: user=0.00 sys=0.00, real=0.00 secs] 
15.719: [Full GC (Allocation Failure) [PSYoungGen: 32K->0K(1536K)] [ParOldGen: 7494K->2362K(8192K)] 7526K->2362K(9728K), [Metaspace: 3328K->3328K(1056768K)], 0.0022128 secs] [Times: user=0.01 sys=0.00, real=0.00 secs] 
15.723: [GC (Allocation Failure) [PSYoungGen: 20K->32K(1536K)] 7516K->7527K(9728K), 0.0007351 secs] [Times: user=0.00 sys=0.00, real=0.00 secs] 
15.724: [GC (Allocation Failure) [PSYoungGen: 32K->32K(1536K)] 7527K->7527K(9728K), 0.0010893 secs] [Times: user=0.00 sys=0.00, real=0.00 secs] 
15.725: [Full GC (Allocation Failure) [PSYoungGen: 32K->0K(1536K)] [ParOldGen: 7495K->2362K(8192K)] 7527K->2362K(9728K), [Metaspace: 3328K->3328K(1056768K)], 0.0042510 secs] [Times: user=0.01 sys=0.00, real=0.00 secs] 
15.730: [GC (Allocation Failure) [PSYoungGen: 20K->32K(1536K)] 7516K->7528K(9728K), 0.0004029 secs] [Times: user=0.00 sys=0.00, real=0.00 secs] 
15.730: [GC (Allocation Failure) [PSYoungGen: 32K->32K(1536K)] 7528K->7528K(9728K), 0.0003453 secs] [Times: user=0.00 sys=0.00, real=0.00 secs] 
15.731: [Full GC (Allocation Failure) [PSYoungGen: 32K->0K(1536K)] [ParOldGen: 7496K->2362K(8192K)] 7528K->2362K(9728K), [Metaspace: 3328K->3328K(1056768K)], 0.0021069 secs] [Times: user=0.00 sys=0.00, real=0.01 secs] 
15.733: [GC (Allocation Failure) [PSYoungGen: 20K->32K(1536K)] 7517K->7529K(9728K), 0.0003597 secs] [Times: user=0.00 sys=0.00, real=0.00 secs] 
15.734: [GC (Allocation Failure) [PSYoungGen: 32K->32K(1536K)] 7529K->7529K(9728K), 0.0006172 secs] [Times: user=0.00 sys=0.00, real=0.00 secs] 
15.734: [Full GC (Allocation Failure) [PSYoungGen: 32K->0K(1536K)] [ParOldGen: 7497K->2363K(8192K)] 7529K->2363K(9728K), [Metaspace: 3328K->3328K(1056768K)], 0.0030750 secs] [Times: user=0.00 sys=0.00, real=0.00 secs] 
15.738: [GC (Allocation Failure) [PSYoungGen: 20K->32K(1536K)] 7518K->7529K(9728K), 0.0008268 secs] [Times: user=0.01 sys=0.00, real=0.00 secs] 
15.739: [GC (Allocation Failure) [PSYoungGen: 32K->32K(1536K)] 7529K->7529K(9728K), 0.0003411 secs] [Times: user=0.00 sys=0.00, real=0.00 secs] 
15.739: [Full GC (Allocation Failure) [PSYoungGen: 32K->0K(1536K)] [ParOldGen: 7497K->2363K(8192K)] 7529K->2363K(9728K), [Metaspace: 3328K->3328K(1056768K)], 0.0021459 secs] [Times: user=0.00 sys=0.00, real=0.00 secs] 
15.742: [GC (Allocation Failure) [PSYoungGen: 20K->32K(1536K)] 7519K->7530K(9728K), 0.0007272 secs] [Times: user=0.00 sys=0.00, real=0.00 secs] 
15.743: [GC (Allocation Failure) [PSYoungGen: 32K->32K(1536K)] 7530K->7530K(9728K), 0.0008453 secs] [Times: user=0.01 sys=0.00, real=0.00 secs] 
15.743: [Full GC (Allocation Failure) [PSYoungGen: 32K->0K(1536K)] [ParOldGen: 7498K->2363K(8192K)] 7530K->2363K(9728K), [Metaspace: 3328K->3328K(1056768K)], 0.0020138 secs] [Times: user=0.00 sys=0.00, real=0.00 secs] 
15.746: [GC (Allocation Failure) [PSYoungGen: 20K->32K(1536K)] 7520K->7531K(9728K), 0.0009062 secs] [Times: user=0.00 sys=0.00, real=0.00 secs] 
15.747: [GC (Allocation Failure) [PSYoungGen: 32K->32K(1536K)] 7531K->7531K(9728K), 0.0002910 secs] [Times: user=0.00 sys=0.00, real=0.00 secs] 
15.747: [Full GC (Allocation Failure) [PSYoungGen: 32K->0K(1536K)] [ParOldGen: 7499K->2363K(8192K)] 7531K->2363K(9728K), [Metaspace: 3328K->3328K(1056768K)], 0.0020810 secs] [Times: user=0.01 sys=0.00, real=0.00 secs] 
15.750: [GC (Allocation Failure) [PSYoungGen: 20K->32K(1536K)] 7520K->7532K(9728K), 0.0008471 secs] [Times: user=0.00 sys=0.00, real=0.00 secs] 
15.751: [GC (Allocation Failure) [PSYoungGen: 32K->32K(1536K)] 7532K->7532K(9728K), 0.0002672 secs] [Times: user=0.00 sys=0.00, real=0.00 secs] 
15.751: [Full GC (Allocation Failure) [PSYoungGen: 32K->0K(1536K)] [ParOldGen: 7500K->2363K(8192K)] 7532K->2363K(9728K), [Metaspace: 3328K->3328K(1056768K)], 0.0024704 secs] [Times: user=0.01 sys=0.00, real=0.01 secs] 
15.754: [GC (Allocation Failure) [PSYoungGen: 20K->32K(1536K)] 7521K->7533K(9728K), 0.0008543 secs] [Times: user=0.00 sys=0.00, real=0.00 secs] 
15.755: [GC (Allocation Failure) [PSYoungGen: 32K->32K(1536K)] 7533K->7533K(9728K), 0.0002597 secs] [Times: user=0.00 sys=0.01, real=0.00 secs] 
15.755: [Full GC (Allocation Failure) [PSYoungGen: 32K->0K(1536K)] [ParOldGen: 7501K->2363K(8192K)] 7533K->2363K(9728K), [Metaspace: 3328K->3328K(1056768K)], 0.0025370 secs] [Times: user=0.01 sys=0.00, real=0.00 secs] 
15.758: [GC (Allocation Failure) [PSYoungGen: 20K->32K(1536K)] 7522K->7533K(9728K), 0.0008442 secs] [Times: user=0.00 sys=0.00, real=0.00 secs] 
15.759: [GC (Allocation Failure) [PSYoungGen: 32K->32K(1536K)] 7533K->7533K(9728K), 0.0002567 secs] [Times: user=0.00 sys=0.00, real=0.00 secs] 
15.759: [Full GC (Allocation Failure) [PSYoungGen: 32K->0K(1536K)] [ParOldGen: 7501K->2364K(8192K)] 7533K->2364K(9728K), [Metaspace: 3328K->3328K(1056768K)], 0.0021609 secs] [Times: user=0.00 sys=0.00, real=0.00 secs] 
15.762: [GC (Allocation Failure) [PSYoungGen: 20K->32K(1536K)] 7523K->7534K(9728K), 0.0008151 secs] [Times: user=0.01 sys=0.00, real=0.01 secs] 
15.763: [GC (Allocation Failure) [PSYoungGen: 32K->32K(1536K)] 7534K->7534K(9728K), 0.0002531 secs] [Times: user=0.00 sys=0.00, real=0.00 secs] 
15.763: [Full GC (Allocation Failure) [PSYoungGen: 32K->0K(1536K)] [ParOldGen: 7502K->2364K(8192K)] 7534K->2364K(9728K), [Metaspace: 3328K->3328K(1056768K)], 0.0021568 secs] [Times: user=0.00 sys=0.00, real=0.00 secs] 
15.766: [GC (Allocation Failure) [PSYoungGen: 20K->32K(1536K)] 7524K->7535K(9728K), 0.0008208 secs] [Times: user=0.00 sys=0.00, real=0.00 secs] 
15.767: [GC (Allocation Failure) [PSYoungGen: 32K->32K(1536K)] 7535K->7535K(9728K), 0.0002844 secs] [Times: user=0.00 sys=0.00, real=0.00 secs] 
15.767: [Full GC (Allocation Failure) [PSYoungGen: 32K->0K(1536K)] [ParOldGen: 7503K->2364K(8192K)] 7535K->2364K(9728K), [Metaspace: 3328K->3328K(1056768K)], 0.0022248 secs] [Times: user=0.01 sys=0.00, real=0.00 secs] 
15.770: [GC (Allocation Failure) [PSYoungGen: 20K->32K(1536K)] 7524K->7536K(9728K), 0.0003160 secs] [Times: user=0.00 sys=0.00, real=0.00 secs] 
15.770: [GC (Allocation Failure) [PSYoungGen: 32K->32K(1536K)] 7536K->7536K(9728K), 0.0002429 secs] [Times: user=0.00 sys=0.00, real=0.00 secs] 
15.770: [Full GC (Allocation Failure) [PSYoungGen: 32K->0K(1536K)] [ParOldGen: 7504K->2364K(8192K)] 7536K->2364K(9728K), [Metaspace: 3328K->3328K(1056768K)], 0.0021769 secs] [Times: user=0.01 sys=0.00, real=0.00 secs] 
15.773: [GC (Allocation Failure) [PSYoungGen: 20K->32K(1536K)] 7525K->7537K(9728K), 0.0008309 secs] [Times: user=0.00 sys=0.00, real=0.00 secs] 
15.774: [GC (Allocation Failure) [PSYoungGen: 32K->32K(1536K)] 7537K->7537K(9728K), 0.0002781 secs] [Times: user=0.00 sys=0.00, real=0.00 secs] 
15.774: [Full GC (Allocation Failure) [PSYoungGen: 32K->0K(1536K)] [ParOldGen: 7505K->2364K(8192K)] 7537K->2364K(9728K), [Metaspace: 3328K->3328K(1056768K)], 0.0021390 secs] [Times: user=0.00 sys=0.00, real=0.00 secs] 
15.777: [GC (Allocation Failure) [PSYoungGen: 20K->32K(1536K)] 7526K->7537K(9728K), 0.0008323 secs] [Times: user=0.01 sys=0.00, real=0.00 secs] 
15.778: [GC (Allocation Failure) [PSYoungGen: 32K->32K(1536K)] 7537K->7537K(9728K), 0.0003049 secs] [Times: user=0.00 sys=0.00, real=0.00 secs] 
15.778: [Full GC (Allocation Failure) [PSYoungGen: 32K->0K(1536K)] [ParOldGen: 7505K->2364K(8192K)] 7537K->2364K(9728K), [Metaspace: 3328K->3328K(1056768K)], 0.0021547 secs] [Times: user=0.00 sys=0.00, real=0.00 secs] 
15.780: [GC (Allocation Failure) [PSYoungGen: 20K->32K(1536K)] 7527K->7538K(9728K), 0.0003174 secs] [Times: user=0.00 sys=0.00, real=0.00 secs] 
15.781: [GC (Allocation Failure) [PSYoungGen: 32K->32K(1536K)] 7538K->7538K(9728K), 0.0002391 secs] [Times: user=0.00 sys=0.00, real=0.00 secs] 
15.781: [Full GC (Allocation Failure) [PSYoungGen: 32K->0K(1536K)] [ParOldGen: 7506K->2365K(8192K)] 7538K->2365K(9728K), [Metaspace: 3328K->3328K(1056768K)], 0.0024684 secs] [Times: user=0.01 sys=0.00, real=0.01 secs] 
15.784: [GC (Allocation Failure) [PSYoungGen: 20K->32K(1536K)] 7528K->7539K(9728K), 0.0008242 secs] [Times: user=0.00 sys=0.00, real=0.00 secs] 
15.785: [GC (Allocation Failure) [PSYoungGen: 32K->32K(1536K)] 7539K->7539K(9728K), 0.0002463 secs] [Times: user=0.00 sys=0.00, real=0.00 secs] 
15.785: [Full GC (Allocation Failure) [PSYoungGen: 32K->0K(1536K)] [ParOldGen: 7507K->2365K(8192K)] 7539K->2365K(9728K), [Metaspace: 3328K->3328K(1056768K)], 0.0023666 secs] [Times: user=0.01 sys=0.00, real=0.00 secs] 
15.788: [GC (Allocation Failure) [PSYoungGen: 20K->32K(1536K)] 7528K->7540K(9728K), 0.0003112 secs] [Times: user=0.00 sys=0.00, real=0.00 secs] 
15.788: [GC (Allocation Failure) [PSYoungGen: 32K->32K(1536K)] 7540K->7540K(9728K), 0.0002448 secs] [Times: user=0.00 sys=0.00, real=0.00 secs] 
15.789: [Full GC (Allocation Failure) [PSYoungGen: 32K->0K(1536K)] [ParOldGen: 7508K->2365K(8192K)] 7540K->2365K(9728K), [Metaspace: 3328K->3328K(1056768K)], 0.0020344 secs] [Times: user=0.00 sys=0.00, real=0.00 secs] 
15.791: [GC (Allocation Failure) [PSYoungGen: 20K->32K(1536K)] 7529K->7541K(9728K), 0.0008269 secs] [Times: user=0.00 sys=0.00, real=0.00 secs] 
15.792: [GC (Allocation Failure) [PSYoungGen: 32K->32K(1536K)] 7541K->7541K(9728K), 0.0002472 secs] [Times: user=0.00 sys=0.00, real=0.00 secs] 
15.792: [Full GC (Allocation Failure) [PSYoungGen: 32K->0K(1536K)] [ParOldGen: 7509K->2365K(8192K)] 7541K->2365K(9728K), [Metaspace: 3328K->3328K(1056768K)], 0.0021842 secs] [Times: user=0.01 sys=0.00, real=0.01 secs] 
15.795: [GC (Allocation Failure) [PSYoungGen: 20K->32K(1536K)] 7530K->7541K(9728K), 0.0008242 secs] [Times: user=0.00 sys=0.00, real=0.00 secs] 
15.796: [GC (Allocation Failure) [PSYoungGen: 32K->32K(1536K)] 7541K->7541K(9728K), 0.0003483 secs] [Times: user=0.00 sys=0.00, real=0.00 secs] 
15.796: [Full GC (Allocation Failure) [PSYoungGen: 32K->0K(1536K)] [ParOldGen: 7509K->2365K(8192K)] 7541K->2365K(9728K), [Metaspace: 3328K->3328K(1056768K)], 0.0019978 secs] [Times: user=0.01 sys=0.00, real=0.00 secs] 
15.799: [GC (Allocation Failure) [PSYoungGen: 20K->32K(1536K)] 7531K->7542K(9728K), 0.0008149 secs] [Times: user=0.00 sys=0.00, real=0.00 secs] 
15.800: [GC (Allocation Failure) [PSYoungGen: 32K->32K(1536K)] 7542K->7542K(9728K), 0.0002696 secs] [Times: user=0.00 sys=0.00, real=0.00 secs] 
15.800: [Full GC (Allocation Failure) [PSYoungGen: 32K->0K(1536K)] [ParOldGen: 7510K->2365K(8192K)] 7542K->2365K(9728K), [Metaspace: 3328K->3328K(1056768K)], 0.0024259 secs] [Times: user=0.01 sys=0.00, real=0.00 secs] 
15.803: [GC (Allocation Failure) [PSYoungGen: 20K->32K(1536K)] 7532K->7543K(9728K), 0.0008595 secs] [Times: user=0.00 sys=0.00, real=0.00 secs] 
15.804: [GC (Allocation Failure) [PSYoungGen: 32K->32K(1536K)] 7543K->7543K(9728K), 0.0008867 secs] [Times: user=0.00 sys=0.00, real=0.00 secs] 
15.805: [Full GC (Allocation Failure) [PSYoungGen: 32K->0K(1536K)] [ParOldGen: 7511K->2365K(8192K)] 7543K->2365K(9728K), [Metaspace: 3328K->3328K(1056768K)], 0.0022151 secs] [Times: user=0.01 sys=0.00, real=0.00 secs] 
15.807: [GC (Allocation Failure) [PSYoungGen: 20K->32K(1536K)] 7532K->7544K(9728K), 0.0008283 secs] [Times: user=0.00 sys=0.00, real=0.00 secs] 
15.808: [GC (Allocation Failure) [PSYoungGen: 32K->32K(1536K)] 7544K->7544K(9728K), 0.0002478 secs] [Times: user=0.00 sys=0.00, real=0.00 secs] 
15.809: [Full GC (Allocation Failure) [PSYoungGen: 32K->0K(1536K)] [ParOldGen: 7512K->2366K(8192K)] 7544K->2366K(9728K), [Metaspace: 3328K->3328K(1056768K)], 0.0025245 secs] [Times: user=0.00 sys=0.00, real=0.00 secs] 
15.812: [GC (Allocation Failure) [PSYoungGen: 20K->32K(1536K)] 7533K->7545K(9728K), 0.0008174 secs] [Times: user=0.01 sys=0.00, real=0.00 secs] 
15.812: [GC (Allocation Failure) [PSYoungGen: 32K->32K(1536K)] 7545K->7545K(9728K), 0.0002530 secs] [Times: user=0.00 sys=0.00, real=0.01 secs] 
15.813: [Full GC (Allocation Failure) [PSYoungGen: 32K->0K(1536K)] [ParOldGen: 7513K->2366K(8192K)] 7545K->2366K(9728K), [Metaspace: 3328K->3328K(1056768K)], 0.0022317 secs] [Times: user=0.00 sys=0.00, real=0.00 secs] 
15.815: [GC (Allocation Failure) [PSYoungGen: 20K->32K(1536K)] 7534K->7545K(9728K), 0.0008151 secs] [Times: user=0.00 sys=0.00, real=0.00 secs] 
15.816: [GC (Allocation Failure) [PSYoungGen: 32K->32K(1536K)] 7545K->7545K(9728K), 0.0007680 secs] [Times: user=0.01 sys=0.00, real=0.00 secs] 
15.817: [Full GC (Allocation Failure) [PSYoungGen: 32K->0K(1536K)] [ParOldGen: 7513K->2366K(8192K)] 7545K->2366K(9728K), [Metaspace: 3328K->3328K(1056768K)], 0.0027237 secs] [Times: user=0.00 sys=0.00, real=0.00 secs] 
15.820: [GC (Allocation Failure) [PSYoungGen: 20K->32K(1536K)] 7535K->7546K(9728K), 0.0008361 secs] [Times: user=0.00 sys=0.00, real=0.00 secs] 
15.821: [GC (Allocation Failure) [PSYoungGen: 32K->32K(1536K)] 7546K->7546K(9728K), 0.0002773 secs] [Times: user=0.00 sys=0.00, real=0.00 secs] 
15.821: [Full GC (Allocation Failure) [PSYoungGen: 32K->0K(1536K)] [ParOldGen: 7514K->2366K(8192K)] 7546K->2366K(9728K), [Metaspace: 3328K->3328K(1056768K)], 0.0024291 secs] [Times: user=0.01 sys=0.00, real=0.01 secs] 
15.824: [GC (Allocation Failure) [PSYoungGen: 20K->32K(1536K)] 7536K->7547K(9728K), 0.0004859 secs] [Times: user=0.00 sys=0.00, real=0.00 secs] 
15.825: [GC (Allocation Failure) [PSYoungGen: 32K->32K(1536K)] 7547K->7547K(9728K), 0.0002822 secs] [Times: user=0.00 sys=0.00, real=0.00 secs] 
15.825: [Full GC (Allocation Failure) [PSYoungGen: 32K->0K(1536K)] [ParOldGen: 7515K->2366K(8192K)] 7547K->2366K(9728K), [Metaspace: 3328K->3328K(1056768K)], 0.0025173 secs] [Times: user=0.01 sys=0.00, real=0.00 secs] 
15.828: [GC (Allocation Failure) [PSYoungGen: 20K->32K(1536K)] 7536K->7548K(9728K), 0.0008315 secs] [Times: user=0.00 sys=0.00, real=0.00 secs] 
15.829: [GC (Allocation Failure) [PSYoungGen: 32K->32K(1536K)] 7548K->7548K(9728K), 0.0002788 secs] [Times: user=0.00 sys=0.00, real=0.00 secs] 
15.829: [Full GC (Allocation Failure) [PSYoungGen: 32K->0K(1536K)] [ParOldGen: 7516K->2366K(8192K)] 7548K->2366K(9728K), [Metaspace: 3328K->3328K(1056768K)], 0.0024973 secs] [Times: user=0.01 sys=0.00, real=0.00 secs] 
15.832: [GC (Allocation Failure) [PSYoungGen: 20K->32K(1536K)] 7537K->7549K(9728K), 0.0008261 secs] [Times: user=0.00 sys=0.00, real=0.01 secs] 
15.833: [GC (Allocation Failure) [PSYoungGen: 32K->32K(1536K)] 7549K->7549K(9728K), 0.0007959 secs] [Times: user=0.00 sys=0.00, real=0.00 secs] 
15.834: [Full GC (Allocation Failure) [PSYoungGen: 32K->0K(1536K)] [ParOldGen: 7517K->2367K(8192K)] 7549K->2367K(9728K), [Metaspace: 3328K->3328K(1056768K)], 0.0023947 secs] [Times: user=0.01 sys=0.00, real=0.00 secs] 
15.837: [GC (Allocation Failure) [PSYoungGen: 20K->32K(1536K)] 7538K->7549K(9728K), 0.0003142 secs] [Times: user=0.00 sys=0.00, real=0.00 secs] 
15.837: [GC (Allocation Failure) [PSYoungGen: 32K->32K(1536K)] 7549K->7549K(9728K), 0.0002650 secs] [Times: user=0.00 sys=0.00, real=0.00 secs] 
15.838: [Full GC (Allocation Failure) [PSYoungGen: 32K->0K(1536K)] [ParOldGen: 7517K->2367K(8192K)] 7549K->2367K(9728K), [Metaspace: 3328K->3328K(1056768K)], 0.0019836 secs] [Times: user=0.00 sys=0.00, real=0.00 secs] 
15.840: [GC (Allocation Failure) [PSYoungGen: 20K->32K(1536K)] 7539K->7550K(9728K), 0.0008631 secs] [Times: user=0.00 sys=0.00, real=0.00 secs] 
15.841: [GC (Allocation Failure) [PSYoungGen: 32K->32K(1536K)] 7550K->7550K(9728K), 0.0007682 secs] [Times: user=0.01 sys=0.00, real=0.00 secs] 
15.842: [Full GC (Allocation Failure) [PSYoungGen: 32K->0K(1536K)] [ParOldGen: 7518K->2367K(8192K)] 7550K->2367K(9728K), [Metaspace: 3328K->3328K(1056768K)], 0.0021381 secs] [Times: user=0.00 sys=0.00, real=0.01 secs] 
15.844: [GC (Allocation Failure) [PSYoungGen: 20K->32K(1536K)] 7540K->7551K(9728K), 0.0008114 secs] [Times: user=0.00 sys=0.00, real=0.00 secs] 
15.845: [GC (Allocation Failure) [PSYoungGen: 32K->32K(1536K)] 7551K->7551K(9728K), 0.0002668 secs] [Times: user=0.00 sys=0.00, real=0.00 secs] 
15.846: [Full GC (Allocation Failure) [PSYoungGen: 32K->0K(1536K)] [ParOldGen: 7519K->2367K(8192K)] 7551K->2367K(9728K), [Metaspace: 3328K->3328K(1056768K)], 0.0021338 secs] [Times: user=0.01 sys=0.00, real=0.00 secs] 
15.848: [GC (Allocation Failure) [PSYoungGen: 20K->32K(1536K)] 7540K->7552K(9728K), 0.0008021 secs] [Times: user=0.00 sys=0.00, real=0.00 secs] 
15.849: [GC (Allocation Failure) [PSYoungGen: 32K->32K(1536K)] 7552K->7552K(9728K), 0.0002420 secs] [Times: user=0.00 sys=0.00, real=0.00 secs] 
15.849: [Full GC (Allocation Failure) [PSYoungGen: 32K->0K(1536K)] [ParOldGen: 7520K->2367K(8192K)] 7552K->2367K(9728K), [Metaspace: 3328K->3328K(1056768K)], 0.0024755 secs] [Times: user=0.01 sys=0.00, real=0.00 secs] 
15.852: [GC (Allocation Failure) [PSYoungGen: 20K->32K(1536K)] 7541K->7553K(9728K), 0.0008582 secs] [Times: user=0.00 sys=0.00, real=0.01 secs] 
15.853: [GC (Allocation Failure) [PSYoungGen: 32K->32K(1536K)] 7553K->7553K(9728K), 0.0002383 secs] [Times: user=0.00 sys=0.00, real=0.00 secs] 
15.853: [Full GC (Allocation Failure) [PSYoungGen: 32K->0K(1536K)] [ParOldGen: 7521K->2367K(8192K)] 7553K->2367K(9728K), [Metaspace: 3328K->3328K(1056768K)], 0.0025760 secs] [Times: user=0.01 sys=0.00, real=0.00 secs] 
15.856: [GC (Allocation Failure) [PSYoungGen: 20K->32K(1536K)] 7542K->7553K(9728K), 0.0008183 secs] [Times: user=0.00 sys=0.00, real=0.00 secs] 
15.857: [GC (Allocation Failure) [PSYoungGen: 32K->32K(1536K)] 7553K->7553K(9728K), 0.0002802 secs] [Times: user=0.00 sys=0.00, real=0.00 secs] 
15.858: [Full GC (Allocation Failure) [PSYoungGen: 32K->0K(1536K)] [ParOldGen: 7521K->2368K(8192K)] 7553K->2368K(9728K), [Metaspace: 3328K->3328K(1056768K)], 0.0022141 secs] [Times: user=0.00 sys=0.00, real=0.00 secs] 
15.860: [GC (Allocation Failure) [PSYoungGen: 20K->32K(1536K)] 7543K->7554K(9728K), 0.0008225 secs] [Times: user=0.01 sys=0.00, real=0.00 secs] 
15.861: [GC (Allocation Failure) [PSYoungGen: 32K->32K(1536K)] 7554K->7554K(9728K), 0.0002548 secs] [Times: user=0.00 sys=0.00, real=0.00 secs] 
15.861: [Full GC (Allocation Failure) [PSYoungGen: 32K->0K(1536K)] [ParOldGen: 7522K->2368K(8192K)] 7554K->2368K(9728K), [Metaspace: 3328K->3328K(1056768K)], 0.0024893 secs] [Times: user=0.00 sys=0.00, real=0.01 secs] 
15.864: [GC (Allocation Failure) [PSYoungGen: 20K->32K(1536K)] 7544K->7555K(9728K), 0.0008344 secs] [Times: user=0.00 sys=0.00, real=0.00 secs] 
15.865: [GC (Allocation Failure) [PSYoungGen: 32K->32K(1536K)] 7555K->7555K(9728K), 0.0002911 secs] [Times: user=0.00 sys=0.00, real=0.00 secs] 
15.866: [Full GC (Allocation Failure) [PSYoungGen: 32K->0K(1536K)] [ParOldGen: 7523K->2368K(8192K)] 7555K->2368K(9728K), [Metaspace: 3328K->3328K(1056768K)], 0.0020452 secs] [Times: user=0.01 sys=0.00, real=0.00 secs] 
15.868: [GC (Allocation Failure) [PSYoungGen: 20K->32K(1536K)] 7544K->7556K(9728K), 0.0008751 secs] [Times: user=0.00 sys=0.00, real=0.00 secs] 
15.869: [GC (Allocation Failure) [PSYoungGen: 32K->32K(1536K)] 7556K->7556K(9728K), 0.0007961 secs] [Times: user=0.00 sys=0.00, real=0.00 secs] 
15.870: [Full GC (Allocation Failure) [PSYoungGen: 32K->0K(1536K)] [ParOldGen: 7524K->2368K(8192K)] 7556K->2368K(9728K), [Metaspace: 3328K->3328K(1056768K)], 0.0024952 secs] [Times: user=0.01 sys=0.00, real=0.00 secs] 
15.873: [GC (Allocation Failure) [PSYoungGen: 20K->32K(1536K)] 7545K->7557K(9728K), 0.0003686 secs] [Times: user=0.00 sys=0.00, real=0.00 secs] 
15.873: [GC (Allocation Failure) [PSYoungGen: 32K->32K(1536K)] 7557K->7557K(9728K), 0.0002886 secs] [Times: user=0.00 sys=0.00, real=0.00 secs] 
15.874: [Full GC (Allocation Failure) [PSYoungGen: 32K->0K(1536K)] [ParOldGen: 7525K->2368K(8192K)] 7557K->2368K(9728K), [Metaspace: 3328K->3328K(1056768K)], 0.0020110 secs] [Times: user=0.01 sys=0.00, real=0.00 secs] 
15.876: [GC (Allocation Failure) [PSYoungGen: 20K->32K(1536K)] 7546K->7557K(9728K), 0.0008742 secs] [Times: user=0.00 sys=0.00, real=0.00 secs] 
15.877: [GC (Allocation Failure) [PSYoungGen: 32K->32K(1536K)] 7557K->7557K(9728K), 0.0002691 secs] [Times: user=0.00 sys=0.00, real=0.00 secs] 
15.877: [Full GC (Allocation Failure) [PSYoungGen: 32K->0K(1536K)] [ParOldGen: 7525K->2368K(8192K)] 7557K->2368K(9728K), [Metaspace: 3328K->3328K(1056768K)], 0.0025132 secs] [Times: user=0.00 sys=0.00, real=0.00 secs] 
15.880: [GC (Allocation Failure) [PSYoungGen: 20K->32K(1536K)] 7547K->7558K(9728K), 0.0008471 secs] [Times: user=0.01 sys=0.00, real=0.00 secs] 
15.881: [GC (Allocation Failure) [PSYoungGen: 32K->32K(1536K)] 7558K->7558K(9728K), 0.0002747 secs] [Times: user=0.00 sys=0.00, real=0.00 secs] 
15.881: [Full GC (Allocation Failure) [PSYoungGen: 32K->0K(1536K)] [ParOldGen: 7526K->2369K(8192K)] 7558K->2369K(9728K), [Metaspace: 3328K->3328K(1056768K)], 0.0023933 secs] [Times: user=0.00 sys=0.00, real=0.01 secs] 
15.884: [GC (Allocation Failure) [PSYoungGen: 20K->32K(1536K)] 7548K->7559K(9728K), 0.0008521 secs] [Times: user=0.00 sys=0.00, real=0.00 secs] 
15.885: [GC (Allocation Failure) [PSYoungGen: 32K->32K(1536K)] 7559K->7559K(9728K), 0.0002666 secs] [Times: user=0.00 sys=0.00, real=0.00 secs] 
15.886: [Full GC (Allocation Failure) [PSYoungGen: 32K->0K(1536K)] [ParOldGen: 7527K->2369K(8192K)] 7559K->2369K(9728K), [Metaspace: 3328K->3328K(1056768K)], 0.0025359 secs] [Times: user=0.01 sys=0.00, real=0.00 secs] 
15.889: [GC (Allocation Failure) [PSYoungGen: 20K->32K(1536K)] 7548K->7560K(9728K), 0.0008471 secs] [Times: user=0.00 sys=0.00, real=0.00 secs] 
15.889: [GC (Allocation Failure) [PSYoungGen: 32K->32K(1536K)] 7560K->7560K(9728K), 0.0008229 secs] [Times: user=0.00 sys=0.00, real=0.00 secs] 
15.890: [Full GC (Allocation Failure) [PSYoungGen: 32K->0K(1536K)] [ParOldGen: 7528K->2369K(8192K)] 7560K->2369K(9728K), [Metaspace: 3328K->3328K(1056768K)], 0.0021747 secs] [Times: user=0.01 sys=0.00, real=0.00 secs] 
15.893: [GC (Allocation Failure) [PSYoungGen: 20K->32K(1536K)] 7549K->7561K(9728K), 0.0007010 secs] [Times: user=0.00 sys=0.00, real=0.00 secs] 
15.894: [GC (Allocation Failure) [PSYoungGen: 32K->32K(1536K)] 7561K->7561K(9728K), 0.0003562 secs] [Times: user=0.00 sys=0.00, real=0.00 secs] 
15.894: [Full GC (Allocation Failure) [PSYoungGen: 32K->0K(1536K)] [ParOldGen: 7529K->2369K(8192K)] 7561K->2369K(9728K), [Metaspace: 3328K->3328K(1056768K)], 0.0027242 secs] [Times: user=0.01 sys=0.00, real=0.00 secs] 
15.897: [GC (Allocation Failure) [PSYoungGen: 20K->32K(1536K)] 7550K->7561K(9728K), 0.0008965 secs] [Times: user=0.00 sys=0.00, real=0.00 secs] 
15.898: [GC (Allocation Failure) [PSYoungGen: 32K->32K(1536K)] 7561K->7561K(9728K), 0.0008465 secs] [Times: user=0.00 sys=0.00, real=0.00 secs] 
15.899: [Full GC (Allocation Failure) [PSYoungGen: 32K->0K(1536K)] [ParOldGen: 7529K->2369K(8192K)] 7561K->2369K(9728K), [Metaspace: 3328K->3328K(1056768K)], 0.0024760 secs] [Times: user=0.01 sys=0.00, real=0.00 secs] 
15.902: [GC (Allocation Failure) [PSYoungGen: 20K->32K(1536K)] 7551K->7562K(9728K), 0.0003871 secs] [Times: user=0.00 sys=0.00, real=0.00 secs] 
15.903: [GC (Allocation Failure) [PSYoungGen: 32K->32K(1536K)] 7562K->7562K(9728K), 0.0002658 secs] [Times: user=0.00 sys=0.00, real=0.01 secs] 
15.903: [Full GC (Allocation Failure) [PSYoungGen: 32K->0K(1536K)] [ParOldGen: 7530K->2369K(8192K)] 7562K->2369K(9728K), [Metaspace: 3328K->3328K(1056768K)], 0.0025187 secs] [Times: user=0.01 sys=0.00, real=0.00 secs] 
15.906: [GC (Allocation Failure) [PSYoungGen: 20K->32K(1536K)] 7552K->7563K(9728K), 0.0008431 secs] [Times: user=0.00 sys=0.00, real=0.00 secs] 
15.907: [GC (Allocation Failure) [PSYoungGen: 32K->32K(1536K)] 7563K->7563K(9728K), 0.0002694 secs] [Times: user=0.00 sys=0.00, real=0.00 secs] 
15.907: [Full GC (Allocation Failure) [PSYoungGen: 32K->0K(1536K)] [ParOldGen: 7531K->2369K(8192K)] 7563K->2369K(9728K), [Metaspace: 3328K->3328K(1056768K)], 0.0020044 secs] [Times: user=0.00 sys=0.00, real=0.00 secs] 
15.910: [GC (Allocation Failure) [PSYoungGen: 20K->32K(1536K)] 7552K->7564K(9728K), 0.0008809 secs] [Times: user=0.01 sys=0.00, real=0.00 secs] 
15.911: [GC (Allocation Failure) [PSYoungGen: 32K->32K(1536K)] 7564K->7564K(9728K), 0.0002692 secs] [Times: user=0.00 sys=0.00, real=0.00 secs] 
15.911: [Full GC (Allocation Failure) [PSYoungGen: 32K->0K(1536K)] [ParOldGen: 7532K->2370K(8192K)] 7564K->2370K(9728K), [Metaspace: 3328K->3328K(1056768K)], 0.0022102 secs] [Times: user=0.00 sys=0.00, real=0.01 secs] 
15.914: [GC (Allocation Failure) [PSYoungGen: 20K->32K(1536K)] 7553K->7565K(9728K), 0.0008498 secs] [Times: user=0.00 sys=0.00, real=0.00 secs] 
15.914: [GC (Allocation Failure) [PSYoungGen: 32K->32K(1536K)] 7565K->7565K(9728K), 0.0002751 secs] [Times: user=0.00 sys=0.00, real=0.00 secs] 
15.915: [Full GC (Allocation Failure) [PSYoungGen: 32K->0K(1536K)] [ParOldGen: 7533K->2370K(8192K)] 7565K->2370K(9728K), [Metaspace: 3328K->3328K(1056768K)], 0.0024305 secs] [Times: user=0.01 sys=0.00, real=0.00 secs] 
15.918: [GC (Allocation Failure) [PSYoungGen: 20K->32K(1536K)] 7554K->7566K(9728K), 0.0008588 secs] [Times: user=0.00 sys=0.00, real=0.00 secs] 
15.919: [GC (Allocation Failure) [PSYoungGen: 32K->32K(1536K)] 7566K->7566K(9728K), 0.0002662 secs] [Times: user=0.00 sys=0.00, real=0.00 secs] 
15.919: [Full GC (Allocation Failure) [PSYoungGen: 32K->0K(1536K)] [ParOldGen: 7534K->2370K(8192K)] 7566K->2370K(9728K), [Metaspace: 3328K->3328K(1056768K)], 0.0024977 secs] [Times: user=0.01 sys=0.00, real=0.00 secs] 
15.922: [GC (Allocation Failure) [PSYoungGen: 20K->32K(1536K)] 7555K->7566K(9728K), 0.0004101 secs] [Times: user=0.00 sys=0.00, real=0.00 secs] 
15.922: [GC (Allocation Failure) [PSYoungGen: 32K->32K(1536K)] 7566K->7566K(9728K), 0.0003247 secs] [Times: user=0.00 sys=0.00, real=0.01 secs] 
15.923: [Full GC (Allocation Failure) [PSYoungGen: 32K->0K(1536K)] [ParOldGen: 7534K->2370K(8192K)] 7566K->2370K(9728K), [Metaspace: 3328K->3328K(1056768K)], 0.0033897 secs] [Times: user=0.01 sys=0.00, real=0.00 secs] 
15.927: [GC (Allocation Failure) [PSYoungGen: 20K->32K(1536K)] 7556K->7567K(9728K), 0.0009117 secs] [Times: user=0.00 sys=0.00, real=0.00 secs] 
15.928: [GC (Allocation Failure) [PSYoungGen: 32K->32K(1536K)] 7567K->7567K(9728K), 0.0002750 secs] [Times: user=0.00 sys=0.00, real=0.00 secs] 
15.928: [Full GC (Allocation Failure) [PSYoungGen: 32K->0K(1536K)] [ParOldGen: 7535K->2370K(8192K)] 7567K->2370K(9728K), [Metaspace: 3328K->3328K(1056768K)], 0.0022648 secs] [Times: user=0.00 sys=0.00, real=0.00 secs] 
15.931: [GC (Allocation Failure) [PSYoungGen: 20K->32K(1536K)] 7556K->7568K(9728K), 0.0008470 secs] [Times: user=0.01 sys=0.00, real=0.00 secs] 
15.932: [GC (Allocation Failure) [PSYoungGen: 32K->32K(1536K)] 7568K->7568K(9728K), 0.0002768 secs] [Times: user=0.00 sys=0.00, real=0.00 secs] 
15.932: [Full GC (Allocation Failure) [PSYoungGen: 32K->0K(1536K)] [ParOldGen: 7536K->2370K(8192K)] 7568K->2370K(9728K), [Metaspace: 3328K->3328K(1056768K)], 0.0025029 secs] [Times: user=0.00 sys=0.01, real=0.01 secs] 
15.935: [GC (Allocation Failure) [PSYoungGen: 20K->32K(1536K)] 7557K->7569K(9728K), 0.0008334 secs] [Times: user=0.00 sys=0.00, real=0.00 secs] 
15.936: [GC (Allocation Failure) [PSYoungGen: 32K->32K(1536K)] 7569K->7569K(9728K), 0.0008068 secs] [Times: user=0.00 sys=0.00, real=0.00 secs] 
15.937: [Full GC (Allocation Failure) [PSYoungGen: 32K->0K(1536K)] [ParOldGen: 7537K->2371K(8192K)] 7569K->2371K(9728K), [Metaspace: 3328K->3328K(1056768K)], 0.0021287 secs] [Times: user=0.00 sys=0.00, real=0.00 secs] 
15.939: [GC (Allocation Failure) [PSYoungGen: 20K->32K(1536K)] 7558K->7570K(9728K), 0.0004115 secs] [Times: user=0.00 sys=0.00, real=0.00 secs] 
15.940: [GC (Allocation Failure) [PSYoungGen: 32K->32K(1536K)] 7570K->7570K(9728K), 0.0002840 secs] [Times: user=0.00 sys=0.00, real=0.00 secs] 
15.940: [Full GC (Allocation Failure) [PSYoungGen: 32K->0K(1536K)] [ParOldGen: 7538K->2371K(8192K)] 7570K->2371K(9728K), [Metaspace: 3328K->3328K(1056768K)], 0.0031227 secs] [Times: user=0.01 sys=0.00, real=0.01 secs] 
15.944: [GC (Allocation Failure) [PSYoungGen: 20K->32K(1536K)] 7559K->7570K(9728K), 0.0008829 secs] [Times: user=0.00 sys=0.00, real=0.00 secs] 
15.945: [GC (Allocation Failure) [PSYoungGen: 32K->32K(1536K)] 7570K->7570K(9728K), 0.0008182 secs] [Times: user=0.00 sys=0.00, real=0.00 secs] 
15.946: [Full GC (Allocation Failure) [PSYoungGen: 32K->0K(1536K)] [ParOldGen: 7538K->2371K(8192K)] 7570K->2371K(9728K), [Metaspace: 3328K->3328K(1056768K)], 0.0025316 secs] [Times: user=0.01 sys=0.00, real=0.00 secs] 
15.949: [GC (Allocation Failure) [PSYoungGen: 20K->32K(1536K)] 7560K->7571K(9728K), 0.0008344 secs] [Times: user=0.00 sys=0.00, real=0.00 secs] 
15.949: [GC (Allocation Failure) [PSYoungGen: 32K->32K(1536K)] 7571K->7571K(9728K), 0.0003098 secs] [Times: user=0.00 sys=0.00, real=0.00 secs] 
15.950: [Full GC (Allocation Failure) [PSYoungGen: 32K->0K(1536K)] [ParOldGen: 7539K->2371K(8192K)] 7571K->2371K(9728K), [Metaspace: 3328K->3328K(1056768K)], 0.0023592 secs] [Times: user=0.01 sys=0.00, real=0.00 secs] 
15.953: [GC (Allocation Failure) [PSYoungGen: 20K->32K(1536K)] 7560K->7572K(9728K), 0.0008358 secs] [Times: user=0.00 sys=0.00, real=0.00 secs] 
15.953: [GC (Allocation Failure) [PSYoungGen: 32K->32K(1536K)] 7572K->7572K(9728K), 0.0002536 secs] [Times: user=0.00 sys=0.00, real=0.00 secs] 
15.954: [Full GC (Allocation Failure) [PSYoungGen: 32K->0K(1536K)] [ParOldGen: 7540K->2371K(8192K)] 7572K->2371K(9728K), [Metaspace: 3328K->3328K(1056768K)], 0.0020764 secs] [Times: user=0.01 sys=0.00, real=0.00 secs] 
15.956: [GC (Allocation Failure) [PSYoungGen: 20K->32K(1536K)] 7561K->7573K(9728K), 0.0008781 secs] [Times: user=0.00 sys=0.00, real=0.00 secs] 
15.957: [GC (Allocation Failure) [PSYoungGen: 32K->32K(1536K)] 7573K->7573K(9728K), 0.0002586 secs] [Times: user=0.00 sys=0.00, real=0.00 secs] 
15.957: [Full GC (Allocation Failure) [PSYoungGen: 32K->0K(1536K)] [ParOldGen: 7541K->2371K(8192K)] 7573K->2371K(9728K), [Metaspace: 3328K->3328K(1056768K)], 0.0022955 secs] [Times: user=0.00 sys=0.00, real=0.00 secs] 
15.960: [GC (Allocation Failure) [PSYoungGen: 20K->32K(1536K)] 7562K->7574K(9728K), 0.0004136 secs] [Times: user=0.00 sys=0.00, real=0.00 secs] 
15.961: [GC (Allocation Failure) [PSYoungGen: 32K->32K(1536K)] 7574K->7574K(9728K), 0.0002965 secs] [Times: user=0.00 sys=0.00, real=0.00 secs] 
15.961: [Full GC (Allocation Failure) [PSYoungGen: 32K->0K(1536K)] [ParOldGen: 7542K->2372K(8192K)] 7574K->2372K(9728K), [Metaspace: 3328K->3328K(1056768K)], 0.0025954 secs] [Times: user=0.01 sys=0.00, real=0.01 secs] 
15.964: [GC (Allocation Failure) [PSYoungGen: 20K->32K(1536K)] 7563K->7574K(9728K), 0.0008807 secs] [Times: user=0.00 sys=0.00, real=0.00 secs] 
15.965: [GC (Allocation Failure) [PSYoungGen: 32K->32K(1536K)] 7574K->7574K(9728K), 0.0003142 secs] [Times: user=0.00 sys=0.00, real=0.00 secs] 
15.965: [Full GC (Allocation Failure) [PSYoungGen: 32K->0K(1536K)] [ParOldGen: 7542K->2372K(8192K)] 7574K->2372K(9728K), [Metaspace: 3328K->3328K(1056768K)], 0.0021104 secs] [Times: user=0.01 sys=0.00, real=0.00 secs] 
15.968: [GC (Allocation Failure) [PSYoungGen: 20K->32K(1536K)] 7564K->7575K(9728K), 0.0008698 secs] [Times: user=0.00 sys=0.00, real=0.00 secs] 
15.969: [GC (Allocation Failure) [PSYoungGen: 32K->32K(1536K)] 7575K->7575K(9728K), 0.0002620 secs] [Times: user=0.00 sys=0.00, real=0.00 secs] 
15.969: [Full GC (Allocation Failure) [PSYoungGen: 32K->0K(1536K)] [ParOldGen: 7543K->2372K(8192K)] 7575K->2372K(9728K), [Metaspace: 3328K->3328K(1056768K)], 0.0021278 secs] [Times: user=0.01 sys=0.00, real=0.00 secs] 
15.972: [GC (Allocation Failure) [PSYoungGen: 20K->32K(1536K)] 7564K->7576K(9728K), 0.0008332 secs] [Times: user=0.00 sys=0.00, real=0.01 secs] 
15.973: [GC (Allocation Failure) [PSYoungGen: 32K->32K(1536K)] 7576K->7576K(9728K), 0.0003824 secs] [Times: user=0.00 sys=0.00, real=0.00 secs] 
15.973: [Full GC (Allocation Failure) [PSYoungGen: 32K->0K(1536K)] [ParOldGen: 7544K->2372K(8192K)] 7576K->2372K(9728K), [Metaspace: 3328K->3328K(1056768K)], 0.0026181 secs] [Times: user=0.00 sys=0.00, real=0.00 secs] 
15.976: [GC (Allocation Failure) [PSYoungGen: 20K->32K(1536K)] 7565K->7577K(9728K), 0.0003001 secs] [Times: user=0.01 sys=0.00, real=0.00 secs] 
15.977: [GC (Allocation Failure) [PSYoungGen: 32K->32K(1536K)] 7577K->7577K(9728K), 0.0002633 secs] [Times: user=0.00 sys=0.00, real=0.00 secs] 
15.977: [Full GC (Allocation Failure) [PSYoungGen: 32K->0K(1536K)] [ParOldGen: 7545K->2372K(8192K)] 7577K->2372K(9728K), [Metaspace: 3328K->3328K(1056768K)], 0.0021982 secs] [Times: user=0.00 sys=0.00, real=0.00 secs] 
15.980: [GC (Allocation Failure) [PSYoungGen: 20K->32K(1536K)] 7566K->7578K(9728K), 0.0003063 secs] [Times: user=0.00 sys=0.00, real=0.00 secs] 
15.980: [GC (Allocation Failure) [PSYoungGen: 32K->32K(1536K)] 7578K->7578K(9728K), 0.0003096 secs] [Times: user=0.00 sys=0.00, real=0.00 secs] 
15.980: [Full GC (Allocation Failure) [PSYoungGen: 32K->0K(1536K)] [ParOldGen: 7546K->2372K(8192K)] 7578K->2372K(9728K), [Metaspace: 3328K->3328K(1056768K)], 0.0022264 secs] [Times: user=0.01 sys=0.00, real=0.01 secs] 
15.983: [GC (Allocation Failure) [PSYoungGen: 20K->32K(1536K)] 7567K->7578K(9728K), 0.0006468 secs] [Times: user=0.00 sys=0.00, real=0.00 secs] 
15.984: [GC (Allocation Failure) [PSYoungGen: 32K->32K(1536K)] 7578K->7578K(9728K), 0.0007669 secs] [Times: user=0.00 sys=0.00, real=0.00 secs] 
15.985: [Full GC (Allocation Failure) [PSYoungGen: 32K->0K(1536K)] [ParOldGen: 7546K->2373K(8192K)] 7578K->2373K(9728K), [Metaspace: 3328K->3328K(1056768K)], 0.0034743 secs] [Times: user=0.01 sys=0.00, real=0.00 secs] 
15.989: [GC (Allocation Failure) [PSYoungGen: 20K->32K(1536K)] 7568K->7579K(9728K), 0.0003177 secs] [Times: user=0.00 sys=0.00, real=0.00 secs] 
15.989: [GC (Allocation Failure) [PSYoungGen: 32K->32K(1536K)] 7579K->7579K(9728K), 0.0003003 secs] [Times: user=0.00 sys=0.00, real=0.00 secs] 
15.989: [Full GC (Allocation Failure) [PSYoungGen: 32K->0K(1536K)] [ParOldGen: 7547K->2373K(8192K)] 7579K->2373K(9728K), [Metaspace: 3328K->3328K(1056768K)], 0.0021316 secs] [Times: user=0.00 sys=0.00, real=0.00 secs] 
15.992: [GC (Allocation Failure) [PSYoungGen: 20K->32K(1536K)] 7568K->7580K(9728K), 0.0003107 secs] [Times: user=0.01 sys=0.00, real=0.00 secs] 
15.992: [GC (Allocation Failure) [PSYoungGen: 32K->32K(1536K)] 7580K->7580K(9728K), 0.0002659 secs] [Times: user=0.00 sys=0.00, real=0.01 secs] 
15.993: [Full GC (Allocation Failure) [PSYoungGen: 32K->0K(1536K)] [ParOldGen: 7548K->2373K(8192K)] 7580K->2373K(9728K), [Metaspace: 3328K->3328K(1056768K)], 0.0019807 secs] [Times: user=0.00 sys=0.00, real=0.00 secs] 
15.995: [GC (Allocation Failure) [PSYoungGen: 20K->32K(1536K)] 7569K->7581K(9728K), 0.0003005 secs] [Times: user=0.00 sys=0.00, real=0.00 secs] 
15.996: [GC (Allocation Failure) [PSYoungGen: 32K->32K(1536K)] 7581K->7581K(9728K), 0.0002686 secs] [Times: user=0.00 sys=0.00, real=0.00 secs] 
15.996: [Full GC (Allocation Failure) [PSYoungGen: 32K->0K(1536K)] [ParOldGen: 7549K->2373K(8192K)] 7581K->2373K(9728K), [Metaspace: 3328K->3328K(1056768K)], 0.0027108 secs] [Times: user=0.01 sys=0.00, real=0.00 secs] 
15.999: [GC (Allocation Failure) [PSYoungGen: 20K->32K(1536K)] 7570K->7582K(9728K), 0.0008378 secs] [Times: user=0.00 sys=0.00, real=0.00 secs] 
16.000: [GC (Allocation Failure) [PSYoungGen: 32K->32K(1536K)] 7582K->7582K(9728K), 0.0002720 secs] [Times: user=0.00 sys=0.00, real=0.00 secs] 
16.000: [Full GC (Allocation Failure) [PSYoungGen: 32K->0K(1536K)] [ParOldGen: 7550K->2373K(8192K)] 7582K->2373K(9728K), [Metaspace: 3328K->3328K(1056768K)], 0.0019878 secs] [Times: user=0.00 sys=0.00, real=0.00 secs] 
16.003: [GC (Allocation Failure) [PSYoungGen: 20K->32K(1536K)] 7571K->7582K(9728K), 0.0008365 secs] [Times: user=0.01 sys=0.00, real=0.00 secs] 
16.004: [GC (Allocation Failure) [PSYoungGen: 32K->32K(1536K)] 7582K->7582K(9728K), 0.0008159 secs] [Times: user=0.00 sys=0.00, real=0.00 secs] 
16.004: [Full GC (Allocation Failure) [PSYoungGen: 32K->0K(1536K)] [ParOldGen: 7550K->2373K(8192K)] 7582K->2373K(9728K), [Metaspace: 3328K->3328K(1056768K)], 0.0021634 secs] [Times: user=0.00 sys=0.00, real=0.00 secs] 
16.007: [GC (Allocation Failure) [PSYoungGen: 20K->32K(1536K)] 7572K->7583K(9728K), 0.0006584 secs] [Times: user=0.00 sys=0.00, real=0.00 secs] 
16.008: [GC (Allocation Failure) [PSYoungGen: 32K->32K(1536K)] 7583K->7583K(9728K), 0.0003742 secs] [Times: user=0.01 sys=0.00, real=0.00 secs] 
16.008: [Full GC (Allocation Failure) [PSYoungGen: 32K->0K(1536K)] [ParOldGen: 7551K->2373K(8192K)] 7583K->2373K(9728K), [Metaspace: 3328K->3328K(1056768K)], 0.0031704 secs] [Times: user=0.00 sys=0.00, real=0.00 secs] 
16.012: [GC (Allocation Failure) [PSYoungGen: 20K->32K(1536K)] 7572K->7584K(9728K), 0.0006650 secs] [Times: user=0.00 sys=0.00, real=0.01 secs] 
16.013: [GC (Allocation Failure) [PSYoungGen: 32K->32K(1536K)] 7584K->7584K(9728K), 0.0007956 secs] [Times: user=0.01 sys=0.00, real=0.00 secs] 
16.014: [Full GC (Allocation Failure) [PSYoungGen: 32K->0K(1536K)] [ParOldGen: 7552K->2374K(8192K)] 7584K->2374K(9728K), [Metaspace: 3328K->3328K(1056768K)], 0.0022971 secs] [Times: user=0.00 sys=0.01, real=0.00 secs] 
16.016: [GC (Allocation Failure) [PSYoungGen: 20K->32K(1536K)] 7573K->7585K(9728K), 0.0008845 secs] [Times: user=0.00 sys=0.00, real=0.00 secs] 
16.017: [GC (Allocation Failure) [PSYoungGen: 32K->32K(1536K)] 7585K->7585K(9728K), 0.0002676 secs] [Times: user=0.00 sys=0.00, real=0.00 secs] 
16.018: [Full GC (Allocation Failure) [PSYoungGen: 32K->0K(1536K)] [ParOldGen: 7553K->2374K(8192K)] 7585K->2374K(9728K), [Metaspace: 3328K->3328K(1056768K)], 0.0022334 secs] [Times: user=0.01 sys=0.00, real=0.00 secs] 
16.020: [GC (Allocation Failure) [PSYoungGen: 20K->32K(1536K)] 7574K->7586K(9728K), 0.0008546 secs] [Times: user=0.00 sys=0.00, real=0.00 secs] 
16.021: [GC (Allocation Failure) [PSYoungGen: 32K->32K(1536K)] 7586K->7586K(9728K), 0.0002619 secs] [Times: user=0.00 sys=0.00, real=0.00 secs] 
16.022: [Full GC (Allocation Failure) [PSYoungGen: 32K->0K(1536K)] [ParOldGen: 7554K->2374K(8192K)] 7586K->2374K(9728K), [Metaspace: 3328K->3328K(1056768K)], 0.0027474 secs] [Times: user=0.01 sys=0.00, real=0.01 secs] 
16.026: [GC (Allocation Failure) [PSYoungGen: 20K->32K(1536K)] 7575K->7586K(9728K), 0.0003842 secs] [Times: user=0.00 sys=0.00, real=0.00 secs] 
16.026: [GC (Allocation Failure) [PSYoungGen: 32K->32K(1536K)] 7586K->7586K(9728K), 0.0003502 secs] [Times: user=0.00 sys=0.00, real=0.00 secs] 
16.027: [Full GC (Allocation Failure) [PSYoungGen: 32K->0K(1536K)] [ParOldGen: 7554K->2374K(8192K)] 7586K->2374K(9728K), [Metaspace: 3328K->3328K(1056768K)], 0.0022276 secs] [Times: user=0.01 sys=0.00, real=0.00 secs] 
16.029: [GC (Allocation Failure) [PSYoungGen: 20K->32K(1536K)] 7576K->7587K(9728K), 0.0003108 secs] [Times: user=0.00 sys=0.00, real=0.00 secs] 
16.030: [GC (Allocation Failure) [PSYoungGen: 32K->32K(1536K)] 7587K->7587K(9728K), 0.0002663 secs] [Times: user=0.00 sys=0.00, real=0.00 secs] 
16.030: [Full GC (Allocation Failure) [PSYoungGen: 32K->0K(1536K)] [ParOldGen: 7555K->2374K(8192K)] 7587K->2374K(9728K), [Metaspace: 3328K->3328K(1056768K)], 0.0023937 secs] [Times: user=0.00 sys=0.00, real=0.00 secs] 
16.033: [GC (Allocation Failure) [PSYoungGen: 20K->32K(1536K)] 7576K->7588K(9728K), 0.0008812 secs] [Times: user=0.00 sys=0.00, real=0.00 secs] 
16.034: [GC (Allocation Failure) [PSYoungGen: 32K->32K(1536K)] 7588K->7588K(9728K), 0.0002726 secs] [Times: user=0.00 sys=0.00, real=0.00 secs] 
16.034: [Full GC (Allocation Failure) [PSYoungGen: 32K->0K(1536K)] [ParOldGen: 7556K->2374K(8192K)] 7588K->2374K(9728K), [Metaspace: 3328K->3328K(1056768K)], 0.0024243 secs] [Times: user=0.01 sys=0.00, real=0.00 secs] 
16.037: [GC (Allocation Failure) [PSYoungGen: 20K->32K(1536K)] 7577K->7589K(9728K), 0.0008817 secs] [Times: user=0.00 sys=0.00, real=0.00 secs] 
16.038: [GC (Allocation Failure) [PSYoungGen: 32K->32K(1536K)] 7589K->7589K(9728K), 0.0002565 secs] [Times: user=0.00 sys=0.00, real=0.00 secs] 
16.038: [Full GC (Allocation Failure) [PSYoungGen: 32K->0K(1536K)] [ParOldGen: 7557K->2375K(8192K)] 7589K->2375K(9728K), [Metaspace: 3328K->3328K(1056768K)], 0.0020494 secs] [Times: user=0.01 sys=0.00, real=0.00 secs] 
16.041: [GC (Allocation Failure) [PSYoungGen: 20K->32K(1536K)] 7578K->7590K(9728K), 0.0008774 secs] [Times: user=0.00 sys=0.00, real=0.00 secs] 
16.042: [GC (Allocation Failure) [PSYoungGen: 32K->32K(1536K)] 7590K->7590K(9728K), 0.0003625 secs] [Times: user=0.00 sys=0.00, real=0.00 secs] 
16.042: [Full GC (Allocation Failure) [PSYoungGen: 32K->0K(1536K)] [ParOldGen: 7558K->2375K(8192K)] 7590K->2375K(9728K), [Metaspace: 3328K->3328K(1056768K)], 0.0023669 secs] [Times: user=0.01 sys=0.00, real=0.01 secs] 
16.045: [GC (Allocation Failure) [PSYoungGen: 20K->32K(1536K)] 7579K->7590K(9728K), 0.0008277 secs] [Times: user=0.00 sys=0.00, real=0.00 secs] 
16.046: [GC (Allocation Failure) [PSYoungGen: 32K->32K(1536K)] 7590K->7590K(9728K), 0.0008491 secs] [Times: user=0.00 sys=0.00, real=0.00 secs] 
16.047: [Full GC (Allocation Failure) [PSYoungGen: 32K->0K(1536K)] [ParOldGen: 7558K->2375K(8192K)] 7590K->2375K(9728K), [Metaspace: 3328K->3328K(1056768K)], 0.0024473 secs] [Times: user=0.01 sys=0.00, real=0.00 secs] 
16.050: [GC (Allocation Failure) [PSYoungGen: 20K->32K(1536K)] 7580K->7591K(9728K), 0.0008314 secs] [Times: user=0.00 sys=0.00, real=0.00 secs] 
16.050: [GC (Allocation Failure) [PSYoungGen: 32K->32K(1536K)] 7591K->7591K(9728K), 0.0002669 secs] [Times: user=0.00 sys=0.00, real=0.00 secs] 
16.051: [Full GC (Allocation Failure) [PSYoungGen: 32K->0K(1536K)] [ParOldGen: 7559K->2375K(8192K)] 7591K->2375K(9728K), [Metaspace: 3328K->3328K(1056768K)], 0.0020314 secs] [Times: user=0.00 sys=0.00, real=0.01 secs] 
16.053: [GC (Allocation Failure) [PSYoungGen: 20K->32K(1536K)] 7580K->7592K(9728K), 0.0008453 secs] [Times: user=0.01 sys=0.00, real=0.00 secs] 
16.054: [GC (Allocation Failure) [PSYoungGen: 32K->32K(1536K)] 7592K->7592K(9728K), 0.0002787 secs] [Times: user=0.00 sys=0.00, real=0.00 secs] 
16.055: [Full GC (Allocation Failure) [PSYoungGen: 32K->0K(1536K)] [ParOldGen: 7560K->2375K(8192K)] 7592K->2375K(9728K), [Metaspace: 3328K->3328K(1056768K)], 0.0019833 secs] [Times: user=0.00 sys=0.00, real=0.00 secs] 
16.057: [GC (Allocation Failure) [PSYoungGen: 20K->32K(1536K)] 7581K->7593K(9728K), 0.0008795 secs] [Times: user=0.00 sys=0.00, real=0.00 secs] 
16.058: [GC (Allocation Failure) [PSYoungGen: 32K->32K(1536K)] 7593K->7593K(9728K), 0.0002952 secs] [Times: user=0.00 sys=0.00, real=0.00 secs] 
16.058: [Full GC (Allocation Failure) [PSYoungGen: 32K->0K(1536K)] [ParOldGen: 7561K->2375K(8192K)] 7593K->2375K(9728K), [Metaspace: 3328K->3328K(1056768K)], 0.0024777 secs] [Times: user=0.01 sys=0.00, real=0.00 secs] 
16.061: [GC (Allocation Failure) [PSYoungGen: 20K->32K(1536K)] 7582K->7594K(9728K), 0.0009734 secs] [Times: user=0.00 sys=0.00, real=0.00 secs] 
16.062: [GC (Allocation Failure) [PSYoungGen: 32K->32K(1536K)] 7594K->7594K(9728K), 0.0002797 secs] [Times: user=0.00 sys=0.00, real=0.00 secs] 
16.063: [Full GC (Allocation Failure) [PSYoungGen: 32K->0K(1536K)] [ParOldGen: 7562K->2376K(8192K)] 7594K->2376K(9728K), [Metaspace: 3328K->3328K(1056768K)], 0.0027327 secs] [Times: user=0.01 sys=0.00, real=0.01 secs] 
16.066: [GC (Allocation Failure) [PSYoungGen: 20K->32K(1536K)] 7583K->7594K(9728K), 0.0008502 secs] [Times: user=0.00 sys=0.00, real=0.00 secs] 
16.067: [GC (Allocation Failure) [PSYoungGen: 32K->32K(1536K)] 7594K->7594K(9728K), 0.0008145 secs] [Times: user=0.00 sys=0.00, real=0.00 secs] 
16.068: [Full GC (Allocation Failure) [PSYoungGen: 32K->0K(1536K)] [ParOldGen: 7562K->2376K(8192K)] 7594K->2376K(9728K), [Metaspace: 3328K->3328K(1056768K)], 0.0028188 secs] [Times: user=0.01 sys=0.00, real=0.00 secs] 
16.071: [GC (Allocation Failure) [PSYoungGen: 20K->32K(1536K)] 7584K->7595K(9728K), 0.0008339 secs] [Times: user=0.00 sys=0.00, real=0.00 secs] 
16.072: [GC (Allocation Failure) [PSYoungGen: 32K->32K(1536K)] 7595K->7595K(9728K), 0.0002533 secs] [Times: user=0.00 sys=0.00, real=0.00 secs] 
16.072: [Full GC (Allocation Failure) [PSYoungGen: 32K->0K(1536K)] [ParOldGen: 7563K->2376K(8192K)] 7595K->2376K(9728K), [Metaspace: 3328K->3328K(1056768K)], 0.0025132 secs] [Times: user=0.01 sys=0.00, real=0.01 secs] 
16.075: [GC (Allocation Failure) [PSYoungGen: 20K->32K(1536K)] 7584K->7596K(9728K), 0.0008326 secs] [Times: user=0.00 sys=0.00, real=0.00 secs] 
16.076: [GC (Allocation Failure) [PSYoungGen: 32K->32K(1536K)] 7596K->7596K(9728K), 0.0002579 secs] [Times: user=0.00 sys=0.00, real=0.00 secs] 
16.076: [Full GC (Allocation Failure) [PSYoungGen: 32K->0K(1536K)] [ParOldGen: 7564K->2376K(8192K)] 7596K->2376K(9728K), [Metaspace: 3328K->3328K(1056768K)], 0.0024707 secs] [Times: user=0.01 sys=0.00, real=0.00 secs] 
16.079: [GC (Allocation Failure) [PSYoungGen: 20K->32K(1536K)] 7585K->7597K(9728K), 0.0003636 secs] [Times: user=0.00 sys=0.00, real=0.00 secs] 
16.079: [GC (Allocation Failure) [PSYoungGen: 32K->32K(1536K)] 7597K->7597K(9728K), 0.0002820 secs] [Times: user=0.00 sys=0.00, real=0.00 secs] 
16.080: [Full GC (Allocation Failure) [PSYoungGen: 32K->0K(1536K)] [ParOldGen: 7565K->2376K(8192K)] 7597K->2376K(9728K), [Metaspace: 3328K->3328K(1056768K)], 0.0020139 secs] [Times: user=0.00 sys=0.00, real=0.00 secs] 
16.082: [GC (Allocation Failure) [PSYoungGen: 20K->32K(1536K)] 7586K->7598K(9728K), 0.0008237 secs] [Times: user=0.00 sys=0.00, real=0.01 secs] 
16.083: [GC (Allocation Failure) [PSYoungGen: 32K->32K(1536K)] 7598K->7598K(9728K), 0.0003049 secs] [Times: user=0.00 sys=0.00, real=0.00 secs] 
16.083: [Full GC (Allocation Failure) [PSYoungGen: 32K->0K(1536K)] [ParOldGen: 7566K->2376K(8192K)] 7598K->2376K(9728K), [Metaspace: 3328K->3328K(1056768K)], 0.0023263 secs] [Times: user=0.01 sys=0.00, real=0.00 secs] 
16.086: [GC (Allocation Failure) [PSYoungGen: 20K->32K(1536K)] 7587K->7598K(9728K), 0.0008377 secs] [Times: user=0.00 sys=0.00, real=0.00 secs] 
16.087: [GC (Allocation Failure) [PSYoungGen: 32K->32K(1536K)] 7598K->7598K(9728K), 0.0002676 secs] [Times: user=0.00 sys=0.00, real=0.00 secs] 
16.087: [Full GC (Allocation Failure) [PSYoungGen: 32K->0K(1536K)] [ParOldGen: 7566K->2377K(8192K)] 7598K->2377K(9728K), [Metaspace: 3328K->3328K(1056768K)], 0.0025007 secs] [Times: user=0.01 sys=0.00, real=0.00 secs] 
16.090: [GC (Allocation Failure) [PSYoungGen: 20K->32K(1536K)] 7588K->7599K(9728K), 0.0008392 secs] [Times: user=0.00 sys=0.00, real=0.00 secs] 
16.091: [GC (Allocation Failure) [PSYoungGen: 32K->32K(1536K)] 7599K->7599K(9728K), 0.0003179 secs] [Times: user=0.00 sys=0.00, real=0.00 secs] 
16.092: [Full GC (Allocation Failure) [PSYoungGen: 32K->0K(1536K)] [ParOldGen: 7567K->2377K(8192K)] 7599K->2377K(9728K), [Metaspace: 3328K->3328K(1056768K)], 0.0024477 secs] [Times: user=0.01 sys=0.00, real=0.01 secs] 
16.095: [GC (Allocation Failure) [PSYoungGen: 20K->32K(1536K)] 7588K->7600K(9728K), 0.0004558 secs] [Times: user=0.00 sys=0.00, real=0.00 secs] 
16.095: [GC (Allocation Failure) [PSYoungGen: 32K->32K(1536K)] 7600K->7600K(9728K), 0.0007615 secs] [Times: user=0.00 sys=0.00, real=0.00 secs] 
16.096: [Full GC (Allocation Failure) [PSYoungGen: 32K->0K(1536K)] [ParOldGen: 7568K->2377K(8192K)] 7600K->2377K(9728K), [Metaspace: 3328K->3328K(1056768K)], 0.0021646 secs] [Times: user=0.01 sys=0.00, real=0.00 secs] 
16.099: [GC (Allocation Failure) [PSYoungGen: 20K->32K(1536K)] 7589K->7601K(9728K), 0.0003397 secs] [Times: user=0.00 sys=0.00, real=0.00 secs] 
16.099: [GC (Allocation Failure) [PSYoungGen: 32K->32K(1536K)] 7601K->7601K(9728K), 0.0002658 secs] [Times: user=0.00 sys=0.00, real=0.00 secs] 
16.099: [Full GC (Allocation Failure) [PSYoungGen: 32K->0K(1536K)] [ParOldGen: 7569K->2377K(8192K)] 7601K->2377K(9728K), [Metaspace: 3328K->3328K(1056768K)], 0.0019829 secs] [Times: user=0.00 sys=0.00, real=0.00 secs] 
16.102: [GC (Allocation Failure) [PSYoungGen: 20K->32K(1536K)] 7590K->7602K(9728K), 0.0006733 secs] [Times: user=0.00 sys=0.01, real=0.00 secs] 
16.102: [GC (Allocation Failure) [PSYoungGen: 32K->32K(1536K)] 7602K->7602K(9728K), 0.0008235 secs] [Times: user=0.00 sys=0.00, real=0.01 secs] 
16.103: [Full GC (Allocation Failure) [PSYoungGen: 32K->0K(1536K)] [ParOldGen: 7570K->2377K(8192K)] 7602K->2377K(9728K), [Metaspace: 3328K->3328K(1056768K)], 0.0021939 secs] [Times: user=0.01 sys=0.00, real=0.00 secs] 
16.106: [GC (Allocation Failure) [PSYoungGen: 20K->32K(1536K)] 7591K->7602K(9728K), 0.0008565 secs] [Times: user=0.00 sys=0.00, real=0.00 secs] 
16.107: [GC (Allocation Failure) [PSYoungGen: 32K->32K(1536K)] 7602K->7602K(9728K), 0.0002905 secs] [Times: user=0.00 sys=0.00, real=0.00 secs] 
16.107: [Full GC (Allocation Failure) [PSYoungGen: 32K->0K(1536K)] [ParOldGen: 7570K->2377K(8192K)] 7602K->2377K(9728K), [Metaspace: 3328K->3328K(1056768K)], 0.0023833 secs] [Times: user=0.01 sys=0.00, real=0.00 secs] 
16.110: [GC (Allocation Failure) [PSYoungGen: 20K->32K(1536K)] 7592K->7603K(9728K), 0.0008234 secs] [Times: user=0.00 sys=0.00, real=0.00 secs] 
16.111: [GC (Allocation Failure) [PSYoungGen: 32K->32K(1536K)] 7603K->7603K(9728K), 0.0002548 secs] [Times: user=0.00 sys=0.00, real=0.00 secs] 
16.111: [Full GC (Allocation Failure) [PSYoungGen: 32K->0K(1536K)] [ParOldGen: 7571K->2377K(8192K)] 7603K->2377K(9728K), [Metaspace: 3328K->3328K(1056768K)], 0.0019900 secs] [Times: user=0.01 sys=0.00, real=0.01 secs] 
16.114: [GC (Allocation Failure) [PSYoungGen: 20K->32K(1536K)] 7592K->7604K(9728K), 0.0003283 secs] [Times: user=0.00 sys=0.00, real=0.00 secs] 
16.114: [GC (Allocation Failure) [PSYoungGen: 32K->32K(1536K)] 7604K->7604K(9728K), 0.0002487 secs] [Times: user=0.00 sys=0.00, real=0.00 secs] 
16.114: [Full GC (Allocation Failure) [PSYoungGen: 32K->0K(1536K)] [ParOldGen: 7572K->2378K(8192K)] 7604K->2378K(9728K), [Metaspace: 3328K->3328K(1056768K)], 0.0025173 secs] [Times: user=0.00 sys=0.00, real=0.00 secs] 
16.117: [GC (Allocation Failure) [PSYoungGen: 20K->32K(1536K)] 7593K->7605K(9728K), 0.0008079 secs] [Times: user=0.00 sys=0.00, real=0.00 secs] 
16.118: [GC (Allocation Failure) [PSYoungGen: 32K->32K(1536K)] 7605K->7605K(9728K), 0.0002999 secs] [Times: user=0.01 sys=0.00, real=0.00 secs] 
16.118: [Full GC (Allocation Failure) [PSYoungGen: 32K->0K(1536K)] [ParOldGen: 7573K->2378K(8192K)] 7605K->2378K(9728K), [Metaspace: 3328K->3328K(1056768K)], 0.0023777 secs] [Times: user=0.00 sys=0.00, real=0.00 secs] 
16.121: [GC (Allocation Failure) [PSYoungGen: 20K->32K(1536K)] 7594K->7606K(9728K), 0.0008294 secs] [Times: user=0.00 sys=0.00, real=0.00 secs] 
16.122: [GC (Allocation Failure) [PSYoungGen: 32K->32K(1536K)] 7606K->7606K(9728K), 0.0002778 secs] [Times: user=0.00 sys=0.00, real=0.00 secs] 
16.123: [Full GC (Allocation Failure) [PSYoungGen: 32K->0K(1536K)] [ParOldGen: 7574K->2378K(8192K)] 7606K->2378K(9728K), [Metaspace: 3328K->3328K(1056768K)], 0.0020356 secs] [Times: user=0.01 sys=0.00, real=0.01 secs] 
16.125: [GC (Allocation Failure) [PSYoungGen: 20K->32K(1536K)] 7595K->7606K(9728K), 0.0003275 secs] [Times: user=0.00 sys=0.00, real=0.00 secs] 
16.125: [GC (Allocation Failure) [PSYoungGen: 32K->32K(1536K)] 7606K->7606K(9728K), 0.0002537 secs] [Times: user=0.00 sys=0.00, real=0.00 secs] 
16.126: [Full GC (Allocation Failure) [PSYoungGen: 32K->0K(1536K)] [ParOldGen: 7574K->2378K(8192K)] 7606K->2378K(9728K), [Metaspace: 3328K->3328K(1056768K)], 0.0020764 secs] [Times: user=0.00 sys=0.00, real=0.00 secs] 
16.128: [GC (Allocation Failure) [PSYoungGen: 20K->32K(1536K)] 7596K->7607K(9728K), 0.0008366 secs] [Times: user=0.01 sys=0.00, real=0.00 secs] 
16.129: [GC (Allocation Failure) [PSYoungGen: 32K->32K(1536K)] 7607K->7607K(9728K), 0.0003188 secs] [Times: user=0.00 sys=0.00, real=0.00 secs] 
16.129: [Full GC (Allocation Failure) [PSYoungGen: 32K->0K(1536K)] [ParOldGen: 7575K->2378K(8192K)] 7607K->2378K(9728K), [Metaspace: 3328K->3328K(1056768K)], 0.0025161 secs] [Times: user=0.00 sys=0.00, real=0.00 secs] 
16.132: [GC (Allocation Failure) [PSYoungGen: 20K->32K(1536K)] 7596K->7608K(9728K), 0.0008378 secs] [Times: user=0.01 sys=0.00, real=0.01 secs] 
16.133: [GC (Allocation Failure) [PSYoungGen: 32K->32K(1536K)] 7608K->7608K(9728K), 0.0002714 secs] [Times: user=0.00 sys=0.00, real=0.00 secs] 
16.134: [Full GC (Allocation Failure) [PSYoungGen: 32K->0K(1536K)] [ParOldGen: 7576K->2378K(8192K)] 7608K->2378K(9728K), [Metaspace: 3328K->3328K(1056768K)], 0.0020375 secs] [Times: user=0.00 sys=0.00, real=0.00 secs] 
16.136: [GC (Allocation Failure) [PSYoungGen: 20K->32K(1536K)] 7597K->7609K(9728K), 0.0008382 secs] [Times: user=0.00 sys=0.00, real=0.00 secs] 
16.137: [GC (Allocation Failure) [PSYoungGen: 32K->32K(1536K)] 7609K->7609K(9728K), 0.0002877 secs] [Times: user=0.00 sys=0.00, real=0.00 secs] 
16.137: [Full GC (Allocation Failure) [PSYoungGen: 32K->0K(1536K)] [ParOldGen: 7577K->2379K(8192K)] 7609K->2379K(9728K), [Metaspace: 3328K->3328K(1056768K)], 0.0022303 secs] [Times: user=0.01 sys=0.00, real=0.00 secs] 
16.140: [GC (Allocation Failure) [PSYoungGen: 20K->32K(1536K)] 7598K->7610K(9728K), 0.0008220 secs] [Times: user=0.00 sys=0.00, real=0.00 secs] 
16.141: [GC (Allocation Failure) [PSYoungGen: 32K->32K(1536K)] 7610K->7610K(9728K), 0.0002416 secs] [Times: user=0.00 sys=0.00, real=0.00 secs] 
16.141: [Full GC (Allocation Failure) [PSYoungGen: 32K->0K(1536K)] [ParOldGen: 7578K->2379K(8192K)] 7610K->2379K(9728K), [Metaspace: 3328K->3328K(1056768K)], 0.0023515 secs] [Times: user=0.01 sys=0.00, real=0.01 secs] 
16.144: [GC (Allocation Failure) [PSYoungGen: 20K->32K(1536K)] 7599K->7610K(9728K), 0.0003662 secs] [Times: user=0.00 sys=0.00, real=0.00 secs] 
16.144: [GC (Allocation Failure) [PSYoungGen: 32K->32K(1536K)] 7610K->7610K(9728K), 0.0002741 secs] [Times: user=0.00 sys=0.00, real=0.00 secs] 
16.145: [Full GC (Allocation Failure) [PSYoungGen: 32K->0K(1536K)] [ParOldGen: 7578K->2379K(8192K)] 7610K->2379K(9728K), [Metaspace: 3328K->3328K(1056768K)], 0.0025093 secs] [Times: user=0.00 sys=0.00, real=0.00 secs] 
16.148: [GC (Allocation Failure) [PSYoungGen: 20K->32K(1536K)] 7600K->7611K(9728K), 0.0008271 secs] [Times: user=0.01 sys=0.00, real=0.00 secs] 
16.149: [GC (Allocation Failure) [PSYoungGen: 32K->32K(1536K)] 7611K->7611K(9728K), 0.0008025 secs] [Times: user=0.00 sys=0.00, real=0.00 secs] 
16.149: [Full GC (Allocation Failure) [PSYoungGen: 32K->0K(1536K)] [ParOldGen: 7579K->2379K(8192K)] 7611K->2379K(9728K), [Metaspace: 3328K->3328K(1056768K)], 0.0027343 secs] [Times: user=0.00 sys=0.00, real=0.00 secs] 
16.153: [GC (Allocation Failure) [PSYoungGen: 20K->32K(1536K)] 7600K->7612K(9728K), 0.0003235 secs] [Times: user=0.00 sys=0.00, real=0.00 secs] 
16.153: [GC (Allocation Failure) [PSYoungGen: 32K->32K(1536K)] 7612K->7612K(9728K), 0.0002693 secs] [Times: user=0.00 sys=0.00, real=0.00 secs] 
16.153: [Full GC (Allocation Failure) [PSYoungGen: 32K->0K(1536K)] [ParOldGen: 7580K->2379K(8192K)] 7612K->2379K(9728K), [Metaspace: 3328K->3328K(1056768K)], 0.0019516 secs] [Times: user=0.01 sys=0.00, real=0.00 secs] 
16.158: [GC (Allocation Failure) [PSYoungGen: 20K->32K(1536K)] 7601K->7613K(9728K), 0.0009992 secs] [Times: user=0.00 sys=0.00, real=0.00 secs] 
16.159: [GC (Allocation Failure) [PSYoungGen: 32K->32K(1536K)] 7613K->7613K(9728K), 0.0007893 secs] [Times: user=0.00 sys=0.00, real=0.00 secs] 
16.159: [Full GC (Allocation Failure) [PSYoungGen: 32K->0K(1536K)] [ParOldGen: 7581K->2379K(8192K)] 7613K->2379K(9728K), [Metaspace: 3328K->3328K(1056768K)], 0.0029822 secs] [Times: user=0.01 sys=0.00, real=0.00 secs] 
16.163: [GC (Allocation Failure) [PSYoungGen: 20K->32K(1536K)] 7602K->7614K(9728K), 0.0005616 secs] [Times: user=0.00 sys=0.00, real=0.00 secs] 
16.164: [GC (Allocation Failure) [PSYoungGen: 32K->32K(1536K)] 7614K->7614K(9728K), 0.0005203 secs] [Times: user=0.00 sys=0.00, real=0.00 secs] 
16.164: [Full GC (Allocation Failure) [PSYoungGen: 32K->0K(1536K)] [ParOldGen: 7582K->2380K(8192K)] 7614K->2380K(9728K), [Metaspace: 3328K->3328K(1056768K)], 0.0021983 secs] [Times: user=0.01 sys=0.00, real=0.00 secs] 
16.167: [GC (Allocation Failure) [PSYoungGen: 20K->32K(1536K)] 7603K->7614K(9728K), 0.0008417 secs] [Times: user=0.00 sys=0.00, real=0.00 secs] 
16.168: [GC (Allocation Failure) [PSYoungGen: 32K->32K(1536K)] 7614K->7614K(9728K), 0.0002886 secs] [Times: user=0.00 sys=0.00, real=0.00 secs] 
16.168: [Full GC (Allocation Failure) [PSYoungGen: 32K->0K(1536K)] [ParOldGen: 7582K->2380K(8192K)] 7614K->2380K(9728K), [Metaspace: 3328K->3328K(1056768K)], 0.0024815 secs] [Times: user=0.01 sys=0.00, real=0.00 secs] 
16.171: [GC (Allocation Failure) [PSYoungGen: 20K->32K(1536K)] 7604K->7615K(9728K), 0.0008323 secs] [Times: user=0.00 sys=0.00, real=0.00 secs] 
16.172: [GC (Allocation Failure) [PSYoungGen: 32K->32K(1536K)] 7615K->7615K(9728K), 0.0002715 secs] [Times: user=0.00 sys=0.00, real=0.00 secs] 
16.172: [Full GC (Allocation Failure) [PSYoungGen: 32K->0K(1536K)] [ParOldGen: 7583K->2380K(8192K)] 7615K->2380K(9728K), [Metaspace: 3328K->3328K(1056768K)], 0.0024555 secs] [Times: user=0.00 sys=0.00, real=0.01 secs] 
16.175: [GC (Allocation Failure) [PSYoungGen: 20K->32K(1536K)] 7604K->7616K(9728K), 0.0008368 secs] [Times: user=0.00 sys=0.00, real=0.00 secs] 
16.176: [GC (Allocation Failure) [PSYoungGen: 32K->32K(1536K)] 7616K->7616K(9728K), 0.0002760 secs] [Times: user=0.00 sys=0.00, real=0.00 secs] 
16.176: [Full GC (Allocation Failure) [PSYoungGen: 32K->0K(1536K)] [ParOldGen: 7584K->2380K(8192K)] 7616K->2380K(9728K), [Metaspace: 3328K->3328K(1056768K)], 0.0034315 secs] [Times: user=0.00 sys=0.00, real=0.00 secs] 
16.180: [GC (Allocation Failure) [PSYoungGen: 20K->32K(1536K)] 7605K->7617K(9728K), 0.0008372 secs] [Times: user=0.00 sys=0.00, real=0.00 secs] 
16.181: [GC (Allocation Failure) [PSYoungGen: 32K->32K(1536K)] 7617K->7617K(9728K), 0.0002837 secs] [Times: user=0.00 sys=0.00, real=0.00 secs] 
16.181: [Full GC (Allocation Failure) [PSYoungGen: 32K->0K(1536K)] [ParOldGen: 7585K->2380K(8192K)] 7617K->2380K(9728K), [Metaspace: 3328K->3328K(1056768K)], 0.0025012 secs] [Times: user=0.00 sys=0.00, real=0.01 secs] 
16.184: [GC (Allocation Failure) [PSYoungGen: 20K->32K(1536K)] 7606K->7618K(9728K), 0.0008293 secs] [Times: user=0.01 sys=0.00, real=0.00 secs] 
16.185: [GC (Allocation Failure) [PSYoungGen: 32K->32K(1536K)] 7618K->7618K(9728K), 0.0002666 secs] [Times: user=0.00 sys=0.00, real=0.00 secs] 
16.186: [Full GC (Allocation Failure) [PSYoungGen: 32K->0K(1536K)] [ParOldGen: 7586K->2380K(8192K)] 7618K->2380K(9728K), [Metaspace: 3328K->3328K(1056768K)], 0.0025000 secs] [Times: user=0.00 sys=0.00, real=0.00 secs] 
16.189: [GC (Allocation Failure) [PSYoungGen: 20K->32K(1536K)] 7607K->7618K(9728K), 0.0008424 secs] [Times: user=0.00 sys=0.01, real=0.00 secs] 
16.189: [GC (Allocation Failure) [PSYoungGen: 32K->32K(1536K)] 7618K->7618K(9728K), 0.0002757 secs] [Times: user=0.00 sys=0.00, real=0.00 secs] 
16.190: [Full GC (Allocation Failure) [PSYoungGen: 32K->0K(1536K)] [ParOldGen: 7586K->2381K(8192K)] 7618K->2381K(9728K), [Metaspace: 3328K->3328K(1056768K)], 0.0025337 secs] [Times: user=0.01 sys=0.00, real=0.00 secs] 
16.193: [GC (Allocation Failure) [PSYoungGen: 20K->32K(1536K)] 7608K->7619K(9728K), 0.0008299 secs] [Times: user=0.00 sys=0.00, real=0.00 secs] 
16.194: [GC (Allocation Failure) [PSYoungGen: 32K->32K(1536K)] 7619K->7619K(9728K), 0.0002782 secs] [Times: user=0.00 sys=0.00, real=0.00 secs] 
16.194: [Full GC (Allocation Failure) [PSYoungGen: 32K->0K(1536K)] [ParOldGen: 7587K->2381K(8192K)] 7619K->2381K(9728K), [Metaspace: 3328K->3328K(1056768K)], 0.0025192 secs] [Times: user=0.01 sys=0.00, real=0.00 secs] 
16.197: [GC (Allocation Failure) [PSYoungGen: 20K->32K(1536K)] 7608K->7620K(9728K), 0.0008224 secs] [Times: user=0.00 sys=0.00, real=0.00 secs] 
16.198: [GC (Allocation Failure) [PSYoungGen: 32K->32K(1536K)] 7620K->7620K(9728K), 0.0002646 secs] [Times: user=0.00 sys=0.00, real=0.00 secs] 
16.198: [Full GC (Allocation Failure) [PSYoungGen: 32K->0K(1536K)] [ParOldGen: 7588K->2381K(8192K)] 7620K->2381K(9728K), [Metaspace: 3328K->3328K(1056768K)], 0.0019897 secs] [Times: user=0.01 sys=0.00, real=0.00 secs] 
16.201: [GC (Allocation Failure) [PSYoungGen: 20K->32K(1536K)] 7609K->7621K(9728K), 0.0008339 secs] [Times: user=0.00 sys=0.00, real=0.00 secs] 
16.202: [GC (Allocation Failure) [PSYoungGen: 32K->32K(1536K)] 7621K->7621K(9728K), 0.0002718 secs] [Times: user=0.00 sys=0.00, real=0.00 secs] 
16.202: [Full GC (Allocation Failure) [PSYoungGen: 32K->0K(1536K)] [ParOldGen: 7589K->2381K(8192K)] 7621K->2381K(9728K), [Metaspace: 3328K->3328K(1056768K)], 0.0022090 secs] [Times: user=0.00 sys=0.00, real=0.01 secs] 
16.205: [GC (Allocation Failure) [PSYoungGen: 20K->32K(1536K)] 7610K->7622K(9728K), 0.0008596 secs] [Times: user=0.01 sys=0.00, real=0.00 secs] 
16.205: [GC (Allocation Failure) [PSYoungGen: 32K->32K(1536K)] 7622K->7622K(9728K), 0.0007856 secs] [Times: user=0.00 sys=0.00, real=0.00 secs] 
16.206: [Full GC (Allocation Failure) [PSYoungGen: 32K->0K(1536K)] [ParOldGen: 7590K->2381K(8192K)] 7622K->2381K(9728K), [Metaspace: 3328K->3328K(1056768K)], 0.0021535 secs] [Times: user=0.00 sys=0.00, real=0.00 secs] 
16.209: [GC (Allocation Failure) [PSYoungGen: 20K->32K(1536K)] 7611K->7622K(9728K), 0.0008173 secs] [Times: user=0.01 sys=0.00, real=0.00 secs] 
16.210: [GC (Allocation Failure) [PSYoungGen: 32K->32K(1536K)] 7622K->7622K(9728K), 0.0002734 secs] [Times: user=0.00 sys=0.00, real=0.00 secs] 
16.210: [Full GC (Allocation Failure) [PSYoungGen: 32K->0K(1536K)] [ParOldGen: 7590K->2381K(8192K)] 7622K->2381K(9728K), [Metaspace: 3328K->3328K(1056768K)], 0.0023628 secs] [Times: user=0.00 sys=0.00, real=0.00 secs] 
16.213: [GC (Allocation Failure) [PSYoungGen: 20K->32K(1536K)] 7612K->7623K(9728K), 0.0003240 secs] [Times: user=0.00 sys=0.00, real=0.00 secs] 
16.213: [GC (Allocation Failure) [PSYoungGen: 32K->32K(1536K)] 7623K->7623K(9728K), 0.0002686 secs] [Times: user=0.00 sys=0.00, real=0.00 secs] 
16.214: [Full GC (Allocation Failure) [PSYoungGen: 32K->0K(1536K)] [ParOldGen: 7591K->2381K(8192K)] 7623K->2381K(9728K), [Metaspace: 3328K->3328K(1056768K)], 0.0024890 secs] [Times: user=0.01 sys=0.00, real=0.00 secs] 
16.217: [GC (Allocation Failure) [PSYoungGen: 20K->32K(1536K)] 7612K->7624K(9728K), 0.0008382 secs] [Times: user=0.00 sys=0.00, real=0.00 secs] 
16.217: [GC (Allocation Failure) [PSYoungGen: 32K->32K(1536K)] 7624K->7624K(9728K), 0.0002714 secs] [Times: user=0.00 sys=0.00, real=0.00 secs] 
16.218: [Full GC (Allocation Failure) [PSYoungGen: 32K->0K(1536K)] [ParOldGen: 7592K->2382K(8192K)] 7624K->2382K(9728K), [Metaspace: 3328K->3328K(1056768K)], 0.0019930 secs] [Times: user=0.01 sys=0.00, real=0.00 secs] 
16.220: [GC (Allocation Failure) [PSYoungGen: 20K->32K(1536K)] 7613K->7625K(9728K), 0.0008409 secs] [Times: user=0.00 sys=0.00, real=0.00 secs] 
16.221: [GC (Allocation Failure) [PSYoungGen: 32K->32K(1536K)] 7625K->7625K(9728K), 0.0008257 secs] [Times: user=0.00 sys=0.00, real=0.00 secs] 
16.222: [Full GC (Allocation Failure) [PSYoungGen: 32K->0K(1536K)] [ParOldGen: 7593K->2382K(8192K)] 7625K->2382K(9728K), [Metaspace: 3328K->3328K(1056768K)], 0.0021617 secs] [Times: user=0.00 sys=0.00, real=0.01 secs] 
16.225: [GC (Allocation Failure) [PSYoungGen: 20K->32K(1536K)] 7614K->7626K(9728K), 0.0017349 secs] [Times: user=0.00 sys=0.00, real=0.00 secs] 
16.227: [GC (Allocation Failure) [PSYoungGen: 32K->32K(1536K)] 7626K->7626K(9728K), 0.0013724 secs] [Times: user=0.00 sys=0.00, real=0.00 secs] 
16.228: [Full GC (Allocation Failure) [PSYoungGen: 32K->0K(1536K)] [ParOldGen: 7594K->2382K(8192K)] 7626K->2382K(9728K), [Metaspace: 3328K->3328K(1056768K)], 0.0044557 secs] [Times: user=0.01 sys=0.00, real=0.01 secs] 
16.233: [GC (Allocation Failure) [PSYoungGen: 20K->32K(1536K)] 7615K->7626K(9728K), 0.0008555 secs] [Times: user=0.00 sys=0.00, real=0.00 secs] 
16.234: [GC (Allocation Failure) [PSYoungGen: 32K->32K(1536K)] 7626K->7626K(9728K), 0.0003173 secs] [Times: user=0.00 sys=0.00, real=0.00 secs] 
16.235: [Full GC (Allocation Failure) [PSYoungGen: 32K->0K(1536K)] [ParOldGen: 7594K->2382K(8192K)] 7626K->2382K(9728K), [Metaspace: 3328K->3328K(1056768K)], 0.0025774 secs] [Times: user=0.01 sys=0.00, real=0.00 secs] 
16.238: [GC (Allocation Failure) [PSYoungGen: 20K->32K(1536K)] 7616K->7627K(9728K), 0.0008459 secs] [Times: user=0.00 sys=0.00, real=0.00 secs] 
16.238: [GC (Allocation Failure) [PSYoungGen: 32K->32K(1536K)] 7627K->7627K(9728K), 0.0002829 secs] [Times: user=0.00 sys=0.00, real=0.00 secs] 
16.239: [Full GC (Allocation Failure) [PSYoungGen: 32K->0K(1536K)] [ParOldGen: 7595K->2382K(8192K)] 7627K->2382K(9728K), [Metaspace: 3328K->3328K(1056768K)], 0.0027891 secs] [Times: user=0.01 sys=0.00, real=0.00 secs] 
16.242: [GC (Allocation Failure) [PSYoungGen: 20K->32K(1536K)] 7616K->7628K(9728K), 0.0005094 secs] [Times: user=0.00 sys=0.00, real=0.01 secs] 
16.243: [GC (Allocation Failure) [PSYoungGen: 32K->32K(1536K)] 7628K->7628K(9728K), 0.0003252 secs] [Times: user=0.00 sys=0.00, real=0.00 secs] 
16.243: [Full GC (Allocation Failure) [PSYoungGen: 32K->0K(1536K)] [ParOldGen: 7596K->2382K(8192K)] 7628K->2382K(9728K), [Metaspace: 3328K->3328K(1056768K)], 0.0025606 secs] [Times: user=0.00 sys=0.00, real=0.00 secs] 
16.246: [GC (Allocation Failure) [PSYoungGen: 20K->32K(1536K)] 7617K->7629K(9728K), 0.0008349 secs] [Times: user=0.00 sys=0.00, real=0.00 secs] 
16.247: [GC (Allocation Failure) [PSYoungGen: 32K->32K(1536K)] 7629K->7629K(9728K), 0.0002805 secs] [Times: user=0.00 sys=0.00, real=0.00 secs] 
16.248: [Full GC (Allocation Failure) [PSYoungGen: 32K->0K(1536K)] [ParOldGen: 7597K->2383K(8192K)] 7629K->2383K(9728K), [Metaspace: 3328K->3328K(1056768K)], 0.0020739 secs] [Times: user=0.00 sys=0.00, real=0.00 secs] 
16.250: [GC (Allocation Failure) [PSYoungGen: 20K->32K(1536K)] 7618K->7630K(9728K), 0.0008364 secs] [Times: user=0.00 sys=0.00, real=0.00 secs] 
16.251: [GC (Allocation Failure) [PSYoungGen: 32K->32K(1536K)] 7630K->7630K(9728K), 0.0002708 secs] [Times: user=0.01 sys=0.00, real=0.00 secs] 
16.251: [Full GC (Allocation Failure) [PSYoungGen: 32K->0K(1536K)] [ParOldGen: 7598K->2383K(8192K)] 7630K->2383K(9728K), [Metaspace: 3328K->3328K(1056768K)], 0.0024949 secs] [Times: user=0.00 sys=0.00, real=0.01 secs] 
16.254: [GC (Allocation Failure) [PSYoungGen: 20K->32K(1536K)] 7619K->7630K(9728K), 0.0003269 secs] [Times: user=0.00 sys=0.00, real=0.00 secs] 
16.255: [GC (Allocation Failure) [PSYoungGen: 32K->32K(1536K)] 7630K->7630K(9728K), 0.0007976 secs] [Times: user=0.00 sys=0.00, real=0.00 secs] 
16.255: [Full GC (Allocation Failure) [PSYoungGen: 32K->0K(1536K)] [ParOldGen: 7598K->2383K(8192K)] 7630K->2383K(9728K), [Metaspace: 3328K->3328K(1056768K)], 0.0020381 secs] [Times: user=0.01 sys=0.00, real=0.00 secs] 
16.258: [GC (Allocation Failure) [PSYoungGen: 20K->32K(1536K)] 7620K->7631K(9728K), 0.0005316 secs] [Times: user=0.00 sys=0.00, real=0.00 secs] 
16.259: [GC (Allocation Failure) [PSYoungGen: 32K->32K(1536K)] 7631K->7631K(9728K), 0.0003520 secs] [Times: user=0.00 sys=0.00, real=0.00 secs] 
16.259: [Full GC (Allocation Failure) [PSYoungGen: 32K->0K(1536K)] [ParOldGen: 7599K->2383K(8192K)] 7631K->2383K(9728K), [Metaspace: 3328K->3328K(1056768K)], 0.0020022 secs] [Times: user=0.00 sys=0.00, real=0.00 secs] 
16.261: [GC (Allocation Failure) [PSYoungGen: 20K->32K(1536K)] 7620K->7632K(9728K), 0.0008289 secs] [Times: user=0.00 sys=0.00, real=0.00 secs] 
16.262: [GC (Allocation Failure) [PSYoungGen: 32K->32K(1536K)] 7632K->7632K(9728K), 0.0002502 secs] [Times: user=0.00 sys=0.00, real=0.00 secs] 
16.263: [Full GC (Allocation Failure) [PSYoungGen: 32K->0K(1536K)] [ParOldGen: 7600K->2383K(8192K)] 7632K->2383K(9728K), [Metaspace: 3328K->3328K(1056768K)], 0.0024666 secs] [Times: user=0.00 sys=0.00, real=0.00 secs] 
16.266: [GC (Allocation Failure) [PSYoungGen: 20K->32K(1536K)] 7621K->7633K(9728K), 0.0008275 secs] [Times: user=0.01 sys=0.00, real=0.00 secs] 
16.266: [GC (Allocation Failure) [PSYoungGen: 32K->32K(1536K)] 7633K->7633K(9728K), 0.0002779 secs] [Times: user=0.00 sys=0.00, real=0.00 secs] 
16.267: [Full GC (Allocation Failure) [PSYoungGen: 32K->0K(1536K)] [ParOldGen: 7601K->2383K(8192K)] 7633K->2383K(9728K), [Metaspace: 3328K->3328K(1056768K)], 0.0020604 secs] [Times: user=0.00 sys=0.00, real=0.00 secs] 
16.269: [GC (Allocation Failure) [PSYoungGen: 20K->32K(1536K)] 7622K->7634K(9728K), 0.0008261 secs] [Times: user=0.00 sys=0.00, real=0.00 secs] 
16.270: [GC (Allocation Failure) [PSYoungGen: 32K->32K(1536K)] 7634K->7634K(9728K), 0.0003158 secs] [Times: user=0.00 sys=0.00, real=0.00 secs] 
16.270: [Full GC (Allocation Failure) [PSYoungGen: 32K->0K(1536K)] [ParOldGen: 7602K->2384K(8192K)] 7634K->2384K(9728K), [Metaspace: 3328K->3328K(1056768K)], 0.0020105 secs] [Times: user=0.01 sys=0.01, real=0.00 secs] 
16.273: [GC (Allocation Failure) [PSYoungGen: 20K->32K(1536K)] 7623K->7634K(9728K), 0.0003271 secs] [Times: user=0.00 sys=0.00, real=0.00 secs] 
16.273: [GC (Allocation Failure) [PSYoungGen: 32K->32K(1536K)] 7634K->7634K(9728K), 0.0002708 secs] [Times: user=0.00 sys=0.00, real=0.00 secs] 
16.274: [Full GC (Allocation Failure) [PSYoungGen: 32K->0K(1536K)] [ParOldGen: 7602K->2384K(8192K)] 7634K->2384K(9728K), [Metaspace: 3328K->3328K(1056768K)], 0.0021801 secs] [Times: user=0.00 sys=0.00, real=0.00 secs] 
16.276: [GC (Allocation Failure) [PSYoungGen: 20K->32K(1536K)] 7624K->7635K(9728K), 0.0003155 secs] [Times: user=0.00 sys=0.00, real=0.00 secs] 
16.277: [GC (Allocation Failure) [PSYoungGen: 32K->32K(1536K)] 7635K->7635K(9728K), 0.0002606 secs] [Times: user=0.00 sys=0.00, real=0.00 secs] 
16.277: [Full GC (Allocation Failure) [PSYoungGen: 32K->0K(1536K)] [ParOldGen: 7603K->2384K(8192K)] 7635K->2384K(9728K), [Metaspace: 3328K->3328K(1056768K)], 0.0025473 secs] [Times: user=0.00 sys=0.00, real=0.00 secs] 
16.280: [GC (Allocation Failure) [PSYoungGen: 20K->32K(1536K)] 7624K->7636K(9728K), 0.0003313 secs] [Times: user=0.00 sys=0.00, real=0.00 secs] 
16.280: [GC (Allocation Failure) [PSYoungGen: 32K->32K(1536K)] 7636K->7636K(9728K), 0.0006495 secs] [Times: user=0.00 sys=0.00, real=0.00 secs] 
16.281: [Full GC (Allocation Failure) [PSYoungGen: 32K->0K(1536K)] [ParOldGen: 7604K->2384K(8192K)] 7636K->2384K(9728K), [Metaspace: 3328K->3328K(1056768K)], 0.0026601 secs] [Times: user=0.01 sys=0.00, real=0.01 secs] 
16.284: [GC (Allocation Failure) [PSYoungGen: 20K->32K(1536K)] 7625K->7637K(9728K), 0.0003625 secs] [Times: user=0.00 sys=0.00, real=0.00 secs] 
16.285: [GC (Allocation Failure) [PSYoungGen: 32K->32K(1536K)] 7637K->7637K(9728K), 0.0002894 secs] [Times: user=0.00 sys=0.00, real=0.00 secs] 
16.285: [Full GC (Allocation Failure) [PSYoungGen: 32K->0K(1536K)] [ParOldGen: 7605K->2384K(8192K)] 7637K->2384K(9728K), [Metaspace: 3328K->3328K(1056768K)], 0.0022553 secs] [Times: user=0.01 sys=0.00, real=0.00 secs] 
16.288: [GC (Allocation Failure) [PSYoungGen: 20K->32K(1536K)] 7626K->7638K(9728K), 0.0005331 secs] [Times: user=0.00 sys=0.00, real=0.00 secs] 
16.289: [GC (Allocation Failure) [PSYoungGen: 32K->32K(1536K)] 7638K->7638K(9728K), 0.0003938 secs] [Times: user=0.00 sys=0.00, real=0.00 secs] 
16.289: [Full GC (Allocation Failure) [PSYoungGen: 32K->0K(1536K)] [ParOldGen: 7606K->2384K(8192K)] 7638K->2384K(9728K), [Metaspace: 3328K->3328K(1056768K)], 0.0025465 secs] [Times: user=0.00 sys=0.00, real=0.00 secs] 
16.292: [GC (Allocation Failure) [PSYoungGen: 20K->32K(1536K)] 7627K->7638K(9728K), 0.0008452 secs] [Times: user=0.01 sys=0.00, real=0.01 secs] 
16.293: [GC (Allocation Failure) [PSYoungGen: 32K->32K(1536K)] 7638K->7638K(9728K), 0.0002830 secs] [Times: user=0.00 sys=0.00, real=0.00 secs] 
16.293: [Full GC (Allocation Failure) [PSYoungGen: 32K->0K(1536K)] [ParOldGen: 7606K->2385K(8192K)] 7638K->2385K(9728K), [Metaspace: 3328K->3328K(1056768K)], 0.0021606 secs] [Times: user=0.00 sys=0.00, real=0.00 secs] 
16.296: [GC (Allocation Failure) [PSYoungGen: 20K->32K(1536K)] 7628K->7639K(9728K), 0.0008408 secs] [Times: user=0.00 sys=0.00, real=0.00 secs] 
16.297: [GC (Allocation Failure) [PSYoungGen: 32K->32K(1536K)] 7639K->7639K(9728K), 0.0003127 secs] [Times: user=0.00 sys=0.00, real=0.00 secs] 
16.297: [Full GC (Allocation Failure) [PSYoungGen: 32K->0K(1536K)] [ParOldGen: 7607K->2385K(8192K)] 7639K->2385K(9728K), [Metaspace: 3328K->3328K(1056768K)], 0.0021936 secs] [Times: user=0.01 sys=0.00, real=0.00 secs] 
16.300: [GC (Allocation Failure) [PSYoungGen: 20K->32K(1536K)] 7628K->7640K(9728K), 0.0008364 secs] [Times: user=0.00 sys=0.00, real=0.00 secs] 
16.301: [GC (Allocation Failure) [PSYoungGen: 32K->32K(1536K)] 7640K->7640K(9728K), 0.0002856 secs] [Times: user=0.00 sys=0.00, real=0.00 secs] 
16.301: [Full GC (Allocation Failure) [PSYoungGen: 32K->0K(1536K)] [ParOldGen: 7608K->2385K(8192K)] 7640K->2385K(9728K), [Metaspace: 3328K->3328K(1056768K)], 0.0024905 secs] [Times: user=0.01 sys=0.00, real=0.01 secs] 
16.304: [GC (Allocation Failure) [PSYoungGen: 20K->32K(1536K)] 7629K->7641K(9728K), 0.0008993 secs] [Times: user=0.00 sys=0.00, real=0.00 secs] 
16.305: [GC (Allocation Failure) [PSYoungGen: 32K->32K(1536K)] 7641K->7641K(9728K), 0.0003344 secs] [Times: user=0.00 sys=0.00, real=0.00 secs] 
16.305: [Full GC (Allocation Failure) [PSYoungGen: 32K->0K(1536K)] [ParOldGen: 7609K->2385K(8192K)] 7641K->2385K(9728K), [Metaspace: 3328K->3328K(1056768K)], 0.0031229 secs] [Times: user=0.01 sys=0.00, real=0.00 secs] 
16.309: [GC (Allocation Failure) [PSYoungGen: 20K->32K(1536K)] 7630K->7642K(9728K), 0.0005147 secs] [Times: user=0.00 sys=0.00, real=0.00 secs] 
16.309: [GC (Allocation Failure) [PSYoungGen: 32K->32K(1536K)] 7642K->7642K(9728K), 0.0008156 secs] [Times: user=0.00 sys=0.00, real=0.00 secs] 
16.310: [Full GC (Allocation Failure) [PSYoungGen: 32K->0K(1536K)] [ParOldGen: 7610K->2385K(8192K)] 7642K->2385K(9728K), [Metaspace: 3328K->3328K(1056768K)], 0.0029449 secs] [Times: user=0.01 sys=0.00, real=0.01 secs] 
16.314: [GC (Allocation Failure) [PSYoungGen: 20K->32K(1536K)] 7631K->7642K(9728K), 0.0003864 secs] [Times: user=0.00 sys=0.00, real=0.00 secs] 
16.314: [GC (Allocation Failure) [PSYoungGen: 32K->32K(1536K)] 7642K->7642K(9728K), 0.0008020 secs] [Times: user=0.00 sys=0.00, real=0.00 secs] 
16.315: [Full GC (Allocation Failure) [PSYoungGen: 32K->0K(1536K)] [ParOldGen: 7610K->2385K(8192K)] 7642K->2385K(9728K), [Metaspace: 3328K->3328K(1056768K)], 0.0019909 secs] [Times: user=0.01 sys=0.00, real=0.00 secs] 
16.317: [GC (Allocation Failure) [PSYoungGen: 20K->32K(1536K)] 7632K->7643K(9728K), 0.0008841 secs] [Times: user=0.00 sys=0.00, real=0.00 secs] 
16.318: [GC (Allocation Failure) [PSYoungGen: 32K->32K(1536K)] 7643K->7643K(9728K), 0.0002709 secs] [Times: user=0.00 sys=0.00, real=0.00 secs] 
16.319: [Full GC (Allocation Failure) [PSYoungGen: 32K->0K(1536K)] [ParOldGen: 7611K->2385K(8192K)] 7643K->2385K(9728K), [Metaspace: 3328K->3328K(1056768K)], 0.0019670 secs] [Times: user=0.00 sys=0.00, real=0.00 secs] 
16.321: [GC (Allocation Failure) [PSYoungGen: 20K->32K(1536K)] 7632K->7644K(9728K), 0.0008361 secs] [Times: user=0.01 sys=0.00, real=0.00 secs] 
16.322: [GC (Allocation Failure) [PSYoungGen: 32K->32K(1536K)] 7644K->7644K(9728K), 0.0002847 secs] [Times: user=0.00 sys=0.00, real=0.00 secs] 
16.322: [Full GC (Allocation Failure) [PSYoungGen: 32K->0K(1536K)] [ParOldGen: 7612K->2386K(8192K)] 7644K->2386K(9728K), [Metaspace: 3328K->3328K(1056768K)], 0.0020033 secs] [Times: user=0.00 sys=0.00, real=0.01 secs] 
16.325: [GC (Allocation Failure) [PSYoungGen: 20K->32K(1536K)] 7633K->7645K(9728K), 0.0008314 secs] [Times: user=0.00 sys=0.00, real=0.00 secs] 
16.326: [GC (Allocation Failure) [PSYoungGen: 32K->32K(1536K)] 7645K->7645K(9728K), 0.0002690 secs] [Times: user=0.00 sys=0.00, real=0.00 secs] 
16.326: [Full GC (Allocation Failure) [PSYoungGen: 32K->0K(1536K)] [ParOldGen: 7613K->2386K(8192K)] 7645K->2386K(9728K), [Metaspace: 3328K->3328K(1056768K)], 0.0024566 secs] [Times: user=0.01 sys=0.00, real=0.00 secs] 
16.329: [GC (Allocation Failure) [PSYoungGen: 20K->32K(1536K)] 7634K->7646K(9728K), 0.0008210 secs] [Times: user=0.00 sys=0.00, real=0.00 secs] 
16.330: [GC (Allocation Failure) [PSYoungGen: 32K->32K(1536K)] 7646K->7646K(9728K), 0.0002420 secs] [Times: user=0.00 sys=0.00, real=0.00 secs] 
16.330: [Full GC (Allocation Failure) [PSYoungGen: 32K->0K(1536K)] [ParOldGen: 7614K->2386K(8192K)] 7646K->2386K(9728K), [Metaspace: 3328K->3328K(1056768K)], 0.0023655 secs] [Times: user=0.01 sys=0.00, real=0.00 secs] 
16.333: [GC (Allocation Failure) [PSYoungGen: 20K->32K(1536K)] 7635K->7646K(9728K), 0.0003359 secs] [Times: user=0.00 sys=0.00, real=0.00 secs] 
16.333: [GC (Allocation Failure) [PSYoungGen: 32K->32K(1536K)] 7646K->7646K(9728K), 0.0002539 secs] [Times: user=0.00 sys=0.00, real=0.00 secs] 
16.334: [Full GC (Allocation Failure) [PSYoungGen: 32K->0K(1536K)] [ParOldGen: 7614K->2386K(8192K)] 7646K->2386K(9728K), [Metaspace: 3328K->3328K(1056768K)], 0.0025107 secs] [Times: user=0.00 sys=0.00, real=0.00 secs] 
16.337: [GC (Allocation Failure) [PSYoungGen: 20K->32K(1536K)] 7636K->7647K(9728K), 0.0003224 secs] [Times: user=0.01 sys=0.00, real=0.00 secs] 
16.337: [GC (Allocation Failure) [PSYoungGen: 32K->32K(1536K)] 7647K->7647K(9728K), 0.0002727 secs] [Times: user=0.00 sys=0.00, real=0.00 secs] 
16.337: [Full GC (Allocation Failure) [PSYoungGen: 32K->0K(1536K)] [ParOldGen: 7615K->2386K(8192K)] 7647K->2386K(9728K), [Metaspace: 3328K->3328K(1056768K)], 0.0024096 secs] [Times: user=0.00 sys=0.00, real=0.00 secs] 
16.340: [GC (Allocation Failure) [PSYoungGen: 20K->32K(1536K)] 7636K->7648K(9728K), 0.0008287 secs] [Times: user=0.00 sys=0.00, real=0.00 secs] 
16.341: [GC (Allocation Failure) [PSYoungGen: 32K->32K(1536K)] 7648K->7648K(9728K), 0.0003199 secs] [Times: user=0.00 sys=0.00, real=0.00 secs] 
16.341: [Full GC (Allocation Failure) [PSYoungGen: 32K->0K(1536K)] [ParOldGen: 7616K->2386K(8192K)] 7648K->2386K(9728K), [Metaspace: 3328K->3328K(1056768K)], 0.0024890 secs] [Times: user=0.01 sys=0.00, real=0.01 secs] 
16.344: [GC (Allocation Failure) [PSYoungGen: 20K->32K(1536K)] 7637K->7649K(9728K), 0.0008432 secs] [Times: user=0.00 sys=0.00, real=0.00 secs] 
16.345: [GC (Allocation Failure) [PSYoungGen: 32K->32K(1536K)] 7649K->7649K(9728K), 0.0002717 secs] [Times: user=0.00 sys=0.00, real=0.00 secs] 
16.345: [Full GC (Allocation Failure) [PSYoungGen: 32K->0K(1536K)] [ParOldGen: 7617K->2387K(8192K)] 7649K->2387K(9728K), [Metaspace: 3328K->3328K(1056768K)], 0.0021206 secs] [Times: user=0.01 sys=0.00, real=0.00 secs] 
16.348: [GC (Allocation Failure) [PSYoungGen: 20K->32K(1536K)] 7638K->7650K(9728K), 0.0008545 secs] [Times: user=0.00 sys=0.00, real=0.00 secs] 
16.349: [GC (Allocation Failure) [PSYoungGen: 32K->32K(1536K)] 7650K->7650K(9728K), 0.0002785 secs] [Times: user=0.00 sys=0.00, real=0.00 secs] 
16.349: [Full GC (Allocation Failure) [PSYoungGen: 32K->0K(1536K)] [ParOldGen: 7618K->2387K(8192K)] 7650K->2387K(9728K), [Metaspace: 3328K->3328K(1056768K)], 0.0021683 secs] [Times: user=0.01 sys=0.00, real=0.00 secs] 
16.352: [GC (Allocation Failure) [PSYoungGen: 20K->32K(1536K)] 7639K->7650K(9728K), 0.0003713 secs] [Times: user=0.00 sys=0.01, real=0.00 secs] 
16.352: [GC (Allocation Failure) [PSYoungGen: 32K->32K(1536K)] 7650K->7650K(9728K), 0.0002859 secs] [Times: user=0.00 sys=0.00, real=0.01 secs] 
16.353: [Full GC (Allocation Failure) [PSYoungGen: 32K->0K(1536K)] [ParOldGen: 7618K->2387K(8192K)] 7650K->2387K(9728K), [Metaspace: 3328K->3328K(1056768K)], 0.0020821 secs] [Times: user=0.00 sys=0.00, real=0.00 secs] 
16.355: [GC (Allocation Failure) [PSYoungGen: 20K->32K(1536K)] 7640K->7651K(9728K), 0.0008399 secs] [Times: user=0.00 sys=0.00, real=0.00 secs] 
16.356: [GC (Allocation Failure) [PSYoungGen: 32K->32K(1536K)] 7651K->7651K(9728K), 0.0002842 secs] [Times: user=0.00 sys=0.00, real=0.00 secs] 
16.356: [Full GC (Allocation Failure) [PSYoungGen: 32K->0K(1536K)] [ParOldGen: 7619K->2387K(8192K)] 7651K->2387K(9728K), [Metaspace: 3328K->3328K(1056768K)], 0.0023311 secs] [Times: user=0.01 sys=0.00, real=0.00 secs] 
16.359: [GC (Allocation Failure) [PSYoungGen: 20K->32K(1536K)] 7640K->7652K(9728K), 0.0008403 secs] [Times: user=0.00 sys=0.00, real=0.00 secs] 
16.360: [GC (Allocation Failure) [PSYoungGen: 32K->32K(1536K)] 7652K->7652K(9728K), 0.0003482 secs] [Times: user=0.00 sys=0.00, real=0.00 secs] 
16.360: [Full GC (Allocation Failure) [PSYoungGen: 32K->0K(1536K)] [ParOldGen: 7620K->2387K(8192K)] 7652K->2387K(9728K), [Metaspace: 3328K->3328K(1056768K)], 0.0021571 secs] [Times: user=0.01 sys=0.00, real=0.01 secs] 
16.363: [GC (Allocation Failure) [PSYoungGen: 20K->32K(1536K)] 7641K->7653K(9728K), 0.0004799 secs] [Times: user=0.00 sys=0.00, real=0.00 secs] 
16.364: [GC (Allocation Failure) [PSYoungGen: 32K->32K(1536K)] 7653K->7653K(9728K), 0.0002865 secs] [Times: user=0.00 sys=0.00, real=0.00 secs] 
16.364: [Full GC (Allocation Failure) [PSYoungGen: 32K->0K(1536K)] [ParOldGen: 7621K->2387K(8192K)] 7653K->2387K(9728K), [Metaspace: 3328K->3328K(1056768K)], 0.0025371 secs] [Times: user=0.00 sys=0.00, real=0.00 secs] 
16.367: [GC (Allocation Failure) [PSYoungGen: 20K->32K(1536K)] 7642K->7654K(9728K), 0.0008395 secs] [Times: user=0.00 sys=0.00, real=0.00 secs] 
16.368: [GC (Allocation Failure) [PSYoungGen: 32K->32K(1536K)] 7654K->7654K(9728K), 0.0003353 secs] [Times: user=0.00 sys=0.00, real=0.00 secs] 
16.368: [Full GC (Allocation Failure) [PSYoungGen: 32K->0K(1536K)] [ParOldGen: 7622K->2388K(8192K)] 7654K->2388K(9728K), [Metaspace: 3328K->3328K(1056768K)], 0.0025102 secs] [Times: user=0.00 sys=0.00, real=0.00 secs] 
16.371: [GC (Allocation Failure) [PSYoungGen: 20K->32K(1536K)] 7643K->7654K(9728K), 0.0008317 secs] [Times: user=0.01 sys=0.00, real=0.00 secs] 
16.372: [GC (Allocation Failure) [PSYoungGen: 32K->32K(1536K)] 7654K->7654K(9728K), 0.0008210 secs] [Times: user=0.00 sys=0.00, real=0.01 secs] 
16.373: [Full GC (Allocation Failure) [PSYoungGen: 32K->0K(1536K)] [ParOldGen: 7622K->2388K(8192K)] 7654K->2388K(9728K), [Metaspace: 3328K->3328K(1056768K)], 0.0030985 secs] [Times: user=0.00 sys=0.00, real=0.00 secs] 
16.377: [GC (Allocation Failure) [PSYoungGen: 20K->32K(1536K)] 7644K->7655K(9728K), 0.0008350 secs] [Times: user=0.01 sys=0.00, real=0.00 secs] 
16.377: [GC (Allocation Failure) [PSYoungGen: 32K->32K(1536K)] 7655K->7655K(9728K), 0.0002731 secs] [Times: user=0.00 sys=0.00, real=0.00 secs] 
16.378: [Full GC (Allocation Failure) [PSYoungGen: 32K->0K(1536K)] [ParOldGen: 7623K->2388K(8192K)] 7655K->2388K(9728K), [Metaspace: 3328K->3328K(1056768K)], 0.0021942 secs] [Times: user=0.00 sys=0.00, real=0.00 secs] 
16.380: [GC (Allocation Failure) [PSYoungGen: 20K->32K(1536K)] 7644K->7656K(9728K), 0.0008369 secs] [Times: user=0.00 sys=0.00, real=0.00 secs] 
16.381: [GC (Allocation Failure) [PSYoungGen: 32K->32K(1536K)] 7656K->7656K(9728K), 0.0003145 secs] [Times: user=0.01 sys=0.00, real=0.00 secs] 
16.382: [Full GC (Allocation Failure) [PSYoungGen: 32K->0K(1536K)] [ParOldGen: 7624K->2388K(8192K)] 7656K->2388K(9728K), [Metaspace: 3328K->3328K(1056768K)], 0.0024866 secs] [Times: user=0.00 sys=0.00, real=0.01 secs] 
16.385: [GC (Allocation Failure) [PSYoungGen: 20K->32K(1536K)] 7645K->7657K(9728K), 0.0004718 secs] [Times: user=0.00 sys=0.00, real=0.00 secs] 
16.385: [GC (Allocation Failure) [PSYoungGen: 32K->32K(1536K)] 7657K->7657K(9728K), 0.0007439 secs] [Times: user=0.00 sys=0.00, real=0.00 secs] 
16.386: [Full GC (Allocation Failure) [PSYoungGen: 32K->0K(1536K)] [ParOldGen: 7625K->2388K(8192K)] 7657K->2388K(9728K), [Metaspace: 3328K->3328K(1056768K)], 0.0027267 secs] [Times: user=0.01 sys=0.00, real=0.00 secs] 
16.389: [GC (Allocation Failure) [PSYoungGen: 20K->32K(1536K)] 7646K->7658K(9728K), 0.0009024 secs] [Times: user=0.00 sys=0.00, real=0.00 secs] 
16.390: [GC (Allocation Failure) [PSYoungGen: 32K->32K(1536K)] 7658K->7658K(9728K), 0.0008208 secs] [Times: user=0.00 sys=0.00, real=0.00 secs] 
16.391: [Full GC (Allocation Failure) [PSYoungGen: 32K->0K(1536K)] [ParOldGen: 7626K->2388K(8192K)] 7658K->2388K(9728K), [Metaspace: 3328K->3328K(1056768K)], 0.0020612 secs] [Times: user=0.01 sys=0.00, real=0.01 secs] 
16.394: [GC (Allocation Failure) [PSYoungGen: 20K->32K(1536K)] 7647K->7658K(9728K), 0.0008199 secs] [Times: user=0.00 sys=0.00, real=0.00 secs] 
16.394: [GC (Allocation Failure) [PSYoungGen: 32K->32K(1536K)] 7658K->7658K(9728K), 0.0003548 secs] [Times: user=0.00 sys=0.00, real=0.00 secs] 
16.395: [Full GC (Allocation Failure) [PSYoungGen: 32K->0K(1536K)] [ParOldGen: 7626K->2389K(8192K)] 7658K->2389K(9728K), [Metaspace: 3328K->3328K(1056768K)], 0.0025476 secs] [Times: user=0.01 sys=0.00, real=0.00 secs] 
16.398: [GC (Allocation Failure) [PSYoungGen: 20K->32K(1536K)] 7648K->7659K(9728K), 0.0003168 secs] [Times: user=0.00 sys=0.00, real=0.00 secs] 
16.398: [GC (Allocation Failure) [PSYoungGen: 32K->32K(1536K)] 7659K->7659K(9728K), 0.0002588 secs] [Times: user=0.00 sys=0.00, real=0.00 secs] 
16.399: [Full GC (Allocation Failure) [PSYoungGen: 32K->0K(1536K)] [ParOldGen: 7627K->2389K(8192K)] 7659K->2389K(9728K), [Metaspace: 3328K->3328K(1056768K)], 0.0025061 secs] [Times: user=0.00 sys=0.00, real=0.00 secs] 
16.401: [GC (Allocation Failure) [PSYoungGen: 20K->32K(1536K)] 7648K->7660K(9728K), 0.0005146 secs] [Times: user=0.00 sys=0.00, real=0.00 secs] 
16.402: [GC (Allocation Failure) [PSYoungGen: 32K->32K(1536K)] 7660K->7660K(9728K), 0.0002791 secs] [Times: user=0.01 sys=0.00, real=0.00 secs] 
16.402: [Full GC (Allocation Failure) [PSYoungGen: 32K->0K(1536K)] [ParOldGen: 7628K->2389K(8192K)] 7660K->2389K(9728K), [Metaspace: 3328K->3328K(1056768K)], 0.0021241 secs] [Times: user=0.00 sys=0.00, real=0.01 secs] 
16.405: [GC (Allocation Failure) [PSYoungGen: 20K->32K(1536K)] 7649K->7661K(9728K), 0.0008357 secs] [Times: user=0.00 sys=0.00, real=0.00 secs] 
16.406: [GC (Allocation Failure) [PSYoungGen: 32K->32K(1536K)] 7661K->7661K(9728K), 0.0002707 secs] [Times: user=0.00 sys=0.00, real=0.00 secs] 
16.406: [Full GC (Allocation Failure) [PSYoungGen: 32K->0K(1536K)] [ParOldGen: 7629K->2389K(8192K)] 7661K->2389K(9728K), [Metaspace: 3328K->3328K(1056768K)], 0.0021099 secs] [Times: user=0.01 sys=0.00, real=0.00 secs] 
16.409: [GC (Allocation Failure) [PSYoungGen: 20K->32K(1536K)] 7650K->7662K(9728K), 0.0008321 secs] [Times: user=0.00 sys=0.00, real=0.00 secs] 
16.410: [GC (Allocation Failure) [PSYoungGen: 32K->32K(1536K)] 7662K->7662K(9728K), 0.0002800 secs] [Times: user=0.00 sys=0.00, real=0.00 secs] 
16.410: [Full GC (Allocation Failure) [PSYoungGen: 32K->0K(1536K)] [ParOldGen: 7630K->2389K(8192K)] 7662K->2389K(9728K), [Metaspace: 3328K->3328K(1056768K)], 0.0023318 secs] [Times: user=0.01 sys=0.00, real=0.00 secs] 
16.413: [GC (Allocation Failure) [PSYoungGen: 20K->32K(1536K)] 7651K->7662K(9728K), 0.0008318 secs] [Times: user=0.00 sys=0.00, real=0.00 secs] 
16.414: [GC (Allocation Failure) [PSYoungGen: 32K->32K(1536K)] 7662K->7662K(9728K), 0.0002849 secs] [Times: user=0.00 sys=0.00, real=0.00 secs] 
16.414: [Full GC (Allocation Failure) [PSYoungGen: 32K->0K(1536K)] [ParOldGen: 7630K->2389K(8192K)] 7662K->2389K(9728K), [Metaspace: 3328K->3328K(1056768K)], 0.0021431 secs] [Times: user=0.00 sys=0.00, real=0.00 secs] 
16.417: [GC (Allocation Failure) [PSYoungGen: 20K->32K(1536K)] 7652K->7663K(9728K), 0.0008407 secs] [Times: user=0.01 sys=0.00, real=0.00 secs] 
16.417: [GC (Allocation Failure) [PSYoungGen: 32K->32K(1536K)] 7663K->7663K(9728K), 0.0002837 secs] [Times: user=0.00 sys=0.00, real=0.00 secs] 
16.418: [Full GC (Allocation Failure) [PSYoungGen: 32K->0K(1536K)] [ParOldGen: 7631K->2389K(8192K)] 7663K->2389K(9728K), [Metaspace: 3328K->3328K(1056768K)], 0.0023387 secs] [Times: user=0.00 sys=0.00, real=0.00 secs] 
16.421: [GC (Allocation Failure) [PSYoungGen: 20K->32K(1536K)] 7652K->7664K(9728K), 0.0008258 secs] [Times: user=0.00 sys=0.00, real=0.00 secs] 
16.421: [GC (Allocation Failure) [PSYoungGen: 32K->32K(1536K)] 7664K->7664K(9728K), 0.0007931 secs] [Times: user=0.01 sys=0.00, real=0.00 secs] 
16.422: [Full GC (Allocation Failure) [PSYoungGen: 32K->0K(1536K)] [ParOldGen: 7632K->2390K(8192K)] 7664K->2390K(9728K), [Metaspace: 3328K->3328K(1056768K)], 0.0020623 secs] [Times: user=0.00 sys=0.00, real=0.01 secs] 
16.425: [GC (Allocation Failure) [PSYoungGen: 20K->32K(1536K)] 7653K->7665K(9728K), 0.0008308 secs] [Times: user=0.00 sys=0.00, real=0.00 secs] 
16.426: [GC (Allocation Failure) [PSYoungGen: 32K->32K(1536K)] 7665K->7665K(9728K), 0.0002823 secs] [Times: user=0.00 sys=0.00, real=0.00 secs] 
16.426: [Full GC (Allocation Failure) [PSYoungGen: 32K->0K(1536K)] [ParOldGen: 7633K->2390K(8192K)] 7665K->2390K(9728K), [Metaspace: 3328K->3328K(1056768K)], 0.0020308 secs] [Times: user=0.01 sys=0.00, real=0.00 secs] 
16.429: [GC (Allocation Failure) [PSYoungGen: 20K->32K(1536K)] 7654K->7666K(9728K), 0.0008367 secs] [Times: user=0.00 sys=0.00, real=0.00 secs] 
16.429: [GC (Allocation Failure) [PSYoungGen: 32K->32K(1536K)] 7666K->7666K(9728K), 0.0007827 secs] [Times: user=0.00 sys=0.00, real=0.00 secs] 
16.430: [Full GC (Allocation Failure) [PSYoungGen: 32K->0K(1536K)] [ParOldGen: 7634K->2390K(8192K)] 7666K->2390K(9728K), [Metaspace: 3328K->3328K(1056768K)], 0.0021778 secs] [Times: user=0.01 sys=0.00, real=0.00 secs] 
16.433: [GC (Allocation Failure) [PSYoungGen: 20K->32K(1536K)] 7655K->7666K(9728K), 0.0008479 secs] [Times: user=0.00 sys=0.00, real=0.00 secs] 
16.434: [GC (Allocation Failure) [PSYoungGen: 32K->32K(1536K)] 7666K->7666K(9728K), 0.0002860 secs] [Times: user=0.00 sys=0.00, real=0.00 secs] 
16.434: [Full GC (Allocation Failure) [PSYoungGen: 32K->0K(1536K)] [ParOldGen: 7634K->2390K(8192K)] 7666K->2390K(9728K), [Metaspace: 3328K->3328K(1056768K)], 0.0024232 secs] [Times: user=0.01 sys=0.00, real=0.00 secs] 
16.437: [GC (Allocation Failure) [PSYoungGen: 20K->32K(1536K)] 7656K->7667K(9728K), 0.0008370 secs] [Times: user=0.00 sys=0.00, real=0.00 secs] 
16.438: [GC (Allocation Failure) [PSYoungGen: 32K->32K(1536K)] 7667K->7667K(9728K), 0.0003115 secs] [Times: user=0.00 sys=0.00, real=0.00 secs] 
16.438: [Full GC (Allocation Failure) [PSYoungGen: 32K->0K(1536K)] [ParOldGen: 7635K->2390K(8192K)] 7667K->2390K(9728K), [Metaspace: 3328K->3328K(1056768K)], 0.0021643 secs] [Times: user=0.00 sys=0.00, real=0.00 secs] 
16.441: [GC (Allocation Failure) [PSYoungGen: 20K->32K(1536K)] 7657K->7668K(9728K), 0.0008199 secs] [Times: user=0.01 sys=0.01, real=0.00 secs] 
16.442: [GC (Allocation Failure) [PSYoungGen: 32K->32K(1536K)] 7668K->7668K(9728K), 0.0002838 secs] [Times: user=0.00 sys=0.00, real=0.00 secs] 
16.442: [Full GC (Allocation Failure) [PSYoungGen: 32K->0K(1536K)] [ParOldGen: 7636K->2390K(8192K)] 7668K->2390K(9728K), [Metaspace: 3328K->3328K(1056768K)], 0.0021549 secs] [Times: user=0.00 sys=0.00, real=0.01 secs] 
16.445: [GC (Allocation Failure) [PSYoungGen: 20K->32K(1536K)] 7657K->7669K(9728K), 0.0003346 secs] [Times: user=0.00 sys=0.00, real=0.00 secs] 
16.445: [GC (Allocation Failure) [PSYoungGen: 32K->32K(1536K)] 7669K->7669K(9728K), 0.0002743 secs] [Times: user=0.00 sys=0.00, real=0.00 secs] 
16.445: [Full GC (Allocation Failure) [PSYoungGen: 32K->0K(1536K)] [ParOldGen: 7637K->2391K(8192K)] 7669K->2391K(9728K), [Metaspace: 3328K->3328K(1056768K)], 0.0024284 secs] [Times: user=0.01 sys=0.00, real=0.00 secs] 
16.448: [GC (Allocation Failure) [PSYoungGen: 20K->32K(1536K)] 7658K->7670K(9728K), 0.0008322 secs] [Times: user=0.00 sys=0.00, real=0.00 secs] 
16.449: [GC (Allocation Failure) [PSYoungGen: 32K->32K(1536K)] 7670K->7670K(9728K), 0.0003140 secs] [Times: user=0.00 sys=0.00, real=0.00 secs] 
16.449: [Full GC (Allocation Failure) [PSYoungGen: 32K->0K(1536K)] [ParOldGen: 7638K->2391K(8192K)] 7670K->2391K(9728K), [Metaspace: 3328K->3328K(1056768K)], 0.0025104 secs] [Times: user=0.01 sys=0.00, real=0.00 secs] 
16.452: [GC (Allocation Failure) [PSYoungGen: 20K->32K(1536K)] 7659K->7670K(9728K), 0.0008327 secs] [Times: user=0.00 sys=0.00, real=0.01 secs] 
16.453: [GC (Allocation Failure) [PSYoungGen: 32K->32K(1536K)] 7670K->7670K(9728K), 0.0002585 secs] [Times: user=0.00 sys=0.00, real=0.00 secs] 
16.454: [Full GC (Allocation Failure) [PSYoungGen: 32K->0K(1536K)] [ParOldGen: 7638K->2391K(8192K)] 7670K->2391K(9728K), [Metaspace: 3328K->3328K(1056768K)], 0.0024196 secs] [Times: user=0.00 sys=0.00, real=0.00 secs] 
16.456: [GC (Allocation Failure) [PSYoungGen: 20K->32K(1536K)] 7660K->7671K(9728K), 0.0008281 secs] [Times: user=0.00 sys=0.00, real=0.00 secs] 
16.457: [GC (Allocation Failure) [PSYoungGen: 32K->32K(1536K)] 7671K->7671K(9728K), 0.0002659 secs] [Times: user=0.00 sys=0.00, real=0.00 secs] 
16.458: [Full GC (Allocation Failure) [PSYoungGen: 32K->0K(1536K)] [ParOldGen: 7639K->2391K(8192K)] 7671K->2391K(9728K), [Metaspace: 3328K->3328K(1056768K)], 0.0024759 secs] [Times: user=0.00 sys=0.00, real=0.00 secs] 
16.461: [GC (Allocation Failure) [PSYoungGen: 20K->32K(1536K)] 7661K->7672K(9728K), 0.0008425 secs] [Times: user=0.01 sys=0.00, real=0.00 secs] 
16.461: [GC (Allocation Failure) [PSYoungGen: 32K->32K(1536K)] 7672K->7672K(9728K), 0.0003683 secs] [Times: user=0.00 sys=0.00, real=0.00 secs] 
16.462: [Full GC (Allocation Failure) [PSYoungGen: 32K->0K(1536K)] [ParOldGen: 7640K->2391K(8192K)] 7672K->2391K(9728K), [Metaspace: 3328K->3328K(1056768K)], 0.0021484 secs] [Times: user=0.00 sys=0.00, real=0.01 secs] 
16.464: [GC (Allocation Failure) [PSYoungGen: 20K->32K(1536K)] 7661K->7673K(9728K), 0.0008892 secs] [Times: user=0.00 sys=0.00, real=0.00 secs] 
16.465: [GC (Allocation Failure) [PSYoungGen: 32K->32K(1536K)] 7673K->7673K(9728K), 0.0007886 secs] [Times: user=0.01 sys=0.00, real=0.00 secs] 
16.466: [Full GC (Allocation Failure) [PSYoungGen: 32K->0K(1536K)] [ParOldGen: 7641K->2391K(8192K)] 7673K->2391K(9728K), [Metaspace: 3328K->3328K(1056768K)], 0.0032905 secs] [Times: user=0.00 sys=0.00, real=0.00 secs] 
16.470: [GC (Allocation Failure) [PSYoungGen: 20K->32K(1536K)] 7662K->7674K(9728K), 0.0009193 secs] [Times: user=0.01 sys=0.00, real=0.00 secs] 
16.471: [GC (Allocation Failure) [PSYoungGen: 32K->32K(1536K)] 7674K->7674K(9728K), 0.0009594 secs] [Times: user=0.00 sys=0.00, real=0.00 secs] 
16.472: [Full GC (Allocation Failure) [PSYoungGen: 32K->0K(1536K)] [ParOldGen: 7642K->2392K(8192K)] 7674K->2392K(9728K), [Metaspace: 3328K->3328K(1056768K)], 0.0020692 secs] [Times: user=0.00 sys=0.00, real=0.01 secs] 
16.475: [GC (Allocation Failure) [PSYoungGen: 20K->32K(1536K)] 7663K->7674K(9728K), 0.0008259 secs] [Times: user=0.00 sys=0.00, real=0.00 secs] 
16.475: [GC (Allocation Failure) [PSYoungGen: 32K->32K(1536K)] 7674K->7674K(9728K), 0.0002711 secs] [Times: user=0.00 sys=0.00, real=0.00 secs] 
16.476: [Full GC (Allocation Failure) [PSYoungGen: 32K->0K(1536K)] [ParOldGen: 7642K->2392K(8192K)] 7674K->2392K(9728K), [Metaspace: 3328K->3328K(1056768K)], 0.0026240 secs] [Times: user=0.01 sys=0.00, real=0.00 secs] 
16.479: [GC (Allocation Failure) [PSYoungGen: 20K->32K(1536K)] 7664K->7675K(9728K), 0.0003166 secs] [Times: user=0.00 sys=0.00, real=0.00 secs] 
16.479: [GC (Allocation Failure) [PSYoungGen: 32K->32K(1536K)] 7675K->7675K(9728K), 0.0002558 secs] [Times: user=0.00 sys=0.00, real=0.00 secs] 
16.480: [Full GC (Allocation Failure) [PSYoungGen: 32K->0K(1536K)] [ParOldGen: 7643K->2392K(8192K)] 7675K->2392K(9728K), [Metaspace: 3328K->3328K(1056768K)], 0.0023853 secs] [Times: user=0.01 sys=0.00, real=0.00 secs] 
16.483: [GC (Allocation Failure) [PSYoungGen: 20K->32K(1536K)] 7665K->7676K(9728K), 0.0007035 secs] [Times: user=0.00 sys=0.00, real=0.00 secs] 
16.483: [GC (Allocation Failure) [PSYoungGen: 32K->32K(1536K)] 7676K->7676K(9728K), 0.0006783 secs] [Times: user=0.00 sys=0.00, real=0.00 secs] 
16.484: [Full GC (Allocation Failure) [PSYoungGen: 32K->0K(1536K)] [ParOldGen: 7644K->2392K(8192K)] 7676K->2392K(9728K), [Metaspace: 3328K->3328K(1056768K)], 0.0027197 secs] [Times: user=0.01 sys=0.00, real=0.00 secs] 
16.487: [GC (Allocation Failure) [PSYoungGen: 20K->32K(1536K)] 7665K->7677K(9728K), 0.0008374 secs] [Times: user=0.00 sys=0.00, real=0.00 secs] 
16.488: [GC (Allocation Failure) [PSYoungGen: 32K->32K(1536K)] 7677K->7677K(9728K), 0.0007784 secs] [Times: user=0.00 sys=0.00, real=0.00 secs] 
16.489: [Full GC (Allocation Failure) [PSYoungGen: 32K->0K(1536K)] [ParOldGen: 7645K->2392K(8192K)] 7677K->2392K(9728K), [Metaspace: 3328K->3328K(1056768K)], 0.0020618 secs] [Times: user=0.01 sys=0.00, real=0.00 secs] 
16.492: [GC (Allocation Failure) [PSYoungGen: 20K->32K(1536K)] 7666K->7678K(9728K), 0.0004225 secs] [Times: user=0.00 sys=0.00, real=0.00 secs] 
16.492: [GC (Allocation Failure) [PSYoungGen: 32K->32K(1536K)] 7678K->7678K(9728K), 0.0002773 secs] [Times: user=0.00 sys=0.00, real=0.00 secs] 
16.492: [Full GC (Allocation Failure) [PSYoungGen: 32K->0K(1536K)] [ParOldGen: 7646K->2392K(8192K)] 7678K->2392K(9728K), [Metaspace: 3328K->3328K(1056768K)], 0.0020794 secs] [Times: user=0.00 sys=0.00, real=0.01 secs] 
16.495: [GC (Allocation Failure) [PSYoungGen: 20K->32K(1536K)] 7667K->7678K(9728K), 0.0003195 secs] [Times: user=0.00 sys=0.00, real=0.00 secs] 
16.495: [GC (Allocation Failure) [PSYoungGen: 32K->32K(1536K)] 7678K->7678K(9728K), 0.0002856 secs] [Times: user=0.00 sys=0.00, real=0.00 secs] 
16.496: [Full GC (Allocation Failure) [PSYoungGen: 32K->0K(1536K)] [ParOldGen: 7646K->2393K(8192K)] 7678K->2393K(9728K), [Metaspace: 3328K->3328K(1056768K)], 0.0020756 secs] [Times: user=0.01 sys=0.00, real=0.00 secs] 
16.498: [GC (Allocation Failure) [PSYoungGen: 20K->32K(1536K)] 7668K->7679K(9728K), 0.0003143 secs] [Times: user=0.00 sys=0.00, real=0.00 secs] 
16.499: [GC (Allocation Failure) [PSYoungGen: 32K->32K(1536K)] 7679K->7679K(9728K), 0.0002729 secs] [Times: user=0.00 sys=0.00, real=0.00 secs] 
16.499: [Full GC (Allocation Failure) [PSYoungGen: 32K->0K(1536K)] [ParOldGen: 7647K->2393K(8192K)] 7679K->2393K(9728K), [Metaspace: 3328K->3328K(1056768K)], 0.0021402 secs] [Times: user=0.00 sys=0.00, real=0.00 secs] 
16.502: [GC (Allocation Failure) [PSYoungGen: 20K->32K(1536K)] 7669K->7680K(9728K), 0.0003035 secs] [Times: user=0.00 sys=0.00, real=0.00 secs] 
16.502: [GC (Allocation Failure) [PSYoungGen: 32K->32K(1536K)] 7680K->7680K(9728K), 0.0002714 secs] [Times: user=0.01 sys=0.00, real=0.00 secs] 
16.502: [Full GC (Allocation Failure) [PSYoungGen: 32K->0K(1536K)] [ParOldGen: 7648K->2393K(8192K)] 7680K->2393K(9728K), [Metaspace: 3328K->3328K(1056768K)], 0.0025026 secs] [Times: user=0.00 sys=0.00, real=0.01 secs] 
16.505: [GC (Allocation Failure) [PSYoungGen: 20K->32K(1536K)] 7669K->7681K(9728K), 0.0008425 secs] [Times: user=0.00 sys=0.00, real=0.00 secs] 
16.506: [GC (Allocation Failure) [PSYoungGen: 32K->32K(1536K)] 7681K->7681K(9728K), 0.0008074 secs] [Times: user=0.01 sys=0.00, real=0.00 secs] 
16.507: [Full GC (Allocation Failure) [PSYoungGen: 32K->0K(1536K)] [ParOldGen: 7649K->2393K(8192K)] 7681K->2393K(9728K), [Metaspace: 3328K->3328K(1056768K)], 0.0026356 secs] [Times: user=0.00 sys=0.00, real=0.00 secs] 
16.511: [GC (Allocation Failure) [PSYoungGen: 20K->32K(1536K)] 7670K->7682K(9728K), 0.0007282 secs] [Times: user=0.00 sys=0.00, real=0.00 secs] 
16.512: [GC (Allocation Failure) [PSYoungGen: 32K->32K(1536K)] 7682K->7682K(9728K), 0.0003436 secs] [Times: user=0.00 sys=0.00, real=0.00 secs] 
16.513: [Full GC (Allocation Failure) [PSYoungGen: 32K->0K(1536K)] [ParOldGen: 7650K->2393K(8192K)] 7682K->2393K(9728K), [Metaspace: 3328K->3328K(1056768K)], 0.0021222 secs] [Times: user=0.01 sys=0.00, real=0.01 secs] 
16.515: [GC (Allocation Failure) [PSYoungGen: 20K->32K(1536K)] 7671K->7682K(9728K), 0.0003437 secs] [Times: user=0.00 sys=0.00, real=0.00 secs] 
16.516: [GC (Allocation Failure) [PSYoungGen: 32K->32K(1536K)] 7682K->7682K(9728K), 0.0003035 secs] [Times: user=0.00 sys=0.00, real=0.00 secs] 
16.516: [Full GC (Allocation Failure) [PSYoungGen: 32K->0K(1536K)] [ParOldGen: 7650K->2393K(8192K)] 7682K->2393K(9728K), [Metaspace: 3328K->3328K(1056768K)], 0.0025291 secs] [Times: user=0.01 sys=0.00, real=0.00 secs] 
16.519: [GC (Allocation Failure) [PSYoungGen: 20K->32K(1536K)] 7672K->7683K(9728K), 0.0003237 secs] [Times: user=0.00 sys=0.00, real=0.00 secs] 
16.519: [GC (Allocation Failure) [PSYoungGen: 32K->32K(1536K)] 7683K->7683K(9728K), 0.0002434 secs] [Times: user=0.00 sys=0.00, real=0.00 secs] 
16.520: [Full GC (Allocation Failure) [PSYoungGen: 32K->0K(1536K)] [ParOldGen: 7651K->2394K(8192K)] 7683K->2394K(9728K), [Metaspace: 3328K->3328K(1056768K)], 0.0021540 secs] [Times: user=0.00 sys=0.00, real=0.00 secs] 
16.522: [GC (Allocation Failure) [PSYoungGen: 20K->32K(1536K)] 7673K->7684K(9728K), 0.0003168 secs] [Times: user=0.00 sys=0.00, real=0.00 secs] 
16.523: [GC (Allocation Failure) [PSYoungGen: 32K->32K(1536K)] 7684K->7684K(9728K), 0.0002504 secs] [Times: user=0.00 sys=0.00, real=0.01 secs] 
16.523: [Full GC (Allocation Failure) [PSYoungGen: 32K->0K(1536K)] [ParOldGen: 7652K->2394K(8192K)] 7684K->2394K(9728K), [Metaspace: 3328K->3328K(1056768K)], 0.0033262 secs] [Times: user=0.01 sys=0.00, real=0.00 secs] 
16.527: [GC (Allocation Failure) [PSYoungGen: 20K->32K(1536K)] 7673K->7685K(9728K), 0.0003205 secs] [Times: user=0.00 sys=0.00, real=0.00 secs] 
16.527: [GC (Allocation Failure) [PSYoungGen: 32K->32K(1536K)] 7685K->7685K(9728K), 0.0002455 secs] [Times: user=0.00 sys=0.00, real=0.00 secs] 
16.527: [Full GC (Allocation Failure) [PSYoungGen: 32K->0K(1536K)] [ParOldGen: 7653K->2394K(8192K)] 7685K->2394K(9728K), [Metaspace: 3328K->3328K(1056768K)], 0.0021903 secs] [Times: user=0.01 sys=0.00, real=0.00 secs] 
16.530: [GC (Allocation Failure) [PSYoungGen: 20K->32K(1536K)] 7674K->7686K(9728K), 0.0008192 secs] [Times: user=0.00 sys=0.00, real=0.00 secs] 
16.531: [GC (Allocation Failure) [PSYoungGen: 32K->32K(1536K)] 7686K->7686K(9728K), 0.0002979 secs] [Times: user=0.00 sys=0.00, real=0.00 secs] 
16.531: [Full GC (Allocation Failure) [PSYoungGen: 32K->0K(1536K)] [ParOldGen: 7654K->2394K(8192K)] 7686K->2394K(9728K), [Metaspace: 3328K->3328K(1056768K)], 0.0024718 secs] [Times: user=0.00 sys=0.00, real=0.01 secs] 
16.534: [GC (Allocation Failure) [PSYoungGen: 20K->32K(1536K)] 7675K->7686K(9728K), 0.0008550 secs] [Times: user=0.00 sys=0.00, real=0.00 secs] 
16.535: [GC (Allocation Failure) [PSYoungGen: 32K->32K(1536K)] 7686K->7686K(9728K), 0.0003761 secs] [Times: user=0.00 sys=0.00, real=0.00 secs] 
16.536: [Full GC (Allocation Failure) [PSYoungGen: 32K->0K(1536K)] [ParOldGen: 7654K->2394K(8192K)] 7686K->2394K(9728K), [Metaspace: 3328K->3328K(1056768K)], 0.0023747 secs] [Times: user=0.00 sys=0.00, real=0.00 secs] 
16.538: [GC (Allocation Failure) [PSYoungGen: 20K->32K(1536K)] 7676K->7687K(9728K), 0.0004695 secs] [Times: user=0.00 sys=0.00, real=0.00 secs] 
16.539: [GC (Allocation Failure) [PSYoungGen: 32K->32K(1536K)] 7687K->7687K(9728K), 0.0002670 secs] [Times: user=0.00 sys=0.00, real=0.00 secs] 
16.539: [Full GC (Allocation Failure) [PSYoungGen: 32K->0K(1536K)] [ParOldGen: 7655K->2394K(8192K)] 7687K->2394K(9728K), [Metaspace: 3328K->3328K(1056768K)], 0.0021329 secs] [Times: user=0.01 sys=0.00, real=0.00 secs] 
16.542: [GC (Allocation Failure) [PSYoungGen: 20K->32K(1536K)] 7677K->7688K(9728K), 0.0003689 secs] [Times: user=0.00 sys=0.00, real=0.00 secs] 
16.542: [GC (Allocation Failure) [PSYoungGen: 32K->32K(1536K)] 7688K->7688K(9728K), 0.0008106 secs] [Times: user=0.00 sys=0.00, real=0.01 secs] 
16.543: [Full GC (Allocation Failure) [PSYoungGen: 32K->0K(1536K)] [ParOldGen: 7656K->2394K(8192K)] 7688K->2394K(9728K), [Metaspace: 3328K->3328K(1056768K)], 0.0021588 secs] [Times: user=0.01 sys=0.00, real=0.00 secs] 
16.546: [GC (Allocation Failure) [PSYoungGen: 20K->32K(1536K)] 7677K->7689K(9728K), 0.0005056 secs] [Times: user=0.00 sys=0.00, real=0.00 secs] 
16.546: [GC (Allocation Failure) [PSYoungGen: 32K->32K(1536K)] 7689K->7689K(9728K), 0.0002741 secs] [Times: user=0.00 sys=0.00, real=0.00 secs] 
16.547: [Full GC (Allocation Failure) [PSYoungGen: 32K->0K(1536K)] [ParOldGen: 7657K->2395K(8192K)] 7689K->2395K(9728K), [Metaspace: 3328K->3328K(1056768K)], 0.0024704 secs] [Times: user=0.01 sys=0.00, real=0.00 secs] 
16.550: [GC (Allocation Failure) [PSYoungGen: 20K->32K(1536K)] 7678K->7690K(9728K), 0.0003786 secs] [Times: user=0.00 sys=0.00, real=0.00 secs] 
16.550: [GC (Allocation Failure) [PSYoungGen: 32K->32K(1536K)] 7690K->7690K(9728K), 0.0003038 secs] [Times: user=0.00 sys=0.00, real=0.00 secs] 
16.551: [Full GC (Allocation Failure) [PSYoungGen: 32K->0K(1536K)] [ParOldGen: 7658K->2395K(8192K)] 7690K->2395K(9728K), [Metaspace: 3328K->3328K(1056768K)], 0.0022722 secs] [Times: user=0.00 sys=0.00, real=0.01 secs] 
16.553: [GC (Allocation Failure) [PSYoungGen: 20K->32K(1536K)] 7679K->7690K(9728K), 0.0008297 secs] [Times: user=0.00 sys=0.00, real=0.00 secs] 
16.554: [GC (Allocation Failure) [PSYoungGen: 32K->32K(1536K)] 7690K->7690K(9728K), 0.0002813 secs] [Times: user=0.00 sys=0.00, real=0.00 secs] 
16.554: [Full GC (Allocation Failure) [PSYoungGen: 32K->0K(1536K)] [ParOldGen: 7658K->2395K(8192K)] 7690K->2395K(9728K), [Metaspace: 3328K->3328K(1056768K)], 0.0023199 secs] [Times: user=0.01 sys=0.00, real=0.00 secs] 
16.557: [GC (Allocation Failure) [PSYoungGen: 20K->32K(1536K)] 7680K->7691K(9728K), 0.0008351 secs] [Times: user=0.00 sys=0.00, real=0.00 secs] 
16.558: [GC (Allocation Failure) [PSYoungGen: 32K->32K(1536K)] 7691K->7691K(9728K), 0.0003491 secs] [Times: user=0.00 sys=0.00, real=0.00 secs] 
16.559: [Full GC (Allocation Failure) [PSYoungGen: 32K->0K(1536K)] [ParOldGen: 7659K->2395K(8192K)] 7691K->2395K(9728K), [Metaspace: 3328K->3328K(1056768K)], 0.0024287 secs] [Times: user=0.01 sys=0.00, real=0.00 secs] 
16.561: [GC (Allocation Failure) [PSYoungGen: 20K->32K(1536K)] 7681K->7692K(9728K), 0.0008341 secs] [Times: user=0.00 sys=0.00, real=0.00 secs] 
16.562: [GC (Allocation Failure) [PSYoungGen: 32K->32K(1536K)] 7692K->7692K(9728K), 0.0008007 secs] [Times: user=0.00 sys=0.00, real=0.01 secs] 
16.563: [Full GC (Allocation Failure) [PSYoungGen: 32K->0K(1536K)] [ParOldGen: 7660K->2395K(8192K)] 7692K->2395K(9728K), [Metaspace: 3328K->3328K(1056768K)], 0.0031133 secs] [Times: user=0.01 sys=0.00, real=0.00 secs] 
16.567: [GC (Allocation Failure) [PSYoungGen: 20K->32K(1536K)] 7681K->7693K(9728K), 0.0008222 secs] [Times: user=0.00 sys=0.00, real=0.00 secs] 
16.568: [GC (Allocation Failure) [PSYoungGen: 32K->32K(1536K)] 7693K->7693K(9728K), 0.0007744 secs] [Times: user=0.00 sys=0.00, real=0.00 secs] 
16.568: [Full GC (Allocation Failure) [PSYoungGen: 32K->0K(1536K)] [ParOldGen: 7661K->2395K(8192K)] 7693K->2395K(9728K), [Metaspace: 3328K->3328K(1056768K)], 0.0031575 secs] [Times: user=0.01 sys=0.00, real=0.00 secs] 
16.572: [GC (Allocation Failure) [PSYoungGen: 20K->32K(1536K)] 7682K->7694K(9728K), 0.0008421 secs] [Times: user=0.00 sys=0.00, real=0.01 secs] 
16.573: [GC (Allocation Failure) [PSYoungGen: 32K->32K(1536K)] 7694K->7694K(9728K), 0.0002733 secs] [Times: user=0.00 sys=0.00, real=0.00 secs] 
16.573: [Full GC (Allocation Failure) [PSYoungGen: 32K->0K(1536K)] [ParOldGen: 7662K->2396K(8192K)] 7694K->2396K(9728K), [Metaspace: 3328K->3328K(1056768K)], 0.0021959 secs] [Times: user=0.01 sys=0.00, real=0.00 secs] 
16.576: [GC (Allocation Failure) [PSYoungGen: 20K->32K(1536K)] 7683K->7694K(9728K), 0.0003332 secs] [Times: user=0.00 sys=0.00, real=0.00 secs] 
16.576: [GC (Allocation Failure) [PSYoungGen: 32K->32K(1536K)] 7694K->7694K(9728K), 0.0002738 secs] [Times: user=0.00 sys=0.00, real=0.00 secs] 
16.577: [Full GC (Allocation Failure) [PSYoungGen: 32K->0K(1536K)] [ParOldGen: 7662K->2396K(8192K)] 7694K->2396K(9728K), [Metaspace: 3328K->3328K(1056768K)], 0.0025220 secs] [Times: user=0.01 sys=0.00, real=0.00 secs] 
16.580: [GC (Allocation Failure) [PSYoungGen: 20K->32K(1536K)] 7684K->7695K(9728K), 0.0008407 secs] [Times: user=0.00 sys=0.00, real=0.00 secs] 
16.580: [GC (Allocation Failure) [PSYoungGen: 32K->32K(1536K)] 7695K->7695K(9728K), 0.0002768 secs] [Times: user=0.00 sys=0.00, real=0.00 secs] 
16.581: [Full GC (Allocation Failure) [PSYoungGen: 32K->0K(1536K)] [ParOldGen: 7663K->2396K(8192K)] 7695K->2396K(9728K), [Metaspace: 3328K->3328K(1056768K)], 0.0024812 secs] [Times: user=0.00 sys=0.00, real=0.01 secs] 
16.584: [GC (Allocation Failure) [PSYoungGen: 20K->32K(1536K)] 7685K->7696K(9728K), 0.0004614 secs] [Times: user=0.00 sys=0.00, real=0.00 secs] 
16.584: [GC (Allocation Failure) [PSYoungGen: 32K->32K(1536K)] 7696K->7696K(9728K), 0.0002505 secs] [Times: user=0.01 sys=0.00, real=0.00 secs] 
16.585: [Full GC (Allocation Failure) [PSYoungGen: 32K->0K(1536K)] [ParOldGen: 7664K->2396K(8192K)] 7696K->2396K(9728K), [Metaspace: 3328K->3328K(1056768K)], 0.0022070 secs] [Times: user=0.00 sys=0.00, real=0.00 secs] 
16.587: [GC (Allocation Failure) [PSYoungGen: 20K->32K(1536K)] 7685K->7697K(9728K), 0.0008263 secs] [Times: user=0.00 sys=0.00, real=0.00 secs] 
16.588: [GC (Allocation Failure) [PSYoungGen: 32K->32K(1536K)] 7697K->7697K(9728K), 0.0002805 secs] [Times: user=0.00 sys=0.00, real=0.00 secs] 
16.588: [Full GC (Allocation Failure) [PSYoungGen: 32K->0K(1536K)] [ParOldGen: 7665K->2396K(8192K)] 7697K->2396K(9728K), [Metaspace: 3328K->3328K(1056768K)], 0.0025497 secs] [Times: user=0.01 sys=0.00, real=0.00 secs] 
16.591: [GC (Allocation Failure) [PSYoungGen: 20K->32K(1536K)] 7686K->7698K(9728K), 0.0004080 secs] [Times: user=0.00 sys=0.00, real=0.00 secs] 
16.592: [GC (Allocation Failure) [PSYoungGen: 32K->32K(1536K)] 7698K->7698K(9728K), 0.0002522 secs] [Times: user=0.00 sys=0.00, real=0.00 secs] 
16.592: [Full GC (Allocation Failure) [PSYoungGen: 32K->0K(1536K)] [ParOldGen: 7666K->2396K(8192K)] 7698K->2396K(9728K), [Metaspace: 3328K->3328K(1056768K)], 0.0021446 secs] [Times: user=0.01 sys=0.00, real=0.01 secs] 
16.595: [GC (Allocation Failure) [PSYoungGen: 20K->32K(1536K)] 7687K->7698K(9728K), 0.0008163 secs] [Times: user=0.00 sys=0.00, real=0.00 secs] 
16.596: [GC (Allocation Failure) [PSYoungGen: 32K->32K(1536K)] 7698K->7698K(9728K), 0.0002710 secs] [Times: user=0.00 sys=0.00, real=0.00 secs] 
16.596: [Full GC (Allocation Failure) [PSYoungGen: 32K->0K(1536K)] [ParOldGen: 7666K->2397K(8192K)] 7698K->2397K(9728K), [Metaspace: 3328K->3328K(1056768K)], 0.0024986 secs] [Times: user=0.00 sys=0.00, real=0.00 secs] 
16.599: [GC (Allocation Failure) [PSYoungGen: 20K->32K(1536K)] 7688K->7699K(9728K), 0.0008437 secs] [Times: user=0.01 sys=0.00, real=0.00 secs] 
16.600: [GC (Allocation Failure) [PSYoungGen: 32K->32K(1536K)] 7699K->7699K(9728K), 0.0002659 secs] [Times: user=0.00 sys=0.00, real=0.00 secs] 
16.600: [Full GC (Allocation Failure) [PSYoungGen: 32K->0K(1536K)] [ParOldGen: 7667K->2397K(8192K)] 7699K->2397K(9728K), [Metaspace: 3328K->3328K(1056768K)], 0.0021126 secs] [Times: user=0.00 sys=0.00, real=0.00 secs] 
16.603: [GC (Allocation Failure) [PSYoungGen: 20K->32K(1536K)] 7689K->7700K(9728K), 0.0008124 secs] [Times: user=0.00 sys=0.00, real=0.00 secs] 
16.604: [GC (Allocation Failure) [PSYoungGen: 32K->32K(1536K)] 7700K->7700K(9728K), 0.0002772 secs] [Times: user=0.00 sys=0.00, real=0.00 secs] 
16.604: [Full GC (Allocation Failure) [PSYoungGen: 32K->0K(1536K)] [ParOldGen: 7668K->2397K(8192K)] 7700K->2397K(9728K), [Metaspace: 3328K->3328K(1056768K)], 0.0021495 secs] [Times: user=0.01 sys=0.00, real=0.00 secs] 
16.607: [GC (Allocation Failure) [PSYoungGen: 20K->32K(1536K)] 7689K->7701K(9728K), 0.0008299 secs] [Times: user=0.00 sys=0.00, real=0.00 secs] 
16.607: [GC (Allocation Failure) [PSYoungGen: 32K->32K(1536K)] 7701K->7701K(9728K), 0.0004740 secs] [Times: user=0.00 sys=0.00, real=0.00 secs] 
16.608: [Full GC (Allocation Failure) [PSYoungGen: 32K->0K(1536K)] [ParOldGen: 7669K->2397K(8192K)] 7701K->2397K(9728K), [Metaspace: 3328K->3328K(1056768K)], 0.0021635 secs] [Times: user=0.01 sys=0.00, real=0.00 secs] 
16.611: [GC (Allocation Failure) [PSYoungGen: 20K->32K(1536K)] 7690K->7702K(9728K), 0.0008310 secs] [Times: user=0.00 sys=0.00, real=0.00 secs] 
16.611: [GC (Allocation Failure) [PSYoungGen: 32K->32K(1536K)] 7702K->7702K(9728K), 0.0003041 secs] [Times: user=0.00 sys=0.00, real=0.00 secs] 
16.612: [Full GC (Allocation Failure) [PSYoungGen: 32K->0K(1536K)] [ParOldGen: 7670K->2397K(8192K)] 7702K->2397K(9728K), [Metaspace: 3328K->3328K(1056768K)], 0.0021362 secs] [Times: user=0.01 sys=0.01, real=0.01 secs] 
16.614: [GC (Allocation Failure) [PSYoungGen: 20K->32K(1536K)] 7691K->7702K(9728K), 0.0008364 secs] [Times: user=0.00 sys=0.00, real=0.00 secs] 
16.615: [GC (Allocation Failure) [PSYoungGen: 32K->32K(1536K)] 7702K->7702K(9728K), 0.0002886 secs] [Times: user=0.00 sys=0.00, real=0.00 secs] 
16.616: [Full GC (Allocation Failure) [PSYoungGen: 32K->0K(1536K)] [ParOldGen: 7670K->2397K(8192K)] 7702K->2397K(9728K), [Metaspace: 3328K->3328K(1056768K)], 0.0021727 secs] [Times: user=0.00 sys=0.00, real=0.00 secs] 
16.618: [GC (Allocation Failure) [PSYoungGen: 20K->32K(1536K)] 7692K->7703K(9728K), 0.0008352 secs] [Times: user=0.00 sys=0.00, real=0.00 secs] 
16.619: [GC (Allocation Failure) [PSYoungGen: 32K->32K(1536K)] 7703K->7703K(9728K), 0.0002796 secs] [Times: user=0.01 sys=0.00, real=0.00 secs] 
16.619: [Full GC (Allocation Failure) [PSYoungGen: 32K->0K(1536K)] [ParOldGen: 7671K->2398K(8192K)] 7703K->2398K(9728K), [Metaspace: 3328K->3328K(1056768K)], 0.0021595 secs] [Times: user=0.00 sys=0.00, real=0.00 secs] 
16.622: [GC (Allocation Failure) [PSYoungGen: 20K->32K(1536K)] 7693K->7704K(9728K), 0.0008567 secs] [Times: user=0.00 sys=0.00, real=0.01 secs] 
16.623: [GC (Allocation Failure) [PSYoungGen: 32K->32K(1536K)] 7704K->7704K(9728K), 0.0002543 secs] [Times: user=0.00 sys=0.00, real=0.00 secs] 
16.623: [Full GC (Allocation Failure) [PSYoungGen: 32K->0K(1536K)] [ParOldGen: 7672K->2398K(8192K)] 7704K->2398K(9728K), [Metaspace: 3328K->3328K(1056768K)], 0.0025017 secs] [Times: user=0.01 sys=0.00, real=0.00 secs] 
16.626: [GC (Allocation Failure) [PSYoungGen: 20K->32K(1536K)] 7693K->7705K(9728K), 0.0008359 secs] [Times: user=0.00 sys=0.00, real=0.00 secs] 
16.627: [GC (Allocation Failure) [PSYoungGen: 32K->32K(1536K)] 7705K->7705K(9728K), 0.0002607 secs] [Times: user=0.00 sys=0.00, real=0.00 secs] 
16.627: [Full GC (Allocation Failure) [PSYoungGen: 32K->0K(1536K)] [ParOldGen: 7673K->2398K(8192K)] 7705K->2398K(9728K), [Metaspace: 3328K->3328K(1056768K)], 0.0025136 secs] [Times: user=0.01 sys=0.00, real=0.00 secs] 
16.630: [GC (Allocation Failure) [PSYoungGen: 20K->32K(1536K)] 7694K->7706K(9728K), 0.0008419 secs] [Times: user=0.00 sys=0.00, real=0.00 secs] 
16.631: [GC (Allocation Failure) [PSYoungGen: 32K->32K(1536K)] 7706K->7706K(9728K), 0.0002684 secs] [Times: user=0.00 sys=0.00, real=0.00 secs] 
16.632: [Full GC (Allocation Failure) [PSYoungGen: 32K->0K(1536K)] [ParOldGen: 7674K->2398K(8192K)] 7706K->2398K(9728K), [Metaspace: 3328K->3328K(1056768K)], 0.0025130 secs] [Times: user=0.01 sys=0.00, real=0.01 secs] 
16.635: [GC (Allocation Failure) [PSYoungGen: 20K->32K(1536K)] 7695K->7706K(9728K), 0.0008297 secs] [Times: user=0.00 sys=0.00, real=0.00 secs] 
16.635: [GC (Allocation Failure) [PSYoungGen: 32K->32K(1536K)] 7706K->7706K(9728K), 0.0002511 secs] [Times: user=0.00 sys=0.00, real=0.00 secs] 
16.636: [Full GC (Allocation Failure) [PSYoungGen: 32K->0K(1536K)] [ParOldGen: 7674K->2398K(8192K)] 7706K->2398K(9728K), [Metaspace: 3328K->3328K(1056768K)], 0.0023349 secs] [Times: user=0.00 sys=0.00, real=0.00 secs] 
16.639: [GC (Allocation Failure) [PSYoungGen: 20K->32K(1536K)] 7696K->7707K(9728K), 0.0003109 secs] [Times: user=0.00 sys=0.00, real=0.00 secs] 
16.639: [GC (Allocation Failure) [PSYoungGen: 32K->32K(1536K)] 7707K->7707K(9728K), 0.0002995 secs] [Times: user=0.01 sys=0.00, real=0.00 secs] 
16.639: [Full GC (Allocation Failure) [PSYoungGen: 32K->0K(1536K)] [ParOldGen: 7675K->2398K(8192K)] 7707K->2398K(9728K), [Metaspace: 3328K->3328K(1056768K)], 0.0021242 secs] [Times: user=0.00 sys=0.00, real=0.00 secs] 
16.642: [GC (Allocation Failure) [PSYoungGen: 20K->32K(1536K)] 7697K->7708K(9728K), 0.0008371 secs] [Times: user=0.00 sys=0.00, real=0.01 secs] 
16.643: [GC (Allocation Failure) [PSYoungGen: 32K->32K(1536K)] 7708K->7708K(9728K), 0.0002703 secs] [Times: user=0.00 sys=0.00, real=0.00 secs] 
16.643: [Full GC (Allocation Failure) [PSYoungGen: 32K->0K(1536K)] [ParOldGen: 7676K->2398K(8192K)] 7708K->2398K(9728K), [Metaspace: 3328K->3328K(1056768K)], 0.0022991 secs] [Times: user=0.01 sys=0.00, real=0.00 secs] 
16.646: [GC (Allocation Failure) [PSYoungGen: 20K->32K(1536K)] 7697K->7709K(9728K), 0.0008386 secs] [Times: user=0.00 sys=0.00, real=0.00 secs] 
16.647: [GC (Allocation Failure) [PSYoungGen: 32K->32K(1536K)] 7709K->7709K(9728K), 0.0007781 secs] [Times: user=0.00 sys=0.00, real=0.00 secs] 
16.647: [Full GC (Allocation Failure) [PSYoungGen: 32K->0K(1536K)] [ParOldGen: 7677K->2399K(8192K)] 7709K->2399K(9728K), [Metaspace: 3328K->3328K(1056768K)], 0.0028272 secs] [Times: user=0.01 sys=0.00, real=0.00 secs] 
16.651: [GC (Allocation Failure) [PSYoungGen: 20K->32K(1536K)] 7698K->7710K(9728K), 0.0008352 secs] [Times: user=0.00 sys=0.00, real=0.00 secs] 
16.652: [GC (Allocation Failure) [PSYoungGen: 32K->32K(1536K)] 7710K->7710K(9728K), 0.0002773 secs] [Times: user=0.00 sys=0.00, real=0.00 secs] 
16.652: [Full GC (Allocation Failure) [PSYoungGen: 32K->0K(1536K)] [ParOldGen: 7678K->2399K(8192K)] 7710K->2399K(9728K), [Metaspace: 3328K->3328K(1056768K)], 0.0021640 secs] [Times: user=0.01 sys=0.00, real=0.01 secs] 
16.655: [GC (Allocation Failure) [PSYoungGen: 20K->32K(1536K)] 7699K->7710K(9728K), 0.0008456 secs] [Times: user=0.00 sys=0.00, real=0.00 secs] 
16.655: [GC (Allocation Failure) [PSYoungGen: 32K->32K(1536K)] 7710K->7710K(9728K), 0.0002904 secs] [Times: user=0.00 sys=0.00, real=0.00 secs] 
16.656: [Full GC (Allocation Failure) [PSYoungGen: 32K->0K(1536K)] [ParOldGen: 7678K->2399K(8192K)] 7710K->2399K(9728K), [Metaspace: 3328K->3328K(1056768K)], 0.0022718 secs] [Times: user=0.00 sys=0.00, real=0.00 secs] 
16.659: [GC (Allocation Failure) [PSYoungGen: 20K->32K(1536K)] 7700K->7711K(9728K), 0.0004612 secs] [Times: user=0.01 sys=0.00, real=0.00 secs] 
16.659: [GC (Allocation Failure) [PSYoungGen: 32K->32K(1536K)] 7711K->7711K(9728K), 0.0007930 secs] [Times: user=0.00 sys=0.00, real=0.00 secs] 
16.660: [Full GC (Allocation Failure) [PSYoungGen: 32K->0K(1536K)] [ParOldGen: 7679K->2399K(8192K)] 7711K->2399K(9728K), [Metaspace: 3328K->3328K(1056768K)], 0.0021783 secs] [Times: user=0.00 sys=0.00, real=0.00 secs] 
16.663: [GC (Allocation Failure) [PSYoungGen: 20K->32K(1536K)] 7701K->7712K(9728K), 0.0008363 secs] [Times: user=0.00 sys=0.00, real=0.01 secs] 
16.663: [GC (Allocation Failure) [PSYoungGen: 32K->32K(1536K)] 7712K->7712K(9728K), 0.0002755 secs] [Times: user=0.00 sys=0.00, real=0.00 secs] 
16.664: [Full GC (Allocation Failure) [PSYoungGen: 32K->0K(1536K)] [ParOldGen: 7680K->2399K(8192K)] 7712K->2399K(9728K), [Metaspace: 3328K->3328K(1056768K)], 0.0019729 secs] [Times: user=0.01 sys=0.00, real=0.00 secs] 
16.666: [GC (Allocation Failure) [PSYoungGen: 20K->32K(1536K)] 7701K->7713K(9728K), 0.0008203 secs] [Times: user=0.00 sys=0.00, real=0.00 secs] 
16.667: [GC (Allocation Failure) [PSYoungGen: 32K->32K(1536K)] 7713K->7713K(9728K), 0.0002413 secs] [Times: user=0.00 sys=0.00, real=0.00 secs] 
16.667: [Full GC (Allocation Failure) [PSYoungGen: 32K->0K(1536K)] [ParOldGen: 7681K->2399K(8192K)] 7713K->2399K(9728K), [Metaspace: 3328K->3328K(1056768K)], 0.0023454 secs] [Times: user=0.01 sys=0.00, real=0.00 secs] 
16.670: [GC (Allocation Failure) [PSYoungGen: 20K->32K(1536K)] 7702K->7714K(9728K), 0.0008468 secs] [Times: user=0.00 sys=0.00, real=0.00 secs] 
16.671: [GC (Allocation Failure) [PSYoungGen: 32K->32K(1536K)] 7714K->7714K(9728K), 0.0002553 secs] [Times: user=0.00 sys=0.00, real=0.00 secs] 
16.671: [Full GC (Allocation Failure) [PSYoungGen: 32K->0K(1536K)] [ParOldGen: 7682K->2400K(8192K)] 7714K->2400K(9728K), [Metaspace: 3328K->3328K(1056768K)], 0.0025072 secs] [Times: user=0.01 sys=0.00, real=0.01 secs] 
16.674: [GC (Allocation Failure) [PSYoungGen: 20K->32K(1536K)] 7703K->7714K(9728K), 0.0008323 secs] [Times: user=0.00 sys=0.00, real=0.00 secs] 
16.675: [GC (Allocation Failure) [PSYoungGen: 32K->32K(1536K)] 7714K->7714K(9728K), 0.0002775 secs] [Times: user=0.00 sys=0.00, real=0.00 secs] 
16.676: [Full GC (Allocation Failure) [PSYoungGen: 32K->0K(1536K)] [ParOldGen: 7682K->2400K(8192K)] 7714K->2400K(9728K), [Metaspace: 3328K->3328K(1056768K)], 0.0020292 secs] [Times: user=0.00 sys=0.00, real=0.00 secs] 
16.678: [GC (Allocation Failure) [PSYoungGen: 20K->32K(1536K)] 7704K->7715K(9728K), 0.0008406 secs] [Times: user=0.01 sys=0.00, real=0.00 secs] 
16.679: [GC (Allocation Failure) [PSYoungGen: 32K->32K(1536K)] 7715K->7715K(9728K), 0.0002791 secs] [Times: user=0.00 sys=0.00, real=0.00 secs] 
16.679: [Full GC (Allocation Failure) [PSYoungGen: 32K->0K(1536K)] [ParOldGen: 7683K->2400K(8192K)] 7715K->2400K(9728K), [Metaspace: 3328K->3328K(1056768K)], 0.0022195 secs] [Times: user=0.00 sys=0.00, real=0.00 secs] 
16.682: [GC (Allocation Failure) [PSYoungGen: 20K->32K(1536K)] 7705K->7716K(9728K), 0.0003329 secs] [Times: user=0.00 sys=0.00, real=0.00 secs] 
16.682: [GC (Allocation Failure) [PSYoungGen: 32K->32K(1536K)] 7716K->7716K(9728K), 0.0002656 secs] [Times: user=0.00 sys=0.00, real=0.00 secs] 
16.683: [Full GC (Allocation Failure) [PSYoungGen: 32K->0K(1536K)] [ParOldGen: 7684K->2400K(8192K)] 7716K->2400K(9728K), [Metaspace: 3328K->3328K(1056768K)], 0.0019753 secs] [Times: user=0.01 sys=0.00, real=0.00 secs] 
16.685: [GC (Allocation Failure) [PSYoungGen: 20K->32K(1536K)] 7705K->7717K(9728K), 0.0008430 secs] [Times: user=0.00 sys=0.00, real=0.00 secs] 
16.686: [GC (Allocation Failure) [PSYoungGen: 32K->32K(1536K)] 7717K->7717K(9728K), 0.0003434 secs] [Times: user=0.00 sys=0.00, real=0.00 secs] 
16.686: [Full GC (Allocation Failure) [PSYoungGen: 32K->0K(1536K)] [ParOldGen: 7685K->2400K(8192K)] 7717K->2400K(9728K), [Metaspace: 3328K->3328K(1056768K)], 0.0021757 secs] [Times: user=0.01 sys=0.00, real=0.00 secs] 
16.689: [GC (Allocation Failure) [PSYoungGen: 20K->32K(1536K)] 7706K->7718K(9728K), 0.0008321 secs] [Times: user=0.00 sys=0.00, real=0.00 secs] 
16.690: [GC (Allocation Failure) [PSYoungGen: 32K->32K(1536K)] 7718K->7718K(9728K), 0.0008144 secs] [Times: user=0.00 sys=0.00, real=0.00 secs] 
16.691: [Full GC (Allocation Failure) [PSYoungGen: 32K->0K(1536K)] [ParOldGen: 7686K->2400K(8192K)] 7718K->2400K(9728K), [Metaspace: 3328K->3328K(1056768K)], 0.0025521 secs] [Times: user=0.01 sys=0.00, real=0.01 secs] 
16.694: [GC (Allocation Failure) [PSYoungGen: 20K->32K(1536K)] 7707K->7718K(9728K), 0.0008428 secs] [Times: user=0.00 sys=0.00, real=0.00 secs] 
16.695: [GC (Allocation Failure) [PSYoungGen: 32K->32K(1536K)] 7718K->7718K(9728K), 0.0002839 secs] [Times: user=0.00 sys=0.00, real=0.00 secs] 
16.695: [Full GC (Allocation Failure) [PSYoungGen: 32K->0K(1536K)] [ParOldGen: 7686K->2401K(8192K)] 7718K->2401K(9728K), [Metaspace: 3328K->3328K(1056768K)], 0.0021318 secs] [Times: user=0.00 sys=0.00, real=0.00 secs] 
16.698: [GC (Allocation Failure) [PSYoungGen: 20K->32K(1536K)] 7708K->7719K(9728K), 0.0008315 secs] [Times: user=0.01 sys=0.00, real=0.00 secs] 
16.699: [GC (Allocation Failure) [PSYoungGen: 32K->32K(1536K)] 7719K->7719K(9728K), 0.0002633 secs] [Times: user=0.00 sys=0.00, real=0.00 secs] 
16.699: [Full GC (Allocation Failure) [PSYoungGen: 32K->0K(1536K)] [ParOldGen: 7687K->2401K(8192K)] 7719K->2401K(9728K), [Metaspace: 3328K->3328K(1056768K)], 0.0022311 secs] [Times: user=0.00 sys=0.01, real=0.00 secs] 
16.702: [GC (Allocation Failure) [PSYoungGen: 20K->32K(1536K)] 7709K->7720K(9728K), 0.0008248 secs] [Times: user=0.00 sys=0.00, real=0.00 secs] 
16.702: [GC (Allocation Failure) [PSYoungGen: 32K->32K(1536K)] 7720K->7720K(9728K), 0.0002492 secs] [Times: user=0.00 sys=0.00, real=0.01 secs] 
16.703: [Full GC (Allocation Failure) [PSYoungGen: 32K->0K(1536K)] [ParOldGen: 7688K->2401K(8192K)] 7720K->2401K(9728K), [Metaspace: 3328K->3328K(1056768K)], 0.0023092 secs] [Times: user=0.01 sys=0.00, real=0.00 secs] 
16.705: [GC (Allocation Failure) [PSYoungGen: 20K->32K(1536K)] 7709K->7721K(9728K), 0.0008368 secs] [Times: user=0.00 sys=0.00, real=0.00 secs] 
16.706: [GC (Allocation Failure) [PSYoungGen: 32K->32K(1536K)] 7721K->7721K(9728K), 0.0002696 secs] [Times: user=0.00 sys=0.00, real=0.00 secs] 
16.707: [Full GC (Allocation Failure) [PSYoungGen: 32K->0K(1536K)] [ParOldGen: 7689K->2401K(8192K)] 7721K->2401K(9728K), [Metaspace: 3328K->3328K(1056768K)], 0.0020815 secs] [Times: user=0.01 sys=0.00, real=0.00 secs] 
16.709: [GC (Allocation Failure) [PSYoungGen: 20K->32K(1536K)] 7710K->7722K(9728K), 0.0008427 secs] [Times: user=0.00 sys=0.00, real=0.00 secs] 
16.710: [GC (Allocation Failure) [PSYoungGen: 32K->32K(1536K)] 7722K->7722K(9728K), 0.0002710 secs] [Times: user=0.00 sys=0.00, real=0.00 secs] 
16.710: [Full GC (Allocation Failure) [PSYoungGen: 32K->0K(1536K)] [ParOldGen: 7690K->2401K(8192K)] 7722K->2401K(9728K), [Metaspace: 3328K->3328K(1056768K)], 0.0020284 secs] [Times: user=0.00 sys=0.00, real=0.00 secs] 
16.713: [GC (Allocation Failure) [PSYoungGen: 20K->32K(1536K)] 7711K->7722K(9728K), 0.0008350 secs] [Times: user=0.01 sys=0.00, real=0.00 secs] 
16.714: [GC (Allocation Failure) [PSYoungGen: 32K->32K(1536K)] 7722K->7722K(9728K), 0.0002436 secs] [Times: user=0.00 sys=0.00, real=0.00 secs] 
16.714: [Full GC (Allocation Failure) [PSYoungGen: 32K->0K(1536K)] [ParOldGen: 7690K->2401K(8192K)] 7722K->2401K(9728K), [Metaspace: 3328K->3328K(1056768K)], 0.0023225 secs] [Times: user=0.00 sys=0.00, real=0.00 secs] 
16.717: [GC (Allocation Failure) [PSYoungGen: 20K->32K(1536K)] 7712K->7723K(9728K), 0.0008338 secs] [Times: user=0.00 sys=0.00, real=0.00 secs] 
16.718: [GC (Allocation Failure) [PSYoungGen: 32K->32K(1536K)] 7723K->7723K(9728K), 0.0002574 secs] [Times: user=0.00 sys=0.00, real=0.00 secs] 
16.718: [Full GC (Allocation Failure) [PSYoungGen: 32K->0K(1536K)] [ParOldGen: 7691K->2402K(8192K)] 7723K->2402K(9728K), [Metaspace: 3328K->3328K(1056768K)], 0.0021346 secs] [Times: user=0.01 sys=0.00, real=0.00 secs] 
16.721: [GC (Allocation Failure) [PSYoungGen: 20K->32K(1536K)] 7713K->7724K(9728K), 0.0008660 secs] [Times: user=0.00 sys=0.00, real=0.00 secs] 
16.721: [GC (Allocation Failure) [PSYoungGen: 32K->32K(1536K)] 7724K->7724K(9728K), 0.0002653 secs] [Times: user=0.00 sys=0.00, real=0.00 secs] 
16.722: [Full GC (Allocation Failure) [PSYoungGen: 32K->0K(1536K)] [ParOldGen: 7692K->2402K(8192K)] 7724K->2402K(9728K), [Metaspace: 3328K->3328K(1056768K)], 0.0020678 secs] [Times: user=0.01 sys=0.00, real=0.01 secs] 
16.724: [GC (Allocation Failure) [PSYoungGen: 20K->32K(1536K)] 7713K->7725K(9728K), 0.0009927 secs] [Times: user=0.00 sys=0.00, real=0.00 secs] 
16.726: [GC (Allocation Failure) [PSYoungGen: 32K->32K(1536K)] 7725K->7725K(9728K), 0.0002870 secs] [Times: user=0.00 sys=0.00, real=0.00 secs] 
16.726: [Full GC (Allocation Failure) [PSYoungGen: 32K->0K(1536K)] [ParOldGen: 7693K->2402K(8192K)] 7725K->2402K(9728K), [Metaspace: 3328K->3328K(1056768K)], 0.0055996 secs] [Times: user=0.01 sys=0.00, real=0.00 secs] 
16.733: [GC (Allocation Failure) [PSYoungGen: 20K->32K(1536K)] 7714K->7726K(9728K), 0.0004194 secs] [Times: user=0.00 sys=0.00, real=0.00 secs] 
16.733: [GC (Allocation Failure) [PSYoungGen: 32K->32K(1536K)] 7726K->7726K(9728K), 0.0003460 secs] [Times: user=0.00 sys=0.00, real=0.00 secs] 
16.734: [Full GC (Allocation Failure) [PSYoungGen: 32K->0K(1536K)] [ParOldGen: 7694K->2402K(8192K)] 7726K->2402K(9728K), [Metaspace: 3328K->3328K(1056768K)], 0.0022067 secs] [Times: user=0.01 sys=0.00, real=0.00 secs] 
16.736: [GC (Allocation Failure) [PSYoungGen: 20K->32K(1536K)] 7715K->7726K(9728K), 0.0008218 secs] [Times: user=0.00 sys=0.00, real=0.00 secs] 
16.737: [GC (Allocation Failure) [PSYoungGen: 32K->32K(1536K)] 7726K->7726K(9728K), 0.0002540 secs] [Times: user=0.00 sys=0.00, real=0.00 secs] 
16.738: [Full GC (Allocation Failure) [PSYoungGen: 32K->0K(1536K)] [ParOldGen: 7694K->2402K(8192K)] 7726K->2402K(9728K), [Metaspace: 3328K->3328K(1056768K)], 0.0024481 secs] [Times: user=0.01 sys=0.00, real=0.00 secs] 
16.741: [GC (Allocation Failure) [PSYoungGen: 20K->32K(1536K)] 7716K->7727K(9728K), 0.0007778 secs] [Times: user=0.00 sys=0.00, real=0.00 secs] 
16.742: [GC (Allocation Failure) [PSYoungGen: 32K->32K(1536K)] 7727K->7727K(9728K), 0.0004451 secs] [Times: user=0.00 sys=0.00, real=0.00 secs] 
16.742: [Full GC (Allocation Failure) [PSYoungGen: 32K->0K(1536K)] [ParOldGen: 7695K->2402K(8192K)] 7727K->2402K(9728K), [Metaspace: 3328K->3328K(1056768K)], 0.0025238 secs] [Times: user=0.00 sys=0.00, real=0.01 secs] 
16.745: [GC (Allocation Failure) [PSYoungGen: 20K->32K(1536K)] 7717K->7728K(9728K), 0.0008392 secs] [Times: user=0.01 sys=0.00, real=0.00 secs] 
16.746: [GC (Allocation Failure) [PSYoungGen: 32K->32K(1536K)] 7728K->7728K(9728K), 0.0002799 secs] [Times: user=0.00 sys=0.00, real=0.00 secs] 
16.746: [Full GC (Allocation Failure) [PSYoungGen: 32K->0K(1536K)] [ParOldGen: 7696K->2402K(8192K)] 7728K->2402K(9728K), [Metaspace: 3328K->3328K(1056768K)], 0.0019867 secs] [Times: user=0.00 sys=0.00, real=0.00 secs] 
16.749: [GC (Allocation Failure) [PSYoungGen: 20K->32K(1536K)] 7717K->7729K(9728K), 0.0008228 secs] [Times: user=0.00 sys=0.00, real=0.00 secs] 
16.750: [GC (Allocation Failure) [PSYoungGen: 32K->32K(1536K)] 7729K->7729K(9728K), 0.0002548 secs] [Times: user=0.00 sys=0.00, real=0.00 secs] 
16.750: [Full GC (Allocation Failure) [PSYoungGen: 32K->0K(1536K)] [ParOldGen: 7697K->2403K(8192K)] 7729K->2403K(9728K), [Metaspace: 3328K->3328K(1056768K)], 0.0020712 secs] [Times: user=0.01 sys=0.00, real=0.00 secs] 
16.752: [GC (Allocation Failure) [PSYoungGen: 20K->32K(1536K)] 7718K->7730K(9728K), 0.0008435 secs] [Times: user=0.00 sys=0.00, real=0.01 secs] 
16.753: [GC (Allocation Failure) [PSYoungGen: 32K->32K(1536K)] 7730K->7730K(9728K), 0.0002841 secs] [Times: user=0.00 sys=0.00, real=0.00 secs] 
16.754: [Full GC (Allocation Failure) [PSYoungGen: 32K->0K(1536K)] [ParOldGen: 7698K->2403K(8192K)] 7730K->2403K(9728K), [Metaspace: 3328K->3328K(1056768K)], 0.0025029 secs] [Times: user=0.01 sys=0.00, real=0.00 secs] 
16.757: [GC (Allocation Failure) [PSYoungGen: 20K->32K(1536K)] 7719K->7730K(9728K), 0.0008534 secs] [Times: user=0.00 sys=0.00, real=0.00 secs] 
16.758: [GC (Allocation Failure) [PSYoungGen: 32K->32K(1536K)] 7730K->7730K(9728K), 0.0008437 secs] [Times: user=0.00 sys=0.00, real=0.00 secs] 
16.758: [Full GC (Allocation Failure) [PSYoungGen: 32K->0K(1536K)] [ParOldGen: 7698K->2403K(8192K)] 7730K->2403K(9728K), [Metaspace: 3328K->3328K(1056768K)], 0.0025339 secs] [Times: user=0.01 sys=0.00, real=0.00 secs] 
16.761: [GC (Allocation Failure) [PSYoungGen: 20K->32K(1536K)] 7720K->7731K(9728K), 0.0008293 secs] [Times: user=0.00 sys=0.00, real=0.00 secs] 
16.762: [GC (Allocation Failure) [PSYoungGen: 32K->32K(1536K)] 7731K->7731K(9728K), 0.0002628 secs] [Times: user=0.00 sys=0.00, real=0.01 secs] 
16.763: [Full GC (Allocation Failure) [PSYoungGen: 32K->0K(1536K)] [ParOldGen: 7699K->2403K(8192K)] 7731K->2403K(9728K), [Metaspace: 3328K->3328K(1056768K)], 0.0025051 secs] [Times: user=0.01 sys=0.00, real=0.00 secs] 
16.766: [GC (Allocation Failure) [PSYoungGen: 20K->32K(1536K)] 7721K->7732K(9728K), 0.0008612 secs] [Times: user=0.00 sys=0.00, real=0.00 secs] 
16.767: [GC (Allocation Failure) [PSYoungGen: 32K->32K(1536K)] 7732K->7732K(9728K), 0.0002915 secs] [Times: user=0.00 sys=0.00, real=0.00 secs] 
16.767: [Full GC (Allocation Failure) [PSYoungGen: 32K->0K(1536K)] [ParOldGen: 7700K->2403K(8192K)] 7732K->2403K(9728K), [Metaspace: 3328K->3328K(1056768K)], 0.0024109 secs] [Times: user=0.00 sys=0.00, real=0.00 secs] 
16.770: [GC (Allocation Failure) [PSYoungGen: 20K->32K(1536K)] 7721K->7733K(9728K), 0.0008219 secs] [Times: user=0.01 sys=0.00, real=0.00 secs] 
16.771: [GC (Allocation Failure) [PSYoungGen: 32K->32K(1536K)] 7733K->7733K(9728K), 0.0003111 secs] [Times: user=0.00 sys=0.00, real=0.00 secs] 
16.771: [Full GC (Allocation Failure) [PSYoungGen: 32K->0K(1536K)] [ParOldGen: 7701K->2403K(8192K)] 7733K->2403K(9728K), [Metaspace: 3328K->3328K(1056768K)], 0.0020472 secs] [Times: user=0.00 sys=0.00, real=0.01 secs] 
16.774: [GC (Allocation Failure) [PSYoungGen: 20K->32K(1536K)] 7722K->7734K(9728K), 0.0008393 secs] [Times: user=0.00 sys=0.00, real=0.00 secs] 
16.774: [GC (Allocation Failure) [PSYoungGen: 32K->32K(1536K)] 7734K->7734K(9728K), 0.0002664 secs] [Times: user=0.00 sys=0.00, real=0.00 secs] 
16.775: [Full GC (Allocation Failure) [PSYoungGen: 32K->0K(1536K)] [ParOldGen: 7702K->2404K(8192K)] 7734K->2404K(9728K), [Metaspace: 3328K->3328K(1056768K)], 0.0025210 secs] [Times: user=0.01 sys=0.00, real=0.00 secs] 
16.778: [GC (Allocation Failure) [PSYoungGen: 20K->32K(1536K)] 7723K->7734K(9728K), 0.0008312 secs] [Times: user=0.00 sys=0.00, real=0.00 secs] 
16.779: [GC (Allocation Failure) [PSYoungGen: 32K->32K(1536K)] 7734K->7734K(9728K), 0.0002560 secs] [Times: user=0.00 sys=0.00, real=0.00 secs] 
16.779: [Full GC (Allocation Failure) [PSYoungGen: 32K->0K(1536K)] [ParOldGen: 7702K->2404K(8192K)] 7734K->2404K(9728K), [Metaspace: 3328K->3328K(1056768K)], 0.0025186 secs] [Times: user=0.01 sys=0.00, real=0.00 secs] 
16.782: [GC (Allocation Failure) [PSYoungGen: 20K->32K(1536K)] 7724K->7735K(9728K), 0.0008324 secs] [Times: user=0.00 sys=0.00, real=0.01 secs] 
16.783: [GC (Allocation Failure) [PSYoungGen: 32K->32K(1536K)] 7735K->7735K(9728K), 0.0002753 secs] [Times: user=0.00 sys=0.00, real=0.00 secs] 
16.783: [Full GC (Allocation Failure) [PSYoungGen: 32K->0K(1536K)] [ParOldGen: 7703K->2404K(8192K)] 7735K->2404K(9728K), [Metaspace: 3328K->3328K(1056768K)], 0.0023512 secs] [Times: user=0.01 sys=0.01, real=0.00 secs] 
16.786: [GC (Allocation Failure) [PSYoungGen: 20K->32K(1536K)] 7725K->7736K(9728K), 0.0008293 secs] [Times: user=0.00 sys=0.00, real=0.00 secs] 
16.787: [GC (Allocation Failure) [PSYoungGen: 32K->32K(1536K)] 7736K->7736K(9728K), 0.0002764 secs] [Times: user=0.00 sys=0.00, real=0.00 secs] 
16.787: [Full GC (Allocation Failure) [PSYoungGen: 32K->0K(1536K)] [ParOldGen: 7704K->2404K(8192K)] 7736K->2404K(9728K), [Metaspace: 3328K->3328K(1056768K)], 0.0024155 secs] [Times: user=0.01 sys=0.00, real=0.00 secs] 
16.790: [GC (Allocation Failure) [PSYoungGen: 20K->32K(1536K)] 7725K->7737K(9728K), 0.0008256 secs] [Times: user=0.00 sys=0.00, real=0.00 secs] 
16.791: [GC (Allocation Failure) [PSYoungGen: 32K->32K(1536K)] 7737K->7737K(9728K), 0.0002681 secs] [Times: user=0.00 sys=0.00, real=0.00 secs] 
16.791: [Full GC (Allocation Failure) [PSYoungGen: 32K->0K(1536K)] [ParOldGen: 7705K->2404K(8192K)] 7737K->2404K(9728K), [Metaspace: 3328K->3328K(1056768K)], 0.0020088 secs] [Times: user=0.00 sys=0.00, real=0.01 secs] 
16.794: [GC (Allocation Failure) [PSYoungGen: 20K->32K(1536K)] 7726K->7738K(9728K), 0.0008467 secs] [Times: user=0.01 sys=0.00, real=0.00 secs] 
16.795: [GC (Allocation Failure) [PSYoungGen: 32K->32K(1536K)] 7738K->7738K(9728K), 0.0007966 secs] [Times: user=0.00 sys=0.00, real=0.00 secs] 
16.795: [Full GC (Allocation Failure) [PSYoungGen: 32K->0K(1536K)] [ParOldGen: 7706K->2404K(8192K)] 7738K->2404K(9728K), [Metaspace: 3328K->3328K(1056768K)], 0.0023524 secs] [Times: user=0.00 sys=0.00, real=0.00 secs] 
16.798: [GC (Allocation Failure) [PSYoungGen: 20K->32K(1536K)] 7727K->7738K(9728K), 0.0008530 secs] [Times: user=0.00 sys=0.00, real=0.00 secs] 
16.799: [GC (Allocation Failure) [PSYoungGen: 32K->32K(1536K)] 7738K->7738K(9728K), 0.0002421 secs] [Times: user=0.01 sys=0.00, real=0.00 secs] 
16.799: [Full GC (Allocation Failure) [PSYoungGen: 32K->0K(1536K)] [ParOldGen: 7706K->2405K(8192K)] 7738K->2405K(9728K), [Metaspace: 3328K->3328K(1056768K)], 0.0021397 secs] [Times: user=0.00 sys=0.00, real=0.00 secs] 
16.802: [GC (Allocation Failure) [PSYoungGen: 20K->32K(1536K)] 7728K->7739K(9728K), 0.0003168 secs] [Times: user=0.00 sys=0.00, real=0.00 secs] 
16.802: [GC (Allocation Failure) [PSYoungGen: 32K->32K(1536K)] 7739K->7739K(9728K), 0.0002700 secs] [Times: user=0.00 sys=0.00, real=0.01 secs] 
16.803: [Full GC (Allocation Failure) [PSYoungGen: 32K->0K(1536K)] [ParOldGen: 7707K->2405K(8192K)] 7739K->2405K(9728K), [Metaspace: 3328K->3328K(1056768K)], 0.0028258 secs] [Times: user=0.01 sys=0.00, real=0.00 secs] 
16.806: [GC (Allocation Failure) [PSYoungGen: 20K->32K(1536K)] 7729K->7740K(9728K), 0.0008963 secs] [Times: user=0.00 sys=0.00, real=0.00 secs] 
16.807: [GC (Allocation Failure) [PSYoungGen: 32K->32K(1536K)] 7740K->7740K(9728K), 0.0007911 secs] [Times: user=0.00 sys=0.00, real=0.00 secs] 
16.808: [Full GC (Allocation Failure) [PSYoungGen: 32K->0K(1536K)] [ParOldGen: 7708K->2405K(8192K)] 7740K->2405K(9728K), [Metaspace: 3328K->3328K(1056768K)], 0.0030019 secs] [Times: user=0.01 sys=0.00, real=0.00 secs] 
16.811: [GC (Allocation Failure) [PSYoungGen: 20K->32K(1536K)] 7729K->7741K(9728K), 0.0004514 secs] [Times: user=0.00 sys=0.00, real=0.00 secs] 
16.812: [GC (Allocation Failure) [PSYoungGen: 32K->32K(1536K)] 7741K->7741K(9728K), 0.0002415 secs] [Times: user=0.00 sys=0.00, real=0.00 secs] 
16.812: [Full GC (Allocation Failure) [PSYoungGen: 32K->0K(1536K)] [ParOldGen: 7709K->2405K(8192K)] 7741K->2405K(9728K), [Metaspace: 3328K->3328K(1056768K)], 0.0020346 secs] [Times: user=0.01 sys=0.00, real=0.01 secs] 
16.815: [GC (Allocation Failure) [PSYoungGen: 20K->32K(1536K)] 7730K->7742K(9728K), 0.0008361 secs] [Times: user=0.00 sys=0.00, real=0.00 secs] 
16.815: [GC (Allocation Failure) [PSYoungGen: 32K->32K(1536K)] 7742K->7742K(9728K), 0.0003247 secs] [Times: user=0.00 sys=0.00, real=0.00 secs] 
16.816: [Full GC (Allocation Failure) [PSYoungGen: 32K->0K(1536K)] [ParOldGen: 7710K->2405K(8192K)] 7742K->2405K(9728K), [Metaspace: 3328K->3328K(1056768K)], 0.0024774 secs] [Times: user=0.00 sys=0.00, real=0.00 secs] 
16.819: [GC (Allocation Failure) [PSYoungGen: 20K->32K(1536K)] 7731K->7742K(9728K), 0.0008362 secs] [Times: user=0.01 sys=0.00, real=0.00 secs] 
16.820: [GC (Allocation Failure) [PSYoungGen: 32K->32K(1536K)] 7742K->7742K(9728K), 0.0002517 secs] [Times: user=0.00 sys=0.00, real=0.00 secs] 
16.820: [Full GC (Allocation Failure) [PSYoungGen: 32K->0K(1536K)] [ParOldGen: 7710K->2405K(8192K)] 7742K->2405K(9728K), [Metaspace: 3328K->3328K(1056768K)], 0.0023209 secs] [Times: user=0.00 sys=0.00, real=0.00 secs] 
16.823: [GC (Allocation Failure) [PSYoungGen: 20K->32K(1536K)] 7732K->7743K(9728K), 0.0003384 secs] [Times: user=0.00 sys=0.00, real=0.00 secs] 
16.823: [GC (Allocation Failure) [PSYoungGen: 32K->32K(1536K)] 7743K->7743K(9728K), 0.0007959 secs] [Times: user=0.00 sys=0.00, real=0.00 secs] 
16.824: [Full GC (Allocation Failure) [PSYoungGen: 32K->0K(1536K)] [ParOldGen: 7711K->2406K(8192K)] 7743K->2406K(9728K), [Metaspace: 3328K->3328K(1056768K)], 0.0024841 secs] [Times: user=0.01 sys=0.00, real=0.00 secs] 
16.827: [GC (Allocation Failure) [PSYoungGen: 20K->32K(1536K)] 7733K->7744K(9728K), 0.0006438 secs] [Times: user=0.00 sys=0.00, real=0.00 secs] 
16.828: [GC (Allocation Failure) [PSYoungGen: 32K->32K(1536K)] 7744K->7744K(9728K), 0.0002873 secs] [Times: user=0.00 sys=0.00, real=0.00 secs] 
16.828: [Full GC (Allocation Failure) [PSYoungGen: 32K->0K(1536K)] [ParOldGen: 7712K->2406K(8192K)] 7744K->2406K(9728K), [Metaspace: 3328K->3328K(1056768K)], 0.0023198 secs] [Times: user=0.01 sys=0.00, real=0.00 secs] 
16.831: [GC (Allocation Failure) [PSYoungGen: 20K->32K(1536K)] 7733K->7745K(9728K), 0.0008305 secs] [Times: user=0.00 sys=0.00, real=0.00 secs] 
16.832: [GC (Allocation Failure) [PSYoungGen: 32K->32K(1536K)] 7745K->7745K(9728K), 0.0002699 secs] [Times: user=0.00 sys=0.00, real=0.00 secs] 
16.832: [Full GC (Allocation Failure) [PSYoungGen: 32K->0K(1536K)] [ParOldGen: 7713K->2406K(8192K)] 7745K->2406K(9728K), [Metaspace: 3328K->3328K(1056768K)], 0.0021199 secs] [Times: user=0.01 sys=0.00, real=0.01 secs] 
16.835: [GC (Allocation Failure) [PSYoungGen: 20K->32K(1536K)] 7734K->7746K(9728K), 0.0003291 secs] [Times: user=0.00 sys=0.00, real=0.00 secs] 
16.835: [GC (Allocation Failure) [PSYoungGen: 32K->32K(1536K)] 7746K->7746K(9728K), 0.0008241 secs] [Times: user=0.00 sys=0.00, real=0.00 secs] 
16.836: [Full GC (Allocation Failure) [PSYoungGen: 32K->0K(1536K)] [ParOldGen: 7714K->2406K(8192K)] 7746K->2406K(9728K), [Metaspace: 3328K->3328K(1056768K)], 0.0024931 secs] [Times: user=0.00 sys=0.00, real=0.00 secs] 
16.839: [GC (Allocation Failure) [PSYoungGen: 20K->32K(1536K)] 7735K->7746K(9728K), 0.0003482 secs] [Times: user=0.00 sys=0.00, real=0.00 secs] 
16.839: [GC (Allocation Failure) [PSYoungGen: 32K->32K(1536K)] 7746K->7746K(9728K), 0.0007952 secs] [Times: user=0.01 sys=0.00, real=0.00 secs] 
16.840: [Full GC (Allocation Failure) [PSYoungGen: 32K->0K(1536K)] [ParOldGen: 7714K->2406K(8192K)] 7746K->2406K(9728K), [Metaspace: 3328K->3328K(1056768K)], 0.0021616 secs] [Times: user=0.00 sys=0.00, real=0.00 secs] 
16.843: [GC (Allocation Failure) [PSYoungGen: 20K->32K(1536K)] 7736K->7747K(9728K), 0.0003266 secs] [Times: user=0.00 sys=0.00, real=0.00 secs] 
16.843: [GC (Allocation Failure) [PSYoungGen: 32K->32K(1536K)] 7747K->7747K(9728K), 0.0002688 secs] [Times: user=0.00 sys=0.00, real=0.00 secs] 
16.843: [Full GC (Allocation Failure) [PSYoungGen: 32K->0K(1536K)] [ParOldGen: 7715K->2406K(8192K)] 7747K->2406K(9728K), [Metaspace: 3328K->3328K(1056768K)], 0.0023503 secs] [Times: user=0.01 sys=0.00, real=0.00 secs] 
16.846: [GC (Allocation Failure) [PSYoungGen: 20K->32K(1536K)] 7737K->7748K(9728K), 0.0008312 secs] [Times: user=0.00 sys=0.00, real=0.00 secs] 
16.847: [GC (Allocation Failure) [PSYoungGen: 32K->32K(1536K)] 7748K->7748K(9728K), 0.0002820 secs] [Times: user=0.00 sys=0.00, real=0.00 secs] 
16.847: [Full GC (Allocation Failure) [PSYoungGen: 32K->0K(1536K)] [ParOldGen: 7716K->2406K(8192K)] 7748K->2406K(9728K), [Metaspace: 3328K->3328K(1056768K)], 0.0022074 secs] [Times: user=0.01 sys=0.00, real=0.00 secs] 
16.850: [GC (Allocation Failure) [PSYoungGen: 20K->32K(1536K)] 7737K->7749K(9728K), 0.0003200 secs] [Times: user=0.00 sys=0.00, real=0.00 secs] 
16.850: [GC (Allocation Failure) [PSYoungGen: 32K->32K(1536K)] 7749K->7749K(9728K), 0.0002908 secs] [Times: user=0.00 sys=0.00, real=0.00 secs] 
16.851: [Full GC (Allocation Failure) [PSYoungGen: 32K->0K(1536K)] [ParOldGen: 7717K->2407K(8192K)] 7749K->2407K(9728K), [Metaspace: 3328K->3328K(1056768K)], 0.0021519 secs] [Times: user=0.00 sys=0.00, real=0.01 secs] 
16.853: [GC (Allocation Failure) [PSYoungGen: 20K->32K(1536K)] 7738K->7750K(9728K), 0.0008226 secs] [Times: user=0.00 sys=0.00, real=0.00 secs] 
16.854: [GC (Allocation Failure) [PSYoungGen: 32K->32K(1536K)] 7750K->7750K(9728K), 0.0002527 secs] [Times: user=0.01 sys=0.00, real=0.00 secs] 
16.855: [Full GC (Allocation Failure) [PSYoungGen: 32K->0K(1536K)] [ParOldGen: 7718K->2407K(8192K)] 7750K->2407K(9728K), [Metaspace: 3328K->3328K(1056768K)], 0.0025429 secs] [Times: user=0.00 sys=0.00, real=0.00 secs] 
16.858: [GC (Allocation Failure) [PSYoungGen: 20K->32K(1536K)] 7739K->7750K(9728K), 0.0003170 secs] [Times: user=0.00 sys=0.00, real=0.00 secs] 
16.858: [GC (Allocation Failure) [PSYoungGen: 32K->32K(1536K)] 7750K->7750K(9728K), 0.0002549 secs] [Times: user=0.00 sys=0.00, real=0.00 secs] 
16.858: [Full GC (Allocation Failure) [PSYoungGen: 32K->0K(1536K)] [ParOldGen: 7718K->2407K(8192K)] 7750K->2407K(9728K), [Metaspace: 3328K->3328K(1056768K)], 0.0023832 secs] [Times: user=0.01 sys=0.00, real=0.00 secs] 
16.861: [GC (Allocation Failure) [PSYoungGen: 20K->32K(1536K)] 7740K->7751K(9728K), 0.0003250 secs] [Times: user=0.00 sys=0.00, real=0.00 secs] 
16.861: [GC (Allocation Failure) [PSYoungGen: 32K->32K(1536K)] 7751K->7751K(9728K), 0.0002461 secs] [Times: user=0.00 sys=0.00, real=0.00 secs] 
16.862: [Full GC (Allocation Failure) [PSYoungGen: 32K->0K(1536K)] [ParOldGen: 7719K->2407K(8192K)] 7751K->2407K(9728K), [Metaspace: 3328K->3328K(1056768K)], 0.0025017 secs] [Times: user=0.00 sys=0.00, real=0.01 secs] 
16.865: [GC (Allocation Failure) [PSYoungGen: 20K->32K(1536K)] 7741K->7752K(9728K), 0.0008284 secs] [Times: user=0.00 sys=0.00, real=0.00 secs] 
16.866: [GC (Allocation Failure) [PSYoungGen: 32K->32K(1536K)] 7752K->7752K(9728K), 0.0002503 secs] [Times: user=0.00 sys=0.00, real=0.00 secs] 
16.866: [Full GC (Allocation Failure) [PSYoungGen: 32K->0K(1536K)] [ParOldGen: 7720K->2407K(8192K)] 7752K->2407K(9728K), [Metaspace: 3328K->3328K(1056768K)], 0.0025065 secs] [Times: user=0.00 sys=0.00, real=0.00 secs] 
16.869: [GC (Allocation Failure) [PSYoungGen: 20K->32K(1536K)] 7741K->7753K(9728K), 0.0008325 secs] [Times: user=0.01 sys=0.00, real=0.00 secs] 
16.870: [GC (Allocation Failure) [PSYoungGen: 32K->32K(1536K)] 7753K->7753K(9728K), 0.0002425 secs] [Times: user=0.00 sys=0.00, real=0.00 secs] 
16.870: [Full GC (Allocation Failure) [PSYoungGen: 32K->0K(1536K)] [ParOldGen: 7721K->2407K(8192K)] 7753K->2407K(9728K), [Metaspace: 3328K->3328K(1056768K)], 0.0021598 secs] [Times: user=0.00 sys=0.00, real=0.00 secs] 
16.873: [GC (Allocation Failure) [PSYoungGen: 20K->32K(1536K)] 7742K->7754K(9728K), 0.0008426 secs] [Times: user=0.00 sys=0.00, real=0.00 secs] 
16.874: [GC (Allocation Failure) [PSYoungGen: 32K->32K(1536K)] 7754K->7754K(9728K), 0.0007843 secs] [Times: user=0.00 sys=0.01, real=0.00 secs] 
16.874: [Full GC (Allocation Failure) [PSYoungGen: 32K->0K(1536K)] [ParOldGen: 7722K->2408K(8192K)] 7754K->2408K(9728K), [Metaspace: 3328K->3328K(1056768K)], 0.0024758 secs] [Times: user=0.01 sys=0.00, real=0.00 secs] 
16.877: [GC (Allocation Failure) [PSYoungGen: 20K->32K(1536K)] 7743K->7754K(9728K), 0.0008211 secs] [Times: user=0.00 sys=0.00, real=0.00 secs] 
16.878: [GC (Allocation Failure) [PSYoungGen: 32K->32K(1536K)] 7754K->7754K(9728K), 0.0002886 secs] [Times: user=0.00 sys=0.00, real=0.00 secs] 
16.878: [Full GC (Allocation Failure) [PSYoungGen: 32K->0K(1536K)] [ParOldGen: 7722K->2408K(8192K)] 7754K->2408K(9728K), [Metaspace: 3328K->3328K(1056768K)], 0.0023919 secs] [Times: user=0.01 sys=0.00, real=0.00 secs] 
16.881: [GC (Allocation Failure) [PSYoungGen: 20K->32K(1536K)] 7744K->7755K(9728K), 0.0008218 secs] [Times: user=0.00 sys=0.00, real=0.00 secs] 
16.882: [GC (Allocation Failure) [PSYoungGen: 32K->32K(1536K)] 7755K->7755K(9728K), 0.0002967 secs] [Times: user=0.00 sys=0.00, real=0.00 secs] 
16.883: [Full GC (Allocation Failure) [PSYoungGen: 32K->0K(1536K)] [ParOldGen: 7723K->2408K(8192K)] 7755K->2408K(9728K), [Metaspace: 3328K->3328K(1056768K)], 0.0024967 secs] [Times: user=0.01 sys=0.00, real=0.01 secs] 
16.886: [GC (Allocation Failure) [PSYoungGen: 20K->32K(1536K)] 7745K->7756K(9728K), 0.0008266 secs] [Times: user=0.00 sys=0.00, real=0.00 secs] 
16.886: [GC (Allocation Failure) [PSYoungGen: 32K->32K(1536K)] 7756K->7756K(9728K), 0.0007741 secs] [Times: user=0.00 sys=0.00, real=0.00 secs] 
16.887: [Full GC (Allocation Failure) [PSYoungGen: 32K->0K(1536K)] [ParOldGen: 7724K->2408K(8192K)] 7756K->2408K(9728K), [Metaspace: 3328K->3328K(1056768K)], 0.0027269 secs] [Times: user=0.01 sys=0.00, real=0.00 secs] 
16.890: [GC (Allocation Failure) [PSYoungGen: 20K->32K(1536K)] 7745K->7757K(9728K), 0.0008325 secs] [Times: user=0.00 sys=0.00, real=0.00 secs] 
16.891: [GC (Allocation Failure) [PSYoungGen: 32K->32K(1536K)] 7757K->7757K(9728K), 0.0002906 secs] [Times: user=0.00 sys=0.00, real=0.00 secs] 
16.892: [Full GC (Allocation Failure) [PSYoungGen: 32K->0K(1536K)] [ParOldGen: 7725K->2408K(8192K)] 7757K->2408K(9728K), [Metaspace: 3328K->3328K(1056768K)], 0.0024436 secs] [Times: user=0.01 sys=0.00, real=0.01 secs] 
16.895: [GC (Allocation Failure) [PSYoungGen: 20K->32K(1536K)] 7746K->7758K(9728K), 0.0008573 secs] [Times: user=0.00 sys=0.00, real=0.00 secs] 
16.895: [GC (Allocation Failure) [PSYoungGen: 32K->32K(1536K)] 7758K->7758K(9728K), 0.0002544 secs] [Times: user=0.00 sys=0.00, real=0.00 secs] 
16.896: [Full GC (Allocation Failure) [PSYoungGen: 32K->0K(1536K)] [ParOldGen: 7726K->2408K(8192K)] 7758K->2408K(9728K), [Metaspace: 3328K->3328K(1056768K)], 0.0019920 secs] [Times: user=0.00 sys=0.00, real=0.00 secs] 
16.898: [GC (Allocation Failure) [PSYoungGen: 20K->32K(1536K)] 7747K->7758K(9728K), 0.0008303 secs] [Times: user=0.01 sys=0.00, real=0.00 secs] 
16.899: [GC (Allocation Failure) [PSYoungGen: 32K->32K(1536K)] 7758K->7758K(9728K), 0.0002746 secs] [Times: user=0.00 sys=0.00, real=0.00 secs] 
16.899: [Full GC (Allocation Failure) [PSYoungGen: 32K->0K(1536K)] [ParOldGen: 7726K->2409K(8192K)] 7758K->2409K(9728K), [Metaspace: 3328K->3328K(1056768K)], 0.0021623 secs] [Times: user=0.00 sys=0.00, real=0.00 secs] 
16.902: [GC (Allocation Failure) [PSYoungGen: 20K->32K(1536K)] 7748K->7759K(9728K), 0.0007057 secs] [Times: user=0.00 sys=0.00, real=0.01 secs] 
16.903: [GC (Allocation Failure) [PSYoungGen: 32K->32K(1536K)] 7759K->7759K(9728K), 0.0002792 secs] [Times: user=0.00 sys=0.00, real=0.00 secs] 
16.903: [Full GC (Allocation Failure) [PSYoungGen: 32K->0K(1536K)] [ParOldGen: 7727K->2409K(8192K)] 7759K->2409K(9728K), [Metaspace: 3328K->3328K(1056768K)], 0.0020437 secs] [Times: user=0.01 sys=0.00, real=0.00 secs] 
16.906: [GC (Allocation Failure) [PSYoungGen: 20K->32K(1536K)] 7749K->7760K(9728K), 0.0008270 secs] [Times: user=0.00 sys=0.00, real=0.00 secs] 
16.907: [GC (Allocation Failure) [PSYoungGen: 32K->32K(1536K)] 7760K->7760K(9728K), 0.0002727 secs] [Times: user=0.00 sys=0.00, real=0.00 secs] 
16.907: [Full GC (Allocation Failure) [PSYoungGen: 32K->0K(1536K)] [ParOldGen: 7728K->2409K(8192K)] 7760K->2409K(9728K), [Metaspace: 3328K->3328K(1056768K)], 0.0023613 secs] [Times: user=0.01 sys=0.00, real=0.00 secs] 
16.910: [GC (Allocation Failure) [PSYoungGen: 20K->32K(1536K)] 7749K->7761K(9728K), 0.0008538 secs] [Times: user=0.00 sys=0.00, real=0.00 secs] 
16.911: [GC (Allocation Failure) [PSYoungGen: 32K->32K(1536K)] 7761K->7761K(9728K), 0.0002445 secs] [Times: user=0.00 sys=0.00, real=0.00 secs] 
16.911: [Full GC (Allocation Failure) [PSYoungGen: 32K->0K(1536K)] [ParOldGen: 7729K->2409K(8192K)] 7761K->2409K(9728K), [Metaspace: 3328K->3328K(1056768K)], 0.0021637 secs] [Times: user=0.00 sys=0.00, real=0.01 secs] 
16.914: [GC (Allocation Failure) [PSYoungGen: 20K->32K(1536K)] 7750K->7762K(9728K), 0.0003240 secs] [Times: user=0.01 sys=0.00, real=0.00 secs] 
16.914: [GC (Allocation Failure) [PSYoungGen: 32K->32K(1536K)] 7762K->7762K(9728K), 0.0002427 secs] [Times: user=0.00 sys=0.00, real=0.00 secs] 
16.914: [Full GC (Allocation Failure) [PSYoungGen: 32K->0K(1536K)] [ParOldGen: 7730K->2409K(8192K)] 7762K->2409K(9728K), [Metaspace: 3328K->3328K(1056768K)], 0.0019869 secs] [Times: user=0.00 sys=0.00, real=0.00 secs] 
16.917: [GC (Allocation Failure) [PSYoungGen: 20K->32K(1536K)] 7751K->7762K(9728K), 0.0008402 secs] [Times: user=0.00 sys=0.00, real=0.00 secs] 
16.918: [GC (Allocation Failure) [PSYoungGen: 32K->32K(1536K)] 7762K->7762K(9728K), 0.0003027 secs] [Times: user=0.00 sys=0.00, real=0.00 secs] 
16.918: [Full GC (Allocation Failure) [PSYoungGen: 32K->0K(1536K)] [ParOldGen: 7730K->2409K(8192K)] 7762K->2409K(9728K), [Metaspace: 3328K->3328K(1056768K)], 0.0025039 secs] [Times: user=0.01 sys=0.00, real=0.00 secs] 
16.921: [GC (Allocation Failure) [PSYoungGen: 20K->32K(1536K)] 7752K->7763K(9728K), 0.0008491 secs] [Times: user=0.00 sys=0.00, real=0.00 secs] 
16.922: [GC (Allocation Failure) [PSYoungGen: 32K->32K(1536K)] 7763K->7763K(9728K), 0.0008024 secs] [Times: user=0.00 sys=0.00, real=0.00 secs] 
16.923: [Full GC (Allocation Failure) [PSYoungGen: 32K->0K(1536K)] [ParOldGen: 7731K->2410K(8192K)] 7763K->2410K(9728K), [Metaspace: 3328K->3328K(1056768K)], 0.0023730 secs] [Times: user=0.01 sys=0.00, real=0.00 secs] 
16.925: [GC (Allocation Failure) [PSYoungGen: 20K->32K(1536K)] 7753K->7764K(9728K), 0.0009210 secs] [Times: user=0.00 sys=0.00, real=0.00 secs] 
16.926: [GC (Allocation Failure) [PSYoungGen: 32K->32K(1536K)] 7764K->7764K(9728K), 0.0004781 secs] [Times: user=0.00 sys=0.00, real=0.00 secs] 
16.927: [Full GC (Allocation Failure) [PSYoungGen: 32K->0K(1536K)] [ParOldGen: 7732K->2410K(8192K)] 7764K->2410K(9728K), [Metaspace: 3328K->3328K(1056768K)], 0.0025537 secs] [Times: user=0.01 sys=0.00, real=0.00 secs] 
16.931: [GC (Allocation Failure) [PSYoungGen: 20K->32K(1536K)] 7753K->7765K(9728K), 0.0004473 secs] [Times: user=0.00 sys=0.00, real=0.00 secs] 
16.931: [GC (Allocation Failure) [PSYoungGen: 32K->32K(1536K)] 7765K->7765K(9728K), 0.0002829 secs] [Times: user=0.00 sys=0.00, real=0.00 secs] 
16.932: [Full GC (Allocation Failure) [PSYoungGen: 32K->0K(1536K)] [ParOldGen: 7733K->2410K(8192K)] 7765K->2410K(9728K), [Metaspace: 3328K->3328K(1056768K)], 0.0026135 secs] [Times: user=0.01 sys=0.00, real=0.01 secs] 
16.935: [GC (Allocation Failure) [PSYoungGen: 20K->32K(1536K)] 7754K->7766K(9728K), 0.0008382 secs] [Times: user=0.00 sys=0.00, real=0.00 secs] 
16.936: [GC (Allocation Failure) [PSYoungGen: 32K->32K(1536K)] 7766K->7766K(9728K), 0.0002585 secs] [Times: user=0.00 sys=0.00, real=0.00 secs] 
16.936: [Full GC (Allocation Failure) [PSYoungGen: 32K->0K(1536K)] [ParOldGen: 7734K->2410K(8192K)] 7766K->2410K(9728K), [Metaspace: 3328K->3328K(1056768K)], 0.0020040 secs] [Times: user=0.00 sys=0.00, real=0.00 secs] 
16.939: [GC (Allocation Failure) [PSYoungGen: 20K->32K(1536K)] 7755K->7766K(9728K), 0.0008403 secs] [Times: user=0.01 sys=0.00, real=0.00 secs] 
16.939: [GC (Allocation Failure) [PSYoungGen: 32K->32K(1536K)] 7766K->7766K(9728K), 0.0007718 secs] [Times: user=0.00 sys=0.00, real=0.00 secs] 
16.940: [Full GC (Allocation Failure) [PSYoungGen: 32K->0K(1536K)] [ParOldGen: 7734K->2410K(8192K)] 7766K->2410K(9728K), [Metaspace: 3328K->3328K(1056768K)], 0.0030081 secs] [Times: user=0.00 sys=0.00, real=0.01 secs] 
16.944: [GC (Allocation Failure) [PSYoungGen: 20K->32K(1536K)] 7756K->7767K(9728K), 0.0008190 secs] [Times: user=0.01 sys=0.00, real=0.00 secs] 
16.945: [GC (Allocation Failure) [PSYoungGen: 32K->32K(1536K)] 7767K->7767K(9728K), 0.0002724 secs] [Times: user=0.00 sys=0.00, real=0.00 secs] 
16.945: [Full GC (Allocation Failure) [PSYoungGen: 32K->0K(1536K)] [ParOldGen: 7735K->2410K(8192K)] 7767K->2410K(9728K), [Metaspace: 3328K->3328K(1056768K)], 0.0020128 secs] [Times: user=0.00 sys=0.00, real=0.00 secs] 
16.948: [GC (Allocation Failure) [PSYoungGen: 20K->32K(1536K)] 7757K->7768K(9728K), 0.0008402 secs] [Times: user=0.00 sys=0.00, real=0.00 secs] 
16.948: [GC (Allocation Failure) [PSYoungGen: 32K->32K(1536K)] 7768K->7768K(9728K), 0.0003005 secs] [Times: user=0.00 sys=0.00, real=0.00 secs] 
16.949: [Full GC (Allocation Failure) [PSYoungGen: 32K->0K(1536K)] [ParOldGen: 7736K->2410K(8192K)] 7768K->2410K(9728K), [Metaspace: 3328K->3328K(1056768K)], 0.0021413 secs] [Times: user=0.01 sys=0.00, real=0.00 secs] 
16.951: [GC (Allocation Failure) [PSYoungGen: 20K->32K(1536K)] 7757K->7769K(9728K), 0.0008442 secs] [Times: user=0.00 sys=0.00, real=0.00 secs] 
16.952: [GC (Allocation Failure) [PSYoungGen: 32K->32K(1536K)] 7769K->7769K(9728K), 0.0002666 secs] [Times: user=0.00 sys=0.00, real=0.00 secs] 
16.953: [Full GC (Allocation Failure) [PSYoungGen: 32K->0K(1536K)] [ParOldGen: 7737K->2411K(8192K)] 7769K->2411K(9728K), [Metaspace: 3328K->3328K(1056768K)], 0.0023643 secs] [Times: user=0.01 sys=0.00, real=0.01 secs] 
16.955: [GC (Allocation Failure) [PSYoungGen: 20K->32K(1536K)] 7758K->7770K(9728K), 0.0008390 secs] [Times: user=0.00 sys=0.00, real=0.00 secs] 
16.956: [GC (Allocation Failure) [PSYoungGen: 32K->32K(1536K)] 7770K->7770K(9728K), 0.0002533 secs] [Times: user=0.00 sys=0.00, real=0.00 secs] 
16.957: [Full GC (Allocation Failure) [PSYoungGen: 32K->0K(1536K)] [ParOldGen: 7738K->2411K(8192K)] 7770K->2411K(9728K), [Metaspace: 3328K->3328K(1056768K)], 0.0022956 secs] [Times: user=0.01 sys=0.00, real=0.00 secs] 
16.959: [GC (Allocation Failure) [PSYoungGen: 20K->32K(1536K)] 7759K->7771K(9728K), 0.0008277 secs] [Times: user=0.00 sys=0.00, real=0.00 secs] 
16.960: [GC (Allocation Failure) [PSYoungGen: 32K->32K(1536K)] 7771K->7771K(9728K), 0.0002725 secs] [Times: user=0.00 sys=0.00, real=0.00 secs] 
16.961: [Full GC (Allocation Failure) [PSYoungGen: 32K->0K(1536K)] [ParOldGen: 7739K->2411K(8192K)] 7771K->2411K(9728K), [Metaspace: 3328K->3328K(1056768K)], 0.0021547 secs] [Times: user=0.00 sys=0.00, real=0.01 secs] 
16.963: [GC (Allocation Failure) [PSYoungGen: 20K->32K(1536K)] 7760K->7771K(9728K), 0.0008373 secs] [Times: user=0.01 sys=0.00, real=0.00 secs] 
16.964: [GC (Allocation Failure) [PSYoungGen: 32K->32K(1536K)] 7771K->7771K(9728K), 0.0004624 secs] [Times: user=0.00 sys=0.00, real=0.00 secs] 
16.965: [Full GC (Allocation Failure) [PSYoungGen: 32K->0K(1536K)] [ParOldGen: 7739K->2411K(8192K)] 7771K->2411K(9728K), [Metaspace: 3328K->3328K(1056768K)], 0.0026865 secs] [Times: user=0.00 sys=0.00, real=0.00 secs] 
16.968: [GC (Allocation Failure) [PSYoungGen: 20K->32K(1536K)] 7761K->7772K(9728K), 0.0009676 secs] [Times: user=0.01 sys=0.00, real=0.00 secs] 
16.969: [GC (Allocation Failure) [PSYoungGen: 32K->32K(1536K)] 7772K->7772K(9728K), 0.0003050 secs] [Times: user=0.00 sys=0.00, real=0.00 secs] 
16.969: [Full GC (Allocation Failure) [PSYoungGen: 32K->0K(1536K)] [ParOldGen: 7740K->2411K(8192K)] 7772K->2411K(9728K), [Metaspace: 3328K->3328K(1056768K)], 0.0028939 secs] [Times: user=0.00 sys=0.00, real=0.00 secs] 
16.972: [GC (Allocation Failure) [PSYoungGen: 20K->32K(1536K)] 7761K->7773K(9728K), 0.0008397 secs] [Times: user=0.00 sys=0.00, real=0.01 secs] 
16.973: [GC (Allocation Failure) [PSYoungGen: 32K->32K(1536K)] 7773K->7773K(9728K), 0.0007975 secs] [Times: user=0.01 sys=0.00, real=0.00 secs] 
16.974: [Full GC (Allocation Failure) [PSYoungGen: 32K->0K(1536K)] [ParOldGen: 7741K->2411K(8192K)] 7773K->2411K(9728K), [Metaspace: 3328K->3328K(1056768K)], 0.0021460 secs] [Times: user=0.00 sys=0.00, real=0.00 secs] 
16.977: [GC (Allocation Failure) [PSYoungGen: 20K->32K(1536K)] 7762K->7774K(9728K), 0.0004483 secs] [Times: user=0.00 sys=0.00, real=0.00 secs] 
16.977: [GC (Allocation Failure) [PSYoungGen: 32K->32K(1536K)] 7774K->7774K(9728K), 0.0002702 secs] [Times: user=0.00 sys=0.00, real=0.00 secs] 
16.978: [Full GC (Allocation Failure) [PSYoungGen: 32K->0K(1536K)] [ParOldGen: 7742K->2412K(8192K)] 7774K->2412K(9728K), [Metaspace: 3328K->3328K(1056768K)], 0.0023870 secs] [Times: user=0.01 sys=0.00, real=0.00 secs] 
16.981: [GC (Allocation Failure) [PSYoungGen: 20K->32K(1536K)] 7763K->7775K(9728K), 0.0007661 secs] [Times: user=0.00 sys=0.00, real=0.00 secs] 
16.982: [GC (Allocation Failure) [PSYoungGen: 32K->32K(1536K)] 7775K->7775K(9728K), 0.0005965 secs] [Times: user=0.00 sys=0.00, real=0.00 secs] 
16.982: [Full GC (Allocation Failure) [PSYoungGen: 32K->0K(1536K)] [ParOldGen: 7743K->2412K(8192K)] 7775K->2412K(9728K), [Metaspace: 3328K->3328K(1056768K)], 0.0034009 secs] [Times: user=0.01 sys=0.00, real=0.01 secs] 
16.986: [GC (Allocation Failure) [PSYoungGen: 20K->32K(1536K)] 7764K->7775K(9728K), 0.0008615 secs] [Times: user=0.00 sys=0.00, real=0.00 secs] 
16.987: [GC (Allocation Failure) [PSYoungGen: 32K->32K(1536K)] 7775K->7775K(9728K), 0.0004381 secs] [Times: user=0.00 sys=0.00, real=0.00 secs] 
16.987: [Full GC (Allocation Failure) [PSYoungGen: 32K->0K(1536K)] [ParOldGen: 7743K->2412K(8192K)] 7775K->2412K(9728K), [Metaspace: 3328K->3328K(1056768K)], 0.0021289 secs] [Times: user=0.01 sys=0.00, real=0.00 secs] 
16.990: [GC (Allocation Failure) [PSYoungGen: 20K->32K(1536K)] 7765K->7776K(9728K), 0.0003095 secs] [Times: user=0.00 sys=0.00, real=0.00 secs] 
16.990: [GC (Allocation Failure) [PSYoungGen: 32K->32K(1536K)] 7776K->7776K(9728K), 0.0002864 secs] [Times: user=0.00 sys=0.00, real=0.00 secs] 
16.991: [Full GC (Allocation Failure) [PSYoungGen: 32K->0K(1536K)] [ParOldGen: 7744K->2412K(8192K)] 7776K->2412K(9728K), [Metaspace: 3328K->3328K(1056768K)], 0.0019987 secs] [Times: user=0.00 sys=0.00, real=0.01 secs] 
16.993: [GC (Allocation Failure) [PSYoungGen: 20K->32K(1536K)] 7765K->7777K(9728K), 0.0003067 secs] [Times: user=0.00 sys=0.00, real=0.00 secs] 
16.994: [GC (Allocation Failure) [PSYoungGen: 32K->32K(1536K)] 7777K->7777K(9728K), 0.0002753 secs] [Times: user=0.00 sys=0.00, real=0.00 secs] 
16.994: [Full GC (Allocation Failure) [PSYoungGen: 32K->0K(1536K)] [ParOldGen: 7745K->2412K(8192K)] 7777K->2412K(9728K), [Metaspace: 3328K->3328K(1056768K)], 0.0020020 secs] [Times: user=0.01 sys=0.00, real=0.00 secs] 
16.996: [GC (Allocation Failure) [PSYoungGen: 20K->32K(1536K)] 7766K->7778K(9728K), 0.0003119 secs] [Times: user=0.00 sys=0.00, real=0.00 secs] 
16.997: [GC (Allocation Failure) [PSYoungGen: 32K->32K(1536K)] 7778K->7778K(9728K), 0.0003929 secs] [Times: user=0.00 sys=0.00, real=0.00 secs] 
16.997: [Full GC (Allocation Failure) [PSYoungGen: 32K->0K(1536K)] [ParOldGen: 7746K->2412K(8192K)] 7778K->2412K(9728K), [Metaspace: 3328K->3328K(1056768K)], 0.0021783 secs] [Times: user=0.01 sys=0.00, real=0.00 secs] 
17.000: [GC (Allocation Failure) [PSYoungGen: 20K->32K(1536K)] 7767K->7779K(9728K), 0.0003167 secs] [Times: user=0.00 sys=0.00, real=0.00 secs] 
17.000: [GC (Allocation Failure) [PSYoungGen: 32K->32K(1536K)] 7779K->7779K(9728K), 0.0007843 secs] [Times: user=0.00 sys=0.00, real=0.00 secs] 
17.001: [Full GC (Allocation Failure) [PSYoungGen: 32K->0K(1536K)] [ParOldGen: 7747K->2413K(8192K)] 7779K->2413K(9728K), [Metaspace: 3328K->3328K(1056768K)], 0.0023891 secs] [Times: user=0.00 sys=0.00, real=0.01 secs] 
17.004: [GC (Allocation Failure) [PSYoungGen: 20K->32K(1536K)] 7768K->7779K(9728K), 0.0008471 secs] [Times: user=0.01 sys=0.00, real=0.00 secs] 
17.005: [GC (Allocation Failure) [PSYoungGen: 32K->32K(1536K)] 7779K->7779K(9728K), 0.0002529 secs] [Times: user=0.00 sys=0.00, real=0.00 secs] 
17.005: [Full GC (Allocation Failure) [PSYoungGen: 32K->0K(1536K)] [ParOldGen: 7747K->2413K(8192K)] 7779K->2413K(9728K), [Metaspace: 3328K->3328K(1056768K)], 0.0025121 secs] [Times: user=0.00 sys=0.00, real=0.00 secs] 
17.008: [GC (Allocation Failure) [PSYoungGen: 20K->32K(1536K)] 7769K->7780K(9728K), 0.0006829 secs] [Times: user=0.00 sys=0.00, real=0.00 secs] 
17.009: [GC (Allocation Failure) [PSYoungGen: 32K->32K(1536K)] 7780K->7780K(9728K), 0.0015907 secs] [Times: user=0.01 sys=0.00, real=0.00 secs] 
17.011: [Full GC (Allocation Failure) [PSYoungGen: 32K->0K(1536K)] [ParOldGen: 7748K->2413K(8192K)] 7780K->2413K(9728K), [Metaspace: 3328K->3328K(1056768K)], 0.0028030 secs] [Times: user=0.00 sys=0.00, real=0.01 secs] 
17.014: [GC (Allocation Failure) [PSYoungGen: 20K->32K(1536K)] 7769K->7781K(9728K), 0.0008420 secs] [Times: user=0.01 sys=0.00, real=0.00 secs] 
17.015: [GC (Allocation Failure) [PSYoungGen: 32K->32K(1536K)] 7781K->7781K(9728K), 0.0002828 secs] [Times: user=0.00 sys=0.00, real=0.00 secs] 
17.015: [Full GC (Allocation Failure) [PSYoungGen: 32K->0K(1536K)] [ParOldGen: 7749K->2413K(8192K)] 7781K->2413K(9728K), [Metaspace: 3328K->3328K(1056768K)], 0.0023232 secs] [Times: user=0.00 sys=0.00, real=0.00 secs] 
17.018: [GC (Allocation Failure) [PSYoungGen: 20K->32K(1536K)] 7770K->7782K(9728K), 0.0008471 secs] [Times: user=0.00 sys=0.00, real=0.00 secs] 
17.019: [GC (Allocation Failure) [PSYoungGen: 32K->32K(1536K)] 7782K->7782K(9728K), 0.0002840 secs] [Times: user=0.00 sys=0.00, real=0.00 secs] 
17.019: [Full GC (Allocation Failure) [PSYoungGen: 32K->0K(1536K)] [ParOldGen: 7750K->2413K(8192K)] 7782K->2413K(9728K), [Metaspace: 3328K->3328K(1056768K)], 0.0022269 secs] [Times: user=0.01 sys=0.00, real=0.00 secs] 
17.022: [GC (Allocation Failure) [PSYoungGen: 20K->32K(1536K)] 7771K->7783K(9728K), 0.0008453 secs] [Times: user=0.00 sys=0.00, real=0.01 secs] 
17.023: [GC (Allocation Failure) [PSYoungGen: 32K->32K(1536K)] 7783K->7783K(9728K), 0.0013078 secs] [Times: user=0.00 sys=0.00, real=0.00 secs] 
17.024: [Full GC (Allocation Failure) [PSYoungGen: 32K->0K(1536K)] [ParOldGen: 7751K->2413K(8192K)] 7783K->2413K(9728K), [Metaspace: 3328K->3328K(1056768K)], 0.0022983 secs] [Times: user=0.01 sys=0.00, real=0.00 secs] 
17.027: [GC (Allocation Failure) [PSYoungGen: 20K->32K(1536K)] 7772K->7783K(9728K), 0.0003167 secs] [Times: user=0.00 sys=0.00, real=0.00 secs] 
17.028: [GC (Allocation Failure) [PSYoungGen: 32K->32K(1536K)] 7783K->7783K(9728K), 0.0002762 secs] [Times: user=0.00 sys=0.00, real=0.00 secs] 
17.028: [Full GC (Allocation Failure) [PSYoungGen: 32K->0K(1536K)] [ParOldGen: 7751K->2414K(8192K)] 7783K->2414K(9728K), [Metaspace: 3328K->3328K(1056768K)], 0.0025177 secs] [Times: user=0.01 sys=0.00, real=0.00 secs] 
17.031: [GC (Allocation Failure) [PSYoungGen: 20K->32K(1536K)] 7773K->7784K(9728K), 0.0003424 secs] [Times: user=0.00 sys=0.00, real=0.00 secs] 
17.031: [GC (Allocation Failure) [PSYoungGen: 32K->32K(1536K)] 7784K->7784K(9728K), 0.0006506 secs] [Times: user=0.00 sys=0.00, real=0.00 secs] 
17.032: [Full GC (Allocation Failure) [PSYoungGen: 32K->0K(1536K)] [ParOldGen: 7752K->2414K(8192K)] 7784K->2414K(9728K), [Metaspace: 3328K->3328K(1056768K)], 0.0036043 secs] [Times: user=0.01 sys=0.00, real=0.01 secs] 
17.037: [GC (Allocation Failure) [PSYoungGen: 20K->32K(1536K)] 7773K->7785K(9728K), 0.0004358 secs] [Times: user=0.00 sys=0.00, real=0.00 secs] 
17.037: [GC (Allocation Failure) [PSYoungGen: 32K->32K(1536K)] 7785K->7785K(9728K), 0.0002811 secs] [Times: user=0.00 sys=0.00, real=0.00 secs] 
17.038: [Full GC (Allocation Failure) [PSYoungGen: 32K->0K(1536K)] [ParOldGen: 7753K->2414K(8192K)] 7785K->2414K(9728K), [Metaspace: 3328K->3328K(1056768K)], 0.0025098 secs] [Times: user=0.00 sys=0.00, real=0.00 secs] 
17.041: [GC (Allocation Failure) [PSYoungGen: 20K->32K(1536K)] 7774K->7786K(9728K), 0.0009228 secs] [Times: user=0.01 sys=0.00, real=0.00 secs] 
17.042: [GC (Allocation Failure) [PSYoungGen: 32K->32K(1536K)] 7786K->7786K(9728K), 0.0003456 secs] [Times: user=0.00 sys=0.00, real=0.00 secs] 
17.042: [Full GC (Allocation Failure) [PSYoungGen: 32K->0K(1536K)] [ParOldGen: 7754K->2414K(8192K)] 7786K->2414K(9728K), [Metaspace: 3328K->3328K(1056768K)], 0.0025103 secs] [Times: user=0.00 sys=0.01, real=0.01 secs] 
17.045: [GC (Allocation Failure) [PSYoungGen: 20K->32K(1536K)] 7775K->7787K(9728K), 0.0008532 secs] [Times: user=0.00 sys=0.00, real=0.00 secs] 
17.046: [GC (Allocation Failure) [PSYoungGen: 32K->64K(1536K)] 7787K->7819K(9728K), 0.0002874 secs] [Times: user=0.00 sys=0.00, real=0.00 secs] 
17.046: [Full GC (Allocation Failure) [PSYoungGen: 64K->0K(1536K)] [ParOldGen: 7755K->2414K(8192K)] 7819K->2414K(9728K), [Metaspace: 3328K->3328K(1056768K)], 0.0020369 secs] [Times: user=0.01 sys=0.00, real=0.00 secs] 
17.049: [GC (Allocation Failure) [PSYoungGen: 20K->32K(1536K)] 7776K->7787K(9728K), 0.0003607 secs] [Times: user=0.00 sys=0.00, real=0.00 secs] 
17.049: [GC (Allocation Failure) [PSYoungGen: 32K->32K(1536K)] 7787K->7787K(9728K), 0.0002768 secs] [Times: user=0.00 sys=0.00, real=0.00 secs] 
17.050: [Full GC (Allocation Failure) [PSYoungGen: 32K->0K(1536K)] [ParOldGen: 7755K->2414K(8192K)] 7787K->2414K(9728K), [Metaspace: 3328K->3328K(1056768K)], 0.0024550 secs] [Times: user=0.01 sys=0.00, real=0.00 secs] 
17.053: [GC (Allocation Failure) [PSYoungGen: 20K->32K(1536K)] 7777K->7788K(9728K), 0.0008405 secs] [Times: user=0.00 sys=0.00, real=0.00 secs] 
17.054: [GC (Allocation Failure) [PSYoungGen: 32K->32K(1536K)] 7788K->7788K(9728K), 0.0007966 secs] [Times: user=0.00 sys=0.00, real=0.00 secs] 
17.054: [Full GC (Allocation Failure) [PSYoungGen: 32K->0K(1536K)] [ParOldGen: 7756K->2414K(8192K)] 7788K->2414K(9728K), [Metaspace: 3328K->3328K(1056768K)], 0.0024850 secs] [Times: user=0.01 sys=0.00, real=0.00 secs] 
17.057: [GC (Allocation Failure) [PSYoungGen: 20K->32K(1536K)] 7777K->7789K(9728K), 0.0008454 secs] [Times: user=0.00 sys=0.00, real=0.00 secs] 
17.058: [GC (Allocation Failure) [PSYoungGen: 32K->32K(1536K)] 7789K->7789K(9728K), 0.0007819 secs] [Times: user=0.00 sys=0.00, real=0.00 secs] 
17.059: [Full GC (Allocation Failure) [PSYoungGen: 32K->0K(1536K)] [ParOldGen: 7757K->2415K(8192K)] 7789K->2415K(9728K), [Metaspace: 3328K->3328K(1056768K)], 0.0023392 secs] [Times: user=0.01 sys=0.00, real=0.00 secs] 
17.062: [GC (Allocation Failure) [PSYoungGen: 20K->32K(1536K)] 7778K->7790K(9728K), 0.0005047 secs] [Times: user=0.00 sys=0.00, real=0.00 secs] 
17.062: [GC (Allocation Failure) [PSYoungGen: 32K->32K(1536K)] 7790K->7790K(9728K), 0.0006070 secs] [Times: user=0.00 sys=0.00, real=0.01 secs] 
17.063: [Full GC (Allocation Failure) [PSYoungGen: 32K->0K(1536K)] [ParOldGen: 7758K->2415K(8192K)] 7790K->2415K(9728K), [Metaspace: 3328K->3328K(1056768K)], 0.0031527 secs] [Times: user=0.01 sys=0.00, real=0.00 secs] 
17.067: [GC (Allocation Failure) [PSYoungGen: 20K->32K(1536K)] 7779K->7791K(9728K), 0.0008384 secs] [Times: user=0.00 sys=0.00, real=0.00 secs] 
17.068: [Full GC (Ergonomics) [PSYoungGen: 32K->0K(1536K)] [ParOldGen: 7759K->2415K(8192K)] 7791K->2415K(9728K), [Metaspace: 3328K->3328K(1056768K)], 0.0023680 secs] [Times: user=0.00 sys=0.00, real=0.00 secs] 
17.070: [GC (Allocation Failure) [PSYoungGen: 20K->32K(1536K)] 7780K->7791K(9728K), 0.0008399 secs] [Times: user=0.01 sys=0.00, real=0.00 secs] 
17.071: [Full GC (Ergonomics) [PSYoungGen: 32K->0K(1536K)] [ParOldGen: 7759K->2415K(8192K)] 7791K->2415K(9728K), [Metaspace: 3328K->3328K(1056768K)], 0.0024608 secs] [Times: user=0.00 sys=0.00, real=0.01 secs] 
17.074: [GC (Allocation Failure) [PSYoungGen: 20K->32K(1536K)] 7781K->7792K(9728K), 0.0008420 secs] [Times: user=0.00 sys=0.00, real=0.00 secs] 
17.075: [Full GC (Ergonomics) [PSYoungGen: 32K->0K(1536K)] [ParOldGen: 7760K->2415K(8192K)] 7792K->2415K(9728K), [Metaspace: 3328K->3328K(1056768K)], 0.0024761 secs] [Times: user=0.01 sys=0.00, real=0.00 secs] 
17.078: [GC (Allocation Failure) [PSYoungGen: 20K->32K(1536K)] 7781K->7793K(9728K), 0.0008387 secs] [Times: user=0.00 sys=0.00, real=0.00 secs] 
17.079: [Full GC (Ergonomics) [PSYoungGen: 32K->0K(1536K)] [ParOldGen: 7761K->2415K(8192K)] 7793K->2415K(9728K), [Metaspace: 3328K->3328K(1056768K)], 0.0024007 secs] [Times: user=0.01 sys=0.00, real=0.00 secs] 
17.082: [GC (Allocation Failure) [PSYoungGen: 20K->32K(1536K)] 7782K->7794K(9728K), 0.0003512 secs] [Times: user=0.00 sys=0.00, real=0.00 secs] 
17.082: [Full GC (Ergonomics) [PSYoungGen: 32K->0K(1536K)] [ParOldGen: 7762K->2416K(8192K)] 7794K->2416K(9728K), [Metaspace: 3328K->3328K(1056768K)], 0.0021711 secs] [Times: user=0.00 sys=0.00, real=0.01 secs] 
17.085: [GC (Allocation Failure) [PSYoungGen: 20K->32K(1536K)] 7783K->7795K(9728K), 0.0008356 secs] [Times: user=0.01 sys=0.00, real=0.00 secs] 
17.086: [Full GC (Ergonomics) [PSYoungGen: 32K->0K(1536K)] [ParOldGen: 7763K->2416K(8192K)] 7795K->2416K(9728K), [Metaspace: 3328K->3328K(1056768K)], 0.0020562 secs] [Times: user=0.00 sys=0.00, real=0.00 secs] 
17.089: [GC (Allocation Failure) [PSYoungGen: 20K->32K(1536K)] 7784K->7795K(9728K), 0.0008383 secs] [Times: user=0.00 sys=0.00, real=0.00 secs] 
17.089: [Full GC (Ergonomics) [PSYoungGen: 32K->0K(1536K)] [ParOldGen: 7763K->2416K(8192K)] 7795K->2416K(9728K), [Metaspace: 3328K->3328K(1056768K)], 0.0025074 secs] [Times: user=0.01 sys=0.00, real=0.00 secs] 
17.092: [GC (Allocation Failure) [PSYoungGen: 20K->32K(1536K)] 7785K->7796K(9728K), 0.0008412 secs] [Times: user=0.00 sys=0.00, real=0.01 secs] 
17.093: [Full GC (Ergonomics) [PSYoungGen: 32K->0K(1536K)] [ParOldGen: 7764K->2416K(8192K)] 7796K->2416K(9728K), [Metaspace: 3328K->3328K(1056768K)], 0.0026165 secs] [Times: user=0.01 sys=0.00, real=0.00 secs] 
17.096: [GC (Allocation Failure) [PSYoungGen: 20K->32K(1536K)] 7785K->7797K(9728K), 0.0003193 secs] [Times: user=0.00 sys=0.00, real=0.00 secs] 
17.097: [Full GC (Ergonomics) [PSYoungGen: 32K->0K(1536K)] [ParOldGen: 7765K->2416K(8192K)] 7797K->2416K(9728K), [Metaspace: 3328K->3328K(1056768K)], 0.0024923 secs] [Times: user=0.00 sys=0.00, real=0.00 secs] 
17.100: [GC (Allocation Failure) [PSYoungGen: 20K->32K(1536K)] 7786K->7798K(9728K), 0.0008384 secs] [Times: user=0.01 sys=0.00, real=0.00 secs] 
17.101: [Full GC (Ergonomics) [PSYoungGen: 32K->0K(1536K)] [ParOldGen: 7766K->2416K(8192K)] 7798K->2416K(9728K), [Metaspace: 3328K->3328K(1056768K)], 0.0023911 secs] [Times: user=0.00 sys=0.00, real=0.01 secs] 
17.103: [GC (Allocation Failure) [PSYoungGen: 20K->32K(1536K)] 7787K->7799K(9728K), 0.0003599 secs] [Times: user=0.00 sys=0.00, real=0.00 secs] 
17.104: [Full GC (Ergonomics) [PSYoungGen: 32K->0K(1536K)] [ParOldGen: 7767K->2417K(8192K)] 7799K->2417K(9728K), [Metaspace: 3328K->3328K(1056768K)], 0.0024806 secs] [Times: user=0.01 sys=0.00, real=0.00 secs] 
17.107: [GC (Allocation Failure) [PSYoungGen: 20K->32K(1536K)] 7788K->7799K(9728K), 0.0003358 secs] [Times: user=0.00 sys=0.00, real=0.00 secs] 
17.107: [Full GC (Ergonomics) [PSYoungGen: 32K->0K(1536K)] [ParOldGen: 7767K->2417K(8192K)] 7799K->2417K(9728K), [Metaspace: 3328K->3328K(1056768K)], 0.0024939 secs] [Times: user=0.01 sys=0.00, real=0.00 secs] 
17.110: [GC (Allocation Failure) [PSYoungGen: 20K->32K(1536K)] 7789K->7800K(9728K), 0.0008440 secs] [Times: user=0.00 sys=0.00, real=0.00 secs] 
17.111: [Full GC (Ergonomics) [PSYoungGen: 32K->0K(1536K)] [ParOldGen: 7768K->2417K(8192K)] 7800K->2417K(9728K), [Metaspace: 3328K->3328K(1056768K)], 0.0020051 secs] [Times: user=0.00 sys=0.00, real=0.01 secs] 
17.114: [GC (Allocation Failure) [PSYoungGen: 20K->32K(1536K)] 7789K->7801K(9728K), 0.0008202 secs] [Times: user=0.00 sys=0.00, real=0.00 secs] 
17.114: [Full GC (Ergonomics) [PSYoungGen: 32K->0K(1536K)] [ParOldGen: 7769K->2417K(8192K)] 7801K->2417K(9728K), [Metaspace: 3328K->3328K(1056768K)], 0.0021356 secs] [Times: user=0.01 sys=0.00, real=0.00 secs] 
17.117: [GC (Allocation Failure) [PSYoungGen: 20K->32K(1536K)] 7790K->7802K(9728K), 0.0003277 secs] [Times: user=0.00 sys=0.00, real=0.00 secs] 
17.117: [Full GC (Ergonomics) [PSYoungGen: 32K->0K(1536K)] [ParOldGen: 7770K->2417K(8192K)] 7802K->2417K(9728K), [Metaspace: 3328K->3328K(1056768K)], 0.0020993 secs] [Times: user=0.01 sys=0.00, real=0.00 secs] 
17.120: [GC (Allocation Failure) [PSYoungGen: 20K->32K(1536K)] 7791K->7803K(9728K), 0.0008457 secs] [Times: user=0.00 sys=0.00, real=0.00 secs] 
17.121: [Full GC (Ergonomics) [PSYoungGen: 32K->0K(1536K)] [ParOldGen: 7771K->2417K(8192K)] 7803K->2417K(9728K), [Metaspace: 3328K->3328K(1056768K)], 0.0022318 secs] [Times: user=0.00 sys=0.00, real=0.01 secs] 
17.124: [GC (Allocation Failure) [PSYoungGen: 20K->32K(1536K)] 7792K->7803K(9728K), 0.0008599 secs] [Times: user=0.01 sys=0.00, real=0.00 secs] 
17.125: [Full GC (Ergonomics) [PSYoungGen: 32K->0K(1536K)] [ParOldGen: 7771K->2418K(8192K)] 7803K->2418K(9728K), [Metaspace: 3328K->3328K(1056768K)], 0.0025119 secs] [Times: user=0.00 sys=0.00, real=0.00 secs] 
17.128: [GC (Allocation Failure) [PSYoungGen: 20K->32K(1536K)] 7793K->7804K(9728K), 0.0003136 secs] [Times: user=0.00 sys=0.00, real=0.00 secs] 
17.128: [Full GC (Ergonomics) [PSYoungGen: 32K->0K(1536K)] [ParOldGen: 7772K->2418K(8192K)] 7804K->2418K(9728K), [Metaspace: 3328K->3328K(1056768K)], 0.0024594 secs] [Times: user=0.01 sys=0.00, real=0.00 secs] 
17.131: [GC (Allocation Failure) [PSYoungGen: 20K->32K(1536K)] 7793K->7805K(9728K), 0.0008326 secs] [Times: user=0.00 sys=0.00, real=0.00 secs] 
17.132: [Full GC (Ergonomics) [PSYoungGen: 32K->0K(1536K)] [ParOldGen: 7773K->2418K(8192K)] 7805K->2418K(9728K), [Metaspace: 3328K->3328K(1056768K)], 0.0024744 secs] [Times: user=0.01 sys=0.00, real=0.01 secs] 
17.135: [GC (Allocation Failure) [PSYoungGen: 20K->32K(1536K)] 7794K->7806K(9728K), 0.0008452 secs] [Times: user=0.00 sys=0.00, real=0.00 secs] 
17.136: [Full GC (Ergonomics) [PSYoungGen: 32K->0K(1536K)] [ParOldGen: 7774K->2418K(8192K)] 7806K->2418K(9728K), [Metaspace: 3328K->3328K(1056768K)], 0.0024021 secs] [Times: user=0.00 sys=0.00, real=0.00 secs] 
17.138: [GC (Allocation Failure) [PSYoungGen: 20K->32K(1536K)] 7795K->7807K(9728K), 0.0008353 secs] [Times: user=0.01 sys=0.00, real=0.00 secs] 
17.139: [Full GC (Ergonomics) [PSYoungGen: 32K->0K(1536K)] [ParOldGen: 7775K->2418K(8192K)] 7807K->2418K(9728K), [Metaspace: 3328K->3328K(1056768K)], 0.0020356 secs] [Times: user=0.00 sys=0.00, real=0.00 secs] 
17.142: [GC (Allocation Failure) [PSYoungGen: 20K->32K(1536K)] 7796K->7807K(9728K), 0.0006408 secs] [Times: user=0.00 sys=0.01, real=0.00 secs] 
17.143: [Full GC (Ergonomics) [PSYoungGen: 32K->0K(1536K)] [ParOldGen: 7775K->2418K(8192K)] 7807K->2418K(9728K), [Metaspace: 3328K->3328K(1056768K)], 0.0030541 secs] [Times: user=0.01 sys=0.00, real=0.01 secs] 
17.146: [GC (Allocation Failure) [PSYoungGen: 20K->32K(1536K)] 7797K->7808K(9728K), 0.0009386 secs] [Times: user=0.00 sys=0.00, real=0.00 secs] 
17.147: [Full GC (Ergonomics) [PSYoungGen: 32K->0K(1536K)] [ParOldGen: 7776K->2418K(8192K)] 7808K->2418K(9728K), [Metaspace: 3328K->3328K(1056768K)], 0.0025946 secs] [Times: user=0.01 sys=0.00, real=0.00 secs] 
17.150: [GC (Allocation Failure) [PSYoungGen: 20K->32K(1536K)] 7797K->7809K(9728K), 0.0003318 secs] [Times: user=0.00 sys=0.00, real=0.00 secs] 
17.151: [Full GC (Ergonomics) [PSYoungGen: 32K->0K(1536K)] [ParOldGen: 7777K->2419K(8192K)] 7809K->2419K(9728K), [Metaspace: 3328K->3328K(1056768K)], 0.0022182 secs] [Times: user=0.00 sys=0.00, real=0.01 secs] 
17.153: [GC (Allocation Failure) [PSYoungGen: 20K->32K(1536K)] 7798K->7810K(9728K), 0.0008367 secs] [Times: user=0.01 sys=0.00, real=0.00 secs] 
17.154: [Full GC (Ergonomics) [PSYoungGen: 32K->0K(1536K)] [ParOldGen: 7778K->2419K(8192K)] 7810K->2419K(9728K), [Metaspace: 3328K->3328K(1056768K)], 0.0019745 secs] [Times: user=0.00 sys=0.00, real=0.00 secs] 
17.157: [GC (Allocation Failure) [PSYoungGen: 20K->32K(1536K)] 7799K->7811K(9728K), 0.0008503 secs] [Times: user=0.00 sys=0.00, real=0.00 secs] 
17.157: [Full GC (Ergonomics) [PSYoungGen: 32K->0K(1536K)] [ParOldGen: 7779K->2419K(8192K)] 7811K->2419K(9728K), [Metaspace: 3328K->3328K(1056768K)], 0.0022975 secs] [Times: user=0.01 sys=0.00, real=0.00 secs] 
17.160: [GC (Allocation Failure) [PSYoungGen: 20K->32K(1536K)] 7800K->7811K(9728K), 0.0008396 secs] [Times: user=0.00 sys=0.00, real=0.00 secs] 
17.161: [Full GC (Ergonomics) [PSYoungGen: 32K->0K(1536K)] [ParOldGen: 7779K->2419K(8192K)] 7811K->2419K(9728K), [Metaspace: 3328K->3328K(1056768K)], 0.0020143 secs] [Times: user=0.00 sys=0.00, real=0.01 secs] 
17.164: [GC (Allocation Failure) [PSYoungGen: 20K->32K(1536K)] 7801K->7812K(9728K), 0.0008200 secs] [Times: user=0.00 sys=0.00, real=0.00 secs] 
17.164: [Full GC (Ergonomics) [PSYoungGen: 32K->0K(1536K)] [ParOldGen: 7780K->2419K(8192K)] 7812K->2419K(9728K), [Metaspace: 3328K->3328K(1056768K)], 0.0030609 secs] [Times: user=0.00 sys=0.00, real=0.00 secs] 
17.168: [GC (Allocation Failure) [PSYoungGen: 20K->32K(1536K)] 7801K->7813K(9728K), 0.0008390 secs] [Times: user=0.00 sys=0.00, real=0.00 secs] 
17.169: [Full GC (Ergonomics) [PSYoungGen: 32K->0K(1536K)] [ParOldGen: 7781K->2419K(8192K)] 7813K->2419K(9728K), [Metaspace: 3328K->3328K(1056768K)], 0.0048466 secs] [Times: user=0.01 sys=0.00, real=0.01 secs] 
17.174: [GC (Allocation Failure) [PSYoungGen: 20K->32K(1536K)] 7802K->7814K(9728K), 0.0004686 secs] [Times: user=0.00 sys=0.00, real=0.00 secs] 
17.175: [Full GC (Ergonomics) [PSYoungGen: 32K->0K(1536K)] [ParOldGen: 7782K->2420K(8192K)] 7814K->2420K(9728K), [Metaspace: 3328K->3328K(1056768K)], 0.0024794 secs] [Times: user=0.01 sys=0.00, real=0.00 secs] 
17.178: [GC (Allocation Failure) [PSYoungGen: 20K->32K(1536K)] 7803K->7815K(9728K), 0.0003649 secs] [Times: user=0.00 sys=0.00, real=0.00 secs] 
17.178: [Full GC (Ergonomics) [PSYoungGen: 32K->0K(1536K)] [ParOldGen: 7783K->2420K(8192K)] 7815K->2420K(9728K), [Metaspace: 3328K->3328K(1056768K)], 0.0026110 secs] [Times: user=0.00 sys=0.00, real=0.00 secs] 
17.182: [GC (Allocation Failure) [PSYoungGen: 20K->32K(1536K)] 7804K->7815K(9728K), 0.0008482 secs] [Times: user=0.01 sys=0.00, real=0.00 secs] 
17.182: [Full GC (Ergonomics) [PSYoungGen: 32K->0K(1536K)] [ParOldGen: 7783K->2420K(8192K)] 7815K->2420K(9728K), [Metaspace: 3328K->3328K(1056768K)], 0.0022292 secs] [Times: user=0.00 sys=0.00, real=0.01 secs] 
17.185: [GC (Allocation Failure) [PSYoungGen: 20K->32K(1536K)] 7805K->7816K(9728K), 0.0008346 secs] [Times: user=0.00 sys=0.00, real=0.00 secs] 
17.186: [Full GC (Ergonomics) [PSYoungGen: 32K->0K(1536K)] [ParOldGen: 7784K->2420K(8192K)] 7816K->2420K(9728K), [Metaspace: 3328K->3328K(1056768K)], 0.0019733 secs] [Times: user=0.01 sys=0.00, real=0.00 secs] 
17.189: [GC (Allocation Failure) [PSYoungGen: 20K->32K(1536K)] 7805K->7817K(9728K), 0.0008445 secs] [Times: user=0.00 sys=0.00, real=0.00 secs] 
17.189: [Full GC (Ergonomics) [PSYoungGen: 32K->0K(1536K)] [ParOldGen: 7785K->2420K(8192K)] 7817K->2420K(9728K), [Metaspace: 3328K->3328K(1056768K)], 0.0024876 secs] [Times: user=0.01 sys=0.00, real=0.00 secs] 
17.192: [GC (Allocation Failure) [PSYoungGen: 20K->32K(1536K)] 7806K->7818K(9728K), 0.0008387 secs] [Times: user=0.00 sys=0.00, real=0.01 secs] 
17.193: [Full GC (Ergonomics) [PSYoungGen: 32K->0K(1536K)] [ParOldGen: 7786K->2420K(8192K)] 7818K->2420K(9728K), [Metaspace: 3328K->3328K(1056768K)], 0.0024045 secs] [Times: user=0.00 sys=0.00, real=0.00 secs] 
17.196: [GC (Allocation Failure) [PSYoungGen: 20K->32K(1536K)] 7807K->7819K(9728K), 0.0008430 secs] [Times: user=0.01 sys=0.00, real=0.00 secs] 
17.197: [Full GC (Ergonomics) [PSYoungGen: 32K->0K(1536K)] [ParOldGen: 7787K->2421K(8192K)] 7819K->2421K(9728K), [Metaspace: 3328K->3328K(1056768K)], 0.0024953 secs] [Times: user=0.00 sys=0.00, real=0.00 secs] 
17.200: [GC (Allocation Failure) [PSYoungGen: 20K->32K(1536K)] 7808K->7819K(9728K), 0.0008574 secs] [Times: user=0.00 sys=0.00, real=0.00 secs] 
17.201: [Full GC (Ergonomics) [PSYoungGen: 32K->0K(1536K)] [ParOldGen: 7787K->2421K(8192K)] 7819K->2421K(9728K), [Metaspace: 3328K->3328K(1056768K)], 0.0021772 secs] [Times: user=0.01 sys=0.00, real=0.01 secs] 
17.204: [GC (Allocation Failure) [PSYoungGen: 20K->32K(1536K)] 7809K->7820K(9728K), 0.0008330 secs] [Times: user=0.00 sys=0.00, real=0.00 secs] 
17.204: [Full GC (Ergonomics) [PSYoungGen: 32K->0K(1536K)] [ParOldGen: 7788K->2421K(8192K)] 7820K->2421K(9728K), [Metaspace: 3328K->3328K(1056768K)], 0.0025077 secs] [Times: user=0.01 sys=0.00, real=0.00 secs] 
17.207: [GC (Allocation Failure) [PSYoungGen: 20K->32K(1536K)] 7809K->7821K(9728K), 0.0008707 secs] [Times: user=0.00 sys=0.00, real=0.00 secs] 
17.208: [Full GC (Ergonomics) [PSYoungGen: 32K->0K(1536K)] [ParOldGen: 7789K->2421K(8192K)] 7821K->2421K(9728K), [Metaspace: 3328K->3328K(1056768K)], 0.0023170 secs] [Times: user=0.01 sys=0.00, real=0.00 secs] 
17.211: [GC (Allocation Failure) [PSYoungGen: 20K->32K(1536K)] 7810K->7822K(9728K), 0.0003286 secs] [Times: user=0.00 sys=0.00, real=0.00 secs] 
17.212: [Full GC (Ergonomics) [PSYoungGen: 32K->0K(1536K)] [ParOldGen: 7790K->2421K(8192K)] 7822K->2421K(9728K), [Metaspace: 3328K->3328K(1056768K)], 0.0020244 secs] [Times: user=0.00 sys=0.00, real=0.01 secs] 
17.214: [GC (Allocation Failure) [PSYoungGen: 20K->32K(1536K)] 7811K->7823K(9728K), 0.0008367 secs] [Times: user=0.00 sys=0.00, real=0.00 secs] 
17.215: [Full GC (Ergonomics) [PSYoungGen: 32K->0K(1536K)] [ParOldGen: 7791K->2421K(8192K)] 7823K->2421K(9728K), [Metaspace: 3328K->3328K(1056768K)], 0.0022698 secs] [Times: user=0.01 sys=0.00, real=0.00 secs] 
17.218: [GC (Allocation Failure) [PSYoungGen: 20K->32K(1536K)] 7812K->7823K(9728K), 0.0008428 secs] [Times: user=0.00 sys=0.00, real=0.00 secs] 
17.219: [Full GC (Ergonomics) [PSYoungGen: 32K->0K(1536K)] [ParOldGen: 7791K->2422K(8192K)] 7823K->2422K(9728K), [Metaspace: 3328K->3328K(1056768K)], 0.0024725 secs] [Times: user=0.01 sys=0.00, real=0.00 secs] 
17.222: [GC (Allocation Failure) [PSYoungGen: 20K->32K(1536K)] 7813K->7824K(9728K), 0.0008813 secs] [Times: user=0.00 sys=0.00, real=0.00 secs] 
17.223: [Full GC (Ergonomics) [PSYoungGen: 32K->0K(1536K)] [ParOldGen: 7792K->2422K(8192K)] 7824K->2422K(9728K), [Metaspace: 3328K->3328K(1056768K)], 0.0024987 secs] [Times: user=0.00 sys=0.00, real=0.01 secs] 
17.225: [GC (Allocation Failure) [PSYoungGen: 20K->32K(1536K)] 7813K->7825K(9728K), 0.0008329 secs] [Times: user=0.01 sys=0.00, real=0.00 secs] 
17.226: [Full GC (Ergonomics) [PSYoungGen: 32K->0K(1536K)] [ParOldGen: 7793K->2422K(8192K)] 7825K->2422K(9728K), [Metaspace: 3328K->3328K(1056768K)], 0.0027883 secs] [Times: user=0.00 sys=0.00, real=0.00 secs] 
17.230: [GC (Allocation Failure) [PSYoungGen: 20K->32K(1536K)] 7814K->7826K(9728K), 0.0008986 secs] [Times: user=0.01 sys=0.00, real=0.00 secs] 
17.231: [Full GC (Ergonomics) [PSYoungGen: 32K->0K(1536K)] [ParOldGen: 7794K->2422K(8192K)] 7826K->2422K(9728K), [Metaspace: 3328K->3328K(1056768K)], 0.0040142 secs] [Times: user=0.00 sys=0.00, real=0.01 secs] 
17.236: [GC (Allocation Failure) [PSYoungGen: 20K->32K(1536K)] 7815K->7827K(9728K), 0.0006938 secs] [Times: user=0.00 sys=0.00, real=0.00 secs] 
17.237: [Full GC (Ergonomics) [PSYoungGen: 32K->0K(1536K)] [ParOldGen: 7795K->2422K(8192K)] 7827K->2422K(9728K), [Metaspace: 3328K->3328K(1056768K)], 0.0042177 secs] [Times: user=0.01 sys=0.01, real=0.00 secs] 
17.242: [GC (Allocation Failure) [PSYoungGen: 20K->32K(1536K)] 7816K->7827K(9728K), 0.0004015 secs] [Times: user=0.00 sys=0.00, real=0.01 secs] 
17.243: [Full GC (Ergonomics) [PSYoungGen: 32K->0K(1536K)] [ParOldGen: 7795K->2422K(8192K)] 7827K->2422K(9728K), [Metaspace: 3328K->3328K(1056768K)], 0.0025311 secs] [Times: user=0.01 sys=0.00, real=0.00 secs] 
17.246: [GC (Allocation Failure) [PSYoungGen: 20K->32K(1536K)] 7817K->7828K(9728K), 0.0008225 secs] [Times: user=0.00 sys=0.00, real=0.00 secs] 
17.247: [Full GC (Ergonomics) [PSYoungGen: 32K->0K(1536K)] [ParOldGen: 7796K->2422K(8192K)] 7828K->2422K(9728K), [Metaspace: 3328K->3328K(1056768K)], 0.0025006 secs] [Times: user=0.01 sys=0.00, real=0.00 secs] 
17.250: [GC (Allocation Failure) [PSYoungGen: 20K->32K(1536K)] 7817K->7829K(9728K), 0.0003431 secs] [Times: user=0.00 sys=0.00, real=0.00 secs] 
17.250: [Full GC (Ergonomics) [PSYoungGen: 32K->0K(1536K)] [ParOldGen: 7797K->2423K(8192K)] 7829K->2423K(9728K), [Metaspace: 3328K->3328K(1056768K)], 0.0025650 secs] [Times: user=0.00 sys=0.00, real=0.01 secs] 
17.253: [GC (Allocation Failure) [PSYoungGen: 20K->32K(1536K)] 7818K->7830K(9728K), 0.0008435 secs] [Times: user=0.01 sys=0.00, real=0.00 secs] 
17.254: [Full GC (Ergonomics) [PSYoungGen: 32K->0K(1536K)] [ParOldGen: 7798K->2423K(8192K)] 7830K->2423K(9728K), [Metaspace: 3328K->3328K(1056768K)], 0.0021393 secs] [Times: user=0.00 sys=0.00, real=0.00 secs] 
17.257: [GC (Allocation Failure) [PSYoungGen: 20K->32K(1536K)] 7819K->7831K(9728K), 0.0008206 secs] [Times: user=0.00 sys=0.00, real=0.00 secs] 
17.257: [Full GC (Ergonomics) [PSYoungGen: 32K->0K(1536K)] [ParOldGen: 7799K->2423K(8192K)] 7831K->2423K(9728K), [Metaspace: 3328K->3328K(1056768K)], 0.0022430 secs] [Times: user=0.01 sys=0.00, real=0.00 secs] 
17.260: [GC (Allocation Failure) [PSYoungGen: 20K->32K(1536K)] 7820K->7831K(9728K), 0.0008544 secs] [Times: user=0.00 sys=0.00, real=0.00 secs] 
17.261: [Full GC (Ergonomics) [PSYoungGen: 32K->0K(1536K)] [ParOldGen: 7799K->2423K(8192K)] 7831K->2423K(9728K), [Metaspace: 3328K->3328K(1056768K)], 0.0030873 secs] [Times: user=0.01 sys=0.00, real=0.01 secs] 
17.265: [GC (Allocation Failure) [PSYoungGen: 20K->32K(1536K)] 7821K->7832K(9728K), 0.0003654 secs] [Times: user=0.00 sys=0.00, real=0.00 secs] 
17.265: [Full GC (Ergonomics) [PSYoungGen: 32K->0K(1536K)] [ParOldGen: 7800K->2423K(8192K)] 7832K->2423K(9728K), [Metaspace: 3328K->3328K(1056768K)], 0.0021106 secs] [Times: user=0.00 sys=0.00, real=0.00 secs] 
17.268: [GC (Allocation Failure) [PSYoungGen: 20K->32K(1536K)] 7821K->7833K(9728K), 0.0008368 secs] [Times: user=0.01 sys=0.00, real=0.00 secs] 
17.269: [Full GC (Ergonomics) [PSYoungGen: 32K->0K(1536K)] [ParOldGen: 7801K->2423K(8192K)] 7833K->2423K(9728K), [Metaspace: 3328K->3328K(1056768K)], 0.0024984 secs] [Times: user=0.00 sys=0.00, real=0.00 secs] 
17.272: [GC (Allocation Failure) [PSYoungGen: 20K->32K(1536K)] 7822K->7834K(9728K), 0.0008402 secs] [Times: user=0.00 sys=0.00, real=0.00 secs] 
17.272: [Full GC (Ergonomics) [PSYoungGen: 32K->0K(1536K)] [ParOldGen: 7802K->2424K(8192K)] 7834K->2424K(9728K), [Metaspace: 3328K->3328K(1056768K)], 0.0025027 secs] [Times: user=0.01 sys=0.00, real=0.01 secs] 
17.275: [GC (Allocation Failure) [PSYoungGen: 20K->32K(1536K)] 7823K->7835K(9728K), 0.0008287 secs] [Times: user=0.00 sys=0.00, real=0.00 secs] 
17.276: [Full GC (Ergonomics) [PSYoungGen: 32K->0K(1536K)] [ParOldGen: 7803K->2424K(8192K)] 7835K->2424K(9728K), [Metaspace: 3328K->3328K(1056768K)], 0.0024938 secs] [Times: user=0.01 sys=0.00, real=0.00 secs] 
17.279: [GC (Allocation Failure) [PSYoungGen: 20K->32K(1536K)] 7824K->7835K(9728K), 0.0008404 secs] [Times: user=0.00 sys=0.00, real=0.00 secs] 
17.280: [Full GC (Ergonomics) [PSYoungGen: 32K->0K(1536K)] [ParOldGen: 7803K->2424K(8192K)] 7835K->2424K(9728K), [Metaspace: 3328K->3328K(1056768K)], 0.0020714 secs] [Times: user=0.01 sys=0.00, real=0.00 secs] 
17.283: [GC (Allocation Failure) [PSYoungGen: 20K->32K(1536K)] 7825K->7836K(9728K), 0.0003390 secs] [Times: user=0.00 sys=0.00, real=0.00 secs] 
17.283: [Full GC (Ergonomics) [PSYoungGen: 32K->0K(1536K)] [ParOldGen: 7804K->2424K(8192K)] 7836K->2424K(9728K), [Metaspace: 3328K->3328K(1056768K)], 0.0024774 secs] [Times: user=0.00 sys=0.00, real=0.00 secs] 
17.286: [GC (Allocation Failure) [PSYoungGen: 20K->32K(1536K)] 7825K->7837K(9728K), 0.0003315 secs] [Times: user=0.00 sys=0.00, real=0.00 secs] 
17.286: [Full GC (Ergonomics) [PSYoungGen: 32K->0K(1536K)] [ParOldGen: 7805K->2424K(8192K)] 7837K->2424K(9728K), [Metaspace: 3328K->3328K(1056768K)], 0.0021048 secs] [Times: user=0.01 sys=0.00, real=0.00 secs] 
17.289: [GC (Allocation Failure) [PSYoungGen: 20K->32K(1536K)] 7826K->7838K(9728K), 0.0008417 secs] [Times: user=0.00 sys=0.00, real=0.00 secs] 
17.290: [Full GC (Ergonomics) [PSYoungGen: 32K->0K(1536K)] [ParOldGen: 7806K->2424K(8192K)] 7838K->2424K(9728K), [Metaspace: 3328K->3328K(1056768K)], 0.0025133 secs] [Times: user=0.01 sys=0.00, real=0.00 secs] 
17.293: [GC (Allocation Failure) [PSYoungGen: 20K->32K(1536K)] 7827K->7839K(9728K), 0.0008462 secs] [Times: user=0.00 sys=0.00, real=0.00 secs] 
17.294: [Full GC (Ergonomics) [PSYoungGen: 32K->0K(1536K)] [ParOldGen: 7807K->2425K(8192K)] 7839K->2425K(9728K), [Metaspace: 3328K->3328K(1056768K)], 0.0021219 secs] [Times: user=0.00 sys=0.00, real=0.00 secs] 
17.296: [GC (Allocation Failure) [PSYoungGen: 20K->32K(1536K)] 7828K->7839K(9728K), 0.0003141 secs] [Times: user=0.00 sys=0.00, real=0.00 secs] 
17.297: [Full GC (Ergonomics) [PSYoungGen: 32K->0K(1536K)] [ParOldGen: 7807K->2425K(8192K)] 7839K->2425K(9728K), [Metaspace: 3328K->3328K(1056768K)], 0.0020427 secs] [Times: user=0.01 sys=0.00, real=0.00 secs] 
17.299: [GC (Allocation Failure) [PSYoungGen: 20K->32K(1536K)] 7829K->7840K(9728K), 0.0008423 secs] [Times: user=0.00 sys=0.00, real=0.00 secs] 
17.300: [Full GC (Ergonomics) [PSYoungGen: 32K->0K(1536K)] [ParOldGen: 7808K->2425K(8192K)] 7840K->2425K(9728K), [Metaspace: 3328K->3328K(1056768K)], 0.0023549 secs] [Times: user=0.01 sys=0.00, real=0.01 secs] 
17.303: [GC (Allocation Failure) [PSYoungGen: 20K->32K(1536K)] 7829K->7841K(9728K), 0.0008211 secs] [Times: user=0.00 sys=0.00, real=0.00 secs] 
17.304: [Full GC (Ergonomics) [PSYoungGen: 32K->0K(1536K)] [ParOldGen: 7809K->2425K(8192K)] 7841K->2425K(9728K), [Metaspace: 3328K->3328K(1056768K)], 0.0031249 secs] [Times: user=0.01 sys=0.00, real=0.00 secs] 
17.308: [GC (Allocation Failure) [PSYoungGen: 20K->32K(1536K)] 7830K->7842K(9728K), 0.0008285 secs] [Times: user=0.00 sys=0.00, real=0.00 secs] 
17.308: [Full GC (Ergonomics) [PSYoungGen: 32K->0K(1536K)] [ParOldGen: 7810K->2425K(8192K)] 7842K->2425K(9728K), [Metaspace: 3328K->3328K(1056768K)], 0.0026773 secs] [Times: user=0.00 sys=0.00, real=0.00 secs] 
17.312: [GC (Allocation Failure) [PSYoungGen: 20K->32K(1536K)] 7831K->7843K(9728K), 0.0006489 secs] [Times: user=0.01 sys=0.00, real=0.00 secs] 
17.312: [Full GC (Ergonomics) [PSYoungGen: 32K->0K(1536K)] [ParOldGen: 7811K->2425K(8192K)] 7843K->2425K(9728K), [Metaspace: 3328K->3328K(1056768K)], 0.0025359 secs] [Times: user=0.00 sys=0.00, real=0.01 secs] 
17.315: [GC (Allocation Failure) [PSYoungGen: 20K->32K(1536K)] 7832K->7843K(9728K), 0.0008443 secs] [Times: user=0.00 sys=0.00, real=0.00 secs] 
17.316: [Full GC (Ergonomics) [PSYoungGen: 32K->0K(1536K)] [ParOldGen: 7811K->2426K(8192K)] 7843K->2426K(9728K), [Metaspace: 3328K->3328K(1056768K)], 0.0024920 secs] [Times: user=0.01 sys=0.00, real=0.00 secs] 
17.319: [GC (Allocation Failure) [PSYoungGen: 20K->32K(1536K)] 7833K->7844K(9728K), 0.0008229 secs] [Times: user=0.00 sys=0.00, real=0.00 secs] 
17.320: [Full GC (Ergonomics) [PSYoungGen: 32K->0K(1536K)] [ParOldGen: 7812K->2426K(8192K)] 7844K->2426K(9728K), [Metaspace: 3328K->3328K(1056768K)], 0.0023319 secs] [Times: user=0.01 sys=0.00, real=0.00 secs] 
17.323: [GC (Allocation Failure) [PSYoungGen: 20K->32K(1536K)] 7833K->7845K(9728K), 0.0008266 secs] [Times: user=0.00 sys=0.00, real=0.00 secs] 
17.324: [Full GC (Ergonomics) [PSYoungGen: 32K->0K(1536K)] [ParOldGen: 7813K->2426K(8192K)] 7845K->2426K(9728K), [Metaspace: 3328K->3328K(1056768K)], 0.0025086 secs] [Times: user=0.01 sys=0.00, real=0.00 secs] 
17.327: [GC (Allocation Failure) [PSYoungGen: 20K->32K(1536K)] 7834K->7846K(9728K), 0.0008211 secs] [Times: user=0.00 sys=0.00, real=0.00 secs] 
17.328: [Full GC (Ergonomics) [PSYoungGen: 32K->0K(1536K)] [ParOldGen: 7814K->2426K(8192K)] 7846K->2426K(9728K), [Metaspace: 3328K->3328K(1056768K)], 0.0024971 secs] [Times: user=0.00 sys=0.00, real=0.00 secs] 
17.331: [GC (Allocation Failure) [PSYoungGen: 20K->32K(1536K)] 7835K->7847K(9728K), 0.0008275 secs] [Times: user=0.01 sys=0.00, real=0.00 secs] 
17.331: [Full GC (Ergonomics) [PSYoungGen: 32K->0K(1536K)] [ParOldGen: 7815K->2426K(8192K)] 7847K->2426K(9728K), [Metaspace: 3328K->3328K(1056768K)], 0.0021930 secs] [Times: user=0.00 sys=0.00, real=0.01 secs] 
17.334: [GC (Allocation Failure) [PSYoungGen: 20K->32K(1536K)] 7836K->7847K(9728K), 0.0003166 secs] [Times: user=0.00 sys=0.00, real=0.00 secs] 
17.334: [Full GC (Ergonomics) [PSYoungGen: 32K->0K(1536K)] [ParOldGen: 7815K->2426K(8192K)] 7847K->2426K(9728K), [Metaspace: 3328K->3328K(1056768K)], 0.0021130 secs] [Times: user=0.01 sys=0.01, real=0.00 secs] 
17.337: [GC (Allocation Failure) [PSYoungGen: 20K->32K(1536K)] 7837K->7848K(9728K), 0.0008258 secs] [Times: user=0.00 sys=0.00, real=0.00 secs] 
17.338: [Full GC (Ergonomics) [PSYoungGen: 32K->0K(1536K)] [ParOldGen: 7816K->2426K(8192K)] 7848K->2426K(9728K), [Metaspace: 3328K->3328K(1056768K)], 0.0024635 secs] [Times: user=0.00 sys=0.00, real=0.00 secs] 
17.341: [GC (Allocation Failure) [PSYoungGen: 20K->32K(1536K)] 7837K->7849K(9728K), 0.0003261 secs] [Times: user=0.00 sys=0.00, real=0.00 secs] 
17.341: [Full GC (Ergonomics) [PSYoungGen: 32K->0K(1536K)] [ParOldGen: 7817K->2427K(8192K)] 7849K->2427K(9728K), [Metaspace: 3328K->3328K(1056768K)], 0.0023837 secs] [Times: user=0.00 sys=0.00, real=0.01 secs] 
17.344: [GC (Allocation Failure) [PSYoungGen: 20K->32K(1536K)] 7838K->7850K(9728K), 0.0003144 secs] [Times: user=0.00 sys=0.00, real=0.00 secs] 
17.344: [Full GC (Ergonomics) [PSYoungGen: 32K->0K(1536K)] [ParOldGen: 7818K->2427K(8192K)] 7850K->2427K(9728K), [Metaspace: 3328K->3328K(1056768K)], 0.0024771 secs] [Times: user=0.01 sys=0.00, real=0.00 secs] 
17.347: [GC (Allocation Failure) [PSYoungGen: 20K->32K(1536K)] 7839K->7851K(9728K), 0.0008329 secs] [Times: user=0.00 sys=0.00, real=0.00 secs] 
17.348: [Full GC (Ergonomics) [PSYoungGen: 32K->0K(1536K)] [ParOldGen: 7819K->2427K(8192K)] 7851K->2427K(9728K), [Metaspace: 3328K->3328K(1056768K)], 0.0025219 secs] [Times: user=0.01 sys=0.00, real=0.00 secs] 
17.351: [GC (Allocation Failure) [PSYoungGen: 20K->32K(1536K)] 7840K->7851K(9728K), 0.0008293 secs] [Times: user=0.00 sys=0.00, real=0.00 secs] 
17.352: [Full GC (Ergonomics) [PSYoungGen: 32K->0K(1536K)] [ParOldGen: 7819K->2427K(8192K)] 7851K->2427K(9728K), [Metaspace: 3328K->3328K(1056768K)], 0.0023770 secs] [Times: user=0.00 sys=0.00, real=0.01 secs] 
17.355: [GC (Allocation Failure) [PSYoungGen: 20K->32K(1536K)] 7841K->7852K(9728K), 0.0008390 secs] [Times: user=0.01 sys=0.00, real=0.00 secs] 
17.356: [Full GC (Ergonomics) [PSYoungGen: 32K->0K(1536K)] [ParOldGen: 7820K->2427K(8192K)] 7852K->2427K(9728K), [Metaspace: 3328K->3328K(1056768K)], 0.0020207 secs] [Times: user=0.00 sys=0.00, real=0.00 secs] 
17.358: [GC (Allocation Failure) [PSYoungGen: 20K->32K(1536K)] 7841K->7853K(9728K), 0.0008379 secs] [Times: user=0.00 sys=0.00, real=0.00 secs] 
17.359: [Full GC (Ergonomics) [PSYoungGen: 32K->0K(1536K)] [ParOldGen: 7821K->2427K(8192K)] 7853K->2427K(9728K), [Metaspace: 3328K->3328K(1056768K)], 0.0019816 secs] [Times: user=0.01 sys=0.00, real=0.00 secs] 
17.362: [GC (Allocation Failure) [PSYoungGen: 20K->32K(1536K)] 7842K->7854K(9728K), 0.0008178 secs] [Times: user=0.00 sys=0.00, real=0.01 secs] 
17.363: [Full GC (Ergonomics) [PSYoungGen: 32K->0K(1536K)] [ParOldGen: 7822K->2428K(8192K)] 7854K->2428K(9728K), [Metaspace: 3328K->3328K(1056768K)], 0.0024104 secs] [Times: user=0.01 sys=0.00, real=0.00 secs] 
17.366: [GC (Allocation Failure) [PSYoungGen: 20K->32K(1536K)] 7843K->7855K(9728K), 0.0008367 secs] [Times: user=0.00 sys=0.00, real=0.00 secs] 
17.366: [Full GC (Ergonomics) [PSYoungGen: 32K->0K(1536K)] [ParOldGen: 7823K->2428K(8192K)] 7855K->2428K(9728K), [Metaspace: 3328K->3328K(1056768K)], 0.0023870 secs] [Times: user=0.00 sys=0.00, real=0.00 secs] 
17.369: [GC (Allocation Failure) [PSYoungGen: 20K->32K(1536K)] 7844K->7855K(9728K), 0.0008234 secs] [Times: user=0.01 sys=0.00, real=0.00 secs] 
17.370: [Full GC (Ergonomics) [PSYoungGen: 32K->0K(1536K)] [ParOldGen: 7823K->2428K(8192K)] 7855K->2428K(9728K), [Metaspace: 3328K->3328K(1056768K)], 0.0026181 secs] [Times: user=0.00 sys=0.00, real=0.01 secs] 
17.373: [GC (Allocation Failure) [PSYoungGen: 20K->32K(1536K)] 7845K->7856K(9728K), 0.0008352 secs] [Times: user=0.00 sys=0.00, real=0.00 secs] 
17.374: [Full GC (Ergonomics) [PSYoungGen: 32K->0K(1536K)] [ParOldGen: 7824K->2428K(8192K)] 7856K->2428K(9728K), [Metaspace: 3328K->3328K(1056768K)], 0.0019824 secs] [Times: user=0.01 sys=0.00, real=0.00 secs] 
17.377: [GC (Allocation Failure) [PSYoungGen: 20K->32K(1536K)] 7845K->7857K(9728K), 0.0008625 secs] [Times: user=0.00 sys=0.00, real=0.00 secs] 
17.377: [Full GC (Ergonomics) [PSYoungGen: 32K->0K(1536K)] [ParOldGen: 7825K->2428K(8192K)] 7857K->2428K(9728K), [Metaspace: 3328K->3328K(1056768K)], 0.0024101 secs] [Times: user=0.01 sys=0.00, real=0.00 secs] 
17.380: [GC (Allocation Failure) [PSYoungGen: 20K->32K(1536K)] 7846K->7858K(9728K), 0.0008366 secs] [Times: user=0.00 sys=0.00, real=0.00 secs] 
17.381: [Full GC (Ergonomics) [PSYoungGen: 32K->0K(1536K)] [ParOldGen: 7826K->2428K(8192K)] 7858K->2428K(9728K), [Metaspace: 3328K->3328K(1056768K)], 0.0021805 secs] [Times: user=0.00 sys=0.00, real=0.01 secs] 
17.384: [GC (Allocation Failure) [PSYoungGen: 20K->32K(1536K)] 7847K->7859K(9728K), 0.0003200 secs] [Times: user=0.01 sys=0.00, real=0.00 secs] 
17.384: [Full GC (Ergonomics) [PSYoungGen: 32K->0K(1536K)] [ParOldGen: 7827K->2429K(8192K)] 7859K->2429K(9728K), [Metaspace: 3328K->3328K(1056768K)], 0.0021625 secs] [Times: user=0.00 sys=0.00, real=0.00 secs] 
17.387: [GC (Allocation Failure) [PSYoungGen: 20K->32K(1536K)] 7848K->7859K(9728K), 0.0008358 secs] [Times: user=0.00 sys=0.00, real=0.00 secs] 
17.388: [Full GC (Ergonomics) [PSYoungGen: 32K->0K(1536K)] [ParOldGen: 7827K->2429K(8192K)] 7859K->2429K(9728K), [Metaspace: 3328K->3328K(1056768K)], 0.0024747 secs] [Times: user=0.01 sys=0.00, real=0.00 secs] 
17.391: [GC (Allocation Failure) [PSYoungGen: 20K->32K(1536K)] 7849K->7860K(9728K), 0.0008235 secs] [Times: user=0.00 sys=0.00, real=0.00 secs] 
17.392: [Full GC (Ergonomics) [PSYoungGen: 32K->0K(1536K)] [ParOldGen: 7828K->2429K(8192K)] 7860K->2429K(9728K), [Metaspace: 3328K->3328K(1056768K)], 0.0019804 secs] [Times: user=0.01 sys=0.00, real=0.01 secs] 
17.394: [GC (Allocation Failure) [PSYoungGen: 20K->32K(1536K)] 7849K->7861K(9728K), 0.0008353 secs] [Times: user=0.00 sys=0.00, real=0.00 secs] 
17.395: [Full GC (Ergonomics) [PSYoungGen: 32K->0K(1536K)] [ParOldGen: 7829K->2429K(8192K)] 7861K->2429K(9728K), [Metaspace: 3328K->3328K(1056768K)], 0.0025131 secs] [Times: user=0.00 sys=0.00, real=0.00 secs] 
17.398: [GC (Allocation Failure) [PSYoungGen: 20K->32K(1536K)] 7850K->7862K(9728K), 0.0008333 secs] [Times: user=0.01 sys=0.00, real=0.00 secs] 
17.399: [Full GC (Ergonomics) [PSYoungGen: 32K->0K(1536K)] [ParOldGen: 7830K->2429K(8192K)] 7862K->2429K(9728K), [Metaspace: 3328K->3328K(1056768K)], 0.0025345 secs] [Times: user=0.00 sys=0.00, real=0.00 secs] 
17.402: [GC (Allocation Failure) [PSYoungGen: 20K->32K(1536K)] 7851K->7863K(9728K), 0.0004754 secs] [Times: user=0.00 sys=0.00, real=0.00 secs] 
17.402: [Full GC (Ergonomics) [PSYoungGen: 32K->0K(1536K)] [ParOldGen: 7831K->2429K(8192K)] 7863K->2429K(9728K), [Metaspace: 3328K->3328K(1056768K)], 0.0024224 secs] [Times: user=0.01 sys=0.00, real=0.01 secs] 
17.405: [GC (Allocation Failure) [PSYoungGen: 20K->32K(1536K)] 7852K->7863K(9728K), 0.0008285 secs] [Times: user=0.00 sys=0.00, real=0.00 secs] 
17.406: [Full GC (Ergonomics) [PSYoungGen: 32K->0K(1536K)] [ParOldGen: 7831K->2430K(8192K)] 7863K->2430K(9728K), [Metaspace: 3328K->3328K(1056768K)], 0.0020768 secs] [Times: user=0.01 sys=0.00, real=0.00 secs] 
17.409: [GC (Allocation Failure) [PSYoungGen: 20K->32K(1536K)] 7853K->7864K(9728K), 0.0008242 secs] [Times: user=0.00 sys=0.00, real=0.00 secs] 
17.410: [Full GC (Ergonomics) [PSYoungGen: 32K->0K(1536K)] [ParOldGen: 7832K->2430K(8192K)] 7864K->2430K(9728K), [Metaspace: 3328K->3328K(1056768K)], 0.0025127 secs] [Times: user=0.00 sys=0.00, real=0.00 secs] 
17.413: [GC (Allocation Failure) [PSYoungGen: 20K->32K(1536K)] 7853K->7865K(9728K), 0.0008296 secs] [Times: user=0.01 sys=0.00, real=0.00 secs] 
17.414: [Full GC (Ergonomics) [PSYoungGen: 32K->0K(1536K)] [ParOldGen: 7833K->2430K(8192K)] 7865K->2430K(9728K), [Metaspace: 3328K->3328K(1056768K)], 0.0025372 secs] [Times: user=0.00 sys=0.00, real=0.00 secs] 
17.417: [GC (Allocation Failure) [PSYoungGen: 20K->32K(1536K)] 7854K->7866K(9728K), 0.0008566 secs] [Times: user=0.00 sys=0.00, real=0.00 secs] 
17.417: [Full GC (Ergonomics) [PSYoungGen: 32K->0K(1536K)] [ParOldGen: 7834K->2430K(8192K)] 7866K->2430K(9728K), [Metaspace: 3328K->3328K(1056768K)], 0.0028784 secs] [Times: user=0.01 sys=0.00, real=0.00 secs] 
17.421: [GC (Allocation Failure) [PSYoungGen: 20K->32K(1536K)] 7855K->7867K(9728K), 0.0008176 secs] [Times: user=0.00 sys=0.00, real=0.00 secs] 
17.422: [Full GC (Ergonomics) [PSYoungGen: 32K->0K(1536K)] [ParOldGen: 7835K->2430K(8192K)] 7867K->2430K(9728K), [Metaspace: 3328K->3328K(1056768K)], 0.0032014 secs] [Times: user=0.01 sys=0.00, real=0.01 secs] 
17.425: [GC (Allocation Failure) [PSYoungGen: 20K->32K(1536K)] 7856K->7867K(9728K), 0.0008121 secs] [Times: user=0.00 sys=0.00, real=0.00 secs] 
17.426: [Full GC (Ergonomics) [PSYoungGen: 32K->0K(1536K)] [ParOldGen: 7835K->2430K(8192K)] 7867K->2430K(9728K), [Metaspace: 3328K->3328K(1056768K)], 0.0025148 secs] [Times: user=0.01 sys=0.00, real=0.00 secs] 
17.429: [GC (Allocation Failure) [PSYoungGen: 20K->32K(1536K)] 7857K->7868K(9728K), 0.0008275 secs] [Times: user=0.00 sys=0.00, real=0.00 secs] 
17.430: [Full GC (Ergonomics) [PSYoungGen: 32K->0K(1536K)] [ParOldGen: 7836K->2430K(8192K)] 7868K->2430K(9728K), [Metaspace: 3328K->3328K(1056768K)], 0.0020307 secs] [Times: user=0.00 sys=0.00, real=0.00 secs] 
17.433: [GC (Allocation Failure) [PSYoungGen: 20K->32K(1536K)] 7857K->7869K(9728K), 0.0008250 secs] [Times: user=0.00 sys=0.00, real=0.00 secs] 
17.433: [Full GC (Ergonomics) [PSYoungGen: 32K->0K(1536K)] [ParOldGen: 7837K->2431K(8192K)] 7869K->2431K(9728K), [Metaspace: 3328K->3328K(1056768K)], 0.0024115 secs] [Times: user=0.00 sys=0.01, real=0.00 secs] 
17.436: [GC (Allocation Failure) [PSYoungGen: 20K->32K(1536K)] 7858K->7870K(9728K), 0.0008161 secs] [Times: user=0.00 sys=0.00, real=0.00 secs] 
17.437: [Full GC (Ergonomics) [PSYoungGen: 32K->0K(1536K)] [ParOldGen: 7838K->2431K(8192K)] 7870K->2431K(9728K), [Metaspace: 3328K->3328K(1056768K)], 0.0024888 secs] [Times: user=0.01 sys=0.00, real=0.00 secs] 
17.440: [GC (Allocation Failure) [PSYoungGen: 20K->32K(1536K)] 7859K->7871K(9728K), 0.0008311 secs] [Times: user=0.00 sys=0.00, real=0.00 secs] 
17.441: [Full GC (Ergonomics) [PSYoungGen: 32K->0K(1536K)] [ParOldGen: 7839K->2431K(8192K)] 7871K->2431K(9728K), [Metaspace: 3328K->3328K(1056768K)], 0.0024925 secs] [Times: user=0.01 sys=0.00, real=0.01 secs] 
17.444: [GC (Allocation Failure) [PSYoungGen: 20K->32K(1536K)] 7860K->7871K(9728K), 0.0008328 secs] [Times: user=0.00 sys=0.00, real=0.00 secs] 
17.445: [Full GC (Ergonomics) [PSYoungGen: 32K->0K(1536K)] [ParOldGen: 7839K->2431K(8192K)] 7871K->2431K(9728K), [Metaspace: 3328K->3328K(1056768K)], 0.0020857 secs] [Times: user=0.01 sys=0.00, real=0.00 secs] 
17.447: [GC (Allocation Failure) [PSYoungGen: 20K->32K(1536K)] 7861K->7872K(9728K), 0.0008352 secs] [Times: user=0.00 sys=0.00, real=0.00 secs] 
17.448: [Full GC (Ergonomics) [PSYoungGen: 32K->0K(1536K)] [ParOldGen: 7840K->2431K(8192K)] 7872K->2431K(9728K), [Metaspace: 3328K->3328K(1056768K)], 0.0024746 secs] [Times: user=0.00 sys=0.00, real=0.00 secs] 
17.451: [GC (Allocation Failure) [PSYoungGen: 20K->32K(1536K)] 7862K->7873K(9728K), 0.0008187 secs] [Times: user=0.01 sys=0.00, real=0.00 secs] 
17.452: [Full GC (Ergonomics) [PSYoungGen: 32K->0K(1536K)] [ParOldGen: 7841K->2431K(8192K)] 7873K->2431K(9728K), [Metaspace: 3328K->3328K(1056768K)], 0.0019860 secs] [Times: user=0.00 sys=0.00, real=0.01 secs] 
17.455: [GC (Allocation Failure) [PSYoungGen: 20K->32K(1536K)] 7862K->7874K(9728K), 0.0008203 secs] [Times: user=0.00 sys=0.00, real=0.00 secs] 
17.456: [Full GC (Ergonomics) [PSYoungGen: 32K->0K(1536K)] [ParOldGen: 7842K->2432K(8192K)] 7874K->2432K(9728K), [Metaspace: 3328K->3328K(1056768K)], 0.0024753 secs] [Times: user=0.01 sys=0.00, real=0.00 secs] 
17.458: [GC (Allocation Failure) [PSYoungGen: 20K->32K(1536K)] 7863K->7875K(9728K), 0.0008288 secs] [Times: user=0.00 sys=0.00, real=0.00 secs] 
17.459: [Full GC (Ergonomics) [PSYoungGen: 32K->0K(1536K)] [ParOldGen: 7843K->2432K(8192K)] 7875K->2432K(9728K), [Metaspace: 3328K->3328K(1056768K)], 0.0021614 secs] [Times: user=0.01 sys=0.00, real=0.00 secs] 
17.462: [GC (Allocation Failure) [PSYoungGen: 20K->32K(1536K)] 7864K->7875K(9728K), 0.0008308 secs] [Times: user=0.00 sys=0.00, real=0.01 secs] 
17.463: [Full GC (Ergonomics) [PSYoungGen: 32K->0K(1536K)] [ParOldGen: 7843K->2432K(8192K)] 7875K->2432K(9728K), [Metaspace: 3328K->3328K(1056768K)], 0.0025693 secs] [Times: user=0.00 sys=0.00, real=0.00 secs] 
17.466: [GC (Allocation Failure) [PSYoungGen: 20K->32K(1536K)] 7865K->7876K(9728K), 0.0008283 secs] [Times: user=0.01 sys=0.00, real=0.00 secs] 
17.467: [Full GC (Ergonomics) [PSYoungGen: 32K->0K(1536K)] [ParOldGen: 7844K->2432K(8192K)] 7876K->2432K(9728K), [Metaspace: 3328K->3328K(1056768K)], 0.0021823 secs] [Times: user=0.00 sys=0.00, real=0.00 secs] 
17.469: [GC (Allocation Failure) [PSYoungGen: 20K->32K(1536K)] 7866K->7877K(9728K), 0.0008231 secs] [Times: user=0.00 sys=0.00, real=0.00 secs] 
17.470: [Full GC (Ergonomics) [PSYoungGen: 32K->0K(1536K)] [ParOldGen: 7845K->2432K(8192K)] 7877K->2432K(9728K), [Metaspace: 3328K->3328K(1056768K)], 0.0024866 secs] [Times: user=0.01 sys=0.00, real=0.01 secs] 
17.473: [GC (Allocation Failure) [PSYoungGen: 20K->32K(1536K)] 7866K->7878K(9728K), 0.0008474 secs] [Times: user=0.00 sys=0.00, real=0.00 secs] 
17.474: [Full GC (Ergonomics) [PSYoungGen: 32K->0K(1536K)] [ParOldGen: 7846K->2432K(8192K)] 7878K->2432K(9728K), [Metaspace: 3328K->3328K(1056768K)], 0.0025395 secs] [Times: user=0.01 sys=0.00, real=0.00 secs] 
17.477: [GC (Allocation Failure) [PSYoungGen: 20K->32K(1536K)] 7867K->7879K(9728K), 0.0003231 secs] [Times: user=0.00 sys=0.00, real=0.00 secs] 
17.478: [Full GC (Ergonomics) [PSYoungGen: 32K->0K(1536K)] [ParOldGen: 7847K->2433K(8192K)] 7879K->2433K(9728K), [Metaspace: 3328K->3328K(1056768K)], 0.0025372 secs] [Times: user=0.00 sys=0.00, real=0.00 secs] 
17.481: [GC (Allocation Failure) [PSYoungGen: 20K->32K(1536K)] 7868K->7879K(9728K), 0.0008211 secs] [Times: user=0.01 sys=0.00, real=0.00 secs] 
17.481: [Full GC (Ergonomics) [PSYoungGen: 32K->0K(1536K)] [ParOldGen: 7847K->2433K(8192K)] 7879K->2433K(9728K), [Metaspace: 3328K->3328K(1056768K)], 0.0021860 secs] [Times: user=0.00 sys=0.00, real=0.01 secs] 
17.484: [GC (Allocation Failure) [PSYoungGen: 20K->32K(1536K)] 7869K->7880K(9728K), 0.0008343 secs] [Times: user=0.00 sys=0.00, real=0.00 secs] 
17.485: [Full GC (Ergonomics) [PSYoungGen: 32K->0K(1536K)] [ParOldGen: 7848K->2433K(8192K)] 7880K->2433K(9728K), [Metaspace: 3328K->3328K(1056768K)], 0.0019888 secs] [Times: user=0.01 sys=0.00, real=0.00 secs] 
17.487: [GC (Allocation Failure) [PSYoungGen: 20K->32K(1536K)] 7870K->7881K(9728K), 0.0008389 secs] [Times: user=0.00 sys=0.00, real=0.00 secs] 
17.488: [Full GC (Ergonomics) [PSYoungGen: 32K->0K(1536K)] [ParOldGen: 7849K->2433K(8192K)] 7881K->2433K(9728K), [Metaspace: 3328K->3328K(1056768K)], 0.0020108 secs] [Times: user=0.01 sys=0.00, real=0.00 secs] 
17.491: [GC (Allocation Failure) [PSYoungGen: 20K->32K(1536K)] 7870K->7882K(9728K), 0.0008403 secs] [Times: user=0.00 sys=0.00, real=0.00 secs] 
17.492: [Full GC (Ergonomics) [PSYoungGen: 32K->0K(1536K)] [ParOldGen: 7850K->2433K(8192K)] 7882K->2433K(9728K), [Metaspace: 3328K->3328K(1056768K)], 0.0024743 secs] [Times: user=0.00 sys=0.00, real=0.01 secs] 
17.495: [GC (Allocation Failure) [PSYoungGen: 20K->32K(1536K)] 7871K->7883K(9728K), 0.0008447 secs] [Times: user=0.01 sys=0.00, real=0.00 secs] 
17.496: [Full GC (Ergonomics) [PSYoungGen: 32K->0K(1536K)] [ParOldGen: 7851K->2433K(8192K)] 7883K->2433K(9728K), [Metaspace: 3328K->3328K(1056768K)], 0.0020244 secs] [Times: user=0.00 sys=0.00, real=0.00 secs] 
17.498: [GC (Allocation Failure) [PSYoungGen: 20K->32K(1536K)] 7872K->7883K(9728K), 0.0008345 secs] [Times: user=0.00 sys=0.00, real=0.00 secs] 
17.499: [Full GC (Ergonomics) [PSYoungGen: 32K->0K(1536K)] [ParOldGen: 7851K->2434K(8192K)] 7883K->2434K(9728K), [Metaspace: 3328K->3328K(1056768K)], 0.0020751 secs] [Times: user=0.01 sys=0.00, real=0.00 secs] 
17.501: [GC (Allocation Failure) [PSYoungGen: 20K->32K(1536K)] 7873K->7884K(9728K), 0.0008435 secs] [Times: user=0.00 sys=0.00, real=0.00 secs] 
17.502: [Full GC (Ergonomics) [PSYoungGen: 32K->0K(1536K)] [ParOldGen: 7852K->2434K(8192K)] 7884K->2434K(9728K), [Metaspace: 3328K->3328K(1056768K)], 0.0024986 secs] [Times: user=0.01 sys=0.00, real=0.01 secs] 
17.505: [GC (Allocation Failure) [PSYoungGen: 20K->32K(1536K)] 7874K->7885K(9728K), 0.0008251 secs] [Times: user=0.00 sys=0.00, real=0.00 secs] 
17.506: [Full GC (Ergonomics) [PSYoungGen: 32K->0K(1536K)] [ParOldGen: 7853K->2434K(8192K)] 7885K->2434K(9728K), [Metaspace: 3328K->3328K(1056768K)], 0.0025203 secs] [Times: user=0.00 sys=0.00, real=0.00 secs] 
17.509: [GC (Allocation Failure) [PSYoungGen: 20K->32K(1536K)] 7874K->7886K(9728K), 0.0008617 secs] [Times: user=0.01 sys=0.00, real=0.00 secs] 
17.510: [Full GC (Ergonomics) [PSYoungGen: 32K->0K(1536K)] [ParOldGen: 7854K->2434K(8192K)] 7886K->2434K(9728K), [Metaspace: 3328K->3328K(1056768K)], 0.0032923 secs] [Times: user=0.00 sys=0.00, real=0.01 secs] 
17.514: [GC (Allocation Failure) [PSYoungGen: 20K->32K(1536K)] 7875K->7887K(9728K), 0.0006625 secs] [Times: user=0.01 sys=0.00, real=0.00 secs] 
17.515: [Full GC (Ergonomics) [PSYoungGen: 32K->0K(1536K)] [ParOldGen: 7855K->2434K(8192K)] 7887K->2434K(9728K), [Metaspace: 3328K->3328K(1056768K)], 0.0026077 secs] [Times: user=0.00 sys=0.00, real=0.00 secs] 
17.518: [GC (Allocation Failure) [PSYoungGen: 20K->32K(1536K)] 7876K->7887K(9728K), 0.0008257 secs] [Times: user=0.00 sys=0.00, real=0.00 secs] 
17.519: [Full GC (Ergonomics) [PSYoungGen: 32K->0K(1536K)] [ParOldGen: 7855K->2434K(8192K)] 7887K->2434K(9728K), [Metaspace: 3328K->3328K(1056768K)], 0.0025104 secs] [Times: user=0.01 sys=0.00, real=0.00 secs] 
17.522: [GC (Allocation Failure) [PSYoungGen: 20K->32K(1536K)] 7877K->7888K(9728K), 0.0008397 secs] [Times: user=0.00 sys=0.00, real=0.01 secs] 
17.523: [Full GC (Ergonomics) [PSYoungGen: 32K->0K(1536K)] [ParOldGen: 7856K->2435K(8192K)] 7888K->2435K(9728K), [Metaspace: 3328K->3328K(1056768K)], 0.0026066 secs] [Times: user=0.01 sys=0.00, real=0.00 secs] 
17.526: [GC (Allocation Failure) [PSYoungGen: 20K->32K(1536K)] 7878K->7889K(9728K), 0.0003784 secs] [Times: user=0.00 sys=0.00, real=0.00 secs] 
17.527: [Full GC (Ergonomics) [PSYoungGen: 32K->0K(1536K)] [ParOldGen: 7857K->2435K(8192K)] 7889K->2435K(9728K), [Metaspace: 3328K->3328K(1056768K)], 0.0025015 secs] [Times: user=0.00 sys=0.00, real=0.00 secs] 
17.530: [GC (Allocation Failure) [PSYoungGen: 20K->32K(1536K)] 7878K->7890K(9728K), 0.0003297 secs] [Times: user=0.00 sys=0.00, real=0.00 secs] 
17.530: [Full GC (Ergonomics) [PSYoungGen: 32K->0K(1536K)] [ParOldGen: 7858K->2435K(8192K)] 7890K->2435K(9728K), [Metaspace: 3328K->3328K(1056768K)], 0.0021016 secs] [Times: user=0.00 sys=0.00, real=0.00 secs] 
17.533: [GC (Allocation Failure) [PSYoungGen: 20K->32K(1536K)] 7879K->7891K(9728K), 0.0007401 secs] [Times: user=0.00 sys=0.01, real=0.00 secs] 
17.534: [Full GC (Ergonomics) [PSYoungGen: 32K->0K(1536K)] [ParOldGen: 7859K->2435K(8192K)] 7891K->2435K(9728K), [Metaspace: 3328K->3328K(1056768K)], 0.0026293 secs] [Times: user=0.01 sys=0.00, real=0.00 secs] 
17.537: [GC (Allocation Failure) [PSYoungGen: 20K->32K(1536K)] 7880K->7891K(9728K), 0.0008938 secs] [Times: user=0.00 sys=0.00, real=0.00 secs] 
17.538: [Full GC (Ergonomics) [PSYoungGen: 32K->0K(1536K)] [ParOldGen: 7859K->2435K(8192K)] 7891K->2435K(9728K), [Metaspace: 3328K->3328K(1056768K)], 0.0033090 secs] [Times: user=0.01 sys=0.00, real=0.00 secs] 
17.541: [GC (Allocation Failure) [PSYoungGen: 20K->32K(1536K)] 7881K->7892K(9728K), 0.0007591 secs] [Times: user=0.00 sys=0.00, real=0.00 secs] 
17.542: [Full GC (Ergonomics) [PSYoungGen: 32K->0K(1536K)] [ParOldGen: 7860K->2435K(8192K)] 7892K->2435K(9728K), [Metaspace: 3328K->3328K(1056768K)], 0.0021651 secs] [Times: user=0.00 sys=0.00, real=0.01 secs] 
17.545: [GC (Allocation Failure) [PSYoungGen: 20K->32K(1536K)] 7882K->7893K(9728K), 0.0008277 secs] [Times: user=0.01 sys=0.00, real=0.00 secs] 
17.546: [Full GC (Ergonomics) [PSYoungGen: 32K->0K(1536K)] [ParOldGen: 7861K->2435K(8192K)] 7893K->2435K(9728K), [Metaspace: 3328K->3328K(1056768K)], 0.0030521 secs] [Times: user=0.00 sys=0.00, real=0.00 secs] 
17.549: [GC (Allocation Failure) [PSYoungGen: 20K->32K(1536K)] 7882K->7894K(9728K), 0.0008335 secs] [Times: user=0.00 sys=0.00, real=0.00 secs] 
17.550: [Full GC (Ergonomics) [PSYoungGen: 32K->0K(1536K)] [ParOldGen: 7862K->2436K(8192K)] 7894K->2436K(9728K), [Metaspace: 3328K->3328K(1056768K)], 0.0020247 secs] [Times: user=0.01 sys=0.00, real=0.00 secs] 
17.553: [GC (Allocation Failure) [PSYoungGen: 20K->32K(1536K)] 7883K->7895K(9728K), 0.0008453 secs] [Times: user=0.00 sys=0.00, real=0.00 secs] 
17.554: [Full GC (Ergonomics) [PSYoungGen: 32K->0K(1536K)] [ParOldGen: 7863K->2436K(8192K)] 7895K->2436K(9728K), [Metaspace: 3328K->3328K(1056768K)], 0.0021337 secs] [Times: user=0.01 sys=0.00, real=0.00 secs] 
17.556: [GC (Allocation Failure) [PSYoungGen: 20K->32K(1536K)] 7884K->7895K(9728K), 0.0003336 secs] [Times: user=0.00 sys=0.00, real=0.00 secs] 
17.557: [Full GC (Ergonomics) [PSYoungGen: 32K->0K(1536K)] [ParOldGen: 7863K->2436K(8192K)] 7895K->2436K(9728K), [Metaspace: 3328K->3328K(1056768K)], 0.0021906 secs] [Times: user=0.00 sys=0.00, real=0.00 secs] 
17.559: [GC (Allocation Failure) [PSYoungGen: 20K->32K(1536K)] 7885K->7896K(9728K), 0.0008406 secs] [Times: user=0.01 sys=0.00, real=0.00 secs] 
17.560: [Full GC (Ergonomics) [PSYoungGen: 32K->0K(1536K)] [ParOldGen: 7864K->2436K(8192K)] 7896K->2436K(9728K), [Metaspace: 3328K->3328K(1056768K)], 0.0025296 secs] [Times: user=0.00 sys=0.00, real=0.01 secs] 
17.563: [GC (Allocation Failure) [PSYoungGen: 20K->32K(1536K)] 7886K->7897K(9728K), 0.0008445 secs] [Times: user=0.00 sys=0.00, real=0.00 secs] 
17.564: [Full GC (Ergonomics) [PSYoungGen: 32K->0K(1536K)] [ParOldGen: 7865K->2436K(8192K)] 7897K->2436K(9728K), [Metaspace: 3328K->3328K(1056768K)], 0.0024919 secs] [Times: user=0.01 sys=0.00, real=0.00 secs] 
17.567: [GC (Allocation Failure) [PSYoungGen: 20K->32K(1536K)] 7886K->7898K(9728K), 0.0008389 secs] [Times: user=0.00 sys=0.00, real=0.00 secs] 
17.568: [Full GC (Ergonomics) [PSYoungGen: 32K->0K(1536K)] [ParOldGen: 7866K->2436K(8192K)] 7898K->2436K(9728K), [Metaspace: 3328K->3328K(1056768K)], 0.0023702 secs] [Times: user=0.01 sys=0.00, real=0.00 secs] 
17.571: [GC (Allocation Failure) [PSYoungGen: 20K->32K(1536K)] 7887K->7899K(9728K), 0.0008363 secs] [Times: user=0.00 sys=0.00, real=0.00 secs] 
17.572: [Full GC (Ergonomics) [PSYoungGen: 32K->0K(1536K)] [ParOldGen: 7867K->2437K(8192K)] 7899K->2437K(9728K), [Metaspace: 3328K->3328K(1056768K)], 0.0025031 secs] [Times: user=0.00 sys=0.00, real=0.01 secs] 
17.575: [GC (Allocation Failure) [PSYoungGen: 20K->32K(1536K)] 7888K->7899K(9728K), 0.0008477 secs] [Times: user=0.00 sys=0.00, real=0.00 secs] 
17.576: [Full GC (Ergonomics) [PSYoungGen: 32K->0K(1536K)] [ParOldGen: 7867K->2437K(8192K)] 7899K->2437K(9728K), [Metaspace: 3328K->3328K(1056768K)], 0.0024723 secs] [Times: user=0.00 sys=0.00, real=0.00 secs] 
17.579: [GC (Allocation Failure) [PSYoungGen: 20K->32K(1536K)] 7889K->7900K(9728K), 0.0008662 secs] [Times: user=0.01 sys=0.00, real=0.00 secs] 
17.580: [Full GC (Ergonomics) [PSYoungGen: 32K->0K(1536K)] [ParOldGen: 7868K->2437K(8192K)] 7900K->2437K(9728K), [Metaspace: 3328K->3328K(1056768K)], 0.0029343 secs] [Times: user=0.00 sys=0.00, real=0.01 secs] 
17.583: [GC (Allocation Failure) [PSYoungGen: 20K->32K(1536K)] 7890K->7901K(9728K), 0.0008408 secs] [Times: user=0.00 sys=0.00, real=0.00 secs] 
17.584: [Full GC (Ergonomics) [PSYoungGen: 32K->0K(1536K)] [ParOldGen: 7869K->2437K(8192K)] 7901K->2437K(9728K), [Metaspace: 3328K->3328K(1056768K)], 0.0024921 secs] [Times: user=0.01 sys=0.00, real=0.00 secs] 
17.587: [GC (Allocation Failure) [PSYoungGen: 20K->32K(1536K)] 7890K->7902K(9728K), 0.0003211 secs] [Times: user=0.00 sys=0.00, real=0.00 secs] 
17.587: [Full GC (Ergonomics) [PSYoungGen: 32K->0K(1536K)] [ParOldGen: 7870K->2437K(8192K)] 7902K->2437K(9728K), [Metaspace: 3328K->3328K(1056768K)], 0.0023334 secs] [Times: user=0.01 sys=0.00, real=0.00 secs] 
17.590: [GC (Allocation Failure) [PSYoungGen: 20K->32K(1536K)] 7891K->7903K(9728K), 0.0008373 secs] [Times: user=0.00 sys=0.00, real=0.00 secs] 
17.591: [Full GC (Ergonomics) [PSYoungGen: 32K->0K(1536K)] [ParOldGen: 7871K->2437K(8192K)] 7903K->2437K(9728K), [Metaspace: 3328K->3328K(1056768K)], 0.0020202 secs] [Times: user=0.00 sys=0.00, real=0.01 secs] 
17.593: [GC (Allocation Failure) [PSYoungGen: 20K->32K(1536K)] 7892K->7903K(9728K), 0.0008344 secs] [Times: user=0.01 sys=0.00, real=0.00 secs] 
17.594: [Full GC (Ergonomics) [PSYoungGen: 32K->0K(1536K)] [ParOldGen: 7871K->2438K(8192K)] 7903K->2438K(9728K), [Metaspace: 3328K->3328K(1056768K)], 0.0026780 secs] [Times: user=0.00 sys=0.00, real=0.00 secs] 
17.598: [GC (Allocation Failure) [PSYoungGen: 20K->32K(1536K)] 7893K->7904K(9728K), 0.0008493 secs] [Times: user=0.00 sys=0.00, real=0.00 secs] 
17.598: [Full GC (Ergonomics) [PSYoungGen: 32K->0K(1536K)] [ParOldGen: 7872K->2438K(8192K)] 7904K->2438K(9728K), [Metaspace: 3328K->3328K(1056768K)], 0.0024737 secs] [Times: user=0.01 sys=0.00, real=0.00 secs] 
17.601: [GC (Allocation Failure) [PSYoungGen: 20K->32K(1536K)] 7894K->7905K(9728K), 0.0008356 secs] [Times: user=0.00 sys=0.00, real=0.00 secs] 
17.602: [Full GC (Ergonomics) [PSYoungGen: 32K->0K(1536K)] [ParOldGen: 7873K->2438K(8192K)] 7905K->2438K(9728K), [Metaspace: 3328K->3328K(1056768K)], 0.0021467 secs] [Times: user=0.01 sys=0.00, real=0.01 secs] 
17.605: [GC (Allocation Failure) [PSYoungGen: 20K->32K(1536K)] 7894K->7906K(9728K), 0.0008304 secs] [Times: user=0.00 sys=0.00, real=0.00 secs] 
17.606: [Full GC (Ergonomics) [PSYoungGen: 32K->0K(1536K)] [ParOldGen: 7874K->2438K(8192K)] 7906K->2438K(9728K), [Metaspace: 3328K->3328K(1056768K)], 0.0024696 secs] [Times: user=0.01 sys=0.00, real=0.00 secs] 
17.609: [GC (Allocation Failure) [PSYoungGen: 20K->32K(1536K)] 7895K->7907K(9728K), 0.0003203 secs] [Times: user=0.00 sys=0.00, real=0.00 secs] 
17.609: [Full GC (Ergonomics) [PSYoungGen: 32K->0K(1536K)] [ParOldGen: 7875K->2438K(8192K)] 7907K->2438K(9728K), [Metaspace: 3328K->3328K(1056768K)], 0.0025006 secs] [Times: user=0.00 sys=0.00, real=0.00 secs] 
17.612: [GC (Allocation Failure) [PSYoungGen: 20K->32K(1536K)] 7896K->7907K(9728K), 0.0008354 secs] [Times: user=0.00 sys=0.00, real=0.01 secs] 
17.613: [Full GC (Ergonomics) [PSYoungGen: 32K->0K(1536K)] [ParOldGen: 7875K->2438K(8192K)] 7907K->2438K(9728K), [Metaspace: 3328K->3328K(1056768K)], 0.0023501 secs] [Times: user=0.01 sys=0.00, real=0.00 secs] 
17.616: [GC (Allocation Failure) [PSYoungGen: 20K->32K(1536K)] 7897K->7908K(9728K), 0.0008436 secs] [Times: user=0.00 sys=0.00, real=0.00 secs] 
17.617: [Full GC (Ergonomics) [PSYoungGen: 32K->0K(1536K)] [ParOldGen: 7876K->2439K(8192K)] 7908K->2439K(9728K), [Metaspace: 3328K->3328K(1056768K)], 0.0024891 secs] [Times: user=0.01 sys=0.00, real=0.00 secs] 
17.620: [GC (Allocation Failure) [PSYoungGen: 20K->32K(1536K)] 7898K->7909K(9728K), 0.0008355 secs] [Times: user=0.00 sys=0.00, real=0.00 secs] 
17.621: [Full GC (Ergonomics) [PSYoungGen: 32K->0K(1536K)] [ParOldGen: 7877K->2439K(8192K)] 7909K->2439K(9728K), [Metaspace: 3328K->3328K(1056768K)], 0.0024239 secs] [Times: user=0.01 sys=0.00, real=0.01 secs] 
17.623: [GC (Allocation Failure) [PSYoungGen: 20K->32K(1536K)] 7898K->7910K(9728K), 0.0008348 secs] [Times: user=0.00 sys=0.00, real=0.00 secs] 
17.624: [Full GC (Ergonomics) [PSYoungGen: 32K->0K(1536K)] [ParOldGen: 7878K->2439K(8192K)] 7910K->2439K(9728K), [Metaspace: 3328K->3328K(1056768K)], 0.0020497 secs] [Times: user=0.00 sys=0.00, real=0.00 secs] 
17.627: [GC (Allocation Failure) [PSYoungGen: 20K->32K(1536K)] 7899K->7911K(9728K), 0.0008392 secs] [Times: user=0.01 sys=0.00, real=0.00 secs] 
17.628: [Full GC (Ergonomics) [PSYoungGen: 32K->0K(1536K)] [ParOldGen: 7879K->2439K(8192K)] 7911K->2439K(9728K), [Metaspace: 3328K->3328K(1056768K)], 0.0020946 secs] [Times: user=0.00 sys=0.00, real=0.00 secs] 
17.630: [GC (Allocation Failure) [PSYoungGen: 20K->32K(1536K)] 7900K->7911K(9728K), 0.0008371 secs] [Times: user=0.00 sys=0.00, real=0.00 secs] 
17.631: [Full GC (Ergonomics) [PSYoungGen: 32K->0K(1536K)] [ParOldGen: 7879K->2439K(8192K)] 7911K->2439K(9728K), [Metaspace: 3328K->3328K(1056768K)], 0.0020097 secs] [Times: user=0.01 sys=0.00, real=0.01 secs] 
17.634: [GC (Allocation Failure) [PSYoungGen: 20K->32K(1536K)] 7901K->7912K(9728K), 0.0003263 secs] [Times: user=0.00 sys=0.01, real=0.00 secs] 
17.634: [Full GC (Ergonomics) [PSYoungGen: 32K->0K(1536K)] [ParOldGen: 7880K->2439K(8192K)] 7912K->2439K(9728K), [Metaspace: 3328K->3328K(1056768K)], 0.0019913 secs] [Times: user=0.00 sys=0.00, real=0.00 secs] 
17.637: [GC (Allocation Failure) [PSYoungGen: 20K->32K(1536K)] 7902K->7913K(9728K), 0.0008394 secs] [Times: user=0.01 sys=0.00, real=0.00 secs] 
17.637: [Full GC (Ergonomics) [PSYoungGen: 32K->0K(1536K)] [ParOldGen: 7881K->2439K(8192K)] 7913K->2439K(9728K), [Metaspace: 3328K->3328K(1056768K)], 0.0024110 secs] [Times: user=0.00 sys=0.00, real=0.00 secs] 
17.640: [GC (Allocation Failure) [PSYoungGen: 20K->32K(1536K)] 7902K->7914K(9728K), 0.0008439 secs] [Times: user=0.00 sys=0.00, real=0.00 secs] 
17.641: [Full GC (Ergonomics) [PSYoungGen: 32K->0K(1536K)] [ParOldGen: 7882K->2440K(8192K)] 7914K->2440K(9728K), [Metaspace: 3328K->3328K(1056768K)], 0.0024904 secs] [Times: user=0.01 sys=0.00, real=0.01 secs] 
17.644: [GC (Allocation Failure) [PSYoungGen: 20K->32K(1536K)] 7903K->7915K(9728K), 0.0008915 secs] [Times: user=0.00 sys=0.00, real=0.00 secs] 
17.645: [Full GC (Ergonomics) [PSYoungGen: 32K->0K(1536K)] [ParOldGen: 7883K->2440K(8192K)] 7915K->2440K(9728K), [Metaspace: 3328K->3328K(1056768K)], 0.0020498 secs] [Times: user=0.01 sys=0.00, real=0.00 secs] 
17.648: [GC (Allocation Failure) [PSYoungGen: 20K->32K(1536K)] 7904K->7915K(9728K), 0.0008352 secs] [Times: user=0.00 sys=0.00, real=0.00 secs] 
17.649: [Full GC (Ergonomics) [PSYoungGen: 32K->0K(1536K)] [ParOldGen: 7883K->2440K(8192K)] 7915K->2440K(9728K), [Metaspace: 3328K->3328K(1056768K)], 0.0025335 secs] [Times: user=0.00 sys=0.00, real=0.00 secs] 
17.652: [GC (Allocation Failure) [PSYoungGen: 20K->32K(1536K)] 7905K->7916K(9728K), 0.0008365 secs] [Times: user=0.01 sys=0.00, real=0.00 secs] 
17.652: [Full GC (Ergonomics) [PSYoungGen: 32K->0K(1536K)] [ParOldGen: 7884K->2440K(8192K)] 7916K->2440K(9728K), [Metaspace: 3328K->3328K(1056768K)], 0.0030371 secs] [Times: user=0.00 sys=0.00, real=0.01 secs] 
17.656: [GC (Allocation Failure) [PSYoungGen: 20K->32K(1536K)] 7906K->7917K(9728K), 0.0008272 secs] [Times: user=0.00 sys=0.00, real=0.00 secs] 
17.657: [Full GC (Ergonomics) [PSYoungGen: 32K->0K(1536K)] [ParOldGen: 7885K->2440K(8192K)] 7917K->2440K(9728K), [Metaspace: 3328K->3328K(1056768K)], 0.0025305 secs] [Times: user=0.01 sys=0.00, real=0.00 secs] 
17.660: [GC (Allocation Failure) [PSYoungGen: 20K->32K(1536K)] 7906K->7918K(9728K), 0.0004486 secs] [Times: user=0.00 sys=0.00, real=0.00 secs] 
17.660: [Full GC (Ergonomics) [PSYoungGen: 32K->0K(1536K)] [ParOldGen: 7886K->2440K(8192K)] 7918K->2440K(9728K), [Metaspace: 3328K->3328K(1056768K)], 0.0032845 secs] [Times: user=0.01 sys=0.00, real=0.01 secs] 
17.664: [GC (Allocation Failure) [PSYoungGen: 20K->32K(1536K)] 7907K->7919K(9728K), 0.0008691 secs] [Times: user=0.00 sys=0.00, real=0.00 secs] 
17.665: [Full GC (Ergonomics) [PSYoungGen: 32K->0K(1536K)] [ParOldGen: 7887K->2441K(8192K)] 7919K->2441K(9728K), [Metaspace: 3328K->3328K(1056768K)], 0.0025796 secs] [Times: user=0.01 sys=0.00, real=0.00 secs] 
17.668: [GC (Allocation Failure) [PSYoungGen: 20K->32K(1536K)] 7908K->7919K(9728K), 0.0008158 secs] [Times: user=0.00 sys=0.00, real=0.00 secs] 
17.669: [Full GC (Ergonomics) [PSYoungGen: 32K->0K(1536K)] [ParOldGen: 7887K->2441K(8192K)] 7919K->2441K(9728K), [Metaspace: 3328K->3328K(1056768K)], 0.0020074 secs] [Times: user=0.00 sys=0.00, real=0.00 secs] 
17.671: [GC (Allocation Failure) [PSYoungGen: 20K->32K(1536K)] 7909K->7920K(9728K), 0.0008296 secs] [Times: user=0.01 sys=0.00, real=0.00 secs] 
17.672: [Full GC (Ergonomics) [PSYoungGen: 32K->0K(1536K)] [ParOldGen: 7888K->2441K(8192K)] 7920K->2441K(9728K), [Metaspace: 3328K->3328K(1056768K)], 0.0030452 secs] [Times: user=0.00 sys=0.00, real=0.01 secs] 
17.676: [GC (Allocation Failure) [PSYoungGen: 20K->32K(1536K)] 7910K->7921K(9728K), 0.0008103 secs] [Times: user=0.00 sys=0.00, real=0.00 secs] 
17.677: [Full GC (Ergonomics) [PSYoungGen: 32K->0K(1536K)] [ParOldGen: 7889K->2441K(8192K)] 7921K->2441K(9728K), [Metaspace: 3328K->3328K(1056768K)], 0.0021093 secs] [Times: user=0.01 sys=0.00, real=0.00 secs] 
17.679: [GC (Allocation Failure) [PSYoungGen: 20K->32K(1536K)] 7910K->7922K(9728K), 0.0003368 secs] [Times: user=0.00 sys=0.00, real=0.00 secs] 
17.680: [Full GC (Ergonomics) [PSYoungGen: 32K->0K(1536K)] [ParOldGen: 7890K->2441K(8192K)] 7922K->2441K(9728K), [Metaspace: 3328K->3328K(1056768K)], 0.0020847 secs] [Times: user=0.00 sys=0.00, real=0.00 secs] 
17.682: [GC (Allocation Failure) [PSYoungGen: 20K->32K(1536K)] 7911K->7923K(9728K), 0.0008694 secs] [Times: user=0.01 sys=0.00, real=0.01 secs] 
17.683: [Full GC (Ergonomics) [PSYoungGen: 32K->0K(1536K)] [ParOldGen: 7891K->2441K(8192K)] 7923K->2441K(9728K), [Metaspace: 3328K->3328K(1056768K)], 0.0023204 secs] [Times: user=0.00 sys=0.00, real=0.00 secs] 
17.686: [GC (Allocation Failure) [PSYoungGen: 20K->32K(1536K)] 7912K->7923K(9728K), 0.0003495 secs] [Times: user=0.00 sys=0.00, real=0.00 secs] 
17.686: [Full GC (Ergonomics) [PSYoungGen: 32K->0K(1536K)] [ParOldGen: 7891K->2442K(8192K)] 7923K->2442K(9728K), [Metaspace: 3328K->3328K(1056768K)], 0.0020478 secs] [Times: user=0.01 sys=0.00, real=0.00 secs] 
17.689: [GC (Allocation Failure) [PSYoungGen: 20K->32K(1536K)] 7913K->7924K(9728K), 0.0008265 secs] [Times: user=0.00 sys=0.00, real=0.00 secs] 
